⚠ [7587/7612] Replayed Goldbach.Compat
warning: Goldbach/Compat.lean:18:2: try 'simp' instead of 'simpa'

Note: This linter can be disabled with `set_option linter.unnecessarySimpa false`
warning: Goldbach/Compat.lean:24:40: unused variable `hb`

Note: This linter can be disabled with `set_option linter.unusedVariables false`
warning: Goldbach/Compat.lean:50:4: try 'simp' instead of 'simpa'

Note: This linter can be disabled with `set_option linter.unnecessarySimpa false`
⚠ [7590/7612] Replayed Goldbach.Windows
warning: Goldbach/Windows.lean:63:4: try 'simp' instead of 'simpa'

Note: This linter can be disabled with `set_option linter.unnecessarySimpa false`
warning: Goldbach/Windows.lean:68:2: try 'simp' instead of 'simpa'

Note: This linter can be disabled with `set_option linter.unnecessarySimpa false`
warning: Goldbach/Windows.lean:68:38: this tactic is never executed

Note: This linter can be disabled with `set_option linter.unreachableTactic false`
warning: Goldbach/Windows.lean:68:38: 'simpa using hmap' tactic does nothing

Note: This linter can be disabled with `set_option linter.unusedTactic false`
⚠ [7595/7612] Replayed Goldbach.AO_AssembleEnvelope
warning: Goldbach/AO_AssembleEnvelope.lean:67:20: try 'simp' instead of 'simpa'

Note: This linter can be disabled with `set_option linter.unnecessarySimpa false`
⚠ [7597/7612] Replayed Goldbach.AO_Major
warning: Goldbach/AO_Major.lean:21:13: unused variable `hX`

Note: This linter can be disabled with `set_option linter.unusedVariables false`
warning: Goldbach/AO_Major.lean:21:35: unused variable `hN`

Note: This linter can be disabled with `set_option linter.unusedVariables false`
warning: Goldbach/AO_Major.lean:25:24: This simp argument is unused:
  add_assoc

Hint: Omit it from the simp argument list.
  simp [Goldbach.AO_Major.errAO, Goldbach.AO_Major.weight_mass, Goldbach.AO_Core.errAO,
       ̵ ̵ ̵ ̵sub_eq_add_neg, add_a̵s̵s̵o̵c̵,̵ ̵a̵d̵d̵_̵left_comm, add_comm, mul_assoc]

Note: This linter can be disabled with `set_option linter.unusedSimpArgs false`
warning: Goldbach/AO_Major.lean:25:60: This simp argument is unused:
  mul_assoc

Hint: Omit it from the simp argument list.
  simp [Goldbach.AO_Major.errAO, Goldbach.AO_Major.weight_mass, Goldbach.AO_Core.errAO,
       ̵ ̵ ̵ ̵sub_eq_add_neg, add_assoc, add_left_comm, add_comm,̵ ̵m̵u̵l̵_̵a̵s̵s̵o̵c̵]

Note: This linter can be disabled with `set_option linter.unusedSimpArgs false`
warning: Goldbach/AO_Major.lean:46:5: unused variable `h`

Note: This linter can be disabled with `set_option linter.unusedVariables false`
warning: Goldbach/AO_Major.lean:58:24: This simp argument is unused:
  dif_pos

Hint: Omit it from the simp argument list.
  simp only [MPDF, win, d̵i̵f̵_̵p̵o̵s̵,̵ ̵mul_div_assoc']

Note: This linter can be disabled with `set_option linter.unusedSimpArgs false`
warning: Goldbach/AO_Major.lean:58:33: This simp argument is unused:
  mul_div_assoc'

Hint: Omit it from the simp argument list.
  simp only [MPDF, win, dif_pos,̵ ̵m̵u̵l̵_̵d̵i̵v̵_̵a̵s̵s̵o̵c̵'̵]

Note: This linter can be disabled with `set_option linter.unusedSimpArgs false`
warning: Goldbach/AO_Major.lean:81:69: try 'simp' instead of 'simpa'

Note: This linter can be disabled with `set_option linter.unnecessarySimpa false`
warning: Goldbach/AO_Major.lean:82:68: try 'simp' instead of 'simpa'

Note: This linter can be disabled with `set_option linter.unnecessarySimpa false`
warning: Goldbach/AO_Major.lean:83:68: try 'simp' instead of 'simpa'

Note: This linter can be disabled with `set_option linter.unnecessarySimpa false`
warning: Goldbach/AO_Major.lean:85:90: This simp argument is unused:
  add_assoc

Hint: Omit it from the simp argument list.
  simp [sub_eq_add_neg,̵ ̵a̵d̵d̵_̵a̵s̵s̵o̵c̵]

Note: This linter can be disabled with `set_option linter.unusedSimpArgs false`
warning: Goldbach/AO_Major.lean:101:24: This simp argument is unused:
  dif_pos

Hint: Omit it from the simp argument list.
  simp only [MPDF, win,̵ ̵d̵i̵f̵_̵p̵o̵s̵]

Note: This linter can be disabled with `set_option linter.unusedSimpArgs false`
⚠ [7599/7612] Replayed Goldbach.BG_Bank
warning: Goldbach/BG_Bank.lean:13:25: unused variable `n`

Note: This linter can be disabled with `set_option linter.unusedVariables false`
warning: Goldbach/BG_Bank.lean:69:4: try 'simp' instead of 'simpa'

Note: This linter can be disabled with `set_option linter.unnecessarySimpa false`
warning: Goldbach/BG_Bank.lean:69:25: this tactic is never executed

Note: This linter can be disabled with `set_option linter.unreachableTactic false`
warning: Goldbach/BG_Bank.lean:69:25: 'decide' tactic does nothing

Note: This linter can be disabled with `set_option linter.unusedTactic false`
warning: Goldbach/BG_Bank.lean:282:14: try 'simp' instead of 'simpa'

Note: This linter can be disabled with `set_option linter.unnecessarySimpa false`
warning: Goldbach/BG_Bank.lean:182:42: This simp argument is unused:
  Nat.cast_sub hn_le

Hint: Omit it from the simp argument list.
  simp only [Nat.cast_succ,̵ ̵N̵a̵t̵.̵c̵a̵s̵t̵_̵s̵u̵b̵ ̵h̵n̵_̵l̵e̵]

Note: This linter can be disabled with `set_option linter.unusedSimpArgs false`
warning: Goldbach/BG_Bank.lean:188:24: This simp argument is unused:
  abs_of_nonneg hlog_Nm_nn

Hint: Omit it from the simp argument list.
  simp [hp,̵ ̵a̵b̵s̵_̵o̵f̵_̵n̵o̵n̵n̵e̵g̵ ̵h̵l̵o̵g̵_̵N̵m̵_̵n̵n̵]

Note: This linter can be disabled with `set_option linter.unusedSimpArgs false`
warning: Goldbach/BG_Bank.lean:196:24: This simp argument is unused:
  abs_of_nonneg hlog_Np1_nn

Hint: Omit it from the simp argument list.
  simp [hp,̵ ̵a̵b̵s̵_̵o̵f̵_̵n̵o̵n̵n̵e̵g̵ ̵h̵l̵o̵g̵_̵N̵p̵1̵_̵n̵n̵]

Note: This linter can be disabled with `set_option linter.unusedSimpArgs false`
warning: Goldbach/BG_Bank.lean:212:46: This simp argument is unused:
  mul_comm

Hint: Omit it from the simp argument list.
  simp [abs_mul, mul_assoc, m̵u̵l̵_̵c̵o̵m̵m̵,̵ ̵mul_left_comm]

Note: This linter can be disabled with `set_option linter.unusedSimpArgs false`
warning: Goldbach/BG_Bank.lean:320:20: This simp argument is unused:
  hlogXabs

Hint: Omit it from the simp argument list.
  simp [h̵l̵o̵g̵X̵a̵b̵s̵,̵ ̵mul_comm, mul_left_comm, mul_assoc]

Note: This linter can be disabled with `set_option linter.unusedSimpArgs false`
warning: Goldbach/BG_Bank.lean:320:30: This simp argument is unused:
  mul_comm

Hint: Omit it from the simp argument list.
  simp [hlogXabs, m̵u̵l̵_̵c̵o̵m̵m̵,̵ ̵mul_left_comm, mul_assoc]

Note: This linter can be disabled with `set_option linter.unusedSimpArgs false`
warning: Goldbach/BG_Bank.lean:397:14: try 'simp' instead of 'simpa'

Note: This linter can be disabled with `set_option linter.unnecessarySimpa false`
warning: Goldbach/BG_Bank.lean:399:14: try 'simp' instead of 'simpa'

Note: This linter can be disabled with `set_option linter.unnecessarySimpa false`
warning: Goldbach/BG_Bank.lean:401:40: This simp argument is unused:
  add_comm

Hint: Omit it from the simp argument list.
  simp [div_self, hlogX_ne, add_c̵o̵m̵m̵,̵ ̵a̵d̵d̵_̵left_comm, add_assoc]

Note: This linter can be disabled with `set_option linter.unusedSimpArgs false`
warning: Goldbach/BG_Bank.lean:401:50: This simp argument is unused:
  add_left_comm

Hint: Omit it from the simp argument list.
  simp [div_self, hlogX_ne, add_comm, a̵d̵d̵_̵l̵e̵f̵t̵_̵c̵o̵m̵m̵,̵ ̵add_assoc]

Note: This linter can be disabled with `set_option linter.unusedSimpArgs false`
warning: Goldbach/BG_Bank.lean:401:65: This simp argument is unused:
  add_assoc

Hint: Omit it from the simp argument list.
  simp [div_self, hlogX_ne, add_comm, add_left_comm,̵ ̵a̵d̵d̵_̵a̵s̵s̵o̵c̵]

Note: This linter can be disabled with `set_option linter.unusedSimpArgs false`
warning: Goldbach/BG_Bank.lean:541:63: try 'simp' instead of 'simpa'

Note: This linter can be disabled with `set_option linter.unnecessarySimpa false`
warning: Goldbach/BG_Bank.lean:544:47: This simp argument is unused:
  add_comm

Hint: Omit it from the simp argument list.
  simp [add_div, div_self, hlogX_ne, add_c̵o̵m̵m̵,̵ ̵a̵d̵d̵_̵left_comm, add_assoc]

Note: This linter can be disabled with `set_option linter.unusedSimpArgs false`
warning: Goldbach/BG_Bank.lean:544:57: This simp argument is unused:
  add_left_comm

Hint: Omit it from the simp argument list.
  simp [add_div, div_self, hlogX_ne, add_comm, a̵d̵d̵_̵l̵e̵f̵t̵_̵c̵o̵m̵m̵,̵ ̵add_assoc]

Note: This linter can be disabled with `set_option linter.unusedSimpArgs false`
warning: Goldbach/BG_Bank.lean:544:72: This simp argument is unused:
  add_assoc

Hint: Omit it from the simp argument list.
  simp [add_div, div_self, hlogX_ne, add_comm, add_left_comm,̵ ̵a̵d̵d̵_̵a̵s̵s̵o̵c̵]

Note: This linter can be disabled with `set_option linter.unusedSimpArgs false`
warning: Goldbach/BG_Bank.lean:553:56: This simp argument is unused:
  add_left_comm

Hint: Omit it from the simp argument list.
  simp [c, Nat.cast_add, Nat.cast_one, add_assoc, a̵d̵d̵_̵l̵e̵f̵t̵_̵c̵o̵m̵m̵,̵ ̵add_comm, add_div, div_self hX0_ne]

Note: This linter can be disabled with `set_option linter.unusedSimpArgs false`
⚠ [7600/7612] Replayed Goldbach.BG_Operator
warning: Goldbach/BG_Operator.lean:31:2: try 'simp' instead of 'simpa'

Note: This linter can be disabled with `set_option linter.unnecessarySimpa false`
warning: Goldbach/BG_Operator.lean:98:2: try 'simp' instead of 'simpa'

Note: This linter can be disabled with `set_option linter.unnecessarySimpa false`
⚠ [7602/7612] Replayed Goldbach.SingularSeries
warning: Goldbach/SingularSeries.lean:40:5: unused variable `h`

Note: This linter can be disabled with `set_option linter.unusedVariables false`
warning: Goldbach/SingularSeries.lean:88:8: `Finset.eq_empty_iff_forall_not_mem` has been deprecated: Use `Finset.eq_empty_iff_forall_notMem` instead
warning: Goldbach/SingularSeries.lean:98:4: try 'simp' instead of 'simpa'

Note: This linter can be disabled with `set_option linter.unnecessarySimpa false`
warning: Goldbach/SingularSeries.lean:99:28: this tactic is never executed

Note: This linter can be disabled with `set_option linter.unreachableTactic false`
warning: Goldbach/SingularSeries.lean:99:57: this tactic is never executed

Note: This linter can be disabled with `set_option linter.unreachableTactic false`
warning: Goldbach/SingularSeries.lean:99:28: 'decide' tactic does nothing

Note: This linter can be disabled with `set_option linter.unusedTactic false`
warning: Goldbach/SingularSeries.lean:99:57: 'decide' tactic does nothing

Note: This linter can be disabled with `set_option linter.unusedTactic false`
⚠ [7604/7612] Replayed Goldbach.PPNumerics
warning: Goldbach/PPNumerics.lean:24:42: try 'simp' instead of 'simpa'

Note: This linter can be disabled with `set_option linter.unnecessarySimpa false`
warning: Goldbach/PPNumerics.lean:27:6: try 'simp' instead of 'simpa'

Note: This linter can be disabled with `set_option linter.unnecessarySimpa false`
⚠ [7605/7612] Replayed Goldbach.PPBoundSquares
warning: Goldbach/PPBoundSquares.lean:41:8: try 'simp' instead of 'simpa'

Note: This linter can be disabled with `set_option linter.unnecessarySimpa false`
warning: Goldbach/PPBoundSquares.lean:228:10: try 'simp' instead of 'simpa'

Note: This linter can be disabled with `set_option linter.unnecessarySimpa false`
⚠ [7607/7612] Replayed Goldbach.AnalyticGlobal
warning: Goldbach/AnalyticGlobal.lean:65:28: This simp argument is unused:
  one_div

Hint: Omit it from the simp argument list.
  simp [div_eq_mul_inv, o̵n̵e̵_̵d̵i̵v̵,̵ ̵mul_comm]

Note: This linter can be disabled with `set_option linter.unusedSimpArgs false`
warning: Goldbach/AnalyticGlobal.lean:68:30: This simp argument is unused:
  one_div

Hint: Omit it from the simp argument list.
  simp [div_eq_mul_inv, o̵n̵e̵_̵d̵i̵v̵,̵ ̵mul_comm]

Note: This linter can be disabled with `set_option linter.unusedSimpArgs false`
warning: Goldbach/AnalyticGlobal.lean:70:39: This simp argument is unused:
  mul_left_comm

Hint: Omit it from the simp argument list.
  simp [one_div, S_ne, mul_comm, mul_l̵e̵f̵t̵_̵c̵o̵m̵m̵,̵ ̵m̵u̵l̵_̵assoc]

Note: This linter can be disabled with `set_option linter.unusedSimpArgs false`
warning: Goldbach/AnalyticGlobal.lean:70:54: This simp argument is unused:
  mul_assoc

Hint: Omit it from the simp argument list.
  simp [one_div, S_ne, mul_comm, mul_left_comm,̵ ̵m̵u̵l̵_̵a̵s̵s̵o̵c̵]

Note: This linter can be disabled with `set_option linter.unusedSimpArgs false`
⚠ [7608/7612] Replayed Goldbach.BankPieces
warning: Goldbach/BankPieces.lean:15:63: `class ... :=` has been deprecated in favor of `class ... where`.

Note: This linter can be disabled with `set_option linter.deprecated false`
⚠ [7610/7612] Replayed Goldbach.Analytic.MajorBoundFromSigma
warning: Goldbach/Analytic/MajorBoundFromSigma.lean:21:75: `structure ... :=` has been deprecated in favor of `structure ... where`.

Note: This linter can be disabled with `set_option linter.deprecated false`
⚠ [7611/7612] Replayed Goldbach.Analytic.NumericSigma
warning: Goldbach/Analytic/NumericSigma.lean:23:32: unused variable `hX`

Note: This linter can be disabled with `set_option linter.unusedVariables false`
✖ [7612/7612] Building Goldbach.BG_Identity (98s)
trace: .> LEAN_PATH=/Users/benjaminnelson/Desktop/nerd shit/goldbach/builds/Goldbach/.lake/packages/Cli/.lake/build/lib/lean:/Users/benjaminnelson/Desktop/nerd shit/goldbach/builds/Goldbach/.lake/packages/batteries/.lake/build/lib/lean:/Users/benjaminnelson/Desktop/nerd shit/goldbach/builds/Goldbach/.lake/packages/Qq/.lake/build/lib/lean:/Users/benjaminnelson/Desktop/nerd shit/goldbach/builds/Goldbach/.lake/packages/aesop/.lake/build/lib/lean:/Users/benjaminnelson/Desktop/nerd shit/goldbach/builds/Goldbach/.lake/packages/proofwidgets/.lake/build/lib/lean:/Users/benjaminnelson/Desktop/nerd shit/goldbach/builds/Goldbach/.lake/packages/importGraph/.lake/build/lib/lean:/Users/benjaminnelson/Desktop/nerd shit/goldbach/builds/Goldbach/.lake/packages/LeanSearchClient/.lake/build/lib/lean:/Users/benjaminnelson/Desktop/nerd shit/goldbach/builds/Goldbach/.lake/packages/plausible/.lake/build/lib/lean:/Users/benjaminnelson/Desktop/nerd shit/goldbach/builds/Goldbach/.lake/packages/mathlib/.lake/build/lib/lean:/Users/benjaminnelson/Desktop/nerd shit/goldbach/builds/Goldbach/.lake/build/lib/lean /Users/benjaminnelson/.elan/toolchains/leanprover--lean4---v4.26.0-rc2/bin/lean /Users/benjaminnelson/Desktop/nerd shit/goldbach/builds/Goldbach/Goldbach/BG_Identity.lean -o /Users/benjaminnelson/Desktop/nerd shit/goldbach/builds/Goldbach/.lake/build/lib/lean/Goldbach/BG_Identity.olean -i /Users/benjaminnelson/Desktop/nerd shit/goldbach/builds/Goldbach/.lake/build/lib/lean/Goldbach/BG_Identity.ilean -c /Users/benjaminnelson/Desktop/nerd shit/goldbach/builds/Goldbach/.lake/build/ir/Goldbach/BG_Identity.c --setup /Users/benjaminnelson/Desktop/nerd shit/goldbach/builds/Goldbach/.lake/build/ir/Goldbach/BG_Identity.setup.json --json
warning: Goldbach/BG_Identity.lean:117:48: This simp argument is unused:
  add_comm

Hint: Omit it from the simp argument list.
  simp [Finset.sum_insert, hk, ih, mul_add, a̵d̵d̵_̵c̵o̵m̵m̵,̵ ̵add_left_comm, add_assoc, mul_comm, mul_left_comm,
  ̲  ̲ ̲ ̲ ̲ ̲ ̲ ̲mul_assoc]

Note: This linter can be disabled with `set_option linter.unusedSimpArgs false`
warning: Goldbach/BG_Identity.lean:117:58: This simp argument is unused:
  add_left_comm

Hint: Omit it from the simp argument list.
  simp [Finset.sum_insert, hk, ih, mul_add, add_comm, a̵d̵d̵_̵l̵e̵f̵t̵_̵c̵o̵m̵m̵,̵add_assoc, mul_comm, mul_left_comm,
  ̲  ̲ ̲ ̲ ̲ ̲ ̲ ̲mul_assoc]

Note: This linter can be disabled with `set_option linter.unusedSimpArgs false`
warning: Goldbach/BG_Identity.lean:118:12: This simp argument is unused:
  add_assoc

Hint: Omit it from the simp argument list.
  simp [Finset.sum_insert, hk, ih, mul_add, add_comm, add_left_comm, a̵d̵d̵_̵a̵s̵s̵o̵c̵,̵ ̵mul_comm, mul_left_comm,
  ̲  ̲ ̲ ̲ ̲ ̲ ̲ ̲mul_assoc]

Note: This linter can be disabled with `set_option linter.unusedSimpArgs false`
warning: Goldbach/BG_Identity.lean:118:23: This simp argument is unused:
  mul_comm

Hint: Omit it from the simp argument list.
  simp [Finset.sum_insert, hk, ih, mul_add, add_comm, add_left_comm, add_assoc, m̵u̵l̵_̵c̵o̵m̵m̵,̵ ̵mul_left_comm,
  ̲  ̲ ̲ ̲ ̲ ̲ ̲ ̲mul_assoc]

Note: This linter can be disabled with `set_option linter.unusedSimpArgs false`
warning: Goldbach/BG_Identity.lean:118:33: This simp argument is unused:
  mul_left_comm

Hint: Omit it from the simp argument list.
  simp [Finset.sum_insert, hk, ih, mul_add, add_comm, add_left_comm, add_assoc, mul_comm,
  ̲  ̲ ̲ ̲ ̲ ̲ ̲ ̲m̵u̵l̵_̵l̵e̵f̵t̵_̵c̵o̵m̵m̵,̵ ̵mul_assoc]

Note: This linter can be disabled with `set_option linter.unusedSimpArgs false`
warning: Goldbach/BG_Identity.lean:118:48: This simp argument is unused:
  mul_assoc

Hint: Omit it from the simp argument list.
  simp [Finset.sum_insert, hk, ih, mul_add, add_comm, add_left_comm, add_assoc, mul_comm,
  ̲  ̲ ̲ ̲ ̲ ̲ ̲ ̲m̵u̵l̵_̵l̵e̵f̵t̵_̵c̵o̵m̵m̵,̵ ̵m̵u̵l̵_̵a̵s̵s̵o̵c̵]̵m̲u̲l̲_̲l̲e̲f̲t̲_̲c̲o̲m̲m̲]̲

Note: This linter can be disabled with `set_option linter.unusedSimpArgs false`
warning: Goldbach/BG_Identity.lean:183:10: This simp argument is unused:
  Finset.sum_insert

Hint: Omit it from the simp argument list.
  simp [̵F̵i̵n̵s̵e̵t̵.̵s̵u̵m̵_̵i̵n̵s̵e̵r̵t̵,̵ ̵h̵a̵,̵[̲h̲a̲,̲ ih, mul_add, add_comm, add_left_comm, add_assoc, mul_comm, mul_left_comm, mul_assoc]

Note: This linter can be disabled with `set_option linter.unusedSimpArgs false`
warning: Goldbach/BG_Identity.lean:183:33: This simp argument is unused:
  ih

Hint: Omit it from the simp argument list.
  simp [Finset.sum_insert, ha, i̵h̵,̵ ̵mul_add, add_comm, add_left_comm,
  ̵  ̵ ̵ ̵ ̵ ̵ ̵ ̵ ̵ ̵add_assoc, mul_comm,
  ̲  ̲ ̲ ̲ ̲ ̲mul_left_comm, mul_assoc]

Note: This linter can be disabled with `set_option linter.unusedSimpArgs false`
warning: Goldbach/BG_Identity.lean:183:56: This simp argument is unused:
  add_left_comm

Hint: Omit it from the simp argument list.
  simp [Finset.sum_insert, ha, ih, mul_add, add_comm, a̵d̵d̵_̵l̵e̵f̵t̵_̵c̵o̵m̵m̵,̵add_assoc, mul_comm, mul_left_comm,
  ̲  ̲ ̲ ̲ ̲ ̲mul_assoc]

Note: This linter can be disabled with `set_option linter.unusedSimpArgs false`
warning: Goldbach/BG_Identity.lean:184:10: This simp argument is unused:
  add_assoc

Hint: Omit it from the simp argument list.
  simp [Finset.sum_insert, ha, ih, mul_add, add_comm, add_left_comm, a̵d̵d̵_̵a̵s̵s̵o̵c̵,̵ ̵mul_comm, mul_left_comm,
  ̲  ̲ ̲ ̲ ̲ ̲mul_assoc]

Note: This linter can be disabled with `set_option linter.unusedSimpArgs false`
warning: Goldbach/BG_Identity.lean:184:31: This simp argument is unused:
  mul_left_comm

Hint: Omit it from the simp argument list.
  simp [Finset.sum_insert, ha, ih, mul_add, add_comm, add_left_comm, add_assoc, mul_comm,
  ̲  ̲ ̲ ̲ ̲ ̲m̵u̵l̵_̵l̵e̵f̵t̵_̵c̵o̵m̵m̵,̵ ̵mul_assoc]

Note: This linter can be disabled with `set_option linter.unusedSimpArgs false`
warning: Goldbach/BG_Identity.lean:184:46: This simp argument is unused:
  mul_assoc

Hint: Omit it from the simp argument list.
  simp [Finset.sum_insert, ha, ih, mul_add, add_comm, add_left_comm, add_assoc, mul_comm,
  ̲  ̲ ̲ ̲ ̲ ̲m̵u̵l̵_̵l̵e̵f̵t̵_̵c̵o̵m̵m̵,̵ ̵m̵u̵l̵_̵a̵s̵s̵o̵c̵]̵m̲u̲l̲_̲l̲e̲f̲t̲_̲c̲o̲m̲m̲]̲

Note: This linter can be disabled with `set_option linter.unusedSimpArgs false`
error: Goldbach/BG_Identity.lean:311:15: typeclass instance problem is stuck
  AddGroupWithOne ?m.217

Note: Lean will not try to resolve this typeclass instance problem because the type argument to `AddGroupWithOne` is a metavariable. This argument must be fully determined before Lean will try to resolve the typeclass.

Hint: Adding type annotations and supplying implicit arguments to functions can give Lean more information for typeclass resolution. For example, if you have a variable `x` that you intend to be a `Nat`, but Lean reports it as having an unresolved type like `?m`, replacing `x` with `(x : Nat)` can get typeclass resolution un-stuck.
error: Goldbach/BG_Identity.lean:313:27: Application type mismatch: The argument
  this
has type
  ↑N - ↑BankParams.H ≤ 2 * ↑n
but is expected to have type
  ↑(N - BankParams.H) ≤ ↑(2 * n)
in the application
  Nat.cast_le.mp this
error: Goldbach/BG_Identity.lean:316:10: Tactic `rewrite` failed: Did not find an occurrence of the pattern
  ↑(?m + ?n)
in the target expression
  2 * ↑n ≤ ↑N + ↑BankParams.H

N n : ℕ
hEven : Even (N - BankParams.H)
h : |2 * ↑n - ↑N| ≤ ↑BankParams.H
h1 : -↑BankParams.H ≤ 2 * ↑n - ↑N
h2 : 2 * ↑n - ↑N ≤ ↑BankParams.H
h3 : ↑N - ↑BankParams.H ≤ 2 * ↑n
h4 : 2 * ↑n ≤ ↑N + ↑BankParams.H
h5 : N - BankParams.H ≤ 2 * n
this : 2 * ↑n ≤ ↑N + ↑BankParams.H
⊢ 2 * n ≤ N + BankParams.H
error: Goldbach/BG_Identity.lean:322:16: Unknown constant `Nat.div_le_of_le_mul_left`
error: Goldbach/BG_Identity.lean:326:16: Unknown constant `Nat.le_div_of_mul_le`
error: Goldbach/BG_Identity.lean:335:16: Unknown constant `Nat.le_mul_of_div_le`
error: Goldbach/BG_Identity.lean:340:33: Application type mismatch: The argument
  h_two_pos
has type
  0 < 2
of sort `Prop` but is expected to have type
  ℕ
of sort `Type` in the application
  Nat.mul_le_of_le_div h_two_pos
error: Goldbach/BG_Identity.lean:344:8: Type mismatch
  Nat.cast_le.mpr h3
has type
  ↑(N - BankParams.H) ≤ ↑(2 * n)
but is expected to have type
  ↑N - ↑BankParams.H ≤ 2 * ↑n
warning: Goldbach/BG_Identity.lean:372:4: try 'simp' instead of 'simpa'

Note: This linter can be disabled with `set_option linter.unnecessarySimpa false`
warning: Goldbach/BG_Identity.lean:395:25: try 'simp' instead of 'simpa'

Note: This linter can be disabled with `set_option linter.unnecessarySimpa false`
error: Goldbach/BG_Identity.lean:459:87: unsolved goals
N : ℕ
h_large_N : BankParams.X0 ≤ N
h_cube_gaps : ∀ (p : ℕ), Nat.Prime p → p ≥ 79 → (p + 1) ^ 3 - p ^ 3 > BankParams.H
⊢ {k ∈ {k ∈ Finset.Icc (-↑BankParams.H) ↑BankParams.H | k.natAbs ≤ BankParams.H} |
        ∃ p, Nat.Prime p ∧ ∃ x, 3 ≤ x ∧ ((N + k.natAbs) / 2 = p ^ x ∨ N - (N + k.natAbs) / 2 = p ^ x)}.card ≤
    2
warning: Goldbach/BG_Identity.lean:592:15: unused variable `hX`

Note: This linter can be disabled with `set_option linter.unusedVariables false`
warning: Goldbach/BG_Identity.lean:593:5: unused variable `hN`

Note: This linter can be disabled with `set_option linter.unusedVariables false`
warning: Goldbach/BG_Identity.lean:624:5: unused variable `hk`

Note: This linter can be disabled with `set_option linter.unusedVariables false`
warning: Goldbach/BG_Identity.lean:648:28: This simp argument is unused:
  hUpos.ne'

Hint: Omit it from the simp argument list.
  s̵i̵m̵p̵ ̵[̵K̵_̵f̵u̵l̵l̵,̵ ̵K̵_̵f̵u̵l̵l̵_̵r̵a̵w̵,̵ ̵h̵U̵p̵o̵s̵.̵n̵e̵'̵]̵ ̵a̵t̵ ̵*̵s̲i̲m̲p̲ ̲[̲K̲_̲f̲u̲l̲l̲,̲
  ̲ ̲ ̲ ̲ ̲K̲_̲f̲u̲l̲l̲_̲r̲a̲w̲]̲ ̲a̲t̲ ̲*̲
  ̲ ̲ ̲ ̲ ̲ ̲ ̲-̲-̲ ̲a̲f̲t̲e̲r̲ ̲s̲i̲m̲p̲,̲ ̲g̲o̲a̲l̲ ̲b̲e̲c̲o̲m̲e̲s̲ ̲`̲0̲ ̲<̲ ̲1̲ ̲/̲ ̲(̲U̲c̲u̲t̲:̲ℝ̲)̲`̲
  ̲ ̲ ̲ ̲ ̲ ̲ ̲

Note: This linter can be disabled with `set_option linter.unusedSimpArgs false`
warning: Goldbach/BG_Identity.lean:673:5: unused variable `h`

Note: This linter can be disabled with `set_option linter.unusedVariables false`
warning: Goldbach/BG_Identity.lean:680:5: unused variable `h`

Note: This linter can be disabled with `set_option linter.unusedVariables false`
warning: Goldbach/BG_Identity.lean:696:25: unused variable `X`

Note: This linter can be disabled with `set_option linter.unusedVariables false`
warning: Goldbach/BG_Identity.lean:696:27: unused variable `N`

Note: This linter can be disabled with `set_option linter.unusedVariables false`
warning: Goldbach/BG_Identity.lean:721:5: unused variable `h`

Note: This linter can be disabled with `set_option linter.unusedVariables false`
warning: Goldbach/BG_Identity.lean:778:38: try 'simp' instead of 'simpa'

Note: This linter can be disabled with `set_option linter.unnecessarySimpa false`
warning: Goldbach/BG_Identity.lean:797:8: try 'simp' instead of 'simpa'

Note: This linter can be disabled with `set_option linter.unnecessarySimpa false`
warning: Goldbach/BG_Identity.lean:825:34: unused variable `hk`

Note: This linter can be disabled with `set_option linter.unusedVariables false`
warning: Goldbach/BG_Identity.lean:829:35: unused variable `hk`

Note: This linter can be disabled with `set_option linter.unusedVariables false`
error: Goldbach/BG_Identity.lean:847:75: unsolved goals
k : ℤ
hk : k ∈ outerBand
hk_sdiff : k ∈ bandU \ S_BG
hkband : k ∈ bandU
hknot : k ∉ S_BG
hkIccU : k ∈ Finset.Icc (-↑Ucut) ↑Ucut
hklo : -↑Ucut ≤ k
hkhi : k ≤ ↑Ucut
hkloR : -↑Ucut ≤ ↑k
hkhiR : ↑k ≤ ↑Ucut
habs_leU : |↑k| ≤ ↑Ucut
hUposNat : 0 < Ucut
hUpos : 0 < ↑Ucut
hU0 : 0 ≤ ↑Ucut
hkIccH_false : ¬(-↑BankParams.H ≤ k ∧ k ≤ ↑BankParams.H)
hk_cases : k < -↑BankParams.H ∨ ↑BankParams.H < k
habs_ge : ↑(BankParams.H + 1) ≤ |↑k|
hdiv_ge : ↑(BankParams.H + 1) / ↑Ucut ≤ |↑k| / ↑Ucut
hsub : 1 - |↑k| / ↑Ucut ≤ 1 - ↑(BankParams.H + 1) / ↑Ucut
hfinal : (1 - |↑k| / ↑Ucut) / ↑Ucut ≤ (1 - ↑(BankParams.H + 1) / ↑Ucut) / ↑Ucut
hcast : ↑(BankParams.H + 1) = ↑BankParams.H + 1
hfinal' : (1 - |↑k| / ↑Ucut) / ↑Ucut ≤ (1 - (↑BankParams.H + 1) / ↑Ucut) / ↑Ucut
habs_div_le : |↑k| / ↑Ucut ≤ 1
⊢ K_full k ≤ (1 - (↑BankParams.H + 1) / ↑Ucut) / ↑Ucut
warning: Goldbach/BG_Identity.lean:919:6: declaration uses 'sorry'
error: Goldbach/BG_Identity.lean:957:56: unsolved goals
X N : ℕ
⊢ 0 ≤ (Real.log (↑N + 1) / Real.log ↑X) ^ 2
warning: Goldbach/BG_Identity.lean:965:6: declaration uses 'sorry'
error: Goldbach/BG_Identity.lean:1075:2: No goals to be solved
error: Goldbach/BG_Identity.lean:1103:20: Unknown identifier `BankParams.BankParams.X0`
error: Goldbach/BG_Identity.lean:1129:17: Unknown identifier `BankParams.BankParams.X0`
error: Goldbach/BG_Identity.lean:1137:17: Unknown identifier `BankParams.BankParams.X0`
error: Goldbach/BG_Identity.lean:1140:79: maximum recursion depth has been reached
use `set_option maxRecDepth <num>` to increase limit
use `set_option diagnostics true` to get diagnostic information
warning: Goldbach/BG_Identity.lean:1144:6: declaration uses 'sorry'
error: Goldbach/BG_Identity.lean:1196:6: Type mismatch: After simplification, term
  h
 has type
  0 ≤ 2 * ↑BankParams.H + 1
but is expected to have type
  max (↑BG_Bank.H + 1 + ↑BG_Bank.H) 0 = 2 * ↑BankParams.H + 1
warning: Goldbach/BG_Identity.lean:1228:39: try 'simp' instead of 'simpa'

Note: This linter can be disabled with `set_option linter.unnecessarySimpa false`
warning: Goldbach/BG_Identity.lean:1233:4: try 'simp' instead of 'simpa'

Note: This linter can be disabled with `set_option linter.unnecessarySimpa false`
error: Goldbach/BG_Identity.lean:1238:8: maximum recursion depth has been reached
use `set_option maxRecDepth <num>` to increase limit
use `set_option diagnostics true` to get diagnostic information
error: Goldbach/BG_Identity.lean:1244:6: Tactic `simp` failed with a nested error:
maximum recursion depth has been reached
use `set_option maxRecDepth <num>` to increase limit
use `set_option diagnostics true` to get diagnostic information
error: Goldbach/BG_Identity.lean:1247:6: Tactic `simp` failed with a nested error:
maximum recursion depth has been reached
use `set_option maxRecDepth <num>` to increase limit
use `set_option diagnostics true` to get diagnostic information
error: Goldbach/BG_Identity.lean:1234:63: unsolved goals
hband_card : bandU.card = 2 * Ucut + 1
hS_BG_card : S_BG.card = 2 * BankParams.H + 1
hsubset : S_BG ⊆ bandU
hdisj : Disjoint outerBand S_BG
hunion : outerBand ∪ S_BG = bandU
hband_sum : bandU.card = outerBand.card + S_BG.card
hcard : outerBand.card = bandU.card - S_BG.card
hout_nat : outerBand.card = 2 * Ucut + 1 - (2 * BankParams.H + 1)
hle : BankParams.H ≤ Ucut
hZ1 : ↑outerBand.card = 2 * ↑Ucut + 1 - (2 * ↑BankParams.H + 1)
hZ2 : ↑outerBand.card = 2 * ↑Ucut - 2 * ↑BankParams.H
hZ3 hZ4 : ↑outerBand.card = 2 * (↑Ucut - ↑BankParams.H)
⊢ outerBand.card = 2 * (Ucut - BankParams.H)
error: Goldbach/BG_Identity.lean:1249:2: maximum recursion depth has been reached
use `set_option maxRecDepth <num>` to increase limit
use `set_option diagnostics true` to get diagnostic information
warning: Goldbach/BG_Identity.lean:1185:17: This simp argument is unused:
  bandU

Hint: Omit it from the simp argument list.
  simp only [̵b̵a̵n̵d̵U̵]̵ ̵at h

Note: This linter can be disabled with `set_option linter.unusedSimpArgs false`
error: Goldbach/BG_Identity.lean:1261:11: maximum recursion depth has been reached
use `set_option maxRecDepth <num>` to increase limit
use `set_option diagnostics true` to get diagnostic information
error: Goldbach/BG_Identity.lean:1270:6: Tactic `simp` failed with a nested error:
maximum recursion depth has been reached
use `set_option maxRecDepth <num>` to increase limit
use `set_option diagnostics true` to get diagnostic information
error: Goldbach/BG_Identity.lean:1288:58: unsolved goals
⊢ -((↑BankParams.H + 99) / 100) ≤ ↑BankParams.H ∧ 0 ≤ ↑BankParams.H + (↑BankParams.H + 99) / 100
error: Goldbach/BG_Identity.lean:1310:26: Unknown constant `Int.natAbs_eq_ofNat_abs`
error: Goldbach/BG_Identity.lean:1316:12: linarith failed to find a contradiction
case h
h0 : 0 ∈ bandU
z : ℤ
hz : z ∈ bandU.erase 0
hzIcc : z ∈ Finset.Icc (-↑Ucut) ↑Ucut
hz0 : z ≠ 0
this : -↑Ucut ≤ z ∧ z ≤ ↑Ucut
hle : z ≤ ↑Ucut
hneg : -↑Ucut ≤ z
hz' : ↑z.natAbs = max (-z) z
a✝ : ↑Ucut < ↑z.natAbs
⊢ False
failed
error: Goldbach/BG_Identity.lean:1324:59: mod_cast has type
  ?m.225 = ?m.225
but is expected to have type
  z.natAbs = 0
error: Goldbach/BG_Identity.lean:1326:26: Unknown constant `Int.eq_ofNatAbs_eq_zero`
error: Goldbach/BG_Identity.lean:1328:12: Type mismatch
  hzabs0
has type
  z.natAbs = 0
but is expected to have type
  z.natAbs ≠ 0
error: Goldbach/BG_Identity.lean:1330:17: Invalid `⟨...⟩` notation: The expected type
  z.natAbs - 1 < Ucut ∧ z = Int.ofNat (z.natAbs - 1).succ ∨ z = -Int.ofNat (z.natAbs - 1).succ
has more than one constructor

Note: This notation can only be used when the expected type is an inductive type with a single constructor
error: Goldbach/BG_Identity.lean:1331:10: No goals to be solved
error: Goldbach/BG_Identity.lean:1347:16: Tactic `introN` failed: There are no additional binders or `let` bindings in the goal to introduce

case h.mp.inl
h0 : 0 ∈ bandU
k : ℕ
hkpos : k < Ucut
hz : Int.ofNat k.succ ∈ bandU.erase 0
hzIcc : Int.ofNat k.succ ∈ Finset.Icc (-↑Ucut) ↑Ucut
hz0 : Int.ofNat k.succ ≠ 0
hzAbs : (Int.ofNat k.succ).natAbs ≤ Ucut
⊢ Int.ofNat k.succ ∈
    Finset.map { toFun := fun k => ↑k.succ, inj' := ⋯ } (Finset.range Ucut) ∪
      Finset.map { toFun := fun k => -↑k.succ, inj' := ⋯ } (Finset.range Ucut)
error: Goldbach/BG_Identity.lean:1299:6: unsolved goals
case h.mp.inr
h0 : 0 ∈ bandU
z : ℤ
hz : z ∈ bandU.erase 0
hzIcc : z ∈ Finset.Icc (-↑Ucut) ↑Ucut
hz0 : z ≠ 0
hzAbs : z.natAbs ≤ Ucut
k : ℕ
h✝ : z = -Int.ofNat k.succ
⊢ z ∈
    Finset.map { toFun := fun k => ↑k.succ, inj' := ⋯ } (Finset.range Ucut) ∪
      Finset.map { toFun := fun k => -↑k.succ, inj' := ⋯ } (Finset.range Ucut)
error: Goldbach/BG_Identity.lean:1362:54: unsolved goals
h0 : 0 ∈ bandU
z : ℤ
⊢ K_full_raw (BankParams.H + (BankParams.H + 99) / 100) 0 = (↑BankParams.H + ↑((BankParams.H + 99) / 100))⁻¹
error: Goldbach/BG_Identity.lean:1375:34: maximum recursion depth has been reached
use `set_option maxRecDepth <num>` to increase limit
use `set_option diagnostics true` to get diagnostic information
error: Goldbach/BG_Identity.lean:1376:28: Type mismatch
  hk
has type
  k ∈ Finset.map { toFun := fun k => ↑k.succ, inj' := ⋯ } (Finset.range Ucut)
but is expected to have type
  ∀ (a₂ : ℤ) (ha₂ : a₂ ∈ Finset.map { toFun := fun k => ↑k.succ, inj' := ⋯ } (Finset.range Ucut)),
    (fun k hk => k) k hk = (fun k hk => k) a₂ ha₂ → k = a₂
error: Goldbach/BG_Identity.lean:1377:14: unsolved goals
case heq
h0 : 0 ∈ bandU
z : ℤ
h0val : K_full 0 = 1 / ↑Ucut
k : ℤ
hk : k ∈ Finset.map { toFun := fun k => -↑k.succ, inj' := ⋯ } (Finset.range Ucut)
⊢ ∃ a < BankParams.H + (BankParams.H + 99) / 100, ↑a + 1 = k
error: Goldbach/BG_Identity.lean:1378:28: Type mismatch
  hk
has type
  k ∈ Finset.map { toFun := fun k => ↑k.succ, inj' := ⋯ } (Finset.range Ucut)
but is expected to have type
  K_full k = K_full ((fun k hk => k) k hk)
error: Goldbach/BG_Identity.lean:1395:68: Type mismatch: After simplification, term
  hbEq
 has type
  -1 + -↑b' = ↑a' + 1
but is expected to have type
  ↑a' + 1 = -1 + -↑b'
error: Goldbach/BG_Identity.lean:1396:16: linarith failed to find a contradiction
h0 : 0 ∈ bandU
z : ℤ
h0val : K_full 0 = 1 / ↑Ucut
hpair :
  ∑ k ∈ Finset.map { toFun := fun k => ↑k.succ, inj' := ⋯ } (Finset.range Ucut), K_full k =
    ∑ k ∈ Finset.map { toFun := fun k => -↑k.succ, inj' := ⋯ } (Finset.range Ucut), K_full k
a' : ℕ
ha' : a' ∈ Finset.range Ucut
ha :
  { toFun := fun k => ↑k.succ, inj' := ⋯ } a' ∈ Finset.map { toFun := fun k => ↑k.succ, inj' := ⋯ } (Finset.range Ucut)
hb :
  { toFun := fun k => ↑k.succ, inj' := ⋯ } a' ∈ Finset.map { toFun := fun k => -↑k.succ, inj' := ⋯ } (Finset.range Ucut)
b' : ℕ
hb' : b' ∈ Finset.range Ucut
hbEq : { toFun := fun k => -↑k.succ, inj' := ⋯ } b' = { toFun := fun k => ↑k.succ, inj' := ⋯ } a'
hbPos : ↑b'.succ ≠ 0
this : ↑a'.succ = -↑b'.succ
⊢ False
failed
error: Goldbach/BG_Identity.lean:1413:92: Unknown identifier `hpos`
error: Goldbach/BG_Identity.lean:1415:6: 'calc' expression has type
  ∑ k ∈ bandU, K_full k = K_full 0 + 2 * ∑ k ∈ Finset.range Ucut, K_full (Int.ofNat k.succ)
but is expected to have type
  z ∈
      Finset.map { toFun := fun k => ↑k.succ, inj' := ⋯ } (Finset.range Ucut) ∪
        Finset.map { toFun := fun k => -↑k.succ, inj' := ⋯ } (Finset.range Ucut) →
    z ∈ bandU.erase 0
error: Goldbach/BG_Identity.lean:1285:93: unsolved goals
h0 : 0 ∈ bandU
hpos :
  bandU.erase 0 =
    Finset.map { toFun := fun k => ↑k.succ, inj' := ⋯ } (Finset.range Ucut) ∪
      Finset.map { toFun := fun k => -↑k.succ, inj' := ⋯ } (Finset.range Ucut)
⊢ ∑ k ∈ bandU, K_full k = K_full 0 + 2 * ∑ k ∈ Finset.range Ucut, K_full (Int.ofNat k.succ)
error: Goldbach/BG_Identity.lean:1418:22: maximum recursion depth has been reached
use `set_option maxRecDepth <num>` to increase limit
use `set_option diagnostics true` to get diagnostic information
warning: Goldbach/BG_Identity.lean:1420:10: try 'simp' instead of 'simpa'

Note: This linter can be disabled with `set_option linter.unnecessarySimpa false`
warning: Goldbach/BG_Identity.lean:1439:22: `Finset.range_succ` has been deprecated: Use `Finset.range_add_one` instead
error: Goldbach/BG_Identity.lean:1437:72: unsolved goals
hsplit : ∑ k ∈ bandU, K_full k = K_full 0 + 2 * ∑ k ∈ Finset.range Ucut, K_full (Int.ofNat k.succ)
hsum1 : ∑ k ∈ Finset.range Ucut, 1 = ↑Ucut
this : ∑ i ∈ Finset.range Ucut.succ, i = Ucut.succ * (Ucut.succ - 1) / 2
⊢ BankParams.H + (BankParams.H + 99) / 100 + ∑ x ∈ Finset.range (BankParams.H + (BankParams.H + 99) / 100), x =
    ∑ x ∈ Finset.range (BankParams.H + (BankParams.H + 99) / 100), x + (BankParams.H + (BankParams.H + 99) / 100)
error: Goldbach/BG_Identity.lean:1441:10: Type mismatch: After simplification, term
  Finset.sum_range_id
 has type
  ∀ (n : ℕ), ∑ i ∈ Finset.range n, i = n * (n - 1) / 2
but is expected to have type
  ∑ i ∈ Finset.range (BankParams.H + (BankParams.H + 99) / 100 + 1), i =
    (BankParams.H + (BankParams.H + 99) / 100 + 1) * (BankParams.H + (BankParams.H + 99) / 100) / 2
error: Goldbach/BG_Identity.lean:1442:8: linarith failed to find a contradiction
case h1.h
hsplit : ∑ k ∈ bandU, K_full k = K_full 0 + 2 * ∑ k ∈ Finset.range Ucut, K_full (Int.ofNat k.succ)
hsum1 : ∑ k ∈ Finset.range Ucut, 1 = ↑Ucut
this : ∑ i ∈ Finset.range Ucut.succ, i = Ucut.succ * (Ucut.succ - 1) / 2
hrewrite : ∑ i ∈ Finset.range Ucut.succ, i = ∑ k ∈ Finset.range Ucut, k.succ
hs : ∑ i ∈ Finset.range Ucut.succ, i = Ucut.succ * Ucut / 2
a✝ : ∑ k ∈ Finset.range Ucut, k.succ < Ucut * (Ucut + 1) / 2
⊢ False
failed
error: Goldbach/BG_Identity.lean:1444:6: maximum recursion depth has been reached
use `set_option maxRecDepth <num>` to increase limit
use `set_option diagnostics true` to get diagnostic information
error: Goldbach/BG_Identity.lean:1451:16: maximum recursion depth has been reached
use `set_option maxRecDepth <num>` to increase limit
use `set_option diagnostics true` to get diagnostic information
error: Goldbach/BG_Identity.lean:1463:68: unsolved goals
hsplit : ∑ k ∈ bandU, K_full k = K_full 0 + 2 * ∑ k ∈ Finset.range Ucut, K_full (Int.ofNat k.succ)
hsum1 : ∑ k ∈ Finset.range Ucut, 1 = ↑Ucut
hsumk : ∑ k ∈ Finset.range Ucut, ↑k.succ = ↑Ucut * (↑Ucut + 1) / 2
hUpos : 0 < ↑Ucut
hUpos' : ↑Ucut ≠ 0
⊢ (↑BankParams.H + ↑((BankParams.H + 99) / 100) -
        ∑ x ∈ Finset.range (BankParams.H + (BankParams.H + 99) / 100),
          (↑x + 1) / (↑BankParams.H + ↑((BankParams.H + 99) / 100))) /
      (↑BankParams.H + ↑((BankParams.H + 99) / 100)) =
    (↑BankParams.H + ↑((BankParams.H + 99) / 100))⁻¹ *
      (↑BankParams.H + ↑((BankParams.H + 99) / 100) -
        ∑ x ∈ Finset.range (BankParams.H + (BankParams.H + 99) / 100),
          (↑x + 1) / (↑BankParams.H + ↑((BankParams.H + 99) / 100)))
info: Goldbach/BG_Identity.lean:1469:8: Try this:
  [apply] ring_nf
  
  The `ring` tactic failed to close the goal. Use `ring_nf` to obtain a normal form.
    
  Note that `ring` works primarily in *commutative* rings. If you have a noncommutative ring, abelian group or module, consider using `noncomm_ring`, `abel` or `module` instead.
error: Goldbach/BG_Identity.lean:1466:96: unsolved goals
hsplit : ∑ k ∈ bandU, K_full k = K_full 0 + 2 * ∑ k ∈ Finset.range Ucut, K_full (Int.ofNat k.succ)
hsum1 : ∑ k ∈ Finset.range Ucut, 1 = ↑Ucut
hsumk : ∑ k ∈ Finset.range Ucut, ↑k.succ = ↑Ucut * (↑Ucut + 1) / 2
hUpos : 0 < ↑Ucut
hUpos' : ↑Ucut ≠ 0
⊢ ↑Ucut * (↑Ucut)⁻¹ - (↑Ucut)⁻¹ * ∑ x ∈ Finset.range Ucut, (↑Ucut)⁻¹ * ↑x.succ =
    ↑Ucut * (↑Ucut)⁻¹ + ↑Ucut * (↑Ucut)⁻¹ ^ 2 * (-1 / 2) + ↑Ucut ^ 2 * (↑Ucut)⁻¹ ^ 2 * (-1 / 2)
info: Goldbach/BG_Identity.lean:1471:33: Try this:
  [apply] ring_nf
  
  The `ring` tactic failed to close the goal. Use `ring_nf` to obtain a normal form.
    
  Note that `ring` works primarily in *commutative* rings. If you have a noncommutative ring, abelian group or module, consider using `noncomm_ring`, `abel` or `module` instead.
error: Goldbach/BG_Identity.lean:1470:34: unsolved goals
hsplit : ∑ k ∈ bandU, K_full k = K_full 0 + 2 * ∑ k ∈ Finset.range Ucut, K_full (Int.ofNat k.succ)
hsum1 : ∑ k ∈ Finset.range Ucut, 1 = ↑Ucut
hsumk : ∑ k ∈ Finset.range Ucut, ↑k.succ = ↑Ucut * (↑Ucut + 1) / 2
hUpos : 0 < ↑Ucut
⊢ -1 + ↑Ucut = -↑Ucut + ↑Ucut ^ 2
error: Goldbach/BG_Identity.lean:1480:58: unsolved goals
hsplit : ∑ k ∈ bandU, K_full k = K_full 0 + 2 * ∑ k ∈ Finset.range Ucut, K_full (Int.ofNat k.succ)
hpos_eval : ∑ k ∈ Finset.range Ucut, K_full (Int.ofNat k.succ) = (↑Ucut - 1) / 2
hUpos : ↑Ucut ≠ 0
this : ∑ k ∈ bandU, K_full k = K_full 0 + 2 * ∑ k ∈ Finset.range Ucut, K_full (Int.ofNat k.succ)
⊢ K_full_raw (BankParams.H + (BankParams.H + 99) / 100) 0 = (↑BankParams.H + ↑((BankParams.H + 99) / 100))⁻¹
info: Goldbach/BG_Identity.lean:1489:6: Try this:
  [apply] ring_nf
  
  The `ring` tactic failed to close the goal. Use `ring_nf` to obtain a normal form.
    
  Note that `ring` works primarily in *commutative* rings. If you have a noncommutative ring, abelian group or module, consider using `noncomm_ring`, `abel` or `module` instead.
error: Goldbach/BG_Identity.lean:1483:13: unsolved goals
hsplit : ∑ k ∈ bandU, K_full k = K_full 0 + 2 * ∑ k ∈ Finset.range Ucut, K_full (Int.ofNat k.succ)
hpos_eval : ∑ k ∈ Finset.range Ucut, K_full (Int.ofNat k.succ) = (↑Ucut - 1) / 2
hUpos hUpos' : ↑Ucut ≠ 0
hUpos'' : 0 < ↑Ucut
⊢ 1 - ↑Ucut + ↑Ucut ^ 2 = ↑Ucut
warning: Goldbach/BG_Identity.lean:1289:14: This simp argument is unused:
  bandU

Hint: Omit it from the simp argument list.
  simp ̵[̵b̵a̵n̵d̵U̵]̵

Note: This linter can be disabled with `set_option linter.unusedSimpArgs false`
warning: Goldbach/BG_Identity.lean:1465:14: This simp argument is unused:
  Finset.sum_mul

Hint: Omit it from the simp argument list.
  simp [F̵i̵n̵s̵e̵t̵.̵s̵u̵m̵_̵m̵u̵l̵,̵ ̵hUpos']

Note: This linter can be disabled with `set_option linter.unusedSimpArgs false`
warning: Goldbach/BG_Identity.lean:1465:30: This simp argument is unused:
  hUpos'

Hint: Omit it from the simp argument list.
  simp [Finset.sum_mul,̵ ̵h̵U̵p̵o̵s̵'̵]

Note: This linter can be disabled with `set_option linter.unusedSimpArgs false`
warning: Goldbach/BG_Identity.lean:1468:43: This simp argument is unused:
  Finset.sum_div

Hint: Omit it from the simp argument list.
  simp only [Finset.sum_sub_distrib, F̵i̵n̵s̵e̵t̵.̵s̵u̵m̵_̵d̵i̵v̵,̵ ̵hsum1, hsumk]

Note: This linter can be disabled with `set_option linter.unusedSimpArgs false`
warning: Goldbach/BG_Identity.lean:1468:66: This simp argument is unused:
  hsumk

Hint: Omit it from the simp argument list.
  simp only [Finset.sum_sub_distrib, Finset.sum_div, hsum1,̵ ̵h̵s̵u̵m̵k̵]

Note: This linter can be disabled with `set_option linter.unusedSimpArgs false`
error: Goldbach/BG_Identity.lean:1497:12: Unknown identifier `innerBand_eq_SBG`
error: Goldbach/BG_Identity.lean:1518:66: linarith failed to find a contradiction
case h
hinner_eq : innerBand = Finset.Icc (-↑BankParams.H) ↑BankParams.H
z : ℤ
hz : z ∈ (Finset.Icc (-↑BankParams.H) ↑BankParams.H).erase 0
hzIcc : z ∈ Finset.Icc (-↑BankParams.H) ↑BankParams.H
hz0 : z ≠ 0
this : -↑BankParams.H ≤ z ∧ z ≤ ↑BankParams.H
hle : z ≤ ↑BankParams.H
hneg : -↑BankParams.H ≤ z
a✝ : ↑BankParams.H < ↑z.natAbs
⊢ False
failed
error: Goldbach/BG_Identity.lean:1526:37: Unknown constant `Int.eq_ofNatAbs_eq_zero`
error: Goldbach/BG_Identity.lean:1529:17: Invalid `⟨...⟩` notation: The expected type
  z.natAbs - 1 < BankParams.H ∧ z = Int.ofNat (z.natAbs - 1).succ ∨ z = -Int.ofNat (z.natAbs - 1).succ
has more than one constructor

Note: This notation can only be used when the expected type is an inductive type with a single constructor
error: Goldbach/BG_Identity.lean:1530:10: No goals to be solved
error: Goldbach/BG_Identity.lean:1508:6: unsolved goals
case h.mp.inl
hinner_eq : innerBand = Finset.Icc (-↑BankParams.H) ↑BankParams.H
k : ℕ
hkpos : k < BankParams.H
hz : Int.ofNat k.succ ∈ (Finset.Icc (-↑BankParams.H) ↑BankParams.H).erase 0
hzIcc : Int.ofNat k.succ ∈ Finset.Icc (-↑BankParams.H) ↑BankParams.H
hz0 : Int.ofNat k.succ ≠ 0
hzAbs : (Int.ofNat k.succ).natAbs ≤ BankParams.H
⊢ Int.ofNat k.succ ∈
    Finset.map { toFun := fun k => ↑k.succ, inj' := ⋯ } (Finset.range BankParams.H) ∪
      Finset.map { toFun := fun k => -↑k.succ, inj' := ⋯ } (Finset.range BankParams.H)

case h.mp.inr
hinner_eq : innerBand = Finset.Icc (-↑BankParams.H) ↑BankParams.H
z : ℤ
hz : z ∈ (Finset.Icc (-↑BankParams.H) ↑BankParams.H).erase 0
hzIcc : z ∈ Finset.Icc (-↑BankParams.H) ↑BankParams.H
hz0 : z ≠ 0
hzAbs : z.natAbs ≤ BankParams.H
k : ℕ
h✝ : z = -Int.ofNat k.succ
⊢ z ∈
    Finset.map { toFun := fun k => ↑k.succ, inj' := ⋯ } (Finset.range BankParams.H) ∪
      Finset.map { toFun := fun k => -↑k.succ, inj' := ⋯ } (Finset.range BankParams.H)
error: Goldbach/BG_Identity.lean:1543:54: unsolved goals
hinner_eq : innerBand = Finset.Icc (-↑BankParams.H) ↑BankParams.H
z : ℤ
h0mem : 0 ∈ Finset.Icc (-↑BankParams.H) ↑BankParams.H
⊢ K_full_raw (BankParams.H + (BankParams.H + 99) / 100) 0 = (↑BankParams.H + ↑((BankParams.H + 99) / 100))⁻¹
error: Goldbach/BG_Identity.lean:1550:39: Ambiguous term
  H
Possible interpretations:
  BG_Bank.H : ℕ
  
  BankParams.H : ℕ
error: Goldbach/BG_Identity.lean:1553:34: maximum recursion depth has been reached
use `set_option maxRecDepth <num>` to increase limit
use `set_option diagnostics true` to get diagnostic information
error: Goldbach/BG_Identity.lean:1554:28: Type mismatch
  hk
has type
  k ∈ Finset.map { toFun := fun k => ↑k.succ, inj' := ⋯ } (Finset.range BankParams.H)
but is expected to have type
  ∀ (a₂ : ℤ) (ha₂ : a₂ ∈ Finset.map { toFun := fun k => ↑k.succ, inj' := ⋯ } (Finset.range BankParams.H)),
    (fun k hk => k) k hk = (fun k hk => k) a₂ ha₂ → k = a₂
error: Goldbach/BG_Identity.lean:1555:14: unsolved goals
case heq
hinner_eq : innerBand = Finset.Icc (-↑BankParams.H) ↑BankParams.H
z : ℤ
h0mem : 0 ∈ Finset.Icc (-↑BankParams.H) ↑BankParams.H
h0val : K_full 0 = 1 / ↑Ucut
k : ℤ
hk : k ∈ Finset.map { toFun := fun k => -↑k.succ, inj' := ⋯ } (Finset.range sorry)
⊢ ∃ a < BankParams.H, ↑a + 1 = k
error: Goldbach/BG_Identity.lean:1556:28: Type mismatch
  hk
has type
  k ∈ Finset.map { toFun := fun k => ↑k.succ, inj' := ⋯ } (Finset.range BankParams.H)
but is expected to have type
  K_full k = K_full ((fun k hk => k) k hk)
error: Goldbach/BG_Identity.lean:1558:27: Ambiguous term
  H
Possible interpretations:
  BG_Bank.H : ℕ
  
  BankParams.H : ℕ
error: Goldbach/BG_Identity.lean:1559:27: Ambiguous term
  H
Possible interpretations:
  BG_Bank.H : ℕ
  
  BankParams.H : ℕ
error: Goldbach/BG_Identity.lean:1564:62: Type mismatch: After simplification, term
  hbEq
 has type
  -1 + -↑b' = ↑a' + 1
but is expected to have type
  ↑a' + 1 = -1 + -↑b'
error: Goldbach/BG_Identity.lean:1565:10: linarith failed to find a contradiction
hinner_eq : innerBand = Finset.Icc (-↑BankParams.H) ↑BankParams.H
z : ℤ
h0mem : 0 ∈ Finset.Icc (-↑BankParams.H) ↑BankParams.H
h0val : K_full 0 = 1 / ↑Ucut
hpair :
  ∑ k ∈ Finset.map { toFun := fun k => ↑k.succ, inj' := ⋯ } (Finset.range BankParams.H), K_full k =
    ∑ k ∈ Finset.map { toFun := fun k => -↑k.succ, inj' := ⋯ } (Finset.range sorry), K_full k
a' : ℕ
ha' : a' ∈ Finset.range sorry
ha :
  { toFun := fun k => ↑k.succ, inj' := ⋯ } a' ∈ Finset.map { toFun := fun k => ↑k.succ, inj' := ⋯ } (Finset.range sorry)
hb :
  { toFun := fun k => ↑k.succ, inj' := ⋯ } a' ∈
    Finset.map { toFun := fun k => -↑k.succ, inj' := ⋯ } (Finset.range sorry)
b' : ℕ
hb' : b' ∈ Finset.range sorry
hbEq : { toFun := fun k => -↑k.succ, inj' := ⋯ } b' = { toFun := fun k => ↑k.succ, inj' := ⋯ } a'
this : ↑a'.succ = -↑b'.succ
⊢ False
failed
error: Goldbach/BG_Identity.lean:1582:43: Ambiguous term
  H
Possible interpretations:
  ↑BG_Bank.H : ℤ
  
  ↑BankParams.H : ℤ
error: Goldbach/BG_Identity.lean:1582:50: Ambiguous term
  H
Possible interpretations:
  ↑BG_Bank.H : ℤ
  
  ↑BankParams.H : ℤ
error: Goldbach/BG_Identity.lean:1587:52: Ambiguous term
  H
Possible interpretations:
  BG_Bank.H : ℕ
  
  BankParams.H : ℕ
error: Goldbach/BG_Identity.lean:1501:148: unsolved goals
hinner_eq : innerBand = Finset.Icc (-↑BankParams.H) ↑BankParams.H
hband :
  (Finset.Icc (-↑BankParams.H) ↑BankParams.H).erase 0 =
    Finset.map { toFun := fun k => ↑k.succ, inj' := ⋯ } (Finset.range BankParams.H) ∪
      Finset.map { toFun := fun k => -↑k.succ, inj' := ⋯ } (Finset.range BankParams.H)
⊢ ∑ k ∈ innerBand, K_full k = K_full 0 + 2 * ∑ k ∈ Finset.range BankParams.H, K_full (Int.ofNat k.succ)
error: Goldbach/BG_Identity.lean:1590:40: Ambiguous term
  H
Possible interpretations:
  BG_Bank.H : ℕ
  
  BankParams.H : ℕ
error: Goldbach/BG_Identity.lean:1590:65: Ambiguous term
  H
Possible interpretations:
  ↑BG_Bank.H : ℝ
  
  ↑BankParams.H : ℝ
error: Goldbach/BG_Identity.lean:1583:51: Ambiguous term
  H
Possible interpretations:
  ↑BG_Bank.H : ℤ
  
  ↑BankParams.H : ℤ
error: Goldbach/BG_Identity.lean:1583:58: Ambiguous term
  H
Possible interpretations:
  ↑BG_Bank.H : ℤ
  
  ↑BankParams.H : ℤ
error: Goldbach/BG_Identity.lean:1583:66: maximum recursion depth has been reached
use `set_option maxRecDepth <num>` to increase limit
use `set_option diagnostics true` to get diagnostic information
error: Goldbach/BG_Identity.lean:1588:10: maximum recursion depth has been reached
use `set_option maxRecDepth <num>` to increase limit
use `set_option diagnostics true` to get diagnostic information
error: Goldbach/BG_Identity.lean:1590:75: unsolved goals
hinner_eq : innerBand = Finset.Icc (-↑BankParams.H) ↑BankParams.H
hsplit : ∑ k ∈ innerBand, K_full k = K_full 0 + 2 * ∑ k ∈ Finset.range BankParams.H, K_full (Int.ofNat k.succ)
⊢ ↑(sorry ()) = sorry ()
error: Goldbach/BG_Identity.lean:1591:40: Ambiguous term
  H
Possible interpretations:
  BG_Bank.H : ℕ
  
  BankParams.H : ℕ
error: Goldbach/BG_Identity.lean:1591:74: Ambiguous term
  H
Possible interpretations:
  BG_Bank.H : ℕ
  
  BankParams.H : ℕ
error: Goldbach/BG_Identity.lean:1591:79: Ambiguous term
  H
Possible interpretations:
  BG_Bank.H : ℕ
  
  BankParams.H : ℕ
error: Goldbach/BG_Identity.lean:1593:45: Ambiguous term
  H
Possible interpretations:
  BG_Bank.H : ℕ
  
  BankParams.H : ℕ
error: Goldbach/BG_Identity.lean:1593:72: Ambiguous term
  H
Possible interpretations:
  BG_Bank.H : ℕ
  
  BankParams.H : ℕ
error: Goldbach/BG_Identity.lean:1593:77: Ambiguous term
  H
Possible interpretations:
  BG_Bank.H : ℕ
  
  BankParams.H : ℕ
error: Goldbach/BG_Identity.lean:1594:48: Ambiguous term
  H
Possible interpretations:
  BG_Bank.H : ℕ
  
  BankParams.H : ℕ
error: Goldbach/BG_Identity.lean:1594:77: Ambiguous term
  H
Possible interpretations:
  BG_Bank.H : ℕ
  
  BankParams.H : ℕ
error: Goldbach/BG_Identity.lean:1594:82: Ambiguous term
  H
Possible interpretations:
  BG_Bank.H : ℕ
  
  BankParams.H : ℕ
error: Goldbach/BG_Identity.lean:1595:24: Unknown constant `Nat.sum_range_id`
error: Goldbach/BG_Identity.lean:1598:45: Ambiguous term
  H
Possible interpretations:
  BG_Bank.H : ℕ
  
  BankParams.H : ℕ
error: Goldbach/BG_Identity.lean:1599:39: Ambiguous term
  H
Possible interpretations:
  BG_Bank.H : ℕ
  
  BankParams.H : ℕ
warning: Goldbach/BG_Identity.lean:1600:16: `Finset.range_succ` has been deprecated: Use `Finset.range_add_one` instead
error: Goldbach/BG_Identity.lean:1599:67: unsolved goals
hinner_eq : innerBand = Finset.Icc (-↑BankParams.H) ↑BankParams.H
hsplit : ∑ k ∈ innerBand, K_full k = K_full 0 + 2 * ∑ k ∈ Finset.range BankParams.H, K_full (Int.ofNat k.succ)
hsum1 : ∑ k ∈ Finset.range sorry, 1 = sorry
this : ∑ i ∈ Finset.range sorry.succ, i = sorry.succ * sorry / 2
⊢ sorry () + ∑ x ∈ Finset.range (sorry ()), x = ∑ x ∈ Finset.range (sorry ()), x + sorry ()
error: Goldbach/BG_Identity.lean:1601:6: linarith failed to find a contradiction
case h1.h
hinner_eq : innerBand = Finset.Icc (-↑BankParams.H) ↑BankParams.H
hsplit✝ : ∑ k ∈ innerBand, K_full k = K_full 0 + 2 * ∑ k ∈ Finset.range BankParams.H, K_full (Int.ofNat k.succ)
hsum1 : ∑ k ∈ Finset.range sorry, 1 = sorry
this : ∑ i ∈ Finset.range sorry.succ, i = sorry.succ * sorry / 2
hsplit : ∑ i ∈ Finset.range sorry.succ, i = ∑ k ∈ Finset.range sorry, k.succ
a✝ : ∑ k ∈ Finset.range sorry, k.succ < sorry * (sorry + 1) / 2
⊢ False
failed
error: Goldbach/BG_Identity.lean:1602:4: maximum recursion depth has been reached
use `set_option maxRecDepth <num>` to increase limit
use `set_option diagnostics true` to get diagnostic information
error: Goldbach/BG_Identity.lean:1631:12: Ambiguous term
  H
Possible interpretations:
  ↑BG_Bank.H : ℝ
  
  ↑BankParams.H : ℝ
error: Goldbach/BG_Identity.lean:1631:23: Ambiguous term
  H
Possible interpretations:
  BG_Bank.H : ℕ
  
  BankParams.H : ℕ
error: Goldbach/BG_Identity.lean:1631:28: Ambiguous term
  H
Possible interpretations:
  BG_Bank.H : ℕ
  
  BankParams.H : ℕ
error: Goldbach/BG_Identity.lean:1613:12: maximum number of errors (100; from option `maxErrors`) reached, exiting
error: Lean exited with code 1
Some required targets logged failures:
- Goldbach.BG_Identity
error: build failed
⚠ [7587/7613] Replayed Goldbach.Compat
warning: Goldbach/Compat.lean:18:2: try 'simp' instead of 'simpa'

Note: This linter can be disabled with `set_option linter.unnecessarySimpa false`
warning: Goldbach/Compat.lean:24:40: unused variable `hb`

Note: This linter can be disabled with `set_option linter.unusedVariables false`
warning: Goldbach/Compat.lean:50:4: try 'simp' instead of 'simpa'

Note: This linter can be disabled with `set_option linter.unnecessarySimpa false`
⚠ [7590/7613] Replayed Goldbach.Windows
warning: Goldbach/Windows.lean:63:4: try 'simp' instead of 'simpa'

Note: This linter can be disabled with `set_option linter.unnecessarySimpa false`
warning: Goldbach/Windows.lean:68:2: try 'simp' instead of 'simpa'

Note: This linter can be disabled with `set_option linter.unnecessarySimpa false`
warning: Goldbach/Windows.lean:68:38: this tactic is never executed

Note: This linter can be disabled with `set_option linter.unreachableTactic false`
warning: Goldbach/Windows.lean:68:38: 'simpa using hmap' tactic does nothing

Note: This linter can be disabled with `set_option linter.unusedTactic false`
⚠ [7595/7613] Replayed Goldbach.AO_AssembleEnvelope
warning: Goldbach/AO_AssembleEnvelope.lean:67:20: try 'simp' instead of 'simpa'

Note: This linter can be disabled with `set_option linter.unnecessarySimpa false`
⚠ [7597/7613] Replayed Goldbach.AO_Major
warning: Goldbach/AO_Major.lean:21:13: unused variable `hX`

Note: This linter can be disabled with `set_option linter.unusedVariables false`
warning: Goldbach/AO_Major.lean:21:35: unused variable `hN`

Note: This linter can be disabled with `set_option linter.unusedVariables false`
warning: Goldbach/AO_Major.lean:25:24: This simp argument is unused:
  add_assoc

Hint: Omit it from the simp argument list.
  simp [Goldbach.AO_Major.errAO, Goldbach.AO_Major.weight_mass, Goldbach.AO_Core.errAO,
       ̵ ̵ ̵ ̵sub_eq_add_neg, add_a̵s̵s̵o̵c̵,̵ ̵a̵d̵d̵_̵left_comm, add_comm, mul_assoc]

Note: This linter can be disabled with `set_option linter.unusedSimpArgs false`
warning: Goldbach/AO_Major.lean:25:60: This simp argument is unused:
  mul_assoc

Hint: Omit it from the simp argument list.
  simp [Goldbach.AO_Major.errAO, Goldbach.AO_Major.weight_mass, Goldbach.AO_Core.errAO,
       ̵ ̵ ̵ ̵sub_eq_add_neg, add_assoc, add_left_comm, add_comm,̵ ̵m̵u̵l̵_̵a̵s̵s̵o̵c̵]

Note: This linter can be disabled with `set_option linter.unusedSimpArgs false`
warning: Goldbach/AO_Major.lean:46:5: unused variable `h`

Note: This linter can be disabled with `set_option linter.unusedVariables false`
warning: Goldbach/AO_Major.lean:58:24: This simp argument is unused:
  dif_pos

Hint: Omit it from the simp argument list.
  simp only [MPDF, win, d̵i̵f̵_̵p̵o̵s̵,̵ ̵mul_div_assoc']

Note: This linter can be disabled with `set_option linter.unusedSimpArgs false`
warning: Goldbach/AO_Major.lean:58:33: This simp argument is unused:
  mul_div_assoc'

Hint: Omit it from the simp argument list.
  simp only [MPDF, win, dif_pos,̵ ̵m̵u̵l̵_̵d̵i̵v̵_̵a̵s̵s̵o̵c̵'̵]

Note: This linter can be disabled with `set_option linter.unusedSimpArgs false`
warning: Goldbach/AO_Major.lean:81:69: try 'simp' instead of 'simpa'

Note: This linter can be disabled with `set_option linter.unnecessarySimpa false`
warning: Goldbach/AO_Major.lean:82:68: try 'simp' instead of 'simpa'

Note: This linter can be disabled with `set_option linter.unnecessarySimpa false`
warning: Goldbach/AO_Major.lean:83:68: try 'simp' instead of 'simpa'

Note: This linter can be disabled with `set_option linter.unnecessarySimpa false`
warning: Goldbach/AO_Major.lean:85:90: This simp argument is unused:
  add_assoc

Hint: Omit it from the simp argument list.
  simp [sub_eq_add_neg,̵ ̵a̵d̵d̵_̵a̵s̵s̵o̵c̵]

Note: This linter can be disabled with `set_option linter.unusedSimpArgs false`
warning: Goldbach/AO_Major.lean:101:24: This simp argument is unused:
  dif_pos

Hint: Omit it from the simp argument list.
  simp only [MPDF, win,̵ ̵d̵i̵f̵_̵p̵o̵s̵]

Note: This linter can be disabled with `set_option linter.unusedSimpArgs false`
⚠ [7599/7613] Replayed Goldbach.BG_Bank
warning: Goldbach/BG_Bank.lean:13:25: unused variable `n`

Note: This linter can be disabled with `set_option linter.unusedVariables false`
warning: Goldbach/BG_Bank.lean:75:4: try 'simp' instead of 'simpa'

Note: This linter can be disabled with `set_option linter.unnecessarySimpa false`
warning: Goldbach/BG_Bank.lean:75:25: this tactic is never executed

Note: This linter can be disabled with `set_option linter.unreachableTactic false`
warning: Goldbach/BG_Bank.lean:75:25: 'decide' tactic does nothing

Note: This linter can be disabled with `set_option linter.unusedTactic false`
warning: Goldbach/BG_Bank.lean:288:14: try 'simp' instead of 'simpa'

Note: This linter can be disabled with `set_option linter.unnecessarySimpa false`
warning: Goldbach/BG_Bank.lean:188:42: This simp argument is unused:
  Nat.cast_sub hn_le

Hint: Omit it from the simp argument list.
  simp only [Nat.cast_succ,̵ ̵N̵a̵t̵.̵c̵a̵s̵t̵_̵s̵u̵b̵ ̵h̵n̵_̵l̵e̵]

Note: This linter can be disabled with `set_option linter.unusedSimpArgs false`
warning: Goldbach/BG_Bank.lean:194:24: This simp argument is unused:
  abs_of_nonneg hlog_Nm_nn

Hint: Omit it from the simp argument list.
  simp [hp,̵ ̵a̵b̵s̵_̵o̵f̵_̵n̵o̵n̵n̵e̵g̵ ̵h̵l̵o̵g̵_̵N̵m̵_̵n̵n̵]

Note: This linter can be disabled with `set_option linter.unusedSimpArgs false`
warning: Goldbach/BG_Bank.lean:202:24: This simp argument is unused:
  abs_of_nonneg hlog_Np1_nn

Hint: Omit it from the simp argument list.
  simp [hp,̵ ̵a̵b̵s̵_̵o̵f̵_̵n̵o̵n̵n̵e̵g̵ ̵h̵l̵o̵g̵_̵N̵p̵1̵_̵n̵n̵]

Note: This linter can be disabled with `set_option linter.unusedSimpArgs false`
warning: Goldbach/BG_Bank.lean:218:46: This simp argument is unused:
  mul_comm

Hint: Omit it from the simp argument list.
  simp [abs_mul, mul_assoc, m̵u̵l̵_̵c̵o̵m̵m̵,̵ ̵mul_left_comm]

Note: This linter can be disabled with `set_option linter.unusedSimpArgs false`
warning: Goldbach/BG_Bank.lean:326:20: This simp argument is unused:
  hlogXabs

Hint: Omit it from the simp argument list.
  simp [h̵l̵o̵g̵X̵a̵b̵s̵,̵ ̵mul_comm, mul_left_comm, mul_assoc]

Note: This linter can be disabled with `set_option linter.unusedSimpArgs false`
warning: Goldbach/BG_Bank.lean:326:30: This simp argument is unused:
  mul_comm

Hint: Omit it from the simp argument list.
  simp [hlogXabs, m̵u̵l̵_̵c̵o̵m̵m̵,̵ ̵mul_left_comm, mul_assoc]

Note: This linter can be disabled with `set_option linter.unusedSimpArgs false`
warning: Goldbach/BG_Bank.lean:403:14: try 'simp' instead of 'simpa'

Note: This linter can be disabled with `set_option linter.unnecessarySimpa false`
warning: Goldbach/BG_Bank.lean:405:14: try 'simp' instead of 'simpa'

Note: This linter can be disabled with `set_option linter.unnecessarySimpa false`
warning: Goldbach/BG_Bank.lean:407:40: This simp argument is unused:
  add_comm

Hint: Omit it from the simp argument list.
  simp [div_self, hlogX_ne, add_c̵o̵m̵m̵,̵ ̵a̵d̵d̵_̵left_comm, add_assoc]

Note: This linter can be disabled with `set_option linter.unusedSimpArgs false`
warning: Goldbach/BG_Bank.lean:407:50: This simp argument is unused:
  add_left_comm

Hint: Omit it from the simp argument list.
  simp [div_self, hlogX_ne, add_comm, a̵d̵d̵_̵l̵e̵f̵t̵_̵c̵o̵m̵m̵,̵ ̵add_assoc]

Note: This linter can be disabled with `set_option linter.unusedSimpArgs false`
warning: Goldbach/BG_Bank.lean:407:65: This simp argument is unused:
  add_assoc

Hint: Omit it from the simp argument list.
  simp [div_self, hlogX_ne, add_comm, add_left_comm,̵ ̵a̵d̵d̵_̵a̵s̵s̵o̵c̵]

Note: This linter can be disabled with `set_option linter.unusedSimpArgs false`
warning: Goldbach/BG_Bank.lean:547:63: try 'simp' instead of 'simpa'

Note: This linter can be disabled with `set_option linter.unnecessarySimpa false`
warning: Goldbach/BG_Bank.lean:550:47: This simp argument is unused:
  add_comm

Hint: Omit it from the simp argument list.
  simp [add_div, div_self, hlogX_ne, add_c̵o̵m̵m̵,̵ ̵a̵d̵d̵_̵left_comm, add_assoc]

Note: This linter can be disabled with `set_option linter.unusedSimpArgs false`
warning: Goldbach/BG_Bank.lean:550:57: This simp argument is unused:
  add_left_comm

Hint: Omit it from the simp argument list.
  simp [add_div, div_self, hlogX_ne, add_comm, a̵d̵d̵_̵l̵e̵f̵t̵_̵c̵o̵m̵m̵,̵ ̵add_assoc]

Note: This linter can be disabled with `set_option linter.unusedSimpArgs false`
warning: Goldbach/BG_Bank.lean:550:72: This simp argument is unused:
  add_assoc

Hint: Omit it from the simp argument list.
  simp [add_div, div_self, hlogX_ne, add_comm, add_left_comm,̵ ̵a̵d̵d̵_̵a̵s̵s̵o̵c̵]

Note: This linter can be disabled with `set_option linter.unusedSimpArgs false`
warning: Goldbach/BG_Bank.lean:559:56: This simp argument is unused:
  add_left_comm

Hint: Omit it from the simp argument list.
  simp [c, Nat.cast_add, Nat.cast_one, add_assoc, a̵d̵d̵_̵l̵e̵f̵t̵_̵c̵o̵m̵m̵,̵ ̵add_comm, add_div, div_self hX0_ne]

Note: This linter can be disabled with `set_option linter.unusedSimpArgs false`
⚠ [7600/7613] Replayed Goldbach.BG_Operator
warning: Goldbach/BG_Operator.lean:31:2: try 'simp' instead of 'simpa'

Note: This linter can be disabled with `set_option linter.unnecessarySimpa false`
warning: Goldbach/BG_Operator.lean:98:2: try 'simp' instead of 'simpa'

Note: This linter can be disabled with `set_option linter.unnecessarySimpa false`
⚠ [7602/7613] Replayed Goldbach.SingularSeries
warning: Goldbach/SingularSeries.lean:40:5: unused variable `h`

Note: This linter can be disabled with `set_option linter.unusedVariables false`
warning: Goldbach/SingularSeries.lean:88:8: `Finset.eq_empty_iff_forall_not_mem` has been deprecated: Use `Finset.eq_empty_iff_forall_notMem` instead
warning: Goldbach/SingularSeries.lean:98:4: try 'simp' instead of 'simpa'

Note: This linter can be disabled with `set_option linter.unnecessarySimpa false`
warning: Goldbach/SingularSeries.lean:99:28: this tactic is never executed

Note: This linter can be disabled with `set_option linter.unreachableTactic false`
warning: Goldbach/SingularSeries.lean:99:57: this tactic is never executed

Note: This linter can be disabled with `set_option linter.unreachableTactic false`
warning: Goldbach/SingularSeries.lean:99:28: 'decide' tactic does nothing

Note: This linter can be disabled with `set_option linter.unusedTactic false`
warning: Goldbach/SingularSeries.lean:99:57: 'decide' tactic does nothing

Note: This linter can be disabled with `set_option linter.unusedTactic false`
⚠ [7604/7613] Replayed Goldbach.PPNumerics
warning: Goldbach/PPNumerics.lean:24:42: try 'simp' instead of 'simpa'

Note: This linter can be disabled with `set_option linter.unnecessarySimpa false`
warning: Goldbach/PPNumerics.lean:27:6: try 'simp' instead of 'simpa'

Note: This linter can be disabled with `set_option linter.unnecessarySimpa false`
⚠ [7605/7613] Replayed Goldbach.PPBoundSquares
warning: Goldbach/PPBoundSquares.lean:41:8: try 'simp' instead of 'simpa'

Note: This linter can be disabled with `set_option linter.unnecessarySimpa false`
warning: Goldbach/PPBoundSquares.lean:228:10: try 'simp' instead of 'simpa'

Note: This linter can be disabled with `set_option linter.unnecessarySimpa false`
⚠ [7607/7613] Replayed Goldbach.AnalyticGlobal
warning: Goldbach/AnalyticGlobal.lean:65:28: This simp argument is unused:
  one_div

Hint: Omit it from the simp argument list.
  simp [div_eq_mul_inv, o̵n̵e̵_̵d̵i̵v̵,̵ ̵mul_comm]

Note: This linter can be disabled with `set_option linter.unusedSimpArgs false`
warning: Goldbach/AnalyticGlobal.lean:68:30: This simp argument is unused:
  one_div

Hint: Omit it from the simp argument list.
  simp [div_eq_mul_inv, o̵n̵e̵_̵d̵i̵v̵,̵ ̵mul_comm]

Note: This linter can be disabled with `set_option linter.unusedSimpArgs false`
warning: Goldbach/AnalyticGlobal.lean:70:39: This simp argument is unused:
  mul_left_comm

Hint: Omit it from the simp argument list.
  simp [one_div, S_ne, mul_comm, mul_l̵e̵f̵t̵_̵c̵o̵m̵m̵,̵ ̵m̵u̵l̵_̵assoc]

Note: This linter can be disabled with `set_option linter.unusedSimpArgs false`
warning: Goldbach/AnalyticGlobal.lean:70:54: This simp argument is unused:
  mul_assoc

Hint: Omit it from the simp argument list.
  simp [one_div, S_ne, mul_comm, mul_left_comm,̵ ̵m̵u̵l̵_̵a̵s̵s̵o̵c̵]

Note: This linter can be disabled with `set_option linter.unusedSimpArgs false`
⚠ [7608/7613] Replayed Goldbach.BankPieces
warning: Goldbach/BankPieces.lean:15:63: `class ... :=` has been deprecated in favor of `class ... where`.

Note: This linter can be disabled with `set_option linter.deprecated false`
⚠ [7610/7613] Replayed Goldbach.Analytic.MajorBoundFromSigma
warning: Goldbach/Analytic/MajorBoundFromSigma.lean:21:75: `structure ... :=` has been deprecated in favor of `structure ... where`.

Note: This linter can be disabled with `set_option linter.deprecated false`
⚠ [7611/7613] Replayed Goldbach.Analytic.NumericSigma
warning: Goldbach/Analytic/NumericSigma.lean:23:32: unused variable `hX`

Note: This linter can be disabled with `set_option linter.unusedVariables false`
✖ [7613/7613] Building Goldbach.BG_Identity (40s)
trace: .> LEAN_PATH=/Users/benjaminnelson/Desktop/nerd shit/goldbach/builds/Goldbach/.lake/packages/Cli/.lake/build/lib/lean:/Users/benjaminnelson/Desktop/nerd shit/goldbach/builds/Goldbach/.lake/packages/batteries/.lake/build/lib/lean:/Users/benjaminnelson/Desktop/nerd shit/goldbach/builds/Goldbach/.lake/packages/Qq/.lake/build/lib/lean:/Users/benjaminnelson/Desktop/nerd shit/goldbach/builds/Goldbach/.lake/packages/aesop/.lake/build/lib/lean:/Users/benjaminnelson/Desktop/nerd shit/goldbach/builds/Goldbach/.lake/packages/proofwidgets/.lake/build/lib/lean:/Users/benjaminnelson/Desktop/nerd shit/goldbach/builds/Goldbach/.lake/packages/importGraph/.lake/build/lib/lean:/Users/benjaminnelson/Desktop/nerd shit/goldbach/builds/Goldbach/.lake/packages/LeanSearchClient/.lake/build/lib/lean:/Users/benjaminnelson/Desktop/nerd shit/goldbach/builds/Goldbach/.lake/packages/plausible/.lake/build/lib/lean:/Users/benjaminnelson/Desktop/nerd shit/goldbach/builds/Goldbach/.lake/packages/mathlib/.lake/build/lib/lean:/Users/benjaminnelson/Desktop/nerd shit/goldbach/builds/Goldbach/.lake/build/lib/lean /Users/benjaminnelson/.elan/toolchains/leanprover--lean4---v4.26.0-rc2/bin/lean /Users/benjaminnelson/Desktop/nerd shit/goldbach/builds/Goldbach/Goldbach/BG_Identity.lean -o /Users/benjaminnelson/Desktop/nerd shit/goldbach/builds/Goldbach/.lake/build/lib/lean/Goldbach/BG_Identity.olean -i /Users/benjaminnelson/Desktop/nerd shit/goldbach/builds/Goldbach/.lake/build/lib/lean/Goldbach/BG_Identity.ilean -c /Users/benjaminnelson/Desktop/nerd shit/goldbach/builds/Goldbach/.lake/build/ir/Goldbach/BG_Identity.c --setup /Users/benjaminnelson/Desktop/nerd shit/goldbach/builds/Goldbach/.lake/build/ir/Goldbach/BG_Identity.setup.json --json
warning: Goldbach/BG_Identity.lean:138:48: This simp argument is unused:
  add_comm

Hint: Omit it from the simp argument list.
  simp [Finset.sum_insert, hk, ih, mul_add, a̵d̵d̵_̵c̵o̵m̵m̵,̵ ̵add_left_comm, add_assoc, mul_comm, mul_left_comm,
  ̲  ̲ ̲ ̲ ̲ ̲ ̲ ̲mul_assoc]

Note: This linter can be disabled with `set_option linter.unusedSimpArgs false`
warning: Goldbach/BG_Identity.lean:138:58: This simp argument is unused:
  add_left_comm

Hint: Omit it from the simp argument list.
  simp [Finset.sum_insert, hk, ih, mul_add, add_comm, a̵d̵d̵_̵l̵e̵f̵t̵_̵c̵o̵m̵m̵,̵add_assoc, mul_comm, mul_left_comm,
  ̲  ̲ ̲ ̲ ̲ ̲ ̲ ̲mul_assoc]

Note: This linter can be disabled with `set_option linter.unusedSimpArgs false`
warning: Goldbach/BG_Identity.lean:139:12: This simp argument is unused:
  add_assoc

Hint: Omit it from the simp argument list.
  simp [Finset.sum_insert, hk, ih, mul_add, add_comm, add_left_comm, a̵d̵d̵_̵a̵s̵s̵o̵c̵,̵ ̵mul_comm, mul_left_comm,
  ̲  ̲ ̲ ̲ ̲ ̲ ̲ ̲mul_assoc]

Note: This linter can be disabled with `set_option linter.unusedSimpArgs false`
warning: Goldbach/BG_Identity.lean:139:23: This simp argument is unused:
  mul_comm

Hint: Omit it from the simp argument list.
  simp [Finset.sum_insert, hk, ih, mul_add, add_comm, add_left_comm, add_assoc, m̵u̵l̵_̵c̵o̵m̵m̵,̵ ̵mul_left_comm,
  ̲  ̲ ̲ ̲ ̲ ̲ ̲ ̲mul_assoc]

Note: This linter can be disabled with `set_option linter.unusedSimpArgs false`
warning: Goldbach/BG_Identity.lean:139:33: This simp argument is unused:
  mul_left_comm

Hint: Omit it from the simp argument list.
  simp [Finset.sum_insert, hk, ih, mul_add, add_comm, add_left_comm, add_assoc, mul_comm,
  ̲  ̲ ̲ ̲ ̲ ̲ ̲ ̲m̵u̵l̵_̵l̵e̵f̵t̵_̵c̵o̵m̵m̵,̵ ̵mul_assoc]

Note: This linter can be disabled with `set_option linter.unusedSimpArgs false`
warning: Goldbach/BG_Identity.lean:139:48: This simp argument is unused:
  mul_assoc

Hint: Omit it from the simp argument list.
  simp [Finset.sum_insert, hk, ih, mul_add, add_comm, add_left_comm, add_assoc, mul_comm,
  ̲  ̲ ̲ ̲ ̲ ̲ ̲ ̲m̵u̵l̵_̵l̵e̵f̵t̵_̵c̵o̵m̵m̵,̵ ̵m̵u̵l̵_̵a̵s̵s̵o̵c̵]̵m̲u̲l̲_̲l̲e̲f̲t̲_̲c̲o̲m̲m̲]̲

Note: This linter can be disabled with `set_option linter.unusedSimpArgs false`
warning: Goldbach/BG_Identity.lean:204:10: This simp argument is unused:
  Finset.sum_insert

Hint: Omit it from the simp argument list.
  simp [̵F̵i̵n̵s̵e̵t̵.̵s̵u̵m̵_̵i̵n̵s̵e̵r̵t̵,̵ ̵h̵a̵,̵[̲h̲a̲,̲ ih, mul_add, add_comm, add_left_comm, add_assoc, mul_comm, mul_left_comm, mul_assoc]

Note: This linter can be disabled with `set_option linter.unusedSimpArgs false`
warning: Goldbach/BG_Identity.lean:204:33: This simp argument is unused:
  ih

Hint: Omit it from the simp argument list.
  simp [Finset.sum_insert, ha, i̵h̵,̵ ̵mul_add, add_comm, add_left_comm,
  ̵  ̵ ̵ ̵ ̵ ̵ ̵ ̵ ̵ ̵add_assoc, mul_comm,
  ̲  ̲ ̲ ̲ ̲ ̲mul_left_comm, mul_assoc]

Note: This linter can be disabled with `set_option linter.unusedSimpArgs false`
warning: Goldbach/BG_Identity.lean:204:56: This simp argument is unused:
  add_left_comm

Hint: Omit it from the simp argument list.
  simp [Finset.sum_insert, ha, ih, mul_add, add_comm, a̵d̵d̵_̵l̵e̵f̵t̵_̵c̵o̵m̵m̵,̵add_assoc, mul_comm, mul_left_comm,
  ̲  ̲ ̲ ̲ ̲ ̲mul_assoc]

Note: This linter can be disabled with `set_option linter.unusedSimpArgs false`
warning: Goldbach/BG_Identity.lean:205:10: This simp argument is unused:
  add_assoc

Hint: Omit it from the simp argument list.
  simp [Finset.sum_insert, ha, ih, mul_add, add_comm, add_left_comm, a̵d̵d̵_̵a̵s̵s̵o̵c̵,̵ ̵mul_comm, mul_left_comm,
  ̲  ̲ ̲ ̲ ̲ ̲mul_assoc]

Note: This linter can be disabled with `set_option linter.unusedSimpArgs false`
warning: Goldbach/BG_Identity.lean:205:31: This simp argument is unused:
  mul_left_comm

Hint: Omit it from the simp argument list.
  simp [Finset.sum_insert, ha, ih, mul_add, add_comm, add_left_comm, add_assoc, mul_comm,
  ̲  ̲ ̲ ̲ ̲ ̲m̵u̵l̵_̵l̵e̵f̵t̵_̵c̵o̵m̵m̵,̵ ̵mul_assoc]

Note: This linter can be disabled with `set_option linter.unusedSimpArgs false`
warning: Goldbach/BG_Identity.lean:205:46: This simp argument is unused:
  mul_assoc

Hint: Omit it from the simp argument list.
  simp [Finset.sum_insert, ha, ih, mul_add, add_comm, add_left_comm, add_assoc, mul_comm,
  ̲  ̲ ̲ ̲ ̲ ̲m̵u̵l̵_̵l̵e̵f̵t̵_̵c̵o̵m̵m̵,̵ ̵m̵u̵l̵_̵a̵s̵s̵o̵c̵]̵m̲u̲l̲_̲l̲e̲f̲t̲_̲c̲o̲m̲m̲]̲

Note: This linter can be disabled with `set_option linter.unusedSimpArgs false`
warning: Goldbach/BG_Identity.lean:301:6: declaration uses 'sorry'
warning: Goldbach/BG_Identity.lean:330:23: This simp argument is unused:
  Int.ofNat_sub hHN

Hint: Omit it from the simp argument list.
  simp only [̵I̵n̵t̵.̵o̵f̵N̵a̵t̵_̵s̵u̵b̵ ̵h̵H̵N̵]̵ ̵at hZint

Note: This linter can be disabled with `set_option linter.unusedSimpArgs false`
warning: Goldbach/BG_Identity.lean:395:4: try 'simp' instead of 'simpa'

Note: This linter can be disabled with `set_option linter.unnecessarySimpa false`
warning: Goldbach/BG_Identity.lean:418:25: try 'simp' instead of 'simpa'

Note: This linter can be disabled with `set_option linter.unnecessarySimpa false`
warning: Goldbach/BG_Identity.lean:461:6: declaration uses 'sorry'
warning: Goldbach/BG_Identity.lean:498:15: unused variable `hX`

Note: This linter can be disabled with `set_option linter.unusedVariables false`
warning: Goldbach/BG_Identity.lean:499:5: unused variable `hN`

Note: This linter can be disabled with `set_option linter.unusedVariables false`
warning: Goldbach/BG_Identity.lean:531:5: unused variable `hk`

Note: This linter can be disabled with `set_option linter.unusedVariables false`
warning: Goldbach/BG_Identity.lean:556:28: This simp argument is unused:
  hUpos.ne'

Hint: Omit it from the simp argument list.
  s̵i̵m̵p̵ ̵[̵K̵_̵f̵u̵l̵l̵,̵ ̵K̵_̵f̵u̵l̵l̵_̵r̵a̵w̵,̵ ̵h̵U̵p̵o̵s̵.̵n̵e̵'̵]̵ ̵a̵t̵ ̵*̵s̲i̲m̲p̲ ̲[̲K̲_̲f̲u̲l̲l̲,̲
  ̲ ̲ ̲ ̲ ̲K̲_̲f̲u̲l̲l̲_̲r̲a̲w̲]̲ ̲a̲t̲ ̲*̲
  ̲ ̲ ̲ ̲ ̲ ̲ ̲-̲-̲ ̲a̲f̲t̲e̲r̲ ̲s̲i̲m̲p̲,̲ ̲g̲o̲a̲l̲ ̲b̲e̲c̲o̲m̲e̲s̲ ̲`̲0̲ ̲<̲ ̲1̲ ̲/̲ ̲(̲U̲c̲u̲t̲:̲ℝ̲)̲`̲
  ̲ ̲ ̲ ̲ ̲ ̲ ̲

Note: This linter can be disabled with `set_option linter.unusedSimpArgs false`
warning: Goldbach/BG_Identity.lean:581:5: unused variable `h`

Note: This linter can be disabled with `set_option linter.unusedVariables false`
warning: Goldbach/BG_Identity.lean:588:5: unused variable `h`

Note: This linter can be disabled with `set_option linter.unusedVariables false`
warning: Goldbach/BG_Identity.lean:604:25: unused variable `X`

Note: This linter can be disabled with `set_option linter.unusedVariables false`
warning: Goldbach/BG_Identity.lean:604:27: unused variable `N`

Note: This linter can be disabled with `set_option linter.unusedVariables false`
error: Goldbach/BG_Identity.lean:613:30: unsolved goals
⊢ 0 ∈ BG_Bank.S_BG
warning: Goldbach/BG_Identity.lean:629:5: unused variable `h`

Note: This linter can be disabled with `set_option linter.unusedVariables false`
error: Goldbach/BG_Identity.lean:649:53: Type mismatch: After simplification, term
  hk
 has type
  k ∈ BG_Bank.S_BG
but is expected to have type
  -↑H ≤ k ∧ k ≤ ↑H
error: Goldbach/BG_Identity.lean:657:37: Type mismatch
  Int.abs_eq_natAbs k
has type
  |k| = ↑k.natAbs
but is expected to have type
  ↑k.natAbs = |k|
warning: Goldbach/BG_Identity.lean:686:38: try 'simp' instead of 'simpa'

Note: This linter can be disabled with `set_option linter.unnecessarySimpa false`
warning: Goldbach/BG_Identity.lean:705:8: try 'simp' instead of 'simpa'

Note: This linter can be disabled with `set_option linter.unnecessarySimpa false`
warning: Goldbach/BG_Identity.lean:733:34: unused variable `hk`

Note: This linter can be disabled with `set_option linter.unusedVariables false`
warning: Goldbach/BG_Identity.lean:737:35: unused variable `hk`

Note: This linter can be disabled with `set_option linter.unusedVariables false`
error: Goldbach/BG_Identity.lean:779:20: Type mismatch: After simplification, term
  this
 has type
  -↑H ≤ k ∧ k ≤ ↑H
but is expected to have type
  k ∈ BG_Bank.S_BG
error: Goldbach/BG_Identity.lean:826:14: Unknown constant `Int.coe_nat_abs`
warning: Goldbach/BG_Identity.lean:826:27: This simp argument is unused:
  abs_eq

Hint: Omit it from the simp argument list.
  simp [Int.coe_nat_abs,̵ ̵a̵b̵s̵_̵e̵q̵]

Note: This linter can be disabled with `set_option linter.unusedSimpArgs false`
error: Goldbach/BG_Identity.lean:845:4: omega could not prove the goal:
a possible counterexample may satisfy the constraints
  c ≥ 0
  b ≥ 0
  2*b - c ≥ 0
  a ≥ 0
where
 a := ↑Ucut
 b := ↑H
 c := ↑BG_Bank.S_BG.card
error: Goldbach/BG_Identity.lean:853:20: linarith failed to find a contradiction
case left.h
hband_card : bandU.card = 2 * Ucut + 1
hS_BG_card : S_BG.card = 2 * H + 1
k : ℤ
hk : k ∈ BG_Bank.S_BG
hHle : ↑H ≤ ↑Ucut
a✝ : k < -↑Ucut
⊢ False
failed
error: Goldbach/BG_Identity.lean:853:20: linarith failed to find a contradiction
case right.h
hband_card : bandU.card = 2 * Ucut + 1
hS_BG_card : S_BG.card = 2 * H + 1
k : ℤ
hk : k ∈ BG_Bank.S_BG
hHle : ↑H ≤ ↑Ucut
a✝ : ↑Ucut < k
⊢ False
failed
error: Goldbach/BG_Identity.lean:857:12: Function expected at
  Finset.card_sdiff
but this term has type
  (?m.145 \ ?m.144).card = Finset.card ?m.145 - (?m.144 ∩ ?m.145).card

Note: Expected a function because this term is being applied to the argument
  hsubset
error: Goldbach/BG_Identity.lean:903:20: failed to synthesize
  HMul (ℕ → ℝ) ℝ ?m.11

Hint: Additional diagnostic information may be available using the `set_option diagnostics true` command.
error: Goldbach/BG_Identity.lean:911:20: typeclass instance problem is stuck
  HMul (ℕ → ℝ) ?m.14 ℝ

Note: Lean will not try to resolve this typeclass instance problem because the second type argument to `HMul` is a metavariable. This argument must be fully determined before Lean will try to resolve the typeclass.

Hint: Adding type annotations and supplying implicit arguments to functions can give Lean more information for typeclass resolution. For example, if you have a variable `x` that you intend to be a `Nat`, but Lean reports it as having an unresolved type like `?m`, replacing `x` with `(x : Nat)` can get typeclass resolution un-stuck.
error: Goldbach/BG_Identity.lean:921:60: unsolved goals
⊢ False
error: Goldbach/BG_Identity.lean:939:58: unsolved goals
⊢ -((↑H + 99) / 100) ≤ ↑H ∧ 0 ≤ ↑H + (↑H + 99) / 100
error: Goldbach/BG_Identity.lean:961:26: Unknown constant `Int.natAbs_eq_ofNat_abs`
error: Goldbach/BG_Identity.lean:967:12: linarith failed to find a contradiction
case h
h0 : 0 ∈ bandU
z : ℤ
hz : z ∈ bandU.erase 0
hzIcc : z ∈ Finset.Icc (-↑Ucut) ↑Ucut
hz0 : z ≠ 0
this : -↑Ucut ≤ z ∧ z ≤ ↑Ucut
hle : z ≤ ↑Ucut
hneg : -↑Ucut ≤ z
hz' : ↑z.natAbs = max (-z) z
a✝ : ↑Ucut < ↑z.natAbs
⊢ False
failed
error: Goldbach/BG_Identity.lean:975:59: mod_cast has type
  ?m.225 = ?m.225
but is expected to have type
  z.natAbs = 0
error: Goldbach/BG_Identity.lean:979:12: Type mismatch
  hzabs0
has type
  z.natAbs = 0
but is expected to have type
  z.natAbs ≠ 0
error: Goldbach/BG_Identity.lean:981:17: Invalid `⟨...⟩` notation: The expected type
  z.natAbs - 1 < Ucut ∧ z = Int.ofNat (z.natAbs - 1).succ ∨ z = -Int.ofNat (z.natAbs - 1).succ
has more than one constructor

Note: This notation can only be used when the expected type is an inductive type with a single constructor
error: Goldbach/BG_Identity.lean:982:10: No goals to be solved
error: Goldbach/BG_Identity.lean:997:69: Application type mismatch: The argument
  hkpos
has type
  k < Ucut
but is expected to have type
  k ∈ Finset.range Ucut
in the application
  And.intro hkpos
error: Goldbach/BG_Identity.lean:950:6: unsolved goals
case h.mp.inr
h0 : 0 ∈ bandU
z : ℤ
hz : z ∈ bandU.erase 0
hzIcc : z ∈ Finset.Icc (-↑Ucut) ↑Ucut
hz0 : z ≠ 0
hzAbs : z.natAbs ≤ Ucut
k : ℕ
h✝ : z = -Int.ofNat k.succ
⊢ z ∈
    Finset.map { toFun := fun k => ↑k.succ, inj' := ⋯ } (Finset.range Ucut) ∪
      Finset.map { toFun := fun k => -↑k.succ, inj' := ⋯ } (Finset.range Ucut)
error: Goldbach/BG_Identity.lean:998:54: unsolved goals
h0 : 0 ∈ bandU
z : ℤ
⊢ K_full_raw (H + (H + 99) / 100) 0 = (↑H + ↑((H + 99) / 100))⁻¹
error: Goldbach/BG_Identity.lean:1011:34: maximum recursion depth has been reached
use `set_option maxRecDepth <num>` to increase limit
use `set_option diagnostics true` to get diagnostic information
error: Goldbach/BG_Identity.lean:1012:28: Type mismatch
  hk
has type
  k ∈ Finset.map { toFun := fun k => ↑k.succ, inj' := ⋯ } (Finset.range Ucut)
but is expected to have type
  ∀ (a₂ : ℤ) (ha₂ : a₂ ∈ Finset.map { toFun := fun k => ↑k.succ, inj' := ⋯ } (Finset.range Ucut)),
    (fun k hk => k) k hk = (fun k hk => k) a₂ ha₂ → k = a₂
error: Goldbach/BG_Identity.lean:1013:14: unsolved goals
case heq
h0 : 0 ∈ bandU
z : ℤ
h0val : K_full 0 = 1 / ↑Ucut
k : ℤ
hk : k ∈ Finset.map { toFun := fun k => -↑k.succ, inj' := ⋯ } (Finset.range Ucut)
⊢ ∃ a < H + (H + 99) / 100, ↑a + 1 = k
error: Goldbach/BG_Identity.lean:1014:28: Type mismatch
  hk
has type
  k ∈ Finset.map { toFun := fun k => ↑k.succ, inj' := ⋯ } (Finset.range Ucut)
but is expected to have type
  K_full k = K_full ((fun k hk => k) k hk)
error: Goldbach/BG_Identity.lean:1031:68: Type mismatch: After simplification, term
  hbEq
 has type
  -1 + -↑b' = ↑a' + 1
but is expected to have type
  ↑a' + 1 = -1 + -↑b'
error: Goldbach/BG_Identity.lean:1032:16: linarith failed to find a contradiction
h0 : 0 ∈ bandU
z : ℤ
h0val : K_full 0 = 1 / ↑Ucut
hpair :
  ∑ k ∈ Finset.map { toFun := fun k => ↑k.succ, inj' := ⋯ } (Finset.range Ucut), K_full k =
    ∑ k ∈ Finset.map { toFun := fun k => -↑k.succ, inj' := ⋯ } (Finset.range Ucut), K_full k
a' : ℕ
ha' : a' ∈ Finset.range Ucut
ha :
  { toFun := fun k => ↑k.succ, inj' := ⋯ } a' ∈ Finset.map { toFun := fun k => ↑k.succ, inj' := ⋯ } (Finset.range Ucut)
hb :
  { toFun := fun k => ↑k.succ, inj' := ⋯ } a' ∈ Finset.map { toFun := fun k => -↑k.succ, inj' := ⋯ } (Finset.range Ucut)
b' : ℕ
hb' : b' ∈ Finset.range Ucut
hbEq : { toFun := fun k => -↑k.succ, inj' := ⋯ } b' = { toFun := fun k => ↑k.succ, inj' := ⋯ } a'
hbPos : ↑b'.succ ≠ 0
this : ↑a'.succ = -↑b'.succ
⊢ False
failed
error: Goldbach/BG_Identity.lean:1049:92: Unknown identifier `hpos`
error: Goldbach/BG_Identity.lean:1051:6: 'calc' expression has type
  ∑ k ∈ bandU, K_full k = K_full 0 + 2 * ∑ k ∈ Finset.range Ucut, K_full (Int.ofNat k.succ)
but is expected to have type
  z ∈
      Finset.map { toFun := fun k => ↑k.succ, inj' := ⋯ } (Finset.range Ucut) ∪
        Finset.map { toFun := fun k => -↑k.succ, inj' := ⋯ } (Finset.range Ucut) →
    z ∈ bandU.erase 0
error: Goldbach/BG_Identity.lean:936:93: unsolved goals
h0 : 0 ∈ bandU
hpos :
  bandU.erase 0 =
    Finset.map { toFun := fun k => ↑k.succ, inj' := ⋯ } (Finset.range Ucut) ∪
      Finset.map { toFun := fun k => -↑k.succ, inj' := ⋯ } (Finset.range Ucut)
⊢ ∑ k ∈ bandU, K_full k = K_full 0 + 2 * ∑ k ∈ Finset.range Ucut, K_full (Int.ofNat k.succ)
error: Goldbach/BG_Identity.lean:1054:22: maximum recursion depth has been reached
use `set_option maxRecDepth <num>` to increase limit
use `set_option diagnostics true` to get diagnostic information
warning: Goldbach/BG_Identity.lean:1056:10: try 'simp' instead of 'simpa'

Note: This linter can be disabled with `set_option linter.unnecessarySimpa false`
error: Goldbach/BG_Identity.lean:1069:20: Unknown constant `Nat.sum_range_id`
error: Goldbach/BG_Identity.lean:1080:6: maximum recursion depth has been reached
use `set_option maxRecDepth <num>` to increase limit
use `set_option diagnostics true` to get diagnostic information
error: Goldbach/BG_Identity.lean:1087:16: maximum recursion depth has been reached
use `set_option maxRecDepth <num>` to increase limit
use `set_option diagnostics true` to get diagnostic information
error: Goldbach/BG_Identity.lean:1099:68: unsolved goals
hsplit : ∑ k ∈ bandU, K_full k = K_full 0 + 2 * ∑ k ∈ Finset.range Ucut, K_full (Int.ofNat k.succ)
hsum1 : ∑ k ∈ Finset.range Ucut, 1 = ↑Ucut
hsumk : ∑ k ∈ Finset.range Ucut, ↑k.succ = ↑Ucut * (↑Ucut + 1) / 2
hUpos : 0 < ↑Ucut
hUpos' : ↑Ucut ≠ 0
⊢ (↑H + ↑((H + 99) / 100) - ∑ x ∈ Finset.range (H + (H + 99) / 100), (↑x + 1) / (↑H + ↑((H + 99) / 100))) /
      (↑H + ↑((H + 99) / 100)) =
    (↑H + ↑((H + 99) / 100))⁻¹ *
      (↑H + ↑((H + 99) / 100) - ∑ x ∈ Finset.range (H + (H + 99) / 100), (↑x + 1) / (↑H + ↑((H + 99) / 100)))
info: Goldbach/BG_Identity.lean:1105:8: Try this:
  [apply] ring_nf
  
  The `ring` tactic failed to close the goal. Use `ring_nf` to obtain a normal form.
    
  Note that `ring` works primarily in *commutative* rings. If you have a noncommutative ring, abelian group or module, consider using `noncomm_ring`, `abel` or `module` instead.
error: Goldbach/BG_Identity.lean:1102:96: unsolved goals
hsplit : ∑ k ∈ bandU, K_full k = K_full 0 + 2 * ∑ k ∈ Finset.range Ucut, K_full (Int.ofNat k.succ)
hsum1 : ∑ k ∈ Finset.range Ucut, 1 = ↑Ucut
hsumk : ∑ k ∈ Finset.range Ucut, ↑k.succ = ↑Ucut * (↑Ucut + 1) / 2
hUpos : 0 < ↑Ucut
hUpos' : ↑Ucut ≠ 0
⊢ ↑Ucut * (↑Ucut)⁻¹ - (↑Ucut)⁻¹ * ∑ x ∈ Finset.range Ucut, (↑Ucut)⁻¹ * ↑x.succ =
    ↑Ucut * (↑Ucut)⁻¹ + ↑Ucut * (↑Ucut)⁻¹ ^ 2 * (-1 / 2) + ↑Ucut ^ 2 * (↑Ucut)⁻¹ ^ 2 * (-1 / 2)
info: Goldbach/BG_Identity.lean:1107:33: Try this:
  [apply] ring_nf
  
  The `ring` tactic failed to close the goal. Use `ring_nf` to obtain a normal form.
    
  Note that `ring` works primarily in *commutative* rings. If you have a noncommutative ring, abelian group or module, consider using `noncomm_ring`, `abel` or `module` instead.
error: Goldbach/BG_Identity.lean:1106:34: unsolved goals
hsplit : ∑ k ∈ bandU, K_full k = K_full 0 + 2 * ∑ k ∈ Finset.range Ucut, K_full (Int.ofNat k.succ)
hsum1 : ∑ k ∈ Finset.range Ucut, 1 = ↑Ucut
hsumk : ∑ k ∈ Finset.range Ucut, ↑k.succ = ↑Ucut * (↑Ucut + 1) / 2
hUpos : 0 < ↑Ucut
⊢ -1 + ↑Ucut = -↑Ucut + ↑Ucut ^ 2
error: Goldbach/BG_Identity.lean:1116:58: unsolved goals
hsplit : ∑ k ∈ bandU, K_full k = K_full 0 + 2 * ∑ k ∈ Finset.range Ucut, K_full (Int.ofNat k.succ)
hpos_eval : ∑ k ∈ Finset.range Ucut, K_full (Int.ofNat k.succ) = (↑Ucut - 1) / 2
hUpos : ↑Ucut ≠ 0
this : ∑ k ∈ bandU, K_full k = K_full 0 + 2 * ∑ k ∈ Finset.range Ucut, K_full (Int.ofNat k.succ)
⊢ K_full_raw (H + (H + 99) / 100) 0 = (↑H + ↑((H + 99) / 100))⁻¹
info: Goldbach/BG_Identity.lean:1125:6: Try this:
  [apply] ring_nf
  
  The `ring` tactic failed to close the goal. Use `ring_nf` to obtain a normal form.
    
  Note that `ring` works primarily in *commutative* rings. If you have a noncommutative ring, abelian group or module, consider using `noncomm_ring`, `abel` or `module` instead.
error: Goldbach/BG_Identity.lean:1119:13: unsolved goals
hsplit : ∑ k ∈ bandU, K_full k = K_full 0 + 2 * ∑ k ∈ Finset.range Ucut, K_full (Int.ofNat k.succ)
hpos_eval : ∑ k ∈ Finset.range Ucut, K_full (Int.ofNat k.succ) = (↑Ucut - 1) / 2
hUpos hUpos' : ↑Ucut ≠ 0
hUpos'' : 0 < ↑Ucut
⊢ 1 - ↑Ucut + ↑Ucut ^ 2 = ↑Ucut
warning: Goldbach/BG_Identity.lean:940:14: This simp argument is unused:
  bandU

Hint: Omit it from the simp argument list.
  simp ̵[̵b̵a̵n̵d̵U̵]̵

Note: This linter can be disabled with `set_option linter.unusedSimpArgs false`
warning: Goldbach/BG_Identity.lean:1101:14: This simp argument is unused:
  Finset.sum_mul

Hint: Omit it from the simp argument list.
  simp [F̵i̵n̵s̵e̵t̵.̵s̵u̵m̵_̵m̵u̵l̵,̵ ̵hUpos']

Note: This linter can be disabled with `set_option linter.unusedSimpArgs false`
warning: Goldbach/BG_Identity.lean:1101:30: This simp argument is unused:
  hUpos'

Hint: Omit it from the simp argument list.
  simp [Finset.sum_mul,̵ ̵h̵U̵p̵o̵s̵'̵]

Note: This linter can be disabled with `set_option linter.unusedSimpArgs false`
warning: Goldbach/BG_Identity.lean:1104:43: This simp argument is unused:
  Finset.sum_div

Hint: Omit it from the simp argument list.
  simp only [Finset.sum_sub_distrib, F̵i̵n̵s̵e̵t̵.̵s̵u̵m̵_̵d̵i̵v̵,̵ ̵hsum1, hsumk]

Note: This linter can be disabled with `set_option linter.unusedSimpArgs false`
warning: Goldbach/BG_Identity.lean:1104:66: This simp argument is unused:
  hsumk

Hint: Omit it from the simp argument list.
  simp only [Finset.sum_sub_distrib, Finset.sum_div, hsum1,̵ ̵h̵s̵u̵m̵k̵]

Note: This linter can be disabled with `set_option linter.unusedSimpArgs false`
error: Goldbach/BG_Identity.lean:1140:27: Invalid argument name `bandU` for function `sum_bandU`
error: Goldbach/BG_Identity.lean:1163:30: unsolved goals
Kadm : BG.AdmissibleKernel Ucut
⊢ 0 ∈ BG_Bank.S_BG
warning: Goldbach/BG_Identity.lean:1180:5: unused variable `h`

Note: This linter can be disabled with `set_option linter.unusedVariables false`
error: Goldbach/BG_Identity.lean:1199:53: Type mismatch: After simplification, term
  hk
 has type
  k ∈ BG_Bank.S_BG
but is expected to have type
  -↑H ≤ k ∧ k ≤ ↑H
error: Goldbach/BG_Identity.lean:1204:6: Tactic `simp` failed with a nested error:
maximum recursion depth has been reached
use `set_option maxRecDepth <num>` to increase limit
use `set_option diagnostics true` to get diagnostic information
warning: Goldbach/BG_Identity.lean:1224:54: try 'simp' instead of 'simpa'

Note: This linter can be disabled with `set_option linter.unnecessarySimpa false`
error: Goldbach/BG_Identity.lean:1239:14: Type mismatch: After simplification, term
  Finset.mem_Icc.mpr hkIcc_pair
 has type
  -↑H ≤ k ∧ k ≤ ↑H
but is expected to have type
  k ∈ BG_Bank.S_BG
error: Goldbach/BG_Identity.lean:1241:53: Type mismatch: After simplification, term
  hk
 has type
  k ∈ BG_Bank.S_BG
but is expected to have type
  -↑H ≤ k ∧ k ≤ ↑H
warning: Goldbach/BG_Identity.lean:1244:6: try 'simp' instead of 'simpa'

Note: This linter can be disabled with `set_option linter.unnecessarySimpa false`
error: Goldbach/BG_Identity.lean:1258:12: Unknown identifier `innerBand_eq_SBG`
error: Goldbach/BG_Identity.lean:1279:55: linarith failed to find a contradiction
case h
hinner_eq : innerBand = Finset.Icc (-↑H) ↑H
z : ℤ
hz : z ∈ (Finset.Icc (-↑H) ↑H).erase 0
hzIcc : z ∈ Finset.Icc (-↑H) ↑H
hz0 : z ≠ 0
this : -↑H ≤ z ∧ z ≤ ↑H
hle : z ≤ ↑H
hneg : -↑H ≤ z
a✝ : ↑H < ↑z.natAbs
⊢ False
failed
error: Goldbach/BG_Identity.lean:1287:33: Function expected at
  Int.natAbs_eq_zero
but this term has type
  Int.natAbs ?m.237 = 0 ↔ ?m.237 = 0

Note: Expected a function because this term is being applied to the argument
  hzabs0
error: Goldbach/BG_Identity.lean:1290:17: Invalid `⟨...⟩` notation: The expected type
  z.natAbs - 1 < H ∧ z = Int.ofNat (z.natAbs - 1).succ ∨ z = -Int.ofNat (z.natAbs - 1).succ
has more than one constructor

Note: This notation can only be used when the expected type is an inductive type with a single constructor
error: Goldbach/BG_Identity.lean:1291:10: No goals to be solved
error: Goldbach/BG_Identity.lean:1269:6: unsolved goals
case h.mp.inl
hinner_eq : innerBand = Finset.Icc (-↑H) ↑H
k : ℕ
hkpos : k < H
hz : Int.ofNat k.succ ∈ (Finset.Icc (-↑H) ↑H).erase 0
hzIcc : Int.ofNat k.succ ∈ Finset.Icc (-↑H) ↑H
hz0 : Int.ofNat k.succ ≠ 0
hzAbs : (Int.ofNat k.succ).natAbs ≤ H
⊢ Int.ofNat k.succ ∈
    Finset.map { toFun := fun k => ↑k.succ, inj' := ⋯ } (Finset.range H) ∪
      Finset.map { toFun := fun k => -↑k.succ, inj' := ⋯ } (Finset.range H)

case h.mp.inr
hinner_eq : innerBand = Finset.Icc (-↑H) ↑H
z : ℤ
hz : z ∈ (Finset.Icc (-↑H) ↑H).erase 0
hzIcc : z ∈ Finset.Icc (-↑H) ↑H
hz0 : z ≠ 0
hzAbs : z.natAbs ≤ H
k : ℕ
h✝ : z = -Int.ofNat k.succ
⊢ z ∈
    Finset.map { toFun := fun k => ↑k.succ, inj' := ⋯ } (Finset.range H) ∪
      Finset.map { toFun := fun k => -↑k.succ, inj' := ⋯ } (Finset.range H)
error: Goldbach/BG_Identity.lean:1304:54: unsolved goals
hinner_eq : innerBand = Finset.Icc (-↑H) ↑H
z : ℤ
h0mem : 0 ∈ Finset.Icc (-↑H) ↑H
⊢ K_full_raw (H + (H + 99) / 100) 0 = (↑H + ↑((H + 99) / 100))⁻¹
error: Goldbach/BG_Identity.lean:1314:34: maximum recursion depth has been reached
use `set_option maxRecDepth <num>` to increase limit
use `set_option diagnostics true` to get diagnostic information
error: Goldbach/BG_Identity.lean:1315:28: Type mismatch
  hk
has type
  k ∈ Finset.map { toFun := fun k => ↑k.succ, inj' := ⋯ } (Finset.range H)
but is expected to have type
  ∀ (a₂ : ℤ) (ha₂ : a₂ ∈ Finset.map { toFun := fun k => ↑k.succ, inj' := ⋯ } (Finset.range H)),
    (fun k hk => k) k hk = (fun k hk => k) a₂ ha₂ → k = a₂
error: Goldbach/BG_Identity.lean:1316:14: unsolved goals
case heq
hinner_eq : innerBand = Finset.Icc (-↑H) ↑H
z : ℤ
h0mem : 0 ∈ Finset.Icc (-↑H) ↑H
h0val : K_full 0 = 1 / ↑Ucut
k : ℤ
hk : k ∈ Finset.map { toFun := fun k => -↑k.succ, inj' := ⋯ } (Finset.range H)
⊢ ∃ a < H, ↑a + 1 = k
error: Goldbach/BG_Identity.lean:1317:28: Type mismatch
  hk
has type
  k ∈ Finset.map { toFun := fun k => ↑k.succ, inj' := ⋯ } (Finset.range H)
but is expected to have type
  K_full k = K_full ((fun k hk => k) k hk)
error: Goldbach/BG_Identity.lean:1325:62: Type mismatch: After simplification, term
  hbEq
 has type
  -1 + -↑b' = ↑a' + 1
but is expected to have type
  ↑a' + 1 = -1 + -↑b'
error: Goldbach/BG_Identity.lean:1326:10: linarith failed to find a contradiction
hinner_eq : innerBand = Finset.Icc (-↑H) ↑H
z : ℤ
h0mem : 0 ∈ Finset.Icc (-↑H) ↑H
h0val : K_full 0 = 1 / ↑Ucut
hpair :
  ∑ k ∈ Finset.map { toFun := fun k => ↑k.succ, inj' := ⋯ } (Finset.range H), K_full k =
    ∑ k ∈ Finset.map { toFun := fun k => -↑k.succ, inj' := ⋯ } (Finset.range H), K_full k
a' : ℕ
ha' : a' ∈ Finset.range H
ha : { toFun := fun k => ↑k.succ, inj' := ⋯ } a' ∈ Finset.map { toFun := fun k => ↑k.succ, inj' := ⋯ } (Finset.range H)
hb : { toFun := fun k => ↑k.succ, inj' := ⋯ } a' ∈ Finset.map { toFun := fun k => -↑k.succ, inj' := ⋯ } (Finset.range H)
b' : ℕ
hb' : b' ∈ Finset.range H
hbEq : { toFun := fun k => -↑k.succ, inj' := ⋯ } b' = { toFun := fun k => ↑k.succ, inj' := ⋯ } a'
this : ↑a'.succ = -↑b'.succ
⊢ False
failed
error: Goldbach/BG_Identity.lean:1340:6: 'calc' expression has type
  ∑ k ∈ innerBand, K_full k = K_full 0 + 2 * ∑ k ∈ Finset.range H, K_full (Int.ofNat k.succ)
but is expected to have type
  z ∈
      Finset.map { toFun := fun k => ↑k.succ, inj' := ⋯ } (Finset.range H) ∪
        Finset.map { toFun := fun k => -↑k.succ, inj' := ⋯ } (Finset.range H) →
    z ∈ (Finset.Icc (-↑H) ↑H).erase 0
error: Goldbach/BG_Identity.lean:1262:137: unsolved goals
hinner_eq : innerBand = Finset.Icc (-↑H) ↑H
hband :
  (Finset.Icc (-↑H) ↑H).erase 0 =
    Finset.map { toFun := fun k => ↑k.succ, inj' := ⋯ } (Finset.range H) ∪
      Finset.map { toFun := fun k => -↑k.succ, inj' := ⋯ } (Finset.range H)
⊢ ∑ k ∈ innerBand, K_full k = K_full 0 + 2 * ∑ k ∈ Finset.range H, K_full (Int.ofNat k.succ)
warning: Goldbach/BG_Identity.lean:1349:10: try 'simp' instead of 'simpa'

Note: This linter can be disabled with `set_option linter.unnecessarySimpa false`
error: Goldbach/BG_Identity.lean:1356:24: Unknown constant `Nat.sum_range_id`
warning: Goldbach/BG_Identity.lean:1361:16: `Finset.range_succ` has been deprecated: Use `Finset.range_add_one` instead
error: Goldbach/BG_Identity.lean:1360:67: unsolved goals
hinner_eq : innerBand = Finset.Icc (-↑H) ↑H
hsplit : ∑ k ∈ innerBand, K_full k = K_full 0 + 2 * ∑ k ∈ Finset.range H, K_full (Int.ofNat k.succ)
hsum1 : ∑ k ∈ Finset.range H, 1 = ↑H
this : ∑ i ∈ Finset.range H.succ, i = H.succ * H / 2
⊢ H + ∑ x ∈ Finset.range H, x = ∑ x ∈ Finset.range H, x + H
error: Goldbach/BG_Identity.lean:1362:6: linarith failed to find a contradiction
case h1.h
hinner_eq : innerBand = Finset.Icc (-↑H) ↑H
hsplit✝ : ∑ k ∈ innerBand, K_full k = K_full 0 + 2 * ∑ k ∈ Finset.range H, K_full (Int.ofNat k.succ)
hsum1 : ∑ k ∈ Finset.range H, 1 = ↑H
this : ∑ i ∈ Finset.range H.succ, i = H.succ * H / 2
hsplit : ∑ i ∈ Finset.range H.succ, i = ∑ k ∈ Finset.range H, k.succ
a✝ : ∑ k ∈ Finset.range H, k.succ < H * (H + 1) / 2
⊢ False
failed
error: Goldbach/BG_Identity.lean:1363:4: maximum recursion depth has been reached
use `set_option maxRecDepth <num>` to increase limit
use `set_option diagnostics true` to get diagnostic information
error: Goldbach/BG_Identity.lean:1379:33: Unknown identifier `abs_ofNat`
error: Goldbach/BG_Identity.lean:1379:48: Unknown constant `Int.natAbs_ofNat`
error: Goldbach/BG_Identity.lean:1375:70: unsolved goals
hinner_eq : innerBand = Finset.Icc (-↑H) ↑H
hsplit : ∑ k ∈ innerBand, K_full k = K_full 0 + 2 * ∑ k ∈ Finset.range H, K_full (Int.ofNat k.succ)
hsum1 : ∑ k ∈ Finset.range H, 1 = ↑H
hsumk : ∑ k ∈ Finset.range H, ↑k.succ = ↑H * (↑H + 1) / 2
hUpos : ↑Ucut ≠ 0
hHU : H ≤ Ucut
k : ℕ
hk : k ∈ Finset.range H
hk' : k.succ ≤ Ucut
hnat : (Int.ofNat k.succ).natAbs ≤ Ucut
⊢ K_full_raw (H + (H + 99) / 100) (↑k + 1) = (1 - (↑k + 1) / (↑H + ↑((H + 99) / 100))) / (↑H + ↑((H + 99) / 100))
error: Goldbach/BG_Identity.lean:1385:111: unsolved goals
hinner_eq : innerBand = Finset.Icc (-↑H) ↑H
hsplit : ∑ k ∈ innerBand, K_full k = K_full 0 + 2 * ∑ k ∈ Finset.range H, K_full (Int.ofNat k.succ)
hsum1 : ∑ k ∈ Finset.range H, 1 = ↑H
hsumk : ∑ k ∈ Finset.range H, ↑k.succ = ↑H * (↑H + 1) / 2
hUpos : ↑Ucut ≠ 0
hHU : H ≤ Ucut
this✝ : ∀ k ∈ Finset.range H, K_full (Int.ofNat k.succ) = (1 - ↑k.succ / ↑Ucut) / ↑Ucut
this : ↑Ucut ≠ 0
⊢ ∑ x ∈ Finset.range H, (1 - (↑x + 1) / (↑H + ↑((H + 99) / 100))) / (↑H + ↑((H + 99) / 100)) =
    (↑H + ↑((H + 99) / 100))⁻¹ * (↑H - ∑ x ∈ Finset.range H, (↑x + 1) / (↑H + ↑((H + 99) / 100)))
error: Goldbach/BG_Identity.lean:1388:67: unsolved goals
hinner_eq : innerBand = Finset.Icc (-↑H) ↑H
hsplit : ∑ k ∈ innerBand, K_full k = K_full 0 + 2 * ∑ k ∈ Finset.range H, K_full (Int.ofNat k.succ)
hsum1 : ∑ k ∈ Finset.range H, 1 = ↑H
hsumk : ∑ k ∈ Finset.range H, ↑k.succ = ↑H * (↑H + 1) / 2
hUpos : ↑Ucut ≠ 0
hHU : H ≤ Ucut
this : ∀ k ∈ Finset.range H, K_full (Int.ofNat k.succ) = (1 - ↑k.succ / ↑Ucut) / ↑Ucut
⊢ ↑H - ∑ x ∈ Finset.range H, (↑x + 1) / (↑H + ↑((H + 99) / 100)) = ?m.964 - (↑H + ↑((H + 99) / 100))⁻¹ * ?m.959 ∨
    ↑H + ↑((H + 99) / 100) = 0
error: Goldbach/BG_Identity.lean:1388:30: Application type mismatch: The argument
  hsum1
has type
  ∑ k ∈ Finset.range H, 1 = ↑H
of sort `Prop` but is expected to have type
  ℝ
of sort `Type` in the application
  HSub.hSub hsum1
error: Goldbach/BG_Identity.lean:1400:4: maximum recursion depth has been reached
use `set_option maxRecDepth <num>` to increase limit
use `set_option diagnostics true` to get diagnostic information
error: Goldbach/BG_Identity.lean:1409:2: maximum recursion depth has been reached
use `set_option maxRecDepth <num>` to increase limit
use `set_option diagnostics true` to get diagnostic information
warning: Goldbach/BG_Identity.lean:1316:34: This simp argument is unused:
  K_full_neg

Hint: Omit it from the simp argument list.
  simp ̵[̵K̵_̵f̵u̵l̵l̵_̵n̵e̵g̵]̵

Note: This linter can be disabled with `set_option linter.unusedSimpArgs false`
warning: Goldbach/BG_Identity.lean:1379:27: This simp argument is unused:
  hnat

Hint: Omit it from the simp argument list.
  simp [h̵n̵at̵,̵ ̵a̵bs_ofNat, Int.natAbs_ofNat]

Note: This linter can be disabled with `set_option linter.unusedSimpArgs false`
warning: Goldbach/BG_Identity.lean:1387:18: This simp argument is unused:
  Finset.sum_mul

Hint: Omit it from the simp argument list.
  simp [̵F̵i̵n̵s̵e̵t̵.̵s̵u̵m̵_̵m̵u̵l̵,̵ ̵t̵h̵i̵s̵]̵[̲t̲h̲i̲s̲]̲

Note: This linter can be disabled with `set_option linter.unusedSimpArgs false`
warning: Goldbach/BG_Identity.lean:1387:34: This simp argument is unused:
  this

Hint: Omit it from the simp argument list.
  simp [Finset.sum_mul,̵ ̵t̵h̵i̵s̵]

Note: This linter can be disabled with `set_option linter.unusedSimpArgs false`
warning: Goldbach/BG_Identity.lean:1389:42: This simp argument is unused:
  Finset.sum_div

Hint: Omit it from the simp argument list.
  simp [Finset.sum_sub_distrib, F̵i̵n̵s̵e̵t̵.̵s̵u̵m̵_̵d̵i̵v̵,̵ ̵hsum1, hsumk]

Note: This linter can be disabled with `set_option linter.unusedSimpArgs false`
warning: Goldbach/BG_Identity.lean:1389:65: This simp argument is unused:
  hsumk

Hint: Omit it from the simp argument list.
  simp [Finset.sum_sub_distrib, Finset.sum_div, hsum1,̵ ̵h̵s̵u̵m̵k̵]

Note: This linter can be disabled with `set_option linter.unusedSimpArgs false`
error: Goldbach/BG_Identity.lean:1424:11: Unknown identifier `innerBand_eq_SBG`
error: Goldbach/BG_Identity.lean:1424:4: maximum recursion depth has been reached
use `set_option maxRecDepth <num>` to increase limit
use `set_option diagnostics true` to get diagnostic information
error: Goldbach/BG_Identity.lean:1436:2: Type mismatch: After simplification, term
  tail_mass_closed_form
 has type
  ∑ k ∈ outerBand, K_full k = C_tail_closed
but is expected to have type
  ∑ k ∈ outerBand, K_full k = 1 - (1 + 2 * ↑H) / (↑H + ↑((H + 99) / 100)) + ↑H * (↑H + 1) / (↑H + ↑((H + 99) / 100)) ^ 2
error: Goldbach/BG_Identity.lean:1455:18: Unknown identifier `bank_decomp`
error: Goldbach/BG_Identity.lean:1452:74: unsolved goals
X N : ℕ
hX : X0 ≤ X
hN : N ∈ Windows.EvenIn X H
⊢ |conv_full X N - conv_ref X N| ≤ payload_cap X N * C_tail_closed
error: Goldbach/BG_Identity.lean:1478:4: Type mismatch: After simplification, term
  hkIcc
 has type
  -↑H ≤ k ∧ k ≤ ↑H
but is expected to have type
  k ∈ BG_Bank.S_BG
error: Goldbach/BG_Identity.lean:1480:53: Type mismatch: After simplification, term
  hk
 has type
  k ∈ BG_Bank.S_BG
but is expected to have type
  -↑H ≤ k ∧ k ≤ ↑H
warning: Goldbach/BG_Identity.lean:1483:28: try 'simp' instead of 'simpa'

Note: This linter can be disabled with `set_option linter.unnecessarySimpa false`
warning: Goldbach/BG_Identity.lean:1499:28: unused variable `X`

Note: This linter can be disabled with `set_option linter.unusedVariables false`
warning: Goldbach/BG_Identity.lean:1499:30: unused variable `N`

Note: This linter can be disabled with `set_option linter.unusedVariables false`
warning: Goldbach/BG_Identity.lean:1500:28: unused variable `X`

Note: This linter can be disabled with `set_option linter.unusedVariables false`
warning: Goldbach/BG_Identity.lean:1500:30: unused variable `N`

Note: This linter can be disabled with `set_option linter.unusedVariables false`
error: Goldbach/BG_Identity.lean:1508:50: Tactic `unfold` failed to unfold `innerBand` in
  ∑ k ∈ bandU, P_BG X N k * tentFullWeight k - ∑ k ∈ bandU, P_BG X N k * tentRefWeight k =
    |∑ k ∈ bandU \ S_BG, P_BG X N k * tentFullWeight k| + 0
error: Goldbach/BG_Identity.lean:1557:2: Type mismatch: After simplification, term
  Int.card_Icc (-↑Ucut) ↑Ucut
 has type
  True
but is expected to have type
  (↑H + (↑H + 99) / 100 + 1 - (-((↑H + 99) / 100) + -↑H)).toNat = 2 * (H + (H + 99) / 100) + 1
error: Goldbach/BG_Identity.lean:1621:0: unexpected end of input; expected 'lemma'
error: Lean exited with code 1
Some required targets logged failures:
- Goldbach.BG_Identity
error: build failed
⚠ [7587/7613] Replayed Goldbach.Compat
warning: Goldbach/Compat.lean:18:2: try 'simp' instead of 'simpa'

Note: This linter can be disabled with `set_option linter.unnecessarySimpa false`
warning: Goldbach/Compat.lean:24:40: unused variable `hb`

Note: This linter can be disabled with `set_option linter.unusedVariables false`
warning: Goldbach/Compat.lean:50:4: try 'simp' instead of 'simpa'

Note: This linter can be disabled with `set_option linter.unnecessarySimpa false`
⚠ [7590/7613] Replayed Goldbach.Windows
warning: Goldbach/Windows.lean:63:4: try 'simp' instead of 'simpa'

Note: This linter can be disabled with `set_option linter.unnecessarySimpa false`
warning: Goldbach/Windows.lean:68:2: try 'simp' instead of 'simpa'

Note: This linter can be disabled with `set_option linter.unnecessarySimpa false`
warning: Goldbach/Windows.lean:68:38: this tactic is never executed

Note: This linter can be disabled with `set_option linter.unreachableTactic false`
warning: Goldbach/Windows.lean:68:38: 'simpa using hmap' tactic does nothing

Note: This linter can be disabled with `set_option linter.unusedTactic false`
⚠ [7595/7613] Replayed Goldbach.AO_AssembleEnvelope
warning: Goldbach/AO_AssembleEnvelope.lean:67:20: try 'simp' instead of 'simpa'

Note: This linter can be disabled with `set_option linter.unnecessarySimpa false`
⚠ [7597/7613] Replayed Goldbach.AO_Major
warning: Goldbach/AO_Major.lean:21:13: unused variable `hX`

Note: This linter can be disabled with `set_option linter.unusedVariables false`
warning: Goldbach/AO_Major.lean:21:35: unused variable `hN`

Note: This linter can be disabled with `set_option linter.unusedVariables false`
warning: Goldbach/AO_Major.lean:25:24: This simp argument is unused:
  add_assoc

Hint: Omit it from the simp argument list.
  simp [Goldbach.AO_Major.errAO, Goldbach.AO_Major.weight_mass, Goldbach.AO_Core.errAO,
       ̵ ̵ ̵ ̵sub_eq_add_neg, add_a̵s̵s̵o̵c̵,̵ ̵a̵d̵d̵_̵left_comm, add_comm, mul_assoc]

Note: This linter can be disabled with `set_option linter.unusedSimpArgs false`
warning: Goldbach/AO_Major.lean:25:60: This simp argument is unused:
  mul_assoc

Hint: Omit it from the simp argument list.
  simp [Goldbach.AO_Major.errAO, Goldbach.AO_Major.weight_mass, Goldbach.AO_Core.errAO,
       ̵ ̵ ̵ ̵sub_eq_add_neg, add_assoc, add_left_comm, add_comm,̵ ̵m̵u̵l̵_̵a̵s̵s̵o̵c̵]

Note: This linter can be disabled with `set_option linter.unusedSimpArgs false`
warning: Goldbach/AO_Major.lean:46:5: unused variable `h`

Note: This linter can be disabled with `set_option linter.unusedVariables false`
warning: Goldbach/AO_Major.lean:58:24: This simp argument is unused:
  dif_pos

Hint: Omit it from the simp argument list.
  simp only [MPDF, win, d̵i̵f̵_̵p̵o̵s̵,̵ ̵mul_div_assoc']

Note: This linter can be disabled with `set_option linter.unusedSimpArgs false`
warning: Goldbach/AO_Major.lean:58:33: This simp argument is unused:
  mul_div_assoc'

Hint: Omit it from the simp argument list.
  simp only [MPDF, win, dif_pos,̵ ̵m̵u̵l̵_̵d̵i̵v̵_̵a̵s̵s̵o̵c̵'̵]

Note: This linter can be disabled with `set_option linter.unusedSimpArgs false`
warning: Goldbach/AO_Major.lean:81:69: try 'simp' instead of 'simpa'

Note: This linter can be disabled with `set_option linter.unnecessarySimpa false`
warning: Goldbach/AO_Major.lean:82:68: try 'simp' instead of 'simpa'

Note: This linter can be disabled with `set_option linter.unnecessarySimpa false`
warning: Goldbach/AO_Major.lean:83:68: try 'simp' instead of 'simpa'

Note: This linter can be disabled with `set_option linter.unnecessarySimpa false`
warning: Goldbach/AO_Major.lean:85:90: This simp argument is unused:
  add_assoc

Hint: Omit it from the simp argument list.
  simp [sub_eq_add_neg,̵ ̵a̵d̵d̵_̵a̵s̵s̵o̵c̵]

Note: This linter can be disabled with `set_option linter.unusedSimpArgs false`
warning: Goldbach/AO_Major.lean:101:24: This simp argument is unused:
  dif_pos

Hint: Omit it from the simp argument list.
  simp only [MPDF, win,̵ ̵d̵i̵f̵_̵p̵o̵s̵]

Note: This linter can be disabled with `set_option linter.unusedSimpArgs false`
⚠ [7599/7613] Replayed Goldbach.BG_Bank
warning: Goldbach/BG_Bank.lean:13:25: unused variable `n`

Note: This linter can be disabled with `set_option linter.unusedVariables false`
warning: Goldbach/BG_Bank.lean:75:4: try 'simp' instead of 'simpa'

Note: This linter can be disabled with `set_option linter.unnecessarySimpa false`
warning: Goldbach/BG_Bank.lean:75:25: this tactic is never executed

Note: This linter can be disabled with `set_option linter.unreachableTactic false`
warning: Goldbach/BG_Bank.lean:75:25: 'decide' tactic does nothing

Note: This linter can be disabled with `set_option linter.unusedTactic false`
warning: Goldbach/BG_Bank.lean:288:14: try 'simp' instead of 'simpa'

Note: This linter can be disabled with `set_option linter.unnecessarySimpa false`
warning: Goldbach/BG_Bank.lean:188:42: This simp argument is unused:
  Nat.cast_sub hn_le

Hint: Omit it from the simp argument list.
  simp only [Nat.cast_succ,̵ ̵N̵a̵t̵.̵c̵a̵s̵t̵_̵s̵u̵b̵ ̵h̵n̵_̵l̵e̵]

Note: This linter can be disabled with `set_option linter.unusedSimpArgs false`
warning: Goldbach/BG_Bank.lean:194:24: This simp argument is unused:
  abs_of_nonneg hlog_Nm_nn

Hint: Omit it from the simp argument list.
  simp [hp,̵ ̵a̵b̵s̵_̵o̵f̵_̵n̵o̵n̵n̵e̵g̵ ̵h̵l̵o̵g̵_̵N̵m̵_̵n̵n̵]

Note: This linter can be disabled with `set_option linter.unusedSimpArgs false`
warning: Goldbach/BG_Bank.lean:202:24: This simp argument is unused:
  abs_of_nonneg hlog_Np1_nn

Hint: Omit it from the simp argument list.
  simp [hp,̵ ̵a̵b̵s̵_̵o̵f̵_̵n̵o̵n̵n̵e̵g̵ ̵h̵l̵o̵g̵_̵N̵p̵1̵_̵n̵n̵]

Note: This linter can be disabled with `set_option linter.unusedSimpArgs false`
warning: Goldbach/BG_Bank.lean:218:46: This simp argument is unused:
  mul_comm

Hint: Omit it from the simp argument list.
  simp [abs_mul, mul_assoc, m̵u̵l̵_̵c̵o̵m̵m̵,̵ ̵mul_left_comm]

Note: This linter can be disabled with `set_option linter.unusedSimpArgs false`
warning: Goldbach/BG_Bank.lean:326:20: This simp argument is unused:
  hlogXabs

Hint: Omit it from the simp argument list.
  simp [h̵l̵o̵g̵X̵a̵b̵s̵,̵ ̵mul_comm, mul_left_comm, mul_assoc]

Note: This linter can be disabled with `set_option linter.unusedSimpArgs false`
warning: Goldbach/BG_Bank.lean:326:30: This simp argument is unused:
  mul_comm

Hint: Omit it from the simp argument list.
  simp [hlogXabs, m̵u̵l̵_̵c̵o̵m̵m̵,̵ ̵mul_left_comm, mul_assoc]

Note: This linter can be disabled with `set_option linter.unusedSimpArgs false`
warning: Goldbach/BG_Bank.lean:403:14: try 'simp' instead of 'simpa'

Note: This linter can be disabled with `set_option linter.unnecessarySimpa false`
warning: Goldbach/BG_Bank.lean:405:14: try 'simp' instead of 'simpa'

Note: This linter can be disabled with `set_option linter.unnecessarySimpa false`
warning: Goldbach/BG_Bank.lean:407:40: This simp argument is unused:
  add_comm

Hint: Omit it from the simp argument list.
  simp [div_self, hlogX_ne, add_c̵o̵m̵m̵,̵ ̵a̵d̵d̵_̵left_comm, add_assoc]

Note: This linter can be disabled with `set_option linter.unusedSimpArgs false`
warning: Goldbach/BG_Bank.lean:407:50: This simp argument is unused:
  add_left_comm

Hint: Omit it from the simp argument list.
  simp [div_self, hlogX_ne, add_comm, a̵d̵d̵_̵l̵e̵f̵t̵_̵c̵o̵m̵m̵,̵ ̵add_assoc]

Note: This linter can be disabled with `set_option linter.unusedSimpArgs false`
warning: Goldbach/BG_Bank.lean:407:65: This simp argument is unused:
  add_assoc

Hint: Omit it from the simp argument list.
  simp [div_self, hlogX_ne, add_comm, add_left_comm,̵ ̵a̵d̵d̵_̵a̵s̵s̵o̵c̵]

Note: This linter can be disabled with `set_option linter.unusedSimpArgs false`
warning: Goldbach/BG_Bank.lean:547:63: try 'simp' instead of 'simpa'

Note: This linter can be disabled with `set_option linter.unnecessarySimpa false`
warning: Goldbach/BG_Bank.lean:550:47: This simp argument is unused:
  add_comm

Hint: Omit it from the simp argument list.
  simp [add_div, div_self, hlogX_ne, add_c̵o̵m̵m̵,̵ ̵a̵d̵d̵_̵left_comm, add_assoc]

Note: This linter can be disabled with `set_option linter.unusedSimpArgs false`
warning: Goldbach/BG_Bank.lean:550:57: This simp argument is unused:
  add_left_comm

Hint: Omit it from the simp argument list.
  simp [add_div, div_self, hlogX_ne, add_comm, a̵d̵d̵_̵l̵e̵f̵t̵_̵c̵o̵m̵m̵,̵ ̵add_assoc]

Note: This linter can be disabled with `set_option linter.unusedSimpArgs false`
warning: Goldbach/BG_Bank.lean:550:72: This simp argument is unused:
  add_assoc

Hint: Omit it from the simp argument list.
  simp [add_div, div_self, hlogX_ne, add_comm, add_left_comm,̵ ̵a̵d̵d̵_̵a̵s̵s̵o̵c̵]

Note: This linter can be disabled with `set_option linter.unusedSimpArgs false`
warning: Goldbach/BG_Bank.lean:559:56: This simp argument is unused:
  add_left_comm

Hint: Omit it from the simp argument list.
  simp [c, Nat.cast_add, Nat.cast_one, add_assoc, a̵d̵d̵_̵l̵e̵f̵t̵_̵c̵o̵m̵m̵,̵ ̵add_comm, add_div, div_self hX0_ne]

Note: This linter can be disabled with `set_option linter.unusedSimpArgs false`
⚠ [7600/7613] Replayed Goldbach.BG_Operator
warning: Goldbach/BG_Operator.lean:31:2: try 'simp' instead of 'simpa'

Note: This linter can be disabled with `set_option linter.unnecessarySimpa false`
warning: Goldbach/BG_Operator.lean:98:2: try 'simp' instead of 'simpa'

Note: This linter can be disabled with `set_option linter.unnecessarySimpa false`
⚠ [7602/7613] Replayed Goldbach.SingularSeries
warning: Goldbach/SingularSeries.lean:40:5: unused variable `h`

Note: This linter can be disabled with `set_option linter.unusedVariables false`
warning: Goldbach/SingularSeries.lean:88:8: `Finset.eq_empty_iff_forall_not_mem` has been deprecated: Use `Finset.eq_empty_iff_forall_notMem` instead
warning: Goldbach/SingularSeries.lean:98:4: try 'simp' instead of 'simpa'

Note: This linter can be disabled with `set_option linter.unnecessarySimpa false`
warning: Goldbach/SingularSeries.lean:99:28: this tactic is never executed

Note: This linter can be disabled with `set_option linter.unreachableTactic false`
warning: Goldbach/SingularSeries.lean:99:57: this tactic is never executed

Note: This linter can be disabled with `set_option linter.unreachableTactic false`
warning: Goldbach/SingularSeries.lean:99:28: 'decide' tactic does nothing

Note: This linter can be disabled with `set_option linter.unusedTactic false`
warning: Goldbach/SingularSeries.lean:99:57: 'decide' tactic does nothing

Note: This linter can be disabled with `set_option linter.unusedTactic false`
⚠ [7604/7613] Replayed Goldbach.PPNumerics
warning: Goldbach/PPNumerics.lean:24:42: try 'simp' instead of 'simpa'

Note: This linter can be disabled with `set_option linter.unnecessarySimpa false`
warning: Goldbach/PPNumerics.lean:27:6: try 'simp' instead of 'simpa'

Note: This linter can be disabled with `set_option linter.unnecessarySimpa false`
⚠ [7605/7613] Replayed Goldbach.PPBoundSquares
warning: Goldbach/PPBoundSquares.lean:41:8: try 'simp' instead of 'simpa'

Note: This linter can be disabled with `set_option linter.unnecessarySimpa false`
warning: Goldbach/PPBoundSquares.lean:228:10: try 'simp' instead of 'simpa'

Note: This linter can be disabled with `set_option linter.unnecessarySimpa false`
⚠ [7607/7613] Replayed Goldbach.AnalyticGlobal
warning: Goldbach/AnalyticGlobal.lean:65:28: This simp argument is unused:
  one_div

Hint: Omit it from the simp argument list.
  simp [div_eq_mul_inv, o̵n̵e̵_̵d̵i̵v̵,̵ ̵mul_comm]

Note: This linter can be disabled with `set_option linter.unusedSimpArgs false`
warning: Goldbach/AnalyticGlobal.lean:68:30: This simp argument is unused:
  one_div

Hint: Omit it from the simp argument list.
  simp [div_eq_mul_inv, o̵n̵e̵_̵d̵i̵v̵,̵ ̵mul_comm]

Note: This linter can be disabled with `set_option linter.unusedSimpArgs false`
warning: Goldbach/AnalyticGlobal.lean:70:39: This simp argument is unused:
  mul_left_comm

Hint: Omit it from the simp argument list.
  simp [one_div, S_ne, mul_comm, mul_l̵e̵f̵t̵_̵c̵o̵m̵m̵,̵ ̵m̵u̵l̵_̵assoc]

Note: This linter can be disabled with `set_option linter.unusedSimpArgs false`
warning: Goldbach/AnalyticGlobal.lean:70:54: This simp argument is unused:
  mul_assoc

Hint: Omit it from the simp argument list.
  simp [one_div, S_ne, mul_comm, mul_left_comm,̵ ̵m̵u̵l̵_̵a̵s̵s̵o̵c̵]

Note: This linter can be disabled with `set_option linter.unusedSimpArgs false`
⚠ [7608/7613] Replayed Goldbach.BankPieces
warning: Goldbach/BankPieces.lean:15:63: `class ... :=` has been deprecated in favor of `class ... where`.

Note: This linter can be disabled with `set_option linter.deprecated false`
⚠ [7610/7613] Replayed Goldbach.Analytic.MajorBoundFromSigma
warning: Goldbach/Analytic/MajorBoundFromSigma.lean:21:75: `structure ... :=` has been deprecated in favor of `structure ... where`.

Note: This linter can be disabled with `set_option linter.deprecated false`
⚠ [7611/7613] Replayed Goldbach.Analytic.NumericSigma
warning: Goldbach/Analytic/NumericSigma.lean:23:32: unused variable `hX`

Note: This linter can be disabled with `set_option linter.unusedVariables false`
✖ [7613/7613] Building Goldbach.BG_Identity (38s)
trace: .> LEAN_PATH=/Users/benjaminnelson/Desktop/nerd shit/goldbach/builds/Goldbach/.lake/packages/Cli/.lake/build/lib/lean:/Users/benjaminnelson/Desktop/nerd shit/goldbach/builds/Goldbach/.lake/packages/batteries/.lake/build/lib/lean:/Users/benjaminnelson/Desktop/nerd shit/goldbach/builds/Goldbach/.lake/packages/Qq/.lake/build/lib/lean:/Users/benjaminnelson/Desktop/nerd shit/goldbach/builds/Goldbach/.lake/packages/aesop/.lake/build/lib/lean:/Users/benjaminnelson/Desktop/nerd shit/goldbach/builds/Goldbach/.lake/packages/proofwidgets/.lake/build/lib/lean:/Users/benjaminnelson/Desktop/nerd shit/goldbach/builds/Goldbach/.lake/packages/importGraph/.lake/build/lib/lean:/Users/benjaminnelson/Desktop/nerd shit/goldbach/builds/Goldbach/.lake/packages/LeanSearchClient/.lake/build/lib/lean:/Users/benjaminnelson/Desktop/nerd shit/goldbach/builds/Goldbach/.lake/packages/plausible/.lake/build/lib/lean:/Users/benjaminnelson/Desktop/nerd shit/goldbach/builds/Goldbach/.lake/packages/mathlib/.lake/build/lib/lean:/Users/benjaminnelson/Desktop/nerd shit/goldbach/builds/Goldbach/.lake/build/lib/lean /Users/benjaminnelson/.elan/toolchains/leanprover--lean4---v4.26.0-rc2/bin/lean /Users/benjaminnelson/Desktop/nerd shit/goldbach/builds/Goldbach/Goldbach/BG_Identity.lean -o /Users/benjaminnelson/Desktop/nerd shit/goldbach/builds/Goldbach/.lake/build/lib/lean/Goldbach/BG_Identity.olean -i /Users/benjaminnelson/Desktop/nerd shit/goldbach/builds/Goldbach/.lake/build/lib/lean/Goldbach/BG_Identity.ilean -c /Users/benjaminnelson/Desktop/nerd shit/goldbach/builds/Goldbach/.lake/build/ir/Goldbach/BG_Identity.c --setup /Users/benjaminnelson/Desktop/nerd shit/goldbach/builds/Goldbach/.lake/build/ir/Goldbach/BG_Identity.setup.json --json
warning: Goldbach/BG_Identity.lean:138:48: This simp argument is unused:
  add_comm

Hint: Omit it from the simp argument list.
  simp [Finset.sum_insert, hk, ih, mul_add, a̵d̵d̵_̵c̵o̵m̵m̵,̵ ̵add_left_comm, add_assoc, mul_comm, mul_left_comm,
  ̲  ̲ ̲ ̲ ̲ ̲ ̲ ̲mul_assoc]

Note: This linter can be disabled with `set_option linter.unusedSimpArgs false`
warning: Goldbach/BG_Identity.lean:138:58: This simp argument is unused:
  add_left_comm

Hint: Omit it from the simp argument list.
  simp [Finset.sum_insert, hk, ih, mul_add, add_comm, a̵d̵d̵_̵l̵e̵f̵t̵_̵c̵o̵m̵m̵,̵add_assoc, mul_comm, mul_left_comm,
  ̲  ̲ ̲ ̲ ̲ ̲ ̲ ̲mul_assoc]

Note: This linter can be disabled with `set_option linter.unusedSimpArgs false`
warning: Goldbach/BG_Identity.lean:139:12: This simp argument is unused:
  add_assoc

Hint: Omit it from the simp argument list.
  simp [Finset.sum_insert, hk, ih, mul_add, add_comm, add_left_comm, a̵d̵d̵_̵a̵s̵s̵o̵c̵,̵ ̵mul_comm, mul_left_comm,
  ̲  ̲ ̲ ̲ ̲ ̲ ̲ ̲mul_assoc]

Note: This linter can be disabled with `set_option linter.unusedSimpArgs false`
warning: Goldbach/BG_Identity.lean:139:23: This simp argument is unused:
  mul_comm

Hint: Omit it from the simp argument list.
  simp [Finset.sum_insert, hk, ih, mul_add, add_comm, add_left_comm, add_assoc, m̵u̵l̵_̵c̵o̵m̵m̵,̵ ̵mul_left_comm,
  ̲  ̲ ̲ ̲ ̲ ̲ ̲ ̲mul_assoc]

Note: This linter can be disabled with `set_option linter.unusedSimpArgs false`
warning: Goldbach/BG_Identity.lean:139:33: This simp argument is unused:
  mul_left_comm

Hint: Omit it from the simp argument list.
  simp [Finset.sum_insert, hk, ih, mul_add, add_comm, add_left_comm, add_assoc, mul_comm,
  ̲  ̲ ̲ ̲ ̲ ̲ ̲ ̲m̵u̵l̵_̵l̵e̵f̵t̵_̵c̵o̵m̵m̵,̵ ̵mul_assoc]

Note: This linter can be disabled with `set_option linter.unusedSimpArgs false`
warning: Goldbach/BG_Identity.lean:139:48: This simp argument is unused:
  mul_assoc

Hint: Omit it from the simp argument list.
  simp [Finset.sum_insert, hk, ih, mul_add, add_comm, add_left_comm, add_assoc, mul_comm,
  ̲  ̲ ̲ ̲ ̲ ̲ ̲ ̲m̵u̵l̵_̵l̵e̵f̵t̵_̵c̵o̵m̵m̵,̵ ̵m̵u̵l̵_̵a̵s̵s̵o̵c̵]̵m̲u̲l̲_̲l̲e̲f̲t̲_̲c̲o̲m̲m̲]̲

Note: This linter can be disabled with `set_option linter.unusedSimpArgs false`
warning: Goldbach/BG_Identity.lean:204:10: This simp argument is unused:
  Finset.sum_insert

Hint: Omit it from the simp argument list.
  simp [̵F̵i̵n̵s̵e̵t̵.̵s̵u̵m̵_̵i̵n̵s̵e̵r̵t̵,̵ ̵h̵a̵,̵[̲h̲a̲,̲ ih, mul_add, add_comm, add_left_comm, add_assoc, mul_comm, mul_left_comm, mul_assoc]

Note: This linter can be disabled with `set_option linter.unusedSimpArgs false`
warning: Goldbach/BG_Identity.lean:204:33: This simp argument is unused:
  ih

Hint: Omit it from the simp argument list.
  simp [Finset.sum_insert, ha, i̵h̵,̵ ̵mul_add, add_comm, add_left_comm,
  ̵  ̵ ̵ ̵ ̵ ̵ ̵ ̵ ̵ ̵add_assoc, mul_comm,
  ̲  ̲ ̲ ̲ ̲ ̲mul_left_comm, mul_assoc]

Note: This linter can be disabled with `set_option linter.unusedSimpArgs false`
warning: Goldbach/BG_Identity.lean:204:56: This simp argument is unused:
  add_left_comm

Hint: Omit it from the simp argument list.
  simp [Finset.sum_insert, ha, ih, mul_add, add_comm, a̵d̵d̵_̵l̵e̵f̵t̵_̵c̵o̵m̵m̵,̵add_assoc, mul_comm, mul_left_comm,
  ̲  ̲ ̲ ̲ ̲ ̲mul_assoc]

Note: This linter can be disabled with `set_option linter.unusedSimpArgs false`
warning: Goldbach/BG_Identity.lean:205:10: This simp argument is unused:
  add_assoc

Hint: Omit it from the simp argument list.
  simp [Finset.sum_insert, ha, ih, mul_add, add_comm, add_left_comm, a̵d̵d̵_̵a̵s̵s̵o̵c̵,̵ ̵mul_comm, mul_left_comm,
  ̲  ̲ ̲ ̲ ̲ ̲mul_assoc]

Note: This linter can be disabled with `set_option linter.unusedSimpArgs false`
warning: Goldbach/BG_Identity.lean:205:31: This simp argument is unused:
  mul_left_comm

Hint: Omit it from the simp argument list.
  simp [Finset.sum_insert, ha, ih, mul_add, add_comm, add_left_comm, add_assoc, mul_comm,
  ̲  ̲ ̲ ̲ ̲ ̲m̵u̵l̵_̵l̵e̵f̵t̵_̵c̵o̵m̵m̵,̵ ̵mul_assoc]

Note: This linter can be disabled with `set_option linter.unusedSimpArgs false`
warning: Goldbach/BG_Identity.lean:205:46: This simp argument is unused:
  mul_assoc

Hint: Omit it from the simp argument list.
  simp [Finset.sum_insert, ha, ih, mul_add, add_comm, add_left_comm, add_assoc, mul_comm,
  ̲  ̲ ̲ ̲ ̲ ̲m̵u̵l̵_̵l̵e̵f̵t̵_̵c̵o̵m̵m̵,̵ ̵m̵u̵l̵_̵a̵s̵s̵o̵c̵]̵m̲u̲l̲_̲l̲e̲f̲t̲_̲c̲o̲m̲m̲]̲

Note: This linter can be disabled with `set_option linter.unusedSimpArgs false`
warning: Goldbach/BG_Identity.lean:301:6: declaration uses 'sorry'
warning: Goldbach/BG_Identity.lean:330:23: This simp argument is unused:
  Int.ofNat_sub hHN

Hint: Omit it from the simp argument list.
  simp only [̵I̵n̵t̵.̵o̵f̵N̵a̵t̵_̵s̵u̵b̵ ̵h̵H̵N̵]̵ ̵at hZint

Note: This linter can be disabled with `set_option linter.unusedSimpArgs false`
warning: Goldbach/BG_Identity.lean:395:4: try 'simp' instead of 'simpa'

Note: This linter can be disabled with `set_option linter.unnecessarySimpa false`
warning: Goldbach/BG_Identity.lean:418:25: try 'simp' instead of 'simpa'

Note: This linter can be disabled with `set_option linter.unnecessarySimpa false`
warning: Goldbach/BG_Identity.lean:461:6: declaration uses 'sorry'
warning: Goldbach/BG_Identity.lean:498:15: unused variable `hX`

Note: This linter can be disabled with `set_option linter.unusedVariables false`
warning: Goldbach/BG_Identity.lean:499:5: unused variable `hN`

Note: This linter can be disabled with `set_option linter.unusedVariables false`
warning: Goldbach/BG_Identity.lean:531:5: unused variable `hk`

Note: This linter can be disabled with `set_option linter.unusedVariables false`
warning: Goldbach/BG_Identity.lean:556:28: This simp argument is unused:
  hUpos.ne'

Hint: Omit it from the simp argument list.
  s̵i̵m̵p̵ ̵[̵K̵_̵f̵u̵l̵l̵,̵ ̵K̵_̵f̵u̵l̵l̵_̵r̵a̵w̵,̵ ̵h̵U̵p̵o̵s̵.̵n̵e̵'̵]̵ ̵a̵t̵ ̵*̵s̲i̲m̲p̲ ̲[̲K̲_̲f̲u̲l̲l̲,̲
  ̲ ̲ ̲ ̲ ̲K̲_̲f̲u̲l̲l̲_̲r̲a̲w̲]̲ ̲a̲t̲ ̲*̲
  ̲ ̲ ̲ ̲ ̲ ̲ ̲-̲-̲ ̲a̲f̲t̲e̲r̲ ̲s̲i̲m̲p̲,̲ ̲g̲o̲a̲l̲ ̲b̲e̲c̲o̲m̲e̲s̲ ̲`̲0̲ ̲<̲ ̲1̲ ̲/̲ ̲(̲U̲c̲u̲t̲:̲ℝ̲)̲`̲
  ̲ ̲ ̲ ̲ ̲ ̲ ̲

Note: This linter can be disabled with `set_option linter.unusedSimpArgs false`
warning: Goldbach/BG_Identity.lean:581:5: unused variable `h`

Note: This linter can be disabled with `set_option linter.unusedVariables false`
warning: Goldbach/BG_Identity.lean:588:5: unused variable `h`

Note: This linter can be disabled with `set_option linter.unusedVariables false`
warning: Goldbach/BG_Identity.lean:604:25: unused variable `X`

Note: This linter can be disabled with `set_option linter.unusedVariables false`
warning: Goldbach/BG_Identity.lean:604:27: unused variable `N`

Note: This linter can be disabled with `set_option linter.unusedVariables false`
warning: Goldbach/BG_Identity.lean:628:5: unused variable `h`

Note: This linter can be disabled with `set_option linter.unusedVariables false`
error: Goldbach/BG_Identity.lean:642:10: Unknown identifier `Kernel.conv_ref_const_eq_sigma_mass_of`
warning: Goldbach/BG_Identity.lean:657:8: try 'simp' instead of 'simpa'

Note: This linter can be disabled with `set_option linter.unnecessarySimpa false`
warning: Goldbach/BG_Identity.lean:685:34: unused variable `hk`

Note: This linter can be disabled with `set_option linter.unusedVariables false`
warning: Goldbach/BG_Identity.lean:689:35: unused variable `hk`

Note: This linter can be disabled with `set_option linter.unusedVariables false`
error: Goldbach/BG_Identity.lean:746:20: failed to synthesize
  HMul (ℕ → ℝ) ℝ ?m.11

Hint: Additional diagnostic information may be available using the `set_option diagnostics true` command.
error: Goldbach/BG_Identity.lean:754:20: typeclass instance problem is stuck
  HMul (ℕ → ℝ) ?m.14 ℝ

Note: Lean will not try to resolve this typeclass instance problem because the second type argument to `HMul` is a metavariable. This argument must be fully determined before Lean will try to resolve the typeclass.

Hint: Adding type annotations and supplying implicit arguments to functions can give Lean more information for typeclass resolution. For example, if you have a variable `x` that you intend to be a `Nat`, but Lean reports it as having an unresolved type like `?m`, replacing `x` with `(x : Nat)` can get typeclass resolution un-stuck.
error: Goldbach/BG_Identity.lean:764:60: unsolved goals
⊢ False
error: Goldbach/BG_Identity.lean:782:58: unsolved goals
⊢ -((↑H + 99) / 100) ≤ ↑H ∧ 0 ≤ ↑H + (↑H + 99) / 100
error: Goldbach/BG_Identity.lean:804:26: Unknown constant `Int.natAbs_eq_ofNat_abs`
error: Goldbach/BG_Identity.lean:810:12: linarith failed to find a contradiction
case h
h0 : 0 ∈ bandU
z : ℤ
hz : z ∈ bandU.erase 0
hzIcc : z ∈ Finset.Icc (-↑Ucut) ↑Ucut
hz0 : z ≠ 0
this : -↑Ucut ≤ z ∧ z ≤ ↑Ucut
hle : z ≤ ↑Ucut
hneg : -↑Ucut ≤ z
hz' : ↑z.natAbs = max (-z) z
a✝ : ↑Ucut < ↑z.natAbs
⊢ False
failed
error: Goldbach/BG_Identity.lean:818:59: mod_cast has type
  ?m.225 = ?m.225
but is expected to have type
  z.natAbs = 0
error: Goldbach/BG_Identity.lean:822:12: Type mismatch
  hzabs0
has type
  z.natAbs = 0
but is expected to have type
  z.natAbs ≠ 0
error: Goldbach/BG_Identity.lean:824:17: Invalid `⟨...⟩` notation: The expected type
  z.natAbs - 1 < Ucut ∧ z = Int.ofNat (z.natAbs - 1).succ ∨ z = -Int.ofNat (z.natAbs - 1).succ
has more than one constructor

Note: This notation can only be used when the expected type is an inductive type with a single constructor
error: Goldbach/BG_Identity.lean:825:10: No goals to be solved
error: Goldbach/BG_Identity.lean:838:69: Application type mismatch: The argument
  hkpos
has type
  k < Ucut
but is expected to have type
  k ∈ Finset.range Ucut
in the application
  And.intro hkpos
error: Goldbach/BG_Identity.lean:793:6: unsolved goals
case h.mp.inr
h0 : 0 ∈ bandU
z : ℤ
hz : z ∈ bandU.erase 0
hzIcc : z ∈ Finset.Icc (-↑Ucut) ↑Ucut
hz0 : z ≠ 0
hzAbs : z.natAbs ≤ Ucut
k : ℕ
h✝ : z = -Int.ofNat k.succ
⊢ z ∈
    Finset.map { toFun := fun k => ↑k.succ, inj' := ⋯ } (Finset.range Ucut) ∪
      Finset.map { toFun := fun k => -↑k.succ, inj' := ⋯ } (Finset.range Ucut)
error: Goldbach/BG_Identity.lean:839:54: unsolved goals
h0 : 0 ∈ bandU
z : ℤ
⊢ K_full_raw (H + (H + 99) / 100) 0 = (↑H + ↑((H + 99) / 100))⁻¹
error: Goldbach/BG_Identity.lean:852:34: maximum recursion depth has been reached
use `set_option maxRecDepth <num>` to increase limit
use `set_option diagnostics true` to get diagnostic information
error: Goldbach/BG_Identity.lean:853:28: Type mismatch
  hk
has type
  k ∈ Finset.map { toFun := fun k => ↑k.succ, inj' := ⋯ } (Finset.range Ucut)
but is expected to have type
  ∀ (a₂ : ℤ) (ha₂ : a₂ ∈ Finset.map { toFun := fun k => ↑k.succ, inj' := ⋯ } (Finset.range Ucut)),
    (fun k hk => k) k hk = (fun k hk => k) a₂ ha₂ → k = a₂
error: Goldbach/BG_Identity.lean:854:14: unsolved goals
case heq
h0 : 0 ∈ bandU
z : ℤ
h0val : K_full 0 = 1 / ↑Ucut
k : ℤ
hk : k ∈ Finset.map { toFun := fun k => -↑k.succ, inj' := ⋯ } (Finset.range Ucut)
⊢ ∃ a < H + (H + 99) / 100, ↑a + 1 = k
error: Goldbach/BG_Identity.lean:855:28: Type mismatch
  hk
has type
  k ∈ Finset.map { toFun := fun k => ↑k.succ, inj' := ⋯ } (Finset.range Ucut)
but is expected to have type
  K_full k = K_full ((fun k hk => k) k hk)
error: Goldbach/BG_Identity.lean:872:68: Type mismatch: After simplification, term
  hbEq
 has type
  -1 + -↑b' = ↑a' + 1
but is expected to have type
  ↑a' + 1 = -1 + -↑b'
error: Goldbach/BG_Identity.lean:873:16: linarith failed to find a contradiction
h0 : 0 ∈ bandU
z : ℤ
h0val : K_full 0 = 1 / ↑Ucut
hpair :
  ∑ k ∈ Finset.map { toFun := fun k => ↑k.succ, inj' := ⋯ } (Finset.range Ucut), K_full k =
    ∑ k ∈ Finset.map { toFun := fun k => -↑k.succ, inj' := ⋯ } (Finset.range Ucut), K_full k
a' : ℕ
ha' : a' ∈ Finset.range Ucut
ha :
  { toFun := fun k => ↑k.succ, inj' := ⋯ } a' ∈ Finset.map { toFun := fun k => ↑k.succ, inj' := ⋯ } (Finset.range Ucut)
hb :
  { toFun := fun k => ↑k.succ, inj' := ⋯ } a' ∈ Finset.map { toFun := fun k => -↑k.succ, inj' := ⋯ } (Finset.range Ucut)
b' : ℕ
hb' : b' ∈ Finset.range Ucut
hbEq : { toFun := fun k => -↑k.succ, inj' := ⋯ } b' = { toFun := fun k => ↑k.succ, inj' := ⋯ } a'
hbPos : ↑b'.succ ≠ 0
this : ↑a'.succ = -↑b'.succ
⊢ False
failed
error: Goldbach/BG_Identity.lean:890:92: Unknown identifier `hpos`
error: Goldbach/BG_Identity.lean:892:6: 'calc' expression has type
  ∑ k ∈ bandU, K_full k = K_full 0 + 2 * ∑ k ∈ Finset.range Ucut, K_full (Int.ofNat k.succ)
but is expected to have type
  z ∈
      Finset.map { toFun := fun k => ↑k.succ, inj' := ⋯ } (Finset.range Ucut) ∪
        Finset.map { toFun := fun k => -↑k.succ, inj' := ⋯ } (Finset.range Ucut) →
    z ∈ bandU.erase 0
error: Goldbach/BG_Identity.lean:779:93: unsolved goals
h0 : 0 ∈ bandU
hpos :
  bandU.erase 0 =
    Finset.map { toFun := fun k => ↑k.succ, inj' := ⋯ } (Finset.range Ucut) ∪
      Finset.map { toFun := fun k => -↑k.succ, inj' := ⋯ } (Finset.range Ucut)
⊢ ∑ k ∈ bandU, K_full k = K_full 0 + 2 * ∑ k ∈ Finset.range Ucut, K_full (Int.ofNat k.succ)
error: Goldbach/BG_Identity.lean:895:22: maximum recursion depth has been reached
use `set_option maxRecDepth <num>` to increase limit
use `set_option diagnostics true` to get diagnostic information
warning: Goldbach/BG_Identity.lean:897:10: try 'simp' instead of 'simpa'

Note: This linter can be disabled with `set_option linter.unnecessarySimpa false`
warning: Goldbach/BG_Identity.lean:916:22: `Finset.range_succ` has been deprecated: Use `Finset.range_add_one` instead
error: Goldbach/BG_Identity.lean:914:72: unsolved goals
hsplit : ∑ k ∈ bandU, K_full k = K_full 0 + 2 * ∑ k ∈ Finset.range Ucut, K_full (Int.ofNat k.succ)
hsum1 : ∑ k ∈ Finset.range Ucut, 1 = ↑Ucut
this : ∑ i ∈ Finset.range Ucut.succ, i = Ucut.succ * (Ucut.succ - 1) / 2
⊢ H + (H + 99) / 100 + ∑ x ∈ Finset.range (H + (H + 99) / 100), x =
    ∑ x ∈ Finset.range (H + (H + 99) / 100), x + (H + (H + 99) / 100)
error: Goldbach/BG_Identity.lean:918:10: Type mismatch: After simplification, term
  Finset.sum_range_id
 has type
  ∀ (n : ℕ), ∑ i ∈ Finset.range n, i = n * (n - 1) / 2
but is expected to have type
  ∑ i ∈ Finset.range (H + (H + 99) / 100 + 1), i = (H + (H + 99) / 100 + 1) * (H + (H + 99) / 100) / 2
error: Goldbach/BG_Identity.lean:919:8: linarith failed to find a contradiction
case h1.h
hsplit : ∑ k ∈ bandU, K_full k = K_full 0 + 2 * ∑ k ∈ Finset.range Ucut, K_full (Int.ofNat k.succ)
hsum1 : ∑ k ∈ Finset.range Ucut, 1 = ↑Ucut
this : ∑ i ∈ Finset.range Ucut.succ, i = Ucut.succ * (Ucut.succ - 1) / 2
hrewrite : ∑ i ∈ Finset.range Ucut.succ, i = ∑ k ∈ Finset.range Ucut, k.succ
hs : ∑ i ∈ Finset.range Ucut.succ, i = Ucut.succ * Ucut / 2
a✝ : ∑ k ∈ Finset.range Ucut, k.succ < Ucut * (Ucut + 1) / 2
⊢ False
failed
error: Goldbach/BG_Identity.lean:921:6: maximum recursion depth has been reached
use `set_option maxRecDepth <num>` to increase limit
use `set_option diagnostics true` to get diagnostic information
error: Goldbach/BG_Identity.lean:928:16: maximum recursion depth has been reached
use `set_option maxRecDepth <num>` to increase limit
use `set_option diagnostics true` to get diagnostic information
error: Goldbach/BG_Identity.lean:940:68: unsolved goals
hsplit : ∑ k ∈ bandU, K_full k = K_full 0 + 2 * ∑ k ∈ Finset.range Ucut, K_full (Int.ofNat k.succ)
hsum1 : ∑ k ∈ Finset.range Ucut, 1 = ↑Ucut
hsumk : ∑ k ∈ Finset.range Ucut, ↑k.succ = ↑Ucut * (↑Ucut + 1) / 2
hUpos : 0 < ↑Ucut
hUpos' : ↑Ucut ≠ 0
⊢ (↑H + ↑((H + 99) / 100) - ∑ x ∈ Finset.range (H + (H + 99) / 100), (↑x + 1) / (↑H + ↑((H + 99) / 100))) /
      (↑H + ↑((H + 99) / 100)) =
    (↑H + ↑((H + 99) / 100))⁻¹ *
      (↑H + ↑((H + 99) / 100) - ∑ x ∈ Finset.range (H + (H + 99) / 100), (↑x + 1) / (↑H + ↑((H + 99) / 100)))
info: Goldbach/BG_Identity.lean:946:8: Try this:
  [apply] ring_nf
  
  The `ring` tactic failed to close the goal. Use `ring_nf` to obtain a normal form.
    
  Note that `ring` works primarily in *commutative* rings. If you have a noncommutative ring, abelian group or module, consider using `noncomm_ring`, `abel` or `module` instead.
error: Goldbach/BG_Identity.lean:943:96: unsolved goals
hsplit : ∑ k ∈ bandU, K_full k = K_full 0 + 2 * ∑ k ∈ Finset.range Ucut, K_full (Int.ofNat k.succ)
hsum1 : ∑ k ∈ Finset.range Ucut, 1 = ↑Ucut
hsumk : ∑ k ∈ Finset.range Ucut, ↑k.succ = ↑Ucut * (↑Ucut + 1) / 2
hUpos : 0 < ↑Ucut
hUpos' : ↑Ucut ≠ 0
⊢ ↑Ucut * (↑Ucut)⁻¹ - (↑Ucut)⁻¹ * ∑ x ∈ Finset.range Ucut, (↑Ucut)⁻¹ * ↑x.succ =
    ↑Ucut * (↑Ucut)⁻¹ + ↑Ucut * (↑Ucut)⁻¹ ^ 2 * (-1 / 2) + ↑Ucut ^ 2 * (↑Ucut)⁻¹ ^ 2 * (-1 / 2)
info: Goldbach/BG_Identity.lean:948:33: Try this:
  [apply] ring_nf
  
  The `ring` tactic failed to close the goal. Use `ring_nf` to obtain a normal form.
    
  Note that `ring` works primarily in *commutative* rings. If you have a noncommutative ring, abelian group or module, consider using `noncomm_ring`, `abel` or `module` instead.
error: Goldbach/BG_Identity.lean:947:34: unsolved goals
hsplit : ∑ k ∈ bandU, K_full k = K_full 0 + 2 * ∑ k ∈ Finset.range Ucut, K_full (Int.ofNat k.succ)
hsum1 : ∑ k ∈ Finset.range Ucut, 1 = ↑Ucut
hsumk : ∑ k ∈ Finset.range Ucut, ↑k.succ = ↑Ucut * (↑Ucut + 1) / 2
hUpos : 0 < ↑Ucut
⊢ -1 + ↑Ucut = -↑Ucut + ↑Ucut ^ 2
error: Goldbach/BG_Identity.lean:957:58: unsolved goals
hsplit : ∑ k ∈ bandU, K_full k = K_full 0 + 2 * ∑ k ∈ Finset.range Ucut, K_full (Int.ofNat k.succ)
hpos_eval : ∑ k ∈ Finset.range Ucut, K_full (Int.ofNat k.succ) = (↑Ucut - 1) / 2
hUpos : ↑Ucut ≠ 0
this : ∑ k ∈ bandU, K_full k = K_full 0 + 2 * ∑ k ∈ Finset.range Ucut, K_full (Int.ofNat k.succ)
⊢ K_full_raw (H + (H + 99) / 100) 0 = (↑H + ↑((H + 99) / 100))⁻¹
info: Goldbach/BG_Identity.lean:966:6: Try this:
  [apply] ring_nf
  
  The `ring` tactic failed to close the goal. Use `ring_nf` to obtain a normal form.
    
  Note that `ring` works primarily in *commutative* rings. If you have a noncommutative ring, abelian group or module, consider using `noncomm_ring`, `abel` or `module` instead.
error: Goldbach/BG_Identity.lean:960:13: unsolved goals
hsplit : ∑ k ∈ bandU, K_full k = K_full 0 + 2 * ∑ k ∈ Finset.range Ucut, K_full (Int.ofNat k.succ)
hpos_eval : ∑ k ∈ Finset.range Ucut, K_full (Int.ofNat k.succ) = (↑Ucut - 1) / 2
hUpos hUpos' : ↑Ucut ≠ 0
hUpos'' : 0 < ↑Ucut
⊢ 1 - ↑Ucut + ↑Ucut ^ 2 = ↑Ucut
warning: Goldbach/BG_Identity.lean:783:14: This simp argument is unused:
  bandU

Hint: Omit it from the simp argument list.
  simp ̵[̵b̵a̵n̵d̵U̵]̵

Note: This linter can be disabled with `set_option linter.unusedSimpArgs false`
warning: Goldbach/BG_Identity.lean:942:14: This simp argument is unused:
  Finset.sum_mul

Hint: Omit it from the simp argument list.
  simp [F̵i̵n̵s̵e̵t̵.̵s̵u̵m̵_̵m̵u̵l̵,̵ ̵hUpos']

Note: This linter can be disabled with `set_option linter.unusedSimpArgs false`
warning: Goldbach/BG_Identity.lean:942:30: This simp argument is unused:
  hUpos'

Hint: Omit it from the simp argument list.
  simp [Finset.sum_mul,̵ ̵h̵U̵p̵o̵s̵'̵]

Note: This linter can be disabled with `set_option linter.unusedSimpArgs false`
warning: Goldbach/BG_Identity.lean:945:43: This simp argument is unused:
  Finset.sum_div

Hint: Omit it from the simp argument list.
  simp only [Finset.sum_sub_distrib, F̵i̵n̵s̵e̵t̵.̵s̵u̵m̵_̵d̵i̵v̵,̵ ̵hsum1, hsumk]

Note: This linter can be disabled with `set_option linter.unusedSimpArgs false`
warning: Goldbach/BG_Identity.lean:945:66: This simp argument is unused:
  hsumk

Hint: Omit it from the simp argument list.
  simp only [Finset.sum_sub_distrib, Finset.sum_div, hsum1,̵ ̵h̵s̵u̵m̵k̵]

Note: This linter can be disabled with `set_option linter.unusedSimpArgs false`
error: Goldbach/BG_Identity.lean:981:27: Invalid argument name `bandU` for function `sum_bandU`
error: Goldbach/BG_Identity.lean:1004:30: unsolved goals
Kadm : BG.AdmissibleKernel Ucut
⊢ 0 ∈ BG_Bank.S_BG
warning: Goldbach/BG_Identity.lean:1021:5: unused variable `h`

Note: This linter can be disabled with `set_option linter.unusedVariables false`
error: Goldbach/BG_Identity.lean:1040:53: Type mismatch: After simplification, term
  hk
 has type
  k ∈ BG_Bank.S_BG
but is expected to have type
  -↑H ≤ k ∧ k ≤ ↑H
error: Goldbach/BG_Identity.lean:1045:6: Tactic `simp` failed with a nested error:
maximum recursion depth has been reached
use `set_option maxRecDepth <num>` to increase limit
use `set_option diagnostics true` to get diagnostic information
warning: Goldbach/BG_Identity.lean:1065:54: try 'simp' instead of 'simpa'

Note: This linter can be disabled with `set_option linter.unnecessarySimpa false`
error: Goldbach/BG_Identity.lean:1080:14: Type mismatch: After simplification, term
  Finset.mem_Icc.mpr hkIcc_pair
 has type
  -↑H ≤ k ∧ k ≤ ↑H
but is expected to have type
  k ∈ BG_Bank.S_BG
error: Goldbach/BG_Identity.lean:1082:53: Type mismatch: After simplification, term
  hk
 has type
  k ∈ BG_Bank.S_BG
but is expected to have type
  -↑H ≤ k ∧ k ≤ ↑H
warning: Goldbach/BG_Identity.lean:1085:6: try 'simp' instead of 'simpa'

Note: This linter can be disabled with `set_option linter.unnecessarySimpa false`
error: Goldbach/BG_Identity.lean:1120:55: linarith failed to find a contradiction
case h
hinner_eq : innerBand = Finset.Icc (-↑H) ↑H
z : ℤ
hz : z ∈ (Finset.Icc (-↑H) ↑H).erase 0
hzIcc : z ∈ Finset.Icc (-↑H) ↑H
hz0 : z ≠ 0
this : -↑H ≤ z ∧ z ≤ ↑H
hle : z ≤ ↑H
hneg : -↑H ≤ z
a✝ : ↑H < ↑z.natAbs
⊢ False
failed
error: Goldbach/BG_Identity.lean:1128:33: Function expected at
  Int.natAbs_eq_zero
but this term has type
  Int.natAbs ?m.243 = 0 ↔ ?m.243 = 0

Note: Expected a function because this term is being applied to the argument
  hzabs0
error: Goldbach/BG_Identity.lean:1131:17: Invalid `⟨...⟩` notation: The expected type
  z.natAbs - 1 < H ∧ z = Int.ofNat (z.natAbs - 1).succ ∨ z = -Int.ofNat (z.natAbs - 1).succ
has more than one constructor

Note: This notation can only be used when the expected type is an inductive type with a single constructor
error: Goldbach/BG_Identity.lean:1132:10: No goals to be solved
error: Goldbach/BG_Identity.lean:1110:6: unsolved goals
case h.mp.inl
hinner_eq : innerBand = Finset.Icc (-↑H) ↑H
k : ℕ
hkpos : k < H
hz : Int.ofNat k.succ ∈ (Finset.Icc (-↑H) ↑H).erase 0
hzIcc : Int.ofNat k.succ ∈ Finset.Icc (-↑H) ↑H
hz0 : Int.ofNat k.succ ≠ 0
hzAbs : (Int.ofNat k.succ).natAbs ≤ H
⊢ Int.ofNat k.succ ∈
    Finset.map { toFun := fun k => ↑k.succ, inj' := ⋯ } (Finset.range H) ∪
      Finset.map { toFun := fun k => -↑k.succ, inj' := ⋯ } (Finset.range H)

case h.mp.inr
hinner_eq : innerBand = Finset.Icc (-↑H) ↑H
z : ℤ
hz : z ∈ (Finset.Icc (-↑H) ↑H).erase 0
hzIcc : z ∈ Finset.Icc (-↑H) ↑H
hz0 : z ≠ 0
hzAbs : z.natAbs ≤ H
k : ℕ
h✝ : z = -Int.ofNat k.succ
⊢ z ∈
    Finset.map { toFun := fun k => ↑k.succ, inj' := ⋯ } (Finset.range H) ∪
      Finset.map { toFun := fun k => -↑k.succ, inj' := ⋯ } (Finset.range H)
error: Goldbach/BG_Identity.lean:1145:54: unsolved goals
hinner_eq : innerBand = Finset.Icc (-↑H) ↑H
z : ℤ
h0mem : 0 ∈ Finset.Icc (-↑H) ↑H
⊢ K_full_raw (H + (H + 99) / 100) 0 = (↑H + ↑((H + 99) / 100))⁻¹
error: Goldbach/BG_Identity.lean:1153:12: `inj` is not a field of structure `Function.Embedding`
error: Goldbach/BG_Identity.lean:1152:10: Fields missing: `inj'`

Hint: Add missing fields:
  
  ̲ ̲ ̲ ̲ ̲ ̲ ̲ ̲ ̲ ̲ ̲ ̲ ̲i̲n̲j̲'̲ ̲:̲=̲ ̲_̲
error: Goldbach/BG_Identity.lean:1159:12: `inj` is not a field of structure `Function.Embedding`
error: Goldbach/BG_Identity.lean:1158:10: Fields missing: `inj'`

Hint: Add missing fields:
  
  ̲ ̲ ̲ ̲ ̲ ̲ ̲ ̲ ̲ ̲ ̲ ̲ ̲i̲n̲j̲'̲ ̲:̲=̲ ̲_̲
error: Goldbach/BG_Identity.lean:1168:60: Type mismatch: After simplification, term
  hEq
 has type
  negEmb j = posEmb i
but is expected to have type
  ↑i + 1 = -1 + -↑j
error: Goldbach/BG_Identity.lean:1170:67: Type mismatch: After simplification, term
  this
 has type
  ↑i + 1 = -1 + -↑j
but is expected to have type
  ↑i + 1 + (↑j + 1) = 0
error: Goldbach/BG_Identity.lean:1171:62: mod_cast has type
  ?m.535
of sort `Type ?u.63471` but is expected to have type
  0 < i.succ + j.succ
of sort `Prop`
error: Goldbach/BG_Identity.lean:1171:78: Application type mismatch: The argument
  Nat.succ_pos j
has type
  0 < j.succ
of sort `Prop` but is expected to have type
  ?m.537
of sort `Type ?u.63472` in the application
  ?m.540 + ⋯
error: Goldbach/BG_Identity.lean:1172:33: Type mismatch: After simplification, term
  hpos
 has type
  0 < ↑i + 1 + (↑j + 1)
but is expected to have type
  False
error: Goldbach/BG_Identity.lean:1174:79: Unknown identifier `hband`
error: Goldbach/BG_Identity.lean:1179:85: Invalid argument name `emb` for function `Finset.sum_map`

Hint: Perhaps you meant one of the following parameter names:
  • `ι`: e̵m̵b̵ι̲
  • `κ`: e̵m̵b̵κ̲
  • `M`: e̵m̵b̵M̲
  • `e`: em̵b̵
error: Goldbach/BG_Identity.lean:1183:85: Invalid argument name `emb` for function `Finset.sum_map`

Hint: Perhaps you meant one of the following parameter names:
  • `ι`: e̵m̵b̵ι̲
  • `κ`: e̵m̵b̵κ̲
  • `M`: e̵m̵b̵M̲
  • `e`: em̵b̵
error: Goldbach/BG_Identity.lean:1187:10: maximum recursion depth has been reached
use `set_option maxRecDepth <num>` to increase limit
use `set_option diagnostics true` to get diagnostic information
warning: Goldbach/BG_Identity.lean:1191:16: try 'simp' instead of 'simpa'

Note: This linter can be disabled with `set_option linter.unnecessarySimpa false`
warning: Goldbach/BG_Identity.lean:1197:16: try 'simp' instead of 'simpa'

Note: This linter can be disabled with `set_option linter.unnecessarySimpa false`
error: Goldbach/BG_Identity.lean:1199:6: 'calc' expression has type
  ∑ k ∈ innerBand, K_full k = K_full 0 + 2 * ∑ k ∈ Finset.range H, K_full (Int.ofNat k.succ)
but is expected to have type
  z ∈
      Finset.map { toFun := fun k => ↑k.succ, inj' := ⋯ } (Finset.range H) ∪
        Finset.map { toFun := fun k => -↑k.succ, inj' := ⋯ } (Finset.range H) →
    z ∈ (Finset.Icc (-↑H) ↑H).erase 0
error: Goldbach/BG_Identity.lean:1103:137: unsolved goals
hinner_eq : innerBand = Finset.Icc (-↑H) ↑H
hband :
  (Finset.Icc (-↑H) ↑H).erase 0 =
    Finset.map { toFun := fun k => ↑k.succ, inj' := ⋯ } (Finset.range H) ∪
      Finset.map { toFun := fun k => -↑k.succ, inj' := ⋯ } (Finset.range H)
⊢ ∑ k ∈ innerBand, K_full k = K_full 0 + 2 * ∑ k ∈ Finset.range H, K_full (Int.ofNat k.succ)
warning: Goldbach/BG_Identity.lean:1208:10: try 'simp' instead of 'simpa'

Note: This linter can be disabled with `set_option linter.unnecessarySimpa false`
error: Goldbach/BG_Identity.lean:1215:8: Type mismatch: After simplification, term
  Finset.sum_range_id
 has type
  ∀ (n : ℕ), ∑ i ∈ Finset.range n, i = n * (n - 1) / 2
but is expected to have type
  ∑ i ∈ Finset.range (H + 1), i = (H + 1) * H / 2
warning: Goldbach/BG_Identity.lean:1221:16: `Finset.range_succ` has been deprecated: Use `Finset.range_add_one` instead
error: Goldbach/BG_Identity.lean:1219:67: unsolved goals
hinner_eq : innerBand = Finset.Icc (-↑H) ↑H
hsplit : ∑ k ∈ innerBand, K_full k = K_full 0 + 2 * ∑ k ∈ Finset.range H, K_full (Int.ofNat k.succ)
hsum1 : ∑ k ∈ Finset.range H, 1 = ↑H
this : ∑ i ∈ Finset.range H.succ, i = H.succ * H / 2
⊢ H + ∑ x ∈ Finset.range H, x = ∑ x ∈ Finset.range H, (x + 1)
error: Goldbach/BG_Identity.lean:1222:6: linarith failed to find a contradiction
case h1.h
hinner_eq : innerBand = Finset.Icc (-↑H) ↑H
hsplit✝ : ∑ k ∈ innerBand, K_full k = K_full 0 + 2 * ∑ k ∈ Finset.range H, K_full (Int.ofNat k.succ)
hsum1 : ∑ k ∈ Finset.range H, 1 = ↑H
this : ∑ i ∈ Finset.range H.succ, i = H.succ * H / 2
hsplit : ∑ i ∈ Finset.range H.succ, i = ∑ k ∈ Finset.range H, k.succ
a✝ : ∑ k ∈ Finset.range H, k.succ < H * (H + 1) / 2
⊢ False
failed
error: Goldbach/BG_Identity.lean:1223:4: maximum recursion depth has been reached
use `set_option maxRecDepth <num>` to increase limit
use `set_option diagnostics true` to get diagnostic information
error: Goldbach/BG_Identity.lean:1239:37: Unknown constant `Int.abs_ofNat`
error: Goldbach/BG_Identity.lean:1239:52: Unknown constant `Int.natAbs_ofNat`
error: Goldbach/BG_Identity.lean:1235:70: unsolved goals
hinner_eq : innerBand = Finset.Icc (-↑H) ↑H
hsplit : ∑ k ∈ innerBand, K_full k = K_full 0 + 2 * ∑ k ∈ Finset.range H, K_full (Int.ofNat k.succ)
hsum1 : ∑ k ∈ Finset.range H, 1 = ↑H
hsumk : ∑ k ∈ Finset.range H, ↑k.succ = ↑H * (↑H + 1) / 2
hUpos : ↑Ucut ≠ 0
hHU : H ≤ Ucut
k : ℕ
hk : k ∈ Finset.range H
hk' : k.succ ≤ Ucut
hnat : (Int.ofNat k.succ).natAbs ≤ Ucut
⊢ K_full_raw (H + (H + 99) / 100) (↑k + 1) = (1 - (↑k + 1) / (↑H + ↑((H + 99) / 100))) / (↑H + ↑((H + 99) / 100))
error: Goldbach/BG_Identity.lean:1245:111: unsolved goals
hinner_eq : innerBand = Finset.Icc (-↑H) ↑H
hsplit : ∑ k ∈ innerBand, K_full k = K_full 0 + 2 * ∑ k ∈ Finset.range H, K_full (Int.ofNat k.succ)
hsum1 : ∑ k ∈ Finset.range H, 1 = ↑H
hsumk : ∑ k ∈ Finset.range H, ↑k.succ = ↑H * (↑H + 1) / 2
hUpos : ↑Ucut ≠ 0
hHU : H ≤ Ucut
this✝ : ∀ k ∈ Finset.range H, K_full (Int.ofNat k.succ) = (1 - ↑k.succ / ↑Ucut) / ↑Ucut
this : ↑Ucut ≠ 0
⊢ ∑ x ∈ Finset.range H, (1 - (↑x + 1) / (↑H + ↑((H + 99) / 100))) / (↑H + ↑((H + 99) / 100)) =
    (↑H + ↑((H + 99) / 100))⁻¹ * (↑H - ∑ x ∈ Finset.range H, (↑x + 1) / (↑H + ↑((H + 99) / 100)))
error: Goldbach/BG_Identity.lean:1248:87: unsolved goals
hinner_eq : innerBand = Finset.Icc (-↑H) ↑H
hsplit : ∑ k ∈ innerBand, K_full k = K_full 0 + 2 * ∑ k ∈ Finset.range H, K_full (Int.ofNat k.succ)
hsum1 : ∑ k ∈ Finset.range H, 1 = ↑H
hsumk : ∑ k ∈ Finset.range H, ↑k.succ = ↑H * (↑H + 1) / 2
hUpos : ↑Ucut ≠ 0
hHU : H ≤ Ucut
this : ∀ k ∈ Finset.range H, K_full (Int.ofNat k.succ) = (1 - ↑k.succ / ↑Ucut) / ↑Ucut
⊢ ∑ x ∈ Finset.range H, (↑x + 1) / (↑H + ↑((H + 99) / 100)) = (↑H + ↑((H + 99) / 100))⁻¹ * (↑H * (↑H + 1) / 2) ∨
    ↑H + ↑((H + 99) / 100) = 0
error: Goldbach/BG_Identity.lean:1260:4: maximum recursion depth has been reached
use `set_option maxRecDepth <num>` to increase limit
use `set_option diagnostics true` to get diagnostic information
error: Goldbach/BG_Identity.lean:1269:2: maximum recursion depth has been reached
use `set_option maxRecDepth <num>` to increase limit
use `set_option diagnostics true` to get diagnostic information
warning: Goldbach/BG_Identity.lean:1239:27: This simp argument is unused:
  hnat

Hint: Omit it from the simp argument list.
  simp [h̵n̵a̵t̵,̵ ̵Int.abs_ofNat, Int.natAbs_ofNat]

Note: This linter can be disabled with `set_option linter.unusedSimpArgs false`
warning: Goldbach/BG_Identity.lean:1247:18: This simp argument is unused:
  Finset.sum_mul

Hint: Omit it from the simp argument list.
  simp [̵F̵i̵n̵s̵e̵t̵.̵s̵u̵m̵_̵m̵u̵l̵,̵ ̵t̵h̵i̵s̵]̵[̲t̲h̲i̲s̲]̲

Note: This linter can be disabled with `set_option linter.unusedSimpArgs false`
warning: Goldbach/BG_Identity.lean:1247:34: This simp argument is unused:
  this

Hint: Omit it from the simp argument list.
  simp [Finset.sum_mul,̵ ̵t̵h̵i̵s̵]

Note: This linter can be disabled with `set_option linter.unusedSimpArgs false`
warning: Goldbach/BG_Identity.lean:1249:42: This simp argument is unused:
  Finset.sum_div

Hint: Omit it from the simp argument list.
  simp [Finset.sum_sub_distrib, F̵i̵n̵s̵e̵t̵.̵s̵u̵m̵_̵d̵i̵v̵,̵ ̵hsum1, hsumk]

Note: This linter can be disabled with `set_option linter.unusedSimpArgs false`
warning: Goldbach/BG_Identity.lean:1249:65: This simp argument is unused:
  hsumk

Hint: Omit it from the simp argument list.
  simp [Finset.sum_sub_distrib, Finset.sum_div, hsum1,̵ ̵h̵s̵u̵m̵k̵]

Note: This linter can be disabled with `set_option linter.unusedSimpArgs false`
warning: Goldbach/BG_Identity.lean:1271:6: declaration uses 'sorry'
error: Goldbach/BG_Identity.lean:1317:21: maximum recursion depth has been reached
use `set_option maxRecDepth <num>` to increase limit
use `set_option diagnostics true` to get diagnostic information
error: Goldbach/BG_Identity.lean:1470:0: unexpected end of input; expected 'lemma'
error: Lean exited with code 1
Some required targets logged failures:
- Goldbach.BG_Identity
error: build failed
⚠ [7587/7613] Replayed Goldbach.Compat
warning: Goldbach/Compat.lean:18:2: try 'simp' instead of 'simpa'

Note: This linter can be disabled with `set_option linter.unnecessarySimpa false`
warning: Goldbach/Compat.lean:24:40: unused variable `hb`

Note: This linter can be disabled with `set_option linter.unusedVariables false`
warning: Goldbach/Compat.lean:50:4: try 'simp' instead of 'simpa'

Note: This linter can be disabled with `set_option linter.unnecessarySimpa false`
⚠ [7590/7613] Replayed Goldbach.Windows
warning: Goldbach/Windows.lean:63:4: try 'simp' instead of 'simpa'

Note: This linter can be disabled with `set_option linter.unnecessarySimpa false`
warning: Goldbach/Windows.lean:68:2: try 'simp' instead of 'simpa'

Note: This linter can be disabled with `set_option linter.unnecessarySimpa false`
warning: Goldbach/Windows.lean:68:38: this tactic is never executed

Note: This linter can be disabled with `set_option linter.unreachableTactic false`
warning: Goldbach/Windows.lean:68:38: 'simpa using hmap' tactic does nothing

Note: This linter can be disabled with `set_option linter.unusedTactic false`
⚠ [7595/7613] Replayed Goldbach.AO_AssembleEnvelope
warning: Goldbach/AO_AssembleEnvelope.lean:67:20: try 'simp' instead of 'simpa'

Note: This linter can be disabled with `set_option linter.unnecessarySimpa false`
⚠ [7597/7613] Replayed Goldbach.AO_Major
warning: Goldbach/AO_Major.lean:21:13: unused variable `hX`

Note: This linter can be disabled with `set_option linter.unusedVariables false`
warning: Goldbach/AO_Major.lean:21:35: unused variable `hN`

Note: This linter can be disabled with `set_option linter.unusedVariables false`
warning: Goldbach/AO_Major.lean:25:24: This simp argument is unused:
  add_assoc

Hint: Omit it from the simp argument list.
  simp [Goldbach.AO_Major.errAO, Goldbach.AO_Major.weight_mass, Goldbach.AO_Core.errAO,
       ̵ ̵ ̵ ̵sub_eq_add_neg, add_a̵s̵s̵o̵c̵,̵ ̵a̵d̵d̵_̵left_comm, add_comm, mul_assoc]

Note: This linter can be disabled with `set_option linter.unusedSimpArgs false`
warning: Goldbach/AO_Major.lean:25:60: This simp argument is unused:
  mul_assoc

Hint: Omit it from the simp argument list.
  simp [Goldbach.AO_Major.errAO, Goldbach.AO_Major.weight_mass, Goldbach.AO_Core.errAO,
       ̵ ̵ ̵ ̵sub_eq_add_neg, add_assoc, add_left_comm, add_comm,̵ ̵m̵u̵l̵_̵a̵s̵s̵o̵c̵]

Note: This linter can be disabled with `set_option linter.unusedSimpArgs false`
warning: Goldbach/AO_Major.lean:46:5: unused variable `h`

Note: This linter can be disabled with `set_option linter.unusedVariables false`
warning: Goldbach/AO_Major.lean:58:24: This simp argument is unused:
  dif_pos

Hint: Omit it from the simp argument list.
  simp only [MPDF, win, d̵i̵f̵_̵p̵o̵s̵,̵ ̵mul_div_assoc']

Note: This linter can be disabled with `set_option linter.unusedSimpArgs false`
warning: Goldbach/AO_Major.lean:58:33: This simp argument is unused:
  mul_div_assoc'

Hint: Omit it from the simp argument list.
  simp only [MPDF, win, dif_pos,̵ ̵m̵u̵l̵_̵d̵i̵v̵_̵a̵s̵s̵o̵c̵'̵]

Note: This linter can be disabled with `set_option linter.unusedSimpArgs false`
warning: Goldbach/AO_Major.lean:81:69: try 'simp' instead of 'simpa'

Note: This linter can be disabled with `set_option linter.unnecessarySimpa false`
warning: Goldbach/AO_Major.lean:82:68: try 'simp' instead of 'simpa'

Note: This linter can be disabled with `set_option linter.unnecessarySimpa false`
warning: Goldbach/AO_Major.lean:83:68: try 'simp' instead of 'simpa'

Note: This linter can be disabled with `set_option linter.unnecessarySimpa false`
warning: Goldbach/AO_Major.lean:85:90: This simp argument is unused:
  add_assoc

Hint: Omit it from the simp argument list.
  simp [sub_eq_add_neg,̵ ̵a̵d̵d̵_̵a̵s̵s̵o̵c̵]

Note: This linter can be disabled with `set_option linter.unusedSimpArgs false`
warning: Goldbach/AO_Major.lean:101:24: This simp argument is unused:
  dif_pos

Hint: Omit it from the simp argument list.
  simp only [MPDF, win,̵ ̵d̵i̵f̵_̵p̵o̵s̵]

Note: This linter can be disabled with `set_option linter.unusedSimpArgs false`
⚠ [7599/7613] Replayed Goldbach.BG_Bank
warning: Goldbach/BG_Bank.lean:13:25: unused variable `n`

Note: This linter can be disabled with `set_option linter.unusedVariables false`
warning: Goldbach/BG_Bank.lean:75:4: try 'simp' instead of 'simpa'

Note: This linter can be disabled with `set_option linter.unnecessarySimpa false`
warning: Goldbach/BG_Bank.lean:75:25: this tactic is never executed

Note: This linter can be disabled with `set_option linter.unreachableTactic false`
warning: Goldbach/BG_Bank.lean:75:25: 'decide' tactic does nothing

Note: This linter can be disabled with `set_option linter.unusedTactic false`
warning: Goldbach/BG_Bank.lean:288:14: try 'simp' instead of 'simpa'

Note: This linter can be disabled with `set_option linter.unnecessarySimpa false`
warning: Goldbach/BG_Bank.lean:188:42: This simp argument is unused:
  Nat.cast_sub hn_le

Hint: Omit it from the simp argument list.
  simp only [Nat.cast_succ,̵ ̵N̵a̵t̵.̵c̵a̵s̵t̵_̵s̵u̵b̵ ̵h̵n̵_̵l̵e̵]

Note: This linter can be disabled with `set_option linter.unusedSimpArgs false`
warning: Goldbach/BG_Bank.lean:194:24: This simp argument is unused:
  abs_of_nonneg hlog_Nm_nn

Hint: Omit it from the simp argument list.
  simp [hp,̵ ̵a̵b̵s̵_̵o̵f̵_̵n̵o̵n̵n̵e̵g̵ ̵h̵l̵o̵g̵_̵N̵m̵_̵n̵n̵]

Note: This linter can be disabled with `set_option linter.unusedSimpArgs false`
warning: Goldbach/BG_Bank.lean:202:24: This simp argument is unused:
  abs_of_nonneg hlog_Np1_nn

Hint: Omit it from the simp argument list.
  simp [hp,̵ ̵a̵b̵s̵_̵o̵f̵_̵n̵o̵n̵n̵e̵g̵ ̵h̵l̵o̵g̵_̵N̵p̵1̵_̵n̵n̵]

Note: This linter can be disabled with `set_option linter.unusedSimpArgs false`
warning: Goldbach/BG_Bank.lean:218:46: This simp argument is unused:
  mul_comm

Hint: Omit it from the simp argument list.
  simp [abs_mul, mul_assoc, m̵u̵l̵_̵c̵o̵m̵m̵,̵ ̵mul_left_comm]

Note: This linter can be disabled with `set_option linter.unusedSimpArgs false`
warning: Goldbach/BG_Bank.lean:326:20: This simp argument is unused:
  hlogXabs

Hint: Omit it from the simp argument list.
  simp [h̵l̵o̵g̵X̵a̵b̵s̵,̵ ̵mul_comm, mul_left_comm, mul_assoc]

Note: This linter can be disabled with `set_option linter.unusedSimpArgs false`
warning: Goldbach/BG_Bank.lean:326:30: This simp argument is unused:
  mul_comm

Hint: Omit it from the simp argument list.
  simp [hlogXabs, m̵u̵l̵_̵c̵o̵m̵m̵,̵ ̵mul_left_comm, mul_assoc]

Note: This linter can be disabled with `set_option linter.unusedSimpArgs false`
warning: Goldbach/BG_Bank.lean:403:14: try 'simp' instead of 'simpa'

Note: This linter can be disabled with `set_option linter.unnecessarySimpa false`
warning: Goldbach/BG_Bank.lean:405:14: try 'simp' instead of 'simpa'

Note: This linter can be disabled with `set_option linter.unnecessarySimpa false`
warning: Goldbach/BG_Bank.lean:407:40: This simp argument is unused:
  add_comm

Hint: Omit it from the simp argument list.
  simp [div_self, hlogX_ne, add_c̵o̵m̵m̵,̵ ̵a̵d̵d̵_̵left_comm, add_assoc]

Note: This linter can be disabled with `set_option linter.unusedSimpArgs false`
warning: Goldbach/BG_Bank.lean:407:50: This simp argument is unused:
  add_left_comm

Hint: Omit it from the simp argument list.
  simp [div_self, hlogX_ne, add_comm, a̵d̵d̵_̵l̵e̵f̵t̵_̵c̵o̵m̵m̵,̵ ̵add_assoc]

Note: This linter can be disabled with `set_option linter.unusedSimpArgs false`
warning: Goldbach/BG_Bank.lean:407:65: This simp argument is unused:
  add_assoc

Hint: Omit it from the simp argument list.
  simp [div_self, hlogX_ne, add_comm, add_left_comm,̵ ̵a̵d̵d̵_̵a̵s̵s̵o̵c̵]

Note: This linter can be disabled with `set_option linter.unusedSimpArgs false`
warning: Goldbach/BG_Bank.lean:547:63: try 'simp' instead of 'simpa'

Note: This linter can be disabled with `set_option linter.unnecessarySimpa false`
warning: Goldbach/BG_Bank.lean:550:47: This simp argument is unused:
  add_comm

Hint: Omit it from the simp argument list.
  simp [add_div, div_self, hlogX_ne, add_c̵o̵m̵m̵,̵ ̵a̵d̵d̵_̵left_comm, add_assoc]

Note: This linter can be disabled with `set_option linter.unusedSimpArgs false`
warning: Goldbach/BG_Bank.lean:550:57: This simp argument is unused:
  add_left_comm

Hint: Omit it from the simp argument list.
  simp [add_div, div_self, hlogX_ne, add_comm, a̵d̵d̵_̵l̵e̵f̵t̵_̵c̵o̵m̵m̵,̵ ̵add_assoc]

Note: This linter can be disabled with `set_option linter.unusedSimpArgs false`
warning: Goldbach/BG_Bank.lean:550:72: This simp argument is unused:
  add_assoc

Hint: Omit it from the simp argument list.
  simp [add_div, div_self, hlogX_ne, add_comm, add_left_comm,̵ ̵a̵d̵d̵_̵a̵s̵s̵o̵c̵]

Note: This linter can be disabled with `set_option linter.unusedSimpArgs false`
warning: Goldbach/BG_Bank.lean:559:56: This simp argument is unused:
  add_left_comm

Hint: Omit it from the simp argument list.
  simp [c, Nat.cast_add, Nat.cast_one, add_assoc, a̵d̵d̵_̵l̵e̵f̵t̵_̵c̵o̵m̵m̵,̵ ̵add_comm, add_div, div_self hX0_ne]

Note: This linter can be disabled with `set_option linter.unusedSimpArgs false`
⚠ [7600/7613] Replayed Goldbach.BG_Operator
warning: Goldbach/BG_Operator.lean:31:2: try 'simp' instead of 'simpa'

Note: This linter can be disabled with `set_option linter.unnecessarySimpa false`
warning: Goldbach/BG_Operator.lean:98:2: try 'simp' instead of 'simpa'

Note: This linter can be disabled with `set_option linter.unnecessarySimpa false`
⚠ [7602/7613] Replayed Goldbach.SingularSeries
warning: Goldbach/SingularSeries.lean:40:5: unused variable `h`

Note: This linter can be disabled with `set_option linter.unusedVariables false`
warning: Goldbach/SingularSeries.lean:88:8: `Finset.eq_empty_iff_forall_not_mem` has been deprecated: Use `Finset.eq_empty_iff_forall_notMem` instead
warning: Goldbach/SingularSeries.lean:98:4: try 'simp' instead of 'simpa'

Note: This linter can be disabled with `set_option linter.unnecessarySimpa false`
warning: Goldbach/SingularSeries.lean:99:28: this tactic is never executed

Note: This linter can be disabled with `set_option linter.unreachableTactic false`
warning: Goldbach/SingularSeries.lean:99:57: this tactic is never executed

Note: This linter can be disabled with `set_option linter.unreachableTactic false`
warning: Goldbach/SingularSeries.lean:99:28: 'decide' tactic does nothing

Note: This linter can be disabled with `set_option linter.unusedTactic false`
warning: Goldbach/SingularSeries.lean:99:57: 'decide' tactic does nothing

Note: This linter can be disabled with `set_option linter.unusedTactic false`
⚠ [7604/7613] Replayed Goldbach.PPNumerics
warning: Goldbach/PPNumerics.lean:24:42: try 'simp' instead of 'simpa'

Note: This linter can be disabled with `set_option linter.unnecessarySimpa false`
warning: Goldbach/PPNumerics.lean:27:6: try 'simp' instead of 'simpa'

Note: This linter can be disabled with `set_option linter.unnecessarySimpa false`
⚠ [7605/7613] Replayed Goldbach.PPBoundSquares
warning: Goldbach/PPBoundSquares.lean:41:8: try 'simp' instead of 'simpa'

Note: This linter can be disabled with `set_option linter.unnecessarySimpa false`
warning: Goldbach/PPBoundSquares.lean:228:10: try 'simp' instead of 'simpa'

Note: This linter can be disabled with `set_option linter.unnecessarySimpa false`
⚠ [7607/7613] Replayed Goldbach.AnalyticGlobal
warning: Goldbach/AnalyticGlobal.lean:65:28: This simp argument is unused:
  one_div

Hint: Omit it from the simp argument list.
  simp [div_eq_mul_inv, o̵n̵e̵_̵d̵i̵v̵,̵ ̵mul_comm]

Note: This linter can be disabled with `set_option linter.unusedSimpArgs false`
warning: Goldbach/AnalyticGlobal.lean:68:30: This simp argument is unused:
  one_div

Hint: Omit it from the simp argument list.
  simp [div_eq_mul_inv, o̵n̵e̵_̵d̵i̵v̵,̵ ̵mul_comm]

Note: This linter can be disabled with `set_option linter.unusedSimpArgs false`
warning: Goldbach/AnalyticGlobal.lean:70:39: This simp argument is unused:
  mul_left_comm

Hint: Omit it from the simp argument list.
  simp [one_div, S_ne, mul_comm, mul_l̵e̵f̵t̵_̵c̵o̵m̵m̵,̵ ̵m̵u̵l̵_̵assoc]

Note: This linter can be disabled with `set_option linter.unusedSimpArgs false`
warning: Goldbach/AnalyticGlobal.lean:70:54: This simp argument is unused:
  mul_assoc

Hint: Omit it from the simp argument list.
  simp [one_div, S_ne, mul_comm, mul_left_comm,̵ ̵m̵u̵l̵_̵a̵s̵s̵o̵c̵]

Note: This linter can be disabled with `set_option linter.unusedSimpArgs false`
⚠ [7608/7613] Replayed Goldbach.BankPieces
warning: Goldbach/BankPieces.lean:15:63: `class ... :=` has been deprecated in favor of `class ... where`.

Note: This linter can be disabled with `set_option linter.deprecated false`
⚠ [7610/7613] Replayed Goldbach.Analytic.MajorBoundFromSigma
warning: Goldbach/Analytic/MajorBoundFromSigma.lean:21:75: `structure ... :=` has been deprecated in favor of `structure ... where`.

Note: This linter can be disabled with `set_option linter.deprecated false`
⚠ [7611/7613] Replayed Goldbach.Analytic.NumericSigma
warning: Goldbach/Analytic/NumericSigma.lean:23:32: unused variable `hX`

Note: This linter can be disabled with `set_option linter.unusedVariables false`
✖ [7613/7613] Building Goldbach.BG_Identity (68s)
trace: .> LEAN_PATH=/Users/benjaminnelson/Desktop/nerd shit/goldbach/builds/Goldbach/.lake/packages/Cli/.lake/build/lib/lean:/Users/benjaminnelson/Desktop/nerd shit/goldbach/builds/Goldbach/.lake/packages/batteries/.lake/build/lib/lean:/Users/benjaminnelson/Desktop/nerd shit/goldbach/builds/Goldbach/.lake/packages/Qq/.lake/build/lib/lean:/Users/benjaminnelson/Desktop/nerd shit/goldbach/builds/Goldbach/.lake/packages/aesop/.lake/build/lib/lean:/Users/benjaminnelson/Desktop/nerd shit/goldbach/builds/Goldbach/.lake/packages/proofwidgets/.lake/build/lib/lean:/Users/benjaminnelson/Desktop/nerd shit/goldbach/builds/Goldbach/.lake/packages/importGraph/.lake/build/lib/lean:/Users/benjaminnelson/Desktop/nerd shit/goldbach/builds/Goldbach/.lake/packages/LeanSearchClient/.lake/build/lib/lean:/Users/benjaminnelson/Desktop/nerd shit/goldbach/builds/Goldbach/.lake/packages/plausible/.lake/build/lib/lean:/Users/benjaminnelson/Desktop/nerd shit/goldbach/builds/Goldbach/.lake/packages/mathlib/.lake/build/lib/lean:/Users/benjaminnelson/Desktop/nerd shit/goldbach/builds/Goldbach/.lake/build/lib/lean /Users/benjaminnelson/.elan/toolchains/leanprover--lean4---v4.26.0-rc2/bin/lean /Users/benjaminnelson/Desktop/nerd shit/goldbach/builds/Goldbach/Goldbach/BG_Identity.lean -o /Users/benjaminnelson/Desktop/nerd shit/goldbach/builds/Goldbach/.lake/build/lib/lean/Goldbach/BG_Identity.olean -i /Users/benjaminnelson/Desktop/nerd shit/goldbach/builds/Goldbach/.lake/build/lib/lean/Goldbach/BG_Identity.ilean -c /Users/benjaminnelson/Desktop/nerd shit/goldbach/builds/Goldbach/.lake/build/ir/Goldbach/BG_Identity.c --setup /Users/benjaminnelson/Desktop/nerd shit/goldbach/builds/Goldbach/.lake/build/ir/Goldbach/BG_Identity.setup.json --json
warning: Goldbach/BG_Identity.lean:138:48: This simp argument is unused:
  add_comm

Hint: Omit it from the simp argument list.
  simp [Finset.sum_insert, hk, ih, mul_add, a̵d̵d̵_̵c̵o̵m̵m̵,̵ ̵add_left_comm, add_assoc, mul_comm, mul_left_comm,
  ̲  ̲ ̲ ̲ ̲ ̲ ̲ ̲mul_assoc]

Note: This linter can be disabled with `set_option linter.unusedSimpArgs false`
warning: Goldbach/BG_Identity.lean:138:58: This simp argument is unused:
  add_left_comm

Hint: Omit it from the simp argument list.
  simp [Finset.sum_insert, hk, ih, mul_add, add_comm, a̵d̵d̵_̵l̵e̵f̵t̵_̵c̵o̵m̵m̵,̵add_assoc, mul_comm, mul_left_comm,
  ̲  ̲ ̲ ̲ ̲ ̲ ̲ ̲mul_assoc]

Note: This linter can be disabled with `set_option linter.unusedSimpArgs false`
warning: Goldbach/BG_Identity.lean:139:12: This simp argument is unused:
  add_assoc

Hint: Omit it from the simp argument list.
  simp [Finset.sum_insert, hk, ih, mul_add, add_comm, add_left_comm, a̵d̵d̵_̵a̵s̵s̵o̵c̵,̵ ̵mul_comm, mul_left_comm,
  ̲  ̲ ̲ ̲ ̲ ̲ ̲ ̲mul_assoc]

Note: This linter can be disabled with `set_option linter.unusedSimpArgs false`
warning: Goldbach/BG_Identity.lean:139:23: This simp argument is unused:
  mul_comm

Hint: Omit it from the simp argument list.
  simp [Finset.sum_insert, hk, ih, mul_add, add_comm, add_left_comm, add_assoc, m̵u̵l̵_̵c̵o̵m̵m̵,̵ ̵mul_left_comm,
  ̲  ̲ ̲ ̲ ̲ ̲ ̲ ̲mul_assoc]

Note: This linter can be disabled with `set_option linter.unusedSimpArgs false`
warning: Goldbach/BG_Identity.lean:139:33: This simp argument is unused:
  mul_left_comm

Hint: Omit it from the simp argument list.
  simp [Finset.sum_insert, hk, ih, mul_add, add_comm, add_left_comm, add_assoc, mul_comm,
  ̲  ̲ ̲ ̲ ̲ ̲ ̲ ̲m̵u̵l̵_̵l̵e̵f̵t̵_̵c̵o̵m̵m̵,̵ ̵mul_assoc]

Note: This linter can be disabled with `set_option linter.unusedSimpArgs false`
warning: Goldbach/BG_Identity.lean:139:48: This simp argument is unused:
  mul_assoc

Hint: Omit it from the simp argument list.
  simp [Finset.sum_insert, hk, ih, mul_add, add_comm, add_left_comm, add_assoc, mul_comm,
  ̲  ̲ ̲ ̲ ̲ ̲ ̲ ̲m̵u̵l̵_̵l̵e̵f̵t̵_̵c̵o̵m̵m̵,̵ ̵m̵u̵l̵_̵a̵s̵s̵o̵c̵]̵m̲u̲l̲_̲l̲e̲f̲t̲_̲c̲o̲m̲m̲]̲

Note: This linter can be disabled with `set_option linter.unusedSimpArgs false`
warning: Goldbach/BG_Identity.lean:204:10: This simp argument is unused:
  Finset.sum_insert

Hint: Omit it from the simp argument list.
  simp [̵F̵i̵n̵s̵e̵t̵.̵s̵u̵m̵_̵i̵n̵s̵e̵r̵t̵,̵ ̵h̵a̵,̵[̲h̲a̲,̲ ih, mul_add, add_comm, add_left_comm, add_assoc, mul_comm, mul_left_comm, mul_assoc]

Note: This linter can be disabled with `set_option linter.unusedSimpArgs false`
warning: Goldbach/BG_Identity.lean:204:33: This simp argument is unused:
  ih

Hint: Omit it from the simp argument list.
  simp [Finset.sum_insert, ha, i̵h̵,̵ ̵mul_add, add_comm, add_left_comm,
  ̵  ̵ ̵ ̵ ̵ ̵ ̵ ̵ ̵ ̵add_assoc, mul_comm,
  ̲  ̲ ̲ ̲ ̲ ̲mul_left_comm, mul_assoc]

Note: This linter can be disabled with `set_option linter.unusedSimpArgs false`
warning: Goldbach/BG_Identity.lean:204:56: This simp argument is unused:
  add_left_comm

Hint: Omit it from the simp argument list.
  simp [Finset.sum_insert, ha, ih, mul_add, add_comm, a̵d̵d̵_̵l̵e̵f̵t̵_̵c̵o̵m̵m̵,̵add_assoc, mul_comm, mul_left_comm,
  ̲  ̲ ̲ ̲ ̲ ̲mul_assoc]

Note: This linter can be disabled with `set_option linter.unusedSimpArgs false`
warning: Goldbach/BG_Identity.lean:205:10: This simp argument is unused:
  add_assoc

Hint: Omit it from the simp argument list.
  simp [Finset.sum_insert, ha, ih, mul_add, add_comm, add_left_comm, a̵d̵d̵_̵a̵s̵s̵o̵c̵,̵ ̵mul_comm, mul_left_comm,
  ̲  ̲ ̲ ̲ ̲ ̲mul_assoc]

Note: This linter can be disabled with `set_option linter.unusedSimpArgs false`
warning: Goldbach/BG_Identity.lean:205:31: This simp argument is unused:
  mul_left_comm

Hint: Omit it from the simp argument list.
  simp [Finset.sum_insert, ha, ih, mul_add, add_comm, add_left_comm, add_assoc, mul_comm,
  ̲  ̲ ̲ ̲ ̲ ̲m̵u̵l̵_̵l̵e̵f̵t̵_̵c̵o̵m̵m̵,̵ ̵mul_assoc]

Note: This linter can be disabled with `set_option linter.unusedSimpArgs false`
warning: Goldbach/BG_Identity.lean:205:46: This simp argument is unused:
  mul_assoc

Hint: Omit it from the simp argument list.
  simp [Finset.sum_insert, ha, ih, mul_add, add_comm, add_left_comm, add_assoc, mul_comm,
  ̲  ̲ ̲ ̲ ̲ ̲m̵u̵l̵_̵l̵e̵f̵t̵_̵c̵o̵m̵m̵,̵ ̵m̵u̵l̵_̵a̵s̵s̵o̵c̵]̵m̲u̲l̲_̲l̲e̲f̲t̲_̲c̲o̲m̲m̲]̲

Note: This linter can be disabled with `set_option linter.unusedSimpArgs false`
warning: Goldbach/BG_Identity.lean:301:6: declaration uses 'sorry'
warning: Goldbach/BG_Identity.lean:330:23: This simp argument is unused:
  Int.ofNat_sub hHN

Hint: Omit it from the simp argument list.
  simp only [̵I̵n̵t̵.̵o̵f̵N̵a̵t̵_̵s̵u̵b̵ ̵h̵H̵N̵]̵ ̵at hZint

Note: This linter can be disabled with `set_option linter.unusedSimpArgs false`
warning: Goldbach/BG_Identity.lean:395:4: try 'simp' instead of 'simpa'

Note: This linter can be disabled with `set_option linter.unnecessarySimpa false`
warning: Goldbach/BG_Identity.lean:418:25: try 'simp' instead of 'simpa'

Note: This linter can be disabled with `set_option linter.unnecessarySimpa false`
warning: Goldbach/BG_Identity.lean:461:6: declaration uses 'sorry'
warning: Goldbach/BG_Identity.lean:498:15: unused variable `hX`

Note: This linter can be disabled with `set_option linter.unusedVariables false`
warning: Goldbach/BG_Identity.lean:499:5: unused variable `hN`

Note: This linter can be disabled with `set_option linter.unusedVariables false`
warning: Goldbach/BG_Identity.lean:531:5: unused variable `hk`

Note: This linter can be disabled with `set_option linter.unusedVariables false`
warning: Goldbach/BG_Identity.lean:556:28: This simp argument is unused:
  hUpos.ne'

Hint: Omit it from the simp argument list.
  s̵i̵m̵p̵ ̵[̵K̵_̵f̵u̵l̵l̵,̵ ̵K̵_̵f̵u̵l̵l̵_̵r̵a̵w̵,̵ ̵h̵U̵p̵o̵s̵.̵n̵e̵'̵]̵ ̵a̵t̵ ̵*̵s̲i̲m̲p̲ ̲[̲K̲_̲f̲u̲l̲l̲,̲
  ̲ ̲ ̲ ̲ ̲K̲_̲f̲u̲l̲l̲_̲r̲a̲w̲]̲ ̲a̲t̲ ̲*̲
  ̲ ̲ ̲ ̲ ̲ ̲ ̲-̲-̲ ̲a̲f̲t̲e̲r̲ ̲s̲i̲m̲p̲,̲ ̲g̲o̲a̲l̲ ̲b̲e̲c̲o̲m̲e̲s̲ ̲`̲0̲ ̲<̲ ̲1̲ ̲/̲ ̲(̲U̲c̲u̲t̲:̲ℝ̲)̲`̲
  ̲ ̲ ̲ ̲ ̲ ̲ ̲

Note: This linter can be disabled with `set_option linter.unusedSimpArgs false`
warning: Goldbach/BG_Identity.lean:581:5: unused variable `h`

Note: This linter can be disabled with `set_option linter.unusedVariables false`
warning: Goldbach/BG_Identity.lean:588:5: unused variable `h`

Note: This linter can be disabled with `set_option linter.unusedVariables false`
warning: Goldbach/BG_Identity.lean:604:25: unused variable `X`

Note: This linter can be disabled with `set_option linter.unusedVariables false`
warning: Goldbach/BG_Identity.lean:604:27: unused variable `N`

Note: This linter can be disabled with `set_option linter.unusedVariables false`
warning: Goldbach/BG_Identity.lean:628:5: unused variable `h`

Note: This linter can be disabled with `set_option linter.unusedVariables false`
error: Goldbach/BG_Identity.lean:642:10: Unknown identifier `Kernel.conv_ref_const_eq_sigma_mass_of`
warning: Goldbach/BG_Identity.lean:657:8: try 'simp' instead of 'simpa'

Note: This linter can be disabled with `set_option linter.unnecessarySimpa false`
warning: Goldbach/BG_Identity.lean:685:34: unused variable `hk`

Note: This linter can be disabled with `set_option linter.unusedVariables false`
warning: Goldbach/BG_Identity.lean:689:35: unused variable `hk`

Note: This linter can be disabled with `set_option linter.unusedVariables false`
error: Goldbach/BG_Identity.lean:746:20: failed to synthesize
  HMul (ℕ → ℝ) ℝ ?m.11

Hint: Additional diagnostic information may be available using the `set_option diagnostics true` command.
error: Goldbach/BG_Identity.lean:754:20: typeclass instance problem is stuck
  HMul (ℕ → ℝ) ?m.14 ℝ

Note: Lean will not try to resolve this typeclass instance problem because the second type argument to `HMul` is a metavariable. This argument must be fully determined before Lean will try to resolve the typeclass.

Hint: Adding type annotations and supplying implicit arguments to functions can give Lean more information for typeclass resolution. For example, if you have a variable `x` that you intend to be a `Nat`, but Lean reports it as having an unresolved type like `?m`, replacing `x` with `(x : Nat)` can get typeclass resolution un-stuck.
error: Goldbach/BG_Identity.lean:764:60: unsolved goals
⊢ False
error: Goldbach/BG_Identity.lean:782:58: unsolved goals
⊢ -((↑H + 99) / 100) ≤ ↑H ∧ 0 ≤ ↑H + (↑H + 99) / 100
error: Goldbach/BG_Identity.lean:804:26: Unknown constant `Int.natAbs_eq_ofNat_abs`
error: Goldbach/BG_Identity.lean:810:12: linarith failed to find a contradiction
case h
h0 : 0 ∈ bandU
z : ℤ
hz : z ∈ bandU.erase 0
hzIcc : z ∈ Finset.Icc (-↑Ucut) ↑Ucut
hz0 : z ≠ 0
this : -↑Ucut ≤ z ∧ z ≤ ↑Ucut
hle : z ≤ ↑Ucut
hneg : -↑Ucut ≤ z
hz' : ↑z.natAbs = max (-z) z
a✝ : ↑Ucut < ↑z.natAbs
⊢ False
failed
error: Goldbach/BG_Identity.lean:818:59: mod_cast has type
  ?m.225 = ?m.225
but is expected to have type
  z.natAbs = 0
error: Goldbach/BG_Identity.lean:822:12: Type mismatch
  hzabs0
has type
  z.natAbs = 0
but is expected to have type
  z.natAbs ≠ 0
error: Goldbach/BG_Identity.lean:824:17: Invalid `⟨...⟩` notation: The expected type
  z.natAbs - 1 < Ucut ∧ z = Int.ofNat (z.natAbs - 1).succ ∨ z = -Int.ofNat (z.natAbs - 1).succ
has more than one constructor

Note: This notation can only be used when the expected type is an inductive type with a single constructor
error: Goldbach/BG_Identity.lean:825:10: No goals to be solved
error: Goldbach/BG_Identity.lean:838:69: Application type mismatch: The argument
  hkpos
has type
  k < Ucut
but is expected to have type
  k ∈ Finset.range Ucut
in the application
  And.intro hkpos
error: Goldbach/BG_Identity.lean:793:6: unsolved goals
case h.mp.inr
h0 : 0 ∈ bandU
z : ℤ
hz : z ∈ bandU.erase 0
hzIcc : z ∈ Finset.Icc (-↑Ucut) ↑Ucut
hz0 : z ≠ 0
hzAbs : z.natAbs ≤ Ucut
k : ℕ
h✝ : z = -Int.ofNat k.succ
⊢ z ∈
    Finset.map { toFun := fun k => ↑k.succ, inj' := ⋯ } (Finset.range Ucut) ∪
      Finset.map { toFun := fun k => -↑k.succ, inj' := ⋯ } (Finset.range Ucut)
error: Goldbach/BG_Identity.lean:839:54: unsolved goals
h0 : 0 ∈ bandU
z : ℤ
⊢ K_full_raw (H + (H + 99) / 100) 0 = (↑H + ↑((H + 99) / 100))⁻¹
error: Goldbach/BG_Identity.lean:852:34: maximum recursion depth has been reached
use `set_option maxRecDepth <num>` to increase limit
use `set_option diagnostics true` to get diagnostic information
error: Goldbach/BG_Identity.lean:853:28: Type mismatch
  hk
has type
  k ∈ Finset.map { toFun := fun k => ↑k.succ, inj' := ⋯ } (Finset.range Ucut)
but is expected to have type
  ∀ (a₂ : ℤ) (ha₂ : a₂ ∈ Finset.map { toFun := fun k => ↑k.succ, inj' := ⋯ } (Finset.range Ucut)),
    (fun k hk => k) k hk = (fun k hk => k) a₂ ha₂ → k = a₂
error: Goldbach/BG_Identity.lean:854:14: unsolved goals
case heq
h0 : 0 ∈ bandU
z : ℤ
h0val : K_full 0 = 1 / ↑Ucut
k : ℤ
hk : k ∈ Finset.map { toFun := fun k => -↑k.succ, inj' := ⋯ } (Finset.range Ucut)
⊢ ∃ a < H + (H + 99) / 100, ↑a + 1 = k
error: Goldbach/BG_Identity.lean:855:28: Type mismatch
  hk
has type
  k ∈ Finset.map { toFun := fun k => ↑k.succ, inj' := ⋯ } (Finset.range Ucut)
but is expected to have type
  K_full k = K_full ((fun k hk => k) k hk)
error: Goldbach/BG_Identity.lean:872:68: Type mismatch: After simplification, term
  hbEq
 has type
  -1 + -↑b' = ↑a' + 1
but is expected to have type
  ↑a' + 1 = -1 + -↑b'
error: Goldbach/BG_Identity.lean:873:16: linarith failed to find a contradiction
h0 : 0 ∈ bandU
z : ℤ
h0val : K_full 0 = 1 / ↑Ucut
hpair :
  ∑ k ∈ Finset.map { toFun := fun k => ↑k.succ, inj' := ⋯ } (Finset.range Ucut), K_full k =
    ∑ k ∈ Finset.map { toFun := fun k => -↑k.succ, inj' := ⋯ } (Finset.range Ucut), K_full k
a' : ℕ
ha' : a' ∈ Finset.range Ucut
ha :
  { toFun := fun k => ↑k.succ, inj' := ⋯ } a' ∈ Finset.map { toFun := fun k => ↑k.succ, inj' := ⋯ } (Finset.range Ucut)
hb :
  { toFun := fun k => ↑k.succ, inj' := ⋯ } a' ∈ Finset.map { toFun := fun k => -↑k.succ, inj' := ⋯ } (Finset.range Ucut)
b' : ℕ
hb' : b' ∈ Finset.range Ucut
hbEq : { toFun := fun k => -↑k.succ, inj' := ⋯ } b' = { toFun := fun k => ↑k.succ, inj' := ⋯ } a'
hbPos : ↑b'.succ ≠ 0
this : ↑a'.succ = -↑b'.succ
⊢ False
failed
error: Goldbach/BG_Identity.lean:890:92: Unknown identifier `hpos`
error: Goldbach/BG_Identity.lean:892:6: 'calc' expression has type
  ∑ k ∈ bandU, K_full k = K_full 0 + 2 * ∑ k ∈ Finset.range Ucut, K_full (Int.ofNat k.succ)
but is expected to have type
  z ∈
      Finset.map { toFun := fun k => ↑k.succ, inj' := ⋯ } (Finset.range Ucut) ∪
        Finset.map { toFun := fun k => -↑k.succ, inj' := ⋯ } (Finset.range Ucut) →
    z ∈ bandU.erase 0
error: Goldbach/BG_Identity.lean:779:93: unsolved goals
h0 : 0 ∈ bandU
hpos :
  bandU.erase 0 =
    Finset.map { toFun := fun k => ↑k.succ, inj' := ⋯ } (Finset.range Ucut) ∪
      Finset.map { toFun := fun k => -↑k.succ, inj' := ⋯ } (Finset.range Ucut)
⊢ ∑ k ∈ bandU, K_full k = K_full 0 + 2 * ∑ k ∈ Finset.range Ucut, K_full (Int.ofNat k.succ)
error: Goldbach/BG_Identity.lean:895:22: maximum recursion depth has been reached
use `set_option maxRecDepth <num>` to increase limit
use `set_option diagnostics true` to get diagnostic information
warning: Goldbach/BG_Identity.lean:897:10: try 'simp' instead of 'simpa'

Note: This linter can be disabled with `set_option linter.unnecessarySimpa false`
warning: Goldbach/BG_Identity.lean:916:22: `Finset.range_succ` has been deprecated: Use `Finset.range_add_one` instead
error: Goldbach/BG_Identity.lean:914:72: unsolved goals
hsplit : ∑ k ∈ bandU, K_full k = K_full 0 + 2 * ∑ k ∈ Finset.range Ucut, K_full (Int.ofNat k.succ)
hsum1 : ∑ k ∈ Finset.range Ucut, 1 = ↑Ucut
this : ∑ i ∈ Finset.range Ucut.succ, i = Ucut.succ * (Ucut.succ - 1) / 2
⊢ H + (H + 99) / 100 + ∑ x ∈ Finset.range (H + (H + 99) / 100), x =
    ∑ x ∈ Finset.range (H + (H + 99) / 100), x + (H + (H + 99) / 100)
error: Goldbach/BG_Identity.lean:918:10: Type mismatch: After simplification, term
  Finset.sum_range_id
 has type
  ∀ (n : ℕ), ∑ i ∈ Finset.range n, i = n * (n - 1) / 2
but is expected to have type
  ∑ i ∈ Finset.range (H + (H + 99) / 100 + 1), i = (H + (H + 99) / 100 + 1) * (H + (H + 99) / 100) / 2
error: Goldbach/BG_Identity.lean:919:8: linarith failed to find a contradiction
case h1.h
hsplit : ∑ k ∈ bandU, K_full k = K_full 0 + 2 * ∑ k ∈ Finset.range Ucut, K_full (Int.ofNat k.succ)
hsum1 : ∑ k ∈ Finset.range Ucut, 1 = ↑Ucut
this : ∑ i ∈ Finset.range Ucut.succ, i = Ucut.succ * (Ucut.succ - 1) / 2
hrewrite : ∑ i ∈ Finset.range Ucut.succ, i = ∑ k ∈ Finset.range Ucut, k.succ
hs : ∑ i ∈ Finset.range Ucut.succ, i = Ucut.succ * Ucut / 2
a✝ : ∑ k ∈ Finset.range Ucut, k.succ < Ucut * (Ucut + 1) / 2
⊢ False
failed
error: Goldbach/BG_Identity.lean:921:6: maximum recursion depth has been reached
use `set_option maxRecDepth <num>` to increase limit
use `set_option diagnostics true` to get diagnostic information
error: Goldbach/BG_Identity.lean:928:16: maximum recursion depth has been reached
use `set_option maxRecDepth <num>` to increase limit
use `set_option diagnostics true` to get diagnostic information
error: Goldbach/BG_Identity.lean:940:68: unsolved goals
hsplit : ∑ k ∈ bandU, K_full k = K_full 0 + 2 * ∑ k ∈ Finset.range Ucut, K_full (Int.ofNat k.succ)
hsum1 : ∑ k ∈ Finset.range Ucut, 1 = ↑Ucut
hsumk : ∑ k ∈ Finset.range Ucut, ↑k.succ = ↑Ucut * (↑Ucut + 1) / 2
hUpos : 0 < ↑Ucut
hUpos' : ↑Ucut ≠ 0
⊢ (↑H + ↑((H + 99) / 100) - ∑ x ∈ Finset.range (H + (H + 99) / 100), (↑x + 1) / (↑H + ↑((H + 99) / 100))) /
      (↑H + ↑((H + 99) / 100)) =
    (↑H + ↑((H + 99) / 100))⁻¹ *
      (↑H + ↑((H + 99) / 100) - ∑ x ∈ Finset.range (H + (H + 99) / 100), (↑x + 1) / (↑H + ↑((H + 99) / 100)))
info: Goldbach/BG_Identity.lean:946:8: Try this:
  [apply] ring_nf
  
  The `ring` tactic failed to close the goal. Use `ring_nf` to obtain a normal form.
    
  Note that `ring` works primarily in *commutative* rings. If you have a noncommutative ring, abelian group or module, consider using `noncomm_ring`, `abel` or `module` instead.
error: Goldbach/BG_Identity.lean:943:96: unsolved goals
hsplit : ∑ k ∈ bandU, K_full k = K_full 0 + 2 * ∑ k ∈ Finset.range Ucut, K_full (Int.ofNat k.succ)
hsum1 : ∑ k ∈ Finset.range Ucut, 1 = ↑Ucut
hsumk : ∑ k ∈ Finset.range Ucut, ↑k.succ = ↑Ucut * (↑Ucut + 1) / 2
hUpos : 0 < ↑Ucut
hUpos' : ↑Ucut ≠ 0
⊢ ↑Ucut * (↑Ucut)⁻¹ - (↑Ucut)⁻¹ * ∑ x ∈ Finset.range Ucut, (↑Ucut)⁻¹ * ↑x.succ =
    ↑Ucut * (↑Ucut)⁻¹ + ↑Ucut * (↑Ucut)⁻¹ ^ 2 * (-1 / 2) + ↑Ucut ^ 2 * (↑Ucut)⁻¹ ^ 2 * (-1 / 2)
info: Goldbach/BG_Identity.lean:948:33: Try this:
  [apply] ring_nf
  
  The `ring` tactic failed to close the goal. Use `ring_nf` to obtain a normal form.
    
  Note that `ring` works primarily in *commutative* rings. If you have a noncommutative ring, abelian group or module, consider using `noncomm_ring`, `abel` or `module` instead.
error: Goldbach/BG_Identity.lean:947:34: unsolved goals
hsplit : ∑ k ∈ bandU, K_full k = K_full 0 + 2 * ∑ k ∈ Finset.range Ucut, K_full (Int.ofNat k.succ)
hsum1 : ∑ k ∈ Finset.range Ucut, 1 = ↑Ucut
hsumk : ∑ k ∈ Finset.range Ucut, ↑k.succ = ↑Ucut * (↑Ucut + 1) / 2
hUpos : 0 < ↑Ucut
⊢ -1 + ↑Ucut = -↑Ucut + ↑Ucut ^ 2
error: Goldbach/BG_Identity.lean:957:58: unsolved goals
hsplit : ∑ k ∈ bandU, K_full k = K_full 0 + 2 * ∑ k ∈ Finset.range Ucut, K_full (Int.ofNat k.succ)
hpos_eval : ∑ k ∈ Finset.range Ucut, K_full (Int.ofNat k.succ) = (↑Ucut - 1) / 2
hUpos : ↑Ucut ≠ 0
this : ∑ k ∈ bandU, K_full k = K_full 0 + 2 * ∑ k ∈ Finset.range Ucut, K_full (Int.ofNat k.succ)
⊢ K_full_raw (H + (H + 99) / 100) 0 = (↑H + ↑((H + 99) / 100))⁻¹
info: Goldbach/BG_Identity.lean:966:6: Try this:
  [apply] ring_nf
  
  The `ring` tactic failed to close the goal. Use `ring_nf` to obtain a normal form.
    
  Note that `ring` works primarily in *commutative* rings. If you have a noncommutative ring, abelian group or module, consider using `noncomm_ring`, `abel` or `module` instead.
error: Goldbach/BG_Identity.lean:960:13: unsolved goals
hsplit : ∑ k ∈ bandU, K_full k = K_full 0 + 2 * ∑ k ∈ Finset.range Ucut, K_full (Int.ofNat k.succ)
hpos_eval : ∑ k ∈ Finset.range Ucut, K_full (Int.ofNat k.succ) = (↑Ucut - 1) / 2
hUpos hUpos' : ↑Ucut ≠ 0
hUpos'' : 0 < ↑Ucut
⊢ 1 - ↑Ucut + ↑Ucut ^ 2 = ↑Ucut
warning: Goldbach/BG_Identity.lean:783:14: This simp argument is unused:
  bandU

Hint: Omit it from the simp argument list.
  simp ̵[̵b̵a̵n̵d̵U̵]̵

Note: This linter can be disabled with `set_option linter.unusedSimpArgs false`
warning: Goldbach/BG_Identity.lean:942:14: This simp argument is unused:
  Finset.sum_mul

Hint: Omit it from the simp argument list.
  simp [F̵i̵n̵s̵e̵t̵.̵s̵u̵m̵_̵m̵u̵l̵,̵ ̵hUpos']

Note: This linter can be disabled with `set_option linter.unusedSimpArgs false`
warning: Goldbach/BG_Identity.lean:942:30: This simp argument is unused:
  hUpos'

Hint: Omit it from the simp argument list.
  simp [Finset.sum_mul,̵ ̵h̵U̵p̵o̵s̵'̵]

Note: This linter can be disabled with `set_option linter.unusedSimpArgs false`
warning: Goldbach/BG_Identity.lean:945:43: This simp argument is unused:
  Finset.sum_div

Hint: Omit it from the simp argument list.
  simp only [Finset.sum_sub_distrib, F̵i̵n̵s̵e̵t̵.̵s̵u̵m̵_̵d̵i̵v̵,̵ ̵hsum1, hsumk]

Note: This linter can be disabled with `set_option linter.unusedSimpArgs false`
warning: Goldbach/BG_Identity.lean:945:66: This simp argument is unused:
  hsumk

Hint: Omit it from the simp argument list.
  simp only [Finset.sum_sub_distrib, Finset.sum_div, hsum1,̵ ̵h̵s̵u̵m̵k̵]

Note: This linter can be disabled with `set_option linter.unusedSimpArgs false`
error: Goldbach/BG_Identity.lean:981:27: Invalid argument name `bandU` for function `sum_bandU`
error: Goldbach/BG_Identity.lean:1004:30: unsolved goals
Kadm : BG.AdmissibleKernel Ucut
⊢ 0 ∈ BG_Bank.S_BG
warning: Goldbach/BG_Identity.lean:1021:5: unused variable `h`

Note: This linter can be disabled with `set_option linter.unusedVariables false`
error: Goldbach/BG_Identity.lean:1040:53: Type mismatch: After simplification, term
  hk
 has type
  k ∈ BG_Bank.S_BG
but is expected to have type
  -↑H ≤ k ∧ k ≤ ↑H
error: Goldbach/BG_Identity.lean:1045:6: Tactic `simp` failed with a nested error:
maximum recursion depth has been reached
use `set_option maxRecDepth <num>` to increase limit
use `set_option diagnostics true` to get diagnostic information
warning: Goldbach/BG_Identity.lean:1065:54: try 'simp' instead of 'simpa'

Note: This linter can be disabled with `set_option linter.unnecessarySimpa false`
error: Goldbach/BG_Identity.lean:1080:14: Type mismatch: After simplification, term
  Finset.mem_Icc.mpr hkIcc_pair
 has type
  -↑H ≤ k ∧ k ≤ ↑H
but is expected to have type
  k ∈ BG_Bank.S_BG
error: Goldbach/BG_Identity.lean:1082:53: Type mismatch: After simplification, term
  hk
 has type
  k ∈ BG_Bank.S_BG
but is expected to have type
  -↑H ≤ k ∧ k ≤ ↑H
warning: Goldbach/BG_Identity.lean:1085:6: try 'simp' instead of 'simpa'

Note: This linter can be disabled with `set_option linter.unnecessarySimpa false`
error: Goldbach/BG_Identity.lean:1120:55: linarith failed to find a contradiction
case h
hinner_eq : innerBand = Finset.Icc (-↑H) ↑H
z : ℤ
hz : z ∈ (Finset.Icc (-↑H) ↑H).erase 0
hzIcc : z ∈ Finset.Icc (-↑H) ↑H
hz0 : z ≠ 0
this : -↑H ≤ z ∧ z ≤ ↑H
hle : z ≤ ↑H
hneg : -↑H ≤ z
a✝ : ↑H < ↑z.natAbs
⊢ False
failed
error: Goldbach/BG_Identity.lean:1128:33: Function expected at
  Int.natAbs_eq_zero
but this term has type
  Int.natAbs ?m.243 = 0 ↔ ?m.243 = 0

Note: Expected a function because this term is being applied to the argument
  hzabs0
error: Goldbach/BG_Identity.lean:1131:17: Invalid `⟨...⟩` notation: The expected type
  z.natAbs - 1 < H ∧ z = Int.ofNat (z.natAbs - 1).succ ∨ z = -Int.ofNat (z.natAbs - 1).succ
has more than one constructor

Note: This notation can only be used when the expected type is an inductive type with a single constructor
error: Goldbach/BG_Identity.lean:1132:10: No goals to be solved
error: Goldbach/BG_Identity.lean:1110:6: unsolved goals
case h.mp.inl
hinner_eq : innerBand = Finset.Icc (-↑H) ↑H
k : ℕ
hkpos : k < H
hz : Int.ofNat k.succ ∈ (Finset.Icc (-↑H) ↑H).erase 0
hzIcc : Int.ofNat k.succ ∈ Finset.Icc (-↑H) ↑H
hz0 : Int.ofNat k.succ ≠ 0
hzAbs : (Int.ofNat k.succ).natAbs ≤ H
⊢ Int.ofNat k.succ ∈
    Finset.map { toFun := fun k => ↑k.succ, inj' := ⋯ } (Finset.range H) ∪
      Finset.map { toFun := fun k => -↑k.succ, inj' := ⋯ } (Finset.range H)

case h.mp.inr
hinner_eq : innerBand = Finset.Icc (-↑H) ↑H
z : ℤ
hz : z ∈ (Finset.Icc (-↑H) ↑H).erase 0
hzIcc : z ∈ Finset.Icc (-↑H) ↑H
hz0 : z ≠ 0
hzAbs : z.natAbs ≤ H
k : ℕ
h✝ : z = -Int.ofNat k.succ
⊢ z ∈
    Finset.map { toFun := fun k => ↑k.succ, inj' := ⋯ } (Finset.range H) ∪
      Finset.map { toFun := fun k => -↑k.succ, inj' := ⋯ } (Finset.range H)
error: Goldbach/BG_Identity.lean:1145:54: unsolved goals
hinner_eq : innerBand = Finset.Icc (-↑H) ↑H
z : ℤ
h0mem : 0 ∈ Finset.Icc (-↑H) ↑H
⊢ K_full_raw (H + (H + 99) / 100) 0 = (↑H + ↑((H + 99) / 100))⁻¹
error: Goldbach/BG_Identity.lean:1153:12: `inj` is not a field of structure `Function.Embedding`
error: Goldbach/BG_Identity.lean:1152:10: Fields missing: `inj'`

Hint: Add missing fields:
  
  ̲ ̲ ̲ ̲ ̲ ̲ ̲ ̲ ̲ ̲ ̲ ̲ ̲i̲n̲j̲'̲ ̲:̲=̲ ̲_̲
error: Goldbach/BG_Identity.lean:1159:12: `inj` is not a field of structure `Function.Embedding`
error: Goldbach/BG_Identity.lean:1158:10: Fields missing: `inj'`

Hint: Add missing fields:
  
  ̲ ̲ ̲ ̲ ̲ ̲ ̲ ̲ ̲ ̲ ̲ ̲ ̲i̲n̲j̲'̲ ̲:̲=̲ ̲_̲
error: Goldbach/BG_Identity.lean:1168:60: Type mismatch: After simplification, term
  hEq
 has type
  negEmb j = posEmb i
but is expected to have type
  ↑i + 1 = -1 + -↑j
error: Goldbach/BG_Identity.lean:1170:67: Type mismatch: After simplification, term
  this
 has type
  ↑i + 1 = -1 + -↑j
but is expected to have type
  ↑i + 1 + (↑j + 1) = 0
error: Goldbach/BG_Identity.lean:1171:62: mod_cast has type
  ?m.535
of sort `Type ?u.63471` but is expected to have type
  0 < i.succ + j.succ
of sort `Prop`
error: Goldbach/BG_Identity.lean:1171:78: Application type mismatch: The argument
  Nat.succ_pos j
has type
  0 < j.succ
of sort `Prop` but is expected to have type
  ?m.537
of sort `Type ?u.63472` in the application
  ?m.540 + ⋯
error: Goldbach/BG_Identity.lean:1172:33: Type mismatch: After simplification, term
  hpos
 has type
  0 < ↑i + 1 + (↑j + 1)
but is expected to have type
  False
error: Goldbach/BG_Identity.lean:1174:79: Unknown identifier `hband`
error: Goldbach/BG_Identity.lean:1179:85: Invalid argument name `emb` for function `Finset.sum_map`

Hint: Perhaps you meant one of the following parameter names:
  • `ι`: e̵m̵b̵ι̲
  • `κ`: e̵m̵b̵κ̲
  • `M`: e̵m̵b̵M̲
  • `e`: em̵b̵
error: Goldbach/BG_Identity.lean:1183:85: Invalid argument name `emb` for function `Finset.sum_map`

Hint: Perhaps you meant one of the following parameter names:
  • `ι`: e̵m̵b̵ι̲
  • `κ`: e̵m̵b̵κ̲
  • `M`: e̵m̵b̵M̲
  • `e`: em̵b̵
error: Goldbach/BG_Identity.lean:1187:10: maximum recursion depth has been reached
use `set_option maxRecDepth <num>` to increase limit
use `set_option diagnostics true` to get diagnostic information
warning: Goldbach/BG_Identity.lean:1191:16: try 'simp' instead of 'simpa'

Note: This linter can be disabled with `set_option linter.unnecessarySimpa false`
warning: Goldbach/BG_Identity.lean:1197:16: try 'simp' instead of 'simpa'

Note: This linter can be disabled with `set_option linter.unnecessarySimpa false`
error: Goldbach/BG_Identity.lean:1199:6: 'calc' expression has type
  ∑ k ∈ innerBand, K_full k = K_full 0 + 2 * ∑ k ∈ Finset.range H, K_full (Int.ofNat k.succ)
but is expected to have type
  z ∈
      Finset.map { toFun := fun k => ↑k.succ, inj' := ⋯ } (Finset.range H) ∪
        Finset.map { toFun := fun k => -↑k.succ, inj' := ⋯ } (Finset.range H) →
    z ∈ (Finset.Icc (-↑H) ↑H).erase 0
error: Goldbach/BG_Identity.lean:1103:137: unsolved goals
hinner_eq : innerBand = Finset.Icc (-↑H) ↑H
hband :
  (Finset.Icc (-↑H) ↑H).erase 0 =
    Finset.map { toFun := fun k => ↑k.succ, inj' := ⋯ } (Finset.range H) ∪
      Finset.map { toFun := fun k => -↑k.succ, inj' := ⋯ } (Finset.range H)
⊢ ∑ k ∈ innerBand, K_full k = K_full 0 + 2 * ∑ k ∈ Finset.range H, K_full (Int.ofNat k.succ)
warning: Goldbach/BG_Identity.lean:1208:10: try 'simp' instead of 'simpa'

Note: This linter can be disabled with `set_option linter.unnecessarySimpa false`
error: Goldbach/BG_Identity.lean:1215:8: Type mismatch: After simplification, term
  Finset.sum_range_id
 has type
  ∀ (n : ℕ), ∑ i ∈ Finset.range n, i = n * (n - 1) / 2
but is expected to have type
  ∑ i ∈ Finset.range (H + 1), i = (H + 1) * H / 2
warning: Goldbach/BG_Identity.lean:1221:16: `Finset.range_succ` has been deprecated: Use `Finset.range_add_one` instead
error: Goldbach/BG_Identity.lean:1219:67: unsolved goals
hinner_eq : innerBand = Finset.Icc (-↑H) ↑H
hsplit : ∑ k ∈ innerBand, K_full k = K_full 0 + 2 * ∑ k ∈ Finset.range H, K_full (Int.ofNat k.succ)
hsum1 : ∑ k ∈ Finset.range H, 1 = ↑H
this : ∑ i ∈ Finset.range H.succ, i = H.succ * H / 2
⊢ H + ∑ x ∈ Finset.range H, x = ∑ x ∈ Finset.range H, (x + 1)
error: Goldbach/BG_Identity.lean:1222:6: linarith failed to find a contradiction
case h1.h
hinner_eq : innerBand = Finset.Icc (-↑H) ↑H
hsplit✝ : ∑ k ∈ innerBand, K_full k = K_full 0 + 2 * ∑ k ∈ Finset.range H, K_full (Int.ofNat k.succ)
hsum1 : ∑ k ∈ Finset.range H, 1 = ↑H
this : ∑ i ∈ Finset.range H.succ, i = H.succ * H / 2
hsplit : ∑ i ∈ Finset.range H.succ, i = ∑ k ∈ Finset.range H, k.succ
a✝ : ∑ k ∈ Finset.range H, k.succ < H * (H + 1) / 2
⊢ False
failed
error: Goldbach/BG_Identity.lean:1223:4: maximum recursion depth has been reached
use `set_option maxRecDepth <num>` to increase limit
use `set_option diagnostics true` to get diagnostic information
error: Goldbach/BG_Identity.lean:1239:33: Unknown identifier `abs_ofNat`
error: Goldbach/BG_Identity.lean:1239:48: Unknown constant `Int.natAbs_ofNat`
error: Goldbach/BG_Identity.lean:1235:70: unsolved goals
hinner_eq : innerBand = Finset.Icc (-↑H) ↑H
hsplit : ∑ k ∈ innerBand, K_full k = K_full 0 + 2 * ∑ k ∈ Finset.range H, K_full (Int.ofNat k.succ)
hsum1 : ∑ k ∈ Finset.range H, 1 = ↑H
hsumk : ∑ k ∈ Finset.range H, ↑k.succ = ↑H * (↑H + 1) / 2
hUpos : ↑Ucut ≠ 0
hHU : H ≤ Ucut
k : ℕ
hk : k ∈ Finset.range H
hk' : k.succ ≤ Ucut
hnat : (Int.ofNat k.succ).natAbs ≤ Ucut
⊢ K_full_raw (H + (H + 99) / 100) (↑k + 1) = (1 - (↑k + 1) / (↑H + ↑((H + 99) / 100))) / (↑H + ↑((H + 99) / 100))
error: Goldbach/BG_Identity.lean:1245:111: unsolved goals
hinner_eq : innerBand = Finset.Icc (-↑H) ↑H
hsplit : ∑ k ∈ innerBand, K_full k = K_full 0 + 2 * ∑ k ∈ Finset.range H, K_full (Int.ofNat k.succ)
hsum1 : ∑ k ∈ Finset.range H, 1 = ↑H
hsumk : ∑ k ∈ Finset.range H, ↑k.succ = ↑H * (↑H + 1) / 2
hUpos : ↑Ucut ≠ 0
hHU : H ≤ Ucut
this✝ : ∀ k ∈ Finset.range H, K_full (Int.ofNat k.succ) = (1 - ↑k.succ / ↑Ucut) / ↑Ucut
this : ↑Ucut ≠ 0
⊢ ∑ x ∈ Finset.range H, (1 - (↑x + 1) / (↑H + ↑((H + 99) / 100))) / (↑H + ↑((H + 99) / 100)) =
    (↑H + ↑((H + 99) / 100))⁻¹ * (↑H - ∑ x ∈ Finset.range H, (↑x + 1) / (↑H + ↑((H + 99) / 100)))
error: Goldbach/BG_Identity.lean:1248:87: unsolved goals
hinner_eq : innerBand = Finset.Icc (-↑H) ↑H
hsplit : ∑ k ∈ innerBand, K_full k = K_full 0 + 2 * ∑ k ∈ Finset.range H, K_full (Int.ofNat k.succ)
hsum1 : ∑ k ∈ Finset.range H, 1 = ↑H
hsumk : ∑ k ∈ Finset.range H, ↑k.succ = ↑H * (↑H + 1) / 2
hUpos : ↑Ucut ≠ 0
hHU : H ≤ Ucut
this : ∀ k ∈ Finset.range H, K_full (Int.ofNat k.succ) = (1 - ↑k.succ / ↑Ucut) / ↑Ucut
⊢ ∑ x ∈ Finset.range H, (↑x + 1) / (↑H + ↑((H + 99) / 100)) = (↑H + ↑((H + 99) / 100))⁻¹ * (↑H * (↑H + 1) / 2) ∨
    ↑H + ↑((H + 99) / 100) = 0
error: Goldbach/BG_Identity.lean:1260:4: maximum recursion depth has been reached
use `set_option maxRecDepth <num>` to increase limit
use `set_option diagnostics true` to get diagnostic information
error: Goldbach/BG_Identity.lean:1269:2: maximum recursion depth has been reached
use `set_option maxRecDepth <num>` to increase limit
use `set_option diagnostics true` to get diagnostic information
warning: Goldbach/BG_Identity.lean:1239:27: This simp argument is unused:
  hnat

Hint: Omit it from the simp argument list.
  simp [h̵n̵at̵,̵ ̵a̵bs_ofNat, Int.natAbs_ofNat]

Note: This linter can be disabled with `set_option linter.unusedSimpArgs false`
warning: Goldbach/BG_Identity.lean:1247:18: This simp argument is unused:
  Finset.sum_mul

Hint: Omit it from the simp argument list.
  simp [̵F̵i̵n̵s̵e̵t̵.̵s̵u̵m̵_̵m̵u̵l̵,̵ ̵t̵h̵i̵s̵]̵[̲t̲h̲i̲s̲]̲

Note: This linter can be disabled with `set_option linter.unusedSimpArgs false`
warning: Goldbach/BG_Identity.lean:1247:34: This simp argument is unused:
  this

Hint: Omit it from the simp argument list.
  simp [Finset.sum_mul,̵ ̵t̵h̵i̵s̵]

Note: This linter can be disabled with `set_option linter.unusedSimpArgs false`
warning: Goldbach/BG_Identity.lean:1249:42: This simp argument is unused:
  Finset.sum_div

Hint: Omit it from the simp argument list.
  simp [Finset.sum_sub_distrib, F̵i̵n̵s̵e̵t̵.̵s̵u̵m̵_̵d̵i̵v̵,̵ ̵hsum1, hsumk]

Note: This linter can be disabled with `set_option linter.unusedSimpArgs false`
warning: Goldbach/BG_Identity.lean:1249:65: This simp argument is unused:
  hsumk

Hint: Omit it from the simp argument list.
  simp [Finset.sum_sub_distrib, Finset.sum_div, hsum1,̵ ̵h̵s̵u̵m̵k̵]

Note: This linter can be disabled with `set_option linter.unusedSimpArgs false`
warning: Goldbach/BG_Identity.lean:1271:6: declaration uses 'sorry'
error: Goldbach/BG_Identity.lean:1317:21: maximum recursion depth has been reached
use `set_option maxRecDepth <num>` to increase limit
use `set_option diagnostics true` to get diagnostic information
warning: Goldbach/BG_Identity.lean:1345:28: unused variable `X`

Note: This linter can be disabled with `set_option linter.unusedVariables false`
warning: Goldbach/BG_Identity.lean:1345:30: unused variable `N`

Note: This linter can be disabled with `set_option linter.unusedVariables false`
warning: Goldbach/BG_Identity.lean:1346:28: unused variable `X`

Note: This linter can be disabled with `set_option linter.unusedVariables false`
warning: Goldbach/BG_Identity.lean:1346:30: unused variable `N`

Note: This linter can be disabled with `set_option linter.unusedVariables false`
error: Goldbach/BG_Identity.lean:1372:21: maximum recursion depth has been reached
use `set_option maxRecDepth <num>` to increase limit
use `set_option diagnostics true` to get diagnostic information
error: Goldbach/BG_Identity.lean:1471:0: Unexpected name `BG_Identity` after `end`: The current section is unnamed

Hint: Delete the name `BG_Identity` to end the current unnamed scope; outer named scopes can then be closed using additional `end` command(s):
  end ̵B̵G̵_̵I̵d̵e̵n̵t̵i̵t̵y̵
error: Goldbach/BG_Identity.lean:1472:0: Unexpected name `Goldbach` after `end`: The current section is unnamed

Hint: Delete the name `Goldbach` to end the current unnamed scope; outer named scopes can then be closed using additional `end` command(s):
  end ̵G̵o̵l̵d̵b̵a̵c̵h̵
error: Lean exited with code 1
Some required targets logged failures:
- Goldbach.BG_Identity
error: build failed
⚠ [7587/7613] Replayed Goldbach.Compat
warning: Goldbach/Compat.lean:18:2: try 'simp' instead of 'simpa'

Note: This linter can be disabled with `set_option linter.unnecessarySimpa false`
warning: Goldbach/Compat.lean:24:40: unused variable `hb`

Note: This linter can be disabled with `set_option linter.unusedVariables false`
warning: Goldbach/Compat.lean:50:4: try 'simp' instead of 'simpa'

Note: This linter can be disabled with `set_option linter.unnecessarySimpa false`
⚠ [7590/7613] Replayed Goldbach.Windows
warning: Goldbach/Windows.lean:63:4: try 'simp' instead of 'simpa'

Note: This linter can be disabled with `set_option linter.unnecessarySimpa false`
warning: Goldbach/Windows.lean:68:2: try 'simp' instead of 'simpa'

Note: This linter can be disabled with `set_option linter.unnecessarySimpa false`
warning: Goldbach/Windows.lean:68:38: this tactic is never executed

Note: This linter can be disabled with `set_option linter.unreachableTactic false`
warning: Goldbach/Windows.lean:68:38: 'simpa using hmap' tactic does nothing

Note: This linter can be disabled with `set_option linter.unusedTactic false`
⚠ [7595/7613] Replayed Goldbach.AO_AssembleEnvelope
warning: Goldbach/AO_AssembleEnvelope.lean:67:20: try 'simp' instead of 'simpa'

Note: This linter can be disabled with `set_option linter.unnecessarySimpa false`
⚠ [7597/7613] Replayed Goldbach.AO_Major
warning: Goldbach/AO_Major.lean:21:13: unused variable `hX`

Note: This linter can be disabled with `set_option linter.unusedVariables false`
warning: Goldbach/AO_Major.lean:21:35: unused variable `hN`

Note: This linter can be disabled with `set_option linter.unusedVariables false`
warning: Goldbach/AO_Major.lean:25:24: This simp argument is unused:
  add_assoc

Hint: Omit it from the simp argument list.
  simp [Goldbach.AO_Major.errAO, Goldbach.AO_Major.weight_mass, Goldbach.AO_Core.errAO,
       ̵ ̵ ̵ ̵sub_eq_add_neg, add_a̵s̵s̵o̵c̵,̵ ̵a̵d̵d̵_̵left_comm, add_comm, mul_assoc]

Note: This linter can be disabled with `set_option linter.unusedSimpArgs false`
warning: Goldbach/AO_Major.lean:25:60: This simp argument is unused:
  mul_assoc

Hint: Omit it from the simp argument list.
  simp [Goldbach.AO_Major.errAO, Goldbach.AO_Major.weight_mass, Goldbach.AO_Core.errAO,
       ̵ ̵ ̵ ̵sub_eq_add_neg, add_assoc, add_left_comm, add_comm,̵ ̵m̵u̵l̵_̵a̵s̵s̵o̵c̵]

Note: This linter can be disabled with `set_option linter.unusedSimpArgs false`
warning: Goldbach/AO_Major.lean:46:5: unused variable `h`

Note: This linter can be disabled with `set_option linter.unusedVariables false`
warning: Goldbach/AO_Major.lean:58:24: This simp argument is unused:
  dif_pos

Hint: Omit it from the simp argument list.
  simp only [MPDF, win, d̵i̵f̵_̵p̵o̵s̵,̵ ̵mul_div_assoc']

Note: This linter can be disabled with `set_option linter.unusedSimpArgs false`
warning: Goldbach/AO_Major.lean:58:33: This simp argument is unused:
  mul_div_assoc'

Hint: Omit it from the simp argument list.
  simp only [MPDF, win, dif_pos,̵ ̵m̵u̵l̵_̵d̵i̵v̵_̵a̵s̵s̵o̵c̵'̵]

Note: This linter can be disabled with `set_option linter.unusedSimpArgs false`
warning: Goldbach/AO_Major.lean:81:69: try 'simp' instead of 'simpa'

Note: This linter can be disabled with `set_option linter.unnecessarySimpa false`
warning: Goldbach/AO_Major.lean:82:68: try 'simp' instead of 'simpa'

Note: This linter can be disabled with `set_option linter.unnecessarySimpa false`
warning: Goldbach/AO_Major.lean:83:68: try 'simp' instead of 'simpa'

Note: This linter can be disabled with `set_option linter.unnecessarySimpa false`
warning: Goldbach/AO_Major.lean:85:90: This simp argument is unused:
  add_assoc

Hint: Omit it from the simp argument list.
  simp [sub_eq_add_neg,̵ ̵a̵d̵d̵_̵a̵s̵s̵o̵c̵]

Note: This linter can be disabled with `set_option linter.unusedSimpArgs false`
warning: Goldbach/AO_Major.lean:101:24: This simp argument is unused:
  dif_pos

Hint: Omit it from the simp argument list.
  simp only [MPDF, win,̵ ̵d̵i̵f̵_̵p̵o̵s̵]

Note: This linter can be disabled with `set_option linter.unusedSimpArgs false`
⚠ [7599/7613] Replayed Goldbach.BG_Bank
warning: Goldbach/BG_Bank.lean:13:25: unused variable `n`

Note: This linter can be disabled with `set_option linter.unusedVariables false`
warning: Goldbach/BG_Bank.lean:75:4: try 'simp' instead of 'simpa'

Note: This linter can be disabled with `set_option linter.unnecessarySimpa false`
warning: Goldbach/BG_Bank.lean:75:25: this tactic is never executed

Note: This linter can be disabled with `set_option linter.unreachableTactic false`
warning: Goldbach/BG_Bank.lean:75:25: 'decide' tactic does nothing

Note: This linter can be disabled with `set_option linter.unusedTactic false`
warning: Goldbach/BG_Bank.lean:288:14: try 'simp' instead of 'simpa'

Note: This linter can be disabled with `set_option linter.unnecessarySimpa false`
warning: Goldbach/BG_Bank.lean:188:42: This simp argument is unused:
  Nat.cast_sub hn_le

Hint: Omit it from the simp argument list.
  simp only [Nat.cast_succ,̵ ̵N̵a̵t̵.̵c̵a̵s̵t̵_̵s̵u̵b̵ ̵h̵n̵_̵l̵e̵]

Note: This linter can be disabled with `set_option linter.unusedSimpArgs false`
warning: Goldbach/BG_Bank.lean:194:24: This simp argument is unused:
  abs_of_nonneg hlog_Nm_nn

Hint: Omit it from the simp argument list.
  simp [hp,̵ ̵a̵b̵s̵_̵o̵f̵_̵n̵o̵n̵n̵e̵g̵ ̵h̵l̵o̵g̵_̵N̵m̵_̵n̵n̵]

Note: This linter can be disabled with `set_option linter.unusedSimpArgs false`
warning: Goldbach/BG_Bank.lean:202:24: This simp argument is unused:
  abs_of_nonneg hlog_Np1_nn

Hint: Omit it from the simp argument list.
  simp [hp,̵ ̵a̵b̵s̵_̵o̵f̵_̵n̵o̵n̵n̵e̵g̵ ̵h̵l̵o̵g̵_̵N̵p̵1̵_̵n̵n̵]

Note: This linter can be disabled with `set_option linter.unusedSimpArgs false`
warning: Goldbach/BG_Bank.lean:218:46: This simp argument is unused:
  mul_comm

Hint: Omit it from the simp argument list.
  simp [abs_mul, mul_assoc, m̵u̵l̵_̵c̵o̵m̵m̵,̵ ̵mul_left_comm]

Note: This linter can be disabled with `set_option linter.unusedSimpArgs false`
warning: Goldbach/BG_Bank.lean:326:20: This simp argument is unused:
  hlogXabs

Hint: Omit it from the simp argument list.
  simp [h̵l̵o̵g̵X̵a̵b̵s̵,̵ ̵mul_comm, mul_left_comm, mul_assoc]

Note: This linter can be disabled with `set_option linter.unusedSimpArgs false`
warning: Goldbach/BG_Bank.lean:326:30: This simp argument is unused:
  mul_comm

Hint: Omit it from the simp argument list.
  simp [hlogXabs, m̵u̵l̵_̵c̵o̵m̵m̵,̵ ̵mul_left_comm, mul_assoc]

Note: This linter can be disabled with `set_option linter.unusedSimpArgs false`
warning: Goldbach/BG_Bank.lean:403:14: try 'simp' instead of 'simpa'

Note: This linter can be disabled with `set_option linter.unnecessarySimpa false`
warning: Goldbach/BG_Bank.lean:405:14: try 'simp' instead of 'simpa'

Note: This linter can be disabled with `set_option linter.unnecessarySimpa false`
warning: Goldbach/BG_Bank.lean:407:40: This simp argument is unused:
  add_comm

Hint: Omit it from the simp argument list.
  simp [div_self, hlogX_ne, add_c̵o̵m̵m̵,̵ ̵a̵d̵d̵_̵left_comm, add_assoc]

Note: This linter can be disabled with `set_option linter.unusedSimpArgs false`
warning: Goldbach/BG_Bank.lean:407:50: This simp argument is unused:
  add_left_comm

Hint: Omit it from the simp argument list.
  simp [div_self, hlogX_ne, add_comm, a̵d̵d̵_̵l̵e̵f̵t̵_̵c̵o̵m̵m̵,̵ ̵add_assoc]

Note: This linter can be disabled with `set_option linter.unusedSimpArgs false`
warning: Goldbach/BG_Bank.lean:407:65: This simp argument is unused:
  add_assoc

Hint: Omit it from the simp argument list.
  simp [div_self, hlogX_ne, add_comm, add_left_comm,̵ ̵a̵d̵d̵_̵a̵s̵s̵o̵c̵]

Note: This linter can be disabled with `set_option linter.unusedSimpArgs false`
warning: Goldbach/BG_Bank.lean:547:63: try 'simp' instead of 'simpa'

Note: This linter can be disabled with `set_option linter.unnecessarySimpa false`
warning: Goldbach/BG_Bank.lean:550:47: This simp argument is unused:
  add_comm

Hint: Omit it from the simp argument list.
  simp [add_div, div_self, hlogX_ne, add_c̵o̵m̵m̵,̵ ̵a̵d̵d̵_̵left_comm, add_assoc]

Note: This linter can be disabled with `set_option linter.unusedSimpArgs false`
warning: Goldbach/BG_Bank.lean:550:57: This simp argument is unused:
  add_left_comm

Hint: Omit it from the simp argument list.
  simp [add_div, div_self, hlogX_ne, add_comm, a̵d̵d̵_̵l̵e̵f̵t̵_̵c̵o̵m̵m̵,̵ ̵add_assoc]

Note: This linter can be disabled with `set_option linter.unusedSimpArgs false`
warning: Goldbach/BG_Bank.lean:550:72: This simp argument is unused:
  add_assoc

Hint: Omit it from the simp argument list.
  simp [add_div, div_self, hlogX_ne, add_comm, add_left_comm,̵ ̵a̵d̵d̵_̵a̵s̵s̵o̵c̵]

Note: This linter can be disabled with `set_option linter.unusedSimpArgs false`
warning: Goldbach/BG_Bank.lean:559:56: This simp argument is unused:
  add_left_comm

Hint: Omit it from the simp argument list.
  simp [c, Nat.cast_add, Nat.cast_one, add_assoc, a̵d̵d̵_̵l̵e̵f̵t̵_̵c̵o̵m̵m̵,̵ ̵add_comm, add_div, div_self hX0_ne]

Note: This linter can be disabled with `set_option linter.unusedSimpArgs false`
⚠ [7600/7613] Replayed Goldbach.BG_Operator
warning: Goldbach/BG_Operator.lean:31:2: try 'simp' instead of 'simpa'

Note: This linter can be disabled with `set_option linter.unnecessarySimpa false`
warning: Goldbach/BG_Operator.lean:98:2: try 'simp' instead of 'simpa'

Note: This linter can be disabled with `set_option linter.unnecessarySimpa false`
⚠ [7602/7613] Replayed Goldbach.SingularSeries
warning: Goldbach/SingularSeries.lean:40:5: unused variable `h`

Note: This linter can be disabled with `set_option linter.unusedVariables false`
warning: Goldbach/SingularSeries.lean:88:8: `Finset.eq_empty_iff_forall_not_mem` has been deprecated: Use `Finset.eq_empty_iff_forall_notMem` instead
warning: Goldbach/SingularSeries.lean:98:4: try 'simp' instead of 'simpa'

Note: This linter can be disabled with `set_option linter.unnecessarySimpa false`
warning: Goldbach/SingularSeries.lean:99:28: this tactic is never executed

Note: This linter can be disabled with `set_option linter.unreachableTactic false`
warning: Goldbach/SingularSeries.lean:99:57: this tactic is never executed

Note: This linter can be disabled with `set_option linter.unreachableTactic false`
warning: Goldbach/SingularSeries.lean:99:28: 'decide' tactic does nothing

Note: This linter can be disabled with `set_option linter.unusedTactic false`
warning: Goldbach/SingularSeries.lean:99:57: 'decide' tactic does nothing

Note: This linter can be disabled with `set_option linter.unusedTactic false`
⚠ [7604/7613] Replayed Goldbach.PPNumerics
warning: Goldbach/PPNumerics.lean:24:42: try 'simp' instead of 'simpa'

Note: This linter can be disabled with `set_option linter.unnecessarySimpa false`
warning: Goldbach/PPNumerics.lean:27:6: try 'simp' instead of 'simpa'

Note: This linter can be disabled with `set_option linter.unnecessarySimpa false`
⚠ [7605/7613] Replayed Goldbach.PPBoundSquares
warning: Goldbach/PPBoundSquares.lean:41:8: try 'simp' instead of 'simpa'

Note: This linter can be disabled with `set_option linter.unnecessarySimpa false`
warning: Goldbach/PPBoundSquares.lean:228:10: try 'simp' instead of 'simpa'

Note: This linter can be disabled with `set_option linter.unnecessarySimpa false`
⚠ [7607/7613] Replayed Goldbach.AnalyticGlobal
warning: Goldbach/AnalyticGlobal.lean:65:28: This simp argument is unused:
  one_div

Hint: Omit it from the simp argument list.
  simp [div_eq_mul_inv, o̵n̵e̵_̵d̵i̵v̵,̵ ̵mul_comm]

Note: This linter can be disabled with `set_option linter.unusedSimpArgs false`
warning: Goldbach/AnalyticGlobal.lean:68:30: This simp argument is unused:
  one_div

Hint: Omit it from the simp argument list.
  simp [div_eq_mul_inv, o̵n̵e̵_̵d̵i̵v̵,̵ ̵mul_comm]

Note: This linter can be disabled with `set_option linter.unusedSimpArgs false`
warning: Goldbach/AnalyticGlobal.lean:70:39: This simp argument is unused:
  mul_left_comm

Hint: Omit it from the simp argument list.
  simp [one_div, S_ne, mul_comm, mul_l̵e̵f̵t̵_̵c̵o̵m̵m̵,̵ ̵m̵u̵l̵_̵assoc]

Note: This linter can be disabled with `set_option linter.unusedSimpArgs false`
warning: Goldbach/AnalyticGlobal.lean:70:54: This simp argument is unused:
  mul_assoc

Hint: Omit it from the simp argument list.
  simp [one_div, S_ne, mul_comm, mul_left_comm,̵ ̵m̵u̵l̵_̵a̵s̵s̵o̵c̵]

Note: This linter can be disabled with `set_option linter.unusedSimpArgs false`
⚠ [7608/7613] Replayed Goldbach.BankPieces
warning: Goldbach/BankPieces.lean:15:63: `class ... :=` has been deprecated in favor of `class ... where`.

Note: This linter can be disabled with `set_option linter.deprecated false`
⚠ [7610/7613] Replayed Goldbach.Analytic.MajorBoundFromSigma
warning: Goldbach/Analytic/MajorBoundFromSigma.lean:21:75: `structure ... :=` has been deprecated in favor of `structure ... where`.

Note: This linter can be disabled with `set_option linter.deprecated false`
⚠ [7611/7613] Replayed Goldbach.Analytic.NumericSigma
warning: Goldbach/Analytic/NumericSigma.lean:23:32: unused variable `hX`

Note: This linter can be disabled with `set_option linter.unusedVariables false`
✖ [7613/7613] Building Goldbach.BG_Identity (51s)
trace: .> LEAN_PATH=/Users/benjaminnelson/Desktop/nerd shit/goldbach/builds/Goldbach/.lake/packages/Cli/.lake/build/lib/lean:/Users/benjaminnelson/Desktop/nerd shit/goldbach/builds/Goldbach/.lake/packages/batteries/.lake/build/lib/lean:/Users/benjaminnelson/Desktop/nerd shit/goldbach/builds/Goldbach/.lake/packages/Qq/.lake/build/lib/lean:/Users/benjaminnelson/Desktop/nerd shit/goldbach/builds/Goldbach/.lake/packages/aesop/.lake/build/lib/lean:/Users/benjaminnelson/Desktop/nerd shit/goldbach/builds/Goldbach/.lake/packages/proofwidgets/.lake/build/lib/lean:/Users/benjaminnelson/Desktop/nerd shit/goldbach/builds/Goldbach/.lake/packages/importGraph/.lake/build/lib/lean:/Users/benjaminnelson/Desktop/nerd shit/goldbach/builds/Goldbach/.lake/packages/LeanSearchClient/.lake/build/lib/lean:/Users/benjaminnelson/Desktop/nerd shit/goldbach/builds/Goldbach/.lake/packages/plausible/.lake/build/lib/lean:/Users/benjaminnelson/Desktop/nerd shit/goldbach/builds/Goldbach/.lake/packages/mathlib/.lake/build/lib/lean:/Users/benjaminnelson/Desktop/nerd shit/goldbach/builds/Goldbach/.lake/build/lib/lean /Users/benjaminnelson/.elan/toolchains/leanprover--lean4---v4.26.0-rc2/bin/lean /Users/benjaminnelson/Desktop/nerd shit/goldbach/builds/Goldbach/Goldbach/BG_Identity.lean -o /Users/benjaminnelson/Desktop/nerd shit/goldbach/builds/Goldbach/.lake/build/lib/lean/Goldbach/BG_Identity.olean -i /Users/benjaminnelson/Desktop/nerd shit/goldbach/builds/Goldbach/.lake/build/lib/lean/Goldbach/BG_Identity.ilean -c /Users/benjaminnelson/Desktop/nerd shit/goldbach/builds/Goldbach/.lake/build/ir/Goldbach/BG_Identity.c --setup /Users/benjaminnelson/Desktop/nerd shit/goldbach/builds/Goldbach/.lake/build/ir/Goldbach/BG_Identity.setup.json --json
warning: Goldbach/BG_Identity.lean:138:48: This simp argument is unused:
  add_comm

Hint: Omit it from the simp argument list.
  simp [Finset.sum_insert, hk, ih, mul_add, a̵d̵d̵_̵c̵o̵m̵m̵,̵ ̵add_left_comm, add_assoc, mul_comm, mul_left_comm,
  ̲  ̲ ̲ ̲ ̲ ̲ ̲ ̲mul_assoc]

Note: This linter can be disabled with `set_option linter.unusedSimpArgs false`
warning: Goldbach/BG_Identity.lean:138:58: This simp argument is unused:
  add_left_comm

Hint: Omit it from the simp argument list.
  simp [Finset.sum_insert, hk, ih, mul_add, add_comm, a̵d̵d̵_̵l̵e̵f̵t̵_̵c̵o̵m̵m̵,̵add_assoc, mul_comm, mul_left_comm,
  ̲  ̲ ̲ ̲ ̲ ̲ ̲ ̲mul_assoc]

Note: This linter can be disabled with `set_option linter.unusedSimpArgs false`
warning: Goldbach/BG_Identity.lean:139:12: This simp argument is unused:
  add_assoc

Hint: Omit it from the simp argument list.
  simp [Finset.sum_insert, hk, ih, mul_add, add_comm, add_left_comm, a̵d̵d̵_̵a̵s̵s̵o̵c̵,̵ ̵mul_comm, mul_left_comm,
  ̲  ̲ ̲ ̲ ̲ ̲ ̲ ̲mul_assoc]

Note: This linter can be disabled with `set_option linter.unusedSimpArgs false`
warning: Goldbach/BG_Identity.lean:139:23: This simp argument is unused:
  mul_comm

Hint: Omit it from the simp argument list.
  simp [Finset.sum_insert, hk, ih, mul_add, add_comm, add_left_comm, add_assoc, m̵u̵l̵_̵c̵o̵m̵m̵,̵ ̵mul_left_comm,
  ̲  ̲ ̲ ̲ ̲ ̲ ̲ ̲mul_assoc]

Note: This linter can be disabled with `set_option linter.unusedSimpArgs false`
warning: Goldbach/BG_Identity.lean:139:33: This simp argument is unused:
  mul_left_comm

Hint: Omit it from the simp argument list.
  simp [Finset.sum_insert, hk, ih, mul_add, add_comm, add_left_comm, add_assoc, mul_comm,
  ̲  ̲ ̲ ̲ ̲ ̲ ̲ ̲m̵u̵l̵_̵l̵e̵f̵t̵_̵c̵o̵m̵m̵,̵ ̵mul_assoc]

Note: This linter can be disabled with `set_option linter.unusedSimpArgs false`
warning: Goldbach/BG_Identity.lean:139:48: This simp argument is unused:
  mul_assoc

Hint: Omit it from the simp argument list.
  simp [Finset.sum_insert, hk, ih, mul_add, add_comm, add_left_comm, add_assoc, mul_comm,
  ̲  ̲ ̲ ̲ ̲ ̲ ̲ ̲m̵u̵l̵_̵l̵e̵f̵t̵_̵c̵o̵m̵m̵,̵ ̵m̵u̵l̵_̵a̵s̵s̵o̵c̵]̵m̲u̲l̲_̲l̲e̲f̲t̲_̲c̲o̲m̲m̲]̲

Note: This linter can be disabled with `set_option linter.unusedSimpArgs false`
warning: Goldbach/BG_Identity.lean:204:10: This simp argument is unused:
  Finset.sum_insert

Hint: Omit it from the simp argument list.
  simp [̵F̵i̵n̵s̵e̵t̵.̵s̵u̵m̵_̵i̵n̵s̵e̵r̵t̵,̵ ̵h̵a̵,̵[̲h̲a̲,̲ ih, mul_add, add_comm, add_left_comm, add_assoc, mul_comm, mul_left_comm, mul_assoc]

Note: This linter can be disabled with `set_option linter.unusedSimpArgs false`
warning: Goldbach/BG_Identity.lean:204:33: This simp argument is unused:
  ih

Hint: Omit it from the simp argument list.
  simp [Finset.sum_insert, ha, i̵h̵,̵ ̵mul_add, add_comm, add_left_comm,
  ̵  ̵ ̵ ̵ ̵ ̵ ̵ ̵ ̵ ̵add_assoc, mul_comm,
  ̲  ̲ ̲ ̲ ̲ ̲mul_left_comm, mul_assoc]

Note: This linter can be disabled with `set_option linter.unusedSimpArgs false`
warning: Goldbach/BG_Identity.lean:204:56: This simp argument is unused:
  add_left_comm

Hint: Omit it from the simp argument list.
  simp [Finset.sum_insert, ha, ih, mul_add, add_comm, a̵d̵d̵_̵l̵e̵f̵t̵_̵c̵o̵m̵m̵,̵add_assoc, mul_comm, mul_left_comm,
  ̲  ̲ ̲ ̲ ̲ ̲mul_assoc]

Note: This linter can be disabled with `set_option linter.unusedSimpArgs false`
warning: Goldbach/BG_Identity.lean:205:10: This simp argument is unused:
  add_assoc

Hint: Omit it from the simp argument list.
  simp [Finset.sum_insert, ha, ih, mul_add, add_comm, add_left_comm, a̵d̵d̵_̵a̵s̵s̵o̵c̵,̵ ̵mul_comm, mul_left_comm,
  ̲  ̲ ̲ ̲ ̲ ̲mul_assoc]

Note: This linter can be disabled with `set_option linter.unusedSimpArgs false`
warning: Goldbach/BG_Identity.lean:205:31: This simp argument is unused:
  mul_left_comm

Hint: Omit it from the simp argument list.
  simp [Finset.sum_insert, ha, ih, mul_add, add_comm, add_left_comm, add_assoc, mul_comm,
  ̲  ̲ ̲ ̲ ̲ ̲m̵u̵l̵_̵l̵e̵f̵t̵_̵c̵o̵m̵m̵,̵ ̵mul_assoc]

Note: This linter can be disabled with `set_option linter.unusedSimpArgs false`
warning: Goldbach/BG_Identity.lean:205:46: This simp argument is unused:
  mul_assoc

Hint: Omit it from the simp argument list.
  simp [Finset.sum_insert, ha, ih, mul_add, add_comm, add_left_comm, add_assoc, mul_comm,
  ̲  ̲ ̲ ̲ ̲ ̲m̵u̵l̵_̵l̵e̵f̵t̵_̵c̵o̵m̵m̵,̵ ̵m̵u̵l̵_̵a̵s̵s̵o̵c̵]̵m̲u̲l̲_̲l̲e̲f̲t̲_̲c̲o̲m̲m̲]̲

Note: This linter can be disabled with `set_option linter.unusedSimpArgs false`
warning: Goldbach/BG_Identity.lean:301:6: declaration uses 'sorry'
warning: Goldbach/BG_Identity.lean:330:23: This simp argument is unused:
  Int.ofNat_sub hHN

Hint: Omit it from the simp argument list.
  simp only [̵I̵n̵t̵.̵o̵f̵N̵a̵t̵_̵s̵u̵b̵ ̵h̵H̵N̵]̵ ̵at hZint

Note: This linter can be disabled with `set_option linter.unusedSimpArgs false`
warning: Goldbach/BG_Identity.lean:395:4: try 'simp' instead of 'simpa'

Note: This linter can be disabled with `set_option linter.unnecessarySimpa false`
warning: Goldbach/BG_Identity.lean:418:25: try 'simp' instead of 'simpa'

Note: This linter can be disabled with `set_option linter.unnecessarySimpa false`
warning: Goldbach/BG_Identity.lean:461:6: declaration uses 'sorry'
warning: Goldbach/BG_Identity.lean:498:15: unused variable `hX`

Note: This linter can be disabled with `set_option linter.unusedVariables false`
warning: Goldbach/BG_Identity.lean:499:5: unused variable `hN`

Note: This linter can be disabled with `set_option linter.unusedVariables false`
warning: Goldbach/BG_Identity.lean:531:5: unused variable `hk`

Note: This linter can be disabled with `set_option linter.unusedVariables false`
warning: Goldbach/BG_Identity.lean:556:28: This simp argument is unused:
  hUpos.ne'

Hint: Omit it from the simp argument list.
  s̵i̵m̵p̵ ̵[̵K̵_̵f̵u̵l̵l̵,̵ ̵K̵_̵f̵u̵l̵l̵_̵r̵a̵w̵,̵ ̵h̵U̵p̵o̵s̵.̵n̵e̵'̵]̵ ̵a̵t̵ ̵*̵s̲i̲m̲p̲ ̲[̲K̲_̲f̲u̲l̲l̲,̲
  ̲ ̲ ̲ ̲ ̲K̲_̲f̲u̲l̲l̲_̲r̲a̲w̲]̲ ̲a̲t̲ ̲*̲
  ̲ ̲ ̲ ̲ ̲ ̲ ̲-̲-̲ ̲a̲f̲t̲e̲r̲ ̲s̲i̲m̲p̲,̲ ̲g̲o̲a̲l̲ ̲b̲e̲c̲o̲m̲e̲s̲ ̲`̲0̲ ̲<̲ ̲1̲ ̲/̲ ̲(̲U̲c̲u̲t̲:̲ℝ̲)̲`̲
  ̲ ̲ ̲ ̲ ̲ ̲ ̲

Note: This linter can be disabled with `set_option linter.unusedSimpArgs false`
warning: Goldbach/BG_Identity.lean:581:5: unused variable `h`

Note: This linter can be disabled with `set_option linter.unusedVariables false`
warning: Goldbach/BG_Identity.lean:588:5: unused variable `h`

Note: This linter can be disabled with `set_option linter.unusedVariables false`
warning: Goldbach/BG_Identity.lean:604:25: unused variable `X`

Note: This linter can be disabled with `set_option linter.unusedVariables false`
warning: Goldbach/BG_Identity.lean:604:27: unused variable `N`

Note: This linter can be disabled with `set_option linter.unusedVariables false`
warning: Goldbach/BG_Identity.lean:628:5: unused variable `h`

Note: This linter can be disabled with `set_option linter.unusedVariables false`
error: Goldbach/BG_Identity.lean:642:10: Unknown identifier `Kernel.conv_ref_const_eq_sigma_mass_of`
warning: Goldbach/BG_Identity.lean:657:8: try 'simp' instead of 'simpa'

Note: This linter can be disabled with `set_option linter.unnecessarySimpa false`
warning: Goldbach/BG_Identity.lean:685:34: unused variable `hk`

Note: This linter can be disabled with `set_option linter.unusedVariables false`
warning: Goldbach/BG_Identity.lean:689:35: unused variable `hk`

Note: This linter can be disabled with `set_option linter.unusedVariables false`
error: Goldbach/BG_Identity.lean:746:20: failed to synthesize
  HMul (ℕ → ℝ) ℝ ?m.11

Hint: Additional diagnostic information may be available using the `set_option diagnostics true` command.
error: Goldbach/BG_Identity.lean:754:20: typeclass instance problem is stuck
  HMul (ℕ → ℝ) ?m.14 ℝ

Note: Lean will not try to resolve this typeclass instance problem because the second type argument to `HMul` is a metavariable. This argument must be fully determined before Lean will try to resolve the typeclass.

Hint: Adding type annotations and supplying implicit arguments to functions can give Lean more information for typeclass resolution. For example, if you have a variable `x` that you intend to be a `Nat`, but Lean reports it as having an unresolved type like `?m`, replacing `x` with `(x : Nat)` can get typeclass resolution un-stuck.
error: Goldbach/BG_Identity.lean:764:60: unsolved goals
⊢ False
error: Goldbach/BG_Identity.lean:782:58: unsolved goals
⊢ -((↑H + 99) / 100) ≤ ↑H ∧ 0 ≤ ↑H + (↑H + 99) / 100
error: Goldbach/BG_Identity.lean:804:26: Unknown constant `Int.natAbs_eq_ofNat_abs`
error: Goldbach/BG_Identity.lean:810:12: linarith failed to find a contradiction
case h
h0 : 0 ∈ bandU
z : ℤ
hz : z ∈ bandU.erase 0
hzIcc : z ∈ Finset.Icc (-↑Ucut) ↑Ucut
hz0 : z ≠ 0
this : -↑Ucut ≤ z ∧ z ≤ ↑Ucut
hle : z ≤ ↑Ucut
hneg : -↑Ucut ≤ z
hz' : ↑z.natAbs = max (-z) z
a✝ : ↑Ucut < ↑z.natAbs
⊢ False
failed
error: Goldbach/BG_Identity.lean:818:59: mod_cast has type
  ?m.225 = ?m.225
but is expected to have type
  z.natAbs = 0
error: Goldbach/BG_Identity.lean:822:12: Type mismatch
  hzabs0
has type
  z.natAbs = 0
but is expected to have type
  z.natAbs ≠ 0
error: Goldbach/BG_Identity.lean:824:17: Invalid `⟨...⟩` notation: The expected type
  z.natAbs - 1 < Ucut ∧ z = Int.ofNat (z.natAbs - 1).succ ∨ z = -Int.ofNat (z.natAbs - 1).succ
has more than one constructor

Note: This notation can only be used when the expected type is an inductive type with a single constructor
error: Goldbach/BG_Identity.lean:825:10: No goals to be solved
error: Goldbach/BG_Identity.lean:838:69: Application type mismatch: The argument
  hkpos
has type
  k < Ucut
but is expected to have type
  k ∈ Finset.range Ucut
in the application
  And.intro hkpos
error: Goldbach/BG_Identity.lean:793:6: unsolved goals
case h.mp.inr
h0 : 0 ∈ bandU
z : ℤ
hz : z ∈ bandU.erase 0
hzIcc : z ∈ Finset.Icc (-↑Ucut) ↑Ucut
hz0 : z ≠ 0
hzAbs : z.natAbs ≤ Ucut
k : ℕ
h✝ : z = -Int.ofNat k.succ
⊢ z ∈
    Finset.map { toFun := fun k => ↑k.succ, inj' := ⋯ } (Finset.range Ucut) ∪
      Finset.map { toFun := fun k => -↑k.succ, inj' := ⋯ } (Finset.range Ucut)
error: Goldbach/BG_Identity.lean:839:54: unsolved goals
h0 : 0 ∈ bandU
z : ℤ
⊢ K_full_raw (H + (H + 99) / 100) 0 = (↑H + ↑((H + 99) / 100))⁻¹
error: Goldbach/BG_Identity.lean:852:34: maximum recursion depth has been reached
use `set_option maxRecDepth <num>` to increase limit
use `set_option diagnostics true` to get diagnostic information
error: Goldbach/BG_Identity.lean:853:28: Type mismatch
  hk
has type
  k ∈ Finset.map { toFun := fun k => ↑k.succ, inj' := ⋯ } (Finset.range Ucut)
but is expected to have type
  ∀ (a₂ : ℤ) (ha₂ : a₂ ∈ Finset.map { toFun := fun k => ↑k.succ, inj' := ⋯ } (Finset.range Ucut)),
    (fun k hk => k) k hk = (fun k hk => k) a₂ ha₂ → k = a₂
error: Goldbach/BG_Identity.lean:854:14: unsolved goals
case heq
h0 : 0 ∈ bandU
z : ℤ
h0val : K_full 0 = 1 / ↑Ucut
k : ℤ
hk : k ∈ Finset.map { toFun := fun k => -↑k.succ, inj' := ⋯ } (Finset.range Ucut)
⊢ ∃ a < H + (H + 99) / 100, ↑a + 1 = k
error: Goldbach/BG_Identity.lean:855:28: Type mismatch
  hk
has type
  k ∈ Finset.map { toFun := fun k => ↑k.succ, inj' := ⋯ } (Finset.range Ucut)
but is expected to have type
  K_full k = K_full ((fun k hk => k) k hk)
error: Goldbach/BG_Identity.lean:872:68: Type mismatch: After simplification, term
  hbEq
 has type
  -1 + -↑b' = ↑a' + 1
but is expected to have type
  ↑a' + 1 = -1 + -↑b'
error: Goldbach/BG_Identity.lean:873:16: linarith failed to find a contradiction
h0 : 0 ∈ bandU
z : ℤ
h0val : K_full 0 = 1 / ↑Ucut
hpair :
  ∑ k ∈ Finset.map { toFun := fun k => ↑k.succ, inj' := ⋯ } (Finset.range Ucut), K_full k =
    ∑ k ∈ Finset.map { toFun := fun k => -↑k.succ, inj' := ⋯ } (Finset.range Ucut), K_full k
a' : ℕ
ha' : a' ∈ Finset.range Ucut
ha :
  { toFun := fun k => ↑k.succ, inj' := ⋯ } a' ∈ Finset.map { toFun := fun k => ↑k.succ, inj' := ⋯ } (Finset.range Ucut)
hb :
  { toFun := fun k => ↑k.succ, inj' := ⋯ } a' ∈ Finset.map { toFun := fun k => -↑k.succ, inj' := ⋯ } (Finset.range Ucut)
b' : ℕ
hb' : b' ∈ Finset.range Ucut
hbEq : { toFun := fun k => -↑k.succ, inj' := ⋯ } b' = { toFun := fun k => ↑k.succ, inj' := ⋯ } a'
hbPos : ↑b'.succ ≠ 0
this : ↑a'.succ = -↑b'.succ
⊢ False
failed
error: Goldbach/BG_Identity.lean:890:92: Unknown identifier `hpos`
error: Goldbach/BG_Identity.lean:892:6: 'calc' expression has type
  ∑ k ∈ bandU, K_full k = K_full 0 + 2 * ∑ k ∈ Finset.range Ucut, K_full (Int.ofNat k.succ)
but is expected to have type
  z ∈
      Finset.map { toFun := fun k => ↑k.succ, inj' := ⋯ } (Finset.range Ucut) ∪
        Finset.map { toFun := fun k => -↑k.succ, inj' := ⋯ } (Finset.range Ucut) →
    z ∈ bandU.erase 0
error: Goldbach/BG_Identity.lean:779:93: unsolved goals
h0 : 0 ∈ bandU
hpos :
  bandU.erase 0 =
    Finset.map { toFun := fun k => ↑k.succ, inj' := ⋯ } (Finset.range Ucut) ∪
      Finset.map { toFun := fun k => -↑k.succ, inj' := ⋯ } (Finset.range Ucut)
⊢ ∑ k ∈ bandU, K_full k = K_full 0 + 2 * ∑ k ∈ Finset.range Ucut, K_full (Int.ofNat k.succ)
error: Goldbach/BG_Identity.lean:895:22: maximum recursion depth has been reached
use `set_option maxRecDepth <num>` to increase limit
use `set_option diagnostics true` to get diagnostic information
warning: Goldbach/BG_Identity.lean:897:10: try 'simp' instead of 'simpa'

Note: This linter can be disabled with `set_option linter.unnecessarySimpa false`
warning: Goldbach/BG_Identity.lean:916:22: `Finset.range_succ` has been deprecated: Use `Finset.range_add_one` instead
error: Goldbach/BG_Identity.lean:914:72: unsolved goals
hsplit : ∑ k ∈ bandU, K_full k = K_full 0 + 2 * ∑ k ∈ Finset.range Ucut, K_full (Int.ofNat k.succ)
hsum1 : ∑ k ∈ Finset.range Ucut, 1 = ↑Ucut
this : ∑ i ∈ Finset.range Ucut.succ, i = Ucut.succ * (Ucut.succ - 1) / 2
⊢ H + (H + 99) / 100 + ∑ x ∈ Finset.range (H + (H + 99) / 100), x =
    ∑ x ∈ Finset.range (H + (H + 99) / 100), x + (H + (H + 99) / 100)
error: Goldbach/BG_Identity.lean:918:10: Type mismatch: After simplification, term
  Finset.sum_range_id
 has type
  ∀ (n : ℕ), ∑ i ∈ Finset.range n, i = n * (n - 1) / 2
but is expected to have type
  ∑ i ∈ Finset.range (H + (H + 99) / 100 + 1), i = (H + (H + 99) / 100 + 1) * (H + (H + 99) / 100) / 2
error: Goldbach/BG_Identity.lean:919:8: linarith failed to find a contradiction
case h1.h
hsplit : ∑ k ∈ bandU, K_full k = K_full 0 + 2 * ∑ k ∈ Finset.range Ucut, K_full (Int.ofNat k.succ)
hsum1 : ∑ k ∈ Finset.range Ucut, 1 = ↑Ucut
this : ∑ i ∈ Finset.range Ucut.succ, i = Ucut.succ * (Ucut.succ - 1) / 2
hrewrite : ∑ i ∈ Finset.range Ucut.succ, i = ∑ k ∈ Finset.range Ucut, k.succ
hs : ∑ i ∈ Finset.range Ucut.succ, i = Ucut.succ * Ucut / 2
a✝ : ∑ k ∈ Finset.range Ucut, k.succ < Ucut * (Ucut + 1) / 2
⊢ False
failed
error: Goldbach/BG_Identity.lean:921:6: maximum recursion depth has been reached
use `set_option maxRecDepth <num>` to increase limit
use `set_option diagnostics true` to get diagnostic information
error: Goldbach/BG_Identity.lean:928:16: maximum recursion depth has been reached
use `set_option maxRecDepth <num>` to increase limit
use `set_option diagnostics true` to get diagnostic information
error: Goldbach/BG_Identity.lean:940:68: unsolved goals
hsplit : ∑ k ∈ bandU, K_full k = K_full 0 + 2 * ∑ k ∈ Finset.range Ucut, K_full (Int.ofNat k.succ)
hsum1 : ∑ k ∈ Finset.range Ucut, 1 = ↑Ucut
hsumk : ∑ k ∈ Finset.range Ucut, ↑k.succ = ↑Ucut * (↑Ucut + 1) / 2
hUpos : 0 < ↑Ucut
hUpos' : ↑Ucut ≠ 0
⊢ (↑H + ↑((H + 99) / 100) - ∑ x ∈ Finset.range (H + (H + 99) / 100), (↑x + 1) / (↑H + ↑((H + 99) / 100))) /
      (↑H + ↑((H + 99) / 100)) =
    (↑H + ↑((H + 99) / 100))⁻¹ *
      (↑H + ↑((H + 99) / 100) - ∑ x ∈ Finset.range (H + (H + 99) / 100), (↑x + 1) / (↑H + ↑((H + 99) / 100)))
info: Goldbach/BG_Identity.lean:946:8: Try this:
  [apply] ring_nf
  
  The `ring` tactic failed to close the goal. Use `ring_nf` to obtain a normal form.
    
  Note that `ring` works primarily in *commutative* rings. If you have a noncommutative ring, abelian group or module, consider using `noncomm_ring`, `abel` or `module` instead.
error: Goldbach/BG_Identity.lean:943:96: unsolved goals
hsplit : ∑ k ∈ bandU, K_full k = K_full 0 + 2 * ∑ k ∈ Finset.range Ucut, K_full (Int.ofNat k.succ)
hsum1 : ∑ k ∈ Finset.range Ucut, 1 = ↑Ucut
hsumk : ∑ k ∈ Finset.range Ucut, ↑k.succ = ↑Ucut * (↑Ucut + 1) / 2
hUpos : 0 < ↑Ucut
hUpos' : ↑Ucut ≠ 0
⊢ ↑Ucut * (↑Ucut)⁻¹ - (↑Ucut)⁻¹ * ∑ x ∈ Finset.range Ucut, (↑Ucut)⁻¹ * ↑x.succ =
    ↑Ucut * (↑Ucut)⁻¹ + ↑Ucut * (↑Ucut)⁻¹ ^ 2 * (-1 / 2) + ↑Ucut ^ 2 * (↑Ucut)⁻¹ ^ 2 * (-1 / 2)
info: Goldbach/BG_Identity.lean:948:33: Try this:
  [apply] ring_nf
  
  The `ring` tactic failed to close the goal. Use `ring_nf` to obtain a normal form.
    
  Note that `ring` works primarily in *commutative* rings. If you have a noncommutative ring, abelian group or module, consider using `noncomm_ring`, `abel` or `module` instead.
error: Goldbach/BG_Identity.lean:947:34: unsolved goals
hsplit : ∑ k ∈ bandU, K_full k = K_full 0 + 2 * ∑ k ∈ Finset.range Ucut, K_full (Int.ofNat k.succ)
hsum1 : ∑ k ∈ Finset.range Ucut, 1 = ↑Ucut
hsumk : ∑ k ∈ Finset.range Ucut, ↑k.succ = ↑Ucut * (↑Ucut + 1) / 2
hUpos : 0 < ↑Ucut
⊢ -1 + ↑Ucut = -↑Ucut + ↑Ucut ^ 2
error: Goldbach/BG_Identity.lean:957:58: unsolved goals
hsplit : ∑ k ∈ bandU, K_full k = K_full 0 + 2 * ∑ k ∈ Finset.range Ucut, K_full (Int.ofNat k.succ)
hpos_eval : ∑ k ∈ Finset.range Ucut, K_full (Int.ofNat k.succ) = (↑Ucut - 1) / 2
hUpos : ↑Ucut ≠ 0
this : ∑ k ∈ bandU, K_full k = K_full 0 + 2 * ∑ k ∈ Finset.range Ucut, K_full (Int.ofNat k.succ)
⊢ K_full_raw (H + (H + 99) / 100) 0 = (↑H + ↑((H + 99) / 100))⁻¹
info: Goldbach/BG_Identity.lean:966:6: Try this:
  [apply] ring_nf
  
  The `ring` tactic failed to close the goal. Use `ring_nf` to obtain a normal form.
    
  Note that `ring` works primarily in *commutative* rings. If you have a noncommutative ring, abelian group or module, consider using `noncomm_ring`, `abel` or `module` instead.
error: Goldbach/BG_Identity.lean:960:13: unsolved goals
hsplit : ∑ k ∈ bandU, K_full k = K_full 0 + 2 * ∑ k ∈ Finset.range Ucut, K_full (Int.ofNat k.succ)
hpos_eval : ∑ k ∈ Finset.range Ucut, K_full (Int.ofNat k.succ) = (↑Ucut - 1) / 2
hUpos hUpos' : ↑Ucut ≠ 0
hUpos'' : 0 < ↑Ucut
⊢ 1 - ↑Ucut + ↑Ucut ^ 2 = ↑Ucut
warning: Goldbach/BG_Identity.lean:783:14: This simp argument is unused:
  bandU

Hint: Omit it from the simp argument list.
  simp ̵[̵b̵a̵n̵d̵U̵]̵

Note: This linter can be disabled with `set_option linter.unusedSimpArgs false`
warning: Goldbach/BG_Identity.lean:942:14: This simp argument is unused:
  Finset.sum_mul

Hint: Omit it from the simp argument list.
  simp [F̵i̵n̵s̵e̵t̵.̵s̵u̵m̵_̵m̵u̵l̵,̵ ̵hUpos']

Note: This linter can be disabled with `set_option linter.unusedSimpArgs false`
warning: Goldbach/BG_Identity.lean:942:30: This simp argument is unused:
  hUpos'

Hint: Omit it from the simp argument list.
  simp [Finset.sum_mul,̵ ̵h̵U̵p̵o̵s̵'̵]

Note: This linter can be disabled with `set_option linter.unusedSimpArgs false`
warning: Goldbach/BG_Identity.lean:945:43: This simp argument is unused:
  Finset.sum_div

Hint: Omit it from the simp argument list.
  simp only [Finset.sum_sub_distrib, F̵i̵n̵s̵e̵t̵.̵s̵u̵m̵_̵d̵i̵v̵,̵ ̵hsum1, hsumk]

Note: This linter can be disabled with `set_option linter.unusedSimpArgs false`
warning: Goldbach/BG_Identity.lean:945:66: This simp argument is unused:
  hsumk

Hint: Omit it from the simp argument list.
  simp only [Finset.sum_sub_distrib, Finset.sum_div, hsum1,̵ ̵h̵s̵u̵m̵k̵]

Note: This linter can be disabled with `set_option linter.unusedSimpArgs false`
error: Goldbach/BG_Identity.lean:981:27: Invalid argument name `bandU` for function `sum_bandU`
error: Goldbach/BG_Identity.lean:1004:30: unsolved goals
Kadm : BG.AdmissibleKernel Ucut
⊢ 0 ∈ BG_Bank.S_BG
warning: Goldbach/BG_Identity.lean:1021:5: unused variable `h`

Note: This linter can be disabled with `set_option linter.unusedVariables false`
error: Goldbach/BG_Identity.lean:1040:53: Type mismatch: After simplification, term
  hk
 has type
  k ∈ BG_Bank.S_BG
but is expected to have type
  -↑H ≤ k ∧ k ≤ ↑H
error: Goldbach/BG_Identity.lean:1045:6: Tactic `simp` failed with a nested error:
maximum recursion depth has been reached
use `set_option maxRecDepth <num>` to increase limit
use `set_option diagnostics true` to get diagnostic information
warning: Goldbach/BG_Identity.lean:1065:54: try 'simp' instead of 'simpa'

Note: This linter can be disabled with `set_option linter.unnecessarySimpa false`
error: Goldbach/BG_Identity.lean:1080:14: Type mismatch: After simplification, term
  Finset.mem_Icc.mpr hkIcc_pair
 has type
  -↑H ≤ k ∧ k ≤ ↑H
but is expected to have type
  k ∈ BG_Bank.S_BG
error: Goldbach/BG_Identity.lean:1082:53: Type mismatch: After simplification, term
  hk
 has type
  k ∈ BG_Bank.S_BG
but is expected to have type
  -↑H ≤ k ∧ k ≤ ↑H
warning: Goldbach/BG_Identity.lean:1085:6: try 'simp' instead of 'simpa'

Note: This linter can be disabled with `set_option linter.unnecessarySimpa false`
error: Goldbach/BG_Identity.lean:1120:55: linarith failed to find a contradiction
case h
hinner_eq : innerBand = Finset.Icc (-↑H) ↑H
z : ℤ
hz : z ∈ (Finset.Icc (-↑H) ↑H).erase 0
hzIcc : z ∈ Finset.Icc (-↑H) ↑H
hz0 : z ≠ 0
this : -↑H ≤ z ∧ z ≤ ↑H
hle : z ≤ ↑H
hneg : -↑H ≤ z
a✝ : ↑H < ↑z.natAbs
⊢ False
failed
error: Goldbach/BG_Identity.lean:1128:33: Function expected at
  Int.natAbs_eq_zero
but this term has type
  Int.natAbs ?m.243 = 0 ↔ ?m.243 = 0

Note: Expected a function because this term is being applied to the argument
  hzabs0
error: Goldbach/BG_Identity.lean:1131:17: Invalid `⟨...⟩` notation: The expected type
  z.natAbs - 1 < H ∧ z = Int.ofNat (z.natAbs - 1).succ ∨ z = -Int.ofNat (z.natAbs - 1).succ
has more than one constructor

Note: This notation can only be used when the expected type is an inductive type with a single constructor
error: Goldbach/BG_Identity.lean:1132:10: No goals to be solved
error: Goldbach/BG_Identity.lean:1110:6: unsolved goals
case h.mp.inl
hinner_eq : innerBand = Finset.Icc (-↑H) ↑H
k : ℕ
hkpos : k < H
hz : Int.ofNat k.succ ∈ (Finset.Icc (-↑H) ↑H).erase 0
hzIcc : Int.ofNat k.succ ∈ Finset.Icc (-↑H) ↑H
hz0 : Int.ofNat k.succ ≠ 0
hzAbs : (Int.ofNat k.succ).natAbs ≤ H
⊢ Int.ofNat k.succ ∈
    Finset.map { toFun := fun k => ↑k.succ, inj' := ⋯ } (Finset.range H) ∪
      Finset.map { toFun := fun k => -↑k.succ, inj' := ⋯ } (Finset.range H)

case h.mp.inr
hinner_eq : innerBand = Finset.Icc (-↑H) ↑H
z : ℤ
hz : z ∈ (Finset.Icc (-↑H) ↑H).erase 0
hzIcc : z ∈ Finset.Icc (-↑H) ↑H
hz0 : z ≠ 0
hzAbs : z.natAbs ≤ H
k : ℕ
h✝ : z = -Int.ofNat k.succ
⊢ z ∈
    Finset.map { toFun := fun k => ↑k.succ, inj' := ⋯ } (Finset.range H) ∪
      Finset.map { toFun := fun k => -↑k.succ, inj' := ⋯ } (Finset.range H)
error: Goldbach/BG_Identity.lean:1145:54: unsolved goals
hinner_eq : innerBand = Finset.Icc (-↑H) ↑H
z : ℤ
h0mem : 0 ∈ Finset.Icc (-↑H) ↑H
⊢ K_full_raw (H + (H + 99) / 100) 0 = (↑H + ↑((H + 99) / 100))⁻¹
error: Goldbach/BG_Identity.lean:1153:12: `inj` is not a field of structure `Function.Embedding`
error: Goldbach/BG_Identity.lean:1152:10: Fields missing: `inj'`

Hint: Add missing fields:
  
  ̲ ̲ ̲ ̲ ̲ ̲ ̲ ̲ ̲ ̲ ̲ ̲ ̲i̲n̲j̲'̲ ̲:̲=̲ ̲_̲
error: Goldbach/BG_Identity.lean:1159:12: `inj` is not a field of structure `Function.Embedding`
error: Goldbach/BG_Identity.lean:1158:10: Fields missing: `inj'`

Hint: Add missing fields:
  
  ̲ ̲ ̲ ̲ ̲ ̲ ̲ ̲ ̲ ̲ ̲ ̲ ̲i̲n̲j̲'̲ ̲:̲=̲ ̲_̲
error: Goldbach/BG_Identity.lean:1168:60: Type mismatch: After simplification, term
  hEq
 has type
  negEmb j = posEmb i
but is expected to have type
  ↑i + 1 = -1 + -↑j
error: Goldbach/BG_Identity.lean:1170:67: Type mismatch: After simplification, term
  this
 has type
  ↑i + 1 = -1 + -↑j
but is expected to have type
  ↑i + 1 + (↑j + 1) = 0
error: Goldbach/BG_Identity.lean:1171:62: mod_cast has type
  ?m.535
of sort `Type ?u.63471` but is expected to have type
  0 < i.succ + j.succ
of sort `Prop`
error: Goldbach/BG_Identity.lean:1171:78: Application type mismatch: The argument
  Nat.succ_pos j
has type
  0 < j.succ
of sort `Prop` but is expected to have type
  ?m.537
of sort `Type ?u.63472` in the application
  ?m.540 + ⋯
error: Goldbach/BG_Identity.lean:1172:33: Type mismatch: After simplification, term
  hpos
 has type
  0 < ↑i + 1 + (↑j + 1)
but is expected to have type
  False
error: Goldbach/BG_Identity.lean:1174:79: Unknown identifier `hband`
error: Goldbach/BG_Identity.lean:1179:85: Invalid argument name `emb` for function `Finset.sum_map`

Hint: Perhaps you meant one of the following parameter names:
  • `ι`: e̵m̵b̵ι̲
  • `κ`: e̵m̵b̵κ̲
  • `M`: e̵m̵b̵M̲
  • `e`: em̵b̵
error: Goldbach/BG_Identity.lean:1183:85: Invalid argument name `emb` for function `Finset.sum_map`

Hint: Perhaps you meant one of the following parameter names:
  • `ι`: e̵m̵b̵ι̲
  • `κ`: e̵m̵b̵κ̲
  • `M`: e̵m̵b̵M̲
  • `e`: em̵b̵
error: Goldbach/BG_Identity.lean:1187:10: maximum recursion depth has been reached
use `set_option maxRecDepth <num>` to increase limit
use `set_option diagnostics true` to get diagnostic information
warning: Goldbach/BG_Identity.lean:1191:16: try 'simp' instead of 'simpa'

Note: This linter can be disabled with `set_option linter.unnecessarySimpa false`
warning: Goldbach/BG_Identity.lean:1197:16: try 'simp' instead of 'simpa'

Note: This linter can be disabled with `set_option linter.unnecessarySimpa false`
error: Goldbach/BG_Identity.lean:1199:6: 'calc' expression has type
  ∑ k ∈ innerBand, K_full k = K_full 0 + 2 * ∑ k ∈ Finset.range H, K_full (Int.ofNat k.succ)
but is expected to have type
  z ∈
      Finset.map { toFun := fun k => ↑k.succ, inj' := ⋯ } (Finset.range H) ∪
        Finset.map { toFun := fun k => -↑k.succ, inj' := ⋯ } (Finset.range H) →
    z ∈ (Finset.Icc (-↑H) ↑H).erase 0
error: Goldbach/BG_Identity.lean:1103:137: unsolved goals
hinner_eq : innerBand = Finset.Icc (-↑H) ↑H
hband :
  (Finset.Icc (-↑H) ↑H).erase 0 =
    Finset.map { toFun := fun k => ↑k.succ, inj' := ⋯ } (Finset.range H) ∪
      Finset.map { toFun := fun k => -↑k.succ, inj' := ⋯ } (Finset.range H)
⊢ ∑ k ∈ innerBand, K_full k = K_full 0 + 2 * ∑ k ∈ Finset.range H, K_full (Int.ofNat k.succ)
warning: Goldbach/BG_Identity.lean:1208:10: try 'simp' instead of 'simpa'

Note: This linter can be disabled with `set_option linter.unnecessarySimpa false`
error: Goldbach/BG_Identity.lean:1215:8: Type mismatch: After simplification, term
  Finset.sum_range_id
 has type
  ∀ (n : ℕ), ∑ i ∈ Finset.range n, i = n * (n - 1) / 2
but is expected to have type
  ∑ i ∈ Finset.range (H + 1), i = (H + 1) * H / 2
warning: Goldbach/BG_Identity.lean:1221:16: `Finset.range_succ` has been deprecated: Use `Finset.range_add_one` instead
error: Goldbach/BG_Identity.lean:1219:67: unsolved goals
hinner_eq : innerBand = Finset.Icc (-↑H) ↑H
hsplit : ∑ k ∈ innerBand, K_full k = K_full 0 + 2 * ∑ k ∈ Finset.range H, K_full (Int.ofNat k.succ)
hsum1 : ∑ k ∈ Finset.range H, 1 = ↑H
this : ∑ i ∈ Finset.range H.succ, i = H.succ * H / 2
⊢ H + ∑ x ∈ Finset.range H, x = ∑ x ∈ Finset.range H, (x + 1)
error: Goldbach/BG_Identity.lean:1222:6: linarith failed to find a contradiction
case h1.h
hinner_eq : innerBand = Finset.Icc (-↑H) ↑H
hsplit✝ : ∑ k ∈ innerBand, K_full k = K_full 0 + 2 * ∑ k ∈ Finset.range H, K_full (Int.ofNat k.succ)
hsum1 : ∑ k ∈ Finset.range H, 1 = ↑H
this : ∑ i ∈ Finset.range H.succ, i = H.succ * H / 2
hsplit : ∑ i ∈ Finset.range H.succ, i = ∑ k ∈ Finset.range H, k.succ
a✝ : ∑ k ∈ Finset.range H, k.succ < H * (H + 1) / 2
⊢ False
failed
error: Goldbach/BG_Identity.lean:1223:4: maximum recursion depth has been reached
use `set_option maxRecDepth <num>` to increase limit
use `set_option diagnostics true` to get diagnostic information
error: Goldbach/BG_Identity.lean:1239:33: Unknown identifier `abs_ofNat`
error: Goldbach/BG_Identity.lean:1239:48: Unknown constant `Int.natAbs_ofNat`
error: Goldbach/BG_Identity.lean:1235:70: unsolved goals
hinner_eq : innerBand = Finset.Icc (-↑H) ↑H
hsplit : ∑ k ∈ innerBand, K_full k = K_full 0 + 2 * ∑ k ∈ Finset.range H, K_full (Int.ofNat k.succ)
hsum1 : ∑ k ∈ Finset.range H, 1 = ↑H
hsumk : ∑ k ∈ Finset.range H, ↑k.succ = ↑H * (↑H + 1) / 2
hUpos : ↑Ucut ≠ 0
hHU : H ≤ Ucut
k : ℕ
hk : k ∈ Finset.range H
hk' : k.succ ≤ Ucut
hnat : (Int.ofNat k.succ).natAbs ≤ Ucut
⊢ K_full_raw (H + (H + 99) / 100) (↑k + 1) = (1 - (↑k + 1) / (↑H + ↑((H + 99) / 100))) / (↑H + ↑((H + 99) / 100))
error: Goldbach/BG_Identity.lean:1245:111: unsolved goals
hinner_eq : innerBand = Finset.Icc (-↑H) ↑H
hsplit : ∑ k ∈ innerBand, K_full k = K_full 0 + 2 * ∑ k ∈ Finset.range H, K_full (Int.ofNat k.succ)
hsum1 : ∑ k ∈ Finset.range H, 1 = ↑H
hsumk : ∑ k ∈ Finset.range H, ↑k.succ = ↑H * (↑H + 1) / 2
hUpos : ↑Ucut ≠ 0
hHU : H ≤ Ucut
this✝ : ∀ k ∈ Finset.range H, K_full (Int.ofNat k.succ) = (1 - ↑k.succ / ↑Ucut) / ↑Ucut
this : ↑Ucut ≠ 0
⊢ ∑ x ∈ Finset.range H, (1 - (↑x + 1) / (↑H + ↑((H + 99) / 100))) / (↑H + ↑((H + 99) / 100)) =
    (↑H + ↑((H + 99) / 100))⁻¹ * (↑H - ∑ x ∈ Finset.range H, (↑x + 1) / (↑H + ↑((H + 99) / 100)))
error: Goldbach/BG_Identity.lean:1248:87: unsolved goals
hinner_eq : innerBand = Finset.Icc (-↑H) ↑H
hsplit : ∑ k ∈ innerBand, K_full k = K_full 0 + 2 * ∑ k ∈ Finset.range H, K_full (Int.ofNat k.succ)
hsum1 : ∑ k ∈ Finset.range H, 1 = ↑H
hsumk : ∑ k ∈ Finset.range H, ↑k.succ = ↑H * (↑H + 1) / 2
hUpos : ↑Ucut ≠ 0
hHU : H ≤ Ucut
this : ∀ k ∈ Finset.range H, K_full (Int.ofNat k.succ) = (1 - ↑k.succ / ↑Ucut) / ↑Ucut
⊢ ∑ x ∈ Finset.range H, (↑x + 1) / (↑H + ↑((H + 99) / 100)) = (↑H + ↑((H + 99) / 100))⁻¹ * (↑H * (↑H + 1) / 2) ∨
    ↑H + ↑((H + 99) / 100) = 0
error: Goldbach/BG_Identity.lean:1260:4: maximum recursion depth has been reached
use `set_option maxRecDepth <num>` to increase limit
use `set_option diagnostics true` to get diagnostic information
error: Goldbach/BG_Identity.lean:1269:2: maximum recursion depth has been reached
use `set_option maxRecDepth <num>` to increase limit
use `set_option diagnostics true` to get diagnostic information
warning: Goldbach/BG_Identity.lean:1239:27: This simp argument is unused:
  hnat

Hint: Omit it from the simp argument list.
  simp [h̵n̵at̵,̵ ̵a̵bs_ofNat, Int.natAbs_ofNat]

Note: This linter can be disabled with `set_option linter.unusedSimpArgs false`
warning: Goldbach/BG_Identity.lean:1247:18: This simp argument is unused:
  Finset.sum_mul

Hint: Omit it from the simp argument list.
  simp [̵F̵i̵n̵s̵e̵t̵.̵s̵u̵m̵_̵m̵u̵l̵,̵ ̵t̵h̵i̵s̵]̵[̲t̲h̲i̲s̲]̲

Note: This linter can be disabled with `set_option linter.unusedSimpArgs false`
warning: Goldbach/BG_Identity.lean:1247:34: This simp argument is unused:
  this

Hint: Omit it from the simp argument list.
  simp [Finset.sum_mul,̵ ̵t̵h̵i̵s̵]

Note: This linter can be disabled with `set_option linter.unusedSimpArgs false`
warning: Goldbach/BG_Identity.lean:1249:42: This simp argument is unused:
  Finset.sum_div

Hint: Omit it from the simp argument list.
  simp [Finset.sum_sub_distrib, F̵i̵n̵s̵e̵t̵.̵s̵u̵m̵_̵d̵i̵v̵,̵ ̵hsum1, hsumk]

Note: This linter can be disabled with `set_option linter.unusedSimpArgs false`
warning: Goldbach/BG_Identity.lean:1249:65: This simp argument is unused:
  hsumk

Hint: Omit it from the simp argument list.
  simp [Finset.sum_sub_distrib, Finset.sum_div, hsum1,̵ ̵h̵s̵u̵m̵k̵]

Note: This linter can be disabled with `set_option linter.unusedSimpArgs false`
warning: Goldbach/BG_Identity.lean:1271:6: declaration uses 'sorry'
error: Goldbach/BG_Identity.lean:1317:21: maximum recursion depth has been reached
use `set_option maxRecDepth <num>` to increase limit
use `set_option diagnostics true` to get diagnostic information
warning: Goldbach/BG_Identity.lean:1345:28: unused variable `X`

Note: This linter can be disabled with `set_option linter.unusedVariables false`
warning: Goldbach/BG_Identity.lean:1345:30: unused variable `N`

Note: This linter can be disabled with `set_option linter.unusedVariables false`
warning: Goldbach/BG_Identity.lean:1346:28: unused variable `X`

Note: This linter can be disabled with `set_option linter.unusedVariables false`
warning: Goldbach/BG_Identity.lean:1346:30: unused variable `N`

Note: This linter can be disabled with `set_option linter.unusedVariables false`
error: Goldbach/BG_Identity.lean:1372:21: maximum recursion depth has been reached
use `set_option maxRecDepth <num>` to increase limit
use `set_option diagnostics true` to get diagnostic information
error: Goldbach/BG_Identity.lean:1471:0: Unexpected name `BG_Identity` after `end`: The current section is unnamed

Hint: Delete the name `BG_Identity` to end the current unnamed scope; outer named scopes can then be closed using additional `end` command(s):
  end ̵B̵G̵_̵I̵d̵e̵n̵t̵i̵t̵y̵
error: Goldbach/BG_Identity.lean:1472:0: Unexpected name `Goldbach` after `end`: The current section is unnamed

Hint: Delete the name `Goldbach` to end the current unnamed scope; outer named scopes can then be closed using additional `end` command(s):
  end ̵G̵o̵l̵d̵b̵a̵c̵h̵
error: Lean exited with code 1
Some required targets logged failures:
- Goldbach.BG_Identity
error: build failed
⚠ [7587/7613] Replayed Goldbach.Compat
warning: Goldbach/Compat.lean:18:2: try 'simp' instead of 'simpa'

Note: This linter can be disabled with `set_option linter.unnecessarySimpa false`
warning: Goldbach/Compat.lean:24:40: unused variable `hb`

Note: This linter can be disabled with `set_option linter.unusedVariables false`
warning: Goldbach/Compat.lean:50:4: try 'simp' instead of 'simpa'

Note: This linter can be disabled with `set_option linter.unnecessarySimpa false`
⚠ [7590/7613] Replayed Goldbach.Windows
warning: Goldbach/Windows.lean:63:4: try 'simp' instead of 'simpa'

Note: This linter can be disabled with `set_option linter.unnecessarySimpa false`
warning: Goldbach/Windows.lean:68:2: try 'simp' instead of 'simpa'

Note: This linter can be disabled with `set_option linter.unnecessarySimpa false`
warning: Goldbach/Windows.lean:68:38: this tactic is never executed

Note: This linter can be disabled with `set_option linter.unreachableTactic false`
warning: Goldbach/Windows.lean:68:38: 'simpa using hmap' tactic does nothing

Note: This linter can be disabled with `set_option linter.unusedTactic false`
⚠ [7595/7613] Replayed Goldbach.AO_AssembleEnvelope
warning: Goldbach/AO_AssembleEnvelope.lean:67:20: try 'simp' instead of 'simpa'

Note: This linter can be disabled with `set_option linter.unnecessarySimpa false`
⚠ [7597/7613] Replayed Goldbach.AO_Major
warning: Goldbach/AO_Major.lean:21:13: unused variable `hX`

Note: This linter can be disabled with `set_option linter.unusedVariables false`
warning: Goldbach/AO_Major.lean:21:35: unused variable `hN`

Note: This linter can be disabled with `set_option linter.unusedVariables false`
warning: Goldbach/AO_Major.lean:25:24: This simp argument is unused:
  add_assoc

Hint: Omit it from the simp argument list.
  simp [Goldbach.AO_Major.errAO, Goldbach.AO_Major.weight_mass, Goldbach.AO_Core.errAO,
       ̵ ̵ ̵ ̵sub_eq_add_neg, add_a̵s̵s̵o̵c̵,̵ ̵a̵d̵d̵_̵left_comm, add_comm, mul_assoc]

Note: This linter can be disabled with `set_option linter.unusedSimpArgs false`
warning: Goldbach/AO_Major.lean:25:60: This simp argument is unused:
  mul_assoc

Hint: Omit it from the simp argument list.
  simp [Goldbach.AO_Major.errAO, Goldbach.AO_Major.weight_mass, Goldbach.AO_Core.errAO,
       ̵ ̵ ̵ ̵sub_eq_add_neg, add_assoc, add_left_comm, add_comm,̵ ̵m̵u̵l̵_̵a̵s̵s̵o̵c̵]

Note: This linter can be disabled with `set_option linter.unusedSimpArgs false`
warning: Goldbach/AO_Major.lean:46:5: unused variable `h`

Note: This linter can be disabled with `set_option linter.unusedVariables false`
warning: Goldbach/AO_Major.lean:58:24: This simp argument is unused:
  dif_pos

Hint: Omit it from the simp argument list.
  simp only [MPDF, win, d̵i̵f̵_̵p̵o̵s̵,̵ ̵mul_div_assoc']

Note: This linter can be disabled with `set_option linter.unusedSimpArgs false`
warning: Goldbach/AO_Major.lean:58:33: This simp argument is unused:
  mul_div_assoc'

Hint: Omit it from the simp argument list.
  simp only [MPDF, win, dif_pos,̵ ̵m̵u̵l̵_̵d̵i̵v̵_̵a̵s̵s̵o̵c̵'̵]

Note: This linter can be disabled with `set_option linter.unusedSimpArgs false`
warning: Goldbach/AO_Major.lean:81:69: try 'simp' instead of 'simpa'

Note: This linter can be disabled with `set_option linter.unnecessarySimpa false`
warning: Goldbach/AO_Major.lean:82:68: try 'simp' instead of 'simpa'

Note: This linter can be disabled with `set_option linter.unnecessarySimpa false`
warning: Goldbach/AO_Major.lean:83:68: try 'simp' instead of 'simpa'

Note: This linter can be disabled with `set_option linter.unnecessarySimpa false`
warning: Goldbach/AO_Major.lean:85:90: This simp argument is unused:
  add_assoc

Hint: Omit it from the simp argument list.
  simp [sub_eq_add_neg,̵ ̵a̵d̵d̵_̵a̵s̵s̵o̵c̵]

Note: This linter can be disabled with `set_option linter.unusedSimpArgs false`
warning: Goldbach/AO_Major.lean:101:24: This simp argument is unused:
  dif_pos

Hint: Omit it from the simp argument list.
  simp only [MPDF, win,̵ ̵d̵i̵f̵_̵p̵o̵s̵]

Note: This linter can be disabled with `set_option linter.unusedSimpArgs false`
⚠ [7599/7613] Replayed Goldbach.BG_Bank
warning: Goldbach/BG_Bank.lean:13:25: unused variable `n`

Note: This linter can be disabled with `set_option linter.unusedVariables false`
warning: Goldbach/BG_Bank.lean:75:4: try 'simp' instead of 'simpa'

Note: This linter can be disabled with `set_option linter.unnecessarySimpa false`
warning: Goldbach/BG_Bank.lean:75:25: this tactic is never executed

Note: This linter can be disabled with `set_option linter.unreachableTactic false`
warning: Goldbach/BG_Bank.lean:75:25: 'decide' tactic does nothing

Note: This linter can be disabled with `set_option linter.unusedTactic false`
warning: Goldbach/BG_Bank.lean:288:14: try 'simp' instead of 'simpa'

Note: This linter can be disabled with `set_option linter.unnecessarySimpa false`
warning: Goldbach/BG_Bank.lean:188:42: This simp argument is unused:
  Nat.cast_sub hn_le

Hint: Omit it from the simp argument list.
  simp only [Nat.cast_succ,̵ ̵N̵a̵t̵.̵c̵a̵s̵t̵_̵s̵u̵b̵ ̵h̵n̵_̵l̵e̵]

Note: This linter can be disabled with `set_option linter.unusedSimpArgs false`
warning: Goldbach/BG_Bank.lean:194:24: This simp argument is unused:
  abs_of_nonneg hlog_Nm_nn

Hint: Omit it from the simp argument list.
  simp [hp,̵ ̵a̵b̵s̵_̵o̵f̵_̵n̵o̵n̵n̵e̵g̵ ̵h̵l̵o̵g̵_̵N̵m̵_̵n̵n̵]

Note: This linter can be disabled with `set_option linter.unusedSimpArgs false`
warning: Goldbach/BG_Bank.lean:202:24: This simp argument is unused:
  abs_of_nonneg hlog_Np1_nn

Hint: Omit it from the simp argument list.
  simp [hp,̵ ̵a̵b̵s̵_̵o̵f̵_̵n̵o̵n̵n̵e̵g̵ ̵h̵l̵o̵g̵_̵N̵p̵1̵_̵n̵n̵]

Note: This linter can be disabled with `set_option linter.unusedSimpArgs false`
warning: Goldbach/BG_Bank.lean:218:46: This simp argument is unused:
  mul_comm

Hint: Omit it from the simp argument list.
  simp [abs_mul, mul_assoc, m̵u̵l̵_̵c̵o̵m̵m̵,̵ ̵mul_left_comm]

Note: This linter can be disabled with `set_option linter.unusedSimpArgs false`
warning: Goldbach/BG_Bank.lean:326:20: This simp argument is unused:
  hlogXabs

Hint: Omit it from the simp argument list.
  simp [h̵l̵o̵g̵X̵a̵b̵s̵,̵ ̵mul_comm, mul_left_comm, mul_assoc]

Note: This linter can be disabled with `set_option linter.unusedSimpArgs false`
warning: Goldbach/BG_Bank.lean:326:30: This simp argument is unused:
  mul_comm

Hint: Omit it from the simp argument list.
  simp [hlogXabs, m̵u̵l̵_̵c̵o̵m̵m̵,̵ ̵mul_left_comm, mul_assoc]

Note: This linter can be disabled with `set_option linter.unusedSimpArgs false`
warning: Goldbach/BG_Bank.lean:403:14: try 'simp' instead of 'simpa'

Note: This linter can be disabled with `set_option linter.unnecessarySimpa false`
warning: Goldbach/BG_Bank.lean:405:14: try 'simp' instead of 'simpa'

Note: This linter can be disabled with `set_option linter.unnecessarySimpa false`
warning: Goldbach/BG_Bank.lean:407:40: This simp argument is unused:
  add_comm

Hint: Omit it from the simp argument list.
  simp [div_self, hlogX_ne, add_c̵o̵m̵m̵,̵ ̵a̵d̵d̵_̵left_comm, add_assoc]

Note: This linter can be disabled with `set_option linter.unusedSimpArgs false`
warning: Goldbach/BG_Bank.lean:407:50: This simp argument is unused:
  add_left_comm

Hint: Omit it from the simp argument list.
  simp [div_self, hlogX_ne, add_comm, a̵d̵d̵_̵l̵e̵f̵t̵_̵c̵o̵m̵m̵,̵ ̵add_assoc]

Note: This linter can be disabled with `set_option linter.unusedSimpArgs false`
warning: Goldbach/BG_Bank.lean:407:65: This simp argument is unused:
  add_assoc

Hint: Omit it from the simp argument list.
  simp [div_self, hlogX_ne, add_comm, add_left_comm,̵ ̵a̵d̵d̵_̵a̵s̵s̵o̵c̵]

Note: This linter can be disabled with `set_option linter.unusedSimpArgs false`
warning: Goldbach/BG_Bank.lean:547:63: try 'simp' instead of 'simpa'

Note: This linter can be disabled with `set_option linter.unnecessarySimpa false`
warning: Goldbach/BG_Bank.lean:550:47: This simp argument is unused:
  add_comm

Hint: Omit it from the simp argument list.
  simp [add_div, div_self, hlogX_ne, add_c̵o̵m̵m̵,̵ ̵a̵d̵d̵_̵left_comm, add_assoc]

Note: This linter can be disabled with `set_option linter.unusedSimpArgs false`
warning: Goldbach/BG_Bank.lean:550:57: This simp argument is unused:
  add_left_comm

Hint: Omit it from the simp argument list.
  simp [add_div, div_self, hlogX_ne, add_comm, a̵d̵d̵_̵l̵e̵f̵t̵_̵c̵o̵m̵m̵,̵ ̵add_assoc]

Note: This linter can be disabled with `set_option linter.unusedSimpArgs false`
warning: Goldbach/BG_Bank.lean:550:72: This simp argument is unused:
  add_assoc

Hint: Omit it from the simp argument list.
  simp [add_div, div_self, hlogX_ne, add_comm, add_left_comm,̵ ̵a̵d̵d̵_̵a̵s̵s̵o̵c̵]

Note: This linter can be disabled with `set_option linter.unusedSimpArgs false`
warning: Goldbach/BG_Bank.lean:559:56: This simp argument is unused:
  add_left_comm

Hint: Omit it from the simp argument list.
  simp [c, Nat.cast_add, Nat.cast_one, add_assoc, a̵d̵d̵_̵l̵e̵f̵t̵_̵c̵o̵m̵m̵,̵ ̵add_comm, add_div, div_self hX0_ne]

Note: This linter can be disabled with `set_option linter.unusedSimpArgs false`
⚠ [7600/7613] Replayed Goldbach.BG_Operator
warning: Goldbach/BG_Operator.lean:31:2: try 'simp' instead of 'simpa'

Note: This linter can be disabled with `set_option linter.unnecessarySimpa false`
warning: Goldbach/BG_Operator.lean:98:2: try 'simp' instead of 'simpa'

Note: This linter can be disabled with `set_option linter.unnecessarySimpa false`
⚠ [7602/7613] Replayed Goldbach.SingularSeries
warning: Goldbach/SingularSeries.lean:40:5: unused variable `h`

Note: This linter can be disabled with `set_option linter.unusedVariables false`
warning: Goldbach/SingularSeries.lean:88:8: `Finset.eq_empty_iff_forall_not_mem` has been deprecated: Use `Finset.eq_empty_iff_forall_notMem` instead
warning: Goldbach/SingularSeries.lean:98:4: try 'simp' instead of 'simpa'

Note: This linter can be disabled with `set_option linter.unnecessarySimpa false`
warning: Goldbach/SingularSeries.lean:99:28: this tactic is never executed

Note: This linter can be disabled with `set_option linter.unreachableTactic false`
warning: Goldbach/SingularSeries.lean:99:57: this tactic is never executed

Note: This linter can be disabled with `set_option linter.unreachableTactic false`
warning: Goldbach/SingularSeries.lean:99:28: 'decide' tactic does nothing

Note: This linter can be disabled with `set_option linter.unusedTactic false`
warning: Goldbach/SingularSeries.lean:99:57: 'decide' tactic does nothing

Note: This linter can be disabled with `set_option linter.unusedTactic false`
⚠ [7604/7613] Replayed Goldbach.PPNumerics
warning: Goldbach/PPNumerics.lean:24:42: try 'simp' instead of 'simpa'

Note: This linter can be disabled with `set_option linter.unnecessarySimpa false`
warning: Goldbach/PPNumerics.lean:27:6: try 'simp' instead of 'simpa'

Note: This linter can be disabled with `set_option linter.unnecessarySimpa false`
⚠ [7605/7613] Replayed Goldbach.PPBoundSquares
warning: Goldbach/PPBoundSquares.lean:41:8: try 'simp' instead of 'simpa'

Note: This linter can be disabled with `set_option linter.unnecessarySimpa false`
warning: Goldbach/PPBoundSquares.lean:228:10: try 'simp' instead of 'simpa'

Note: This linter can be disabled with `set_option linter.unnecessarySimpa false`
⚠ [7607/7613] Replayed Goldbach.AnalyticGlobal
warning: Goldbach/AnalyticGlobal.lean:65:28: This simp argument is unused:
  one_div

Hint: Omit it from the simp argument list.
  simp [div_eq_mul_inv, o̵n̵e̵_̵d̵i̵v̵,̵ ̵mul_comm]

Note: This linter can be disabled with `set_option linter.unusedSimpArgs false`
warning: Goldbach/AnalyticGlobal.lean:68:30: This simp argument is unused:
  one_div

Hint: Omit it from the simp argument list.
  simp [div_eq_mul_inv, o̵n̵e̵_̵d̵i̵v̵,̵ ̵mul_comm]

Note: This linter can be disabled with `set_option linter.unusedSimpArgs false`
warning: Goldbach/AnalyticGlobal.lean:70:39: This simp argument is unused:
  mul_left_comm

Hint: Omit it from the simp argument list.
  simp [one_div, S_ne, mul_comm, mul_l̵e̵f̵t̵_̵c̵o̵m̵m̵,̵ ̵m̵u̵l̵_̵assoc]

Note: This linter can be disabled with `set_option linter.unusedSimpArgs false`
warning: Goldbach/AnalyticGlobal.lean:70:54: This simp argument is unused:
  mul_assoc

Hint: Omit it from the simp argument list.
  simp [one_div, S_ne, mul_comm, mul_left_comm,̵ ̵m̵u̵l̵_̵a̵s̵s̵o̵c̵]

Note: This linter can be disabled with `set_option linter.unusedSimpArgs false`
⚠ [7608/7613] Replayed Goldbach.BankPieces
warning: Goldbach/BankPieces.lean:15:63: `class ... :=` has been deprecated in favor of `class ... where`.

Note: This linter can be disabled with `set_option linter.deprecated false`
⚠ [7610/7613] Replayed Goldbach.Analytic.MajorBoundFromSigma
warning: Goldbach/Analytic/MajorBoundFromSigma.lean:21:75: `structure ... :=` has been deprecated in favor of `structure ... where`.

Note: This linter can be disabled with `set_option linter.deprecated false`
⚠ [7611/7613] Replayed Goldbach.Analytic.NumericSigma
warning: Goldbach/Analytic/NumericSigma.lean:23:32: unused variable `hX`

Note: This linter can be disabled with `set_option linter.unusedVariables false`
✖ [7613/7613] Building Goldbach.BG_Identity (47s)
trace: .> LEAN_PATH=/Users/benjaminnelson/Desktop/nerd shit/goldbach/builds/Goldbach/.lake/packages/Cli/.lake/build/lib/lean:/Users/benjaminnelson/Desktop/nerd shit/goldbach/builds/Goldbach/.lake/packages/batteries/.lake/build/lib/lean:/Users/benjaminnelson/Desktop/nerd shit/goldbach/builds/Goldbach/.lake/packages/Qq/.lake/build/lib/lean:/Users/benjaminnelson/Desktop/nerd shit/goldbach/builds/Goldbach/.lake/packages/aesop/.lake/build/lib/lean:/Users/benjaminnelson/Desktop/nerd shit/goldbach/builds/Goldbach/.lake/packages/proofwidgets/.lake/build/lib/lean:/Users/benjaminnelson/Desktop/nerd shit/goldbach/builds/Goldbach/.lake/packages/importGraph/.lake/build/lib/lean:/Users/benjaminnelson/Desktop/nerd shit/goldbach/builds/Goldbach/.lake/packages/LeanSearchClient/.lake/build/lib/lean:/Users/benjaminnelson/Desktop/nerd shit/goldbach/builds/Goldbach/.lake/packages/plausible/.lake/build/lib/lean:/Users/benjaminnelson/Desktop/nerd shit/goldbach/builds/Goldbach/.lake/packages/mathlib/.lake/build/lib/lean:/Users/benjaminnelson/Desktop/nerd shit/goldbach/builds/Goldbach/.lake/build/lib/lean /Users/benjaminnelson/.elan/toolchains/leanprover--lean4---v4.26.0-rc2/bin/lean /Users/benjaminnelson/Desktop/nerd shit/goldbach/builds/Goldbach/Goldbach/BG_Identity.lean -o /Users/benjaminnelson/Desktop/nerd shit/goldbach/builds/Goldbach/.lake/build/lib/lean/Goldbach/BG_Identity.olean -i /Users/benjaminnelson/Desktop/nerd shit/goldbach/builds/Goldbach/.lake/build/lib/lean/Goldbach/BG_Identity.ilean -c /Users/benjaminnelson/Desktop/nerd shit/goldbach/builds/Goldbach/.lake/build/ir/Goldbach/BG_Identity.c --setup /Users/benjaminnelson/Desktop/nerd shit/goldbach/builds/Goldbach/.lake/build/ir/Goldbach/BG_Identity.setup.json --json
warning: Goldbach/BG_Identity.lean:138:48: This simp argument is unused:
  add_comm

Hint: Omit it from the simp argument list.
  simp [Finset.sum_insert, hk, ih, mul_add, a̵d̵d̵_̵c̵o̵m̵m̵,̵ ̵add_left_comm, add_assoc, mul_comm, mul_left_comm,
  ̲  ̲ ̲ ̲ ̲ ̲ ̲ ̲mul_assoc]

Note: This linter can be disabled with `set_option linter.unusedSimpArgs false`
warning: Goldbach/BG_Identity.lean:138:58: This simp argument is unused:
  add_left_comm

Hint: Omit it from the simp argument list.
  simp [Finset.sum_insert, hk, ih, mul_add, add_comm, a̵d̵d̵_̵l̵e̵f̵t̵_̵c̵o̵m̵m̵,̵add_assoc, mul_comm, mul_left_comm,
  ̲  ̲ ̲ ̲ ̲ ̲ ̲ ̲mul_assoc]

Note: This linter can be disabled with `set_option linter.unusedSimpArgs false`
warning: Goldbach/BG_Identity.lean:139:12: This simp argument is unused:
  add_assoc

Hint: Omit it from the simp argument list.
  simp [Finset.sum_insert, hk, ih, mul_add, add_comm, add_left_comm, a̵d̵d̵_̵a̵s̵s̵o̵c̵,̵ ̵mul_comm, mul_left_comm,
  ̲  ̲ ̲ ̲ ̲ ̲ ̲ ̲mul_assoc]

Note: This linter can be disabled with `set_option linter.unusedSimpArgs false`
warning: Goldbach/BG_Identity.lean:139:23: This simp argument is unused:
  mul_comm

Hint: Omit it from the simp argument list.
  simp [Finset.sum_insert, hk, ih, mul_add, add_comm, add_left_comm, add_assoc, m̵u̵l̵_̵c̵o̵m̵m̵,̵ ̵mul_left_comm,
  ̲  ̲ ̲ ̲ ̲ ̲ ̲ ̲mul_assoc]

Note: This linter can be disabled with `set_option linter.unusedSimpArgs false`
warning: Goldbach/BG_Identity.lean:139:33: This simp argument is unused:
  mul_left_comm

Hint: Omit it from the simp argument list.
  simp [Finset.sum_insert, hk, ih, mul_add, add_comm, add_left_comm, add_assoc, mul_comm,
  ̲  ̲ ̲ ̲ ̲ ̲ ̲ ̲m̵u̵l̵_̵l̵e̵f̵t̵_̵c̵o̵m̵m̵,̵ ̵mul_assoc]

Note: This linter can be disabled with `set_option linter.unusedSimpArgs false`
warning: Goldbach/BG_Identity.lean:139:48: This simp argument is unused:
  mul_assoc

Hint: Omit it from the simp argument list.
  simp [Finset.sum_insert, hk, ih, mul_add, add_comm, add_left_comm, add_assoc, mul_comm,
  ̲  ̲ ̲ ̲ ̲ ̲ ̲ ̲m̵u̵l̵_̵l̵e̵f̵t̵_̵c̵o̵m̵m̵,̵ ̵m̵u̵l̵_̵a̵s̵s̵o̵c̵]̵m̲u̲l̲_̲l̲e̲f̲t̲_̲c̲o̲m̲m̲]̲

Note: This linter can be disabled with `set_option linter.unusedSimpArgs false`
warning: Goldbach/BG_Identity.lean:204:10: This simp argument is unused:
  Finset.sum_insert

Hint: Omit it from the simp argument list.
  simp [̵F̵i̵n̵s̵e̵t̵.̵s̵u̵m̵_̵i̵n̵s̵e̵r̵t̵,̵ ̵h̵a̵,̵[̲h̲a̲,̲ ih, mul_add, add_comm, add_left_comm, add_assoc, mul_comm, mul_left_comm, mul_assoc]

Note: This linter can be disabled with `set_option linter.unusedSimpArgs false`
warning: Goldbach/BG_Identity.lean:204:33: This simp argument is unused:
  ih

Hint: Omit it from the simp argument list.
  simp [Finset.sum_insert, ha, i̵h̵,̵ ̵mul_add, add_comm, add_left_comm,
  ̵  ̵ ̵ ̵ ̵ ̵ ̵ ̵ ̵ ̵add_assoc, mul_comm,
  ̲  ̲ ̲ ̲ ̲ ̲mul_left_comm, mul_assoc]

Note: This linter can be disabled with `set_option linter.unusedSimpArgs false`
warning: Goldbach/BG_Identity.lean:204:56: This simp argument is unused:
  add_left_comm

Hint: Omit it from the simp argument list.
  simp [Finset.sum_insert, ha, ih, mul_add, add_comm, a̵d̵d̵_̵l̵e̵f̵t̵_̵c̵o̵m̵m̵,̵add_assoc, mul_comm, mul_left_comm,
  ̲  ̲ ̲ ̲ ̲ ̲mul_assoc]

Note: This linter can be disabled with `set_option linter.unusedSimpArgs false`
warning: Goldbach/BG_Identity.lean:205:10: This simp argument is unused:
  add_assoc

Hint: Omit it from the simp argument list.
  simp [Finset.sum_insert, ha, ih, mul_add, add_comm, add_left_comm, a̵d̵d̵_̵a̵s̵s̵o̵c̵,̵ ̵mul_comm, mul_left_comm,
  ̲  ̲ ̲ ̲ ̲ ̲mul_assoc]

Note: This linter can be disabled with `set_option linter.unusedSimpArgs false`
warning: Goldbach/BG_Identity.lean:205:31: This simp argument is unused:
  mul_left_comm

Hint: Omit it from the simp argument list.
  simp [Finset.sum_insert, ha, ih, mul_add, add_comm, add_left_comm, add_assoc, mul_comm,
  ̲  ̲ ̲ ̲ ̲ ̲m̵u̵l̵_̵l̵e̵f̵t̵_̵c̵o̵m̵m̵,̵ ̵mul_assoc]

Note: This linter can be disabled with `set_option linter.unusedSimpArgs false`
warning: Goldbach/BG_Identity.lean:205:46: This simp argument is unused:
  mul_assoc

Hint: Omit it from the simp argument list.
  simp [Finset.sum_insert, ha, ih, mul_add, add_comm, add_left_comm, add_assoc, mul_comm,
  ̲  ̲ ̲ ̲ ̲ ̲m̵u̵l̵_̵l̵e̵f̵t̵_̵c̵o̵m̵m̵,̵ ̵m̵u̵l̵_̵a̵s̵s̵o̵c̵]̵m̲u̲l̲_̲l̲e̲f̲t̲_̲c̲o̲m̲m̲]̲

Note: This linter can be disabled with `set_option linter.unusedSimpArgs false`
warning: Goldbach/BG_Identity.lean:301:6: declaration uses 'sorry'
warning: Goldbach/BG_Identity.lean:330:23: This simp argument is unused:
  Int.ofNat_sub hHN

Hint: Omit it from the simp argument list.
  simp only [̵I̵n̵t̵.̵o̵f̵N̵a̵t̵_̵s̵u̵b̵ ̵h̵H̵N̵]̵ ̵at hZint

Note: This linter can be disabled with `set_option linter.unusedSimpArgs false`
warning: Goldbach/BG_Identity.lean:395:4: try 'simp' instead of 'simpa'

Note: This linter can be disabled with `set_option linter.unnecessarySimpa false`
warning: Goldbach/BG_Identity.lean:418:25: try 'simp' instead of 'simpa'

Note: This linter can be disabled with `set_option linter.unnecessarySimpa false`
warning: Goldbach/BG_Identity.lean:461:6: declaration uses 'sorry'
warning: Goldbach/BG_Identity.lean:498:15: unused variable `hX`

Note: This linter can be disabled with `set_option linter.unusedVariables false`
warning: Goldbach/BG_Identity.lean:499:5: unused variable `hN`

Note: This linter can be disabled with `set_option linter.unusedVariables false`
warning: Goldbach/BG_Identity.lean:531:5: unused variable `hk`

Note: This linter can be disabled with `set_option linter.unusedVariables false`
warning: Goldbach/BG_Identity.lean:556:28: This simp argument is unused:
  hUpos.ne'

Hint: Omit it from the simp argument list.
  s̵i̵m̵p̵ ̵[̵K̵_̵f̵u̵l̵l̵,̵ ̵K̵_̵f̵u̵l̵l̵_̵r̵a̵w̵,̵ ̵h̵U̵p̵o̵s̵.̵n̵e̵'̵]̵ ̵a̵t̵ ̵*̵s̲i̲m̲p̲ ̲[̲K̲_̲f̲u̲l̲l̲,̲
  ̲ ̲ ̲ ̲ ̲K̲_̲f̲u̲l̲l̲_̲r̲a̲w̲]̲ ̲a̲t̲ ̲*̲
  ̲ ̲ ̲ ̲ ̲ ̲ ̲-̲-̲ ̲a̲f̲t̲e̲r̲ ̲s̲i̲m̲p̲,̲ ̲g̲o̲a̲l̲ ̲b̲e̲c̲o̲m̲e̲s̲ ̲`̲0̲ ̲<̲ ̲1̲ ̲/̲ ̲(̲U̲c̲u̲t̲:̲ℝ̲)̲`̲
  ̲ ̲ ̲ ̲ ̲ ̲ ̲

Note: This linter can be disabled with `set_option linter.unusedSimpArgs false`
warning: Goldbach/BG_Identity.lean:581:5: unused variable `h`

Note: This linter can be disabled with `set_option linter.unusedVariables false`
warning: Goldbach/BG_Identity.lean:588:5: unused variable `h`

Note: This linter can be disabled with `set_option linter.unusedVariables false`
warning: Goldbach/BG_Identity.lean:604:25: unused variable `X`

Note: This linter can be disabled with `set_option linter.unusedVariables false`
warning: Goldbach/BG_Identity.lean:604:27: unused variable `N`

Note: This linter can be disabled with `set_option linter.unusedVariables false`
warning: Goldbach/BG_Identity.lean:628:5: unused variable `h`

Note: This linter can be disabled with `set_option linter.unusedVariables false`
error: Goldbach/BG_Identity.lean:642:10: Unknown identifier `Kernel.conv_ref_const_eq_sigma_mass_of`
warning: Goldbach/BG_Identity.lean:657:8: try 'simp' instead of 'simpa'

Note: This linter can be disabled with `set_option linter.unnecessarySimpa false`
warning: Goldbach/BG_Identity.lean:685:34: unused variable `hk`

Note: This linter can be disabled with `set_option linter.unusedVariables false`
warning: Goldbach/BG_Identity.lean:689:35: unused variable `hk`

Note: This linter can be disabled with `set_option linter.unusedVariables false`
error: Goldbach/BG_Identity.lean:746:20: failed to synthesize
  HMul (ℕ → ℝ) ℝ ?m.11

Hint: Additional diagnostic information may be available using the `set_option diagnostics true` command.
error: Goldbach/BG_Identity.lean:754:20: typeclass instance problem is stuck
  HMul (ℕ → ℝ) ?m.14 ℝ

Note: Lean will not try to resolve this typeclass instance problem because the second type argument to `HMul` is a metavariable. This argument must be fully determined before Lean will try to resolve the typeclass.

Hint: Adding type annotations and supplying implicit arguments to functions can give Lean more information for typeclass resolution. For example, if you have a variable `x` that you intend to be a `Nat`, but Lean reports it as having an unresolved type like `?m`, replacing `x` with `(x : Nat)` can get typeclass resolution un-stuck.
error: Goldbach/BG_Identity.lean:764:60: unsolved goals
⊢ False
error: Goldbach/BG_Identity.lean:782:58: unsolved goals
⊢ -((↑H + 99) / 100) ≤ ↑H ∧ 0 ≤ ↑H + (↑H + 99) / 100
error: Goldbach/BG_Identity.lean:804:26: Unknown constant `Int.natAbs_eq_ofNat_abs`
error: Goldbach/BG_Identity.lean:810:12: linarith failed to find a contradiction
case h
h0 : 0 ∈ bandU
z : ℤ
hz : z ∈ bandU.erase 0
hzIcc : z ∈ Finset.Icc (-↑Ucut) ↑Ucut
hz0 : z ≠ 0
this : -↑Ucut ≤ z ∧ z ≤ ↑Ucut
hle : z ≤ ↑Ucut
hneg : -↑Ucut ≤ z
hz' : ↑z.natAbs = max (-z) z
a✝ : ↑Ucut < ↑z.natAbs
⊢ False
failed
error: Goldbach/BG_Identity.lean:818:59: mod_cast has type
  ?m.225 = ?m.225
but is expected to have type
  z.natAbs = 0
error: Goldbach/BG_Identity.lean:822:12: Type mismatch
  hzabs0
has type
  z.natAbs = 0
but is expected to have type
  z.natAbs ≠ 0
error: Goldbach/BG_Identity.lean:824:17: Invalid `⟨...⟩` notation: The expected type
  z.natAbs - 1 < Ucut ∧ z = Int.ofNat (z.natAbs - 1).succ ∨ z = -Int.ofNat (z.natAbs - 1).succ
has more than one constructor

Note: This notation can only be used when the expected type is an inductive type with a single constructor
error: Goldbach/BG_Identity.lean:825:10: No goals to be solved
error: Goldbach/BG_Identity.lean:838:69: Application type mismatch: The argument
  hkpos
has type
  k < Ucut
but is expected to have type
  k ∈ Finset.range Ucut
in the application
  And.intro hkpos
error: Goldbach/BG_Identity.lean:793:6: unsolved goals
case h.mp.inr
h0 : 0 ∈ bandU
z : ℤ
hz : z ∈ bandU.erase 0
hzIcc : z ∈ Finset.Icc (-↑Ucut) ↑Ucut
hz0 : z ≠ 0
hzAbs : z.natAbs ≤ Ucut
k : ℕ
h✝ : z = -Int.ofNat k.succ
⊢ z ∈
    Finset.map { toFun := fun k => ↑k.succ, inj' := ⋯ } (Finset.range Ucut) ∪
      Finset.map { toFun := fun k => -↑k.succ, inj' := ⋯ } (Finset.range Ucut)
error: Goldbach/BG_Identity.lean:839:54: unsolved goals
h0 : 0 ∈ bandU
z : ℤ
⊢ K_full_raw (H + (H + 99) / 100) 0 = (↑H + ↑((H + 99) / 100))⁻¹
error: Goldbach/BG_Identity.lean:852:34: maximum recursion depth has been reached
use `set_option maxRecDepth <num>` to increase limit
use `set_option diagnostics true` to get diagnostic information
error: Goldbach/BG_Identity.lean:853:28: Type mismatch
  hk
has type
  k ∈ Finset.map { toFun := fun k => ↑k.succ, inj' := ⋯ } (Finset.range Ucut)
but is expected to have type
  ∀ (a₂ : ℤ) (ha₂ : a₂ ∈ Finset.map { toFun := fun k => ↑k.succ, inj' := ⋯ } (Finset.range Ucut)),
    (fun k hk => k) k hk = (fun k hk => k) a₂ ha₂ → k = a₂
error: Goldbach/BG_Identity.lean:854:14: unsolved goals
case heq
h0 : 0 ∈ bandU
z : ℤ
h0val : K_full 0 = 1 / ↑Ucut
k : ℤ
hk : k ∈ Finset.map { toFun := fun k => -↑k.succ, inj' := ⋯ } (Finset.range Ucut)
⊢ ∃ a < H + (H + 99) / 100, ↑a + 1 = k
error: Goldbach/BG_Identity.lean:855:28: Type mismatch
  hk
has type
  k ∈ Finset.map { toFun := fun k => ↑k.succ, inj' := ⋯ } (Finset.range Ucut)
but is expected to have type
  K_full k = K_full ((fun k hk => k) k hk)
error: Goldbach/BG_Identity.lean:872:68: Type mismatch: After simplification, term
  hbEq
 has type
  -1 + -↑b' = ↑a' + 1
but is expected to have type
  ↑a' + 1 = -1 + -↑b'
error: Goldbach/BG_Identity.lean:873:16: linarith failed to find a contradiction
h0 : 0 ∈ bandU
z : ℤ
h0val : K_full 0 = 1 / ↑Ucut
hpair :
  ∑ k ∈ Finset.map { toFun := fun k => ↑k.succ, inj' := ⋯ } (Finset.range Ucut), K_full k =
    ∑ k ∈ Finset.map { toFun := fun k => -↑k.succ, inj' := ⋯ } (Finset.range Ucut), K_full k
a' : ℕ
ha' : a' ∈ Finset.range Ucut
ha :
  { toFun := fun k => ↑k.succ, inj' := ⋯ } a' ∈ Finset.map { toFun := fun k => ↑k.succ, inj' := ⋯ } (Finset.range Ucut)
hb :
  { toFun := fun k => ↑k.succ, inj' := ⋯ } a' ∈ Finset.map { toFun := fun k => -↑k.succ, inj' := ⋯ } (Finset.range Ucut)
b' : ℕ
hb' : b' ∈ Finset.range Ucut
hbEq : { toFun := fun k => -↑k.succ, inj' := ⋯ } b' = { toFun := fun k => ↑k.succ, inj' := ⋯ } a'
hbPos : ↑b'.succ ≠ 0
this : ↑a'.succ = -↑b'.succ
⊢ False
failed
error: Goldbach/BG_Identity.lean:890:92: Unknown identifier `hpos`
error: Goldbach/BG_Identity.lean:892:6: 'calc' expression has type
  ∑ k ∈ bandU, K_full k = K_full 0 + 2 * ∑ k ∈ Finset.range Ucut, K_full (Int.ofNat k.succ)
but is expected to have type
  z ∈
      Finset.map { toFun := fun k => ↑k.succ, inj' := ⋯ } (Finset.range Ucut) ∪
        Finset.map { toFun := fun k => -↑k.succ, inj' := ⋯ } (Finset.range Ucut) →
    z ∈ bandU.erase 0
error: Goldbach/BG_Identity.lean:779:93: unsolved goals
h0 : 0 ∈ bandU
hpos :
  bandU.erase 0 =
    Finset.map { toFun := fun k => ↑k.succ, inj' := ⋯ } (Finset.range Ucut) ∪
      Finset.map { toFun := fun k => -↑k.succ, inj' := ⋯ } (Finset.range Ucut)
⊢ ∑ k ∈ bandU, K_full k = K_full 0 + 2 * ∑ k ∈ Finset.range Ucut, K_full (Int.ofNat k.succ)
error: Goldbach/BG_Identity.lean:895:22: maximum recursion depth has been reached
use `set_option maxRecDepth <num>` to increase limit
use `set_option diagnostics true` to get diagnostic information
warning: Goldbach/BG_Identity.lean:897:10: try 'simp' instead of 'simpa'

Note: This linter can be disabled with `set_option linter.unnecessarySimpa false`
warning: Goldbach/BG_Identity.lean:916:22: `Finset.range_succ` has been deprecated: Use `Finset.range_add_one` instead
error: Goldbach/BG_Identity.lean:914:72: unsolved goals
hsplit : ∑ k ∈ bandU, K_full k = K_full 0 + 2 * ∑ k ∈ Finset.range Ucut, K_full (Int.ofNat k.succ)
hsum1 : ∑ k ∈ Finset.range Ucut, 1 = ↑Ucut
this : ∑ i ∈ Finset.range Ucut.succ, i = Ucut.succ * (Ucut.succ - 1) / 2
⊢ H + (H + 99) / 100 + ∑ x ∈ Finset.range (H + (H + 99) / 100), x =
    ∑ x ∈ Finset.range (H + (H + 99) / 100), x + (H + (H + 99) / 100)
error: Goldbach/BG_Identity.lean:918:10: Type mismatch: After simplification, term
  Finset.sum_range_id
 has type
  ∀ (n : ℕ), ∑ i ∈ Finset.range n, i = n * (n - 1) / 2
but is expected to have type
  ∑ i ∈ Finset.range (H + (H + 99) / 100 + 1), i = (H + (H + 99) / 100 + 1) * (H + (H + 99) / 100) / 2
error: Goldbach/BG_Identity.lean:919:8: linarith failed to find a contradiction
case h1.h
hsplit : ∑ k ∈ bandU, K_full k = K_full 0 + 2 * ∑ k ∈ Finset.range Ucut, K_full (Int.ofNat k.succ)
hsum1 : ∑ k ∈ Finset.range Ucut, 1 = ↑Ucut
this : ∑ i ∈ Finset.range Ucut.succ, i = Ucut.succ * (Ucut.succ - 1) / 2
hrewrite : ∑ i ∈ Finset.range Ucut.succ, i = ∑ k ∈ Finset.range Ucut, k.succ
hs : ∑ i ∈ Finset.range Ucut.succ, i = Ucut.succ * Ucut / 2
a✝ : ∑ k ∈ Finset.range Ucut, k.succ < Ucut * (Ucut + 1) / 2
⊢ False
failed
error: Goldbach/BG_Identity.lean:921:6: maximum recursion depth has been reached
use `set_option maxRecDepth <num>` to increase limit
use `set_option diagnostics true` to get diagnostic information
error: Goldbach/BG_Identity.lean:928:16: maximum recursion depth has been reached
use `set_option maxRecDepth <num>` to increase limit
use `set_option diagnostics true` to get diagnostic information
error: Goldbach/BG_Identity.lean:940:68: unsolved goals
hsplit : ∑ k ∈ bandU, K_full k = K_full 0 + 2 * ∑ k ∈ Finset.range Ucut, K_full (Int.ofNat k.succ)
hsum1 : ∑ k ∈ Finset.range Ucut, 1 = ↑Ucut
hsumk : ∑ k ∈ Finset.range Ucut, ↑k.succ = ↑Ucut * (↑Ucut + 1) / 2
hUpos : 0 < ↑Ucut
hUpos' : ↑Ucut ≠ 0
⊢ (↑H + ↑((H + 99) / 100) - ∑ x ∈ Finset.range (H + (H + 99) / 100), (↑x + 1) / (↑H + ↑((H + 99) / 100))) /
      (↑H + ↑((H + 99) / 100)) =
    (↑H + ↑((H + 99) / 100))⁻¹ *
      (↑H + ↑((H + 99) / 100) - ∑ x ∈ Finset.range (H + (H + 99) / 100), (↑x + 1) / (↑H + ↑((H + 99) / 100)))
info: Goldbach/BG_Identity.lean:946:8: Try this:
  [apply] ring_nf
  
  The `ring` tactic failed to close the goal. Use `ring_nf` to obtain a normal form.
    
  Note that `ring` works primarily in *commutative* rings. If you have a noncommutative ring, abelian group or module, consider using `noncomm_ring`, `abel` or `module` instead.
error: Goldbach/BG_Identity.lean:943:96: unsolved goals
hsplit : ∑ k ∈ bandU, K_full k = K_full 0 + 2 * ∑ k ∈ Finset.range Ucut, K_full (Int.ofNat k.succ)
hsum1 : ∑ k ∈ Finset.range Ucut, 1 = ↑Ucut
hsumk : ∑ k ∈ Finset.range Ucut, ↑k.succ = ↑Ucut * (↑Ucut + 1) / 2
hUpos : 0 < ↑Ucut
hUpos' : ↑Ucut ≠ 0
⊢ ↑Ucut * (↑Ucut)⁻¹ - (↑Ucut)⁻¹ * ∑ x ∈ Finset.range Ucut, (↑Ucut)⁻¹ * ↑x.succ =
    ↑Ucut * (↑Ucut)⁻¹ + ↑Ucut * (↑Ucut)⁻¹ ^ 2 * (-1 / 2) + ↑Ucut ^ 2 * (↑Ucut)⁻¹ ^ 2 * (-1 / 2)
info: Goldbach/BG_Identity.lean:948:33: Try this:
  [apply] ring_nf
  
  The `ring` tactic failed to close the goal. Use `ring_nf` to obtain a normal form.
    
  Note that `ring` works primarily in *commutative* rings. If you have a noncommutative ring, abelian group or module, consider using `noncomm_ring`, `abel` or `module` instead.
error: Goldbach/BG_Identity.lean:947:34: unsolved goals
hsplit : ∑ k ∈ bandU, K_full k = K_full 0 + 2 * ∑ k ∈ Finset.range Ucut, K_full (Int.ofNat k.succ)
hsum1 : ∑ k ∈ Finset.range Ucut, 1 = ↑Ucut
hsumk : ∑ k ∈ Finset.range Ucut, ↑k.succ = ↑Ucut * (↑Ucut + 1) / 2
hUpos : 0 < ↑Ucut
⊢ -1 + ↑Ucut = -↑Ucut + ↑Ucut ^ 2
error: Goldbach/BG_Identity.lean:957:58: unsolved goals
hsplit : ∑ k ∈ bandU, K_full k = K_full 0 + 2 * ∑ k ∈ Finset.range Ucut, K_full (Int.ofNat k.succ)
hpos_eval : ∑ k ∈ Finset.range Ucut, K_full (Int.ofNat k.succ) = (↑Ucut - 1) / 2
hUpos : ↑Ucut ≠ 0
this : ∑ k ∈ bandU, K_full k = K_full 0 + 2 * ∑ k ∈ Finset.range Ucut, K_full (Int.ofNat k.succ)
⊢ K_full_raw (H + (H + 99) / 100) 0 = (↑H + ↑((H + 99) / 100))⁻¹
info: Goldbach/BG_Identity.lean:966:6: Try this:
  [apply] ring_nf
  
  The `ring` tactic failed to close the goal. Use `ring_nf` to obtain a normal form.
    
  Note that `ring` works primarily in *commutative* rings. If you have a noncommutative ring, abelian group or module, consider using `noncomm_ring`, `abel` or `module` instead.
error: Goldbach/BG_Identity.lean:960:13: unsolved goals
hsplit : ∑ k ∈ bandU, K_full k = K_full 0 + 2 * ∑ k ∈ Finset.range Ucut, K_full (Int.ofNat k.succ)
hpos_eval : ∑ k ∈ Finset.range Ucut, K_full (Int.ofNat k.succ) = (↑Ucut - 1) / 2
hUpos hUpos' : ↑Ucut ≠ 0
hUpos'' : 0 < ↑Ucut
⊢ 1 - ↑Ucut + ↑Ucut ^ 2 = ↑Ucut
warning: Goldbach/BG_Identity.lean:783:14: This simp argument is unused:
  bandU

Hint: Omit it from the simp argument list.
  simp ̵[̵b̵a̵n̵d̵U̵]̵

Note: This linter can be disabled with `set_option linter.unusedSimpArgs false`
warning: Goldbach/BG_Identity.lean:942:14: This simp argument is unused:
  Finset.sum_mul

Hint: Omit it from the simp argument list.
  simp [F̵i̵n̵s̵e̵t̵.̵s̵u̵m̵_̵m̵u̵l̵,̵ ̵hUpos']

Note: This linter can be disabled with `set_option linter.unusedSimpArgs false`
warning: Goldbach/BG_Identity.lean:942:30: This simp argument is unused:
  hUpos'

Hint: Omit it from the simp argument list.
  simp [Finset.sum_mul,̵ ̵h̵U̵p̵o̵s̵'̵]

Note: This linter can be disabled with `set_option linter.unusedSimpArgs false`
warning: Goldbach/BG_Identity.lean:945:43: This simp argument is unused:
  Finset.sum_div

Hint: Omit it from the simp argument list.
  simp only [Finset.sum_sub_distrib, F̵i̵n̵s̵e̵t̵.̵s̵u̵m̵_̵d̵i̵v̵,̵ ̵hsum1, hsumk]

Note: This linter can be disabled with `set_option linter.unusedSimpArgs false`
warning: Goldbach/BG_Identity.lean:945:66: This simp argument is unused:
  hsumk

Hint: Omit it from the simp argument list.
  simp only [Finset.sum_sub_distrib, Finset.sum_div, hsum1,̵ ̵h̵s̵u̵m̵k̵]

Note: This linter can be disabled with `set_option linter.unusedSimpArgs false`
error: Goldbach/BG_Identity.lean:981:27: Invalid argument name `bandU` for function `sum_bandU`
error: Goldbach/BG_Identity.lean:1004:30: unsolved goals
Kadm : BG.AdmissibleKernel Ucut
⊢ 0 ∈ BG_Bank.S_BG
warning: Goldbach/BG_Identity.lean:1021:5: unused variable `h`

Note: This linter can be disabled with `set_option linter.unusedVariables false`
error: Goldbach/BG_Identity.lean:1040:53: Type mismatch: After simplification, term
  hk
 has type
  k ∈ BG_Bank.S_BG
but is expected to have type
  -↑H ≤ k ∧ k ≤ ↑H
error: Goldbach/BG_Identity.lean:1045:6: Tactic `simp` failed with a nested error:
maximum recursion depth has been reached
use `set_option maxRecDepth <num>` to increase limit
use `set_option diagnostics true` to get diagnostic information
warning: Goldbach/BG_Identity.lean:1065:54: try 'simp' instead of 'simpa'

Note: This linter can be disabled with `set_option linter.unnecessarySimpa false`
error: Goldbach/BG_Identity.lean:1080:14: Type mismatch: After simplification, term
  Finset.mem_Icc.mpr hkIcc_pair
 has type
  -↑H ≤ k ∧ k ≤ ↑H
but is expected to have type
  k ∈ BG_Bank.S_BG
error: Goldbach/BG_Identity.lean:1082:53: Type mismatch: After simplification, term
  hk
 has type
  k ∈ BG_Bank.S_BG
but is expected to have type
  -↑H ≤ k ∧ k ≤ ↑H
warning: Goldbach/BG_Identity.lean:1085:6: try 'simp' instead of 'simpa'

Note: This linter can be disabled with `set_option linter.unnecessarySimpa false`
error: Goldbach/BG_Identity.lean:1120:55: linarith failed to find a contradiction
case h
hinner_eq : innerBand = Finset.Icc (-↑H) ↑H
z : ℤ
hz : z ∈ (Finset.Icc (-↑H) ↑H).erase 0
hzIcc : z ∈ Finset.Icc (-↑H) ↑H
hz0 : z ≠ 0
this : -↑H ≤ z ∧ z ≤ ↑H
hle : z ≤ ↑H
hneg : -↑H ≤ z
a✝ : ↑H < ↑z.natAbs
⊢ False
failed
error: Goldbach/BG_Identity.lean:1128:33: Function expected at
  Int.natAbs_eq_zero
but this term has type
  Int.natAbs ?m.243 = 0 ↔ ?m.243 = 0

Note: Expected a function because this term is being applied to the argument
  hzabs0
error: Goldbach/BG_Identity.lean:1131:17: Invalid `⟨...⟩` notation: The expected type
  z.natAbs - 1 < H ∧ z = Int.ofNat (z.natAbs - 1).succ ∨ z = -Int.ofNat (z.natAbs - 1).succ
has more than one constructor

Note: This notation can only be used when the expected type is an inductive type with a single constructor
error: Goldbach/BG_Identity.lean:1132:10: No goals to be solved
error: Goldbach/BG_Identity.lean:1110:6: unsolved goals
case h.mp.inl
hinner_eq : innerBand = Finset.Icc (-↑H) ↑H
k : ℕ
hkpos : k < H
hz : Int.ofNat k.succ ∈ (Finset.Icc (-↑H) ↑H).erase 0
hzIcc : Int.ofNat k.succ ∈ Finset.Icc (-↑H) ↑H
hz0 : Int.ofNat k.succ ≠ 0
hzAbs : (Int.ofNat k.succ).natAbs ≤ H
⊢ Int.ofNat k.succ ∈
    Finset.map { toFun := fun k => ↑k.succ, inj' := ⋯ } (Finset.range H) ∪
      Finset.map { toFun := fun k => -↑k.succ, inj' := ⋯ } (Finset.range H)

case h.mp.inr
hinner_eq : innerBand = Finset.Icc (-↑H) ↑H
z : ℤ
hz : z ∈ (Finset.Icc (-↑H) ↑H).erase 0
hzIcc : z ∈ Finset.Icc (-↑H) ↑H
hz0 : z ≠ 0
hzAbs : z.natAbs ≤ H
k : ℕ
h✝ : z = -Int.ofNat k.succ
⊢ z ∈
    Finset.map { toFun := fun k => ↑k.succ, inj' := ⋯ } (Finset.range H) ∪
      Finset.map { toFun := fun k => -↑k.succ, inj' := ⋯ } (Finset.range H)
error: Goldbach/BG_Identity.lean:1145:54: unsolved goals
hinner_eq : innerBand = Finset.Icc (-↑H) ↑H
z : ℤ
h0mem : 0 ∈ Finset.Icc (-↑H) ↑H
⊢ K_full_raw (H + (H + 99) / 100) 0 = (↑H + ↑((H + 99) / 100))⁻¹
error: Goldbach/BG_Identity.lean:1153:12: `inj` is not a field of structure `Function.Embedding`
error: Goldbach/BG_Identity.lean:1152:10: Fields missing: `inj'`

Hint: Add missing fields:
  
  ̲ ̲ ̲ ̲ ̲ ̲ ̲ ̲ ̲ ̲ ̲ ̲ ̲i̲n̲j̲'̲ ̲:̲=̲ ̲_̲
error: Goldbach/BG_Identity.lean:1159:12: `inj` is not a field of structure `Function.Embedding`
error: Goldbach/BG_Identity.lean:1158:10: Fields missing: `inj'`

Hint: Add missing fields:
  
  ̲ ̲ ̲ ̲ ̲ ̲ ̲ ̲ ̲ ̲ ̲ ̲ ̲i̲n̲j̲'̲ ̲:̲=̲ ̲_̲
error: Goldbach/BG_Identity.lean:1168:60: Type mismatch: After simplification, term
  hEq
 has type
  negEmb j = posEmb i
but is expected to have type
  ↑i + 1 = -1 + -↑j
error: Goldbach/BG_Identity.lean:1170:67: Type mismatch: After simplification, term
  this
 has type
  ↑i + 1 = -1 + -↑j
but is expected to have type
  ↑i + 1 + (↑j + 1) = 0
error: Goldbach/BG_Identity.lean:1171:62: mod_cast has type
  ?m.535
of sort `Type ?u.63471` but is expected to have type
  0 < i.succ + j.succ
of sort `Prop`
error: Goldbach/BG_Identity.lean:1171:78: Application type mismatch: The argument
  Nat.succ_pos j
has type
  0 < j.succ
of sort `Prop` but is expected to have type
  ?m.537
of sort `Type ?u.63472` in the application
  ?m.540 + ⋯
error: Goldbach/BG_Identity.lean:1172:33: Type mismatch: After simplification, term
  hpos
 has type
  0 < ↑i + 1 + (↑j + 1)
but is expected to have type
  False
error: Goldbach/BG_Identity.lean:1174:79: Unknown identifier `hband`
error: Goldbach/BG_Identity.lean:1179:85: Invalid argument name `emb` for function `Finset.sum_map`

Hint: Perhaps you meant one of the following parameter names:
  • `ι`: e̵m̵b̵ι̲
  • `κ`: e̵m̵b̵κ̲
  • `M`: e̵m̵b̵M̲
  • `e`: em̵b̵
error: Goldbach/BG_Identity.lean:1183:85: Invalid argument name `emb` for function `Finset.sum_map`

Hint: Perhaps you meant one of the following parameter names:
  • `ι`: e̵m̵b̵ι̲
  • `κ`: e̵m̵b̵κ̲
  • `M`: e̵m̵b̵M̲
  • `e`: em̵b̵
error: Goldbach/BG_Identity.lean:1187:10: maximum recursion depth has been reached
use `set_option maxRecDepth <num>` to increase limit
use `set_option diagnostics true` to get diagnostic information
warning: Goldbach/BG_Identity.lean:1191:16: try 'simp' instead of 'simpa'

Note: This linter can be disabled with `set_option linter.unnecessarySimpa false`
warning: Goldbach/BG_Identity.lean:1197:16: try 'simp' instead of 'simpa'

Note: This linter can be disabled with `set_option linter.unnecessarySimpa false`
error: Goldbach/BG_Identity.lean:1199:6: 'calc' expression has type
  ∑ k ∈ innerBand, K_full k = K_full 0 + 2 * ∑ k ∈ Finset.range H, K_full (Int.ofNat k.succ)
but is expected to have type
  z ∈
      Finset.map { toFun := fun k => ↑k.succ, inj' := ⋯ } (Finset.range H) ∪
        Finset.map { toFun := fun k => -↑k.succ, inj' := ⋯ } (Finset.range H) →
    z ∈ (Finset.Icc (-↑H) ↑H).erase 0
error: Goldbach/BG_Identity.lean:1103:137: unsolved goals
hinner_eq : innerBand = Finset.Icc (-↑H) ↑H
hband :
  (Finset.Icc (-↑H) ↑H).erase 0 =
    Finset.map { toFun := fun k => ↑k.succ, inj' := ⋯ } (Finset.range H) ∪
      Finset.map { toFun := fun k => -↑k.succ, inj' := ⋯ } (Finset.range H)
⊢ ∑ k ∈ innerBand, K_full k = K_full 0 + 2 * ∑ k ∈ Finset.range H, K_full (Int.ofNat k.succ)
warning: Goldbach/BG_Identity.lean:1208:10: try 'simp' instead of 'simpa'

Note: This linter can be disabled with `set_option linter.unnecessarySimpa false`
error: Goldbach/BG_Identity.lean:1215:8: Type mismatch: After simplification, term
  Finset.sum_range_id
 has type
  ∀ (n : ℕ), ∑ i ∈ Finset.range n, i = n * (n - 1) / 2
but is expected to have type
  ∑ i ∈ Finset.range (H + 1), i = (H + 1) * H / 2
warning: Goldbach/BG_Identity.lean:1221:16: `Finset.range_succ` has been deprecated: Use `Finset.range_add_one` instead
error: Goldbach/BG_Identity.lean:1219:67: unsolved goals
hinner_eq : innerBand = Finset.Icc (-↑H) ↑H
hsplit : ∑ k ∈ innerBand, K_full k = K_full 0 + 2 * ∑ k ∈ Finset.range H, K_full (Int.ofNat k.succ)
hsum1 : ∑ k ∈ Finset.range H, 1 = ↑H
this : ∑ i ∈ Finset.range H.succ, i = H.succ * H / 2
⊢ H + ∑ x ∈ Finset.range H, x = ∑ x ∈ Finset.range H, (x + 1)
error: Goldbach/BG_Identity.lean:1222:6: linarith failed to find a contradiction
case h1.h
hinner_eq : innerBand = Finset.Icc (-↑H) ↑H
hsplit✝ : ∑ k ∈ innerBand, K_full k = K_full 0 + 2 * ∑ k ∈ Finset.range H, K_full (Int.ofNat k.succ)
hsum1 : ∑ k ∈ Finset.range H, 1 = ↑H
this : ∑ i ∈ Finset.range H.succ, i = H.succ * H / 2
hsplit : ∑ i ∈ Finset.range H.succ, i = ∑ k ∈ Finset.range H, k.succ
a✝ : ∑ k ∈ Finset.range H, k.succ < H * (H + 1) / 2
⊢ False
failed
error: Goldbach/BG_Identity.lean:1223:4: maximum recursion depth has been reached
use `set_option maxRecDepth <num>` to increase limit
use `set_option diagnostics true` to get diagnostic information
error: Goldbach/BG_Identity.lean:1239:33: Unknown identifier `abs_ofNat`
error: Goldbach/BG_Identity.lean:1239:48: Unknown constant `Int.natAbs_ofNat`
error: Goldbach/BG_Identity.lean:1235:70: unsolved goals
hinner_eq : innerBand = Finset.Icc (-↑H) ↑H
hsplit : ∑ k ∈ innerBand, K_full k = K_full 0 + 2 * ∑ k ∈ Finset.range H, K_full (Int.ofNat k.succ)
hsum1 : ∑ k ∈ Finset.range H, 1 = ↑H
hsumk : ∑ k ∈ Finset.range H, ↑k.succ = ↑H * (↑H + 1) / 2
hUpos : ↑Ucut ≠ 0
hHU : H ≤ Ucut
k : ℕ
hk : k ∈ Finset.range H
hk' : k.succ ≤ Ucut
hnat : (Int.ofNat k.succ).natAbs ≤ Ucut
⊢ K_full_raw (H + (H + 99) / 100) (↑k + 1) = (1 - (↑k + 1) / (↑H + ↑((H + 99) / 100))) / (↑H + ↑((H + 99) / 100))
error: Goldbach/BG_Identity.lean:1254:16: maximum recursion depth has been reached
use `set_option maxRecDepth <num>` to increase limit
use `set_option diagnostics true` to get diagnostic information
error: Goldbach/BG_Identity.lean:1266:87: unsolved goals
hinner_eq : innerBand = Finset.Icc (-↑H) ↑H
hsplit : ∑ k ∈ innerBand, K_full k = K_full 0 + 2 * ∑ k ∈ Finset.range H, K_full (Int.ofNat k.succ)
hsum1 : ∑ k ∈ Finset.range H, 1 = ↑H
hsumk : ∑ k ∈ Finset.range H, ↑k.succ = ↑H * (↑H + 1) / 2
hUpos : ↑Ucut ≠ 0
hHU : H ≤ Ucut
this : ∀ k ∈ Finset.range H, K_full (Int.ofNat k.succ) = (1 - ↑k.succ / ↑Ucut) / ↑Ucut
⊢ (∑ x ∈ Finset.range H, (↑x + 1)) * (↑H + ↑((H + 99) / 100))⁻¹ = (↑H + ↑((H + 99) / 100))⁻¹ * (↑H * (↑H + 1) * 2⁻¹) ∨
    ↑H + ↑((H + 99) / 100) = 0
error: Goldbach/BG_Identity.lean:1280:4: maximum recursion depth has been reached
use `set_option maxRecDepth <num>` to increase limit
use `set_option diagnostics true` to get diagnostic information
error: Goldbach/BG_Identity.lean:1289:2: maximum recursion depth has been reached
use `set_option maxRecDepth <num>` to increase limit
use `set_option diagnostics true` to get diagnostic information
warning: Goldbach/BG_Identity.lean:1239:27: This simp argument is unused:
  hnat

Hint: Omit it from the simp argument list.
  simp [h̵n̵at̵,̵ ̵a̵bs_ofNat, Int.natAbs_ofNat]

Note: This linter can be disabled with `set_option linter.unusedSimpArgs false`
warning: Goldbach/BG_Identity.lean:1253:64: This simp argument is unused:
  mul_left_comm

Hint: Omit it from the simp argument list.
  simp [div_eq_mul_inv, mul_comm, mul_l̵e̵f̵t̵_̵c̵o̵m̵m̵,̵ ̵m̵u̵l̵_̵assoc]

Note: This linter can be disabled with `set_option linter.unusedSimpArgs false`
warning: Goldbach/BG_Identity.lean:1253:79: This simp argument is unused:
  mul_assoc

Hint: Omit it from the simp argument list.
  simp [div_eq_mul_inv, mul_comm, mul_left_comm,̵ ̵m̵u̵l̵_̵a̵s̵s̵o̵c̵]

Note: This linter can be disabled with `set_option linter.unusedSimpArgs false`
warning: Goldbach/BG_Identity.lean:1268:22: This simp argument is unused:
  hsumk

Hint: Omit it from the simp argument list.
  simp [h̵s̵u̵m̵k̵,̵ ̵div_eq_mul_inv]

Note: This linter can be disabled with `set_option linter.unusedSimpArgs false`
warning: Goldbach/BG_Identity.lean:1291:6: declaration uses 'sorry'
error: Goldbach/BG_Identity.lean:1337:21: maximum recursion depth has been reached
use `set_option maxRecDepth <num>` to increase limit
use `set_option diagnostics true` to get diagnostic information
warning: Goldbach/BG_Identity.lean:1365:28: unused variable `X`

Note: This linter can be disabled with `set_option linter.unusedVariables false`
warning: Goldbach/BG_Identity.lean:1365:30: unused variable `N`

Note: This linter can be disabled with `set_option linter.unusedVariables false`
warning: Goldbach/BG_Identity.lean:1366:28: unused variable `X`

Note: This linter can be disabled with `set_option linter.unusedVariables false`
warning: Goldbach/BG_Identity.lean:1366:30: unused variable `N`

Note: This linter can be disabled with `set_option linter.unusedVariables false`
error: Goldbach/BG_Identity.lean:1392:21: maximum recursion depth has been reached
use `set_option maxRecDepth <num>` to increase limit
use `set_option diagnostics true` to get diagnostic information
error: Goldbach/BG_Identity.lean:1491:0: Unexpected name `BG_Identity` after `end`: The current section is unnamed

Hint: Delete the name `BG_Identity` to end the current unnamed scope; outer named scopes can then be closed using additional `end` command(s):
  end ̵B̵G̵_̵I̵d̵e̵n̵t̵i̵t̵y̵
error: Goldbach/BG_Identity.lean:1492:0: Unexpected name `Goldbach` after `end`: The current section is unnamed

Hint: Delete the name `Goldbach` to end the current unnamed scope; outer named scopes can then be closed using additional `end` command(s):
  end ̵G̵o̵l̵d̵b̵a̵c̵h̵
error: Lean exited with code 1
Some required targets logged failures:
- Goldbach.BG_Identity
error: build failed
⚠ [7587/7613] Replayed Goldbach.Compat
warning: Goldbach/Compat.lean:18:2: try 'simp' instead of 'simpa'

Note: This linter can be disabled with `set_option linter.unnecessarySimpa false`
warning: Goldbach/Compat.lean:24:40: unused variable `hb`

Note: This linter can be disabled with `set_option linter.unusedVariables false`
warning: Goldbach/Compat.lean:50:4: try 'simp' instead of 'simpa'

Note: This linter can be disabled with `set_option linter.unnecessarySimpa false`
⚠ [7590/7613] Replayed Goldbach.Windows
warning: Goldbach/Windows.lean:63:4: try 'simp' instead of 'simpa'

Note: This linter can be disabled with `set_option linter.unnecessarySimpa false`
warning: Goldbach/Windows.lean:68:2: try 'simp' instead of 'simpa'

Note: This linter can be disabled with `set_option linter.unnecessarySimpa false`
warning: Goldbach/Windows.lean:68:38: this tactic is never executed

Note: This linter can be disabled with `set_option linter.unreachableTactic false`
warning: Goldbach/Windows.lean:68:38: 'simpa using hmap' tactic does nothing

Note: This linter can be disabled with `set_option linter.unusedTactic false`
⚠ [7595/7613] Replayed Goldbach.AO_AssembleEnvelope
warning: Goldbach/AO_AssembleEnvelope.lean:67:20: try 'simp' instead of 'simpa'

Note: This linter can be disabled with `set_option linter.unnecessarySimpa false`
⚠ [7597/7613] Replayed Goldbach.AO_Major
warning: Goldbach/AO_Major.lean:21:13: unused variable `hX`

Note: This linter can be disabled with `set_option linter.unusedVariables false`
warning: Goldbach/AO_Major.lean:21:35: unused variable `hN`

Note: This linter can be disabled with `set_option linter.unusedVariables false`
warning: Goldbach/AO_Major.lean:25:24: This simp argument is unused:
  add_assoc

Hint: Omit it from the simp argument list.
  simp [Goldbach.AO_Major.errAO, Goldbach.AO_Major.weight_mass, Goldbach.AO_Core.errAO,
       ̵ ̵ ̵ ̵sub_eq_add_neg, add_a̵s̵s̵o̵c̵,̵ ̵a̵d̵d̵_̵left_comm, add_comm, mul_assoc]

Note: This linter can be disabled with `set_option linter.unusedSimpArgs false`
warning: Goldbach/AO_Major.lean:25:60: This simp argument is unused:
  mul_assoc

Hint: Omit it from the simp argument list.
  simp [Goldbach.AO_Major.errAO, Goldbach.AO_Major.weight_mass, Goldbach.AO_Core.errAO,
       ̵ ̵ ̵ ̵sub_eq_add_neg, add_assoc, add_left_comm, add_comm,̵ ̵m̵u̵l̵_̵a̵s̵s̵o̵c̵]

Note: This linter can be disabled with `set_option linter.unusedSimpArgs false`
warning: Goldbach/AO_Major.lean:46:5: unused variable `h`

Note: This linter can be disabled with `set_option linter.unusedVariables false`
warning: Goldbach/AO_Major.lean:58:24: This simp argument is unused:
  dif_pos

Hint: Omit it from the simp argument list.
  simp only [MPDF, win, d̵i̵f̵_̵p̵o̵s̵,̵ ̵mul_div_assoc']

Note: This linter can be disabled with `set_option linter.unusedSimpArgs false`
warning: Goldbach/AO_Major.lean:58:33: This simp argument is unused:
  mul_div_assoc'

Hint: Omit it from the simp argument list.
  simp only [MPDF, win, dif_pos,̵ ̵m̵u̵l̵_̵d̵i̵v̵_̵a̵s̵s̵o̵c̵'̵]

Note: This linter can be disabled with `set_option linter.unusedSimpArgs false`
warning: Goldbach/AO_Major.lean:81:69: try 'simp' instead of 'simpa'

Note: This linter can be disabled with `set_option linter.unnecessarySimpa false`
warning: Goldbach/AO_Major.lean:82:68: try 'simp' instead of 'simpa'

Note: This linter can be disabled with `set_option linter.unnecessarySimpa false`
warning: Goldbach/AO_Major.lean:83:68: try 'simp' instead of 'simpa'

Note: This linter can be disabled with `set_option linter.unnecessarySimpa false`
warning: Goldbach/AO_Major.lean:85:90: This simp argument is unused:
  add_assoc

Hint: Omit it from the simp argument list.
  simp [sub_eq_add_neg,̵ ̵a̵d̵d̵_̵a̵s̵s̵o̵c̵]

Note: This linter can be disabled with `set_option linter.unusedSimpArgs false`
warning: Goldbach/AO_Major.lean:101:24: This simp argument is unused:
  dif_pos

Hint: Omit it from the simp argument list.
  simp only [MPDF, win,̵ ̵d̵i̵f̵_̵p̵o̵s̵]

Note: This linter can be disabled with `set_option linter.unusedSimpArgs false`
⚠ [7599/7613] Replayed Goldbach.BG_Bank
warning: Goldbach/BG_Bank.lean:13:25: unused variable `n`

Note: This linter can be disabled with `set_option linter.unusedVariables false`
warning: Goldbach/BG_Bank.lean:75:4: try 'simp' instead of 'simpa'

Note: This linter can be disabled with `set_option linter.unnecessarySimpa false`
warning: Goldbach/BG_Bank.lean:75:25: this tactic is never executed

Note: This linter can be disabled with `set_option linter.unreachableTactic false`
warning: Goldbach/BG_Bank.lean:75:25: 'decide' tactic does nothing

Note: This linter can be disabled with `set_option linter.unusedTactic false`
warning: Goldbach/BG_Bank.lean:288:14: try 'simp' instead of 'simpa'

Note: This linter can be disabled with `set_option linter.unnecessarySimpa false`
warning: Goldbach/BG_Bank.lean:188:42: This simp argument is unused:
  Nat.cast_sub hn_le

Hint: Omit it from the simp argument list.
  simp only [Nat.cast_succ,̵ ̵N̵a̵t̵.̵c̵a̵s̵t̵_̵s̵u̵b̵ ̵h̵n̵_̵l̵e̵]

Note: This linter can be disabled with `set_option linter.unusedSimpArgs false`
warning: Goldbach/BG_Bank.lean:194:24: This simp argument is unused:
  abs_of_nonneg hlog_Nm_nn

Hint: Omit it from the simp argument list.
  simp [hp,̵ ̵a̵b̵s̵_̵o̵f̵_̵n̵o̵n̵n̵e̵g̵ ̵h̵l̵o̵g̵_̵N̵m̵_̵n̵n̵]

Note: This linter can be disabled with `set_option linter.unusedSimpArgs false`
warning: Goldbach/BG_Bank.lean:202:24: This simp argument is unused:
  abs_of_nonneg hlog_Np1_nn

Hint: Omit it from the simp argument list.
  simp [hp,̵ ̵a̵b̵s̵_̵o̵f̵_̵n̵o̵n̵n̵e̵g̵ ̵h̵l̵o̵g̵_̵N̵p̵1̵_̵n̵n̵]

Note: This linter can be disabled with `set_option linter.unusedSimpArgs false`
warning: Goldbach/BG_Bank.lean:218:46: This simp argument is unused:
  mul_comm

Hint: Omit it from the simp argument list.
  simp [abs_mul, mul_assoc, m̵u̵l̵_̵c̵o̵m̵m̵,̵ ̵mul_left_comm]

Note: This linter can be disabled with `set_option linter.unusedSimpArgs false`
warning: Goldbach/BG_Bank.lean:326:20: This simp argument is unused:
  hlogXabs

Hint: Omit it from the simp argument list.
  simp [h̵l̵o̵g̵X̵a̵b̵s̵,̵ ̵mul_comm, mul_left_comm, mul_assoc]

Note: This linter can be disabled with `set_option linter.unusedSimpArgs false`
warning: Goldbach/BG_Bank.lean:326:30: This simp argument is unused:
  mul_comm

Hint: Omit it from the simp argument list.
  simp [hlogXabs, m̵u̵l̵_̵c̵o̵m̵m̵,̵ ̵mul_left_comm, mul_assoc]

Note: This linter can be disabled with `set_option linter.unusedSimpArgs false`
warning: Goldbach/BG_Bank.lean:403:14: try 'simp' instead of 'simpa'

Note: This linter can be disabled with `set_option linter.unnecessarySimpa false`
warning: Goldbach/BG_Bank.lean:405:14: try 'simp' instead of 'simpa'

Note: This linter can be disabled with `set_option linter.unnecessarySimpa false`
warning: Goldbach/BG_Bank.lean:407:40: This simp argument is unused:
  add_comm

Hint: Omit it from the simp argument list.
  simp [div_self, hlogX_ne, add_c̵o̵m̵m̵,̵ ̵a̵d̵d̵_̵left_comm, add_assoc]

Note: This linter can be disabled with `set_option linter.unusedSimpArgs false`
warning: Goldbach/BG_Bank.lean:407:50: This simp argument is unused:
  add_left_comm

Hint: Omit it from the simp argument list.
  simp [div_self, hlogX_ne, add_comm, a̵d̵d̵_̵l̵e̵f̵t̵_̵c̵o̵m̵m̵,̵ ̵add_assoc]

Note: This linter can be disabled with `set_option linter.unusedSimpArgs false`
warning: Goldbach/BG_Bank.lean:407:65: This simp argument is unused:
  add_assoc

Hint: Omit it from the simp argument list.
  simp [div_self, hlogX_ne, add_comm, add_left_comm,̵ ̵a̵d̵d̵_̵a̵s̵s̵o̵c̵]

Note: This linter can be disabled with `set_option linter.unusedSimpArgs false`
warning: Goldbach/BG_Bank.lean:547:63: try 'simp' instead of 'simpa'

Note: This linter can be disabled with `set_option linter.unnecessarySimpa false`
warning: Goldbach/BG_Bank.lean:550:47: This simp argument is unused:
  add_comm

Hint: Omit it from the simp argument list.
  simp [add_div, div_self, hlogX_ne, add_c̵o̵m̵m̵,̵ ̵a̵d̵d̵_̵left_comm, add_assoc]

Note: This linter can be disabled with `set_option linter.unusedSimpArgs false`
warning: Goldbach/BG_Bank.lean:550:57: This simp argument is unused:
  add_left_comm

Hint: Omit it from the simp argument list.
  simp [add_div, div_self, hlogX_ne, add_comm, a̵d̵d̵_̵l̵e̵f̵t̵_̵c̵o̵m̵m̵,̵ ̵add_assoc]

Note: This linter can be disabled with `set_option linter.unusedSimpArgs false`
warning: Goldbach/BG_Bank.lean:550:72: This simp argument is unused:
  add_assoc

Hint: Omit it from the simp argument list.
  simp [add_div, div_self, hlogX_ne, add_comm, add_left_comm,̵ ̵a̵d̵d̵_̵a̵s̵s̵o̵c̵]

Note: This linter can be disabled with `set_option linter.unusedSimpArgs false`
warning: Goldbach/BG_Bank.lean:559:56: This simp argument is unused:
  add_left_comm

Hint: Omit it from the simp argument list.
  simp [c, Nat.cast_add, Nat.cast_one, add_assoc, a̵d̵d̵_̵l̵e̵f̵t̵_̵c̵o̵m̵m̵,̵ ̵add_comm, add_div, div_self hX0_ne]

Note: This linter can be disabled with `set_option linter.unusedSimpArgs false`
⚠ [7600/7613] Replayed Goldbach.BG_Operator
warning: Goldbach/BG_Operator.lean:31:2: try 'simp' instead of 'simpa'

Note: This linter can be disabled with `set_option linter.unnecessarySimpa false`
warning: Goldbach/BG_Operator.lean:98:2: try 'simp' instead of 'simpa'

Note: This linter can be disabled with `set_option linter.unnecessarySimpa false`
⚠ [7602/7613] Replayed Goldbach.SingularSeries
warning: Goldbach/SingularSeries.lean:40:5: unused variable `h`

Note: This linter can be disabled with `set_option linter.unusedVariables false`
warning: Goldbach/SingularSeries.lean:88:8: `Finset.eq_empty_iff_forall_not_mem` has been deprecated: Use `Finset.eq_empty_iff_forall_notMem` instead
warning: Goldbach/SingularSeries.lean:98:4: try 'simp' instead of 'simpa'

Note: This linter can be disabled with `set_option linter.unnecessarySimpa false`
warning: Goldbach/SingularSeries.lean:99:28: this tactic is never executed

Note: This linter can be disabled with `set_option linter.unreachableTactic false`
warning: Goldbach/SingularSeries.lean:99:57: this tactic is never executed

Note: This linter can be disabled with `set_option linter.unreachableTactic false`
warning: Goldbach/SingularSeries.lean:99:28: 'decide' tactic does nothing

Note: This linter can be disabled with `set_option linter.unusedTactic false`
warning: Goldbach/SingularSeries.lean:99:57: 'decide' tactic does nothing

Note: This linter can be disabled with `set_option linter.unusedTactic false`
⚠ [7604/7613] Replayed Goldbach.PPNumerics
warning: Goldbach/PPNumerics.lean:24:42: try 'simp' instead of 'simpa'

Note: This linter can be disabled with `set_option linter.unnecessarySimpa false`
warning: Goldbach/PPNumerics.lean:27:6: try 'simp' instead of 'simpa'

Note: This linter can be disabled with `set_option linter.unnecessarySimpa false`
⚠ [7605/7613] Replayed Goldbach.PPBoundSquares
warning: Goldbach/PPBoundSquares.lean:41:8: try 'simp' instead of 'simpa'

Note: This linter can be disabled with `set_option linter.unnecessarySimpa false`
warning: Goldbach/PPBoundSquares.lean:228:10: try 'simp' instead of 'simpa'

Note: This linter can be disabled with `set_option linter.unnecessarySimpa false`
⚠ [7607/7613] Replayed Goldbach.AnalyticGlobal
warning: Goldbach/AnalyticGlobal.lean:65:28: This simp argument is unused:
  one_div

Hint: Omit it from the simp argument list.
  simp [div_eq_mul_inv, o̵n̵e̵_̵d̵i̵v̵,̵ ̵mul_comm]

Note: This linter can be disabled with `set_option linter.unusedSimpArgs false`
warning: Goldbach/AnalyticGlobal.lean:68:30: This simp argument is unused:
  one_div

Hint: Omit it from the simp argument list.
  simp [div_eq_mul_inv, o̵n̵e̵_̵d̵i̵v̵,̵ ̵mul_comm]

Note: This linter can be disabled with `set_option linter.unusedSimpArgs false`
warning: Goldbach/AnalyticGlobal.lean:70:39: This simp argument is unused:
  mul_left_comm

Hint: Omit it from the simp argument list.
  simp [one_div, S_ne, mul_comm, mul_l̵e̵f̵t̵_̵c̵o̵m̵m̵,̵ ̵m̵u̵l̵_̵assoc]

Note: This linter can be disabled with `set_option linter.unusedSimpArgs false`
warning: Goldbach/AnalyticGlobal.lean:70:54: This simp argument is unused:
  mul_assoc

Hint: Omit it from the simp argument list.
  simp [one_div, S_ne, mul_comm, mul_left_comm,̵ ̵m̵u̵l̵_̵a̵s̵s̵o̵c̵]

Note: This linter can be disabled with `set_option linter.unusedSimpArgs false`
⚠ [7608/7613] Replayed Goldbach.BankPieces
warning: Goldbach/BankPieces.lean:15:63: `class ... :=` has been deprecated in favor of `class ... where`.

Note: This linter can be disabled with `set_option linter.deprecated false`
⚠ [7610/7613] Replayed Goldbach.Analytic.MajorBoundFromSigma
warning: Goldbach/Analytic/MajorBoundFromSigma.lean:21:75: `structure ... :=` has been deprecated in favor of `structure ... where`.

Note: This linter can be disabled with `set_option linter.deprecated false`
⚠ [7611/7613] Replayed Goldbach.Analytic.NumericSigma
warning: Goldbach/Analytic/NumericSigma.lean:23:32: unused variable `hX`

Note: This linter can be disabled with `set_option linter.unusedVariables false`
✖ [7613/7613] Building Goldbach.BG_Identity (54s)
trace: .> LEAN_PATH=/Users/benjaminnelson/Desktop/nerd shit/goldbach/builds/Goldbach/.lake/packages/Cli/.lake/build/lib/lean:/Users/benjaminnelson/Desktop/nerd shit/goldbach/builds/Goldbach/.lake/packages/batteries/.lake/build/lib/lean:/Users/benjaminnelson/Desktop/nerd shit/goldbach/builds/Goldbach/.lake/packages/Qq/.lake/build/lib/lean:/Users/benjaminnelson/Desktop/nerd shit/goldbach/builds/Goldbach/.lake/packages/aesop/.lake/build/lib/lean:/Users/benjaminnelson/Desktop/nerd shit/goldbach/builds/Goldbach/.lake/packages/proofwidgets/.lake/build/lib/lean:/Users/benjaminnelson/Desktop/nerd shit/goldbach/builds/Goldbach/.lake/packages/importGraph/.lake/build/lib/lean:/Users/benjaminnelson/Desktop/nerd shit/goldbach/builds/Goldbach/.lake/packages/LeanSearchClient/.lake/build/lib/lean:/Users/benjaminnelson/Desktop/nerd shit/goldbach/builds/Goldbach/.lake/packages/plausible/.lake/build/lib/lean:/Users/benjaminnelson/Desktop/nerd shit/goldbach/builds/Goldbach/.lake/packages/mathlib/.lake/build/lib/lean:/Users/benjaminnelson/Desktop/nerd shit/goldbach/builds/Goldbach/.lake/build/lib/lean /Users/benjaminnelson/.elan/toolchains/leanprover--lean4---v4.26.0-rc2/bin/lean /Users/benjaminnelson/Desktop/nerd shit/goldbach/builds/Goldbach/Goldbach/BG_Identity.lean -o /Users/benjaminnelson/Desktop/nerd shit/goldbach/builds/Goldbach/.lake/build/lib/lean/Goldbach/BG_Identity.olean -i /Users/benjaminnelson/Desktop/nerd shit/goldbach/builds/Goldbach/.lake/build/lib/lean/Goldbach/BG_Identity.ilean -c /Users/benjaminnelson/Desktop/nerd shit/goldbach/builds/Goldbach/.lake/build/ir/Goldbach/BG_Identity.c --setup /Users/benjaminnelson/Desktop/nerd shit/goldbach/builds/Goldbach/.lake/build/ir/Goldbach/BG_Identity.setup.json --json
warning: Goldbach/BG_Identity.lean:138:48: This simp argument is unused:
  add_comm

Hint: Omit it from the simp argument list.
  simp [Finset.sum_insert, hk, ih, mul_add, a̵d̵d̵_̵c̵o̵m̵m̵,̵ ̵add_left_comm, add_assoc, mul_comm, mul_left_comm,
  ̲  ̲ ̲ ̲ ̲ ̲ ̲ ̲mul_assoc]

Note: This linter can be disabled with `set_option linter.unusedSimpArgs false`
warning: Goldbach/BG_Identity.lean:138:58: This simp argument is unused:
  add_left_comm

Hint: Omit it from the simp argument list.
  simp [Finset.sum_insert, hk, ih, mul_add, add_comm, a̵d̵d̵_̵l̵e̵f̵t̵_̵c̵o̵m̵m̵,̵add_assoc, mul_comm, mul_left_comm,
  ̲  ̲ ̲ ̲ ̲ ̲ ̲ ̲mul_assoc]

Note: This linter can be disabled with `set_option linter.unusedSimpArgs false`
warning: Goldbach/BG_Identity.lean:139:12: This simp argument is unused:
  add_assoc

Hint: Omit it from the simp argument list.
  simp [Finset.sum_insert, hk, ih, mul_add, add_comm, add_left_comm, a̵d̵d̵_̵a̵s̵s̵o̵c̵,̵ ̵mul_comm, mul_left_comm,
  ̲  ̲ ̲ ̲ ̲ ̲ ̲ ̲mul_assoc]

Note: This linter can be disabled with `set_option linter.unusedSimpArgs false`
warning: Goldbach/BG_Identity.lean:139:23: This simp argument is unused:
  mul_comm

Hint: Omit it from the simp argument list.
  simp [Finset.sum_insert, hk, ih, mul_add, add_comm, add_left_comm, add_assoc, m̵u̵l̵_̵c̵o̵m̵m̵,̵ ̵mul_left_comm,
  ̲  ̲ ̲ ̲ ̲ ̲ ̲ ̲mul_assoc]

Note: This linter can be disabled with `set_option linter.unusedSimpArgs false`
warning: Goldbach/BG_Identity.lean:139:33: This simp argument is unused:
  mul_left_comm

Hint: Omit it from the simp argument list.
  simp [Finset.sum_insert, hk, ih, mul_add, add_comm, add_left_comm, add_assoc, mul_comm,
  ̲  ̲ ̲ ̲ ̲ ̲ ̲ ̲m̵u̵l̵_̵l̵e̵f̵t̵_̵c̵o̵m̵m̵,̵ ̵mul_assoc]

Note: This linter can be disabled with `set_option linter.unusedSimpArgs false`
warning: Goldbach/BG_Identity.lean:139:48: This simp argument is unused:
  mul_assoc

Hint: Omit it from the simp argument list.
  simp [Finset.sum_insert, hk, ih, mul_add, add_comm, add_left_comm, add_assoc, mul_comm,
  ̲  ̲ ̲ ̲ ̲ ̲ ̲ ̲m̵u̵l̵_̵l̵e̵f̵t̵_̵c̵o̵m̵m̵,̵ ̵m̵u̵l̵_̵a̵s̵s̵o̵c̵]̵m̲u̲l̲_̲l̲e̲f̲t̲_̲c̲o̲m̲m̲]̲

Note: This linter can be disabled with `set_option linter.unusedSimpArgs false`
warning: Goldbach/BG_Identity.lean:204:10: This simp argument is unused:
  Finset.sum_insert

Hint: Omit it from the simp argument list.
  simp [̵F̵i̵n̵s̵e̵t̵.̵s̵u̵m̵_̵i̵n̵s̵e̵r̵t̵,̵ ̵h̵a̵,̵[̲h̲a̲,̲ ih, mul_add, add_comm, add_left_comm, add_assoc, mul_comm, mul_left_comm, mul_assoc]

Note: This linter can be disabled with `set_option linter.unusedSimpArgs false`
warning: Goldbach/BG_Identity.lean:204:33: This simp argument is unused:
  ih

Hint: Omit it from the simp argument list.
  simp [Finset.sum_insert, ha, i̵h̵,̵ ̵mul_add, add_comm, add_left_comm,
  ̵  ̵ ̵ ̵ ̵ ̵ ̵ ̵ ̵ ̵add_assoc, mul_comm,
  ̲  ̲ ̲ ̲ ̲ ̲mul_left_comm, mul_assoc]

Note: This linter can be disabled with `set_option linter.unusedSimpArgs false`
warning: Goldbach/BG_Identity.lean:204:56: This simp argument is unused:
  add_left_comm

Hint: Omit it from the simp argument list.
  simp [Finset.sum_insert, ha, ih, mul_add, add_comm, a̵d̵d̵_̵l̵e̵f̵t̵_̵c̵o̵m̵m̵,̵add_assoc, mul_comm, mul_left_comm,
  ̲  ̲ ̲ ̲ ̲ ̲mul_assoc]

Note: This linter can be disabled with `set_option linter.unusedSimpArgs false`
warning: Goldbach/BG_Identity.lean:205:10: This simp argument is unused:
  add_assoc

Hint: Omit it from the simp argument list.
  simp [Finset.sum_insert, ha, ih, mul_add, add_comm, add_left_comm, a̵d̵d̵_̵a̵s̵s̵o̵c̵,̵ ̵mul_comm, mul_left_comm,
  ̲  ̲ ̲ ̲ ̲ ̲mul_assoc]

Note: This linter can be disabled with `set_option linter.unusedSimpArgs false`
warning: Goldbach/BG_Identity.lean:205:31: This simp argument is unused:
  mul_left_comm

Hint: Omit it from the simp argument list.
  simp [Finset.sum_insert, ha, ih, mul_add, add_comm, add_left_comm, add_assoc, mul_comm,
  ̲  ̲ ̲ ̲ ̲ ̲m̵u̵l̵_̵l̵e̵f̵t̵_̵c̵o̵m̵m̵,̵ ̵mul_assoc]

Note: This linter can be disabled with `set_option linter.unusedSimpArgs false`
warning: Goldbach/BG_Identity.lean:205:46: This simp argument is unused:
  mul_assoc

Hint: Omit it from the simp argument list.
  simp [Finset.sum_insert, ha, ih, mul_add, add_comm, add_left_comm, add_assoc, mul_comm,
  ̲  ̲ ̲ ̲ ̲ ̲m̵u̵l̵_̵l̵e̵f̵t̵_̵c̵o̵m̵m̵,̵ ̵m̵u̵l̵_̵a̵s̵s̵o̵c̵]̵m̲u̲l̲_̲l̲e̲f̲t̲_̲c̲o̲m̲m̲]̲

Note: This linter can be disabled with `set_option linter.unusedSimpArgs false`
warning: Goldbach/BG_Identity.lean:301:6: declaration uses 'sorry'
warning: Goldbach/BG_Identity.lean:330:23: This simp argument is unused:
  Int.ofNat_sub hHN

Hint: Omit it from the simp argument list.
  simp only [̵I̵n̵t̵.̵o̵f̵N̵a̵t̵_̵s̵u̵b̵ ̵h̵H̵N̵]̵ ̵at hZint

Note: This linter can be disabled with `set_option linter.unusedSimpArgs false`
warning: Goldbach/BG_Identity.lean:395:4: try 'simp' instead of 'simpa'

Note: This linter can be disabled with `set_option linter.unnecessarySimpa false`
warning: Goldbach/BG_Identity.lean:418:25: try 'simp' instead of 'simpa'

Note: This linter can be disabled with `set_option linter.unnecessarySimpa false`
warning: Goldbach/BG_Identity.lean:461:6: declaration uses 'sorry'
warning: Goldbach/BG_Identity.lean:498:15: unused variable `hX`

Note: This linter can be disabled with `set_option linter.unusedVariables false`
warning: Goldbach/BG_Identity.lean:499:5: unused variable `hN`

Note: This linter can be disabled with `set_option linter.unusedVariables false`
warning: Goldbach/BG_Identity.lean:531:5: unused variable `hk`

Note: This linter can be disabled with `set_option linter.unusedVariables false`
warning: Goldbach/BG_Identity.lean:556:28: This simp argument is unused:
  hUpos.ne'

Hint: Omit it from the simp argument list.
  s̵i̵m̵p̵ ̵[̵K̵_̵f̵u̵l̵l̵,̵ ̵K̵_̵f̵u̵l̵l̵_̵r̵a̵w̵,̵ ̵h̵U̵p̵o̵s̵.̵n̵e̵'̵]̵ ̵a̵t̵ ̵*̵s̲i̲m̲p̲ ̲[̲K̲_̲f̲u̲l̲l̲,̲
  ̲ ̲ ̲ ̲ ̲K̲_̲f̲u̲l̲l̲_̲r̲a̲w̲]̲ ̲a̲t̲ ̲*̲
  ̲ ̲ ̲ ̲ ̲ ̲ ̲-̲-̲ ̲a̲f̲t̲e̲r̲ ̲s̲i̲m̲p̲,̲ ̲g̲o̲a̲l̲ ̲b̲e̲c̲o̲m̲e̲s̲ ̲`̲0̲ ̲<̲ ̲1̲ ̲/̲ ̲(̲U̲c̲u̲t̲:̲ℝ̲)̲`̲
  ̲ ̲ ̲ ̲ ̲ ̲ ̲

Note: This linter can be disabled with `set_option linter.unusedSimpArgs false`
warning: Goldbach/BG_Identity.lean:581:5: unused variable `h`

Note: This linter can be disabled with `set_option linter.unusedVariables false`
warning: Goldbach/BG_Identity.lean:588:5: unused variable `h`

Note: This linter can be disabled with `set_option linter.unusedVariables false`
warning: Goldbach/BG_Identity.lean:604:25: unused variable `X`

Note: This linter can be disabled with `set_option linter.unusedVariables false`
warning: Goldbach/BG_Identity.lean:604:27: unused variable `N`

Note: This linter can be disabled with `set_option linter.unusedVariables false`
warning: Goldbach/BG_Identity.lean:628:5: unused variable `h`

Note: This linter can be disabled with `set_option linter.unusedVariables false`
error: Goldbach/BG_Identity.lean:642:10: Unknown identifier `Kernel.conv_ref_const_eq_sigma_mass_of`
warning: Goldbach/BG_Identity.lean:657:8: try 'simp' instead of 'simpa'

Note: This linter can be disabled with `set_option linter.unnecessarySimpa false`
warning: Goldbach/BG_Identity.lean:685:34: unused variable `hk`

Note: This linter can be disabled with `set_option linter.unusedVariables false`
warning: Goldbach/BG_Identity.lean:689:35: unused variable `hk`

Note: This linter can be disabled with `set_option linter.unusedVariables false`
error: Goldbach/BG_Identity.lean:746:20: failed to synthesize
  HMul (ℕ → ℝ) ℝ ?m.11

Hint: Additional diagnostic information may be available using the `set_option diagnostics true` command.
error: Goldbach/BG_Identity.lean:754:20: typeclass instance problem is stuck
  HMul (ℕ → ℝ) ?m.14 ℝ

Note: Lean will not try to resolve this typeclass instance problem because the second type argument to `HMul` is a metavariable. This argument must be fully determined before Lean will try to resolve the typeclass.

Hint: Adding type annotations and supplying implicit arguments to functions can give Lean more information for typeclass resolution. For example, if you have a variable `x` that you intend to be a `Nat`, but Lean reports it as having an unresolved type like `?m`, replacing `x` with `(x : Nat)` can get typeclass resolution un-stuck.
error: Goldbach/BG_Identity.lean:764:60: unsolved goals
⊢ False
error: Goldbach/BG_Identity.lean:782:58: unsolved goals
⊢ -((↑H + 99) / 100) ≤ ↑H ∧ 0 ≤ ↑H + (↑H + 99) / 100
error: Goldbach/BG_Identity.lean:804:26: Unknown constant `Int.natAbs_eq_ofNat_abs`
error: Goldbach/BG_Identity.lean:810:12: linarith failed to find a contradiction
case h
h0 : 0 ∈ bandU
z : ℤ
hz : z ∈ bandU.erase 0
hzIcc : z ∈ Finset.Icc (-↑Ucut) ↑Ucut
hz0 : z ≠ 0
this : -↑Ucut ≤ z ∧ z ≤ ↑Ucut
hle : z ≤ ↑Ucut
hneg : -↑Ucut ≤ z
hz' : ↑z.natAbs = max (-z) z
a✝ : ↑Ucut < ↑z.natAbs
⊢ False
failed
error: Goldbach/BG_Identity.lean:818:59: mod_cast has type
  ?m.225 = ?m.225
but is expected to have type
  z.natAbs = 0
error: Goldbach/BG_Identity.lean:822:12: Type mismatch
  hzabs0
has type
  z.natAbs = 0
but is expected to have type
  z.natAbs ≠ 0
error: Goldbach/BG_Identity.lean:824:17: Invalid `⟨...⟩` notation: The expected type
  z.natAbs - 1 < Ucut ∧ z = Int.ofNat (z.natAbs - 1).succ ∨ z = -Int.ofNat (z.natAbs - 1).succ
has more than one constructor

Note: This notation can only be used when the expected type is an inductive type with a single constructor
error: Goldbach/BG_Identity.lean:825:10: No goals to be solved
error: Goldbach/BG_Identity.lean:838:69: Application type mismatch: The argument
  hkpos
has type
  k < Ucut
but is expected to have type
  k ∈ Finset.range Ucut
in the application
  And.intro hkpos
error: Goldbach/BG_Identity.lean:793:6: unsolved goals
case h.mp.inr
h0 : 0 ∈ bandU
z : ℤ
hz : z ∈ bandU.erase 0
hzIcc : z ∈ Finset.Icc (-↑Ucut) ↑Ucut
hz0 : z ≠ 0
hzAbs : z.natAbs ≤ Ucut
k : ℕ
h✝ : z = -Int.ofNat k.succ
⊢ z ∈
    Finset.map { toFun := fun k => ↑k.succ, inj' := ⋯ } (Finset.range Ucut) ∪
      Finset.map { toFun := fun k => -↑k.succ, inj' := ⋯ } (Finset.range Ucut)
error: Goldbach/BG_Identity.lean:839:54: unsolved goals
h0 : 0 ∈ bandU
z : ℤ
⊢ K_full_raw (H + (H + 99) / 100) 0 = (↑H + ↑((H + 99) / 100))⁻¹
error: Goldbach/BG_Identity.lean:852:34: maximum recursion depth has been reached
use `set_option maxRecDepth <num>` to increase limit
use `set_option diagnostics true` to get diagnostic information
error: Goldbach/BG_Identity.lean:853:28: Type mismatch
  hk
has type
  k ∈ Finset.map { toFun := fun k => ↑k.succ, inj' := ⋯ } (Finset.range Ucut)
but is expected to have type
  ∀ (a₂ : ℤ) (ha₂ : a₂ ∈ Finset.map { toFun := fun k => ↑k.succ, inj' := ⋯ } (Finset.range Ucut)),
    (fun k hk => k) k hk = (fun k hk => k) a₂ ha₂ → k = a₂
error: Goldbach/BG_Identity.lean:854:14: unsolved goals
case heq
h0 : 0 ∈ bandU
z : ℤ
h0val : K_full 0 = 1 / ↑Ucut
k : ℤ
hk : k ∈ Finset.map { toFun := fun k => -↑k.succ, inj' := ⋯ } (Finset.range Ucut)
⊢ ∃ a < H + (H + 99) / 100, ↑a + 1 = k
error: Goldbach/BG_Identity.lean:855:28: Type mismatch
  hk
has type
  k ∈ Finset.map { toFun := fun k => ↑k.succ, inj' := ⋯ } (Finset.range Ucut)
but is expected to have type
  K_full k = K_full ((fun k hk => k) k hk)
error: Goldbach/BG_Identity.lean:872:68: Type mismatch: After simplification, term
  hbEq
 has type
  -1 + -↑b' = ↑a' + 1
but is expected to have type
  ↑a' + 1 = -1 + -↑b'
error: Goldbach/BG_Identity.lean:873:16: linarith failed to find a contradiction
h0 : 0 ∈ bandU
z : ℤ
h0val : K_full 0 = 1 / ↑Ucut
hpair :
  ∑ k ∈ Finset.map { toFun := fun k => ↑k.succ, inj' := ⋯ } (Finset.range Ucut), K_full k =
    ∑ k ∈ Finset.map { toFun := fun k => -↑k.succ, inj' := ⋯ } (Finset.range Ucut), K_full k
a' : ℕ
ha' : a' ∈ Finset.range Ucut
ha :
  { toFun := fun k => ↑k.succ, inj' := ⋯ } a' ∈ Finset.map { toFun := fun k => ↑k.succ, inj' := ⋯ } (Finset.range Ucut)
hb :
  { toFun := fun k => ↑k.succ, inj' := ⋯ } a' ∈ Finset.map { toFun := fun k => -↑k.succ, inj' := ⋯ } (Finset.range Ucut)
b' : ℕ
hb' : b' ∈ Finset.range Ucut
hbEq : { toFun := fun k => -↑k.succ, inj' := ⋯ } b' = { toFun := fun k => ↑k.succ, inj' := ⋯ } a'
hbPos : ↑b'.succ ≠ 0
this : ↑a'.succ = -↑b'.succ
⊢ False
failed
error: Goldbach/BG_Identity.lean:890:92: Unknown identifier `hpos`
error: Goldbach/BG_Identity.lean:892:6: 'calc' expression has type
  ∑ k ∈ bandU, K_full k = K_full 0 + 2 * ∑ k ∈ Finset.range Ucut, K_full (Int.ofNat k.succ)
but is expected to have type
  z ∈
      Finset.map { toFun := fun k => ↑k.succ, inj' := ⋯ } (Finset.range Ucut) ∪
        Finset.map { toFun := fun k => -↑k.succ, inj' := ⋯ } (Finset.range Ucut) →
    z ∈ bandU.erase 0
error: Goldbach/BG_Identity.lean:779:93: unsolved goals
h0 : 0 ∈ bandU
hpos :
  bandU.erase 0 =
    Finset.map { toFun := fun k => ↑k.succ, inj' := ⋯ } (Finset.range Ucut) ∪
      Finset.map { toFun := fun k => -↑k.succ, inj' := ⋯ } (Finset.range Ucut)
⊢ ∑ k ∈ bandU, K_full k = K_full 0 + 2 * ∑ k ∈ Finset.range Ucut, K_full (Int.ofNat k.succ)
error: Goldbach/BG_Identity.lean:895:22: maximum recursion depth has been reached
use `set_option maxRecDepth <num>` to increase limit
use `set_option diagnostics true` to get diagnostic information
warning: Goldbach/BG_Identity.lean:897:10: try 'simp' instead of 'simpa'

Note: This linter can be disabled with `set_option linter.unnecessarySimpa false`
warning: Goldbach/BG_Identity.lean:916:22: `Finset.range_succ` has been deprecated: Use `Finset.range_add_one` instead
error: Goldbach/BG_Identity.lean:914:72: unsolved goals
hsplit : ∑ k ∈ bandU, K_full k = K_full 0 + 2 * ∑ k ∈ Finset.range Ucut, K_full (Int.ofNat k.succ)
hsum1 : ∑ k ∈ Finset.range Ucut, 1 = ↑Ucut
this : ∑ i ∈ Finset.range Ucut.succ, i = Ucut.succ * (Ucut.succ - 1) / 2
⊢ H + (H + 99) / 100 + ∑ x ∈ Finset.range (H + (H + 99) / 100), x =
    ∑ x ∈ Finset.range (H + (H + 99) / 100), x + (H + (H + 99) / 100)
error: Goldbach/BG_Identity.lean:918:10: Type mismatch: After simplification, term
  Finset.sum_range_id
 has type
  ∀ (n : ℕ), ∑ i ∈ Finset.range n, i = n * (n - 1) / 2
but is expected to have type
  ∑ i ∈ Finset.range (H + (H + 99) / 100 + 1), i = (H + (H + 99) / 100 + 1) * (H + (H + 99) / 100) / 2
error: Goldbach/BG_Identity.lean:919:8: linarith failed to find a contradiction
case h1.h
hsplit : ∑ k ∈ bandU, K_full k = K_full 0 + 2 * ∑ k ∈ Finset.range Ucut, K_full (Int.ofNat k.succ)
hsum1 : ∑ k ∈ Finset.range Ucut, 1 = ↑Ucut
this : ∑ i ∈ Finset.range Ucut.succ, i = Ucut.succ * (Ucut.succ - 1) / 2
hrewrite : ∑ i ∈ Finset.range Ucut.succ, i = ∑ k ∈ Finset.range Ucut, k.succ
hs : ∑ i ∈ Finset.range Ucut.succ, i = Ucut.succ * Ucut / 2
a✝ : ∑ k ∈ Finset.range Ucut, k.succ < Ucut * (Ucut + 1) / 2
⊢ False
failed
error: Goldbach/BG_Identity.lean:921:6: maximum recursion depth has been reached
use `set_option maxRecDepth <num>` to increase limit
use `set_option diagnostics true` to get diagnostic information
error: Goldbach/BG_Identity.lean:928:16: maximum recursion depth has been reached
use `set_option maxRecDepth <num>` to increase limit
use `set_option diagnostics true` to get diagnostic information
error: Goldbach/BG_Identity.lean:940:68: unsolved goals
hsplit : ∑ k ∈ bandU, K_full k = K_full 0 + 2 * ∑ k ∈ Finset.range Ucut, K_full (Int.ofNat k.succ)
hsum1 : ∑ k ∈ Finset.range Ucut, 1 = ↑Ucut
hsumk : ∑ k ∈ Finset.range Ucut, ↑k.succ = ↑Ucut * (↑Ucut + 1) / 2
hUpos : 0 < ↑Ucut
hUpos' : ↑Ucut ≠ 0
⊢ (↑H + ↑((H + 99) / 100) - ∑ x ∈ Finset.range (H + (H + 99) / 100), (↑x + 1) / (↑H + ↑((H + 99) / 100))) /
      (↑H + ↑((H + 99) / 100)) =
    (↑H + ↑((H + 99) / 100))⁻¹ *
      (↑H + ↑((H + 99) / 100) - ∑ x ∈ Finset.range (H + (H + 99) / 100), (↑x + 1) / (↑H + ↑((H + 99) / 100)))
info: Goldbach/BG_Identity.lean:946:8: Try this:
  [apply] ring_nf
  
  The `ring` tactic failed to close the goal. Use `ring_nf` to obtain a normal form.
    
  Note that `ring` works primarily in *commutative* rings. If you have a noncommutative ring, abelian group or module, consider using `noncomm_ring`, `abel` or `module` instead.
error: Goldbach/BG_Identity.lean:943:96: unsolved goals
hsplit : ∑ k ∈ bandU, K_full k = K_full 0 + 2 * ∑ k ∈ Finset.range Ucut, K_full (Int.ofNat k.succ)
hsum1 : ∑ k ∈ Finset.range Ucut, 1 = ↑Ucut
hsumk : ∑ k ∈ Finset.range Ucut, ↑k.succ = ↑Ucut * (↑Ucut + 1) / 2
hUpos : 0 < ↑Ucut
hUpos' : ↑Ucut ≠ 0
⊢ ↑Ucut * (↑Ucut)⁻¹ - (↑Ucut)⁻¹ * ∑ x ∈ Finset.range Ucut, (↑Ucut)⁻¹ * ↑x.succ =
    ↑Ucut * (↑Ucut)⁻¹ + ↑Ucut * (↑Ucut)⁻¹ ^ 2 * (-1 / 2) + ↑Ucut ^ 2 * (↑Ucut)⁻¹ ^ 2 * (-1 / 2)
info: Goldbach/BG_Identity.lean:948:33: Try this:
  [apply] ring_nf
  
  The `ring` tactic failed to close the goal. Use `ring_nf` to obtain a normal form.
    
  Note that `ring` works primarily in *commutative* rings. If you have a noncommutative ring, abelian group or module, consider using `noncomm_ring`, `abel` or `module` instead.
error: Goldbach/BG_Identity.lean:947:34: unsolved goals
hsplit : ∑ k ∈ bandU, K_full k = K_full 0 + 2 * ∑ k ∈ Finset.range Ucut, K_full (Int.ofNat k.succ)
hsum1 : ∑ k ∈ Finset.range Ucut, 1 = ↑Ucut
hsumk : ∑ k ∈ Finset.range Ucut, ↑k.succ = ↑Ucut * (↑Ucut + 1) / 2
hUpos : 0 < ↑Ucut
⊢ -1 + ↑Ucut = -↑Ucut + ↑Ucut ^ 2
error: Goldbach/BG_Identity.lean:957:58: unsolved goals
hsplit : ∑ k ∈ bandU, K_full k = K_full 0 + 2 * ∑ k ∈ Finset.range Ucut, K_full (Int.ofNat k.succ)
hpos_eval : ∑ k ∈ Finset.range Ucut, K_full (Int.ofNat k.succ) = (↑Ucut - 1) / 2
hUpos : ↑Ucut ≠ 0
this : ∑ k ∈ bandU, K_full k = K_full 0 + 2 * ∑ k ∈ Finset.range Ucut, K_full (Int.ofNat k.succ)
⊢ K_full_raw (H + (H + 99) / 100) 0 = (↑H + ↑((H + 99) / 100))⁻¹
info: Goldbach/BG_Identity.lean:966:6: Try this:
  [apply] ring_nf
  
  The `ring` tactic failed to close the goal. Use `ring_nf` to obtain a normal form.
    
  Note that `ring` works primarily in *commutative* rings. If you have a noncommutative ring, abelian group or module, consider using `noncomm_ring`, `abel` or `module` instead.
error: Goldbach/BG_Identity.lean:960:13: unsolved goals
hsplit : ∑ k ∈ bandU, K_full k = K_full 0 + 2 * ∑ k ∈ Finset.range Ucut, K_full (Int.ofNat k.succ)
hpos_eval : ∑ k ∈ Finset.range Ucut, K_full (Int.ofNat k.succ) = (↑Ucut - 1) / 2
hUpos hUpos' : ↑Ucut ≠ 0
hUpos'' : 0 < ↑Ucut
⊢ 1 - ↑Ucut + ↑Ucut ^ 2 = ↑Ucut
warning: Goldbach/BG_Identity.lean:783:14: This simp argument is unused:
  bandU

Hint: Omit it from the simp argument list.
  simp ̵[̵b̵a̵n̵d̵U̵]̵

Note: This linter can be disabled with `set_option linter.unusedSimpArgs false`
warning: Goldbach/BG_Identity.lean:942:14: This simp argument is unused:
  Finset.sum_mul

Hint: Omit it from the simp argument list.
  simp [F̵i̵n̵s̵e̵t̵.̵s̵u̵m̵_̵m̵u̵l̵,̵ ̵hUpos']

Note: This linter can be disabled with `set_option linter.unusedSimpArgs false`
warning: Goldbach/BG_Identity.lean:942:30: This simp argument is unused:
  hUpos'

Hint: Omit it from the simp argument list.
  simp [Finset.sum_mul,̵ ̵h̵U̵p̵o̵s̵'̵]

Note: This linter can be disabled with `set_option linter.unusedSimpArgs false`
warning: Goldbach/BG_Identity.lean:945:43: This simp argument is unused:
  Finset.sum_div

Hint: Omit it from the simp argument list.
  simp only [Finset.sum_sub_distrib, F̵i̵n̵s̵e̵t̵.̵s̵u̵m̵_̵d̵i̵v̵,̵ ̵hsum1, hsumk]

Note: This linter can be disabled with `set_option linter.unusedSimpArgs false`
warning: Goldbach/BG_Identity.lean:945:66: This simp argument is unused:
  hsumk

Hint: Omit it from the simp argument list.
  simp only [Finset.sum_sub_distrib, Finset.sum_div, hsum1,̵ ̵h̵s̵u̵m̵k̵]

Note: This linter can be disabled with `set_option linter.unusedSimpArgs false`
error: Goldbach/BG_Identity.lean:981:27: Invalid argument name `bandU` for function `sum_bandU`
error: Goldbach/BG_Identity.lean:1004:30: unsolved goals
Kadm : BG.AdmissibleKernel Ucut
⊢ 0 ∈ BG_Bank.S_BG
warning: Goldbach/BG_Identity.lean:1021:5: unused variable `h`

Note: This linter can be disabled with `set_option linter.unusedVariables false`
error: Goldbach/BG_Identity.lean:1040:53: Type mismatch: After simplification, term
  hk
 has type
  k ∈ BG_Bank.S_BG
but is expected to have type
  -↑H ≤ k ∧ k ≤ ↑H
error: Goldbach/BG_Identity.lean:1045:6: Tactic `simp` failed with a nested error:
maximum recursion depth has been reached
use `set_option maxRecDepth <num>` to increase limit
use `set_option diagnostics true` to get diagnostic information
warning: Goldbach/BG_Identity.lean:1065:54: try 'simp' instead of 'simpa'

Note: This linter can be disabled with `set_option linter.unnecessarySimpa false`
error: Goldbach/BG_Identity.lean:1080:14: Type mismatch: After simplification, term
  Finset.mem_Icc.mpr hkIcc_pair
 has type
  -↑H ≤ k ∧ k ≤ ↑H
but is expected to have type
  k ∈ BG_Bank.S_BG
error: Goldbach/BG_Identity.lean:1082:53: Type mismatch: After simplification, term
  hk
 has type
  k ∈ BG_Bank.S_BG
but is expected to have type
  -↑H ≤ k ∧ k ≤ ↑H
warning: Goldbach/BG_Identity.lean:1085:6: try 'simp' instead of 'simpa'

Note: This linter can be disabled with `set_option linter.unnecessarySimpa false`
error: Goldbach/BG_Identity.lean:1120:55: linarith failed to find a contradiction
case h
hinner_eq : innerBand = Finset.Icc (-↑H) ↑H
z : ℤ
hz : z ∈ (Finset.Icc (-↑H) ↑H).erase 0
hzIcc : z ∈ Finset.Icc (-↑H) ↑H
hz0 : z ≠ 0
this : -↑H ≤ z ∧ z ≤ ↑H
hle : z ≤ ↑H
hneg : -↑H ≤ z
a✝ : ↑H < ↑z.natAbs
⊢ False
failed
error: Goldbach/BG_Identity.lean:1128:33: Function expected at
  Int.natAbs_eq_zero
but this term has type
  Int.natAbs ?m.243 = 0 ↔ ?m.243 = 0

Note: Expected a function because this term is being applied to the argument
  hzabs0
error: Goldbach/BG_Identity.lean:1131:17: Invalid `⟨...⟩` notation: The expected type
  z.natAbs - 1 < H ∧ z = Int.ofNat (z.natAbs - 1).succ ∨ z = -Int.ofNat (z.natAbs - 1).succ
has more than one constructor

Note: This notation can only be used when the expected type is an inductive type with a single constructor
error: Goldbach/BG_Identity.lean:1132:10: No goals to be solved
error: Goldbach/BG_Identity.lean:1110:6: unsolved goals
case h.mp.inl
hinner_eq : innerBand = Finset.Icc (-↑H) ↑H
k : ℕ
hkpos : k < H
hz : Int.ofNat k.succ ∈ (Finset.Icc (-↑H) ↑H).erase 0
hzIcc : Int.ofNat k.succ ∈ Finset.Icc (-↑H) ↑H
hz0 : Int.ofNat k.succ ≠ 0
hzAbs : (Int.ofNat k.succ).natAbs ≤ H
⊢ Int.ofNat k.succ ∈
    Finset.map { toFun := fun k => ↑k.succ, inj' := ⋯ } (Finset.range H) ∪
      Finset.map { toFun := fun k => -↑k.succ, inj' := ⋯ } (Finset.range H)

case h.mp.inr
hinner_eq : innerBand = Finset.Icc (-↑H) ↑H
z : ℤ
hz : z ∈ (Finset.Icc (-↑H) ↑H).erase 0
hzIcc : z ∈ Finset.Icc (-↑H) ↑H
hz0 : z ≠ 0
hzAbs : z.natAbs ≤ H
k : ℕ
h✝ : z = -Int.ofNat k.succ
⊢ z ∈
    Finset.map { toFun := fun k => ↑k.succ, inj' := ⋯ } (Finset.range H) ∪
      Finset.map { toFun := fun k => -↑k.succ, inj' := ⋯ } (Finset.range H)
error: Goldbach/BG_Identity.lean:1145:54: unsolved goals
hinner_eq : innerBand = Finset.Icc (-↑H) ↑H
z : ℤ
h0mem : 0 ∈ Finset.Icc (-↑H) ↑H
⊢ K_full_raw (H + (H + 99) / 100) 0 = (↑H + ↑((H + 99) / 100))⁻¹
error: Goldbach/BG_Identity.lean:1153:12: `inj` is not a field of structure `Function.Embedding`
error: Goldbach/BG_Identity.lean:1152:10: Fields missing: `inj'`

Hint: Add missing fields:
  
  ̲ ̲ ̲ ̲ ̲ ̲ ̲ ̲ ̲ ̲ ̲ ̲ ̲i̲n̲j̲'̲ ̲:̲=̲ ̲_̲
error: Goldbach/BG_Identity.lean:1159:12: `inj` is not a field of structure `Function.Embedding`
error: Goldbach/BG_Identity.lean:1158:10: Fields missing: `inj'`

Hint: Add missing fields:
  
  ̲ ̲ ̲ ̲ ̲ ̲ ̲ ̲ ̲ ̲ ̲ ̲ ̲i̲n̲j̲'̲ ̲:̲=̲ ̲_̲
error: Goldbach/BG_Identity.lean:1168:60: Type mismatch: After simplification, term
  hEq
 has type
  negEmb j = posEmb i
but is expected to have type
  ↑i + 1 = -1 + -↑j
error: Goldbach/BG_Identity.lean:1170:67: Type mismatch: After simplification, term
  this
 has type
  ↑i + 1 = -1 + -↑j
but is expected to have type
  ↑i + 1 + (↑j + 1) = 0
error: Goldbach/BG_Identity.lean:1171:62: mod_cast has type
  ?m.535
of sort `Type ?u.63471` but is expected to have type
  0 < i.succ + j.succ
of sort `Prop`
error: Goldbach/BG_Identity.lean:1171:78: Application type mismatch: The argument
  Nat.succ_pos j
has type
  0 < j.succ
of sort `Prop` but is expected to have type
  ?m.537
of sort `Type ?u.63472` in the application
  ?m.540 + ⋯
error: Goldbach/BG_Identity.lean:1172:33: Type mismatch: After simplification, term
  hpos
 has type
  0 < ↑i + 1 + (↑j + 1)
but is expected to have type
  False
error: Goldbach/BG_Identity.lean:1174:79: Unknown identifier `hband`
error: Goldbach/BG_Identity.lean:1179:85: Invalid argument name `emb` for function `Finset.sum_map`

Hint: Perhaps you meant one of the following parameter names:
  • `ι`: e̵m̵b̵ι̲
  • `κ`: e̵m̵b̵κ̲
  • `M`: e̵m̵b̵M̲
  • `e`: em̵b̵
error: Goldbach/BG_Identity.lean:1183:85: Invalid argument name `emb` for function `Finset.sum_map`

Hint: Perhaps you meant one of the following parameter names:
  • `ι`: e̵m̵b̵ι̲
  • `κ`: e̵m̵b̵κ̲
  • `M`: e̵m̵b̵M̲
  • `e`: em̵b̵
error: Goldbach/BG_Identity.lean:1187:10: maximum recursion depth has been reached
use `set_option maxRecDepth <num>` to increase limit
use `set_option diagnostics true` to get diagnostic information
warning: Goldbach/BG_Identity.lean:1191:16: try 'simp' instead of 'simpa'

Note: This linter can be disabled with `set_option linter.unnecessarySimpa false`
warning: Goldbach/BG_Identity.lean:1197:16: try 'simp' instead of 'simpa'

Note: This linter can be disabled with `set_option linter.unnecessarySimpa false`
error: Goldbach/BG_Identity.lean:1199:6: 'calc' expression has type
  ∑ k ∈ innerBand, K_full k = K_full 0 + 2 * ∑ k ∈ Finset.range H, K_full (Int.ofNat k.succ)
but is expected to have type
  z ∈
      Finset.map { toFun := fun k => ↑k.succ, inj' := ⋯ } (Finset.range H) ∪
        Finset.map { toFun := fun k => -↑k.succ, inj' := ⋯ } (Finset.range H) →
    z ∈ (Finset.Icc (-↑H) ↑H).erase 0
error: Goldbach/BG_Identity.lean:1103:137: unsolved goals
hinner_eq : innerBand = Finset.Icc (-↑H) ↑H
hband :
  (Finset.Icc (-↑H) ↑H).erase 0 =
    Finset.map { toFun := fun k => ↑k.succ, inj' := ⋯ } (Finset.range H) ∪
      Finset.map { toFun := fun k => -↑k.succ, inj' := ⋯ } (Finset.range H)
⊢ ∑ k ∈ innerBand, K_full k = K_full 0 + 2 * ∑ k ∈ Finset.range H, K_full (Int.ofNat k.succ)
warning: Goldbach/BG_Identity.lean:1208:10: try 'simp' instead of 'simpa'

Note: This linter can be disabled with `set_option linter.unnecessarySimpa false`
error: Goldbach/BG_Identity.lean:1215:8: Type mismatch: After simplification, term
  Finset.sum_range_id
 has type
  ∀ (n : ℕ), ∑ i ∈ Finset.range n, i = n * (n - 1) / 2
but is expected to have type
  ∑ i ∈ Finset.range (H + 1), i = (H + 1) * H / 2
warning: Goldbach/BG_Identity.lean:1221:16: `Finset.range_succ` has been deprecated: Use `Finset.range_add_one` instead
error: Goldbach/BG_Identity.lean:1219:67: unsolved goals
hinner_eq : innerBand = Finset.Icc (-↑H) ↑H
hsplit : ∑ k ∈ innerBand, K_full k = K_full 0 + 2 * ∑ k ∈ Finset.range H, K_full (Int.ofNat k.succ)
hsum1 : ∑ k ∈ Finset.range H, 1 = ↑H
this : ∑ i ∈ Finset.range H.succ, i = H.succ * H / 2
⊢ H + ∑ x ∈ Finset.range H, x = ∑ x ∈ Finset.range H, (x + 1)
error: Goldbach/BG_Identity.lean:1222:6: linarith failed to find a contradiction
case h1.h
hinner_eq : innerBand = Finset.Icc (-↑H) ↑H
hsplit✝ : ∑ k ∈ innerBand, K_full k = K_full 0 + 2 * ∑ k ∈ Finset.range H, K_full (Int.ofNat k.succ)
hsum1 : ∑ k ∈ Finset.range H, 1 = ↑H
this : ∑ i ∈ Finset.range H.succ, i = H.succ * H / 2
hsplit : ∑ i ∈ Finset.range H.succ, i = ∑ k ∈ Finset.range H, k.succ
a✝ : ∑ k ∈ Finset.range H, k.succ < H * (H + 1) / 2
⊢ False
failed
error: Goldbach/BG_Identity.lean:1223:4: maximum recursion depth has been reached
use `set_option maxRecDepth <num>` to increase limit
use `set_option diagnostics true` to get diagnostic information
error: Goldbach/BG_Identity.lean:1239:37: Unknown constant `Int.natAbs_ofNat`
error: Goldbach/BG_Identity.lean:1235:70: unsolved goals
hinner_eq : innerBand = Finset.Icc (-↑H) ↑H
hsplit : ∑ k ∈ innerBand, K_full k = K_full 0 + 2 * ∑ k ∈ Finset.range H, K_full (Int.ofNat k.succ)
hsum1 : ∑ k ∈ Finset.range H, 1 = ↑H
hsumk : ∑ k ∈ Finset.range H, ↑k.succ = ↑H * (↑H + 1) / 2
hUpos : ↑Ucut ≠ 0
hHU : H ≤ Ucut
k : ℕ
hk : k ∈ Finset.range H
hk' : k.succ ≤ Ucut
hnat : (Int.ofNat k.succ).natAbs ≤ Ucut
⊢ K_full_raw (H + (H + 99) / 100) (↑k + 1) = (1 - (↑k + 1) / (↑H + ↑((H + 99) / 100))) / (↑H + ↑((H + 99) / 100))
error: Goldbach/BG_Identity.lean:1254:16: maximum recursion depth has been reached
use `set_option maxRecDepth <num>` to increase limit
use `set_option diagnostics true` to get diagnostic information
error: Goldbach/BG_Identity.lean:1266:87: unsolved goals
hinner_eq : innerBand = Finset.Icc (-↑H) ↑H
hsplit : ∑ k ∈ innerBand, K_full k = K_full 0 + 2 * ∑ k ∈ Finset.range H, K_full (Int.ofNat k.succ)
hsum1 : ∑ k ∈ Finset.range H, 1 = ↑H
hsumk : ∑ k ∈ Finset.range H, ↑k.succ = ↑H * (↑H + 1) / 2
hUpos : ↑Ucut ≠ 0
hHU : H ≤ Ucut
this : ∀ k ∈ Finset.range H, K_full (Int.ofNat k.succ) = (1 - ↑k.succ / ↑Ucut) / ↑Ucut
⊢ (∑ x ∈ Finset.range H, (↑x + 1)) * (↑H + ↑((H + 99) / 100))⁻¹ = (↑H + ↑((H + 99) / 100))⁻¹ * (↑H * (↑H + 1) * 2⁻¹) ∨
    ↑H + ↑((H + 99) / 100) = 0
error: Goldbach/BG_Identity.lean:1280:4: maximum recursion depth has been reached
use `set_option maxRecDepth <num>` to increase limit
use `set_option diagnostics true` to get diagnostic information
error: Goldbach/BG_Identity.lean:1289:2: maximum recursion depth has been reached
use `set_option maxRecDepth <num>` to increase limit
use `set_option diagnostics true` to get diagnostic information
warning: Goldbach/BG_Identity.lean:1239:27: This simp argument is unused:
  hnat

Hint: Omit it from the simp argument list.
  simp [h̵n̵a̵t̵,̵ ̵Int.natAbs_ofNat]

Note: This linter can be disabled with `set_option linter.unusedSimpArgs false`
warning: Goldbach/BG_Identity.lean:1253:64: This simp argument is unused:
  mul_left_comm

Hint: Omit it from the simp argument list.
  simp [div_eq_mul_inv, mul_comm, mul_l̵e̵f̵t̵_̵c̵o̵m̵m̵,̵ ̵m̵u̵l̵_̵assoc]

Note: This linter can be disabled with `set_option linter.unusedSimpArgs false`
warning: Goldbach/BG_Identity.lean:1253:79: This simp argument is unused:
  mul_assoc

Hint: Omit it from the simp argument list.
  simp [div_eq_mul_inv, mul_comm, mul_left_comm,̵ ̵m̵u̵l̵_̵a̵s̵s̵o̵c̵]

Note: This linter can be disabled with `set_option linter.unusedSimpArgs false`
warning: Goldbach/BG_Identity.lean:1268:22: This simp argument is unused:
  hsumk

Hint: Omit it from the simp argument list.
  simp [h̵s̵u̵m̵k̵,̵ ̵div_eq_mul_inv]

Note: This linter can be disabled with `set_option linter.unusedSimpArgs false`
warning: Goldbach/BG_Identity.lean:1291:6: declaration uses 'sorry'
error: Goldbach/BG_Identity.lean:1337:21: maximum recursion depth has been reached
use `set_option maxRecDepth <num>` to increase limit
use `set_option diagnostics true` to get diagnostic information
warning: Goldbach/BG_Identity.lean:1365:28: unused variable `X`

Note: This linter can be disabled with `set_option linter.unusedVariables false`
warning: Goldbach/BG_Identity.lean:1365:30: unused variable `N`

Note: This linter can be disabled with `set_option linter.unusedVariables false`
warning: Goldbach/BG_Identity.lean:1366:28: unused variable `X`

Note: This linter can be disabled with `set_option linter.unusedVariables false`
warning: Goldbach/BG_Identity.lean:1366:30: unused variable `N`

Note: This linter can be disabled with `set_option linter.unusedVariables false`
error: Goldbach/BG_Identity.lean:1392:21: maximum recursion depth has been reached
use `set_option maxRecDepth <num>` to increase limit
use `set_option diagnostics true` to get diagnostic information
error: Goldbach/BG_Identity.lean:1491:0: Unexpected name `BG_Identity` after `end`: The current section is unnamed

Hint: Delete the name `BG_Identity` to end the current unnamed scope; outer named scopes can then be closed using additional `end` command(s):
  end ̵B̵G̵_̵I̵d̵e̵n̵t̵i̵t̵y̵
error: Goldbach/BG_Identity.lean:1492:0: Unexpected name `Goldbach` after `end`: The current section is unnamed

Hint: Delete the name `Goldbach` to end the current unnamed scope; outer named scopes can then be closed using additional `end` command(s):
  end ̵G̵o̵l̵d̵b̵a̵c̵h̵
error: Lean exited with code 1
Some required targets logged failures:
- Goldbach.BG_Identity
error: build failed
⚠ [7587/7613] Replayed Goldbach.Compat
warning: Goldbach/Compat.lean:18:2: try 'simp' instead of 'simpa'

Note: This linter can be disabled with `set_option linter.unnecessarySimpa false`
warning: Goldbach/Compat.lean:24:40: unused variable `hb`

Note: This linter can be disabled with `set_option linter.unusedVariables false`
warning: Goldbach/Compat.lean:50:4: try 'simp' instead of 'simpa'

Note: This linter can be disabled with `set_option linter.unnecessarySimpa false`
⚠ [7590/7613] Replayed Goldbach.Windows
warning: Goldbach/Windows.lean:63:4: try 'simp' instead of 'simpa'

Note: This linter can be disabled with `set_option linter.unnecessarySimpa false`
warning: Goldbach/Windows.lean:68:2: try 'simp' instead of 'simpa'

Note: This linter can be disabled with `set_option linter.unnecessarySimpa false`
warning: Goldbach/Windows.lean:68:38: this tactic is never executed

Note: This linter can be disabled with `set_option linter.unreachableTactic false`
warning: Goldbach/Windows.lean:68:38: 'simpa using hmap' tactic does nothing

Note: This linter can be disabled with `set_option linter.unusedTactic false`
⚠ [7595/7613] Replayed Goldbach.AO_AssembleEnvelope
warning: Goldbach/AO_AssembleEnvelope.lean:67:20: try 'simp' instead of 'simpa'

Note: This linter can be disabled with `set_option linter.unnecessarySimpa false`
⚠ [7597/7613] Replayed Goldbach.AO_Major
warning: Goldbach/AO_Major.lean:21:13: unused variable `hX`

Note: This linter can be disabled with `set_option linter.unusedVariables false`
warning: Goldbach/AO_Major.lean:21:35: unused variable `hN`

Note: This linter can be disabled with `set_option linter.unusedVariables false`
warning: Goldbach/AO_Major.lean:25:24: This simp argument is unused:
  add_assoc

Hint: Omit it from the simp argument list.
  simp [Goldbach.AO_Major.errAO, Goldbach.AO_Major.weight_mass, Goldbach.AO_Core.errAO,
       ̵ ̵ ̵ ̵sub_eq_add_neg, add_a̵s̵s̵o̵c̵,̵ ̵a̵d̵d̵_̵left_comm, add_comm, mul_assoc]

Note: This linter can be disabled with `set_option linter.unusedSimpArgs false`
warning: Goldbach/AO_Major.lean:25:60: This simp argument is unused:
  mul_assoc

Hint: Omit it from the simp argument list.
  simp [Goldbach.AO_Major.errAO, Goldbach.AO_Major.weight_mass, Goldbach.AO_Core.errAO,
       ̵ ̵ ̵ ̵sub_eq_add_neg, add_assoc, add_left_comm, add_comm,̵ ̵m̵u̵l̵_̵a̵s̵s̵o̵c̵]

Note: This linter can be disabled with `set_option linter.unusedSimpArgs false`
warning: Goldbach/AO_Major.lean:46:5: unused variable `h`

Note: This linter can be disabled with `set_option linter.unusedVariables false`
warning: Goldbach/AO_Major.lean:58:24: This simp argument is unused:
  dif_pos

Hint: Omit it from the simp argument list.
  simp only [MPDF, win, d̵i̵f̵_̵p̵o̵s̵,̵ ̵mul_div_assoc']

Note: This linter can be disabled with `set_option linter.unusedSimpArgs false`
warning: Goldbach/AO_Major.lean:58:33: This simp argument is unused:
  mul_div_assoc'

Hint: Omit it from the simp argument list.
  simp only [MPDF, win, dif_pos,̵ ̵m̵u̵l̵_̵d̵i̵v̵_̵a̵s̵s̵o̵c̵'̵]

Note: This linter can be disabled with `set_option linter.unusedSimpArgs false`
warning: Goldbach/AO_Major.lean:81:69: try 'simp' instead of 'simpa'

Note: This linter can be disabled with `set_option linter.unnecessarySimpa false`
warning: Goldbach/AO_Major.lean:82:68: try 'simp' instead of 'simpa'

Note: This linter can be disabled with `set_option linter.unnecessarySimpa false`
warning: Goldbach/AO_Major.lean:83:68: try 'simp' instead of 'simpa'

Note: This linter can be disabled with `set_option linter.unnecessarySimpa false`
warning: Goldbach/AO_Major.lean:85:90: This simp argument is unused:
  add_assoc

Hint: Omit it from the simp argument list.
  simp [sub_eq_add_neg,̵ ̵a̵d̵d̵_̵a̵s̵s̵o̵c̵]

Note: This linter can be disabled with `set_option linter.unusedSimpArgs false`
warning: Goldbach/AO_Major.lean:101:24: This simp argument is unused:
  dif_pos

Hint: Omit it from the simp argument list.
  simp only [MPDF, win,̵ ̵d̵i̵f̵_̵p̵o̵s̵]

Note: This linter can be disabled with `set_option linter.unusedSimpArgs false`
⚠ [7599/7613] Replayed Goldbach.BG_Bank
warning: Goldbach/BG_Bank.lean:13:25: unused variable `n`

Note: This linter can be disabled with `set_option linter.unusedVariables false`
warning: Goldbach/BG_Bank.lean:75:4: try 'simp' instead of 'simpa'

Note: This linter can be disabled with `set_option linter.unnecessarySimpa false`
warning: Goldbach/BG_Bank.lean:75:25: this tactic is never executed

Note: This linter can be disabled with `set_option linter.unreachableTactic false`
warning: Goldbach/BG_Bank.lean:75:25: 'decide' tactic does nothing

Note: This linter can be disabled with `set_option linter.unusedTactic false`
warning: Goldbach/BG_Bank.lean:288:14: try 'simp' instead of 'simpa'

Note: This linter can be disabled with `set_option linter.unnecessarySimpa false`
warning: Goldbach/BG_Bank.lean:188:42: This simp argument is unused:
  Nat.cast_sub hn_le

Hint: Omit it from the simp argument list.
  simp only [Nat.cast_succ,̵ ̵N̵a̵t̵.̵c̵a̵s̵t̵_̵s̵u̵b̵ ̵h̵n̵_̵l̵e̵]

Note: This linter can be disabled with `set_option linter.unusedSimpArgs false`
warning: Goldbach/BG_Bank.lean:194:24: This simp argument is unused:
  abs_of_nonneg hlog_Nm_nn

Hint: Omit it from the simp argument list.
  simp [hp,̵ ̵a̵b̵s̵_̵o̵f̵_̵n̵o̵n̵n̵e̵g̵ ̵h̵l̵o̵g̵_̵N̵m̵_̵n̵n̵]

Note: This linter can be disabled with `set_option linter.unusedSimpArgs false`
warning: Goldbach/BG_Bank.lean:202:24: This simp argument is unused:
  abs_of_nonneg hlog_Np1_nn

Hint: Omit it from the simp argument list.
  simp [hp,̵ ̵a̵b̵s̵_̵o̵f̵_̵n̵o̵n̵n̵e̵g̵ ̵h̵l̵o̵g̵_̵N̵p̵1̵_̵n̵n̵]

Note: This linter can be disabled with `set_option linter.unusedSimpArgs false`
warning: Goldbach/BG_Bank.lean:218:46: This simp argument is unused:
  mul_comm

Hint: Omit it from the simp argument list.
  simp [abs_mul, mul_assoc, m̵u̵l̵_̵c̵o̵m̵m̵,̵ ̵mul_left_comm]

Note: This linter can be disabled with `set_option linter.unusedSimpArgs false`
warning: Goldbach/BG_Bank.lean:326:20: This simp argument is unused:
  hlogXabs

Hint: Omit it from the simp argument list.
  simp [h̵l̵o̵g̵X̵a̵b̵s̵,̵ ̵mul_comm, mul_left_comm, mul_assoc]

Note: This linter can be disabled with `set_option linter.unusedSimpArgs false`
warning: Goldbach/BG_Bank.lean:326:30: This simp argument is unused:
  mul_comm

Hint: Omit it from the simp argument list.
  simp [hlogXabs, m̵u̵l̵_̵c̵o̵m̵m̵,̵ ̵mul_left_comm, mul_assoc]

Note: This linter can be disabled with `set_option linter.unusedSimpArgs false`
warning: Goldbach/BG_Bank.lean:403:14: try 'simp' instead of 'simpa'

Note: This linter can be disabled with `set_option linter.unnecessarySimpa false`
warning: Goldbach/BG_Bank.lean:405:14: try 'simp' instead of 'simpa'

Note: This linter can be disabled with `set_option linter.unnecessarySimpa false`
warning: Goldbach/BG_Bank.lean:407:40: This simp argument is unused:
  add_comm

Hint: Omit it from the simp argument list.
  simp [div_self, hlogX_ne, add_c̵o̵m̵m̵,̵ ̵a̵d̵d̵_̵left_comm, add_assoc]

Note: This linter can be disabled with `set_option linter.unusedSimpArgs false`
warning: Goldbach/BG_Bank.lean:407:50: This simp argument is unused:
  add_left_comm

Hint: Omit it from the simp argument list.
  simp [div_self, hlogX_ne, add_comm, a̵d̵d̵_̵l̵e̵f̵t̵_̵c̵o̵m̵m̵,̵ ̵add_assoc]

Note: This linter can be disabled with `set_option linter.unusedSimpArgs false`
warning: Goldbach/BG_Bank.lean:407:65: This simp argument is unused:
  add_assoc

Hint: Omit it from the simp argument list.
  simp [div_self, hlogX_ne, add_comm, add_left_comm,̵ ̵a̵d̵d̵_̵a̵s̵s̵o̵c̵]

Note: This linter can be disabled with `set_option linter.unusedSimpArgs false`
warning: Goldbach/BG_Bank.lean:547:63: try 'simp' instead of 'simpa'

Note: This linter can be disabled with `set_option linter.unnecessarySimpa false`
warning: Goldbach/BG_Bank.lean:550:47: This simp argument is unused:
  add_comm

Hint: Omit it from the simp argument list.
  simp [add_div, div_self, hlogX_ne, add_c̵o̵m̵m̵,̵ ̵a̵d̵d̵_̵left_comm, add_assoc]

Note: This linter can be disabled with `set_option linter.unusedSimpArgs false`
warning: Goldbach/BG_Bank.lean:550:57: This simp argument is unused:
  add_left_comm

Hint: Omit it from the simp argument list.
  simp [add_div, div_self, hlogX_ne, add_comm, a̵d̵d̵_̵l̵e̵f̵t̵_̵c̵o̵m̵m̵,̵ ̵add_assoc]

Note: This linter can be disabled with `set_option linter.unusedSimpArgs false`
warning: Goldbach/BG_Bank.lean:550:72: This simp argument is unused:
  add_assoc

Hint: Omit it from the simp argument list.
  simp [add_div, div_self, hlogX_ne, add_comm, add_left_comm,̵ ̵a̵d̵d̵_̵a̵s̵s̵o̵c̵]

Note: This linter can be disabled with `set_option linter.unusedSimpArgs false`
warning: Goldbach/BG_Bank.lean:559:56: This simp argument is unused:
  add_left_comm

Hint: Omit it from the simp argument list.
  simp [c, Nat.cast_add, Nat.cast_one, add_assoc, a̵d̵d̵_̵l̵e̵f̵t̵_̵c̵o̵m̵m̵,̵ ̵add_comm, add_div, div_self hX0_ne]

Note: This linter can be disabled with `set_option linter.unusedSimpArgs false`
⚠ [7600/7613] Replayed Goldbach.BG_Operator
warning: Goldbach/BG_Operator.lean:31:2: try 'simp' instead of 'simpa'

Note: This linter can be disabled with `set_option linter.unnecessarySimpa false`
warning: Goldbach/BG_Operator.lean:98:2: try 'simp' instead of 'simpa'

Note: This linter can be disabled with `set_option linter.unnecessarySimpa false`
⚠ [7602/7613] Replayed Goldbach.SingularSeries
warning: Goldbach/SingularSeries.lean:40:5: unused variable `h`

Note: This linter can be disabled with `set_option linter.unusedVariables false`
warning: Goldbach/SingularSeries.lean:88:8: `Finset.eq_empty_iff_forall_not_mem` has been deprecated: Use `Finset.eq_empty_iff_forall_notMem` instead
warning: Goldbach/SingularSeries.lean:98:4: try 'simp' instead of 'simpa'

Note: This linter can be disabled with `set_option linter.unnecessarySimpa false`
warning: Goldbach/SingularSeries.lean:99:28: this tactic is never executed

Note: This linter can be disabled with `set_option linter.unreachableTactic false`
warning: Goldbach/SingularSeries.lean:99:57: this tactic is never executed

Note: This linter can be disabled with `set_option linter.unreachableTactic false`
warning: Goldbach/SingularSeries.lean:99:28: 'decide' tactic does nothing

Note: This linter can be disabled with `set_option linter.unusedTactic false`
warning: Goldbach/SingularSeries.lean:99:57: 'decide' tactic does nothing

Note: This linter can be disabled with `set_option linter.unusedTactic false`
⚠ [7604/7613] Replayed Goldbach.PPNumerics
warning: Goldbach/PPNumerics.lean:24:42: try 'simp' instead of 'simpa'

Note: This linter can be disabled with `set_option linter.unnecessarySimpa false`
warning: Goldbach/PPNumerics.lean:27:6: try 'simp' instead of 'simpa'

Note: This linter can be disabled with `set_option linter.unnecessarySimpa false`
⚠ [7605/7613] Replayed Goldbach.PPBoundSquares
warning: Goldbach/PPBoundSquares.lean:41:8: try 'simp' instead of 'simpa'

Note: This linter can be disabled with `set_option linter.unnecessarySimpa false`
warning: Goldbach/PPBoundSquares.lean:228:10: try 'simp' instead of 'simpa'

Note: This linter can be disabled with `set_option linter.unnecessarySimpa false`
⚠ [7607/7613] Replayed Goldbach.AnalyticGlobal
warning: Goldbach/AnalyticGlobal.lean:65:28: This simp argument is unused:
  one_div

Hint: Omit it from the simp argument list.
  simp [div_eq_mul_inv, o̵n̵e̵_̵d̵i̵v̵,̵ ̵mul_comm]

Note: This linter can be disabled with `set_option linter.unusedSimpArgs false`
warning: Goldbach/AnalyticGlobal.lean:68:30: This simp argument is unused:
  one_div

Hint: Omit it from the simp argument list.
  simp [div_eq_mul_inv, o̵n̵e̵_̵d̵i̵v̵,̵ ̵mul_comm]

Note: This linter can be disabled with `set_option linter.unusedSimpArgs false`
warning: Goldbach/AnalyticGlobal.lean:70:39: This simp argument is unused:
  mul_left_comm

Hint: Omit it from the simp argument list.
  simp [one_div, S_ne, mul_comm, mul_l̵e̵f̵t̵_̵c̵o̵m̵m̵,̵ ̵m̵u̵l̵_̵assoc]

Note: This linter can be disabled with `set_option linter.unusedSimpArgs false`
warning: Goldbach/AnalyticGlobal.lean:70:54: This simp argument is unused:
  mul_assoc

Hint: Omit it from the simp argument list.
  simp [one_div, S_ne, mul_comm, mul_left_comm,̵ ̵m̵u̵l̵_̵a̵s̵s̵o̵c̵]

Note: This linter can be disabled with `set_option linter.unusedSimpArgs false`
⚠ [7608/7613] Replayed Goldbach.BankPieces
warning: Goldbach/BankPieces.lean:15:63: `class ... :=` has been deprecated in favor of `class ... where`.

Note: This linter can be disabled with `set_option linter.deprecated false`
⚠ [7610/7613] Replayed Goldbach.Analytic.MajorBoundFromSigma
warning: Goldbach/Analytic/MajorBoundFromSigma.lean:21:75: `structure ... :=` has been deprecated in favor of `structure ... where`.

Note: This linter can be disabled with `set_option linter.deprecated false`
⚠ [7611/7613] Replayed Goldbach.Analytic.NumericSigma
warning: Goldbach/Analytic/NumericSigma.lean:23:32: unused variable `hX`

Note: This linter can be disabled with `set_option linter.unusedVariables false`
✖ [7613/7613] Building Goldbach.BG_Identity (46s)
trace: .> LEAN_PATH=/Users/benjaminnelson/Desktop/nerd shit/goldbach/builds/Goldbach/.lake/packages/Cli/.lake/build/lib/lean:/Users/benjaminnelson/Desktop/nerd shit/goldbach/builds/Goldbach/.lake/packages/batteries/.lake/build/lib/lean:/Users/benjaminnelson/Desktop/nerd shit/goldbach/builds/Goldbach/.lake/packages/Qq/.lake/build/lib/lean:/Users/benjaminnelson/Desktop/nerd shit/goldbach/builds/Goldbach/.lake/packages/aesop/.lake/build/lib/lean:/Users/benjaminnelson/Desktop/nerd shit/goldbach/builds/Goldbach/.lake/packages/proofwidgets/.lake/build/lib/lean:/Users/benjaminnelson/Desktop/nerd shit/goldbach/builds/Goldbach/.lake/packages/importGraph/.lake/build/lib/lean:/Users/benjaminnelson/Desktop/nerd shit/goldbach/builds/Goldbach/.lake/packages/LeanSearchClient/.lake/build/lib/lean:/Users/benjaminnelson/Desktop/nerd shit/goldbach/builds/Goldbach/.lake/packages/plausible/.lake/build/lib/lean:/Users/benjaminnelson/Desktop/nerd shit/goldbach/builds/Goldbach/.lake/packages/mathlib/.lake/build/lib/lean:/Users/benjaminnelson/Desktop/nerd shit/goldbach/builds/Goldbach/.lake/build/lib/lean /Users/benjaminnelson/.elan/toolchains/leanprover--lean4---v4.26.0-rc2/bin/lean /Users/benjaminnelson/Desktop/nerd shit/goldbach/builds/Goldbach/Goldbach/BG_Identity.lean -o /Users/benjaminnelson/Desktop/nerd shit/goldbach/builds/Goldbach/.lake/build/lib/lean/Goldbach/BG_Identity.olean -i /Users/benjaminnelson/Desktop/nerd shit/goldbach/builds/Goldbach/.lake/build/lib/lean/Goldbach/BG_Identity.ilean -c /Users/benjaminnelson/Desktop/nerd shit/goldbach/builds/Goldbach/.lake/build/ir/Goldbach/BG_Identity.c --setup /Users/benjaminnelson/Desktop/nerd shit/goldbach/builds/Goldbach/.lake/build/ir/Goldbach/BG_Identity.setup.json --json
warning: Goldbach/BG_Identity.lean:138:48: This simp argument is unused:
  add_comm

Hint: Omit it from the simp argument list.
  simp [Finset.sum_insert, hk, ih, mul_add, a̵d̵d̵_̵c̵o̵m̵m̵,̵ ̵add_left_comm, add_assoc, mul_comm, mul_left_comm,
  ̲  ̲ ̲ ̲ ̲ ̲ ̲ ̲mul_assoc]

Note: This linter can be disabled with `set_option linter.unusedSimpArgs false`
warning: Goldbach/BG_Identity.lean:138:58: This simp argument is unused:
  add_left_comm

Hint: Omit it from the simp argument list.
  simp [Finset.sum_insert, hk, ih, mul_add, add_comm, a̵d̵d̵_̵l̵e̵f̵t̵_̵c̵o̵m̵m̵,̵add_assoc, mul_comm, mul_left_comm,
  ̲  ̲ ̲ ̲ ̲ ̲ ̲ ̲mul_assoc]

Note: This linter can be disabled with `set_option linter.unusedSimpArgs false`
warning: Goldbach/BG_Identity.lean:139:12: This simp argument is unused:
  add_assoc

Hint: Omit it from the simp argument list.
  simp [Finset.sum_insert, hk, ih, mul_add, add_comm, add_left_comm, a̵d̵d̵_̵a̵s̵s̵o̵c̵,̵ ̵mul_comm, mul_left_comm,
  ̲  ̲ ̲ ̲ ̲ ̲ ̲ ̲mul_assoc]

Note: This linter can be disabled with `set_option linter.unusedSimpArgs false`
warning: Goldbach/BG_Identity.lean:139:23: This simp argument is unused:
  mul_comm

Hint: Omit it from the simp argument list.
  simp [Finset.sum_insert, hk, ih, mul_add, add_comm, add_left_comm, add_assoc, m̵u̵l̵_̵c̵o̵m̵m̵,̵ ̵mul_left_comm,
  ̲  ̲ ̲ ̲ ̲ ̲ ̲ ̲mul_assoc]

Note: This linter can be disabled with `set_option linter.unusedSimpArgs false`
warning: Goldbach/BG_Identity.lean:139:33: This simp argument is unused:
  mul_left_comm

Hint: Omit it from the simp argument list.
  simp [Finset.sum_insert, hk, ih, mul_add, add_comm, add_left_comm, add_assoc, mul_comm,
  ̲  ̲ ̲ ̲ ̲ ̲ ̲ ̲m̵u̵l̵_̵l̵e̵f̵t̵_̵c̵o̵m̵m̵,̵ ̵mul_assoc]

Note: This linter can be disabled with `set_option linter.unusedSimpArgs false`
warning: Goldbach/BG_Identity.lean:139:48: This simp argument is unused:
  mul_assoc

Hint: Omit it from the simp argument list.
  simp [Finset.sum_insert, hk, ih, mul_add, add_comm, add_left_comm, add_assoc, mul_comm,
  ̲  ̲ ̲ ̲ ̲ ̲ ̲ ̲m̵u̵l̵_̵l̵e̵f̵t̵_̵c̵o̵m̵m̵,̵ ̵m̵u̵l̵_̵a̵s̵s̵o̵c̵]̵m̲u̲l̲_̲l̲e̲f̲t̲_̲c̲o̲m̲m̲]̲

Note: This linter can be disabled with `set_option linter.unusedSimpArgs false`
error: Goldbach/BG_Identity.lean:192:6: Tactic `subst` failed: invalid equality proof, it is not of the form (x = t) or (t = x)
  Ucut = 0

case pos
m : ℕ
hm : m ≤ Ucut
hU : Ucut = 0
⊢ 0 ≤ 1 - ↑m / ↑Ucut
error: Goldbach/BG_Identity.lean:186:76: unsolved goals
m : ℕ
hm : m ≤ Ucut
hnonneg : 0 ≤ 1 - ↑m / ↑Ucut
hmax : max (1 - ↑m / ↑Ucut) 0 = 1 - ↑m / ↑Ucut
⊢ max (1 - ↑m / (↑H + ↑((H + 99) / 100))) 0 / (↑H + ↑((H + 99) / 100)) =
    (1 - ↑m / (↑H + ↑((H + 99) / 100))) / (↑H + ↑((H + 99) / 100))
warning: Goldbach/BG_Identity.lean:205:8: This simp argument is unused:
  hmax

Hint: Omit it from the simp argument list.
  simp ̵[̵h̵m̵a̵x̵]̵

Note: This linter can be disabled with `set_option linter.unusedSimpArgs false`
warning: Goldbach/BG_Identity.lean:231:10: This simp argument is unused:
  Finset.sum_insert

Hint: Omit it from the simp argument list.
  simp [̵F̵i̵n̵s̵e̵t̵.̵s̵u̵m̵_̵i̵n̵s̵e̵r̵t̵,̵ ̵h̵a̵,̵[̲h̲a̲,̲ ih, mul_add, add_comm, add_left_comm, add_assoc, mul_comm, mul_left_comm, mul_assoc]

Note: This linter can be disabled with `set_option linter.unusedSimpArgs false`
warning: Goldbach/BG_Identity.lean:231:33: This simp argument is unused:
  ih

Hint: Omit it from the simp argument list.
  simp [Finset.sum_insert, ha, i̵h̵,̵ ̵mul_add, add_comm, add_left_comm,
  ̵  ̵ ̵ ̵ ̵ ̵ ̵ ̵ ̵ ̵add_assoc, mul_comm,
  ̲  ̲ ̲ ̲ ̲ ̲mul_left_comm, mul_assoc]

Note: This linter can be disabled with `set_option linter.unusedSimpArgs false`
warning: Goldbach/BG_Identity.lean:231:56: This simp argument is unused:
  add_left_comm

Hint: Omit it from the simp argument list.
  simp [Finset.sum_insert, ha, ih, mul_add, add_comm, a̵d̵d̵_̵l̵e̵f̵t̵_̵c̵o̵m̵m̵,̵add_assoc, mul_comm, mul_left_comm,
  ̲  ̲ ̲ ̲ ̲ ̲mul_assoc]

Note: This linter can be disabled with `set_option linter.unusedSimpArgs false`
warning: Goldbach/BG_Identity.lean:232:10: This simp argument is unused:
  add_assoc

Hint: Omit it from the simp argument list.
  simp [Finset.sum_insert, ha, ih, mul_add, add_comm, add_left_comm, a̵d̵d̵_̵a̵s̵s̵o̵c̵,̵ ̵mul_comm, mul_left_comm,
  ̲  ̲ ̲ ̲ ̲ ̲mul_assoc]

Note: This linter can be disabled with `set_option linter.unusedSimpArgs false`
warning: Goldbach/BG_Identity.lean:232:31: This simp argument is unused:
  mul_left_comm

Hint: Omit it from the simp argument list.
  simp [Finset.sum_insert, ha, ih, mul_add, add_comm, add_left_comm, add_assoc, mul_comm,
  ̲  ̲ ̲ ̲ ̲ ̲m̵u̵l̵_̵l̵e̵f̵t̵_̵c̵o̵m̵m̵,̵ ̵mul_assoc]

Note: This linter can be disabled with `set_option linter.unusedSimpArgs false`
warning: Goldbach/BG_Identity.lean:232:46: This simp argument is unused:
  mul_assoc

Hint: Omit it from the simp argument list.
  simp [Finset.sum_insert, ha, ih, mul_add, add_comm, add_left_comm, add_assoc, mul_comm,
  ̲  ̲ ̲ ̲ ̲ ̲m̵u̵l̵_̵l̵e̵f̵t̵_̵c̵o̵m̵m̵,̵ ̵m̵u̵l̵_̵a̵s̵s̵o̵c̵]̵m̲u̲l̲_̲l̲e̲f̲t̲_̲c̲o̲m̲m̲]̲

Note: This linter can be disabled with `set_option linter.unusedSimpArgs false`
warning: Goldbach/BG_Identity.lean:328:6: declaration uses 'sorry'
warning: Goldbach/BG_Identity.lean:357:23: This simp argument is unused:
  Int.ofNat_sub hHN

Hint: Omit it from the simp argument list.
  simp only [̵I̵n̵t̵.̵o̵f̵N̵a̵t̵_̵s̵u̵b̵ ̵h̵H̵N̵]̵ ̵at hZint

Note: This linter can be disabled with `set_option linter.unusedSimpArgs false`
warning: Goldbach/BG_Identity.lean:422:4: try 'simp' instead of 'simpa'

Note: This linter can be disabled with `set_option linter.unnecessarySimpa false`
warning: Goldbach/BG_Identity.lean:445:25: try 'simp' instead of 'simpa'

Note: This linter can be disabled with `set_option linter.unnecessarySimpa false`
warning: Goldbach/BG_Identity.lean:488:6: declaration uses 'sorry'
warning: Goldbach/BG_Identity.lean:525:15: unused variable `hX`

Note: This linter can be disabled with `set_option linter.unusedVariables false`
warning: Goldbach/BG_Identity.lean:526:5: unused variable `hN`

Note: This linter can be disabled with `set_option linter.unusedVariables false`
warning: Goldbach/BG_Identity.lean:558:5: unused variable `hk`

Note: This linter can be disabled with `set_option linter.unusedVariables false`
warning: Goldbach/BG_Identity.lean:583:28: This simp argument is unused:
  hUpos.ne'

Hint: Omit it from the simp argument list.
  s̵i̵m̵p̵ ̵[̵K̵_̵f̵u̵l̵l̵,̵ ̵K̵_̵f̵u̵l̵l̵_̵r̵a̵w̵,̵ ̵h̵U̵p̵o̵s̵.̵n̵e̵'̵]̵ ̵a̵t̵ ̵*̵s̲i̲m̲p̲ ̲[̲K̲_̲f̲u̲l̲l̲,̲
  ̲ ̲ ̲ ̲ ̲K̲_̲f̲u̲l̲l̲_̲r̲a̲w̲]̲ ̲a̲t̲ ̲*̲
  ̲ ̲ ̲ ̲ ̲ ̲ ̲-̲-̲ ̲a̲f̲t̲e̲r̲ ̲s̲i̲m̲p̲,̲ ̲g̲o̲a̲l̲ ̲b̲e̲c̲o̲m̲e̲s̲ ̲`̲0̲ ̲<̲ ̲1̲ ̲/̲ ̲(̲U̲c̲u̲t̲:̲ℝ̲)̲`̲
  ̲ ̲ ̲ ̲ ̲ ̲ ̲

Note: This linter can be disabled with `set_option linter.unusedSimpArgs false`
warning: Goldbach/BG_Identity.lean:608:5: unused variable `h`

Note: This linter can be disabled with `set_option linter.unusedVariables false`
warning: Goldbach/BG_Identity.lean:615:5: unused variable `h`

Note: This linter can be disabled with `set_option linter.unusedVariables false`
warning: Goldbach/BG_Identity.lean:631:25: unused variable `X`

Note: This linter can be disabled with `set_option linter.unusedVariables false`
warning: Goldbach/BG_Identity.lean:631:27: unused variable `N`

Note: This linter can be disabled with `set_option linter.unusedVariables false`
warning: Goldbach/BG_Identity.lean:655:5: unused variable `h`

Note: This linter can be disabled with `set_option linter.unusedVariables false`
error: Goldbach/BG_Identity.lean:669:10: Unknown identifier `Kernel.conv_ref_const_eq_sigma_mass_of`
warning: Goldbach/BG_Identity.lean:684:8: try 'simp' instead of 'simpa'

Note: This linter can be disabled with `set_option linter.unnecessarySimpa false`
warning: Goldbach/BG_Identity.lean:712:34: unused variable `hk`

Note: This linter can be disabled with `set_option linter.unusedVariables false`
warning: Goldbach/BG_Identity.lean:716:35: unused variable `hk`

Note: This linter can be disabled with `set_option linter.unusedVariables false`
error: Goldbach/BG_Identity.lean:773:20: failed to synthesize
  HMul (ℕ → ℝ) ℝ ?m.11

Hint: Additional diagnostic information may be available using the `set_option diagnostics true` command.
error: Goldbach/BG_Identity.lean:781:20: typeclass instance problem is stuck
  HMul (ℕ → ℝ) ?m.14 ℝ

Note: Lean will not try to resolve this typeclass instance problem because the second type argument to `HMul` is a metavariable. This argument must be fully determined before Lean will try to resolve the typeclass.

Hint: Adding type annotations and supplying implicit arguments to functions can give Lean more information for typeclass resolution. For example, if you have a variable `x` that you intend to be a `Nat`, but Lean reports it as having an unresolved type like `?m`, replacing `x` with `(x : Nat)` can get typeclass resolution un-stuck.
error: Goldbach/BG_Identity.lean:791:60: unsolved goals
⊢ False
error: Goldbach/BG_Identity.lean:809:58: unsolved goals
⊢ -((↑H + 99) / 100) ≤ ↑H ∧ 0 ≤ ↑H + (↑H + 99) / 100
error: Goldbach/BG_Identity.lean:831:26: Unknown constant `Int.natAbs_eq_ofNat_abs`
error: Goldbach/BG_Identity.lean:837:12: linarith failed to find a contradiction
case h
h0 : 0 ∈ bandU
z : ℤ
hz : z ∈ bandU.erase 0
hzIcc : z ∈ Finset.Icc (-↑Ucut) ↑Ucut
hz0 : z ≠ 0
this : -↑Ucut ≤ z ∧ z ≤ ↑Ucut
hle : z ≤ ↑Ucut
hneg : -↑Ucut ≤ z
hz' : ↑z.natAbs = max (-z) z
a✝ : ↑Ucut < ↑z.natAbs
⊢ False
failed
error: Goldbach/BG_Identity.lean:845:59: mod_cast has type
  ?m.225 = ?m.225
but is expected to have type
  z.natAbs = 0
error: Goldbach/BG_Identity.lean:849:12: Type mismatch
  hzabs0
has type
  z.natAbs = 0
but is expected to have type
  z.natAbs ≠ 0
error: Goldbach/BG_Identity.lean:851:17: Invalid `⟨...⟩` notation: The expected type
  z.natAbs - 1 < Ucut ∧ z = Int.ofNat (z.natAbs - 1).succ ∨ z = -Int.ofNat (z.natAbs - 1).succ
has more than one constructor

Note: This notation can only be used when the expected type is an inductive type with a single constructor
error: Goldbach/BG_Identity.lean:852:10: No goals to be solved
error: Goldbach/BG_Identity.lean:865:69: Application type mismatch: The argument
  hkpos
has type
  k < Ucut
but is expected to have type
  k ∈ Finset.range Ucut
in the application
  And.intro hkpos
error: Goldbach/BG_Identity.lean:820:6: unsolved goals
case h.mp.inr
h0 : 0 ∈ bandU
z : ℤ
hz : z ∈ bandU.erase 0
hzIcc : z ∈ Finset.Icc (-↑Ucut) ↑Ucut
hz0 : z ≠ 0
hzAbs : z.natAbs ≤ Ucut
k : ℕ
h✝ : z = -Int.ofNat k.succ
⊢ z ∈
    Finset.map { toFun := fun k => ↑k.succ, inj' := ⋯ } (Finset.range Ucut) ∪
      Finset.map { toFun := fun k => -↑k.succ, inj' := ⋯ } (Finset.range Ucut)
error: Goldbach/BG_Identity.lean:866:54: unsolved goals
h0 : 0 ∈ bandU
z : ℤ
⊢ K_full_raw (H + (H + 99) / 100) 0 = (↑H + ↑((H + 99) / 100))⁻¹
error: Goldbach/BG_Identity.lean:879:34: maximum recursion depth has been reached
use `set_option maxRecDepth <num>` to increase limit
use `set_option diagnostics true` to get diagnostic information
error: Goldbach/BG_Identity.lean:880:28: Type mismatch
  hk
has type
  k ∈ Finset.map { toFun := fun k => ↑k.succ, inj' := ⋯ } (Finset.range Ucut)
but is expected to have type
  ∀ (a₂ : ℤ) (ha₂ : a₂ ∈ Finset.map { toFun := fun k => ↑k.succ, inj' := ⋯ } (Finset.range Ucut)),
    (fun k hk => k) k hk = (fun k hk => k) a₂ ha₂ → k = a₂
error: Goldbach/BG_Identity.lean:881:14: unsolved goals
case heq
h0 : 0 ∈ bandU
z : ℤ
h0val : K_full 0 = 1 / ↑Ucut
k : ℤ
hk : k ∈ Finset.map { toFun := fun k => -↑k.succ, inj' := ⋯ } (Finset.range Ucut)
⊢ ∃ a < H + (H + 99) / 100, ↑a + 1 = k
error: Goldbach/BG_Identity.lean:882:28: Type mismatch
  hk
has type
  k ∈ Finset.map { toFun := fun k => ↑k.succ, inj' := ⋯ } (Finset.range Ucut)
but is expected to have type
  K_full k = K_full ((fun k hk => k) k hk)
error: Goldbach/BG_Identity.lean:899:68: Type mismatch: After simplification, term
  hbEq
 has type
  -1 + -↑b' = ↑a' + 1
but is expected to have type
  ↑a' + 1 = -1 + -↑b'
error: Goldbach/BG_Identity.lean:900:16: linarith failed to find a contradiction
h0 : 0 ∈ bandU
z : ℤ
h0val : K_full 0 = 1 / ↑Ucut
hpair :
  ∑ k ∈ Finset.map { toFun := fun k => ↑k.succ, inj' := ⋯ } (Finset.range Ucut), K_full k =
    ∑ k ∈ Finset.map { toFun := fun k => -↑k.succ, inj' := ⋯ } (Finset.range Ucut), K_full k
a' : ℕ
ha' : a' ∈ Finset.range Ucut
ha :
  { toFun := fun k => ↑k.succ, inj' := ⋯ } a' ∈ Finset.map { toFun := fun k => ↑k.succ, inj' := ⋯ } (Finset.range Ucut)
hb :
  { toFun := fun k => ↑k.succ, inj' := ⋯ } a' ∈ Finset.map { toFun := fun k => -↑k.succ, inj' := ⋯ } (Finset.range Ucut)
b' : ℕ
hb' : b' ∈ Finset.range Ucut
hbEq : { toFun := fun k => -↑k.succ, inj' := ⋯ } b' = { toFun := fun k => ↑k.succ, inj' := ⋯ } a'
hbPos : ↑b'.succ ≠ 0
this : ↑a'.succ = -↑b'.succ
⊢ False
failed
error: Goldbach/BG_Identity.lean:917:92: Unknown identifier `hpos`
error: Goldbach/BG_Identity.lean:919:6: 'calc' expression has type
  ∑ k ∈ bandU, K_full k = K_full 0 + 2 * ∑ k ∈ Finset.range Ucut, K_full (Int.ofNat k.succ)
but is expected to have type
  z ∈
      Finset.map { toFun := fun k => ↑k.succ, inj' := ⋯ } (Finset.range Ucut) ∪
        Finset.map { toFun := fun k => -↑k.succ, inj' := ⋯ } (Finset.range Ucut) →
    z ∈ bandU.erase 0
error: Goldbach/BG_Identity.lean:806:93: unsolved goals
h0 : 0 ∈ bandU
hpos :
  bandU.erase 0 =
    Finset.map { toFun := fun k => ↑k.succ, inj' := ⋯ } (Finset.range Ucut) ∪
      Finset.map { toFun := fun k => -↑k.succ, inj' := ⋯ } (Finset.range Ucut)
⊢ ∑ k ∈ bandU, K_full k = K_full 0 + 2 * ∑ k ∈ Finset.range Ucut, K_full (Int.ofNat k.succ)
error: Goldbach/BG_Identity.lean:922:22: maximum recursion depth has been reached
use `set_option maxRecDepth <num>` to increase limit
use `set_option diagnostics true` to get diagnostic information
warning: Goldbach/BG_Identity.lean:924:10: try 'simp' instead of 'simpa'

Note: This linter can be disabled with `set_option linter.unnecessarySimpa false`
warning: Goldbach/BG_Identity.lean:943:22: `Finset.range_succ` has been deprecated: Use `Finset.range_add_one` instead
error: Goldbach/BG_Identity.lean:941:72: unsolved goals
hsplit : ∑ k ∈ bandU, K_full k = K_full 0 + 2 * ∑ k ∈ Finset.range Ucut, K_full (Int.ofNat k.succ)
hsum1 : ∑ k ∈ Finset.range Ucut, 1 = ↑Ucut
this : ∑ i ∈ Finset.range Ucut.succ, i = Ucut.succ * (Ucut.succ - 1) / 2
⊢ H + (H + 99) / 100 + ∑ x ∈ Finset.range (H + (H + 99) / 100), x =
    ∑ x ∈ Finset.range (H + (H + 99) / 100), x + (H + (H + 99) / 100)
error: Goldbach/BG_Identity.lean:945:10: Type mismatch: After simplification, term
  Finset.sum_range_id
 has type
  ∀ (n : ℕ), ∑ i ∈ Finset.range n, i = n * (n - 1) / 2
but is expected to have type
  ∑ i ∈ Finset.range (H + (H + 99) / 100 + 1), i = (H + (H + 99) / 100 + 1) * (H + (H + 99) / 100) / 2
error: Goldbach/BG_Identity.lean:946:8: linarith failed to find a contradiction
case h1.h
hsplit : ∑ k ∈ bandU, K_full k = K_full 0 + 2 * ∑ k ∈ Finset.range Ucut, K_full (Int.ofNat k.succ)
hsum1 : ∑ k ∈ Finset.range Ucut, 1 = ↑Ucut
this : ∑ i ∈ Finset.range Ucut.succ, i = Ucut.succ * (Ucut.succ - 1) / 2
hrewrite : ∑ i ∈ Finset.range Ucut.succ, i = ∑ k ∈ Finset.range Ucut, k.succ
hs : ∑ i ∈ Finset.range Ucut.succ, i = Ucut.succ * Ucut / 2
a✝ : ∑ k ∈ Finset.range Ucut, k.succ < Ucut * (Ucut + 1) / 2
⊢ False
failed
error: Goldbach/BG_Identity.lean:948:6: maximum recursion depth has been reached
use `set_option maxRecDepth <num>` to increase limit
use `set_option diagnostics true` to get diagnostic information
error: Goldbach/BG_Identity.lean:955:16: maximum recursion depth has been reached
use `set_option maxRecDepth <num>` to increase limit
use `set_option diagnostics true` to get diagnostic information
error: Goldbach/BG_Identity.lean:967:68: unsolved goals
hsplit : ∑ k ∈ bandU, K_full k = K_full 0 + 2 * ∑ k ∈ Finset.range Ucut, K_full (Int.ofNat k.succ)
hsum1 : ∑ k ∈ Finset.range Ucut, 1 = ↑Ucut
hsumk : ∑ k ∈ Finset.range Ucut, ↑k.succ = ↑Ucut * (↑Ucut + 1) / 2
hUpos : 0 < ↑Ucut
hUpos' : ↑Ucut ≠ 0
⊢ (↑H + ↑((H + 99) / 100) - ∑ x ∈ Finset.range (H + (H + 99) / 100), (↑x + 1) / (↑H + ↑((H + 99) / 100))) /
      (↑H + ↑((H + 99) / 100)) =
    (↑H + ↑((H + 99) / 100))⁻¹ *
      (↑H + ↑((H + 99) / 100) - ∑ x ∈ Finset.range (H + (H + 99) / 100), (↑x + 1) / (↑H + ↑((H + 99) / 100)))
info: Goldbach/BG_Identity.lean:973:8: Try this:
  [apply] ring_nf
  
  The `ring` tactic failed to close the goal. Use `ring_nf` to obtain a normal form.
    
  Note that `ring` works primarily in *commutative* rings. If you have a noncommutative ring, abelian group or module, consider using `noncomm_ring`, `abel` or `module` instead.
error: Goldbach/BG_Identity.lean:970:96: unsolved goals
hsplit : ∑ k ∈ bandU, K_full k = K_full 0 + 2 * ∑ k ∈ Finset.range Ucut, K_full (Int.ofNat k.succ)
hsum1 : ∑ k ∈ Finset.range Ucut, 1 = ↑Ucut
hsumk : ∑ k ∈ Finset.range Ucut, ↑k.succ = ↑Ucut * (↑Ucut + 1) / 2
hUpos : 0 < ↑Ucut
hUpos' : ↑Ucut ≠ 0
⊢ ↑Ucut * (↑Ucut)⁻¹ - (↑Ucut)⁻¹ * ∑ x ∈ Finset.range Ucut, (↑Ucut)⁻¹ * ↑x.succ =
    ↑Ucut * (↑Ucut)⁻¹ + ↑Ucut * (↑Ucut)⁻¹ ^ 2 * (-1 / 2) + ↑Ucut ^ 2 * (↑Ucut)⁻¹ ^ 2 * (-1 / 2)
info: Goldbach/BG_Identity.lean:975:33: Try this:
  [apply] ring_nf
  
  The `ring` tactic failed to close the goal. Use `ring_nf` to obtain a normal form.
    
  Note that `ring` works primarily in *commutative* rings. If you have a noncommutative ring, abelian group or module, consider using `noncomm_ring`, `abel` or `module` instead.
error: Goldbach/BG_Identity.lean:974:34: unsolved goals
hsplit : ∑ k ∈ bandU, K_full k = K_full 0 + 2 * ∑ k ∈ Finset.range Ucut, K_full (Int.ofNat k.succ)
hsum1 : ∑ k ∈ Finset.range Ucut, 1 = ↑Ucut
hsumk : ∑ k ∈ Finset.range Ucut, ↑k.succ = ↑Ucut * (↑Ucut + 1) / 2
hUpos : 0 < ↑Ucut
⊢ -1 + ↑Ucut = -↑Ucut + ↑Ucut ^ 2
error: Goldbach/BG_Identity.lean:984:58: unsolved goals
hsplit : ∑ k ∈ bandU, K_full k = K_full 0 + 2 * ∑ k ∈ Finset.range Ucut, K_full (Int.ofNat k.succ)
hpos_eval : ∑ k ∈ Finset.range Ucut, K_full (Int.ofNat k.succ) = (↑Ucut - 1) / 2
hUpos : ↑Ucut ≠ 0
this : ∑ k ∈ bandU, K_full k = K_full 0 + 2 * ∑ k ∈ Finset.range Ucut, K_full (Int.ofNat k.succ)
⊢ K_full_raw (H + (H + 99) / 100) 0 = (↑H + ↑((H + 99) / 100))⁻¹
info: Goldbach/BG_Identity.lean:993:6: Try this:
  [apply] ring_nf
  
  The `ring` tactic failed to close the goal. Use `ring_nf` to obtain a normal form.
    
  Note that `ring` works primarily in *commutative* rings. If you have a noncommutative ring, abelian group or module, consider using `noncomm_ring`, `abel` or `module` instead.
error: Goldbach/BG_Identity.lean:987:13: unsolved goals
hsplit : ∑ k ∈ bandU, K_full k = K_full 0 + 2 * ∑ k ∈ Finset.range Ucut, K_full (Int.ofNat k.succ)
hpos_eval : ∑ k ∈ Finset.range Ucut, K_full (Int.ofNat k.succ) = (↑Ucut - 1) / 2
hUpos hUpos' : ↑Ucut ≠ 0
hUpos'' : 0 < ↑Ucut
⊢ 1 - ↑Ucut + ↑Ucut ^ 2 = ↑Ucut
warning: Goldbach/BG_Identity.lean:810:14: This simp argument is unused:
  bandU

Hint: Omit it from the simp argument list.
  simp ̵[̵b̵a̵n̵d̵U̵]̵

Note: This linter can be disabled with `set_option linter.unusedSimpArgs false`
warning: Goldbach/BG_Identity.lean:969:14: This simp argument is unused:
  Finset.sum_mul

Hint: Omit it from the simp argument list.
  simp [F̵i̵n̵s̵e̵t̵.̵s̵u̵m̵_̵m̵u̵l̵,̵ ̵hUpos']

Note: This linter can be disabled with `set_option linter.unusedSimpArgs false`
warning: Goldbach/BG_Identity.lean:969:30: This simp argument is unused:
  hUpos'

Hint: Omit it from the simp argument list.
  simp [Finset.sum_mul,̵ ̵h̵U̵p̵o̵s̵'̵]

Note: This linter can be disabled with `set_option linter.unusedSimpArgs false`
warning: Goldbach/BG_Identity.lean:972:43: This simp argument is unused:
  Finset.sum_div

Hint: Omit it from the simp argument list.
  simp only [Finset.sum_sub_distrib, F̵i̵n̵s̵e̵t̵.̵s̵u̵m̵_̵d̵i̵v̵,̵ ̵hsum1, hsumk]

Note: This linter can be disabled with `set_option linter.unusedSimpArgs false`
warning: Goldbach/BG_Identity.lean:972:66: This simp argument is unused:
  hsumk

Hint: Omit it from the simp argument list.
  simp only [Finset.sum_sub_distrib, Finset.sum_div, hsum1,̵ ̵h̵s̵u̵m̵k̵]

Note: This linter can be disabled with `set_option linter.unusedSimpArgs false`
error: Goldbach/BG_Identity.lean:1008:27: Invalid argument name `bandU` for function `sum_bandU`
error: Goldbach/BG_Identity.lean:1031:30: unsolved goals
Kadm : BG.AdmissibleKernel Ucut
⊢ 0 ∈ BG_Bank.S_BG
warning: Goldbach/BG_Identity.lean:1048:5: unused variable `h`

Note: This linter can be disabled with `set_option linter.unusedVariables false`
error: Goldbach/BG_Identity.lean:1067:53: Type mismatch: After simplification, term
  hk
 has type
  k ∈ BG_Bank.S_BG
but is expected to have type
  -↑H ≤ k ∧ k ≤ ↑H
error: Goldbach/BG_Identity.lean:1072:6: Tactic `simp` failed with a nested error:
maximum recursion depth has been reached
use `set_option maxRecDepth <num>` to increase limit
use `set_option diagnostics true` to get diagnostic information
warning: Goldbach/BG_Identity.lean:1092:54: try 'simp' instead of 'simpa'

Note: This linter can be disabled with `set_option linter.unnecessarySimpa false`
error: Goldbach/BG_Identity.lean:1107:14: Type mismatch: After simplification, term
  Finset.mem_Icc.mpr hkIcc_pair
 has type
  -↑H ≤ k ∧ k ≤ ↑H
but is expected to have type
  k ∈ BG_Bank.S_BG
error: Goldbach/BG_Identity.lean:1109:53: Type mismatch: After simplification, term
  hk
 has type
  k ∈ BG_Bank.S_BG
but is expected to have type
  -↑H ≤ k ∧ k ≤ ↑H
warning: Goldbach/BG_Identity.lean:1112:6: try 'simp' instead of 'simpa'

Note: This linter can be disabled with `set_option linter.unnecessarySimpa false`
error: Goldbach/BG_Identity.lean:1147:55: linarith failed to find a contradiction
case h
hinner_eq : innerBand = Finset.Icc (-↑H) ↑H
z : ℤ
hz : z ∈ (Finset.Icc (-↑H) ↑H).erase 0
hzIcc : z ∈ Finset.Icc (-↑H) ↑H
hz0 : z ≠ 0
this : -↑H ≤ z ∧ z ≤ ↑H
hle : z ≤ ↑H
hneg : -↑H ≤ z
a✝ : ↑H < ↑z.natAbs
⊢ False
failed
error: Goldbach/BG_Identity.lean:1155:33: Function expected at
  Int.natAbs_eq_zero
but this term has type
  Int.natAbs ?m.243 = 0 ↔ ?m.243 = 0

Note: Expected a function because this term is being applied to the argument
  hzabs0
error: Goldbach/BG_Identity.lean:1158:17: Invalid `⟨...⟩` notation: The expected type
  z.natAbs - 1 < H ∧ z = Int.ofNat (z.natAbs - 1).succ ∨ z = -Int.ofNat (z.natAbs - 1).succ
has more than one constructor

Note: This notation can only be used when the expected type is an inductive type with a single constructor
error: Goldbach/BG_Identity.lean:1159:10: No goals to be solved
error: Goldbach/BG_Identity.lean:1137:6: unsolved goals
case h.mp.inl
hinner_eq : innerBand = Finset.Icc (-↑H) ↑H
k : ℕ
hkpos : k < H
hz : Int.ofNat k.succ ∈ (Finset.Icc (-↑H) ↑H).erase 0
hzIcc : Int.ofNat k.succ ∈ Finset.Icc (-↑H) ↑H
hz0 : Int.ofNat k.succ ≠ 0
hzAbs : (Int.ofNat k.succ).natAbs ≤ H
⊢ Int.ofNat k.succ ∈
    Finset.map { toFun := fun k => ↑k.succ, inj' := ⋯ } (Finset.range H) ∪
      Finset.map { toFun := fun k => -↑k.succ, inj' := ⋯ } (Finset.range H)

case h.mp.inr
hinner_eq : innerBand = Finset.Icc (-↑H) ↑H
z : ℤ
hz : z ∈ (Finset.Icc (-↑H) ↑H).erase 0
hzIcc : z ∈ Finset.Icc (-↑H) ↑H
hz0 : z ≠ 0
hzAbs : z.natAbs ≤ H
k : ℕ
h✝ : z = -Int.ofNat k.succ
⊢ z ∈
    Finset.map { toFun := fun k => ↑k.succ, inj' := ⋯ } (Finset.range H) ∪
      Finset.map { toFun := fun k => -↑k.succ, inj' := ⋯ } (Finset.range H)
error: Goldbach/BG_Identity.lean:1172:54: unsolved goals
hinner_eq : innerBand = Finset.Icc (-↑H) ↑H
z : ℤ
h0mem : 0 ∈ Finset.Icc (-↑H) ↑H
⊢ K_full_raw (H + (H + 99) / 100) 0 = (↑H + ↑((H + 99) / 100))⁻¹
error: Goldbach/BG_Identity.lean:1180:12: `inj` is not a field of structure `Function.Embedding`
error: Goldbach/BG_Identity.lean:1179:10: Fields missing: `inj'`

Hint: Add missing fields:
  
  ̲ ̲ ̲ ̲ ̲ ̲ ̲ ̲ ̲ ̲ ̲ ̲ ̲i̲n̲j̲'̲ ̲:̲=̲ ̲_̲
error: Goldbach/BG_Identity.lean:1186:12: `inj` is not a field of structure `Function.Embedding`
error: Goldbach/BG_Identity.lean:1185:10: Fields missing: `inj'`

Hint: Add missing fields:
  
  ̲ ̲ ̲ ̲ ̲ ̲ ̲ ̲ ̲ ̲ ̲ ̲ ̲i̲n̲j̲'̲ ̲:̲=̲ ̲_̲
error: Goldbach/BG_Identity.lean:1195:60: Type mismatch: After simplification, term
  hEq
 has type
  negEmb j = posEmb i
but is expected to have type
  ↑i + 1 = -1 + -↑j
error: Goldbach/BG_Identity.lean:1197:67: Type mismatch: After simplification, term
  this
 has type
  ↑i + 1 = -1 + -↑j
but is expected to have type
  ↑i + 1 + (↑j + 1) = 0
error: Goldbach/BG_Identity.lean:1198:62: mod_cast has type
  ?m.535
of sort `Type ?u.63673` but is expected to have type
  0 < i.succ + j.succ
of sort `Prop`
error: Goldbach/BG_Identity.lean:1198:78: Application type mismatch: The argument
  Nat.succ_pos j
has type
  0 < j.succ
of sort `Prop` but is expected to have type
  ?m.537
of sort `Type ?u.63674` in the application
  ?m.540 + ⋯
error: Goldbach/BG_Identity.lean:1199:33: Type mismatch: After simplification, term
  hpos
 has type
  0 < ↑i + 1 + (↑j + 1)
but is expected to have type
  False
error: Goldbach/BG_Identity.lean:1201:79: Unknown identifier `hband`
error: Goldbach/BG_Identity.lean:1206:85: Invalid argument name `emb` for function `Finset.sum_map`

Hint: Perhaps you meant one of the following parameter names:
  • `ι`: e̵m̵b̵ι̲
  • `κ`: e̵m̵b̵κ̲
  • `M`: e̵m̵b̵M̲
  • `e`: em̵b̵
error: Goldbach/BG_Identity.lean:1210:85: Invalid argument name `emb` for function `Finset.sum_map`

Hint: Perhaps you meant one of the following parameter names:
  • `ι`: e̵m̵b̵ι̲
  • `κ`: e̵m̵b̵κ̲
  • `M`: e̵m̵b̵M̲
  • `e`: em̵b̵
error: Goldbach/BG_Identity.lean:1214:10: maximum recursion depth has been reached
use `set_option maxRecDepth <num>` to increase limit
use `set_option diagnostics true` to get diagnostic information
warning: Goldbach/BG_Identity.lean:1218:16: try 'simp' instead of 'simpa'

Note: This linter can be disabled with `set_option linter.unnecessarySimpa false`
warning: Goldbach/BG_Identity.lean:1224:16: try 'simp' instead of 'simpa'

Note: This linter can be disabled with `set_option linter.unnecessarySimpa false`
error: Goldbach/BG_Identity.lean:1226:6: 'calc' expression has type
  ∑ k ∈ innerBand, K_full k = K_full 0 + 2 * ∑ k ∈ Finset.range H, K_full (Int.ofNat k.succ)
but is expected to have type
  z ∈
      Finset.map { toFun := fun k => ↑k.succ, inj' := ⋯ } (Finset.range H) ∪
        Finset.map { toFun := fun k => -↑k.succ, inj' := ⋯ } (Finset.range H) →
    z ∈ (Finset.Icc (-↑H) ↑H).erase 0
error: Goldbach/BG_Identity.lean:1130:137: unsolved goals
hinner_eq : innerBand = Finset.Icc (-↑H) ↑H
hband :
  (Finset.Icc (-↑H) ↑H).erase 0 =
    Finset.map { toFun := fun k => ↑k.succ, inj' := ⋯ } (Finset.range H) ∪
      Finset.map { toFun := fun k => -↑k.succ, inj' := ⋯ } (Finset.range H)
⊢ ∑ k ∈ innerBand, K_full k = K_full 0 + 2 * ∑ k ∈ Finset.range H, K_full (Int.ofNat k.succ)
warning: Goldbach/BG_Identity.lean:1235:10: try 'simp' instead of 'simpa'

Note: This linter can be disabled with `set_option linter.unnecessarySimpa false`
error: Goldbach/BG_Identity.lean:1242:8: Type mismatch: After simplification, term
  Finset.sum_range_id
 has type
  ∀ (n : ℕ), ∑ i ∈ Finset.range n, i = n * (n - 1) / 2
but is expected to have type
  ∑ i ∈ Finset.range (H + 1), i = (H + 1) * H / 2
warning: Goldbach/BG_Identity.lean:1248:16: `Finset.range_succ` has been deprecated: Use `Finset.range_add_one` instead
error: Goldbach/BG_Identity.lean:1246:67: unsolved goals
hinner_eq : innerBand = Finset.Icc (-↑H) ↑H
hsplit : ∑ k ∈ innerBand, K_full k = K_full 0 + 2 * ∑ k ∈ Finset.range H, K_full (Int.ofNat k.succ)
hsum1 : ∑ k ∈ Finset.range H, 1 = ↑H
this : ∑ i ∈ Finset.range H.succ, i = H.succ * H / 2
⊢ H + ∑ x ∈ Finset.range H, x = ∑ x ∈ Finset.range H, (x + 1)
error: Goldbach/BG_Identity.lean:1249:6: linarith failed to find a contradiction
case h1.h
hinner_eq : innerBand = Finset.Icc (-↑H) ↑H
hsplit✝ : ∑ k ∈ innerBand, K_full k = K_full 0 + 2 * ∑ k ∈ Finset.range H, K_full (Int.ofNat k.succ)
hsum1 : ∑ k ∈ Finset.range H, 1 = ↑H
this : ∑ i ∈ Finset.range H.succ, i = H.succ * H / 2
hsplit : ∑ i ∈ Finset.range H.succ, i = ∑ k ∈ Finset.range H, k.succ
a✝ : ∑ k ∈ Finset.range H, k.succ < H * (H + 1) / 2
⊢ False
failed
error: Goldbach/BG_Identity.lean:1250:4: maximum recursion depth has been reached
use `set_option maxRecDepth <num>` to increase limit
use `set_option diagnostics true` to get diagnostic information
error: Goldbach/BG_Identity.lean:1280:16: maximum recursion depth has been reached
use `set_option maxRecDepth <num>` to increase limit
use `set_option diagnostics true` to get diagnostic information
error: Goldbach/BG_Identity.lean:1292:87: unsolved goals
hinner_eq : innerBand = Finset.Icc (-↑H) ↑H
hsplit : ∑ k ∈ innerBand, K_full k = K_full 0 + 2 * ∑ k ∈ Finset.range H, K_full (Int.ofNat k.succ)
hsum1 : ∑ k ∈ Finset.range H, 1 = ↑H
hsumk : ∑ k ∈ Finset.range H, ↑k.succ = ↑H * (↑H + 1) / 2
hUpos : ↑Ucut ≠ 0
hHU : H ≤ Ucut
this : ∀ k ∈ Finset.range H, K_full (Int.ofNat k.succ) = (1 - ↑k.succ / ↑Ucut) / ↑Ucut
⊢ (∑ x ∈ Finset.range H, (↑x + 1)) * (↑H + ↑((H + 99) / 100))⁻¹ = (↑H + ↑((H + 99) / 100))⁻¹ * (↑H * (↑H + 1) * 2⁻¹) ∨
    ↑H + ↑((H + 99) / 100) = 0
error: Goldbach/BG_Identity.lean:1306:4: maximum recursion depth has been reached
use `set_option maxRecDepth <num>` to increase limit
use `set_option diagnostics true` to get diagnostic information
error: Goldbach/BG_Identity.lean:1315:2: maximum recursion depth has been reached
use `set_option maxRecDepth <num>` to increase limit
use `set_option diagnostics true` to get diagnostic information
warning: Goldbach/BG_Identity.lean:1279:64: This simp argument is unused:
  mul_left_comm

Hint: Omit it from the simp argument list.
  simp [div_eq_mul_inv, mul_comm, mul_l̵e̵f̵t̵_̵c̵o̵m̵m̵,̵ ̵m̵u̵l̵_̵assoc]

Note: This linter can be disabled with `set_option linter.unusedSimpArgs false`
warning: Goldbach/BG_Identity.lean:1279:79: This simp argument is unused:
  mul_assoc

Hint: Omit it from the simp argument list.
  simp [div_eq_mul_inv, mul_comm, mul_left_comm,̵ ̵m̵u̵l̵_̵a̵s̵s̵o̵c̵]

Note: This linter can be disabled with `set_option linter.unusedSimpArgs false`
warning: Goldbach/BG_Identity.lean:1294:22: This simp argument is unused:
  hsumk

Hint: Omit it from the simp argument list.
  simp [h̵s̵u̵m̵k̵,̵ ̵div_eq_mul_inv]

Note: This linter can be disabled with `set_option linter.unusedSimpArgs false`
warning: Goldbach/BG_Identity.lean:1317:6: declaration uses 'sorry'
error: Goldbach/BG_Identity.lean:1363:21: maximum recursion depth has been reached
use `set_option maxRecDepth <num>` to increase limit
use `set_option diagnostics true` to get diagnostic information
warning: Goldbach/BG_Identity.lean:1391:28: unused variable `X`

Note: This linter can be disabled with `set_option linter.unusedVariables false`
warning: Goldbach/BG_Identity.lean:1391:30: unused variable `N`

Note: This linter can be disabled with `set_option linter.unusedVariables false`
warning: Goldbach/BG_Identity.lean:1392:28: unused variable `X`

Note: This linter can be disabled with `set_option linter.unusedVariables false`
warning: Goldbach/BG_Identity.lean:1392:30: unused variable `N`

Note: This linter can be disabled with `set_option linter.unusedVariables false`
error: Goldbach/BG_Identity.lean:1418:21: maximum recursion depth has been reached
use `set_option maxRecDepth <num>` to increase limit
use `set_option diagnostics true` to get diagnostic information
error: Goldbach/BG_Identity.lean:1517:0: Unexpected name `BG_Identity` after `end`: The current section is unnamed

Hint: Delete the name `BG_Identity` to end the current unnamed scope; outer named scopes can then be closed using additional `end` command(s):
  end ̵B̵G̵_̵I̵d̵e̵n̵t̵i̵t̵y̵
error: Goldbach/BG_Identity.lean:1518:0: Unexpected name `Goldbach` after `end`: The current section is unnamed

Hint: Delete the name `Goldbach` to end the current unnamed scope; outer named scopes can then be closed using additional `end` command(s):
  end ̵G̵o̵l̵d̵b̵a̵c̵h̵
error: Lean exited with code 1
Some required targets logged failures:
- Goldbach.BG_Identity
error: build failed
⚠ [7587/7613] Replayed Goldbach.Compat
warning: Goldbach/Compat.lean:18:2: try 'simp' instead of 'simpa'

Note: This linter can be disabled with `set_option linter.unnecessarySimpa false`
warning: Goldbach/Compat.lean:24:40: unused variable `hb`

Note: This linter can be disabled with `set_option linter.unusedVariables false`
warning: Goldbach/Compat.lean:50:4: try 'simp' instead of 'simpa'

Note: This linter can be disabled with `set_option linter.unnecessarySimpa false`
⚠ [7590/7613] Replayed Goldbach.Windows
warning: Goldbach/Windows.lean:63:4: try 'simp' instead of 'simpa'

Note: This linter can be disabled with `set_option linter.unnecessarySimpa false`
warning: Goldbach/Windows.lean:68:2: try 'simp' instead of 'simpa'

Note: This linter can be disabled with `set_option linter.unnecessarySimpa false`
warning: Goldbach/Windows.lean:68:38: this tactic is never executed

Note: This linter can be disabled with `set_option linter.unreachableTactic false`
warning: Goldbach/Windows.lean:68:38: 'simpa using hmap' tactic does nothing

Note: This linter can be disabled with `set_option linter.unusedTactic false`
⚠ [7595/7613] Replayed Goldbach.AO_AssembleEnvelope
warning: Goldbach/AO_AssembleEnvelope.lean:67:20: try 'simp' instead of 'simpa'

Note: This linter can be disabled with `set_option linter.unnecessarySimpa false`
⚠ [7597/7613] Replayed Goldbach.AO_Major
warning: Goldbach/AO_Major.lean:21:13: unused variable `hX`

Note: This linter can be disabled with `set_option linter.unusedVariables false`
warning: Goldbach/AO_Major.lean:21:35: unused variable `hN`

Note: This linter can be disabled with `set_option linter.unusedVariables false`
warning: Goldbach/AO_Major.lean:25:24: This simp argument is unused:
  add_assoc

Hint: Omit it from the simp argument list.
  simp [Goldbach.AO_Major.errAO, Goldbach.AO_Major.weight_mass, Goldbach.AO_Core.errAO,
       ̵ ̵ ̵ ̵sub_eq_add_neg, add_a̵s̵s̵o̵c̵,̵ ̵a̵d̵d̵_̵left_comm, add_comm, mul_assoc]

Note: This linter can be disabled with `set_option linter.unusedSimpArgs false`
warning: Goldbach/AO_Major.lean:25:60: This simp argument is unused:
  mul_assoc

Hint: Omit it from the simp argument list.
  simp [Goldbach.AO_Major.errAO, Goldbach.AO_Major.weight_mass, Goldbach.AO_Core.errAO,
       ̵ ̵ ̵ ̵sub_eq_add_neg, add_assoc, add_left_comm, add_comm,̵ ̵m̵u̵l̵_̵a̵s̵s̵o̵c̵]

Note: This linter can be disabled with `set_option linter.unusedSimpArgs false`
warning: Goldbach/AO_Major.lean:46:5: unused variable `h`

Note: This linter can be disabled with `set_option linter.unusedVariables false`
warning: Goldbach/AO_Major.lean:58:24: This simp argument is unused:
  dif_pos

Hint: Omit it from the simp argument list.
  simp only [MPDF, win, d̵i̵f̵_̵p̵o̵s̵,̵ ̵mul_div_assoc']

Note: This linter can be disabled with `set_option linter.unusedSimpArgs false`
warning: Goldbach/AO_Major.lean:58:33: This simp argument is unused:
  mul_div_assoc'

Hint: Omit it from the simp argument list.
  simp only [MPDF, win, dif_pos,̵ ̵m̵u̵l̵_̵d̵i̵v̵_̵a̵s̵s̵o̵c̵'̵]

Note: This linter can be disabled with `set_option linter.unusedSimpArgs false`
warning: Goldbach/AO_Major.lean:81:69: try 'simp' instead of 'simpa'

Note: This linter can be disabled with `set_option linter.unnecessarySimpa false`
warning: Goldbach/AO_Major.lean:82:68: try 'simp' instead of 'simpa'

Note: This linter can be disabled with `set_option linter.unnecessarySimpa false`
warning: Goldbach/AO_Major.lean:83:68: try 'simp' instead of 'simpa'

Note: This linter can be disabled with `set_option linter.unnecessarySimpa false`
warning: Goldbach/AO_Major.lean:85:90: This simp argument is unused:
  add_assoc

Hint: Omit it from the simp argument list.
  simp [sub_eq_add_neg,̵ ̵a̵d̵d̵_̵a̵s̵s̵o̵c̵]

Note: This linter can be disabled with `set_option linter.unusedSimpArgs false`
warning: Goldbach/AO_Major.lean:101:24: This simp argument is unused:
  dif_pos

Hint: Omit it from the simp argument list.
  simp only [MPDF, win,̵ ̵d̵i̵f̵_̵p̵o̵s̵]

Note: This linter can be disabled with `set_option linter.unusedSimpArgs false`
⚠ [7599/7613] Replayed Goldbach.BG_Bank
warning: Goldbach/BG_Bank.lean:13:25: unused variable `n`

Note: This linter can be disabled with `set_option linter.unusedVariables false`
warning: Goldbach/BG_Bank.lean:75:4: try 'simp' instead of 'simpa'

Note: This linter can be disabled with `set_option linter.unnecessarySimpa false`
warning: Goldbach/BG_Bank.lean:75:25: this tactic is never executed

Note: This linter can be disabled with `set_option linter.unreachableTactic false`
warning: Goldbach/BG_Bank.lean:75:25: 'decide' tactic does nothing

Note: This linter can be disabled with `set_option linter.unusedTactic false`
warning: Goldbach/BG_Bank.lean:288:14: try 'simp' instead of 'simpa'

Note: This linter can be disabled with `set_option linter.unnecessarySimpa false`
warning: Goldbach/BG_Bank.lean:188:42: This simp argument is unused:
  Nat.cast_sub hn_le

Hint: Omit it from the simp argument list.
  simp only [Nat.cast_succ,̵ ̵N̵a̵t̵.̵c̵a̵s̵t̵_̵s̵u̵b̵ ̵h̵n̵_̵l̵e̵]

Note: This linter can be disabled with `set_option linter.unusedSimpArgs false`
warning: Goldbach/BG_Bank.lean:194:24: This simp argument is unused:
  abs_of_nonneg hlog_Nm_nn

Hint: Omit it from the simp argument list.
  simp [hp,̵ ̵a̵b̵s̵_̵o̵f̵_̵n̵o̵n̵n̵e̵g̵ ̵h̵l̵o̵g̵_̵N̵m̵_̵n̵n̵]

Note: This linter can be disabled with `set_option linter.unusedSimpArgs false`
warning: Goldbach/BG_Bank.lean:202:24: This simp argument is unused:
  abs_of_nonneg hlog_Np1_nn

Hint: Omit it from the simp argument list.
  simp [hp,̵ ̵a̵b̵s̵_̵o̵f̵_̵n̵o̵n̵n̵e̵g̵ ̵h̵l̵o̵g̵_̵N̵p̵1̵_̵n̵n̵]

Note: This linter can be disabled with `set_option linter.unusedSimpArgs false`
warning: Goldbach/BG_Bank.lean:218:46: This simp argument is unused:
  mul_comm

Hint: Omit it from the simp argument list.
  simp [abs_mul, mul_assoc, m̵u̵l̵_̵c̵o̵m̵m̵,̵ ̵mul_left_comm]

Note: This linter can be disabled with `set_option linter.unusedSimpArgs false`
warning: Goldbach/BG_Bank.lean:326:20: This simp argument is unused:
  hlogXabs

Hint: Omit it from the simp argument list.
  simp [h̵l̵o̵g̵X̵a̵b̵s̵,̵ ̵mul_comm, mul_left_comm, mul_assoc]

Note: This linter can be disabled with `set_option linter.unusedSimpArgs false`
warning: Goldbach/BG_Bank.lean:326:30: This simp argument is unused:
  mul_comm

Hint: Omit it from the simp argument list.
  simp [hlogXabs, m̵u̵l̵_̵c̵o̵m̵m̵,̵ ̵mul_left_comm, mul_assoc]

Note: This linter can be disabled with `set_option linter.unusedSimpArgs false`
warning: Goldbach/BG_Bank.lean:403:14: try 'simp' instead of 'simpa'

Note: This linter can be disabled with `set_option linter.unnecessarySimpa false`
warning: Goldbach/BG_Bank.lean:405:14: try 'simp' instead of 'simpa'

Note: This linter can be disabled with `set_option linter.unnecessarySimpa false`
warning: Goldbach/BG_Bank.lean:407:40: This simp argument is unused:
  add_comm

Hint: Omit it from the simp argument list.
  simp [div_self, hlogX_ne, add_c̵o̵m̵m̵,̵ ̵a̵d̵d̵_̵left_comm, add_assoc]

Note: This linter can be disabled with `set_option linter.unusedSimpArgs false`
warning: Goldbach/BG_Bank.lean:407:50: This simp argument is unused:
  add_left_comm

Hint: Omit it from the simp argument list.
  simp [div_self, hlogX_ne, add_comm, a̵d̵d̵_̵l̵e̵f̵t̵_̵c̵o̵m̵m̵,̵ ̵add_assoc]

Note: This linter can be disabled with `set_option linter.unusedSimpArgs false`
warning: Goldbach/BG_Bank.lean:407:65: This simp argument is unused:
  add_assoc

Hint: Omit it from the simp argument list.
  simp [div_self, hlogX_ne, add_comm, add_left_comm,̵ ̵a̵d̵d̵_̵a̵s̵s̵o̵c̵]

Note: This linter can be disabled with `set_option linter.unusedSimpArgs false`
warning: Goldbach/BG_Bank.lean:547:63: try 'simp' instead of 'simpa'

Note: This linter can be disabled with `set_option linter.unnecessarySimpa false`
warning: Goldbach/BG_Bank.lean:550:47: This simp argument is unused:
  add_comm

Hint: Omit it from the simp argument list.
  simp [add_div, div_self, hlogX_ne, add_c̵o̵m̵m̵,̵ ̵a̵d̵d̵_̵left_comm, add_assoc]

Note: This linter can be disabled with `set_option linter.unusedSimpArgs false`
warning: Goldbach/BG_Bank.lean:550:57: This simp argument is unused:
  add_left_comm

Hint: Omit it from the simp argument list.
  simp [add_div, div_self, hlogX_ne, add_comm, a̵d̵d̵_̵l̵e̵f̵t̵_̵c̵o̵m̵m̵,̵ ̵add_assoc]

Note: This linter can be disabled with `set_option linter.unusedSimpArgs false`
warning: Goldbach/BG_Bank.lean:550:72: This simp argument is unused:
  add_assoc

Hint: Omit it from the simp argument list.
  simp [add_div, div_self, hlogX_ne, add_comm, add_left_comm,̵ ̵a̵d̵d̵_̵a̵s̵s̵o̵c̵]

Note: This linter can be disabled with `set_option linter.unusedSimpArgs false`
warning: Goldbach/BG_Bank.lean:559:56: This simp argument is unused:
  add_left_comm

Hint: Omit it from the simp argument list.
  simp [c, Nat.cast_add, Nat.cast_one, add_assoc, a̵d̵d̵_̵l̵e̵f̵t̵_̵c̵o̵m̵m̵,̵ ̵add_comm, add_div, div_self hX0_ne]

Note: This linter can be disabled with `set_option linter.unusedSimpArgs false`
⚠ [7600/7613] Replayed Goldbach.BG_Operator
warning: Goldbach/BG_Operator.lean:31:2: try 'simp' instead of 'simpa'

Note: This linter can be disabled with `set_option linter.unnecessarySimpa false`
warning: Goldbach/BG_Operator.lean:98:2: try 'simp' instead of 'simpa'

Note: This linter can be disabled with `set_option linter.unnecessarySimpa false`
⚠ [7602/7613] Replayed Goldbach.SingularSeries
warning: Goldbach/SingularSeries.lean:40:5: unused variable `h`

Note: This linter can be disabled with `set_option linter.unusedVariables false`
warning: Goldbach/SingularSeries.lean:88:8: `Finset.eq_empty_iff_forall_not_mem` has been deprecated: Use `Finset.eq_empty_iff_forall_notMem` instead
warning: Goldbach/SingularSeries.lean:98:4: try 'simp' instead of 'simpa'

Note: This linter can be disabled with `set_option linter.unnecessarySimpa false`
warning: Goldbach/SingularSeries.lean:99:28: this tactic is never executed

Note: This linter can be disabled with `set_option linter.unreachableTactic false`
warning: Goldbach/SingularSeries.lean:99:57: this tactic is never executed

Note: This linter can be disabled with `set_option linter.unreachableTactic false`
warning: Goldbach/SingularSeries.lean:99:28: 'decide' tactic does nothing

Note: This linter can be disabled with `set_option linter.unusedTactic false`
warning: Goldbach/SingularSeries.lean:99:57: 'decide' tactic does nothing

Note: This linter can be disabled with `set_option linter.unusedTactic false`
⚠ [7604/7613] Replayed Goldbach.PPNumerics
warning: Goldbach/PPNumerics.lean:24:42: try 'simp' instead of 'simpa'

Note: This linter can be disabled with `set_option linter.unnecessarySimpa false`
warning: Goldbach/PPNumerics.lean:27:6: try 'simp' instead of 'simpa'

Note: This linter can be disabled with `set_option linter.unnecessarySimpa false`
⚠ [7605/7613] Replayed Goldbach.PPBoundSquares
warning: Goldbach/PPBoundSquares.lean:41:8: try 'simp' instead of 'simpa'

Note: This linter can be disabled with `set_option linter.unnecessarySimpa false`
warning: Goldbach/PPBoundSquares.lean:228:10: try 'simp' instead of 'simpa'

Note: This linter can be disabled with `set_option linter.unnecessarySimpa false`
⚠ [7607/7613] Replayed Goldbach.AnalyticGlobal
warning: Goldbach/AnalyticGlobal.lean:65:28: This simp argument is unused:
  one_div

Hint: Omit it from the simp argument list.
  simp [div_eq_mul_inv, o̵n̵e̵_̵d̵i̵v̵,̵ ̵mul_comm]

Note: This linter can be disabled with `set_option linter.unusedSimpArgs false`
warning: Goldbach/AnalyticGlobal.lean:68:30: This simp argument is unused:
  one_div

Hint: Omit it from the simp argument list.
  simp [div_eq_mul_inv, o̵n̵e̵_̵d̵i̵v̵,̵ ̵mul_comm]

Note: This linter can be disabled with `set_option linter.unusedSimpArgs false`
warning: Goldbach/AnalyticGlobal.lean:70:39: This simp argument is unused:
  mul_left_comm

Hint: Omit it from the simp argument list.
  simp [one_div, S_ne, mul_comm, mul_l̵e̵f̵t̵_̵c̵o̵m̵m̵,̵ ̵m̵u̵l̵_̵assoc]

Note: This linter can be disabled with `set_option linter.unusedSimpArgs false`
warning: Goldbach/AnalyticGlobal.lean:70:54: This simp argument is unused:
  mul_assoc

Hint: Omit it from the simp argument list.
  simp [one_div, S_ne, mul_comm, mul_left_comm,̵ ̵m̵u̵l̵_̵a̵s̵s̵o̵c̵]

Note: This linter can be disabled with `set_option linter.unusedSimpArgs false`
⚠ [7608/7613] Replayed Goldbach.BankPieces
warning: Goldbach/BankPieces.lean:15:63: `class ... :=` has been deprecated in favor of `class ... where`.

Note: This linter can be disabled with `set_option linter.deprecated false`
⚠ [7610/7613] Replayed Goldbach.Analytic.MajorBoundFromSigma
warning: Goldbach/Analytic/MajorBoundFromSigma.lean:21:75: `structure ... :=` has been deprecated in favor of `structure ... where`.

Note: This linter can be disabled with `set_option linter.deprecated false`
⚠ [7611/7613] Replayed Goldbach.Analytic.NumericSigma
warning: Goldbach/Analytic/NumericSigma.lean:23:32: unused variable `hX`

Note: This linter can be disabled with `set_option linter.unusedVariables false`
✖ [7613/7613] Building Goldbach.BG_Identity (24s)
trace: .> LEAN_PATH=/Users/benjaminnelson/Desktop/nerd shit/goldbach/builds/Goldbach/.lake/packages/Cli/.lake/build/lib/lean:/Users/benjaminnelson/Desktop/nerd shit/goldbach/builds/Goldbach/.lake/packages/batteries/.lake/build/lib/lean:/Users/benjaminnelson/Desktop/nerd shit/goldbach/builds/Goldbach/.lake/packages/Qq/.lake/build/lib/lean:/Users/benjaminnelson/Desktop/nerd shit/goldbach/builds/Goldbach/.lake/packages/aesop/.lake/build/lib/lean:/Users/benjaminnelson/Desktop/nerd shit/goldbach/builds/Goldbach/.lake/packages/proofwidgets/.lake/build/lib/lean:/Users/benjaminnelson/Desktop/nerd shit/goldbach/builds/Goldbach/.lake/packages/importGraph/.lake/build/lib/lean:/Users/benjaminnelson/Desktop/nerd shit/goldbach/builds/Goldbach/.lake/packages/LeanSearchClient/.lake/build/lib/lean:/Users/benjaminnelson/Desktop/nerd shit/goldbach/builds/Goldbach/.lake/packages/plausible/.lake/build/lib/lean:/Users/benjaminnelson/Desktop/nerd shit/goldbach/builds/Goldbach/.lake/packages/mathlib/.lake/build/lib/lean:/Users/benjaminnelson/Desktop/nerd shit/goldbach/builds/Goldbach/.lake/build/lib/lean /Users/benjaminnelson/.elan/toolchains/leanprover--lean4---v4.26.0-rc2/bin/lean /Users/benjaminnelson/Desktop/nerd shit/goldbach/builds/Goldbach/Goldbach/BG_Identity.lean -o /Users/benjaminnelson/Desktop/nerd shit/goldbach/builds/Goldbach/.lake/build/lib/lean/Goldbach/BG_Identity.olean -i /Users/benjaminnelson/Desktop/nerd shit/goldbach/builds/Goldbach/.lake/build/lib/lean/Goldbach/BG_Identity.ilean -c /Users/benjaminnelson/Desktop/nerd shit/goldbach/builds/Goldbach/.lake/build/ir/Goldbach/BG_Identity.c --setup /Users/benjaminnelson/Desktop/nerd shit/goldbach/builds/Goldbach/.lake/build/ir/Goldbach/BG_Identity.setup.json --json
warning: Goldbach/BG_Identity.lean:138:48: This simp argument is unused:
  add_comm

Hint: Omit it from the simp argument list.
  simp [Finset.sum_insert, hk, ih, mul_add, a̵d̵d̵_̵c̵o̵m̵m̵,̵ ̵add_left_comm, add_assoc, mul_comm, mul_left_comm,
  ̲  ̲ ̲ ̲ ̲ ̲ ̲ ̲mul_assoc]

Note: This linter can be disabled with `set_option linter.unusedSimpArgs false`
warning: Goldbach/BG_Identity.lean:138:58: This simp argument is unused:
  add_left_comm

Hint: Omit it from the simp argument list.
  simp [Finset.sum_insert, hk, ih, mul_add, add_comm, a̵d̵d̵_̵l̵e̵f̵t̵_̵c̵o̵m̵m̵,̵add_assoc, mul_comm, mul_left_comm,
  ̲  ̲ ̲ ̲ ̲ ̲ ̲ ̲mul_assoc]

Note: This linter can be disabled with `set_option linter.unusedSimpArgs false`
warning: Goldbach/BG_Identity.lean:139:12: This simp argument is unused:
  add_assoc

Hint: Omit it from the simp argument list.
  simp [Finset.sum_insert, hk, ih, mul_add, add_comm, add_left_comm, a̵d̵d̵_̵a̵s̵s̵o̵c̵,̵ ̵mul_comm, mul_left_comm,
  ̲  ̲ ̲ ̲ ̲ ̲ ̲ ̲mul_assoc]

Note: This linter can be disabled with `set_option linter.unusedSimpArgs false`
warning: Goldbach/BG_Identity.lean:139:23: This simp argument is unused:
  mul_comm

Hint: Omit it from the simp argument list.
  simp [Finset.sum_insert, hk, ih, mul_add, add_comm, add_left_comm, add_assoc, m̵u̵l̵_̵c̵o̵m̵m̵,̵ ̵mul_left_comm,
  ̲  ̲ ̲ ̲ ̲ ̲ ̲ ̲mul_assoc]

Note: This linter can be disabled with `set_option linter.unusedSimpArgs false`
warning: Goldbach/BG_Identity.lean:139:33: This simp argument is unused:
  mul_left_comm

Hint: Omit it from the simp argument list.
  simp [Finset.sum_insert, hk, ih, mul_add, add_comm, add_left_comm, add_assoc, mul_comm,
  ̲  ̲ ̲ ̲ ̲ ̲ ̲ ̲m̵u̵l̵_̵l̵e̵f̵t̵_̵c̵o̵m̵m̵,̵ ̵mul_assoc]

Note: This linter can be disabled with `set_option linter.unusedSimpArgs false`
warning: Goldbach/BG_Identity.lean:139:48: This simp argument is unused:
  mul_assoc

Hint: Omit it from the simp argument list.
  simp [Finset.sum_insert, hk, ih, mul_add, add_comm, add_left_comm, add_assoc, mul_comm,
  ̲  ̲ ̲ ̲ ̲ ̲ ̲ ̲m̵u̵l̵_̵l̵e̵f̵t̵_̵c̵o̵m̵m̵,̵ ̵m̵u̵l̵_̵a̵s̵s̵o̵c̵]̵m̲u̲l̲_̲l̲e̲f̲t̲_̲c̲o̲m̲m̲]̲

Note: This linter can be disabled with `set_option linter.unusedSimpArgs false`
error: Goldbach/BG_Identity.lean:192:6: Tactic `subst` failed: invalid equality proof, it is not of the form (x = t) or (t = x)
  Ucut = 0

case pos
m : ℕ
hm : m ≤ Ucut
hU : Ucut = 0
⊢ 0 ≤ 1 - ↑m / ↑Ucut
error: Goldbach/BG_Identity.lean:186:76: unsolved goals
m : ℕ
hm : m ≤ Ucut
hnonneg : 0 ≤ 1 - ↑m / ↑Ucut
hmax : max (1 - ↑m / ↑Ucut) 0 = 1 - ↑m / ↑Ucut
⊢ max (1 - ↑m / (↑H + ↑((H + 99) / 100))) 0 / (↑H + ↑((H + 99) / 100)) =
    (1 - ↑m / (↑H + ↑((H + 99) / 100))) / (↑H + ↑((H + 99) / 100))
warning: Goldbach/BG_Identity.lean:205:8: This simp argument is unused:
  hmax

Hint: Omit it from the simp argument list.
  simp ̵[̵h̵m̵a̵x̵]̵

Note: This linter can be disabled with `set_option linter.unusedSimpArgs false`
warning: Goldbach/BG_Identity.lean:231:10: This simp argument is unused:
  Finset.sum_insert

Hint: Omit it from the simp argument list.
  simp [̵F̵i̵n̵s̵e̵t̵.̵s̵u̵m̵_̵i̵n̵s̵e̵r̵t̵,̵ ̵h̵a̵,̵[̲h̲a̲,̲ ih, mul_add, add_comm, add_left_comm, add_assoc, mul_comm, mul_left_comm, mul_assoc]

Note: This linter can be disabled with `set_option linter.unusedSimpArgs false`
warning: Goldbach/BG_Identity.lean:231:33: This simp argument is unused:
  ih

Hint: Omit it from the simp argument list.
  simp [Finset.sum_insert, ha, i̵h̵,̵ ̵mul_add, add_comm, add_left_comm,
  ̵  ̵ ̵ ̵ ̵ ̵ ̵ ̵ ̵ ̵add_assoc, mul_comm,
  ̲  ̲ ̲ ̲ ̲ ̲mul_left_comm, mul_assoc]

Note: This linter can be disabled with `set_option linter.unusedSimpArgs false`
warning: Goldbach/BG_Identity.lean:231:56: This simp argument is unused:
  add_left_comm

Hint: Omit it from the simp argument list.
  simp [Finset.sum_insert, ha, ih, mul_add, add_comm, a̵d̵d̵_̵l̵e̵f̵t̵_̵c̵o̵m̵m̵,̵add_assoc, mul_comm, mul_left_comm,
  ̲  ̲ ̲ ̲ ̲ ̲mul_assoc]

Note: This linter can be disabled with `set_option linter.unusedSimpArgs false`
warning: Goldbach/BG_Identity.lean:232:10: This simp argument is unused:
  add_assoc

Hint: Omit it from the simp argument list.
  simp [Finset.sum_insert, ha, ih, mul_add, add_comm, add_left_comm, a̵d̵d̵_̵a̵s̵s̵o̵c̵,̵ ̵mul_comm, mul_left_comm,
  ̲  ̲ ̲ ̲ ̲ ̲mul_assoc]

Note: This linter can be disabled with `set_option linter.unusedSimpArgs false`
warning: Goldbach/BG_Identity.lean:232:31: This simp argument is unused:
  mul_left_comm

Hint: Omit it from the simp argument list.
  simp [Finset.sum_insert, ha, ih, mul_add, add_comm, add_left_comm, add_assoc, mul_comm,
  ̲  ̲ ̲ ̲ ̲ ̲m̵u̵l̵_̵l̵e̵f̵t̵_̵c̵o̵m̵m̵,̵ ̵mul_assoc]

Note: This linter can be disabled with `set_option linter.unusedSimpArgs false`
warning: Goldbach/BG_Identity.lean:232:46: This simp argument is unused:
  mul_assoc

Hint: Omit it from the simp argument list.
  simp [Finset.sum_insert, ha, ih, mul_add, add_comm, add_left_comm, add_assoc, mul_comm,
  ̲  ̲ ̲ ̲ ̲ ̲m̵u̵l̵_̵l̵e̵f̵t̵_̵c̵o̵m̵m̵,̵ ̵m̵u̵l̵_̵a̵s̵s̵o̵c̵]̵m̲u̲l̲_̲l̲e̲f̲t̲_̲c̲o̲m̲m̲]̲

Note: This linter can be disabled with `set_option linter.unusedSimpArgs false`
warning: Goldbach/BG_Identity.lean:328:6: declaration uses 'sorry'
warning: Goldbach/BG_Identity.lean:357:23: This simp argument is unused:
  Int.ofNat_sub hHN

Hint: Omit it from the simp argument list.
  simp only [̵I̵n̵t̵.̵o̵f̵N̵a̵t̵_̵s̵u̵b̵ ̵h̵H̵N̵]̵ ̵at hZint

Note: This linter can be disabled with `set_option linter.unusedSimpArgs false`
warning: Goldbach/BG_Identity.lean:422:4: try 'simp' instead of 'simpa'

Note: This linter can be disabled with `set_option linter.unnecessarySimpa false`
warning: Goldbach/BG_Identity.lean:445:25: try 'simp' instead of 'simpa'

Note: This linter can be disabled with `set_option linter.unnecessarySimpa false`
warning: Goldbach/BG_Identity.lean:488:6: declaration uses 'sorry'
warning: Goldbach/BG_Identity.lean:525:15: unused variable `hX`

Note: This linter can be disabled with `set_option linter.unusedVariables false`
warning: Goldbach/BG_Identity.lean:526:5: unused variable `hN`

Note: This linter can be disabled with `set_option linter.unusedVariables false`
warning: Goldbach/BG_Identity.lean:558:5: unused variable `hk`

Note: This linter can be disabled with `set_option linter.unusedVariables false`
warning: Goldbach/BG_Identity.lean:583:28: This simp argument is unused:
  hUpos.ne'

Hint: Omit it from the simp argument list.
  s̵i̵m̵p̵ ̵[̵K̵_̵f̵u̵l̵l̵,̵ ̵K̵_̵f̵u̵l̵l̵_̵r̵a̵w̵,̵ ̵h̵U̵p̵o̵s̵.̵n̵e̵'̵]̵ ̵a̵t̵ ̵*̵s̲i̲m̲p̲ ̲[̲K̲_̲f̲u̲l̲l̲,̲
  ̲ ̲ ̲ ̲ ̲K̲_̲f̲u̲l̲l̲_̲r̲a̲w̲]̲ ̲a̲t̲ ̲*̲
  ̲ ̲ ̲ ̲ ̲ ̲ ̲-̲-̲ ̲a̲f̲t̲e̲r̲ ̲s̲i̲m̲p̲,̲ ̲g̲o̲a̲l̲ ̲b̲e̲c̲o̲m̲e̲s̲ ̲`̲0̲ ̲<̲ ̲1̲ ̲/̲ ̲(̲U̲c̲u̲t̲:̲ℝ̲)̲`̲
  ̲ ̲ ̲ ̲ ̲ ̲ ̲

Note: This linter can be disabled with `set_option linter.unusedSimpArgs false`
warning: Goldbach/BG_Identity.lean:608:5: unused variable `h`

Note: This linter can be disabled with `set_option linter.unusedVariables false`
warning: Goldbach/BG_Identity.lean:615:5: unused variable `h`

Note: This linter can be disabled with `set_option linter.unusedVariables false`
warning: Goldbach/BG_Identity.lean:631:25: unused variable `X`

Note: This linter can be disabled with `set_option linter.unusedVariables false`
warning: Goldbach/BG_Identity.lean:631:27: unused variable `N`

Note: This linter can be disabled with `set_option linter.unusedVariables false`
warning: Goldbach/BG_Identity.lean:655:5: unused variable `h`

Note: This linter can be disabled with `set_option linter.unusedVariables false`
error: Goldbach/BG_Identity.lean:669:10: Unknown identifier `Kernel.conv_ref_const_eq_sigma_mass_of`
warning: Goldbach/BG_Identity.lean:684:8: try 'simp' instead of 'simpa'

Note: This linter can be disabled with `set_option linter.unnecessarySimpa false`
warning: Goldbach/BG_Identity.lean:712:34: unused variable `hk`

Note: This linter can be disabled with `set_option linter.unusedVariables false`
warning: Goldbach/BG_Identity.lean:716:35: unused variable `hk`

Note: This linter can be disabled with `set_option linter.unusedVariables false`
error: Goldbach/BG_Identity.lean:773:20: failed to synthesize
  HMul (ℕ → ℝ) ℝ ?m.11

Hint: Additional diagnostic information may be available using the `set_option diagnostics true` command.
error: Goldbach/BG_Identity.lean:781:20: typeclass instance problem is stuck
  HMul (ℕ → ℝ) ?m.14 ℝ

Note: Lean will not try to resolve this typeclass instance problem because the second type argument to `HMul` is a metavariable. This argument must be fully determined before Lean will try to resolve the typeclass.

Hint: Adding type annotations and supplying implicit arguments to functions can give Lean more information for typeclass resolution. For example, if you have a variable `x` that you intend to be a `Nat`, but Lean reports it as having an unresolved type like `?m`, replacing `x` with `(x : Nat)` can get typeclass resolution un-stuck.
error: Goldbach/BG_Identity.lean:791:60: unsolved goals
⊢ False
error: Goldbach/BG_Identity.lean:809:58: unsolved goals
⊢ -((↑H + 99) / 100) ≤ ↑H ∧ 0 ≤ ↑H + (↑H + 99) / 100
error: Goldbach/BG_Identity.lean:831:26: Unknown constant `Int.natAbs_eq_ofNat_abs`
error: Goldbach/BG_Identity.lean:837:12: linarith failed to find a contradiction
case h
h0 : 0 ∈ bandU
z : ℤ
hz : z ∈ bandU.erase 0
hzIcc : z ∈ Finset.Icc (-↑Ucut) ↑Ucut
hz0 : z ≠ 0
this : -↑Ucut ≤ z ∧ z ≤ ↑Ucut
hle : z ≤ ↑Ucut
hneg : -↑Ucut ≤ z
hz' : ↑z.natAbs = max (-z) z
a✝ : ↑Ucut < ↑z.natAbs
⊢ False
failed
error: Goldbach/BG_Identity.lean:845:59: mod_cast has type
  ?m.225 = ?m.225
but is expected to have type
  z.natAbs = 0
error: Goldbach/BG_Identity.lean:849:12: Type mismatch
  hzabs0
has type
  z.natAbs = 0
but is expected to have type
  z.natAbs ≠ 0
error: Goldbach/BG_Identity.lean:851:17: Invalid `⟨...⟩` notation: The expected type
  z.natAbs - 1 < Ucut ∧ z = Int.ofNat (z.natAbs - 1).succ ∨ z = -Int.ofNat (z.natAbs - 1).succ
has more than one constructor

Note: This notation can only be used when the expected type is an inductive type with a single constructor
error: Goldbach/BG_Identity.lean:852:10: No goals to be solved
error: Goldbach/BG_Identity.lean:865:69: Application type mismatch: The argument
  hkpos
has type
  k < Ucut
but is expected to have type
  k ∈ Finset.range Ucut
in the application
  And.intro hkpos
error: Goldbach/BG_Identity.lean:820:6: unsolved goals
case h.mp.inr
h0 : 0 ∈ bandU
z : ℤ
hz : z ∈ bandU.erase 0
hzIcc : z ∈ Finset.Icc (-↑Ucut) ↑Ucut
hz0 : z ≠ 0
hzAbs : z.natAbs ≤ Ucut
k : ℕ
h✝ : z = -Int.ofNat k.succ
⊢ z ∈
    Finset.map { toFun := fun k => ↑k.succ, inj' := ⋯ } (Finset.range Ucut) ∪
      Finset.map { toFun := fun k => -↑k.succ, inj' := ⋯ } (Finset.range Ucut)
error: Goldbach/BG_Identity.lean:866:54: unsolved goals
h0 : 0 ∈ bandU
z : ℤ
⊢ K_full_raw (H + (H + 99) / 100) 0 = (↑H + ↑((H + 99) / 100))⁻¹
error: Goldbach/BG_Identity.lean:879:34: maximum recursion depth has been reached
use `set_option maxRecDepth <num>` to increase limit
use `set_option diagnostics true` to get diagnostic information
error: Goldbach/BG_Identity.lean:880:28: Type mismatch
  hk
has type
  k ∈ Finset.map { toFun := fun k => ↑k.succ, inj' := ⋯ } (Finset.range Ucut)
but is expected to have type
  ∀ (a₂ : ℤ) (ha₂ : a₂ ∈ Finset.map { toFun := fun k => ↑k.succ, inj' := ⋯ } (Finset.range Ucut)),
    (fun k hk => k) k hk = (fun k hk => k) a₂ ha₂ → k = a₂
error: Goldbach/BG_Identity.lean:881:14: unsolved goals
case heq
h0 : 0 ∈ bandU
z : ℤ
h0val : K_full 0 = 1 / ↑Ucut
k : ℤ
hk : k ∈ Finset.map { toFun := fun k => -↑k.succ, inj' := ⋯ } (Finset.range Ucut)
⊢ ∃ a < H + (H + 99) / 100, ↑a + 1 = k
error: Goldbach/BG_Identity.lean:882:28: Type mismatch
  hk
has type
  k ∈ Finset.map { toFun := fun k => ↑k.succ, inj' := ⋯ } (Finset.range Ucut)
but is expected to have type
  K_full k = K_full ((fun k hk => k) k hk)
error: Goldbach/BG_Identity.lean:899:68: Type mismatch: After simplification, term
  hbEq
 has type
  -1 + -↑b' = ↑a' + 1
but is expected to have type
  ↑a' + 1 = -1 + -↑b'
error: Goldbach/BG_Identity.lean:900:16: linarith failed to find a contradiction
h0 : 0 ∈ bandU
z : ℤ
h0val : K_full 0 = 1 / ↑Ucut
hpair :
  ∑ k ∈ Finset.map { toFun := fun k => ↑k.succ, inj' := ⋯ } (Finset.range Ucut), K_full k =
    ∑ k ∈ Finset.map { toFun := fun k => -↑k.succ, inj' := ⋯ } (Finset.range Ucut), K_full k
a' : ℕ
ha' : a' ∈ Finset.range Ucut
ha :
  { toFun := fun k => ↑k.succ, inj' := ⋯ } a' ∈ Finset.map { toFun := fun k => ↑k.succ, inj' := ⋯ } (Finset.range Ucut)
hb :
  { toFun := fun k => ↑k.succ, inj' := ⋯ } a' ∈ Finset.map { toFun := fun k => -↑k.succ, inj' := ⋯ } (Finset.range Ucut)
b' : ℕ
hb' : b' ∈ Finset.range Ucut
hbEq : { toFun := fun k => -↑k.succ, inj' := ⋯ } b' = { toFun := fun k => ↑k.succ, inj' := ⋯ } a'
hbPos : ↑b'.succ ≠ 0
this : ↑a'.succ = -↑b'.succ
⊢ False
failed
error: Goldbach/BG_Identity.lean:917:92: Unknown identifier `hpos`
error: Goldbach/BG_Identity.lean:919:6: 'calc' expression has type
  ∑ k ∈ bandU, K_full k = K_full 0 + 2 * ∑ k ∈ Finset.range Ucut, K_full (Int.ofNat k.succ)
but is expected to have type
  z ∈
      Finset.map { toFun := fun k => ↑k.succ, inj' := ⋯ } (Finset.range Ucut) ∪
        Finset.map { toFun := fun k => -↑k.succ, inj' := ⋯ } (Finset.range Ucut) →
    z ∈ bandU.erase 0
error: Goldbach/BG_Identity.lean:806:93: unsolved goals
h0 : 0 ∈ bandU
hpos :
  bandU.erase 0 =
    Finset.map { toFun := fun k => ↑k.succ, inj' := ⋯ } (Finset.range Ucut) ∪
      Finset.map { toFun := fun k => -↑k.succ, inj' := ⋯ } (Finset.range Ucut)
⊢ ∑ k ∈ bandU, K_full k = K_full 0 + 2 * ∑ k ∈ Finset.range Ucut, K_full (Int.ofNat k.succ)
error: Goldbach/BG_Identity.lean:922:22: maximum recursion depth has been reached
use `set_option maxRecDepth <num>` to increase limit
use `set_option diagnostics true` to get diagnostic information
warning: Goldbach/BG_Identity.lean:924:10: try 'simp' instead of 'simpa'

Note: This linter can be disabled with `set_option linter.unnecessarySimpa false`
warning: Goldbach/BG_Identity.lean:943:22: `Finset.range_succ` has been deprecated: Use `Finset.range_add_one` instead
error: Goldbach/BG_Identity.lean:941:72: unsolved goals
hsplit : ∑ k ∈ bandU, K_full k = K_full 0 + 2 * ∑ k ∈ Finset.range Ucut, K_full (Int.ofNat k.succ)
hsum1 : ∑ k ∈ Finset.range Ucut, 1 = ↑Ucut
this : ∑ i ∈ Finset.range Ucut.succ, i = Ucut.succ * (Ucut.succ - 1) / 2
⊢ H + (H + 99) / 100 + ∑ x ∈ Finset.range (H + (H + 99) / 100), x =
    ∑ x ∈ Finset.range (H + (H + 99) / 100), x + (H + (H + 99) / 100)
error: Goldbach/BG_Identity.lean:945:10: Type mismatch: After simplification, term
  Finset.sum_range_id
 has type
  ∀ (n : ℕ), ∑ i ∈ Finset.range n, i = n * (n - 1) / 2
but is expected to have type
  ∑ i ∈ Finset.range (H + (H + 99) / 100 + 1), i = (H + (H + 99) / 100 + 1) * (H + (H + 99) / 100) / 2
error: Goldbach/BG_Identity.lean:946:8: linarith failed to find a contradiction
case h1.h
hsplit : ∑ k ∈ bandU, K_full k = K_full 0 + 2 * ∑ k ∈ Finset.range Ucut, K_full (Int.ofNat k.succ)
hsum1 : ∑ k ∈ Finset.range Ucut, 1 = ↑Ucut
this : ∑ i ∈ Finset.range Ucut.succ, i = Ucut.succ * (Ucut.succ - 1) / 2
hrewrite : ∑ i ∈ Finset.range Ucut.succ, i = ∑ k ∈ Finset.range Ucut, k.succ
hs : ∑ i ∈ Finset.range Ucut.succ, i = Ucut.succ * Ucut / 2
a✝ : ∑ k ∈ Finset.range Ucut, k.succ < Ucut * (Ucut + 1) / 2
⊢ False
failed
error: Goldbach/BG_Identity.lean:948:6: maximum recursion depth has been reached
use `set_option maxRecDepth <num>` to increase limit
use `set_option diagnostics true` to get diagnostic information
error: Goldbach/BG_Identity.lean:955:16: maximum recursion depth has been reached
use `set_option maxRecDepth <num>` to increase limit
use `set_option diagnostics true` to get diagnostic information
error: Goldbach/BG_Identity.lean:967:68: unsolved goals
hsplit : ∑ k ∈ bandU, K_full k = K_full 0 + 2 * ∑ k ∈ Finset.range Ucut, K_full (Int.ofNat k.succ)
hsum1 : ∑ k ∈ Finset.range Ucut, 1 = ↑Ucut
hsumk : ∑ k ∈ Finset.range Ucut, ↑k.succ = ↑Ucut * (↑Ucut + 1) / 2
hUpos : 0 < ↑Ucut
hUpos' : ↑Ucut ≠ 0
⊢ (↑H + ↑((H + 99) / 100) - ∑ x ∈ Finset.range (H + (H + 99) / 100), (↑x + 1) / (↑H + ↑((H + 99) / 100))) /
      (↑H + ↑((H + 99) / 100)) =
    (↑H + ↑((H + 99) / 100))⁻¹ *
      (↑H + ↑((H + 99) / 100) - ∑ x ∈ Finset.range (H + (H + 99) / 100), (↑x + 1) / (↑H + ↑((H + 99) / 100)))
info: Goldbach/BG_Identity.lean:973:8: Try this:
  [apply] ring_nf
  
  The `ring` tactic failed to close the goal. Use `ring_nf` to obtain a normal form.
    
  Note that `ring` works primarily in *commutative* rings. If you have a noncommutative ring, abelian group or module, consider using `noncomm_ring`, `abel` or `module` instead.
error: Goldbach/BG_Identity.lean:970:96: unsolved goals
hsplit : ∑ k ∈ bandU, K_full k = K_full 0 + 2 * ∑ k ∈ Finset.range Ucut, K_full (Int.ofNat k.succ)
hsum1 : ∑ k ∈ Finset.range Ucut, 1 = ↑Ucut
hsumk : ∑ k ∈ Finset.range Ucut, ↑k.succ = ↑Ucut * (↑Ucut + 1) / 2
hUpos : 0 < ↑Ucut
hUpos' : ↑Ucut ≠ 0
⊢ ↑Ucut * (↑Ucut)⁻¹ - (↑Ucut)⁻¹ * ∑ x ∈ Finset.range Ucut, (↑Ucut)⁻¹ * ↑x.succ =
    ↑Ucut * (↑Ucut)⁻¹ + ↑Ucut * (↑Ucut)⁻¹ ^ 2 * (-1 / 2) + ↑Ucut ^ 2 * (↑Ucut)⁻¹ ^ 2 * (-1 / 2)
info: Goldbach/BG_Identity.lean:975:33: Try this:
  [apply] ring_nf
  
  The `ring` tactic failed to close the goal. Use `ring_nf` to obtain a normal form.
    
  Note that `ring` works primarily in *commutative* rings. If you have a noncommutative ring, abelian group or module, consider using `noncomm_ring`, `abel` or `module` instead.
error: Goldbach/BG_Identity.lean:974:34: unsolved goals
hsplit : ∑ k ∈ bandU, K_full k = K_full 0 + 2 * ∑ k ∈ Finset.range Ucut, K_full (Int.ofNat k.succ)
hsum1 : ∑ k ∈ Finset.range Ucut, 1 = ↑Ucut
hsumk : ∑ k ∈ Finset.range Ucut, ↑k.succ = ↑Ucut * (↑Ucut + 1) / 2
hUpos : 0 < ↑Ucut
⊢ -1 + ↑Ucut = -↑Ucut + ↑Ucut ^ 2
error: Goldbach/BG_Identity.lean:984:58: unsolved goals
hsplit : ∑ k ∈ bandU, K_full k = K_full 0 + 2 * ∑ k ∈ Finset.range Ucut, K_full (Int.ofNat k.succ)
hpos_eval : ∑ k ∈ Finset.range Ucut, K_full (Int.ofNat k.succ) = (↑Ucut - 1) / 2
hUpos : ↑Ucut ≠ 0
this : ∑ k ∈ bandU, K_full k = K_full 0 + 2 * ∑ k ∈ Finset.range Ucut, K_full (Int.ofNat k.succ)
⊢ K_full_raw (H + (H + 99) / 100) 0 = (↑H + ↑((H + 99) / 100))⁻¹
info: Goldbach/BG_Identity.lean:993:6: Try this:
  [apply] ring_nf
  
  The `ring` tactic failed to close the goal. Use `ring_nf` to obtain a normal form.
    
  Note that `ring` works primarily in *commutative* rings. If you have a noncommutative ring, abelian group or module, consider using `noncomm_ring`, `abel` or `module` instead.
error: Goldbach/BG_Identity.lean:987:13: unsolved goals
hsplit : ∑ k ∈ bandU, K_full k = K_full 0 + 2 * ∑ k ∈ Finset.range Ucut, K_full (Int.ofNat k.succ)
hpos_eval : ∑ k ∈ Finset.range Ucut, K_full (Int.ofNat k.succ) = (↑Ucut - 1) / 2
hUpos hUpos' : ↑Ucut ≠ 0
hUpos'' : 0 < ↑Ucut
⊢ 1 - ↑Ucut + ↑Ucut ^ 2 = ↑Ucut
warning: Goldbach/BG_Identity.lean:810:14: This simp argument is unused:
  bandU

Hint: Omit it from the simp argument list.
  simp ̵[̵b̵a̵n̵d̵U̵]̵

Note: This linter can be disabled with `set_option linter.unusedSimpArgs false`
warning: Goldbach/BG_Identity.lean:969:14: This simp argument is unused:
  Finset.sum_mul

Hint: Omit it from the simp argument list.
  simp [F̵i̵n̵s̵e̵t̵.̵s̵u̵m̵_̵m̵u̵l̵,̵ ̵hUpos']

Note: This linter can be disabled with `set_option linter.unusedSimpArgs false`
warning: Goldbach/BG_Identity.lean:969:30: This simp argument is unused:
  hUpos'

Hint: Omit it from the simp argument list.
  simp [Finset.sum_mul,̵ ̵h̵U̵p̵o̵s̵'̵]

Note: This linter can be disabled with `set_option linter.unusedSimpArgs false`
warning: Goldbach/BG_Identity.lean:972:43: This simp argument is unused:
  Finset.sum_div

Hint: Omit it from the simp argument list.
  simp only [Finset.sum_sub_distrib, F̵i̵n̵s̵e̵t̵.̵s̵u̵m̵_̵d̵i̵v̵,̵ ̵hsum1, hsumk]

Note: This linter can be disabled with `set_option linter.unusedSimpArgs false`
warning: Goldbach/BG_Identity.lean:972:66: This simp argument is unused:
  hsumk

Hint: Omit it from the simp argument list.
  simp only [Finset.sum_sub_distrib, Finset.sum_div, hsum1,̵ ̵h̵s̵u̵m̵k̵]

Note: This linter can be disabled with `set_option linter.unusedSimpArgs false`
error: Goldbach/BG_Identity.lean:1008:27: Invalid argument name `bandU` for function `sum_bandU`
error: Goldbach/BG_Identity.lean:1031:30: unsolved goals
Kadm : BG.AdmissibleKernel Ucut
⊢ 0 ∈ BG_Bank.S_BG
warning: Goldbach/BG_Identity.lean:1048:5: unused variable `h`

Note: This linter can be disabled with `set_option linter.unusedVariables false`
error: Goldbach/BG_Identity.lean:1067:53: Type mismatch: After simplification, term
  hk
 has type
  k ∈ BG_Bank.S_BG
but is expected to have type
  -↑H ≤ k ∧ k ≤ ↑H
error: Goldbach/BG_Identity.lean:1072:6: Tactic `simp` failed with a nested error:
maximum recursion depth has been reached
use `set_option maxRecDepth <num>` to increase limit
use `set_option diagnostics true` to get diagnostic information
warning: Goldbach/BG_Identity.lean:1092:54: try 'simp' instead of 'simpa'

Note: This linter can be disabled with `set_option linter.unnecessarySimpa false`
error: Goldbach/BG_Identity.lean:1107:14: Type mismatch: After simplification, term
  Finset.mem_Icc.mpr hkIcc_pair
 has type
  -↑H ≤ k ∧ k ≤ ↑H
but is expected to have type
  k ∈ BG_Bank.S_BG
error: Goldbach/BG_Identity.lean:1109:53: Type mismatch: After simplification, term
  hk
 has type
  k ∈ BG_Bank.S_BG
but is expected to have type
  -↑H ≤ k ∧ k ≤ ↑H
warning: Goldbach/BG_Identity.lean:1112:6: try 'simp' instead of 'simpa'

Note: This linter can be disabled with `set_option linter.unnecessarySimpa false`
error: Goldbach/BG_Identity.lean:1147:55: linarith failed to find a contradiction
case h
hinner_eq : innerBand = Finset.Icc (-↑H) ↑H
z : ℤ
hz : z ∈ (Finset.Icc (-↑H) ↑H).erase 0
hzIcc : z ∈ Finset.Icc (-↑H) ↑H
hz0 : z ≠ 0
this : -↑H ≤ z ∧ z ≤ ↑H
hle : z ≤ ↑H
hneg : -↑H ≤ z
a✝ : ↑H < ↑z.natAbs
⊢ False
failed
error: Goldbach/BG_Identity.lean:1155:33: Function expected at
  Int.natAbs_eq_zero
but this term has type
  Int.natAbs ?m.243 = 0 ↔ ?m.243 = 0

Note: Expected a function because this term is being applied to the argument
  hzabs0
error: Goldbach/BG_Identity.lean:1158:17: Invalid `⟨...⟩` notation: The expected type
  z.natAbs - 1 < H ∧ z = Int.ofNat (z.natAbs - 1).succ ∨ z = -Int.ofNat (z.natAbs - 1).succ
has more than one constructor

Note: This notation can only be used when the expected type is an inductive type with a single constructor
error: Goldbach/BG_Identity.lean:1159:10: No goals to be solved
error: Goldbach/BG_Identity.lean:1137:6: unsolved goals
case h.mp.inl
hinner_eq : innerBand = Finset.Icc (-↑H) ↑H
k : ℕ
hkpos : k < H
hz : Int.ofNat k.succ ∈ (Finset.Icc (-↑H) ↑H).erase 0
hzIcc : Int.ofNat k.succ ∈ Finset.Icc (-↑H) ↑H
hz0 : Int.ofNat k.succ ≠ 0
hzAbs : (Int.ofNat k.succ).natAbs ≤ H
⊢ Int.ofNat k.succ ∈
    Finset.map { toFun := fun k => ↑k.succ, inj' := ⋯ } (Finset.range H) ∪
      Finset.map { toFun := fun k => -↑k.succ, inj' := ⋯ } (Finset.range H)

case h.mp.inr
hinner_eq : innerBand = Finset.Icc (-↑H) ↑H
z : ℤ
hz : z ∈ (Finset.Icc (-↑H) ↑H).erase 0
hzIcc : z ∈ Finset.Icc (-↑H) ↑H
hz0 : z ≠ 0
hzAbs : z.natAbs ≤ H
k : ℕ
h✝ : z = -Int.ofNat k.succ
⊢ z ∈
    Finset.map { toFun := fun k => ↑k.succ, inj' := ⋯ } (Finset.range H) ∪
      Finset.map { toFun := fun k => -↑k.succ, inj' := ⋯ } (Finset.range H)
error: Goldbach/BG_Identity.lean:1172:54: unsolved goals
hinner_eq : innerBand = Finset.Icc (-↑H) ↑H
z : ℤ
h0mem : 0 ∈ Finset.Icc (-↑H) ↑H
⊢ K_full_raw (H + (H + 99) / 100) 0 = (↑H + ↑((H + 99) / 100))⁻¹
error: Goldbach/BG_Identity.lean:1180:12: `inj` is not a field of structure `Function.Embedding`
error: Goldbach/BG_Identity.lean:1179:10: Fields missing: `inj'`

Hint: Add missing fields:
  
  ̲ ̲ ̲ ̲ ̲ ̲ ̲ ̲ ̲ ̲ ̲ ̲ ̲i̲n̲j̲'̲ ̲:̲=̲ ̲_̲
error: Goldbach/BG_Identity.lean:1186:12: `inj` is not a field of structure `Function.Embedding`
error: Goldbach/BG_Identity.lean:1185:10: Fields missing: `inj'`

Hint: Add missing fields:
  
  ̲ ̲ ̲ ̲ ̲ ̲ ̲ ̲ ̲ ̲ ̲ ̲ ̲i̲n̲j̲'̲ ̲:̲=̲ ̲_̲
error: Goldbach/BG_Identity.lean:1195:60: Type mismatch: After simplification, term
  hEq
 has type
  negEmb j = posEmb i
but is expected to have type
  ↑i + 1 = -1 + -↑j
error: Goldbach/BG_Identity.lean:1197:67: Type mismatch: After simplification, term
  this
 has type
  ↑i + 1 = -1 + -↑j
but is expected to have type
  ↑i + 1 + (↑j + 1) = 0
error: Goldbach/BG_Identity.lean:1198:62: mod_cast has type
  ?m.535
of sort `Type ?u.63673` but is expected to have type
  0 < i.succ + j.succ
of sort `Prop`
error: Goldbach/BG_Identity.lean:1198:78: Application type mismatch: The argument
  Nat.succ_pos j
has type
  0 < j.succ
of sort `Prop` but is expected to have type
  ?m.537
of sort `Type ?u.63674` in the application
  ?m.540 + ⋯
error: Goldbach/BG_Identity.lean:1199:33: Type mismatch: After simplification, term
  hpos
 has type
  0 < ↑i + 1 + (↑j + 1)
but is expected to have type
  False
error: Goldbach/BG_Identity.lean:1201:79: Unknown identifier `hband`
error: Goldbach/BG_Identity.lean:1206:85: Invalid argument name `emb` for function `Finset.sum_map`

Hint: Perhaps you meant one of the following parameter names:
  • `ι`: e̵m̵b̵ι̲
  • `κ`: e̵m̵b̵κ̲
  • `M`: e̵m̵b̵M̲
  • `e`: em̵b̵
error: Goldbach/BG_Identity.lean:1210:85: Invalid argument name `emb` for function `Finset.sum_map`

Hint: Perhaps you meant one of the following parameter names:
  • `ι`: e̵m̵b̵ι̲
  • `κ`: e̵m̵b̵κ̲
  • `M`: e̵m̵b̵M̲
  • `e`: em̵b̵
error: Goldbach/BG_Identity.lean:1214:10: maximum recursion depth has been reached
use `set_option maxRecDepth <num>` to increase limit
use `set_option diagnostics true` to get diagnostic information
warning: Goldbach/BG_Identity.lean:1218:16: try 'simp' instead of 'simpa'

Note: This linter can be disabled with `set_option linter.unnecessarySimpa false`
warning: Goldbach/BG_Identity.lean:1224:16: try 'simp' instead of 'simpa'

Note: This linter can be disabled with `set_option linter.unnecessarySimpa false`
error: Goldbach/BG_Identity.lean:1226:6: 'calc' expression has type
  ∑ k ∈ innerBand, K_full k = K_full 0 + 2 * ∑ k ∈ Finset.range H, K_full (Int.ofNat k.succ)
but is expected to have type
  z ∈
      Finset.map { toFun := fun k => ↑k.succ, inj' := ⋯ } (Finset.range H) ∪
        Finset.map { toFun := fun k => -↑k.succ, inj' := ⋯ } (Finset.range H) →
    z ∈ (Finset.Icc (-↑H) ↑H).erase 0
error: Goldbach/BG_Identity.lean:1130:137: unsolved goals
hinner_eq : innerBand = Finset.Icc (-↑H) ↑H
hband :
  (Finset.Icc (-↑H) ↑H).erase 0 =
    Finset.map { toFun := fun k => ↑k.succ, inj' := ⋯ } (Finset.range H) ∪
      Finset.map { toFun := fun k => -↑k.succ, inj' := ⋯ } (Finset.range H)
⊢ ∑ k ∈ innerBand, K_full k = K_full 0 + 2 * ∑ k ∈ Finset.range H, K_full (Int.ofNat k.succ)
warning: Goldbach/BG_Identity.lean:1235:10: try 'simp' instead of 'simpa'

Note: This linter can be disabled with `set_option linter.unnecessarySimpa false`
warning: Goldbach/BG_Identity.lean:1253:8: try 'simp' instead of 'simpa'

Note: This linter can be disabled with `set_option linter.unnecessarySimpa false`
warning: Goldbach/BG_Identity.lean:1266:34: try 'simp' instead of 'simpa'

Note: This linter can be disabled with `set_option linter.unnecessarySimpa false`
error: Goldbach/BG_Identity.lean:1268:4: maximum recursion depth has been reached
use `set_option maxRecDepth <num>` to increase limit
use `set_option diagnostics true` to get diagnostic information
error: Goldbach/BG_Identity.lean:1298:16: maximum recursion depth has been reached
use `set_option maxRecDepth <num>` to increase limit
use `set_option diagnostics true` to get diagnostic information
error: Goldbach/BG_Identity.lean:1310:87: unsolved goals
hinner_eq : innerBand = Finset.Icc (-↑H) ↑H
hsplit : ∑ k ∈ innerBand, K_full k = K_full 0 + 2 * ∑ k ∈ Finset.range H, K_full (Int.ofNat k.succ)
hsum1 : ∑ k ∈ Finset.range H, 1 = ↑H
hsumk : ∑ k ∈ Finset.range H, ↑k.succ = ↑H * (↑H + 1) / 2
hUpos : ↑Ucut ≠ 0
hHU : H ≤ Ucut
this : ∀ k ∈ Finset.range H, K_full (Int.ofNat k.succ) = (1 - ↑k.succ / ↑Ucut) / ↑Ucut
⊢ (∑ x ∈ Finset.range H, (↑x + 1)) * (↑H + ↑((H + 99) / 100))⁻¹ = (↑H + ↑((H + 99) / 100))⁻¹ * (↑H * (↑H + 1) * 2⁻¹) ∨
    ↑H + ↑((H + 99) / 100) = 0
error: Goldbach/BG_Identity.lean:1324:4: maximum recursion depth has been reached
use `set_option maxRecDepth <num>` to increase limit
use `set_option diagnostics true` to get diagnostic information
error: Goldbach/BG_Identity.lean:1333:2: maximum recursion depth has been reached
use `set_option maxRecDepth <num>` to increase limit
use `set_option diagnostics true` to get diagnostic information
warning: Goldbach/BG_Identity.lean:1247:24: This simp argument is unused:
  add_left_comm

Hint: Omit it from the simp argument list.
  simp [Nat.succ_eq_add_one, Finset.sum_add_distrib, Finset.sum_const, Finset.card_range,
             ̵ ̵ ̵ ̵add_comm, add_l̵e̵f̵t̵_̵c̵o̵m̵m̵,̵ ̵ad̵d̵_̵a̵ssoc]

Note: This linter can be disabled with `set_option linter.unusedSimpArgs false`
warning: Goldbach/BG_Identity.lean:1247:39: This simp argument is unused:
  add_assoc

Hint: Omit it from the simp argument list.
  simp [Nat.succ_eq_add_one, Finset.sum_add_distrib, Finset.sum_const, Finset.card_range,
             ̵ ̵ ̵ ̵add_comm, add_left_comm,̵ ̵a̵d̵d̵_̵a̵s̵s̵o̵c̵]

Note: This linter can be disabled with `set_option linter.unusedSimpArgs false`
warning: Goldbach/BG_Identity.lean:1297:64: This simp argument is unused:
  mul_left_comm

Hint: Omit it from the simp argument list.
  simp [div_eq_mul_inv, mul_comm, mul_l̵e̵f̵t̵_̵c̵o̵m̵m̵,̵ ̵m̵u̵l̵_̵assoc]

Note: This linter can be disabled with `set_option linter.unusedSimpArgs false`
warning: Goldbach/BG_Identity.lean:1297:79: This simp argument is unused:
  mul_assoc

Hint: Omit it from the simp argument list.
  simp [div_eq_mul_inv, mul_comm, mul_left_comm,̵ ̵m̵u̵l̵_̵a̵s̵s̵o̵c̵]

Note: This linter can be disabled with `set_option linter.unusedSimpArgs false`
warning: Goldbach/BG_Identity.lean:1312:22: This simp argument is unused:
  hsumk

Hint: Omit it from the simp argument list.
  simp [h̵s̵u̵m̵k̵,̵ ̵div_eq_mul_inv]

Note: This linter can be disabled with `set_option linter.unusedSimpArgs false`
warning: Goldbach/BG_Identity.lean:1335:6: declaration uses 'sorry'
error: Goldbach/BG_Identity.lean:1381:21: maximum recursion depth has been reached
use `set_option maxRecDepth <num>` to increase limit
use `set_option diagnostics true` to get diagnostic information
warning: Goldbach/BG_Identity.lean:1409:28: unused variable `X`

Note: This linter can be disabled with `set_option linter.unusedVariables false`
warning: Goldbach/BG_Identity.lean:1409:30: unused variable `N`

Note: This linter can be disabled with `set_option linter.unusedVariables false`
warning: Goldbach/BG_Identity.lean:1410:28: unused variable `X`

Note: This linter can be disabled with `set_option linter.unusedVariables false`
warning: Goldbach/BG_Identity.lean:1410:30: unused variable `N`

Note: This linter can be disabled with `set_option linter.unusedVariables false`
error: Goldbach/BG_Identity.lean:1436:21: maximum recursion depth has been reached
use `set_option maxRecDepth <num>` to increase limit
use `set_option diagnostics true` to get diagnostic information
error: Goldbach/BG_Identity.lean:1535:0: Unexpected name `BG_Identity` after `end`: The current section is unnamed

Hint: Delete the name `BG_Identity` to end the current unnamed scope; outer named scopes can then be closed using additional `end` command(s):
  end ̵B̵G̵_̵I̵d̵e̵n̵t̵i̵t̵y̵
error: Goldbach/BG_Identity.lean:1536:0: Unexpected name `Goldbach` after `end`: The current section is unnamed

Hint: Delete the name `Goldbach` to end the current unnamed scope; outer named scopes can then be closed using additional `end` command(s):
  end ̵G̵o̵l̵d̵b̵a̵c̵h̵
error: Lean exited with code 1
Some required targets logged failures:
- Goldbach.BG_Identity
error: build failed
⚠ [7587/7613] Replayed Goldbach.Compat
warning: Goldbach/Compat.lean:18:2: try 'simp' instead of 'simpa'

Note: This linter can be disabled with `set_option linter.unnecessarySimpa false`
warning: Goldbach/Compat.lean:24:40: unused variable `hb`

Note: This linter can be disabled with `set_option linter.unusedVariables false`
warning: Goldbach/Compat.lean:50:4: try 'simp' instead of 'simpa'

Note: This linter can be disabled with `set_option linter.unnecessarySimpa false`
⚠ [7590/7613] Replayed Goldbach.Windows
warning: Goldbach/Windows.lean:63:4: try 'simp' instead of 'simpa'

Note: This linter can be disabled with `set_option linter.unnecessarySimpa false`
warning: Goldbach/Windows.lean:68:2: try 'simp' instead of 'simpa'

Note: This linter can be disabled with `set_option linter.unnecessarySimpa false`
warning: Goldbach/Windows.lean:68:38: this tactic is never executed

Note: This linter can be disabled with `set_option linter.unreachableTactic false`
warning: Goldbach/Windows.lean:68:38: 'simpa using hmap' tactic does nothing

Note: This linter can be disabled with `set_option linter.unusedTactic false`
⚠ [7595/7613] Replayed Goldbach.AO_AssembleEnvelope
warning: Goldbach/AO_AssembleEnvelope.lean:67:20: try 'simp' instead of 'simpa'

Note: This linter can be disabled with `set_option linter.unnecessarySimpa false`
⚠ [7597/7613] Replayed Goldbach.AO_Major
warning: Goldbach/AO_Major.lean:21:13: unused variable `hX`

Note: This linter can be disabled with `set_option linter.unusedVariables false`
warning: Goldbach/AO_Major.lean:21:35: unused variable `hN`

Note: This linter can be disabled with `set_option linter.unusedVariables false`
warning: Goldbach/AO_Major.lean:25:24: This simp argument is unused:
  add_assoc

Hint: Omit it from the simp argument list.
  simp [Goldbach.AO_Major.errAO, Goldbach.AO_Major.weight_mass, Goldbach.AO_Core.errAO,
       ̵ ̵ ̵ ̵sub_eq_add_neg, add_a̵s̵s̵o̵c̵,̵ ̵a̵d̵d̵_̵left_comm, add_comm, mul_assoc]

Note: This linter can be disabled with `set_option linter.unusedSimpArgs false`
warning: Goldbach/AO_Major.lean:25:60: This simp argument is unused:
  mul_assoc

Hint: Omit it from the simp argument list.
  simp [Goldbach.AO_Major.errAO, Goldbach.AO_Major.weight_mass, Goldbach.AO_Core.errAO,
       ̵ ̵ ̵ ̵sub_eq_add_neg, add_assoc, add_left_comm, add_comm,̵ ̵m̵u̵l̵_̵a̵s̵s̵o̵c̵]

Note: This linter can be disabled with `set_option linter.unusedSimpArgs false`
warning: Goldbach/AO_Major.lean:46:5: unused variable `h`

Note: This linter can be disabled with `set_option linter.unusedVariables false`
warning: Goldbach/AO_Major.lean:58:24: This simp argument is unused:
  dif_pos

Hint: Omit it from the simp argument list.
  simp only [MPDF, win, d̵i̵f̵_̵p̵o̵s̵,̵ ̵mul_div_assoc']

Note: This linter can be disabled with `set_option linter.unusedSimpArgs false`
warning: Goldbach/AO_Major.lean:58:33: This simp argument is unused:
  mul_div_assoc'

Hint: Omit it from the simp argument list.
  simp only [MPDF, win, dif_pos,̵ ̵m̵u̵l̵_̵d̵i̵v̵_̵a̵s̵s̵o̵c̵'̵]

Note: This linter can be disabled with `set_option linter.unusedSimpArgs false`
warning: Goldbach/AO_Major.lean:81:69: try 'simp' instead of 'simpa'

Note: This linter can be disabled with `set_option linter.unnecessarySimpa false`
warning: Goldbach/AO_Major.lean:82:68: try 'simp' instead of 'simpa'

Note: This linter can be disabled with `set_option linter.unnecessarySimpa false`
warning: Goldbach/AO_Major.lean:83:68: try 'simp' instead of 'simpa'

Note: This linter can be disabled with `set_option linter.unnecessarySimpa false`
warning: Goldbach/AO_Major.lean:85:90: This simp argument is unused:
  add_assoc

Hint: Omit it from the simp argument list.
  simp [sub_eq_add_neg,̵ ̵a̵d̵d̵_̵a̵s̵s̵o̵c̵]

Note: This linter can be disabled with `set_option linter.unusedSimpArgs false`
warning: Goldbach/AO_Major.lean:101:24: This simp argument is unused:
  dif_pos

Hint: Omit it from the simp argument list.
  simp only [MPDF, win,̵ ̵d̵i̵f̵_̵p̵o̵s̵]

Note: This linter can be disabled with `set_option linter.unusedSimpArgs false`
⚠ [7599/7613] Replayed Goldbach.BG_Bank
warning: Goldbach/BG_Bank.lean:13:25: unused variable `n`

Note: This linter can be disabled with `set_option linter.unusedVariables false`
warning: Goldbach/BG_Bank.lean:75:4: try 'simp' instead of 'simpa'

Note: This linter can be disabled with `set_option linter.unnecessarySimpa false`
warning: Goldbach/BG_Bank.lean:75:25: this tactic is never executed

Note: This linter can be disabled with `set_option linter.unreachableTactic false`
warning: Goldbach/BG_Bank.lean:75:25: 'decide' tactic does nothing

Note: This linter can be disabled with `set_option linter.unusedTactic false`
warning: Goldbach/BG_Bank.lean:288:14: try 'simp' instead of 'simpa'

Note: This linter can be disabled with `set_option linter.unnecessarySimpa false`
warning: Goldbach/BG_Bank.lean:188:42: This simp argument is unused:
  Nat.cast_sub hn_le

Hint: Omit it from the simp argument list.
  simp only [Nat.cast_succ,̵ ̵N̵a̵t̵.̵c̵a̵s̵t̵_̵s̵u̵b̵ ̵h̵n̵_̵l̵e̵]

Note: This linter can be disabled with `set_option linter.unusedSimpArgs false`
warning: Goldbach/BG_Bank.lean:194:24: This simp argument is unused:
  abs_of_nonneg hlog_Nm_nn

Hint: Omit it from the simp argument list.
  simp [hp,̵ ̵a̵b̵s̵_̵o̵f̵_̵n̵o̵n̵n̵e̵g̵ ̵h̵l̵o̵g̵_̵N̵m̵_̵n̵n̵]

Note: This linter can be disabled with `set_option linter.unusedSimpArgs false`
warning: Goldbach/BG_Bank.lean:202:24: This simp argument is unused:
  abs_of_nonneg hlog_Np1_nn

Hint: Omit it from the simp argument list.
  simp [hp,̵ ̵a̵b̵s̵_̵o̵f̵_̵n̵o̵n̵n̵e̵g̵ ̵h̵l̵o̵g̵_̵N̵p̵1̵_̵n̵n̵]

Note: This linter can be disabled with `set_option linter.unusedSimpArgs false`
warning: Goldbach/BG_Bank.lean:218:46: This simp argument is unused:
  mul_comm

Hint: Omit it from the simp argument list.
  simp [abs_mul, mul_assoc, m̵u̵l̵_̵c̵o̵m̵m̵,̵ ̵mul_left_comm]

Note: This linter can be disabled with `set_option linter.unusedSimpArgs false`
warning: Goldbach/BG_Bank.lean:326:20: This simp argument is unused:
  hlogXabs

Hint: Omit it from the simp argument list.
  simp [h̵l̵o̵g̵X̵a̵b̵s̵,̵ ̵mul_comm, mul_left_comm, mul_assoc]

Note: This linter can be disabled with `set_option linter.unusedSimpArgs false`
warning: Goldbach/BG_Bank.lean:326:30: This simp argument is unused:
  mul_comm

Hint: Omit it from the simp argument list.
  simp [hlogXabs, m̵u̵l̵_̵c̵o̵m̵m̵,̵ ̵mul_left_comm, mul_assoc]

Note: This linter can be disabled with `set_option linter.unusedSimpArgs false`
warning: Goldbach/BG_Bank.lean:403:14: try 'simp' instead of 'simpa'

Note: This linter can be disabled with `set_option linter.unnecessarySimpa false`
warning: Goldbach/BG_Bank.lean:405:14: try 'simp' instead of 'simpa'

Note: This linter can be disabled with `set_option linter.unnecessarySimpa false`
warning: Goldbach/BG_Bank.lean:407:40: This simp argument is unused:
  add_comm

Hint: Omit it from the simp argument list.
  simp [div_self, hlogX_ne, add_c̵o̵m̵m̵,̵ ̵a̵d̵d̵_̵left_comm, add_assoc]

Note: This linter can be disabled with `set_option linter.unusedSimpArgs false`
warning: Goldbach/BG_Bank.lean:407:50: This simp argument is unused:
  add_left_comm

Hint: Omit it from the simp argument list.
  simp [div_self, hlogX_ne, add_comm, a̵d̵d̵_̵l̵e̵f̵t̵_̵c̵o̵m̵m̵,̵ ̵add_assoc]

Note: This linter can be disabled with `set_option linter.unusedSimpArgs false`
warning: Goldbach/BG_Bank.lean:407:65: This simp argument is unused:
  add_assoc

Hint: Omit it from the simp argument list.
  simp [div_self, hlogX_ne, add_comm, add_left_comm,̵ ̵a̵d̵d̵_̵a̵s̵s̵o̵c̵]

Note: This linter can be disabled with `set_option linter.unusedSimpArgs false`
warning: Goldbach/BG_Bank.lean:547:63: try 'simp' instead of 'simpa'

Note: This linter can be disabled with `set_option linter.unnecessarySimpa false`
warning: Goldbach/BG_Bank.lean:550:47: This simp argument is unused:
  add_comm

Hint: Omit it from the simp argument list.
  simp [add_div, div_self, hlogX_ne, add_c̵o̵m̵m̵,̵ ̵a̵d̵d̵_̵left_comm, add_assoc]

Note: This linter can be disabled with `set_option linter.unusedSimpArgs false`
warning: Goldbach/BG_Bank.lean:550:57: This simp argument is unused:
  add_left_comm

Hint: Omit it from the simp argument list.
  simp [add_div, div_self, hlogX_ne, add_comm, a̵d̵d̵_̵l̵e̵f̵t̵_̵c̵o̵m̵m̵,̵ ̵add_assoc]

Note: This linter can be disabled with `set_option linter.unusedSimpArgs false`
warning: Goldbach/BG_Bank.lean:550:72: This simp argument is unused:
  add_assoc

Hint: Omit it from the simp argument list.
  simp [add_div, div_self, hlogX_ne, add_comm, add_left_comm,̵ ̵a̵d̵d̵_̵a̵s̵s̵o̵c̵]

Note: This linter can be disabled with `set_option linter.unusedSimpArgs false`
warning: Goldbach/BG_Bank.lean:559:56: This simp argument is unused:
  add_left_comm

Hint: Omit it from the simp argument list.
  simp [c, Nat.cast_add, Nat.cast_one, add_assoc, a̵d̵d̵_̵l̵e̵f̵t̵_̵c̵o̵m̵m̵,̵ ̵add_comm, add_div, div_self hX0_ne]

Note: This linter can be disabled with `set_option linter.unusedSimpArgs false`
⚠ [7600/7613] Replayed Goldbach.BG_Operator
warning: Goldbach/BG_Operator.lean:31:2: try 'simp' instead of 'simpa'

Note: This linter can be disabled with `set_option linter.unnecessarySimpa false`
warning: Goldbach/BG_Operator.lean:98:2: try 'simp' instead of 'simpa'

Note: This linter can be disabled with `set_option linter.unnecessarySimpa false`
⚠ [7602/7613] Replayed Goldbach.SingularSeries
warning: Goldbach/SingularSeries.lean:40:5: unused variable `h`

Note: This linter can be disabled with `set_option linter.unusedVariables false`
warning: Goldbach/SingularSeries.lean:88:8: `Finset.eq_empty_iff_forall_not_mem` has been deprecated: Use `Finset.eq_empty_iff_forall_notMem` instead
warning: Goldbach/SingularSeries.lean:98:4: try 'simp' instead of 'simpa'

Note: This linter can be disabled with `set_option linter.unnecessarySimpa false`
warning: Goldbach/SingularSeries.lean:99:28: this tactic is never executed

Note: This linter can be disabled with `set_option linter.unreachableTactic false`
warning: Goldbach/SingularSeries.lean:99:57: this tactic is never executed

Note: This linter can be disabled with `set_option linter.unreachableTactic false`
warning: Goldbach/SingularSeries.lean:99:28: 'decide' tactic does nothing

Note: This linter can be disabled with `set_option linter.unusedTactic false`
warning: Goldbach/SingularSeries.lean:99:57: 'decide' tactic does nothing

Note: This linter can be disabled with `set_option linter.unusedTactic false`
⚠ [7604/7613] Replayed Goldbach.PPNumerics
warning: Goldbach/PPNumerics.lean:24:42: try 'simp' instead of 'simpa'

Note: This linter can be disabled with `set_option linter.unnecessarySimpa false`
warning: Goldbach/PPNumerics.lean:27:6: try 'simp' instead of 'simpa'

Note: This linter can be disabled with `set_option linter.unnecessarySimpa false`
⚠ [7605/7613] Replayed Goldbach.PPBoundSquares
warning: Goldbach/PPBoundSquares.lean:41:8: try 'simp' instead of 'simpa'

Note: This linter can be disabled with `set_option linter.unnecessarySimpa false`
warning: Goldbach/PPBoundSquares.lean:228:10: try 'simp' instead of 'simpa'

Note: This linter can be disabled with `set_option linter.unnecessarySimpa false`
⚠ [7607/7613] Replayed Goldbach.AnalyticGlobal
warning: Goldbach/AnalyticGlobal.lean:65:28: This simp argument is unused:
  one_div

Hint: Omit it from the simp argument list.
  simp [div_eq_mul_inv, o̵n̵e̵_̵d̵i̵v̵,̵ ̵mul_comm]

Note: This linter can be disabled with `set_option linter.unusedSimpArgs false`
warning: Goldbach/AnalyticGlobal.lean:68:30: This simp argument is unused:
  one_div

Hint: Omit it from the simp argument list.
  simp [div_eq_mul_inv, o̵n̵e̵_̵d̵i̵v̵,̵ ̵mul_comm]

Note: This linter can be disabled with `set_option linter.unusedSimpArgs false`
warning: Goldbach/AnalyticGlobal.lean:70:39: This simp argument is unused:
  mul_left_comm

Hint: Omit it from the simp argument list.
  simp [one_div, S_ne, mul_comm, mul_l̵e̵f̵t̵_̵c̵o̵m̵m̵,̵ ̵m̵u̵l̵_̵assoc]

Note: This linter can be disabled with `set_option linter.unusedSimpArgs false`
warning: Goldbach/AnalyticGlobal.lean:70:54: This simp argument is unused:
  mul_assoc

Hint: Omit it from the simp argument list.
  simp [one_div, S_ne, mul_comm, mul_left_comm,̵ ̵m̵u̵l̵_̵a̵s̵s̵o̵c̵]

Note: This linter can be disabled with `set_option linter.unusedSimpArgs false`
⚠ [7608/7613] Replayed Goldbach.BankPieces
warning: Goldbach/BankPieces.lean:15:63: `class ... :=` has been deprecated in favor of `class ... where`.

Note: This linter can be disabled with `set_option linter.deprecated false`
⚠ [7610/7613] Replayed Goldbach.Analytic.MajorBoundFromSigma
warning: Goldbach/Analytic/MajorBoundFromSigma.lean:21:75: `structure ... :=` has been deprecated in favor of `structure ... where`.

Note: This linter can be disabled with `set_option linter.deprecated false`
⚠ [7611/7613] Replayed Goldbach.Analytic.NumericSigma
warning: Goldbach/Analytic/NumericSigma.lean:23:32: unused variable `hX`

Note: This linter can be disabled with `set_option linter.unusedVariables false`
✖ [7613/7613] Building Goldbach.BG_Identity (45s)
trace: .> LEAN_PATH=/Users/benjaminnelson/Desktop/nerd shit/goldbach/builds/Goldbach/.lake/packages/Cli/.lake/build/lib/lean:/Users/benjaminnelson/Desktop/nerd shit/goldbach/builds/Goldbach/.lake/packages/batteries/.lake/build/lib/lean:/Users/benjaminnelson/Desktop/nerd shit/goldbach/builds/Goldbach/.lake/packages/Qq/.lake/build/lib/lean:/Users/benjaminnelson/Desktop/nerd shit/goldbach/builds/Goldbach/.lake/packages/aesop/.lake/build/lib/lean:/Users/benjaminnelson/Desktop/nerd shit/goldbach/builds/Goldbach/.lake/packages/proofwidgets/.lake/build/lib/lean:/Users/benjaminnelson/Desktop/nerd shit/goldbach/builds/Goldbach/.lake/packages/importGraph/.lake/build/lib/lean:/Users/benjaminnelson/Desktop/nerd shit/goldbach/builds/Goldbach/.lake/packages/LeanSearchClient/.lake/build/lib/lean:/Users/benjaminnelson/Desktop/nerd shit/goldbach/builds/Goldbach/.lake/packages/plausible/.lake/build/lib/lean:/Users/benjaminnelson/Desktop/nerd shit/goldbach/builds/Goldbach/.lake/packages/mathlib/.lake/build/lib/lean:/Users/benjaminnelson/Desktop/nerd shit/goldbach/builds/Goldbach/.lake/build/lib/lean /Users/benjaminnelson/.elan/toolchains/leanprover--lean4---v4.26.0-rc2/bin/lean /Users/benjaminnelson/Desktop/nerd shit/goldbach/builds/Goldbach/Goldbach/BG_Identity.lean -o /Users/benjaminnelson/Desktop/nerd shit/goldbach/builds/Goldbach/.lake/build/lib/lean/Goldbach/BG_Identity.olean -i /Users/benjaminnelson/Desktop/nerd shit/goldbach/builds/Goldbach/.lake/build/lib/lean/Goldbach/BG_Identity.ilean -c /Users/benjaminnelson/Desktop/nerd shit/goldbach/builds/Goldbach/.lake/build/ir/Goldbach/BG_Identity.c --setup /Users/benjaminnelson/Desktop/nerd shit/goldbach/builds/Goldbach/.lake/build/ir/Goldbach/BG_Identity.setup.json --json
warning: Goldbach/BG_Identity.lean:138:48: This simp argument is unused:
  add_comm

Hint: Omit it from the simp argument list.
  simp [Finset.sum_insert, hk, ih, mul_add, a̵d̵d̵_̵c̵o̵m̵m̵,̵ ̵add_left_comm, add_assoc, mul_comm, mul_left_comm,
  ̲  ̲ ̲ ̲ ̲ ̲ ̲ ̲mul_assoc]

Note: This linter can be disabled with `set_option linter.unusedSimpArgs false`
warning: Goldbach/BG_Identity.lean:138:58: This simp argument is unused:
  add_left_comm

Hint: Omit it from the simp argument list.
  simp [Finset.sum_insert, hk, ih, mul_add, add_comm, a̵d̵d̵_̵l̵e̵f̵t̵_̵c̵o̵m̵m̵,̵add_assoc, mul_comm, mul_left_comm,
  ̲  ̲ ̲ ̲ ̲ ̲ ̲ ̲mul_assoc]

Note: This linter can be disabled with `set_option linter.unusedSimpArgs false`
warning: Goldbach/BG_Identity.lean:139:12: This simp argument is unused:
  add_assoc

Hint: Omit it from the simp argument list.
  simp [Finset.sum_insert, hk, ih, mul_add, add_comm, add_left_comm, a̵d̵d̵_̵a̵s̵s̵o̵c̵,̵ ̵mul_comm, mul_left_comm,
  ̲  ̲ ̲ ̲ ̲ ̲ ̲ ̲mul_assoc]

Note: This linter can be disabled with `set_option linter.unusedSimpArgs false`
warning: Goldbach/BG_Identity.lean:139:23: This simp argument is unused:
  mul_comm

Hint: Omit it from the simp argument list.
  simp [Finset.sum_insert, hk, ih, mul_add, add_comm, add_left_comm, add_assoc, m̵u̵l̵_̵c̵o̵m̵m̵,̵ ̵mul_left_comm,
  ̲  ̲ ̲ ̲ ̲ ̲ ̲ ̲mul_assoc]

Note: This linter can be disabled with `set_option linter.unusedSimpArgs false`
warning: Goldbach/BG_Identity.lean:139:33: This simp argument is unused:
  mul_left_comm

Hint: Omit it from the simp argument list.
  simp [Finset.sum_insert, hk, ih, mul_add, add_comm, add_left_comm, add_assoc, mul_comm,
  ̲  ̲ ̲ ̲ ̲ ̲ ̲ ̲m̵u̵l̵_̵l̵e̵f̵t̵_̵c̵o̵m̵m̵,̵ ̵mul_assoc]

Note: This linter can be disabled with `set_option linter.unusedSimpArgs false`
warning: Goldbach/BG_Identity.lean:139:48: This simp argument is unused:
  mul_assoc

Hint: Omit it from the simp argument list.
  simp [Finset.sum_insert, hk, ih, mul_add, add_comm, add_left_comm, add_assoc, mul_comm,
  ̲  ̲ ̲ ̲ ̲ ̲ ̲ ̲m̵u̵l̵_̵l̵e̵f̵t̵_̵c̵o̵m̵m̵,̵ ̵m̵u̵l̵_̵a̵s̵s̵o̵c̵]̵m̲u̲l̲_̲l̲e̲f̲t̲_̲c̲o̲m̲m̲]̲

Note: This linter can be disabled with `set_option linter.unusedSimpArgs false`
error: Goldbach/BG_Identity.lean:192:6: Tactic `subst` failed: invalid equality proof, it is not of the form (x = t) or (t = x)
  Ucut = 0

case pos
m : ℕ
hm : m ≤ Ucut
hU : Ucut = 0
⊢ 0 ≤ 1 - ↑m / ↑Ucut
error: Goldbach/BG_Identity.lean:186:76: unsolved goals
m : ℕ
hm : m ≤ Ucut
hnonneg : 0 ≤ 1 - ↑m / ↑Ucut
hmax : max (1 - ↑m / ↑Ucut) 0 = 1 - ↑m / ↑Ucut
⊢ max (1 - ↑m / (↑H + ↑((H + 99) / 100))) 0 / (↑H + ↑((H + 99) / 100)) =
    (1 - ↑m / (↑H + ↑((H + 99) / 100))) / (↑H + ↑((H + 99) / 100))
warning: Goldbach/BG_Identity.lean:205:8: This simp argument is unused:
  hmax

Hint: Omit it from the simp argument list.
  simp ̵[̵h̵m̵a̵x̵]̵

Note: This linter can be disabled with `set_option linter.unusedSimpArgs false`
warning: Goldbach/BG_Identity.lean:231:10: This simp argument is unused:
  Finset.sum_insert

Hint: Omit it from the simp argument list.
  simp [̵F̵i̵n̵s̵e̵t̵.̵s̵u̵m̵_̵i̵n̵s̵e̵r̵t̵,̵ ̵h̵a̵,̵[̲h̲a̲,̲ ih, mul_add, add_comm, add_left_comm, add_assoc, mul_comm, mul_left_comm, mul_assoc]

Note: This linter can be disabled with `set_option linter.unusedSimpArgs false`
warning: Goldbach/BG_Identity.lean:231:33: This simp argument is unused:
  ih

Hint: Omit it from the simp argument list.
  simp [Finset.sum_insert, ha, i̵h̵,̵ ̵mul_add, add_comm, add_left_comm,
  ̵  ̵ ̵ ̵ ̵ ̵ ̵ ̵ ̵ ̵add_assoc, mul_comm,
  ̲  ̲ ̲ ̲ ̲ ̲mul_left_comm, mul_assoc]

Note: This linter can be disabled with `set_option linter.unusedSimpArgs false`
warning: Goldbach/BG_Identity.lean:231:56: This simp argument is unused:
  add_left_comm

Hint: Omit it from the simp argument list.
  simp [Finset.sum_insert, ha, ih, mul_add, add_comm, a̵d̵d̵_̵l̵e̵f̵t̵_̵c̵o̵m̵m̵,̵add_assoc, mul_comm, mul_left_comm,
  ̲  ̲ ̲ ̲ ̲ ̲mul_assoc]

Note: This linter can be disabled with `set_option linter.unusedSimpArgs false`
warning: Goldbach/BG_Identity.lean:232:10: This simp argument is unused:
  add_assoc

Hint: Omit it from the simp argument list.
  simp [Finset.sum_insert, ha, ih, mul_add, add_comm, add_left_comm, a̵d̵d̵_̵a̵s̵s̵o̵c̵,̵ ̵mul_comm, mul_left_comm,
  ̲  ̲ ̲ ̲ ̲ ̲mul_assoc]

Note: This linter can be disabled with `set_option linter.unusedSimpArgs false`
warning: Goldbach/BG_Identity.lean:232:31: This simp argument is unused:
  mul_left_comm

Hint: Omit it from the simp argument list.
  simp [Finset.sum_insert, ha, ih, mul_add, add_comm, add_left_comm, add_assoc, mul_comm,
  ̲  ̲ ̲ ̲ ̲ ̲m̵u̵l̵_̵l̵e̵f̵t̵_̵c̵o̵m̵m̵,̵ ̵mul_assoc]

Note: This linter can be disabled with `set_option linter.unusedSimpArgs false`
warning: Goldbach/BG_Identity.lean:232:46: This simp argument is unused:
  mul_assoc

Hint: Omit it from the simp argument list.
  simp [Finset.sum_insert, ha, ih, mul_add, add_comm, add_left_comm, add_assoc, mul_comm,
  ̲  ̲ ̲ ̲ ̲ ̲m̵u̵l̵_̵l̵e̵f̵t̵_̵c̵o̵m̵m̵,̵ ̵m̵u̵l̵_̵a̵s̵s̵o̵c̵]̵m̲u̲l̲_̲l̲e̲f̲t̲_̲c̲o̲m̲m̲]̲

Note: This linter can be disabled with `set_option linter.unusedSimpArgs false`
warning: Goldbach/BG_Identity.lean:328:6: declaration uses 'sorry'
warning: Goldbach/BG_Identity.lean:357:23: This simp argument is unused:
  Int.ofNat_sub hHN

Hint: Omit it from the simp argument list.
  simp only [̵I̵n̵t̵.̵o̵f̵N̵a̵t̵_̵s̵u̵b̵ ̵h̵H̵N̵]̵ ̵at hZint

Note: This linter can be disabled with `set_option linter.unusedSimpArgs false`
warning: Goldbach/BG_Identity.lean:422:4: try 'simp' instead of 'simpa'

Note: This linter can be disabled with `set_option linter.unnecessarySimpa false`
warning: Goldbach/BG_Identity.lean:445:25: try 'simp' instead of 'simpa'

Note: This linter can be disabled with `set_option linter.unnecessarySimpa false`
warning: Goldbach/BG_Identity.lean:488:6: declaration uses 'sorry'
warning: Goldbach/BG_Identity.lean:525:15: unused variable `hX`

Note: This linter can be disabled with `set_option linter.unusedVariables false`
warning: Goldbach/BG_Identity.lean:526:5: unused variable `hN`

Note: This linter can be disabled with `set_option linter.unusedVariables false`
warning: Goldbach/BG_Identity.lean:558:5: unused variable `hk`

Note: This linter can be disabled with `set_option linter.unusedVariables false`
warning: Goldbach/BG_Identity.lean:583:28: This simp argument is unused:
  hUpos.ne'

Hint: Omit it from the simp argument list.
  s̵i̵m̵p̵ ̵[̵K̵_̵f̵u̵l̵l̵,̵ ̵K̵_̵f̵u̵l̵l̵_̵r̵a̵w̵,̵ ̵h̵U̵p̵o̵s̵.̵n̵e̵'̵]̵ ̵a̵t̵ ̵*̵s̲i̲m̲p̲ ̲[̲K̲_̲f̲u̲l̲l̲,̲
  ̲ ̲ ̲ ̲ ̲K̲_̲f̲u̲l̲l̲_̲r̲a̲w̲]̲ ̲a̲t̲ ̲*̲
  ̲ ̲ ̲ ̲ ̲ ̲ ̲-̲-̲ ̲a̲f̲t̲e̲r̲ ̲s̲i̲m̲p̲,̲ ̲g̲o̲a̲l̲ ̲b̲e̲c̲o̲m̲e̲s̲ ̲`̲0̲ ̲<̲ ̲1̲ ̲/̲ ̲(̲U̲c̲u̲t̲:̲ℝ̲)̲`̲
  ̲ ̲ ̲ ̲ ̲ ̲ ̲

Note: This linter can be disabled with `set_option linter.unusedSimpArgs false`
warning: Goldbach/BG_Identity.lean:608:5: unused variable `h`

Note: This linter can be disabled with `set_option linter.unusedVariables false`
warning: Goldbach/BG_Identity.lean:615:5: unused variable `h`

Note: This linter can be disabled with `set_option linter.unusedVariables false`
warning: Goldbach/BG_Identity.lean:631:25: unused variable `X`

Note: This linter can be disabled with `set_option linter.unusedVariables false`
warning: Goldbach/BG_Identity.lean:631:27: unused variable `N`

Note: This linter can be disabled with `set_option linter.unusedVariables false`
warning: Goldbach/BG_Identity.lean:655:5: unused variable `h`

Note: This linter can be disabled with `set_option linter.unusedVariables false`
error: Goldbach/BG_Identity.lean:669:10: Unknown identifier `Kernel.conv_ref_const_eq_sigma_mass_of`
warning: Goldbach/BG_Identity.lean:684:8: try 'simp' instead of 'simpa'

Note: This linter can be disabled with `set_option linter.unnecessarySimpa false`
warning: Goldbach/BG_Identity.lean:712:34: unused variable `hk`

Note: This linter can be disabled with `set_option linter.unusedVariables false`
warning: Goldbach/BG_Identity.lean:716:35: unused variable `hk`

Note: This linter can be disabled with `set_option linter.unusedVariables false`
error: Goldbach/BG_Identity.lean:773:20: failed to synthesize
  HMul (ℕ → ℝ) ℝ ?m.11

Hint: Additional diagnostic information may be available using the `set_option diagnostics true` command.
error: Goldbach/BG_Identity.lean:781:20: typeclass instance problem is stuck
  HMul (ℕ → ℝ) ?m.14 ℝ

Note: Lean will not try to resolve this typeclass instance problem because the second type argument to `HMul` is a metavariable. This argument must be fully determined before Lean will try to resolve the typeclass.

Hint: Adding type annotations and supplying implicit arguments to functions can give Lean more information for typeclass resolution. For example, if you have a variable `x` that you intend to be a `Nat`, but Lean reports it as having an unresolved type like `?m`, replacing `x` with `(x : Nat)` can get typeclass resolution un-stuck.
error: Goldbach/BG_Identity.lean:791:60: unsolved goals
⊢ False
error: Goldbach/BG_Identity.lean:809:58: unsolved goals
⊢ -((↑H + 99) / 100) ≤ ↑H ∧ 0 ≤ ↑H + (↑H + 99) / 100
error: Goldbach/BG_Identity.lean:831:26: Unknown constant `Int.natAbs_eq_ofNat_abs`
error: Goldbach/BG_Identity.lean:837:12: linarith failed to find a contradiction
case h
h0 : 0 ∈ bandU
z : ℤ
hz : z ∈ bandU.erase 0
hzIcc : z ∈ Finset.Icc (-↑Ucut) ↑Ucut
hz0 : z ≠ 0
this : -↑Ucut ≤ z ∧ z ≤ ↑Ucut
hle : z ≤ ↑Ucut
hneg : -↑Ucut ≤ z
hz' : ↑z.natAbs = max (-z) z
a✝ : ↑Ucut < ↑z.natAbs
⊢ False
failed
error: Goldbach/BG_Identity.lean:845:59: mod_cast has type
  ?m.225 = ?m.225
but is expected to have type
  z.natAbs = 0
error: Goldbach/BG_Identity.lean:849:12: Type mismatch
  hzabs0
has type
  z.natAbs = 0
but is expected to have type
  z.natAbs ≠ 0
error: Goldbach/BG_Identity.lean:851:17: Invalid `⟨...⟩` notation: The expected type
  z.natAbs - 1 < Ucut ∧ z = Int.ofNat (z.natAbs - 1).succ ∨ z = -Int.ofNat (z.natAbs - 1).succ
has more than one constructor

Note: This notation can only be used when the expected type is an inductive type with a single constructor
error: Goldbach/BG_Identity.lean:852:10: No goals to be solved
error: Goldbach/BG_Identity.lean:865:69: Application type mismatch: The argument
  hkpos
has type
  k < Ucut
but is expected to have type
  k ∈ Finset.range Ucut
in the application
  And.intro hkpos
error: Goldbach/BG_Identity.lean:820:6: unsolved goals
case h.mp.inr
h0 : 0 ∈ bandU
z : ℤ
hz : z ∈ bandU.erase 0
hzIcc : z ∈ Finset.Icc (-↑Ucut) ↑Ucut
hz0 : z ≠ 0
hzAbs : z.natAbs ≤ Ucut
k : ℕ
h✝ : z = -Int.ofNat k.succ
⊢ z ∈
    Finset.map { toFun := fun k => ↑k.succ, inj' := ⋯ } (Finset.range Ucut) ∪
      Finset.map { toFun := fun k => -↑k.succ, inj' := ⋯ } (Finset.range Ucut)
error: Goldbach/BG_Identity.lean:866:54: unsolved goals
h0 : 0 ∈ bandU
z : ℤ
⊢ K_full_raw (H + (H + 99) / 100) 0 = (↑H + ↑((H + 99) / 100))⁻¹
error: Goldbach/BG_Identity.lean:879:34: maximum recursion depth has been reached
use `set_option maxRecDepth <num>` to increase limit
use `set_option diagnostics true` to get diagnostic information
error: Goldbach/BG_Identity.lean:880:28: Type mismatch
  hk
has type
  k ∈ Finset.map { toFun := fun k => ↑k.succ, inj' := ⋯ } (Finset.range Ucut)
but is expected to have type
  ∀ (a₂ : ℤ) (ha₂ : a₂ ∈ Finset.map { toFun := fun k => ↑k.succ, inj' := ⋯ } (Finset.range Ucut)),
    (fun k hk => k) k hk = (fun k hk => k) a₂ ha₂ → k = a₂
error: Goldbach/BG_Identity.lean:881:14: unsolved goals
case heq
h0 : 0 ∈ bandU
z : ℤ
h0val : K_full 0 = 1 / ↑Ucut
k : ℤ
hk : k ∈ Finset.map { toFun := fun k => -↑k.succ, inj' := ⋯ } (Finset.range Ucut)
⊢ ∃ a < H + (H + 99) / 100, ↑a + 1 = k
error: Goldbach/BG_Identity.lean:882:28: Type mismatch
  hk
has type
  k ∈ Finset.map { toFun := fun k => ↑k.succ, inj' := ⋯ } (Finset.range Ucut)
but is expected to have type
  K_full k = K_full ((fun k hk => k) k hk)
error: Goldbach/BG_Identity.lean:899:68: Type mismatch: After simplification, term
  hbEq
 has type
  -1 + -↑b' = ↑a' + 1
but is expected to have type
  ↑a' + 1 = -1 + -↑b'
error: Goldbach/BG_Identity.lean:900:16: linarith failed to find a contradiction
h0 : 0 ∈ bandU
z : ℤ
h0val : K_full 0 = 1 / ↑Ucut
hpair :
  ∑ k ∈ Finset.map { toFun := fun k => ↑k.succ, inj' := ⋯ } (Finset.range Ucut), K_full k =
    ∑ k ∈ Finset.map { toFun := fun k => -↑k.succ, inj' := ⋯ } (Finset.range Ucut), K_full k
a' : ℕ
ha' : a' ∈ Finset.range Ucut
ha :
  { toFun := fun k => ↑k.succ, inj' := ⋯ } a' ∈ Finset.map { toFun := fun k => ↑k.succ, inj' := ⋯ } (Finset.range Ucut)
hb :
  { toFun := fun k => ↑k.succ, inj' := ⋯ } a' ∈ Finset.map { toFun := fun k => -↑k.succ, inj' := ⋯ } (Finset.range Ucut)
b' : ℕ
hb' : b' ∈ Finset.range Ucut
hbEq : { toFun := fun k => -↑k.succ, inj' := ⋯ } b' = { toFun := fun k => ↑k.succ, inj' := ⋯ } a'
hbPos : ↑b'.succ ≠ 0
this : ↑a'.succ = -↑b'.succ
⊢ False
failed
error: Goldbach/BG_Identity.lean:917:92: Unknown identifier `hpos`
error: Goldbach/BG_Identity.lean:919:6: 'calc' expression has type
  ∑ k ∈ bandU, K_full k = K_full 0 + 2 * ∑ k ∈ Finset.range Ucut, K_full (Int.ofNat k.succ)
but is expected to have type
  z ∈
      Finset.map { toFun := fun k => ↑k.succ, inj' := ⋯ } (Finset.range Ucut) ∪
        Finset.map { toFun := fun k => -↑k.succ, inj' := ⋯ } (Finset.range Ucut) →
    z ∈ bandU.erase 0
error: Goldbach/BG_Identity.lean:806:93: unsolved goals
h0 : 0 ∈ bandU
hpos :
  bandU.erase 0 =
    Finset.map { toFun := fun k => ↑k.succ, inj' := ⋯ } (Finset.range Ucut) ∪
      Finset.map { toFun := fun k => -↑k.succ, inj' := ⋯ } (Finset.range Ucut)
⊢ ∑ k ∈ bandU, K_full k = K_full 0 + 2 * ∑ k ∈ Finset.range Ucut, K_full (Int.ofNat k.succ)
error: Goldbach/BG_Identity.lean:922:22: maximum recursion depth has been reached
use `set_option maxRecDepth <num>` to increase limit
use `set_option diagnostics true` to get diagnostic information
warning: Goldbach/BG_Identity.lean:924:10: try 'simp' instead of 'simpa'

Note: This linter can be disabled with `set_option linter.unnecessarySimpa false`
warning: Goldbach/BG_Identity.lean:943:22: `Finset.range_succ` has been deprecated: Use `Finset.range_add_one` instead
error: Goldbach/BG_Identity.lean:941:72: unsolved goals
hsplit : ∑ k ∈ bandU, K_full k = K_full 0 + 2 * ∑ k ∈ Finset.range Ucut, K_full (Int.ofNat k.succ)
hsum1 : ∑ k ∈ Finset.range Ucut, 1 = ↑Ucut
this : ∑ i ∈ Finset.range Ucut.succ, i = Ucut.succ * (Ucut.succ - 1) / 2
⊢ H + (H + 99) / 100 + ∑ x ∈ Finset.range (H + (H + 99) / 100), x =
    ∑ x ∈ Finset.range (H + (H + 99) / 100), x + (H + (H + 99) / 100)
error: Goldbach/BG_Identity.lean:945:10: Type mismatch: After simplification, term
  Finset.sum_range_id
 has type
  ∀ (n : ℕ), ∑ i ∈ Finset.range n, i = n * (n - 1) / 2
but is expected to have type
  ∑ i ∈ Finset.range (H + (H + 99) / 100 + 1), i = (H + (H + 99) / 100 + 1) * (H + (H + 99) / 100) / 2
error: Goldbach/BG_Identity.lean:946:8: linarith failed to find a contradiction
case h1.h
hsplit : ∑ k ∈ bandU, K_full k = K_full 0 + 2 * ∑ k ∈ Finset.range Ucut, K_full (Int.ofNat k.succ)
hsum1 : ∑ k ∈ Finset.range Ucut, 1 = ↑Ucut
this : ∑ i ∈ Finset.range Ucut.succ, i = Ucut.succ * (Ucut.succ - 1) / 2
hrewrite : ∑ i ∈ Finset.range Ucut.succ, i = ∑ k ∈ Finset.range Ucut, k.succ
hs : ∑ i ∈ Finset.range Ucut.succ, i = Ucut.succ * Ucut / 2
a✝ : ∑ k ∈ Finset.range Ucut, k.succ < Ucut * (Ucut + 1) / 2
⊢ False
failed
error: Goldbach/BG_Identity.lean:948:6: maximum recursion depth has been reached
use `set_option maxRecDepth <num>` to increase limit
use `set_option diagnostics true` to get diagnostic information
error: Goldbach/BG_Identity.lean:955:16: maximum recursion depth has been reached
use `set_option maxRecDepth <num>` to increase limit
use `set_option diagnostics true` to get diagnostic information
error: Goldbach/BG_Identity.lean:967:68: unsolved goals
hsplit : ∑ k ∈ bandU, K_full k = K_full 0 + 2 * ∑ k ∈ Finset.range Ucut, K_full (Int.ofNat k.succ)
hsum1 : ∑ k ∈ Finset.range Ucut, 1 = ↑Ucut
hsumk : ∑ k ∈ Finset.range Ucut, ↑k.succ = ↑Ucut * (↑Ucut + 1) / 2
hUpos : 0 < ↑Ucut
hUpos' : ↑Ucut ≠ 0
⊢ (↑H + ↑((H + 99) / 100) - ∑ x ∈ Finset.range (H + (H + 99) / 100), (↑x + 1) / (↑H + ↑((H + 99) / 100))) /
      (↑H + ↑((H + 99) / 100)) =
    (↑H + ↑((H + 99) / 100))⁻¹ *
      (↑H + ↑((H + 99) / 100) - ∑ x ∈ Finset.range (H + (H + 99) / 100), (↑x + 1) / (↑H + ↑((H + 99) / 100)))
info: Goldbach/BG_Identity.lean:973:8: Try this:
  [apply] ring_nf
  
  The `ring` tactic failed to close the goal. Use `ring_nf` to obtain a normal form.
    
  Note that `ring` works primarily in *commutative* rings. If you have a noncommutative ring, abelian group or module, consider using `noncomm_ring`, `abel` or `module` instead.
error: Goldbach/BG_Identity.lean:970:96: unsolved goals
hsplit : ∑ k ∈ bandU, K_full k = K_full 0 + 2 * ∑ k ∈ Finset.range Ucut, K_full (Int.ofNat k.succ)
hsum1 : ∑ k ∈ Finset.range Ucut, 1 = ↑Ucut
hsumk : ∑ k ∈ Finset.range Ucut, ↑k.succ = ↑Ucut * (↑Ucut + 1) / 2
hUpos : 0 < ↑Ucut
hUpos' : ↑Ucut ≠ 0
⊢ ↑Ucut * (↑Ucut)⁻¹ - (↑Ucut)⁻¹ * ∑ x ∈ Finset.range Ucut, (↑Ucut)⁻¹ * ↑x.succ =
    ↑Ucut * (↑Ucut)⁻¹ + ↑Ucut * (↑Ucut)⁻¹ ^ 2 * (-1 / 2) + ↑Ucut ^ 2 * (↑Ucut)⁻¹ ^ 2 * (-1 / 2)
info: Goldbach/BG_Identity.lean:975:33: Try this:
  [apply] ring_nf
  
  The `ring` tactic failed to close the goal. Use `ring_nf` to obtain a normal form.
    
  Note that `ring` works primarily in *commutative* rings. If you have a noncommutative ring, abelian group or module, consider using `noncomm_ring`, `abel` or `module` instead.
error: Goldbach/BG_Identity.lean:974:34: unsolved goals
hsplit : ∑ k ∈ bandU, K_full k = K_full 0 + 2 * ∑ k ∈ Finset.range Ucut, K_full (Int.ofNat k.succ)
hsum1 : ∑ k ∈ Finset.range Ucut, 1 = ↑Ucut
hsumk : ∑ k ∈ Finset.range Ucut, ↑k.succ = ↑Ucut * (↑Ucut + 1) / 2
hUpos : 0 < ↑Ucut
⊢ -1 + ↑Ucut = -↑Ucut + ↑Ucut ^ 2
error: Goldbach/BG_Identity.lean:984:58: unsolved goals
hsplit : ∑ k ∈ bandU, K_full k = K_full 0 + 2 * ∑ k ∈ Finset.range Ucut, K_full (Int.ofNat k.succ)
hpos_eval : ∑ k ∈ Finset.range Ucut, K_full (Int.ofNat k.succ) = (↑Ucut - 1) / 2
hUpos : ↑Ucut ≠ 0
this : ∑ k ∈ bandU, K_full k = K_full 0 + 2 * ∑ k ∈ Finset.range Ucut, K_full (Int.ofNat k.succ)
⊢ K_full_raw (H + (H + 99) / 100) 0 = (↑H + ↑((H + 99) / 100))⁻¹
info: Goldbach/BG_Identity.lean:993:6: Try this:
  [apply] ring_nf
  
  The `ring` tactic failed to close the goal. Use `ring_nf` to obtain a normal form.
    
  Note that `ring` works primarily in *commutative* rings. If you have a noncommutative ring, abelian group or module, consider using `noncomm_ring`, `abel` or `module` instead.
error: Goldbach/BG_Identity.lean:987:13: unsolved goals
hsplit : ∑ k ∈ bandU, K_full k = K_full 0 + 2 * ∑ k ∈ Finset.range Ucut, K_full (Int.ofNat k.succ)
hpos_eval : ∑ k ∈ Finset.range Ucut, K_full (Int.ofNat k.succ) = (↑Ucut - 1) / 2
hUpos hUpos' : ↑Ucut ≠ 0
hUpos'' : 0 < ↑Ucut
⊢ 1 - ↑Ucut + ↑Ucut ^ 2 = ↑Ucut
warning: Goldbach/BG_Identity.lean:810:14: This simp argument is unused:
  bandU

Hint: Omit it from the simp argument list.
  simp ̵[̵b̵a̵n̵d̵U̵]̵

Note: This linter can be disabled with `set_option linter.unusedSimpArgs false`
warning: Goldbach/BG_Identity.lean:969:14: This simp argument is unused:
  Finset.sum_mul

Hint: Omit it from the simp argument list.
  simp [F̵i̵n̵s̵e̵t̵.̵s̵u̵m̵_̵m̵u̵l̵,̵ ̵hUpos']

Note: This linter can be disabled with `set_option linter.unusedSimpArgs false`
warning: Goldbach/BG_Identity.lean:969:30: This simp argument is unused:
  hUpos'

Hint: Omit it from the simp argument list.
  simp [Finset.sum_mul,̵ ̵h̵U̵p̵o̵s̵'̵]

Note: This linter can be disabled with `set_option linter.unusedSimpArgs false`
warning: Goldbach/BG_Identity.lean:972:43: This simp argument is unused:
  Finset.sum_div

Hint: Omit it from the simp argument list.
  simp only [Finset.sum_sub_distrib, F̵i̵n̵s̵e̵t̵.̵s̵u̵m̵_̵d̵i̵v̵,̵ ̵hsum1, hsumk]

Note: This linter can be disabled with `set_option linter.unusedSimpArgs false`
warning: Goldbach/BG_Identity.lean:972:66: This simp argument is unused:
  hsumk

Hint: Omit it from the simp argument list.
  simp only [Finset.sum_sub_distrib, Finset.sum_div, hsum1,̵ ̵h̵s̵u̵m̵k̵]

Note: This linter can be disabled with `set_option linter.unusedSimpArgs false`
error: Goldbach/BG_Identity.lean:1008:27: Invalid argument name `bandU` for function `sum_bandU`
error: Goldbach/BG_Identity.lean:1031:30: unsolved goals
Kadm : BG.AdmissibleKernel Ucut
⊢ 0 ∈ BG_Bank.S_BG
warning: Goldbach/BG_Identity.lean:1048:5: unused variable `h`

Note: This linter can be disabled with `set_option linter.unusedVariables false`
error: Goldbach/BG_Identity.lean:1067:53: Type mismatch: After simplification, term
  hk
 has type
  k ∈ BG_Bank.S_BG
but is expected to have type
  -↑H ≤ k ∧ k ≤ ↑H
error: Goldbach/BG_Identity.lean:1072:6: Tactic `simp` failed with a nested error:
maximum recursion depth has been reached
use `set_option maxRecDepth <num>` to increase limit
use `set_option diagnostics true` to get diagnostic information
warning: Goldbach/BG_Identity.lean:1092:54: try 'simp' instead of 'simpa'

Note: This linter can be disabled with `set_option linter.unnecessarySimpa false`
error: Goldbach/BG_Identity.lean:1107:14: Type mismatch: After simplification, term
  Finset.mem_Icc.mpr hkIcc_pair
 has type
  -↑H ≤ k ∧ k ≤ ↑H
but is expected to have type
  k ∈ BG_Bank.S_BG
error: Goldbach/BG_Identity.lean:1109:53: Type mismatch: After simplification, term
  hk
 has type
  k ∈ BG_Bank.S_BG
but is expected to have type
  -↑H ≤ k ∧ k ≤ ↑H
warning: Goldbach/BG_Identity.lean:1112:6: try 'simp' instead of 'simpa'

Note: This linter can be disabled with `set_option linter.unnecessarySimpa false`
error: Goldbach/BG_Identity.lean:1147:55: linarith failed to find a contradiction
case h
hinner_eq : innerBand = Finset.Icc (-↑H) ↑H
z : ℤ
hz : z ∈ (Finset.Icc (-↑H) ↑H).erase 0
hzIcc : z ∈ Finset.Icc (-↑H) ↑H
hz0 : z ≠ 0
this : -↑H ≤ z ∧ z ≤ ↑H
hle : z ≤ ↑H
hneg : -↑H ≤ z
a✝ : ↑H < ↑z.natAbs
⊢ False
failed
error: Goldbach/BG_Identity.lean:1155:33: Function expected at
  Int.natAbs_eq_zero
but this term has type
  Int.natAbs ?m.243 = 0 ↔ ?m.243 = 0

Note: Expected a function because this term is being applied to the argument
  hzabs0
error: Goldbach/BG_Identity.lean:1158:17: Invalid `⟨...⟩` notation: The expected type
  z.natAbs - 1 < H ∧ z = Int.ofNat (z.natAbs - 1).succ ∨ z = -Int.ofNat (z.natAbs - 1).succ
has more than one constructor

Note: This notation can only be used when the expected type is an inductive type with a single constructor
error: Goldbach/BG_Identity.lean:1159:10: No goals to be solved
error: Goldbach/BG_Identity.lean:1137:6: unsolved goals
case h.mp.inl
hinner_eq : innerBand = Finset.Icc (-↑H) ↑H
k : ℕ
hkpos : k < H
hz : Int.ofNat k.succ ∈ (Finset.Icc (-↑H) ↑H).erase 0
hzIcc : Int.ofNat k.succ ∈ Finset.Icc (-↑H) ↑H
hz0 : Int.ofNat k.succ ≠ 0
hzAbs : (Int.ofNat k.succ).natAbs ≤ H
⊢ Int.ofNat k.succ ∈
    Finset.map { toFun := fun k => ↑k.succ, inj' := ⋯ } (Finset.range H) ∪
      Finset.map { toFun := fun k => -↑k.succ, inj' := ⋯ } (Finset.range H)

case h.mp.inr
hinner_eq : innerBand = Finset.Icc (-↑H) ↑H
z : ℤ
hz : z ∈ (Finset.Icc (-↑H) ↑H).erase 0
hzIcc : z ∈ Finset.Icc (-↑H) ↑H
hz0 : z ≠ 0
hzAbs : z.natAbs ≤ H
k : ℕ
h✝ : z = -Int.ofNat k.succ
⊢ z ∈
    Finset.map { toFun := fun k => ↑k.succ, inj' := ⋯ } (Finset.range H) ∪
      Finset.map { toFun := fun k => -↑k.succ, inj' := ⋯ } (Finset.range H)
error: Goldbach/BG_Identity.lean:1172:54: unsolved goals
hinner_eq : innerBand = Finset.Icc (-↑H) ↑H
z : ℤ
h0mem : 0 ∈ Finset.Icc (-↑H) ↑H
⊢ K_full_raw (H + (H + 99) / 100) 0 = (↑H + ↑((H + 99) / 100))⁻¹
error: Goldbach/BG_Identity.lean:1180:12: `inj` is not a field of structure `Function.Embedding`
error: Goldbach/BG_Identity.lean:1179:10: Fields missing: `inj'`

Hint: Add missing fields:
  
  ̲ ̲ ̲ ̲ ̲ ̲ ̲ ̲ ̲ ̲ ̲ ̲ ̲i̲n̲j̲'̲ ̲:̲=̲ ̲_̲
error: Goldbach/BG_Identity.lean:1186:12: `inj` is not a field of structure `Function.Embedding`
error: Goldbach/BG_Identity.lean:1185:10: Fields missing: `inj'`

Hint: Add missing fields:
  
  ̲ ̲ ̲ ̲ ̲ ̲ ̲ ̲ ̲ ̲ ̲ ̲ ̲i̲n̲j̲'̲ ̲:̲=̲ ̲_̲
error: Goldbach/BG_Identity.lean:1195:60: Type mismatch: After simplification, term
  hEq
 has type
  negEmb j = posEmb i
but is expected to have type
  ↑i + 1 = -1 + -↑j
error: Goldbach/BG_Identity.lean:1197:67: Type mismatch: After simplification, term
  this
 has type
  ↑i + 1 = -1 + -↑j
but is expected to have type
  ↑i + 1 + (↑j + 1) = 0
error: Goldbach/BG_Identity.lean:1198:62: mod_cast has type
  ?m.535
of sort `Type ?u.63673` but is expected to have type
  0 < i.succ + j.succ
of sort `Prop`
error: Goldbach/BG_Identity.lean:1198:78: Application type mismatch: The argument
  Nat.succ_pos j
has type
  0 < j.succ
of sort `Prop` but is expected to have type
  ?m.537
of sort `Type ?u.63674` in the application
  ?m.540 + ⋯
error: Goldbach/BG_Identity.lean:1199:33: Type mismatch: After simplification, term
  hpos
 has type
  0 < ↑i + 1 + (↑j + 1)
but is expected to have type
  False
error: Goldbach/BG_Identity.lean:1201:79: Unknown identifier `hband`
error: Goldbach/BG_Identity.lean:1206:85: Invalid argument name `emb` for function `Finset.sum_map`

Hint: Perhaps you meant one of the following parameter names:
  • `ι`: e̵m̵b̵ι̲
  • `κ`: e̵m̵b̵κ̲
  • `M`: e̵m̵b̵M̲
  • `e`: em̵b̵
error: Goldbach/BG_Identity.lean:1210:85: Invalid argument name `emb` for function `Finset.sum_map`

Hint: Perhaps you meant one of the following parameter names:
  • `ι`: e̵m̵b̵ι̲
  • `κ`: e̵m̵b̵κ̲
  • `M`: e̵m̵b̵M̲
  • `e`: em̵b̵
error: Goldbach/BG_Identity.lean:1214:10: maximum recursion depth has been reached
use `set_option maxRecDepth <num>` to increase limit
use `set_option diagnostics true` to get diagnostic information
warning: Goldbach/BG_Identity.lean:1218:16: try 'simp' instead of 'simpa'

Note: This linter can be disabled with `set_option linter.unnecessarySimpa false`
warning: Goldbach/BG_Identity.lean:1224:16: try 'simp' instead of 'simpa'

Note: This linter can be disabled with `set_option linter.unnecessarySimpa false`
error: Goldbach/BG_Identity.lean:1226:6: 'calc' expression has type
  ∑ k ∈ innerBand, K_full k = K_full 0 + 2 * ∑ k ∈ Finset.range H, K_full (Int.ofNat k.succ)
but is expected to have type
  z ∈
      Finset.map { toFun := fun k => ↑k.succ, inj' := ⋯ } (Finset.range H) ∪
        Finset.map { toFun := fun k => -↑k.succ, inj' := ⋯ } (Finset.range H) →
    z ∈ (Finset.Icc (-↑H) ↑H).erase 0
error: Goldbach/BG_Identity.lean:1130:137: unsolved goals
hinner_eq : innerBand = Finset.Icc (-↑H) ↑H
hband :
  (Finset.Icc (-↑H) ↑H).erase 0 =
    Finset.map { toFun := fun k => ↑k.succ, inj' := ⋯ } (Finset.range H) ∪
      Finset.map { toFun := fun k => -↑k.succ, inj' := ⋯ } (Finset.range H)
⊢ ∑ k ∈ innerBand, K_full k = K_full 0 + 2 * ∑ k ∈ Finset.range H, K_full (Int.ofNat k.succ)
warning: Goldbach/BG_Identity.lean:1235:10: try 'simp' instead of 'simpa'

Note: This linter can be disabled with `set_option linter.unnecessarySimpa false`
warning: Goldbach/BG_Identity.lean:1253:8: try 'simp' instead of 'simpa'

Note: This linter can be disabled with `set_option linter.unnecessarySimpa false`
warning: Goldbach/BG_Identity.lean:1266:34: try 'simp' instead of 'simpa'

Note: This linter can be disabled with `set_option linter.unnecessarySimpa false`
error: Goldbach/BG_Identity.lean:1268:4: maximum recursion depth has been reached
use `set_option maxRecDepth <num>` to increase limit
use `set_option diagnostics true` to get diagnostic information
error: Goldbach/BG_Identity.lean:1298:16: maximum recursion depth has been reached
use `set_option maxRecDepth <num>` to increase limit
use `set_option diagnostics true` to get diagnostic information
error: Goldbach/BG_Identity.lean:1311:74: unsolved goals
case h
hinner_eq : innerBand = Finset.Icc (-↑H) ↑H
hsplit : ∑ k ∈ innerBand, K_full k = K_full 0 + 2 * ∑ k ∈ Finset.range H, K_full (Int.ofNat k.succ)
hsum1 : ∑ k ∈ Finset.range H, 1 = ↑H
hsumk : ∑ k ∈ Finset.range H, ↑k.succ = ↑H * (↑H + 1) / 2
hUpos : ↑Ucut ≠ 0
hHU : H ≤ Ucut
this : ∀ k ∈ Finset.range H, K_full (Int.ofNat k.succ) = (1 - ↑k.succ / ↑Ucut) / ↑Ucut
x : ℕ
⊢ (↑x + 1) * (↑H + ↑((H + 99) / 100))⁻¹ = (↑H + ↑((H + 99) / 100))⁻¹ * (↑x + 1)
error: Goldbach/BG_Identity.lean:1318:18: maximum recursion depth has been reached
use `set_option maxRecDepth <num>` to increase limit
use `set_option diagnostics true` to get diagnostic information
error: Goldbach/BG_Identity.lean:1324:87: unsolved goals
hinner_eq : innerBand = Finset.Icc (-↑H) ↑H
hsplit : ∑ k ∈ innerBand, K_full k = K_full 0 + 2 * ∑ k ∈ Finset.range H, K_full (Int.ofNat k.succ)
hsum1 : ∑ k ∈ Finset.range H, 1 = ↑H
hsumk : ∑ k ∈ Finset.range H, ↑k.succ = ↑H * (↑H + 1) / 2
hUpos : ↑Ucut ≠ 0
hHU : H ≤ Ucut
this : ∀ k ∈ Finset.range H, K_full (Int.ofNat k.succ) = (1 - ↑k.succ / ↑Ucut) / ↑Ucut
⊢ ∑ x ∈ Finset.range H, (↑x + 1) = ↑H * (↑H + 1) * 2⁻¹ ∨ ↑H + ↑((H + 99) / 100) = 0
error: Goldbach/BG_Identity.lean:1338:4: maximum recursion depth has been reached
use `set_option maxRecDepth <num>` to increase limit
use `set_option diagnostics true` to get diagnostic information
error: Goldbach/BG_Identity.lean:1347:2: maximum recursion depth has been reached
use `set_option maxRecDepth <num>` to increase limit
use `set_option diagnostics true` to get diagnostic information
warning: Goldbach/BG_Identity.lean:1247:24: This simp argument is unused:
  add_left_comm

Hint: Omit it from the simp argument list.
  simp [Nat.succ_eq_add_one, Finset.sum_add_distrib, Finset.sum_const, Finset.card_range,
             ̵ ̵ ̵ ̵add_comm, add_l̵e̵f̵t̵_̵c̵o̵m̵m̵,̵ ̵ad̵d̵_̵a̵ssoc]

Note: This linter can be disabled with `set_option linter.unusedSimpArgs false`
warning: Goldbach/BG_Identity.lean:1247:39: This simp argument is unused:
  add_assoc

Hint: Omit it from the simp argument list.
  simp [Nat.succ_eq_add_one, Finset.sum_add_distrib, Finset.sum_const, Finset.card_range,
             ̵ ̵ ̵ ̵add_comm, add_left_comm,̵ ̵a̵d̵d̵_̵a̵s̵s̵o̵c̵]

Note: This linter can be disabled with `set_option linter.unusedSimpArgs false`
warning: Goldbach/BG_Identity.lean:1297:64: This simp argument is unused:
  mul_left_comm

Hint: Omit it from the simp argument list.
  simp [div_eq_mul_inv, mul_comm, mul_l̵e̵f̵t̵_̵c̵o̵m̵m̵,̵ ̵m̵u̵l̵_̵assoc]

Note: This linter can be disabled with `set_option linter.unusedSimpArgs false`
warning: Goldbach/BG_Identity.lean:1297:79: This simp argument is unused:
  mul_assoc

Hint: Omit it from the simp argument list.
  simp [div_eq_mul_inv, mul_comm, mul_left_comm,̵ ̵m̵u̵l̵_̵a̵s̵s̵o̵c̵]

Note: This linter can be disabled with `set_option linter.unusedSimpArgs false`
warning: Goldbach/BG_Identity.lean:1326:22: This simp argument is unused:
  hsumk

Hint: Omit it from the simp argument list.
  simp [h̵s̵u̵m̵k̵,̵ ̵div_eq_mul_inv]

Note: This linter can be disabled with `set_option linter.unusedSimpArgs false`
warning: Goldbach/BG_Identity.lean:1349:6: declaration uses 'sorry'
error: Goldbach/BG_Identity.lean:1395:21: maximum recursion depth has been reached
use `set_option maxRecDepth <num>` to increase limit
use `set_option diagnostics true` to get diagnostic information
warning: Goldbach/BG_Identity.lean:1423:28: unused variable `X`

Note: This linter can be disabled with `set_option linter.unusedVariables false`
warning: Goldbach/BG_Identity.lean:1423:30: unused variable `N`

Note: This linter can be disabled with `set_option linter.unusedVariables false`
warning: Goldbach/BG_Identity.lean:1424:28: unused variable `X`

Note: This linter can be disabled with `set_option linter.unusedVariables false`
warning: Goldbach/BG_Identity.lean:1424:30: unused variable `N`

Note: This linter can be disabled with `set_option linter.unusedVariables false`
error: Goldbach/BG_Identity.lean:1450:21: maximum recursion depth has been reached
use `set_option maxRecDepth <num>` to increase limit
use `set_option diagnostics true` to get diagnostic information
error: Goldbach/BG_Identity.lean:1549:0: Unexpected name `BG_Identity` after `end`: The current section is unnamed

Hint: Delete the name `BG_Identity` to end the current unnamed scope; outer named scopes can then be closed using additional `end` command(s):
  end ̵B̵G̵_̵I̵d̵e̵n̵t̵i̵t̵y̵
error: Goldbach/BG_Identity.lean:1550:0: Unexpected name `Goldbach` after `end`: The current section is unnamed

Hint: Delete the name `Goldbach` to end the current unnamed scope; outer named scopes can then be closed using additional `end` command(s):
  end ̵G̵o̵l̵d̵b̵a̵c̵h̵
error: Lean exited with code 1
Some required targets logged failures:
- Goldbach.BG_Identity
error: build failed
⚠ [7587/7613] Replayed Goldbach.Compat
warning: Goldbach/Compat.lean:18:2: try 'simp' instead of 'simpa'

Note: This linter can be disabled with `set_option linter.unnecessarySimpa false`
warning: Goldbach/Compat.lean:24:40: unused variable `hb`

Note: This linter can be disabled with `set_option linter.unusedVariables false`
warning: Goldbach/Compat.lean:50:4: try 'simp' instead of 'simpa'

Note: This linter can be disabled with `set_option linter.unnecessarySimpa false`
⚠ [7590/7613] Replayed Goldbach.Windows
warning: Goldbach/Windows.lean:63:4: try 'simp' instead of 'simpa'

Note: This linter can be disabled with `set_option linter.unnecessarySimpa false`
warning: Goldbach/Windows.lean:68:2: try 'simp' instead of 'simpa'

Note: This linter can be disabled with `set_option linter.unnecessarySimpa false`
warning: Goldbach/Windows.lean:68:38: this tactic is never executed

Note: This linter can be disabled with `set_option linter.unreachableTactic false`
warning: Goldbach/Windows.lean:68:38: 'simpa using hmap' tactic does nothing

Note: This linter can be disabled with `set_option linter.unusedTactic false`
⚠ [7595/7613] Replayed Goldbach.AO_AssembleEnvelope
warning: Goldbach/AO_AssembleEnvelope.lean:67:20: try 'simp' instead of 'simpa'

Note: This linter can be disabled with `set_option linter.unnecessarySimpa false`
⚠ [7597/7613] Replayed Goldbach.AO_Major
warning: Goldbach/AO_Major.lean:21:13: unused variable `hX`

Note: This linter can be disabled with `set_option linter.unusedVariables false`
warning: Goldbach/AO_Major.lean:21:35: unused variable `hN`

Note: This linter can be disabled with `set_option linter.unusedVariables false`
warning: Goldbach/AO_Major.lean:25:24: This simp argument is unused:
  add_assoc

Hint: Omit it from the simp argument list.
  simp [Goldbach.AO_Major.errAO, Goldbach.AO_Major.weight_mass, Goldbach.AO_Core.errAO,
       ̵ ̵ ̵ ̵sub_eq_add_neg, add_a̵s̵s̵o̵c̵,̵ ̵a̵d̵d̵_̵left_comm, add_comm, mul_assoc]

Note: This linter can be disabled with `set_option linter.unusedSimpArgs false`
warning: Goldbach/AO_Major.lean:25:60: This simp argument is unused:
  mul_assoc

Hint: Omit it from the simp argument list.
  simp [Goldbach.AO_Major.errAO, Goldbach.AO_Major.weight_mass, Goldbach.AO_Core.errAO,
       ̵ ̵ ̵ ̵sub_eq_add_neg, add_assoc, add_left_comm, add_comm,̵ ̵m̵u̵l̵_̵a̵s̵s̵o̵c̵]

Note: This linter can be disabled with `set_option linter.unusedSimpArgs false`
warning: Goldbach/AO_Major.lean:46:5: unused variable `h`

Note: This linter can be disabled with `set_option linter.unusedVariables false`
warning: Goldbach/AO_Major.lean:58:24: This simp argument is unused:
  dif_pos

Hint: Omit it from the simp argument list.
  simp only [MPDF, win, d̵i̵f̵_̵p̵o̵s̵,̵ ̵mul_div_assoc']

Note: This linter can be disabled with `set_option linter.unusedSimpArgs false`
warning: Goldbach/AO_Major.lean:58:33: This simp argument is unused:
  mul_div_assoc'

Hint: Omit it from the simp argument list.
  simp only [MPDF, win, dif_pos,̵ ̵m̵u̵l̵_̵d̵i̵v̵_̵a̵s̵s̵o̵c̵'̵]

Note: This linter can be disabled with `set_option linter.unusedSimpArgs false`
warning: Goldbach/AO_Major.lean:81:69: try 'simp' instead of 'simpa'

Note: This linter can be disabled with `set_option linter.unnecessarySimpa false`
warning: Goldbach/AO_Major.lean:82:68: try 'simp' instead of 'simpa'

Note: This linter can be disabled with `set_option linter.unnecessarySimpa false`
warning: Goldbach/AO_Major.lean:83:68: try 'simp' instead of 'simpa'

Note: This linter can be disabled with `set_option linter.unnecessarySimpa false`
warning: Goldbach/AO_Major.lean:85:90: This simp argument is unused:
  add_assoc

Hint: Omit it from the simp argument list.
  simp [sub_eq_add_neg,̵ ̵a̵d̵d̵_̵a̵s̵s̵o̵c̵]

Note: This linter can be disabled with `set_option linter.unusedSimpArgs false`
warning: Goldbach/AO_Major.lean:101:24: This simp argument is unused:
  dif_pos

Hint: Omit it from the simp argument list.
  simp only [MPDF, win,̵ ̵d̵i̵f̵_̵p̵o̵s̵]

Note: This linter can be disabled with `set_option linter.unusedSimpArgs false`
⚠ [7599/7613] Replayed Goldbach.BG_Bank
warning: Goldbach/BG_Bank.lean:13:25: unused variable `n`

Note: This linter can be disabled with `set_option linter.unusedVariables false`
warning: Goldbach/BG_Bank.lean:75:4: try 'simp' instead of 'simpa'

Note: This linter can be disabled with `set_option linter.unnecessarySimpa false`
warning: Goldbach/BG_Bank.lean:75:25: this tactic is never executed

Note: This linter can be disabled with `set_option linter.unreachableTactic false`
warning: Goldbach/BG_Bank.lean:75:25: 'decide' tactic does nothing

Note: This linter can be disabled with `set_option linter.unusedTactic false`
warning: Goldbach/BG_Bank.lean:288:14: try 'simp' instead of 'simpa'

Note: This linter can be disabled with `set_option linter.unnecessarySimpa false`
warning: Goldbach/BG_Bank.lean:188:42: This simp argument is unused:
  Nat.cast_sub hn_le

Hint: Omit it from the simp argument list.
  simp only [Nat.cast_succ,̵ ̵N̵a̵t̵.̵c̵a̵s̵t̵_̵s̵u̵b̵ ̵h̵n̵_̵l̵e̵]

Note: This linter can be disabled with `set_option linter.unusedSimpArgs false`
warning: Goldbach/BG_Bank.lean:194:24: This simp argument is unused:
  abs_of_nonneg hlog_Nm_nn

Hint: Omit it from the simp argument list.
  simp [hp,̵ ̵a̵b̵s̵_̵o̵f̵_̵n̵o̵n̵n̵e̵g̵ ̵h̵l̵o̵g̵_̵N̵m̵_̵n̵n̵]

Note: This linter can be disabled with `set_option linter.unusedSimpArgs false`
warning: Goldbach/BG_Bank.lean:202:24: This simp argument is unused:
  abs_of_nonneg hlog_Np1_nn

Hint: Omit it from the simp argument list.
  simp [hp,̵ ̵a̵b̵s̵_̵o̵f̵_̵n̵o̵n̵n̵e̵g̵ ̵h̵l̵o̵g̵_̵N̵p̵1̵_̵n̵n̵]

Note: This linter can be disabled with `set_option linter.unusedSimpArgs false`
warning: Goldbach/BG_Bank.lean:218:46: This simp argument is unused:
  mul_comm

Hint: Omit it from the simp argument list.
  simp [abs_mul, mul_assoc, m̵u̵l̵_̵c̵o̵m̵m̵,̵ ̵mul_left_comm]

Note: This linter can be disabled with `set_option linter.unusedSimpArgs false`
warning: Goldbach/BG_Bank.lean:326:20: This simp argument is unused:
  hlogXabs

Hint: Omit it from the simp argument list.
  simp [h̵l̵o̵g̵X̵a̵b̵s̵,̵ ̵mul_comm, mul_left_comm, mul_assoc]

Note: This linter can be disabled with `set_option linter.unusedSimpArgs false`
warning: Goldbach/BG_Bank.lean:326:30: This simp argument is unused:
  mul_comm

Hint: Omit it from the simp argument list.
  simp [hlogXabs, m̵u̵l̵_̵c̵o̵m̵m̵,̵ ̵mul_left_comm, mul_assoc]

Note: This linter can be disabled with `set_option linter.unusedSimpArgs false`
warning: Goldbach/BG_Bank.lean:403:14: try 'simp' instead of 'simpa'

Note: This linter can be disabled with `set_option linter.unnecessarySimpa false`
warning: Goldbach/BG_Bank.lean:405:14: try 'simp' instead of 'simpa'

Note: This linter can be disabled with `set_option linter.unnecessarySimpa false`
warning: Goldbach/BG_Bank.lean:407:40: This simp argument is unused:
  add_comm

Hint: Omit it from the simp argument list.
  simp [div_self, hlogX_ne, add_c̵o̵m̵m̵,̵ ̵a̵d̵d̵_̵left_comm, add_assoc]

Note: This linter can be disabled with `set_option linter.unusedSimpArgs false`
warning: Goldbach/BG_Bank.lean:407:50: This simp argument is unused:
  add_left_comm

Hint: Omit it from the simp argument list.
  simp [div_self, hlogX_ne, add_comm, a̵d̵d̵_̵l̵e̵f̵t̵_̵c̵o̵m̵m̵,̵ ̵add_assoc]

Note: This linter can be disabled with `set_option linter.unusedSimpArgs false`
warning: Goldbach/BG_Bank.lean:407:65: This simp argument is unused:
  add_assoc

Hint: Omit it from the simp argument list.
  simp [div_self, hlogX_ne, add_comm, add_left_comm,̵ ̵a̵d̵d̵_̵a̵s̵s̵o̵c̵]

Note: This linter can be disabled with `set_option linter.unusedSimpArgs false`
warning: Goldbach/BG_Bank.lean:547:63: try 'simp' instead of 'simpa'

Note: This linter can be disabled with `set_option linter.unnecessarySimpa false`
warning: Goldbach/BG_Bank.lean:550:47: This simp argument is unused:
  add_comm

Hint: Omit it from the simp argument list.
  simp [add_div, div_self, hlogX_ne, add_c̵o̵m̵m̵,̵ ̵a̵d̵d̵_̵left_comm, add_assoc]

Note: This linter can be disabled with `set_option linter.unusedSimpArgs false`
warning: Goldbach/BG_Bank.lean:550:57: This simp argument is unused:
  add_left_comm

Hint: Omit it from the simp argument list.
  simp [add_div, div_self, hlogX_ne, add_comm, a̵d̵d̵_̵l̵e̵f̵t̵_̵c̵o̵m̵m̵,̵ ̵add_assoc]

Note: This linter can be disabled with `set_option linter.unusedSimpArgs false`
warning: Goldbach/BG_Bank.lean:550:72: This simp argument is unused:
  add_assoc

Hint: Omit it from the simp argument list.
  simp [add_div, div_self, hlogX_ne, add_comm, add_left_comm,̵ ̵a̵d̵d̵_̵a̵s̵s̵o̵c̵]

Note: This linter can be disabled with `set_option linter.unusedSimpArgs false`
warning: Goldbach/BG_Bank.lean:559:56: This simp argument is unused:
  add_left_comm

Hint: Omit it from the simp argument list.
  simp [c, Nat.cast_add, Nat.cast_one, add_assoc, a̵d̵d̵_̵l̵e̵f̵t̵_̵c̵o̵m̵m̵,̵ ̵add_comm, add_div, div_self hX0_ne]

Note: This linter can be disabled with `set_option linter.unusedSimpArgs false`
⚠ [7600/7613] Replayed Goldbach.BG_Operator
warning: Goldbach/BG_Operator.lean:31:2: try 'simp' instead of 'simpa'

Note: This linter can be disabled with `set_option linter.unnecessarySimpa false`
warning: Goldbach/BG_Operator.lean:98:2: try 'simp' instead of 'simpa'

Note: This linter can be disabled with `set_option linter.unnecessarySimpa false`
⚠ [7602/7613] Replayed Goldbach.SingularSeries
warning: Goldbach/SingularSeries.lean:40:5: unused variable `h`

Note: This linter can be disabled with `set_option linter.unusedVariables false`
warning: Goldbach/SingularSeries.lean:88:8: `Finset.eq_empty_iff_forall_not_mem` has been deprecated: Use `Finset.eq_empty_iff_forall_notMem` instead
warning: Goldbach/SingularSeries.lean:98:4: try 'simp' instead of 'simpa'

Note: This linter can be disabled with `set_option linter.unnecessarySimpa false`
warning: Goldbach/SingularSeries.lean:99:28: this tactic is never executed

Note: This linter can be disabled with `set_option linter.unreachableTactic false`
warning: Goldbach/SingularSeries.lean:99:57: this tactic is never executed

Note: This linter can be disabled with `set_option linter.unreachableTactic false`
warning: Goldbach/SingularSeries.lean:99:28: 'decide' tactic does nothing

Note: This linter can be disabled with `set_option linter.unusedTactic false`
warning: Goldbach/SingularSeries.lean:99:57: 'decide' tactic does nothing

Note: This linter can be disabled with `set_option linter.unusedTactic false`
⚠ [7604/7613] Replayed Goldbach.PPNumerics
warning: Goldbach/PPNumerics.lean:24:42: try 'simp' instead of 'simpa'

Note: This linter can be disabled with `set_option linter.unnecessarySimpa false`
warning: Goldbach/PPNumerics.lean:27:6: try 'simp' instead of 'simpa'

Note: This linter can be disabled with `set_option linter.unnecessarySimpa false`
⚠ [7605/7613] Replayed Goldbach.PPBoundSquares
warning: Goldbach/PPBoundSquares.lean:41:8: try 'simp' instead of 'simpa'

Note: This linter can be disabled with `set_option linter.unnecessarySimpa false`
warning: Goldbach/PPBoundSquares.lean:228:10: try 'simp' instead of 'simpa'

Note: This linter can be disabled with `set_option linter.unnecessarySimpa false`
⚠ [7607/7613] Replayed Goldbach.AnalyticGlobal
warning: Goldbach/AnalyticGlobal.lean:65:28: This simp argument is unused:
  one_div

Hint: Omit it from the simp argument list.
  simp [div_eq_mul_inv, o̵n̵e̵_̵d̵i̵v̵,̵ ̵mul_comm]

Note: This linter can be disabled with `set_option linter.unusedSimpArgs false`
warning: Goldbach/AnalyticGlobal.lean:68:30: This simp argument is unused:
  one_div

Hint: Omit it from the simp argument list.
  simp [div_eq_mul_inv, o̵n̵e̵_̵d̵i̵v̵,̵ ̵mul_comm]

Note: This linter can be disabled with `set_option linter.unusedSimpArgs false`
warning: Goldbach/AnalyticGlobal.lean:70:39: This simp argument is unused:
  mul_left_comm

Hint: Omit it from the simp argument list.
  simp [one_div, S_ne, mul_comm, mul_l̵e̵f̵t̵_̵c̵o̵m̵m̵,̵ ̵m̵u̵l̵_̵assoc]

Note: This linter can be disabled with `set_option linter.unusedSimpArgs false`
warning: Goldbach/AnalyticGlobal.lean:70:54: This simp argument is unused:
  mul_assoc

Hint: Omit it from the simp argument list.
  simp [one_div, S_ne, mul_comm, mul_left_comm,̵ ̵m̵u̵l̵_̵a̵s̵s̵o̵c̵]

Note: This linter can be disabled with `set_option linter.unusedSimpArgs false`
⚠ [7608/7613] Replayed Goldbach.BankPieces
warning: Goldbach/BankPieces.lean:15:63: `class ... :=` has been deprecated in favor of `class ... where`.

Note: This linter can be disabled with `set_option linter.deprecated false`
⚠ [7610/7613] Replayed Goldbach.Analytic.MajorBoundFromSigma
warning: Goldbach/Analytic/MajorBoundFromSigma.lean:21:75: `structure ... :=` has been deprecated in favor of `structure ... where`.

Note: This linter can be disabled with `set_option linter.deprecated false`
⚠ [7611/7613] Replayed Goldbach.Analytic.NumericSigma
warning: Goldbach/Analytic/NumericSigma.lean:23:32: unused variable `hX`

Note: This linter can be disabled with `set_option linter.unusedVariables false`
✖ [7613/7613] Building Goldbach.BG_Identity (48s)
trace: .> LEAN_PATH=/Users/benjaminnelson/Desktop/nerd shit/goldbach/builds/Goldbach/.lake/packages/Cli/.lake/build/lib/lean:/Users/benjaminnelson/Desktop/nerd shit/goldbach/builds/Goldbach/.lake/packages/batteries/.lake/build/lib/lean:/Users/benjaminnelson/Desktop/nerd shit/goldbach/builds/Goldbach/.lake/packages/Qq/.lake/build/lib/lean:/Users/benjaminnelson/Desktop/nerd shit/goldbach/builds/Goldbach/.lake/packages/aesop/.lake/build/lib/lean:/Users/benjaminnelson/Desktop/nerd shit/goldbach/builds/Goldbach/.lake/packages/proofwidgets/.lake/build/lib/lean:/Users/benjaminnelson/Desktop/nerd shit/goldbach/builds/Goldbach/.lake/packages/importGraph/.lake/build/lib/lean:/Users/benjaminnelson/Desktop/nerd shit/goldbach/builds/Goldbach/.lake/packages/LeanSearchClient/.lake/build/lib/lean:/Users/benjaminnelson/Desktop/nerd shit/goldbach/builds/Goldbach/.lake/packages/plausible/.lake/build/lib/lean:/Users/benjaminnelson/Desktop/nerd shit/goldbach/builds/Goldbach/.lake/packages/mathlib/.lake/build/lib/lean:/Users/benjaminnelson/Desktop/nerd shit/goldbach/builds/Goldbach/.lake/build/lib/lean /Users/benjaminnelson/.elan/toolchains/leanprover--lean4---v4.26.0-rc2/bin/lean /Users/benjaminnelson/Desktop/nerd shit/goldbach/builds/Goldbach/Goldbach/BG_Identity.lean -o /Users/benjaminnelson/Desktop/nerd shit/goldbach/builds/Goldbach/.lake/build/lib/lean/Goldbach/BG_Identity.olean -i /Users/benjaminnelson/Desktop/nerd shit/goldbach/builds/Goldbach/.lake/build/lib/lean/Goldbach/BG_Identity.ilean -c /Users/benjaminnelson/Desktop/nerd shit/goldbach/builds/Goldbach/.lake/build/ir/Goldbach/BG_Identity.c --setup /Users/benjaminnelson/Desktop/nerd shit/goldbach/builds/Goldbach/.lake/build/ir/Goldbach/BG_Identity.setup.json --json
warning: Goldbach/BG_Identity.lean:138:48: This simp argument is unused:
  add_comm

Hint: Omit it from the simp argument list.
  simp [Finset.sum_insert, hk, ih, mul_add, a̵d̵d̵_̵c̵o̵m̵m̵,̵ ̵add_left_comm, add_assoc, mul_comm, mul_left_comm,
  ̲  ̲ ̲ ̲ ̲ ̲ ̲ ̲mul_assoc]

Note: This linter can be disabled with `set_option linter.unusedSimpArgs false`
warning: Goldbach/BG_Identity.lean:138:58: This simp argument is unused:
  add_left_comm

Hint: Omit it from the simp argument list.
  simp [Finset.sum_insert, hk, ih, mul_add, add_comm, a̵d̵d̵_̵l̵e̵f̵t̵_̵c̵o̵m̵m̵,̵add_assoc, mul_comm, mul_left_comm,
  ̲  ̲ ̲ ̲ ̲ ̲ ̲ ̲mul_assoc]

Note: This linter can be disabled with `set_option linter.unusedSimpArgs false`
warning: Goldbach/BG_Identity.lean:139:12: This simp argument is unused:
  add_assoc

Hint: Omit it from the simp argument list.
  simp [Finset.sum_insert, hk, ih, mul_add, add_comm, add_left_comm, a̵d̵d̵_̵a̵s̵s̵o̵c̵,̵ ̵mul_comm, mul_left_comm,
  ̲  ̲ ̲ ̲ ̲ ̲ ̲ ̲mul_assoc]

Note: This linter can be disabled with `set_option linter.unusedSimpArgs false`
warning: Goldbach/BG_Identity.lean:139:23: This simp argument is unused:
  mul_comm

Hint: Omit it from the simp argument list.
  simp [Finset.sum_insert, hk, ih, mul_add, add_comm, add_left_comm, add_assoc, m̵u̵l̵_̵c̵o̵m̵m̵,̵ ̵mul_left_comm,
  ̲  ̲ ̲ ̲ ̲ ̲ ̲ ̲mul_assoc]

Note: This linter can be disabled with `set_option linter.unusedSimpArgs false`
warning: Goldbach/BG_Identity.lean:139:33: This simp argument is unused:
  mul_left_comm

Hint: Omit it from the simp argument list.
  simp [Finset.sum_insert, hk, ih, mul_add, add_comm, add_left_comm, add_assoc, mul_comm,
  ̲  ̲ ̲ ̲ ̲ ̲ ̲ ̲m̵u̵l̵_̵l̵e̵f̵t̵_̵c̵o̵m̵m̵,̵ ̵mul_assoc]

Note: This linter can be disabled with `set_option linter.unusedSimpArgs false`
warning: Goldbach/BG_Identity.lean:139:48: This simp argument is unused:
  mul_assoc

Hint: Omit it from the simp argument list.
  simp [Finset.sum_insert, hk, ih, mul_add, add_comm, add_left_comm, add_assoc, mul_comm,
  ̲  ̲ ̲ ̲ ̲ ̲ ̲ ̲m̵u̵l̵_̵l̵e̵f̵t̵_̵c̵o̵m̵m̵,̵ ̵m̵u̵l̵_̵a̵s̵s̵o̵c̵]̵m̲u̲l̲_̲l̲e̲f̲t̲_̲c̲o̲m̲m̲]̲

Note: This linter can be disabled with `set_option linter.unusedSimpArgs false`
error: Goldbach/BG_Identity.lean:192:6: Tactic `subst` failed: invalid equality proof, it is not of the form (x = t) or (t = x)
  Ucut = 0

case pos
m : ℕ
hm : m ≤ Ucut
hU : Ucut = 0
⊢ 0 ≤ 1 - ↑m / ↑Ucut
error: Goldbach/BG_Identity.lean:186:76: unsolved goals
m : ℕ
hm : m ≤ Ucut
hnonneg : 0 ≤ 1 - ↑m / ↑Ucut
hmax : max (1 - ↑m / ↑Ucut) 0 = 1 - ↑m / ↑Ucut
⊢ max (1 - ↑m / (↑H + ↑((H + 99) / 100))) 0 / (↑H + ↑((H + 99) / 100)) =
    (1 - ↑m / (↑H + ↑((H + 99) / 100))) / (↑H + ↑((H + 99) / 100))
warning: Goldbach/BG_Identity.lean:205:8: This simp argument is unused:
  hmax

Hint: Omit it from the simp argument list.
  simp ̵[̵h̵m̵a̵x̵]̵

Note: This linter can be disabled with `set_option linter.unusedSimpArgs false`
warning: Goldbach/BG_Identity.lean:231:10: This simp argument is unused:
  Finset.sum_insert

Hint: Omit it from the simp argument list.
  simp [̵F̵i̵n̵s̵e̵t̵.̵s̵u̵m̵_̵i̵n̵s̵e̵r̵t̵,̵ ̵h̵a̵,̵[̲h̲a̲,̲ ih, mul_add, add_comm, add_left_comm, add_assoc, mul_comm, mul_left_comm, mul_assoc]

Note: This linter can be disabled with `set_option linter.unusedSimpArgs false`
warning: Goldbach/BG_Identity.lean:231:33: This simp argument is unused:
  ih

Hint: Omit it from the simp argument list.
  simp [Finset.sum_insert, ha, i̵h̵,̵ ̵mul_add, add_comm, add_left_comm,
  ̵  ̵ ̵ ̵ ̵ ̵ ̵ ̵ ̵ ̵add_assoc, mul_comm,
  ̲  ̲ ̲ ̲ ̲ ̲mul_left_comm, mul_assoc]

Note: This linter can be disabled with `set_option linter.unusedSimpArgs false`
warning: Goldbach/BG_Identity.lean:231:56: This simp argument is unused:
  add_left_comm

Hint: Omit it from the simp argument list.
  simp [Finset.sum_insert, ha, ih, mul_add, add_comm, a̵d̵d̵_̵l̵e̵f̵t̵_̵c̵o̵m̵m̵,̵add_assoc, mul_comm, mul_left_comm,
  ̲  ̲ ̲ ̲ ̲ ̲mul_assoc]

Note: This linter can be disabled with `set_option linter.unusedSimpArgs false`
warning: Goldbach/BG_Identity.lean:232:10: This simp argument is unused:
  add_assoc

Hint: Omit it from the simp argument list.
  simp [Finset.sum_insert, ha, ih, mul_add, add_comm, add_left_comm, a̵d̵d̵_̵a̵s̵s̵o̵c̵,̵ ̵mul_comm, mul_left_comm,
  ̲  ̲ ̲ ̲ ̲ ̲mul_assoc]

Note: This linter can be disabled with `set_option linter.unusedSimpArgs false`
warning: Goldbach/BG_Identity.lean:232:31: This simp argument is unused:
  mul_left_comm

Hint: Omit it from the simp argument list.
  simp [Finset.sum_insert, ha, ih, mul_add, add_comm, add_left_comm, add_assoc, mul_comm,
  ̲  ̲ ̲ ̲ ̲ ̲m̵u̵l̵_̵l̵e̵f̵t̵_̵c̵o̵m̵m̵,̵ ̵mul_assoc]

Note: This linter can be disabled with `set_option linter.unusedSimpArgs false`
warning: Goldbach/BG_Identity.lean:232:46: This simp argument is unused:
  mul_assoc

Hint: Omit it from the simp argument list.
  simp [Finset.sum_insert, ha, ih, mul_add, add_comm, add_left_comm, add_assoc, mul_comm,
  ̲  ̲ ̲ ̲ ̲ ̲m̵u̵l̵_̵l̵e̵f̵t̵_̵c̵o̵m̵m̵,̵ ̵m̵u̵l̵_̵a̵s̵s̵o̵c̵]̵m̲u̲l̲_̲l̲e̲f̲t̲_̲c̲o̲m̲m̲]̲

Note: This linter can be disabled with `set_option linter.unusedSimpArgs false`
warning: Goldbach/BG_Identity.lean:328:6: declaration uses 'sorry'
warning: Goldbach/BG_Identity.lean:357:23: This simp argument is unused:
  Int.ofNat_sub hHN

Hint: Omit it from the simp argument list.
  simp only [̵I̵n̵t̵.̵o̵f̵N̵a̵t̵_̵s̵u̵b̵ ̵h̵H̵N̵]̵ ̵at hZint

Note: This linter can be disabled with `set_option linter.unusedSimpArgs false`
warning: Goldbach/BG_Identity.lean:422:4: try 'simp' instead of 'simpa'

Note: This linter can be disabled with `set_option linter.unnecessarySimpa false`
warning: Goldbach/BG_Identity.lean:445:25: try 'simp' instead of 'simpa'

Note: This linter can be disabled with `set_option linter.unnecessarySimpa false`
warning: Goldbach/BG_Identity.lean:488:6: declaration uses 'sorry'
warning: Goldbach/BG_Identity.lean:525:15: unused variable `hX`

Note: This linter can be disabled with `set_option linter.unusedVariables false`
warning: Goldbach/BG_Identity.lean:526:5: unused variable `hN`

Note: This linter can be disabled with `set_option linter.unusedVariables false`
warning: Goldbach/BG_Identity.lean:558:5: unused variable `hk`

Note: This linter can be disabled with `set_option linter.unusedVariables false`
warning: Goldbach/BG_Identity.lean:583:28: This simp argument is unused:
  hUpos.ne'

Hint: Omit it from the simp argument list.
  s̵i̵m̵p̵ ̵[̵K̵_̵f̵u̵l̵l̵,̵ ̵K̵_̵f̵u̵l̵l̵_̵r̵a̵w̵,̵ ̵h̵U̵p̵o̵s̵.̵n̵e̵'̵]̵ ̵a̵t̵ ̵*̵s̲i̲m̲p̲ ̲[̲K̲_̲f̲u̲l̲l̲,̲
  ̲ ̲ ̲ ̲ ̲K̲_̲f̲u̲l̲l̲_̲r̲a̲w̲]̲ ̲a̲t̲ ̲*̲
  ̲ ̲ ̲ ̲ ̲ ̲ ̲-̲-̲ ̲a̲f̲t̲e̲r̲ ̲s̲i̲m̲p̲,̲ ̲g̲o̲a̲l̲ ̲b̲e̲c̲o̲m̲e̲s̲ ̲`̲0̲ ̲<̲ ̲1̲ ̲/̲ ̲(̲U̲c̲u̲t̲:̲ℝ̲)̲`̲
  ̲ ̲ ̲ ̲ ̲ ̲ ̲

Note: This linter can be disabled with `set_option linter.unusedSimpArgs false`
warning: Goldbach/BG_Identity.lean:608:5: unused variable `h`

Note: This linter can be disabled with `set_option linter.unusedVariables false`
warning: Goldbach/BG_Identity.lean:615:5: unused variable `h`

Note: This linter can be disabled with `set_option linter.unusedVariables false`
warning: Goldbach/BG_Identity.lean:631:25: unused variable `X`

Note: This linter can be disabled with `set_option linter.unusedVariables false`
warning: Goldbach/BG_Identity.lean:631:27: unused variable `N`

Note: This linter can be disabled with `set_option linter.unusedVariables false`
warning: Goldbach/BG_Identity.lean:655:5: unused variable `h`

Note: This linter can be disabled with `set_option linter.unusedVariables false`
error: Goldbach/BG_Identity.lean:669:10: Unknown identifier `Kernel.conv_ref_const_eq_sigma_mass_of`
warning: Goldbach/BG_Identity.lean:684:8: try 'simp' instead of 'simpa'

Note: This linter can be disabled with `set_option linter.unnecessarySimpa false`
warning: Goldbach/BG_Identity.lean:712:34: unused variable `hk`

Note: This linter can be disabled with `set_option linter.unusedVariables false`
warning: Goldbach/BG_Identity.lean:716:35: unused variable `hk`

Note: This linter can be disabled with `set_option linter.unusedVariables false`
error: Goldbach/BG_Identity.lean:773:20: failed to synthesize
  HMul (ℕ → ℝ) ℝ ?m.11

Hint: Additional diagnostic information may be available using the `set_option diagnostics true` command.
error: Goldbach/BG_Identity.lean:781:20: typeclass instance problem is stuck
  HMul (ℕ → ℝ) ?m.14 ℝ

Note: Lean will not try to resolve this typeclass instance problem because the second type argument to `HMul` is a metavariable. This argument must be fully determined before Lean will try to resolve the typeclass.

Hint: Adding type annotations and supplying implicit arguments to functions can give Lean more information for typeclass resolution. For example, if you have a variable `x` that you intend to be a `Nat`, but Lean reports it as having an unresolved type like `?m`, replacing `x` with `(x : Nat)` can get typeclass resolution un-stuck.
error: Goldbach/BG_Identity.lean:791:60: unsolved goals
⊢ False
error: Goldbach/BG_Identity.lean:809:58: unsolved goals
⊢ -((↑H + 99) / 100) ≤ ↑H ∧ 0 ≤ ↑H + (↑H + 99) / 100
error: Goldbach/BG_Identity.lean:831:26: Unknown constant `Int.natAbs_eq_ofNat_abs`
error: Goldbach/BG_Identity.lean:837:12: linarith failed to find a contradiction
case h
h0 : 0 ∈ bandU
z : ℤ
hz : z ∈ bandU.erase 0
hzIcc : z ∈ Finset.Icc (-↑Ucut) ↑Ucut
hz0 : z ≠ 0
this : -↑Ucut ≤ z ∧ z ≤ ↑Ucut
hle : z ≤ ↑Ucut
hneg : -↑Ucut ≤ z
hz' : ↑z.natAbs = max (-z) z
a✝ : ↑Ucut < ↑z.natAbs
⊢ False
failed
error: Goldbach/BG_Identity.lean:845:59: mod_cast has type
  ?m.225 = ?m.225
but is expected to have type
  z.natAbs = 0
error: Goldbach/BG_Identity.lean:849:12: Type mismatch
  hzabs0
has type
  z.natAbs = 0
but is expected to have type
  z.natAbs ≠ 0
error: Goldbach/BG_Identity.lean:851:17: Invalid `⟨...⟩` notation: The expected type
  z.natAbs - 1 < Ucut ∧ z = Int.ofNat (z.natAbs - 1).succ ∨ z = -Int.ofNat (z.natAbs - 1).succ
has more than one constructor

Note: This notation can only be used when the expected type is an inductive type with a single constructor
error: Goldbach/BG_Identity.lean:852:10: No goals to be solved
error: Goldbach/BG_Identity.lean:865:69: Application type mismatch: The argument
  hkpos
has type
  k < Ucut
but is expected to have type
  k ∈ Finset.range Ucut
in the application
  And.intro hkpos
error: Goldbach/BG_Identity.lean:820:6: unsolved goals
case h.mp.inr
h0 : 0 ∈ bandU
z : ℤ
hz : z ∈ bandU.erase 0
hzIcc : z ∈ Finset.Icc (-↑Ucut) ↑Ucut
hz0 : z ≠ 0
hzAbs : z.natAbs ≤ Ucut
k : ℕ
h✝ : z = -Int.ofNat k.succ
⊢ z ∈
    Finset.map { toFun := fun k => ↑k.succ, inj' := ⋯ } (Finset.range Ucut) ∪
      Finset.map { toFun := fun k => -↑k.succ, inj' := ⋯ } (Finset.range Ucut)
error: Goldbach/BG_Identity.lean:866:54: unsolved goals
h0 : 0 ∈ bandU
z : ℤ
⊢ K_full_raw (H + (H + 99) / 100) 0 = (↑H + ↑((H + 99) / 100))⁻¹
error: Goldbach/BG_Identity.lean:879:34: maximum recursion depth has been reached
use `set_option maxRecDepth <num>` to increase limit
use `set_option diagnostics true` to get diagnostic information
error: Goldbach/BG_Identity.lean:880:28: Type mismatch
  hk
has type
  k ∈ Finset.map { toFun := fun k => ↑k.succ, inj' := ⋯ } (Finset.range Ucut)
but is expected to have type
  ∀ (a₂ : ℤ) (ha₂ : a₂ ∈ Finset.map { toFun := fun k => ↑k.succ, inj' := ⋯ } (Finset.range Ucut)),
    (fun k hk => k) k hk = (fun k hk => k) a₂ ha₂ → k = a₂
error: Goldbach/BG_Identity.lean:881:14: unsolved goals
case heq
h0 : 0 ∈ bandU
z : ℤ
h0val : K_full 0 = 1 / ↑Ucut
k : ℤ
hk : k ∈ Finset.map { toFun := fun k => -↑k.succ, inj' := ⋯ } (Finset.range Ucut)
⊢ ∃ a < H + (H + 99) / 100, ↑a + 1 = k
error: Goldbach/BG_Identity.lean:882:28: Type mismatch
  hk
has type
  k ∈ Finset.map { toFun := fun k => ↑k.succ, inj' := ⋯ } (Finset.range Ucut)
but is expected to have type
  K_full k = K_full ((fun k hk => k) k hk)
error: Goldbach/BG_Identity.lean:899:68: Type mismatch: After simplification, term
  hbEq
 has type
  -1 + -↑b' = ↑a' + 1
but is expected to have type
  ↑a' + 1 = -1 + -↑b'
error: Goldbach/BG_Identity.lean:900:16: linarith failed to find a contradiction
h0 : 0 ∈ bandU
z : ℤ
h0val : K_full 0 = 1 / ↑Ucut
hpair :
  ∑ k ∈ Finset.map { toFun := fun k => ↑k.succ, inj' := ⋯ } (Finset.range Ucut), K_full k =
    ∑ k ∈ Finset.map { toFun := fun k => -↑k.succ, inj' := ⋯ } (Finset.range Ucut), K_full k
a' : ℕ
ha' : a' ∈ Finset.range Ucut
ha :
  { toFun := fun k => ↑k.succ, inj' := ⋯ } a' ∈ Finset.map { toFun := fun k => ↑k.succ, inj' := ⋯ } (Finset.range Ucut)
hb :
  { toFun := fun k => ↑k.succ, inj' := ⋯ } a' ∈ Finset.map { toFun := fun k => -↑k.succ, inj' := ⋯ } (Finset.range Ucut)
b' : ℕ
hb' : b' ∈ Finset.range Ucut
hbEq : { toFun := fun k => -↑k.succ, inj' := ⋯ } b' = { toFun := fun k => ↑k.succ, inj' := ⋯ } a'
hbPos : ↑b'.succ ≠ 0
this : ↑a'.succ = -↑b'.succ
⊢ False
failed
error: Goldbach/BG_Identity.lean:917:92: Unknown identifier `hpos`
error: Goldbach/BG_Identity.lean:919:6: 'calc' expression has type
  ∑ k ∈ bandU, K_full k = K_full 0 + 2 * ∑ k ∈ Finset.range Ucut, K_full (Int.ofNat k.succ)
but is expected to have type
  z ∈
      Finset.map { toFun := fun k => ↑k.succ, inj' := ⋯ } (Finset.range Ucut) ∪
        Finset.map { toFun := fun k => -↑k.succ, inj' := ⋯ } (Finset.range Ucut) →
    z ∈ bandU.erase 0
error: Goldbach/BG_Identity.lean:806:93: unsolved goals
h0 : 0 ∈ bandU
hpos :
  bandU.erase 0 =
    Finset.map { toFun := fun k => ↑k.succ, inj' := ⋯ } (Finset.range Ucut) ∪
      Finset.map { toFun := fun k => -↑k.succ, inj' := ⋯ } (Finset.range Ucut)
⊢ ∑ k ∈ bandU, K_full k = K_full 0 + 2 * ∑ k ∈ Finset.range Ucut, K_full (Int.ofNat k.succ)
error: Goldbach/BG_Identity.lean:922:22: maximum recursion depth has been reached
use `set_option maxRecDepth <num>` to increase limit
use `set_option diagnostics true` to get diagnostic information
warning: Goldbach/BG_Identity.lean:924:10: try 'simp' instead of 'simpa'

Note: This linter can be disabled with `set_option linter.unnecessarySimpa false`
warning: Goldbach/BG_Identity.lean:943:22: `Finset.range_succ` has been deprecated: Use `Finset.range_add_one` instead
error: Goldbach/BG_Identity.lean:941:72: unsolved goals
hsplit : ∑ k ∈ bandU, K_full k = K_full 0 + 2 * ∑ k ∈ Finset.range Ucut, K_full (Int.ofNat k.succ)
hsum1 : ∑ k ∈ Finset.range Ucut, 1 = ↑Ucut
this : ∑ i ∈ Finset.range Ucut.succ, i = Ucut.succ * (Ucut.succ - 1) / 2
⊢ H + (H + 99) / 100 + ∑ x ∈ Finset.range (H + (H + 99) / 100), x =
    ∑ x ∈ Finset.range (H + (H + 99) / 100), x + (H + (H + 99) / 100)
error: Goldbach/BG_Identity.lean:945:10: Type mismatch: After simplification, term
  Finset.sum_range_id
 has type
  ∀ (n : ℕ), ∑ i ∈ Finset.range n, i = n * (n - 1) / 2
but is expected to have type
  ∑ i ∈ Finset.range (H + (H + 99) / 100 + 1), i = (H + (H + 99) / 100 + 1) * (H + (H + 99) / 100) / 2
error: Goldbach/BG_Identity.lean:946:8: linarith failed to find a contradiction
case h1.h
hsplit : ∑ k ∈ bandU, K_full k = K_full 0 + 2 * ∑ k ∈ Finset.range Ucut, K_full (Int.ofNat k.succ)
hsum1 : ∑ k ∈ Finset.range Ucut, 1 = ↑Ucut
this : ∑ i ∈ Finset.range Ucut.succ, i = Ucut.succ * (Ucut.succ - 1) / 2
hrewrite : ∑ i ∈ Finset.range Ucut.succ, i = ∑ k ∈ Finset.range Ucut, k.succ
hs : ∑ i ∈ Finset.range Ucut.succ, i = Ucut.succ * Ucut / 2
a✝ : ∑ k ∈ Finset.range Ucut, k.succ < Ucut * (Ucut + 1) / 2
⊢ False
failed
error: Goldbach/BG_Identity.lean:948:6: maximum recursion depth has been reached
use `set_option maxRecDepth <num>` to increase limit
use `set_option diagnostics true` to get diagnostic information
error: Goldbach/BG_Identity.lean:955:16: maximum recursion depth has been reached
use `set_option maxRecDepth <num>` to increase limit
use `set_option diagnostics true` to get diagnostic information
error: Goldbach/BG_Identity.lean:967:68: unsolved goals
hsplit : ∑ k ∈ bandU, K_full k = K_full 0 + 2 * ∑ k ∈ Finset.range Ucut, K_full (Int.ofNat k.succ)
hsum1 : ∑ k ∈ Finset.range Ucut, 1 = ↑Ucut
hsumk : ∑ k ∈ Finset.range Ucut, ↑k.succ = ↑Ucut * (↑Ucut + 1) / 2
hUpos : 0 < ↑Ucut
hUpos' : ↑Ucut ≠ 0
⊢ (↑H + ↑((H + 99) / 100) - ∑ x ∈ Finset.range (H + (H + 99) / 100), (↑x + 1) / (↑H + ↑((H + 99) / 100))) /
      (↑H + ↑((H + 99) / 100)) =
    (↑H + ↑((H + 99) / 100))⁻¹ *
      (↑H + ↑((H + 99) / 100) - ∑ x ∈ Finset.range (H + (H + 99) / 100), (↑x + 1) / (↑H + ↑((H + 99) / 100)))
info: Goldbach/BG_Identity.lean:973:8: Try this:
  [apply] ring_nf
  
  The `ring` tactic failed to close the goal. Use `ring_nf` to obtain a normal form.
    
  Note that `ring` works primarily in *commutative* rings. If you have a noncommutative ring, abelian group or module, consider using `noncomm_ring`, `abel` or `module` instead.
error: Goldbach/BG_Identity.lean:970:96: unsolved goals
hsplit : ∑ k ∈ bandU, K_full k = K_full 0 + 2 * ∑ k ∈ Finset.range Ucut, K_full (Int.ofNat k.succ)
hsum1 : ∑ k ∈ Finset.range Ucut, 1 = ↑Ucut
hsumk : ∑ k ∈ Finset.range Ucut, ↑k.succ = ↑Ucut * (↑Ucut + 1) / 2
hUpos : 0 < ↑Ucut
hUpos' : ↑Ucut ≠ 0
⊢ ↑Ucut * (↑Ucut)⁻¹ - (↑Ucut)⁻¹ * ∑ x ∈ Finset.range Ucut, (↑Ucut)⁻¹ * ↑x.succ =
    ↑Ucut * (↑Ucut)⁻¹ + ↑Ucut * (↑Ucut)⁻¹ ^ 2 * (-1 / 2) + ↑Ucut ^ 2 * (↑Ucut)⁻¹ ^ 2 * (-1 / 2)
info: Goldbach/BG_Identity.lean:975:33: Try this:
  [apply] ring_nf
  
  The `ring` tactic failed to close the goal. Use `ring_nf` to obtain a normal form.
    
  Note that `ring` works primarily in *commutative* rings. If you have a noncommutative ring, abelian group or module, consider using `noncomm_ring`, `abel` or `module` instead.
error: Goldbach/BG_Identity.lean:974:34: unsolved goals
hsplit : ∑ k ∈ bandU, K_full k = K_full 0 + 2 * ∑ k ∈ Finset.range Ucut, K_full (Int.ofNat k.succ)
hsum1 : ∑ k ∈ Finset.range Ucut, 1 = ↑Ucut
hsumk : ∑ k ∈ Finset.range Ucut, ↑k.succ = ↑Ucut * (↑Ucut + 1) / 2
hUpos : 0 < ↑Ucut
⊢ -1 + ↑Ucut = -↑Ucut + ↑Ucut ^ 2
error: Goldbach/BG_Identity.lean:984:58: unsolved goals
hsplit : ∑ k ∈ bandU, K_full k = K_full 0 + 2 * ∑ k ∈ Finset.range Ucut, K_full (Int.ofNat k.succ)
hpos_eval : ∑ k ∈ Finset.range Ucut, K_full (Int.ofNat k.succ) = (↑Ucut - 1) / 2
hUpos : ↑Ucut ≠ 0
this : ∑ k ∈ bandU, K_full k = K_full 0 + 2 * ∑ k ∈ Finset.range Ucut, K_full (Int.ofNat k.succ)
⊢ K_full_raw (H + (H + 99) / 100) 0 = (↑H + ↑((H + 99) / 100))⁻¹
info: Goldbach/BG_Identity.lean:993:6: Try this:
  [apply] ring_nf
  
  The `ring` tactic failed to close the goal. Use `ring_nf` to obtain a normal form.
    
  Note that `ring` works primarily in *commutative* rings. If you have a noncommutative ring, abelian group or module, consider using `noncomm_ring`, `abel` or `module` instead.
error: Goldbach/BG_Identity.lean:987:13: unsolved goals
hsplit : ∑ k ∈ bandU, K_full k = K_full 0 + 2 * ∑ k ∈ Finset.range Ucut, K_full (Int.ofNat k.succ)
hpos_eval : ∑ k ∈ Finset.range Ucut, K_full (Int.ofNat k.succ) = (↑Ucut - 1) / 2
hUpos hUpos' : ↑Ucut ≠ 0
hUpos'' : 0 < ↑Ucut
⊢ 1 - ↑Ucut + ↑Ucut ^ 2 = ↑Ucut
warning: Goldbach/BG_Identity.lean:810:14: This simp argument is unused:
  bandU

Hint: Omit it from the simp argument list.
  simp ̵[̵b̵a̵n̵d̵U̵]̵

Note: This linter can be disabled with `set_option linter.unusedSimpArgs false`
warning: Goldbach/BG_Identity.lean:969:14: This simp argument is unused:
  Finset.sum_mul

Hint: Omit it from the simp argument list.
  simp [F̵i̵n̵s̵e̵t̵.̵s̵u̵m̵_̵m̵u̵l̵,̵ ̵hUpos']

Note: This linter can be disabled with `set_option linter.unusedSimpArgs false`
warning: Goldbach/BG_Identity.lean:969:30: This simp argument is unused:
  hUpos'

Hint: Omit it from the simp argument list.
  simp [Finset.sum_mul,̵ ̵h̵U̵p̵o̵s̵'̵]

Note: This linter can be disabled with `set_option linter.unusedSimpArgs false`
warning: Goldbach/BG_Identity.lean:972:43: This simp argument is unused:
  Finset.sum_div

Hint: Omit it from the simp argument list.
  simp only [Finset.sum_sub_distrib, F̵i̵n̵s̵e̵t̵.̵s̵u̵m̵_̵d̵i̵v̵,̵ ̵hsum1, hsumk]

Note: This linter can be disabled with `set_option linter.unusedSimpArgs false`
warning: Goldbach/BG_Identity.lean:972:66: This simp argument is unused:
  hsumk

Hint: Omit it from the simp argument list.
  simp only [Finset.sum_sub_distrib, Finset.sum_div, hsum1,̵ ̵h̵s̵u̵m̵k̵]

Note: This linter can be disabled with `set_option linter.unusedSimpArgs false`
error: Goldbach/BG_Identity.lean:1008:27: Invalid argument name `bandU` for function `sum_bandU`
error: Goldbach/BG_Identity.lean:1031:30: unsolved goals
Kadm : BG.AdmissibleKernel Ucut
⊢ 0 ∈ BG_Bank.S_BG
warning: Goldbach/BG_Identity.lean:1048:5: unused variable `h`

Note: This linter can be disabled with `set_option linter.unusedVariables false`
error: Goldbach/BG_Identity.lean:1067:53: Type mismatch: After simplification, term
  hk
 has type
  k ∈ BG_Bank.S_BG
but is expected to have type
  -↑H ≤ k ∧ k ≤ ↑H
error: Goldbach/BG_Identity.lean:1072:6: Tactic `simp` failed with a nested error:
maximum recursion depth has been reached
use `set_option maxRecDepth <num>` to increase limit
use `set_option diagnostics true` to get diagnostic information
warning: Goldbach/BG_Identity.lean:1092:54: try 'simp' instead of 'simpa'

Note: This linter can be disabled with `set_option linter.unnecessarySimpa false`
error: Goldbach/BG_Identity.lean:1107:14: Type mismatch: After simplification, term
  Finset.mem_Icc.mpr hkIcc_pair
 has type
  -↑H ≤ k ∧ k ≤ ↑H
but is expected to have type
  k ∈ BG_Bank.S_BG
error: Goldbach/BG_Identity.lean:1109:53: Type mismatch: After simplification, term
  hk
 has type
  k ∈ BG_Bank.S_BG
but is expected to have type
  -↑H ≤ k ∧ k ≤ ↑H
warning: Goldbach/BG_Identity.lean:1112:6: try 'simp' instead of 'simpa'

Note: This linter can be disabled with `set_option linter.unnecessarySimpa false`
error: Goldbach/BG_Identity.lean:1147:55: linarith failed to find a contradiction
case h
hinner_eq : innerBand = Finset.Icc (-↑H) ↑H
z : ℤ
hz : z ∈ (Finset.Icc (-↑H) ↑H).erase 0
hzIcc : z ∈ Finset.Icc (-↑H) ↑H
hz0 : z ≠ 0
this : -↑H ≤ z ∧ z ≤ ↑H
hle : z ≤ ↑H
hneg : -↑H ≤ z
a✝ : ↑H < ↑z.natAbs
⊢ False
failed
error: Goldbach/BG_Identity.lean:1155:33: Function expected at
  Int.natAbs_eq_zero
but this term has type
  Int.natAbs ?m.243 = 0 ↔ ?m.243 = 0

Note: Expected a function because this term is being applied to the argument
  hzabs0
error: Goldbach/BG_Identity.lean:1158:17: Invalid `⟨...⟩` notation: The expected type
  z.natAbs - 1 < H ∧ z = Int.ofNat (z.natAbs - 1).succ ∨ z = -Int.ofNat (z.natAbs - 1).succ
has more than one constructor

Note: This notation can only be used when the expected type is an inductive type with a single constructor
error: Goldbach/BG_Identity.lean:1159:10: No goals to be solved
error: Goldbach/BG_Identity.lean:1137:6: unsolved goals
case h.mp.inl
hinner_eq : innerBand = Finset.Icc (-↑H) ↑H
k : ℕ
hkpos : k < H
hz : Int.ofNat k.succ ∈ (Finset.Icc (-↑H) ↑H).erase 0
hzIcc : Int.ofNat k.succ ∈ Finset.Icc (-↑H) ↑H
hz0 : Int.ofNat k.succ ≠ 0
hzAbs : (Int.ofNat k.succ).natAbs ≤ H
⊢ Int.ofNat k.succ ∈
    Finset.map { toFun := fun k => ↑k.succ, inj' := ⋯ } (Finset.range H) ∪
      Finset.map { toFun := fun k => -↑k.succ, inj' := ⋯ } (Finset.range H)

case h.mp.inr
hinner_eq : innerBand = Finset.Icc (-↑H) ↑H
z : ℤ
hz : z ∈ (Finset.Icc (-↑H) ↑H).erase 0
hzIcc : z ∈ Finset.Icc (-↑H) ↑H
hz0 : z ≠ 0
hzAbs : z.natAbs ≤ H
k : ℕ
h✝ : z = -Int.ofNat k.succ
⊢ z ∈
    Finset.map { toFun := fun k => ↑k.succ, inj' := ⋯ } (Finset.range H) ∪
      Finset.map { toFun := fun k => -↑k.succ, inj' := ⋯ } (Finset.range H)
error: Goldbach/BG_Identity.lean:1172:54: unsolved goals
hinner_eq : innerBand = Finset.Icc (-↑H) ↑H
z : ℤ
h0mem : 0 ∈ Finset.Icc (-↑H) ↑H
⊢ K_full_raw (H + (H + 99) / 100) 0 = (↑H + ↑((H + 99) / 100))⁻¹
error: Goldbach/BG_Identity.lean:1180:12: `inj` is not a field of structure `Function.Embedding`
error: Goldbach/BG_Identity.lean:1179:10: Fields missing: `inj'`

Hint: Add missing fields:
  
  ̲ ̲ ̲ ̲ ̲ ̲ ̲ ̲ ̲ ̲ ̲ ̲ ̲i̲n̲j̲'̲ ̲:̲=̲ ̲_̲
error: Goldbach/BG_Identity.lean:1186:12: `inj` is not a field of structure `Function.Embedding`
error: Goldbach/BG_Identity.lean:1185:10: Fields missing: `inj'`

Hint: Add missing fields:
  
  ̲ ̲ ̲ ̲ ̲ ̲ ̲ ̲ ̲ ̲ ̲ ̲ ̲i̲n̲j̲'̲ ̲:̲=̲ ̲_̲
error: Goldbach/BG_Identity.lean:1195:60: Type mismatch: After simplification, term
  hEq
 has type
  negEmb j = posEmb i
but is expected to have type
  ↑i + 1 = -1 + -↑j
error: Goldbach/BG_Identity.lean:1197:67: Type mismatch: After simplification, term
  this
 has type
  ↑i + 1 = -1 + -↑j
but is expected to have type
  ↑i + 1 + (↑j + 1) = 0
error: Goldbach/BG_Identity.lean:1198:62: mod_cast has type
  ?m.535
of sort `Type ?u.63673` but is expected to have type
  0 < i.succ + j.succ
of sort `Prop`
error: Goldbach/BG_Identity.lean:1198:78: Application type mismatch: The argument
  Nat.succ_pos j
has type
  0 < j.succ
of sort `Prop` but is expected to have type
  ?m.537
of sort `Type ?u.63674` in the application
  ?m.540 + ⋯
error: Goldbach/BG_Identity.lean:1199:33: Type mismatch: After simplification, term
  hpos
 has type
  0 < ↑i + 1 + (↑j + 1)
but is expected to have type
  False
error: Goldbach/BG_Identity.lean:1201:79: Unknown identifier `hband`
error: Goldbach/BG_Identity.lean:1206:85: Invalid argument name `emb` for function `Finset.sum_map`

Hint: Perhaps you meant one of the following parameter names:
  • `ι`: e̵m̵b̵ι̲
  • `κ`: e̵m̵b̵κ̲
  • `M`: e̵m̵b̵M̲
  • `e`: em̵b̵
error: Goldbach/BG_Identity.lean:1210:85: Invalid argument name `emb` for function `Finset.sum_map`

Hint: Perhaps you meant one of the following parameter names:
  • `ι`: e̵m̵b̵ι̲
  • `κ`: e̵m̵b̵κ̲
  • `M`: e̵m̵b̵M̲
  • `e`: em̵b̵
error: Goldbach/BG_Identity.lean:1214:10: maximum recursion depth has been reached
use `set_option maxRecDepth <num>` to increase limit
use `set_option diagnostics true` to get diagnostic information
warning: Goldbach/BG_Identity.lean:1218:16: try 'simp' instead of 'simpa'

Note: This linter can be disabled with `set_option linter.unnecessarySimpa false`
warning: Goldbach/BG_Identity.lean:1224:16: try 'simp' instead of 'simpa'

Note: This linter can be disabled with `set_option linter.unnecessarySimpa false`
error: Goldbach/BG_Identity.lean:1226:6: 'calc' expression has type
  ∑ k ∈ innerBand, K_full k = K_full 0 + 2 * ∑ k ∈ Finset.range H, K_full (Int.ofNat k.succ)
but is expected to have type
  z ∈
      Finset.map { toFun := fun k => ↑k.succ, inj' := ⋯ } (Finset.range H) ∪
        Finset.map { toFun := fun k => -↑k.succ, inj' := ⋯ } (Finset.range H) →
    z ∈ (Finset.Icc (-↑H) ↑H).erase 0
error: Goldbach/BG_Identity.lean:1130:137: unsolved goals
hinner_eq : innerBand = Finset.Icc (-↑H) ↑H
hband :
  (Finset.Icc (-↑H) ↑H).erase 0 =
    Finset.map { toFun := fun k => ↑k.succ, inj' := ⋯ } (Finset.range H) ∪
      Finset.map { toFun := fun k => -↑k.succ, inj' := ⋯ } (Finset.range H)
⊢ ∑ k ∈ innerBand, K_full k = K_full 0 + 2 * ∑ k ∈ Finset.range H, K_full (Int.ofNat k.succ)
warning: Goldbach/BG_Identity.lean:1235:10: try 'simp' instead of 'simpa'

Note: This linter can be disabled with `set_option linter.unnecessarySimpa false`
warning: Goldbach/BG_Identity.lean:1253:8: try 'simp' instead of 'simpa'

Note: This linter can be disabled with `set_option linter.unnecessarySimpa false`
warning: Goldbach/BG_Identity.lean:1266:34: try 'simp' instead of 'simpa'

Note: This linter can be disabled with `set_option linter.unnecessarySimpa false`
error: Goldbach/BG_Identity.lean:1268:4: maximum recursion depth has been reached
use `set_option maxRecDepth <num>` to increase limit
use `set_option diagnostics true` to get diagnostic information
error: Goldbach/BG_Identity.lean:1298:16: maximum recursion depth has been reached
use `set_option maxRecDepth <num>` to increase limit
use `set_option diagnostics true` to get diagnostic information
error: Goldbach/BG_Identity.lean:1311:95: unsolved goals
hinner_eq : innerBand = Finset.Icc (-↑H) ↑H
hsplit : ∑ k ∈ innerBand, K_full k = K_full 0 + 2 * ∑ k ∈ Finset.range H, K_full (Int.ofNat k.succ)
hsum1 : ∑ k ∈ Finset.range H, 1 = ↑H
hsumk : ∑ k ∈ Finset.range H, ↑k.succ = ↑H * (↑H + 1) / 2
hUpos : ↑Ucut ≠ 0
hHU : H ≤ Ucut
this : ∀ k ∈ Finset.range H, K_full (Int.ofNat k.succ) = (1 - ↑k.succ / ↑Ucut) / ↑Ucut
⊢ (∑ x ∈ Finset.range H, (↑x + 1)) * (↑H + ↑((H + 99) / 100))⁻¹ =
      (↑H + ↑((H + 99) / 100))⁻¹ * ∑ x ∈ Finset.range H, (↑x + 1) ∨
    ↑H + ↑((H + 99) / 100) = 0
error: Goldbach/BG_Identity.lean:1314:87: unsolved goals
hinner_eq : innerBand = Finset.Icc (-↑H) ↑H
hsplit : ∑ k ∈ innerBand, K_full k = K_full 0 + 2 * ∑ k ∈ Finset.range H, K_full (Int.ofNat k.succ)
hsum1 : ∑ k ∈ Finset.range H, 1 = ↑H
hsumk : ∑ k ∈ Finset.range H, ↑k.succ = ↑H * (↑H + 1) / 2
hUpos : ↑Ucut ≠ 0
hHU : H ≤ Ucut
this : ∀ k ∈ Finset.range H, K_full (Int.ofNat k.succ) = (1 - ↑k.succ / ↑Ucut) / ↑Ucut
⊢ ∑ x ∈ Finset.range H, (↑x + 1) = ↑H * (↑H + 1) * 2⁻¹ ∨ ↑H + ↑((H + 99) / 100) = 0
error: Goldbach/BG_Identity.lean:1328:4: maximum recursion depth has been reached
use `set_option maxRecDepth <num>` to increase limit
use `set_option diagnostics true` to get diagnostic information
error: Goldbach/BG_Identity.lean:1337:2: maximum recursion depth has been reached
use `set_option maxRecDepth <num>` to increase limit
use `set_option diagnostics true` to get diagnostic information
warning: Goldbach/BG_Identity.lean:1247:24: This simp argument is unused:
  add_left_comm

Hint: Omit it from the simp argument list.
  simp [Nat.succ_eq_add_one, Finset.sum_add_distrib, Finset.sum_const, Finset.card_range,
             ̵ ̵ ̵ ̵add_comm, add_l̵e̵f̵t̵_̵c̵o̵m̵m̵,̵ ̵ad̵d̵_̵a̵ssoc]

Note: This linter can be disabled with `set_option linter.unusedSimpArgs false`
warning: Goldbach/BG_Identity.lean:1247:39: This simp argument is unused:
  add_assoc

Hint: Omit it from the simp argument list.
  simp [Nat.succ_eq_add_one, Finset.sum_add_distrib, Finset.sum_const, Finset.card_range,
             ̵ ̵ ̵ ̵add_comm, add_left_comm,̵ ̵a̵d̵d̵_̵a̵s̵s̵o̵c̵]

Note: This linter can be disabled with `set_option linter.unusedSimpArgs false`
warning: Goldbach/BG_Identity.lean:1297:64: This simp argument is unused:
  mul_left_comm

Hint: Omit it from the simp argument list.
  simp [div_eq_mul_inv, mul_comm, mul_l̵e̵f̵t̵_̵c̵o̵m̵m̵,̵ ̵m̵u̵l̵_̵assoc]

Note: This linter can be disabled with `set_option linter.unusedSimpArgs false`
warning: Goldbach/BG_Identity.lean:1297:79: This simp argument is unused:
  mul_assoc

Hint: Omit it from the simp argument list.
  simp [div_eq_mul_inv, mul_comm, mul_left_comm,̵ ̵m̵u̵l̵_̵a̵s̵s̵o̵c̵]

Note: This linter can be disabled with `set_option linter.unusedSimpArgs false`
warning: Goldbach/BG_Identity.lean:1316:22: This simp argument is unused:
  hsumk

Hint: Omit it from the simp argument list.
  simp [h̵s̵u̵m̵k̵,̵ ̵div_eq_mul_inv]

Note: This linter can be disabled with `set_option linter.unusedSimpArgs false`
warning: Goldbach/BG_Identity.lean:1339:6: declaration uses 'sorry'
error: Goldbach/BG_Identity.lean:1385:21: maximum recursion depth has been reached
use `set_option maxRecDepth <num>` to increase limit
use `set_option diagnostics true` to get diagnostic information
warning: Goldbach/BG_Identity.lean:1413:28: unused variable `X`

Note: This linter can be disabled with `set_option linter.unusedVariables false`
warning: Goldbach/BG_Identity.lean:1413:30: unused variable `N`

Note: This linter can be disabled with `set_option linter.unusedVariables false`
warning: Goldbach/BG_Identity.lean:1414:28: unused variable `X`

Note: This linter can be disabled with `set_option linter.unusedVariables false`
warning: Goldbach/BG_Identity.lean:1414:30: unused variable `N`

Note: This linter can be disabled with `set_option linter.unusedVariables false`
error: Goldbach/BG_Identity.lean:1440:21: maximum recursion depth has been reached
use `set_option maxRecDepth <num>` to increase limit
use `set_option diagnostics true` to get diagnostic information
error: Goldbach/BG_Identity.lean:1539:0: Unexpected name `BG_Identity` after `end`: The current section is unnamed

Hint: Delete the name `BG_Identity` to end the current unnamed scope; outer named scopes can then be closed using additional `end` command(s):
  end ̵B̵G̵_̵I̵d̵e̵n̵t̵i̵t̵y̵
error: Goldbach/BG_Identity.lean:1540:0: Unexpected name `Goldbach` after `end`: The current section is unnamed

Hint: Delete the name `Goldbach` to end the current unnamed scope; outer named scopes can then be closed using additional `end` command(s):
  end ̵G̵o̵l̵d̵b̵a̵c̵h̵
error: Lean exited with code 1
Some required targets logged failures:
- Goldbach.BG_Identity
error: build failed
⚠ [7587/7613] Replayed Goldbach.Compat
warning: Goldbach/Compat.lean:18:2: try 'simp' instead of 'simpa'

Note: This linter can be disabled with `set_option linter.unnecessarySimpa false`
warning: Goldbach/Compat.lean:24:40: unused variable `hb`

Note: This linter can be disabled with `set_option linter.unusedVariables false`
warning: Goldbach/Compat.lean:50:4: try 'simp' instead of 'simpa'

Note: This linter can be disabled with `set_option linter.unnecessarySimpa false`
⚠ [7590/7613] Replayed Goldbach.Windows
warning: Goldbach/Windows.lean:63:4: try 'simp' instead of 'simpa'

Note: This linter can be disabled with `set_option linter.unnecessarySimpa false`
warning: Goldbach/Windows.lean:68:2: try 'simp' instead of 'simpa'

Note: This linter can be disabled with `set_option linter.unnecessarySimpa false`
warning: Goldbach/Windows.lean:68:38: this tactic is never executed

Note: This linter can be disabled with `set_option linter.unreachableTactic false`
warning: Goldbach/Windows.lean:68:38: 'simpa using hmap' tactic does nothing

Note: This linter can be disabled with `set_option linter.unusedTactic false`
⚠ [7595/7613] Replayed Goldbach.AO_AssembleEnvelope
warning: Goldbach/AO_AssembleEnvelope.lean:67:20: try 'simp' instead of 'simpa'

Note: This linter can be disabled with `set_option linter.unnecessarySimpa false`
⚠ [7597/7613] Replayed Goldbach.AO_Major
warning: Goldbach/AO_Major.lean:21:13: unused variable `hX`

Note: This linter can be disabled with `set_option linter.unusedVariables false`
warning: Goldbach/AO_Major.lean:21:35: unused variable `hN`

Note: This linter can be disabled with `set_option linter.unusedVariables false`
warning: Goldbach/AO_Major.lean:25:24: This simp argument is unused:
  add_assoc

Hint: Omit it from the simp argument list.
  simp [Goldbach.AO_Major.errAO, Goldbach.AO_Major.weight_mass, Goldbach.AO_Core.errAO,
       ̵ ̵ ̵ ̵sub_eq_add_neg, add_a̵s̵s̵o̵c̵,̵ ̵a̵d̵d̵_̵left_comm, add_comm, mul_assoc]

Note: This linter can be disabled with `set_option linter.unusedSimpArgs false`
warning: Goldbach/AO_Major.lean:25:60: This simp argument is unused:
  mul_assoc

Hint: Omit it from the simp argument list.
  simp [Goldbach.AO_Major.errAO, Goldbach.AO_Major.weight_mass, Goldbach.AO_Core.errAO,
       ̵ ̵ ̵ ̵sub_eq_add_neg, add_assoc, add_left_comm, add_comm,̵ ̵m̵u̵l̵_̵a̵s̵s̵o̵c̵]

Note: This linter can be disabled with `set_option linter.unusedSimpArgs false`
warning: Goldbach/AO_Major.lean:46:5: unused variable `h`

Note: This linter can be disabled with `set_option linter.unusedVariables false`
warning: Goldbach/AO_Major.lean:58:24: This simp argument is unused:
  dif_pos

Hint: Omit it from the simp argument list.
  simp only [MPDF, win, d̵i̵f̵_̵p̵o̵s̵,̵ ̵mul_div_assoc']

Note: This linter can be disabled with `set_option linter.unusedSimpArgs false`
warning: Goldbach/AO_Major.lean:58:33: This simp argument is unused:
  mul_div_assoc'

Hint: Omit it from the simp argument list.
  simp only [MPDF, win, dif_pos,̵ ̵m̵u̵l̵_̵d̵i̵v̵_̵a̵s̵s̵o̵c̵'̵]

Note: This linter can be disabled with `set_option linter.unusedSimpArgs false`
warning: Goldbach/AO_Major.lean:81:69: try 'simp' instead of 'simpa'

Note: This linter can be disabled with `set_option linter.unnecessarySimpa false`
warning: Goldbach/AO_Major.lean:82:68: try 'simp' instead of 'simpa'

Note: This linter can be disabled with `set_option linter.unnecessarySimpa false`
warning: Goldbach/AO_Major.lean:83:68: try 'simp' instead of 'simpa'

Note: This linter can be disabled with `set_option linter.unnecessarySimpa false`
warning: Goldbach/AO_Major.lean:85:90: This simp argument is unused:
  add_assoc

Hint: Omit it from the simp argument list.
  simp [sub_eq_add_neg,̵ ̵a̵d̵d̵_̵a̵s̵s̵o̵c̵]

Note: This linter can be disabled with `set_option linter.unusedSimpArgs false`
warning: Goldbach/AO_Major.lean:101:24: This simp argument is unused:
  dif_pos

Hint: Omit it from the simp argument list.
  simp only [MPDF, win,̵ ̵d̵i̵f̵_̵p̵o̵s̵]

Note: This linter can be disabled with `set_option linter.unusedSimpArgs false`
⚠ [7599/7613] Replayed Goldbach.BG_Bank
warning: Goldbach/BG_Bank.lean:13:25: unused variable `n`

Note: This linter can be disabled with `set_option linter.unusedVariables false`
warning: Goldbach/BG_Bank.lean:75:4: try 'simp' instead of 'simpa'

Note: This linter can be disabled with `set_option linter.unnecessarySimpa false`
warning: Goldbach/BG_Bank.lean:75:25: this tactic is never executed

Note: This linter can be disabled with `set_option linter.unreachableTactic false`
warning: Goldbach/BG_Bank.lean:75:25: 'decide' tactic does nothing

Note: This linter can be disabled with `set_option linter.unusedTactic false`
warning: Goldbach/BG_Bank.lean:288:14: try 'simp' instead of 'simpa'

Note: This linter can be disabled with `set_option linter.unnecessarySimpa false`
warning: Goldbach/BG_Bank.lean:188:42: This simp argument is unused:
  Nat.cast_sub hn_le

Hint: Omit it from the simp argument list.
  simp only [Nat.cast_succ,̵ ̵N̵a̵t̵.̵c̵a̵s̵t̵_̵s̵u̵b̵ ̵h̵n̵_̵l̵e̵]

Note: This linter can be disabled with `set_option linter.unusedSimpArgs false`
warning: Goldbach/BG_Bank.lean:194:24: This simp argument is unused:
  abs_of_nonneg hlog_Nm_nn

Hint: Omit it from the simp argument list.
  simp [hp,̵ ̵a̵b̵s̵_̵o̵f̵_̵n̵o̵n̵n̵e̵g̵ ̵h̵l̵o̵g̵_̵N̵m̵_̵n̵n̵]

Note: This linter can be disabled with `set_option linter.unusedSimpArgs false`
warning: Goldbach/BG_Bank.lean:202:24: This simp argument is unused:
  abs_of_nonneg hlog_Np1_nn

Hint: Omit it from the simp argument list.
  simp [hp,̵ ̵a̵b̵s̵_̵o̵f̵_̵n̵o̵n̵n̵e̵g̵ ̵h̵l̵o̵g̵_̵N̵p̵1̵_̵n̵n̵]

Note: This linter can be disabled with `set_option linter.unusedSimpArgs false`
warning: Goldbach/BG_Bank.lean:218:46: This simp argument is unused:
  mul_comm

Hint: Omit it from the simp argument list.
  simp [abs_mul, mul_assoc, m̵u̵l̵_̵c̵o̵m̵m̵,̵ ̵mul_left_comm]

Note: This linter can be disabled with `set_option linter.unusedSimpArgs false`
warning: Goldbach/BG_Bank.lean:326:20: This simp argument is unused:
  hlogXabs

Hint: Omit it from the simp argument list.
  simp [h̵l̵o̵g̵X̵a̵b̵s̵,̵ ̵mul_comm, mul_left_comm, mul_assoc]

Note: This linter can be disabled with `set_option linter.unusedSimpArgs false`
warning: Goldbach/BG_Bank.lean:326:30: This simp argument is unused:
  mul_comm

Hint: Omit it from the simp argument list.
  simp [hlogXabs, m̵u̵l̵_̵c̵o̵m̵m̵,̵ ̵mul_left_comm, mul_assoc]

Note: This linter can be disabled with `set_option linter.unusedSimpArgs false`
warning: Goldbach/BG_Bank.lean:403:14: try 'simp' instead of 'simpa'

Note: This linter can be disabled with `set_option linter.unnecessarySimpa false`
warning: Goldbach/BG_Bank.lean:405:14: try 'simp' instead of 'simpa'

Note: This linter can be disabled with `set_option linter.unnecessarySimpa false`
warning: Goldbach/BG_Bank.lean:407:40: This simp argument is unused:
  add_comm

Hint: Omit it from the simp argument list.
  simp [div_self, hlogX_ne, add_c̵o̵m̵m̵,̵ ̵a̵d̵d̵_̵left_comm, add_assoc]

Note: This linter can be disabled with `set_option linter.unusedSimpArgs false`
warning: Goldbach/BG_Bank.lean:407:50: This simp argument is unused:
  add_left_comm

Hint: Omit it from the simp argument list.
  simp [div_self, hlogX_ne, add_comm, a̵d̵d̵_̵l̵e̵f̵t̵_̵c̵o̵m̵m̵,̵ ̵add_assoc]

Note: This linter can be disabled with `set_option linter.unusedSimpArgs false`
warning: Goldbach/BG_Bank.lean:407:65: This simp argument is unused:
  add_assoc

Hint: Omit it from the simp argument list.
  simp [div_self, hlogX_ne, add_comm, add_left_comm,̵ ̵a̵d̵d̵_̵a̵s̵s̵o̵c̵]

Note: This linter can be disabled with `set_option linter.unusedSimpArgs false`
warning: Goldbach/BG_Bank.lean:547:63: try 'simp' instead of 'simpa'

Note: This linter can be disabled with `set_option linter.unnecessarySimpa false`
warning: Goldbach/BG_Bank.lean:550:47: This simp argument is unused:
  add_comm

Hint: Omit it from the simp argument list.
  simp [add_div, div_self, hlogX_ne, add_c̵o̵m̵m̵,̵ ̵a̵d̵d̵_̵left_comm, add_assoc]

Note: This linter can be disabled with `set_option linter.unusedSimpArgs false`
warning: Goldbach/BG_Bank.lean:550:57: This simp argument is unused:
  add_left_comm

Hint: Omit it from the simp argument list.
  simp [add_div, div_self, hlogX_ne, add_comm, a̵d̵d̵_̵l̵e̵f̵t̵_̵c̵o̵m̵m̵,̵ ̵add_assoc]

Note: This linter can be disabled with `set_option linter.unusedSimpArgs false`
warning: Goldbach/BG_Bank.lean:550:72: This simp argument is unused:
  add_assoc

Hint: Omit it from the simp argument list.
  simp [add_div, div_self, hlogX_ne, add_comm, add_left_comm,̵ ̵a̵d̵d̵_̵a̵s̵s̵o̵c̵]

Note: This linter can be disabled with `set_option linter.unusedSimpArgs false`
warning: Goldbach/BG_Bank.lean:559:56: This simp argument is unused:
  add_left_comm

Hint: Omit it from the simp argument list.
  simp [c, Nat.cast_add, Nat.cast_one, add_assoc, a̵d̵d̵_̵l̵e̵f̵t̵_̵c̵o̵m̵m̵,̵ ̵add_comm, add_div, div_self hX0_ne]

Note: This linter can be disabled with `set_option linter.unusedSimpArgs false`
⚠ [7600/7613] Replayed Goldbach.BG_Operator
warning: Goldbach/BG_Operator.lean:31:2: try 'simp' instead of 'simpa'

Note: This linter can be disabled with `set_option linter.unnecessarySimpa false`
warning: Goldbach/BG_Operator.lean:98:2: try 'simp' instead of 'simpa'

Note: This linter can be disabled with `set_option linter.unnecessarySimpa false`
⚠ [7602/7613] Replayed Goldbach.SingularSeries
warning: Goldbach/SingularSeries.lean:40:5: unused variable `h`

Note: This linter can be disabled with `set_option linter.unusedVariables false`
warning: Goldbach/SingularSeries.lean:88:8: `Finset.eq_empty_iff_forall_not_mem` has been deprecated: Use `Finset.eq_empty_iff_forall_notMem` instead
warning: Goldbach/SingularSeries.lean:98:4: try 'simp' instead of 'simpa'

Note: This linter can be disabled with `set_option linter.unnecessarySimpa false`
warning: Goldbach/SingularSeries.lean:99:28: this tactic is never executed

Note: This linter can be disabled with `set_option linter.unreachableTactic false`
warning: Goldbach/SingularSeries.lean:99:57: this tactic is never executed

Note: This linter can be disabled with `set_option linter.unreachableTactic false`
warning: Goldbach/SingularSeries.lean:99:28: 'decide' tactic does nothing

Note: This linter can be disabled with `set_option linter.unusedTactic false`
warning: Goldbach/SingularSeries.lean:99:57: 'decide' tactic does nothing

Note: This linter can be disabled with `set_option linter.unusedTactic false`
⚠ [7604/7613] Replayed Goldbach.PPNumerics
warning: Goldbach/PPNumerics.lean:24:42: try 'simp' instead of 'simpa'

Note: This linter can be disabled with `set_option linter.unnecessarySimpa false`
warning: Goldbach/PPNumerics.lean:27:6: try 'simp' instead of 'simpa'

Note: This linter can be disabled with `set_option linter.unnecessarySimpa false`
⚠ [7605/7613] Replayed Goldbach.PPBoundSquares
warning: Goldbach/PPBoundSquares.lean:41:8: try 'simp' instead of 'simpa'

Note: This linter can be disabled with `set_option linter.unnecessarySimpa false`
warning: Goldbach/PPBoundSquares.lean:228:10: try 'simp' instead of 'simpa'

Note: This linter can be disabled with `set_option linter.unnecessarySimpa false`
⚠ [7607/7613] Replayed Goldbach.AnalyticGlobal
warning: Goldbach/AnalyticGlobal.lean:65:28: This simp argument is unused:
  one_div

Hint: Omit it from the simp argument list.
  simp [div_eq_mul_inv, o̵n̵e̵_̵d̵i̵v̵,̵ ̵mul_comm]

Note: This linter can be disabled with `set_option linter.unusedSimpArgs false`
warning: Goldbach/AnalyticGlobal.lean:68:30: This simp argument is unused:
  one_div

Hint: Omit it from the simp argument list.
  simp [div_eq_mul_inv, o̵n̵e̵_̵d̵i̵v̵,̵ ̵mul_comm]

Note: This linter can be disabled with `set_option linter.unusedSimpArgs false`
warning: Goldbach/AnalyticGlobal.lean:70:39: This simp argument is unused:
  mul_left_comm

Hint: Omit it from the simp argument list.
  simp [one_div, S_ne, mul_comm, mul_l̵e̵f̵t̵_̵c̵o̵m̵m̵,̵ ̵m̵u̵l̵_̵assoc]

Note: This linter can be disabled with `set_option linter.unusedSimpArgs false`
warning: Goldbach/AnalyticGlobal.lean:70:54: This simp argument is unused:
  mul_assoc

Hint: Omit it from the simp argument list.
  simp [one_div, S_ne, mul_comm, mul_left_comm,̵ ̵m̵u̵l̵_̵a̵s̵s̵o̵c̵]

Note: This linter can be disabled with `set_option linter.unusedSimpArgs false`
⚠ [7608/7613] Replayed Goldbach.BankPieces
warning: Goldbach/BankPieces.lean:15:63: `class ... :=` has been deprecated in favor of `class ... where`.

Note: This linter can be disabled with `set_option linter.deprecated false`
⚠ [7610/7613] Replayed Goldbach.Analytic.MajorBoundFromSigma
warning: Goldbach/Analytic/MajorBoundFromSigma.lean:21:75: `structure ... :=` has been deprecated in favor of `structure ... where`.

Note: This linter can be disabled with `set_option linter.deprecated false`
⚠ [7611/7613] Replayed Goldbach.Analytic.NumericSigma
warning: Goldbach/Analytic/NumericSigma.lean:23:32: unused variable `hX`

Note: This linter can be disabled with `set_option linter.unusedVariables false`
✖ [7613/7613] Building Goldbach.BG_Identity (44s)
trace: .> LEAN_PATH=/Users/benjaminnelson/Desktop/nerd shit/goldbach/builds/Goldbach/.lake/packages/Cli/.lake/build/lib/lean:/Users/benjaminnelson/Desktop/nerd shit/goldbach/builds/Goldbach/.lake/packages/batteries/.lake/build/lib/lean:/Users/benjaminnelson/Desktop/nerd shit/goldbach/builds/Goldbach/.lake/packages/Qq/.lake/build/lib/lean:/Users/benjaminnelson/Desktop/nerd shit/goldbach/builds/Goldbach/.lake/packages/aesop/.lake/build/lib/lean:/Users/benjaminnelson/Desktop/nerd shit/goldbach/builds/Goldbach/.lake/packages/proofwidgets/.lake/build/lib/lean:/Users/benjaminnelson/Desktop/nerd shit/goldbach/builds/Goldbach/.lake/packages/importGraph/.lake/build/lib/lean:/Users/benjaminnelson/Desktop/nerd shit/goldbach/builds/Goldbach/.lake/packages/LeanSearchClient/.lake/build/lib/lean:/Users/benjaminnelson/Desktop/nerd shit/goldbach/builds/Goldbach/.lake/packages/plausible/.lake/build/lib/lean:/Users/benjaminnelson/Desktop/nerd shit/goldbach/builds/Goldbach/.lake/packages/mathlib/.lake/build/lib/lean:/Users/benjaminnelson/Desktop/nerd shit/goldbach/builds/Goldbach/.lake/build/lib/lean /Users/benjaminnelson/.elan/toolchains/leanprover--lean4---v4.26.0-rc2/bin/lean /Users/benjaminnelson/Desktop/nerd shit/goldbach/builds/Goldbach/Goldbach/BG_Identity.lean -o /Users/benjaminnelson/Desktop/nerd shit/goldbach/builds/Goldbach/.lake/build/lib/lean/Goldbach/BG_Identity.olean -i /Users/benjaminnelson/Desktop/nerd shit/goldbach/builds/Goldbach/.lake/build/lib/lean/Goldbach/BG_Identity.ilean -c /Users/benjaminnelson/Desktop/nerd shit/goldbach/builds/Goldbach/.lake/build/ir/Goldbach/BG_Identity.c --setup /Users/benjaminnelson/Desktop/nerd shit/goldbach/builds/Goldbach/.lake/build/ir/Goldbach/BG_Identity.setup.json --json
warning: Goldbach/BG_Identity.lean:138:48: This simp argument is unused:
  add_comm

Hint: Omit it from the simp argument list.
  simp [Finset.sum_insert, hk, ih, mul_add, a̵d̵d̵_̵c̵o̵m̵m̵,̵ ̵add_left_comm, add_assoc, mul_comm, mul_left_comm,
  ̲  ̲ ̲ ̲ ̲ ̲ ̲ ̲mul_assoc]

Note: This linter can be disabled with `set_option linter.unusedSimpArgs false`
warning: Goldbach/BG_Identity.lean:138:58: This simp argument is unused:
  add_left_comm

Hint: Omit it from the simp argument list.
  simp [Finset.sum_insert, hk, ih, mul_add, add_comm, a̵d̵d̵_̵l̵e̵f̵t̵_̵c̵o̵m̵m̵,̵add_assoc, mul_comm, mul_left_comm,
  ̲  ̲ ̲ ̲ ̲ ̲ ̲ ̲mul_assoc]

Note: This linter can be disabled with `set_option linter.unusedSimpArgs false`
warning: Goldbach/BG_Identity.lean:139:12: This simp argument is unused:
  add_assoc

Hint: Omit it from the simp argument list.
  simp [Finset.sum_insert, hk, ih, mul_add, add_comm, add_left_comm, a̵d̵d̵_̵a̵s̵s̵o̵c̵,̵ ̵mul_comm, mul_left_comm,
  ̲  ̲ ̲ ̲ ̲ ̲ ̲ ̲mul_assoc]

Note: This linter can be disabled with `set_option linter.unusedSimpArgs false`
warning: Goldbach/BG_Identity.lean:139:23: This simp argument is unused:
  mul_comm

Hint: Omit it from the simp argument list.
  simp [Finset.sum_insert, hk, ih, mul_add, add_comm, add_left_comm, add_assoc, m̵u̵l̵_̵c̵o̵m̵m̵,̵ ̵mul_left_comm,
  ̲  ̲ ̲ ̲ ̲ ̲ ̲ ̲mul_assoc]

Note: This linter can be disabled with `set_option linter.unusedSimpArgs false`
warning: Goldbach/BG_Identity.lean:139:33: This simp argument is unused:
  mul_left_comm

Hint: Omit it from the simp argument list.
  simp [Finset.sum_insert, hk, ih, mul_add, add_comm, add_left_comm, add_assoc, mul_comm,
  ̲  ̲ ̲ ̲ ̲ ̲ ̲ ̲m̵u̵l̵_̵l̵e̵f̵t̵_̵c̵o̵m̵m̵,̵ ̵mul_assoc]

Note: This linter can be disabled with `set_option linter.unusedSimpArgs false`
warning: Goldbach/BG_Identity.lean:139:48: This simp argument is unused:
  mul_assoc

Hint: Omit it from the simp argument list.
  simp [Finset.sum_insert, hk, ih, mul_add, add_comm, add_left_comm, add_assoc, mul_comm,
  ̲  ̲ ̲ ̲ ̲ ̲ ̲ ̲m̵u̵l̵_̵l̵e̵f̵t̵_̵c̵o̵m̵m̵,̵ ̵m̵u̵l̵_̵a̵s̵s̵o̵c̵]̵m̲u̲l̲_̲l̲e̲f̲t̲_̲c̲o̲m̲m̲]̲

Note: This linter can be disabled with `set_option linter.unusedSimpArgs false`
error: Goldbach/BG_Identity.lean:192:6: Tactic `subst` failed: invalid equality proof, it is not of the form (x = t) or (t = x)
  Ucut = 0

case pos
m : ℕ
hm : m ≤ Ucut
hU : Ucut = 0
⊢ 0 ≤ 1 - ↑m / ↑Ucut
error: Goldbach/BG_Identity.lean:186:76: unsolved goals
m : ℕ
hm : m ≤ Ucut
hnonneg : 0 ≤ 1 - ↑m / ↑Ucut
hmax : max (1 - ↑m / ↑Ucut) 0 = 1 - ↑m / ↑Ucut
⊢ max (1 - ↑m / (↑H + ↑((H + 99) / 100))) 0 / (↑H + ↑((H + 99) / 100)) =
    (1 - ↑m / (↑H + ↑((H + 99) / 100))) / (↑H + ↑((H + 99) / 100))
warning: Goldbach/BG_Identity.lean:205:8: This simp argument is unused:
  hmax

Hint: Omit it from the simp argument list.
  simp ̵[̵h̵m̵a̵x̵]̵

Note: This linter can be disabled with `set_option linter.unusedSimpArgs false`
warning: Goldbach/BG_Identity.lean:231:10: This simp argument is unused:
  Finset.sum_insert

Hint: Omit it from the simp argument list.
  simp [̵F̵i̵n̵s̵e̵t̵.̵s̵u̵m̵_̵i̵n̵s̵e̵r̵t̵,̵ ̵h̵a̵,̵[̲h̲a̲,̲ ih, mul_add, add_comm, add_left_comm, add_assoc, mul_comm, mul_left_comm, mul_assoc]

Note: This linter can be disabled with `set_option linter.unusedSimpArgs false`
warning: Goldbach/BG_Identity.lean:231:33: This simp argument is unused:
  ih

Hint: Omit it from the simp argument list.
  simp [Finset.sum_insert, ha, i̵h̵,̵ ̵mul_add, add_comm, add_left_comm,
  ̵  ̵ ̵ ̵ ̵ ̵ ̵ ̵ ̵ ̵add_assoc, mul_comm,
  ̲  ̲ ̲ ̲ ̲ ̲mul_left_comm, mul_assoc]

Note: This linter can be disabled with `set_option linter.unusedSimpArgs false`
warning: Goldbach/BG_Identity.lean:231:56: This simp argument is unused:
  add_left_comm

Hint: Omit it from the simp argument list.
  simp [Finset.sum_insert, ha, ih, mul_add, add_comm, a̵d̵d̵_̵l̵e̵f̵t̵_̵c̵o̵m̵m̵,̵add_assoc, mul_comm, mul_left_comm,
  ̲  ̲ ̲ ̲ ̲ ̲mul_assoc]

Note: This linter can be disabled with `set_option linter.unusedSimpArgs false`
warning: Goldbach/BG_Identity.lean:232:10: This simp argument is unused:
  add_assoc

Hint: Omit it from the simp argument list.
  simp [Finset.sum_insert, ha, ih, mul_add, add_comm, add_left_comm, a̵d̵d̵_̵a̵s̵s̵o̵c̵,̵ ̵mul_comm, mul_left_comm,
  ̲  ̲ ̲ ̲ ̲ ̲mul_assoc]

Note: This linter can be disabled with `set_option linter.unusedSimpArgs false`
warning: Goldbach/BG_Identity.lean:232:31: This simp argument is unused:
  mul_left_comm

Hint: Omit it from the simp argument list.
  simp [Finset.sum_insert, ha, ih, mul_add, add_comm, add_left_comm, add_assoc, mul_comm,
  ̲  ̲ ̲ ̲ ̲ ̲m̵u̵l̵_̵l̵e̵f̵t̵_̵c̵o̵m̵m̵,̵ ̵mul_assoc]

Note: This linter can be disabled with `set_option linter.unusedSimpArgs false`
warning: Goldbach/BG_Identity.lean:232:46: This simp argument is unused:
  mul_assoc

Hint: Omit it from the simp argument list.
  simp [Finset.sum_insert, ha, ih, mul_add, add_comm, add_left_comm, add_assoc, mul_comm,
  ̲  ̲ ̲ ̲ ̲ ̲m̵u̵l̵_̵l̵e̵f̵t̵_̵c̵o̵m̵m̵,̵ ̵m̵u̵l̵_̵a̵s̵s̵o̵c̵]̵m̲u̲l̲_̲l̲e̲f̲t̲_̲c̲o̲m̲m̲]̲

Note: This linter can be disabled with `set_option linter.unusedSimpArgs false`
warning: Goldbach/BG_Identity.lean:328:6: declaration uses 'sorry'
warning: Goldbach/BG_Identity.lean:357:23: This simp argument is unused:
  Int.ofNat_sub hHN

Hint: Omit it from the simp argument list.
  simp only [̵I̵n̵t̵.̵o̵f̵N̵a̵t̵_̵s̵u̵b̵ ̵h̵H̵N̵]̵ ̵at hZint

Note: This linter can be disabled with `set_option linter.unusedSimpArgs false`
warning: Goldbach/BG_Identity.lean:422:4: try 'simp' instead of 'simpa'

Note: This linter can be disabled with `set_option linter.unnecessarySimpa false`
warning: Goldbach/BG_Identity.lean:445:25: try 'simp' instead of 'simpa'

Note: This linter can be disabled with `set_option linter.unnecessarySimpa false`
warning: Goldbach/BG_Identity.lean:488:6: declaration uses 'sorry'
warning: Goldbach/BG_Identity.lean:525:15: unused variable `hX`

Note: This linter can be disabled with `set_option linter.unusedVariables false`
warning: Goldbach/BG_Identity.lean:526:5: unused variable `hN`

Note: This linter can be disabled with `set_option linter.unusedVariables false`
warning: Goldbach/BG_Identity.lean:558:5: unused variable `hk`

Note: This linter can be disabled with `set_option linter.unusedVariables false`
warning: Goldbach/BG_Identity.lean:583:28: This simp argument is unused:
  hUpos.ne'

Hint: Omit it from the simp argument list.
  s̵i̵m̵p̵ ̵[̵K̵_̵f̵u̵l̵l̵,̵ ̵K̵_̵f̵u̵l̵l̵_̵r̵a̵w̵,̵ ̵h̵U̵p̵o̵s̵.̵n̵e̵'̵]̵ ̵a̵t̵ ̵*̵s̲i̲m̲p̲ ̲[̲K̲_̲f̲u̲l̲l̲,̲
  ̲ ̲ ̲ ̲ ̲K̲_̲f̲u̲l̲l̲_̲r̲a̲w̲]̲ ̲a̲t̲ ̲*̲
  ̲ ̲ ̲ ̲ ̲ ̲ ̲-̲-̲ ̲a̲f̲t̲e̲r̲ ̲s̲i̲m̲p̲,̲ ̲g̲o̲a̲l̲ ̲b̲e̲c̲o̲m̲e̲s̲ ̲`̲0̲ ̲<̲ ̲1̲ ̲/̲ ̲(̲U̲c̲u̲t̲:̲ℝ̲)̲`̲
  ̲ ̲ ̲ ̲ ̲ ̲ ̲

Note: This linter can be disabled with `set_option linter.unusedSimpArgs false`
warning: Goldbach/BG_Identity.lean:608:5: unused variable `h`

Note: This linter can be disabled with `set_option linter.unusedVariables false`
warning: Goldbach/BG_Identity.lean:615:5: unused variable `h`

Note: This linter can be disabled with `set_option linter.unusedVariables false`
warning: Goldbach/BG_Identity.lean:631:25: unused variable `X`

Note: This linter can be disabled with `set_option linter.unusedVariables false`
warning: Goldbach/BG_Identity.lean:631:27: unused variable `N`

Note: This linter can be disabled with `set_option linter.unusedVariables false`
warning: Goldbach/BG_Identity.lean:655:5: unused variable `h`

Note: This linter can be disabled with `set_option linter.unusedVariables false`
error: Goldbach/BG_Identity.lean:669:10: Unknown identifier `Kernel.conv_ref_const_eq_sigma_mass_of`
warning: Goldbach/BG_Identity.lean:684:8: try 'simp' instead of 'simpa'

Note: This linter can be disabled with `set_option linter.unnecessarySimpa false`
warning: Goldbach/BG_Identity.lean:712:34: unused variable `hk`

Note: This linter can be disabled with `set_option linter.unusedVariables false`
warning: Goldbach/BG_Identity.lean:716:35: unused variable `hk`

Note: This linter can be disabled with `set_option linter.unusedVariables false`
error: Goldbach/BG_Identity.lean:773:20: failed to synthesize
  HMul (ℕ → ℝ) ℝ ?m.11

Hint: Additional diagnostic information may be available using the `set_option diagnostics true` command.
error: Goldbach/BG_Identity.lean:781:20: typeclass instance problem is stuck
  HMul (ℕ → ℝ) ?m.14 ℝ

Note: Lean will not try to resolve this typeclass instance problem because the second type argument to `HMul` is a metavariable. This argument must be fully determined before Lean will try to resolve the typeclass.

Hint: Adding type annotations and supplying implicit arguments to functions can give Lean more information for typeclass resolution. For example, if you have a variable `x` that you intend to be a `Nat`, but Lean reports it as having an unresolved type like `?m`, replacing `x` with `(x : Nat)` can get typeclass resolution un-stuck.
error: Goldbach/BG_Identity.lean:791:60: unsolved goals
⊢ False
error: Goldbach/BG_Identity.lean:809:58: unsolved goals
⊢ -((↑H + 99) / 100) ≤ ↑H ∧ 0 ≤ ↑H + (↑H + 99) / 100
error: Goldbach/BG_Identity.lean:831:26: Unknown constant `Int.natAbs_eq_ofNat_abs`
error: Goldbach/BG_Identity.lean:837:12: linarith failed to find a contradiction
case h
h0 : 0 ∈ bandU
z : ℤ
hz : z ∈ bandU.erase 0
hzIcc : z ∈ Finset.Icc (-↑Ucut) ↑Ucut
hz0 : z ≠ 0
this : -↑Ucut ≤ z ∧ z ≤ ↑Ucut
hle : z ≤ ↑Ucut
hneg : -↑Ucut ≤ z
hz' : ↑z.natAbs = max (-z) z
a✝ : ↑Ucut < ↑z.natAbs
⊢ False
failed
error: Goldbach/BG_Identity.lean:845:59: mod_cast has type
  ?m.225 = ?m.225
but is expected to have type
  z.natAbs = 0
error: Goldbach/BG_Identity.lean:849:12: Type mismatch
  hzabs0
has type
  z.natAbs = 0
but is expected to have type
  z.natAbs ≠ 0
error: Goldbach/BG_Identity.lean:851:17: Invalid `⟨...⟩` notation: The expected type
  z.natAbs - 1 < Ucut ∧ z = Int.ofNat (z.natAbs - 1).succ ∨ z = -Int.ofNat (z.natAbs - 1).succ
has more than one constructor

Note: This notation can only be used when the expected type is an inductive type with a single constructor
error: Goldbach/BG_Identity.lean:852:10: No goals to be solved
error: Goldbach/BG_Identity.lean:865:69: Application type mismatch: The argument
  hkpos
has type
  k < Ucut
but is expected to have type
  k ∈ Finset.range Ucut
in the application
  And.intro hkpos
error: Goldbach/BG_Identity.lean:820:6: unsolved goals
case h.mp.inr
h0 : 0 ∈ bandU
z : ℤ
hz : z ∈ bandU.erase 0
hzIcc : z ∈ Finset.Icc (-↑Ucut) ↑Ucut
hz0 : z ≠ 0
hzAbs : z.natAbs ≤ Ucut
k : ℕ
h✝ : z = -Int.ofNat k.succ
⊢ z ∈
    Finset.map { toFun := fun k => ↑k.succ, inj' := ⋯ } (Finset.range Ucut) ∪
      Finset.map { toFun := fun k => -↑k.succ, inj' := ⋯ } (Finset.range Ucut)
error: Goldbach/BG_Identity.lean:866:54: unsolved goals
h0 : 0 ∈ bandU
z : ℤ
⊢ K_full_raw (H + (H + 99) / 100) 0 = (↑H + ↑((H + 99) / 100))⁻¹
error: Goldbach/BG_Identity.lean:879:34: maximum recursion depth has been reached
use `set_option maxRecDepth <num>` to increase limit
use `set_option diagnostics true` to get diagnostic information
error: Goldbach/BG_Identity.lean:880:28: Type mismatch
  hk
has type
  k ∈ Finset.map { toFun := fun k => ↑k.succ, inj' := ⋯ } (Finset.range Ucut)
but is expected to have type
  ∀ (a₂ : ℤ) (ha₂ : a₂ ∈ Finset.map { toFun := fun k => ↑k.succ, inj' := ⋯ } (Finset.range Ucut)),
    (fun k hk => k) k hk = (fun k hk => k) a₂ ha₂ → k = a₂
error: Goldbach/BG_Identity.lean:881:14: unsolved goals
case heq
h0 : 0 ∈ bandU
z : ℤ
h0val : K_full 0 = 1 / ↑Ucut
k : ℤ
hk : k ∈ Finset.map { toFun := fun k => -↑k.succ, inj' := ⋯ } (Finset.range Ucut)
⊢ ∃ a < H + (H + 99) / 100, ↑a + 1 = k
error: Goldbach/BG_Identity.lean:882:28: Type mismatch
  hk
has type
  k ∈ Finset.map { toFun := fun k => ↑k.succ, inj' := ⋯ } (Finset.range Ucut)
but is expected to have type
  K_full k = K_full ((fun k hk => k) k hk)
error: Goldbach/BG_Identity.lean:899:68: Type mismatch: After simplification, term
  hbEq
 has type
  -1 + -↑b' = ↑a' + 1
but is expected to have type
  ↑a' + 1 = -1 + -↑b'
error: Goldbach/BG_Identity.lean:900:16: linarith failed to find a contradiction
h0 : 0 ∈ bandU
z : ℤ
h0val : K_full 0 = 1 / ↑Ucut
hpair :
  ∑ k ∈ Finset.map { toFun := fun k => ↑k.succ, inj' := ⋯ } (Finset.range Ucut), K_full k =
    ∑ k ∈ Finset.map { toFun := fun k => -↑k.succ, inj' := ⋯ } (Finset.range Ucut), K_full k
a' : ℕ
ha' : a' ∈ Finset.range Ucut
ha :
  { toFun := fun k => ↑k.succ, inj' := ⋯ } a' ∈ Finset.map { toFun := fun k => ↑k.succ, inj' := ⋯ } (Finset.range Ucut)
hb :
  { toFun := fun k => ↑k.succ, inj' := ⋯ } a' ∈ Finset.map { toFun := fun k => -↑k.succ, inj' := ⋯ } (Finset.range Ucut)
b' : ℕ
hb' : b' ∈ Finset.range Ucut
hbEq : { toFun := fun k => -↑k.succ, inj' := ⋯ } b' = { toFun := fun k => ↑k.succ, inj' := ⋯ } a'
hbPos : ↑b'.succ ≠ 0
this : ↑a'.succ = -↑b'.succ
⊢ False
failed
error: Goldbach/BG_Identity.lean:917:92: Unknown identifier `hpos`
error: Goldbach/BG_Identity.lean:919:6: 'calc' expression has type
  ∑ k ∈ bandU, K_full k = K_full 0 + 2 * ∑ k ∈ Finset.range Ucut, K_full (Int.ofNat k.succ)
but is expected to have type
  z ∈
      Finset.map { toFun := fun k => ↑k.succ, inj' := ⋯ } (Finset.range Ucut) ∪
        Finset.map { toFun := fun k => -↑k.succ, inj' := ⋯ } (Finset.range Ucut) →
    z ∈ bandU.erase 0
error: Goldbach/BG_Identity.lean:806:93: unsolved goals
h0 : 0 ∈ bandU
hpos :
  bandU.erase 0 =
    Finset.map { toFun := fun k => ↑k.succ, inj' := ⋯ } (Finset.range Ucut) ∪
      Finset.map { toFun := fun k => -↑k.succ, inj' := ⋯ } (Finset.range Ucut)
⊢ ∑ k ∈ bandU, K_full k = K_full 0 + 2 * ∑ k ∈ Finset.range Ucut, K_full (Int.ofNat k.succ)
error: Goldbach/BG_Identity.lean:922:22: maximum recursion depth has been reached
use `set_option maxRecDepth <num>` to increase limit
use `set_option diagnostics true` to get diagnostic information
warning: Goldbach/BG_Identity.lean:924:10: try 'simp' instead of 'simpa'

Note: This linter can be disabled with `set_option linter.unnecessarySimpa false`
warning: Goldbach/BG_Identity.lean:943:22: `Finset.range_succ` has been deprecated: Use `Finset.range_add_one` instead
error: Goldbach/BG_Identity.lean:941:72: unsolved goals
hsplit : ∑ k ∈ bandU, K_full k = K_full 0 + 2 * ∑ k ∈ Finset.range Ucut, K_full (Int.ofNat k.succ)
hsum1 : ∑ k ∈ Finset.range Ucut, 1 = ↑Ucut
this : ∑ i ∈ Finset.range Ucut.succ, i = Ucut.succ * (Ucut.succ - 1) / 2
⊢ H + (H + 99) / 100 + ∑ x ∈ Finset.range (H + (H + 99) / 100), x =
    ∑ x ∈ Finset.range (H + (H + 99) / 100), x + (H + (H + 99) / 100)
error: Goldbach/BG_Identity.lean:945:10: Type mismatch: After simplification, term
  Finset.sum_range_id
 has type
  ∀ (n : ℕ), ∑ i ∈ Finset.range n, i = n * (n - 1) / 2
but is expected to have type
  ∑ i ∈ Finset.range (H + (H + 99) / 100 + 1), i = (H + (H + 99) / 100 + 1) * (H + (H + 99) / 100) / 2
error: Goldbach/BG_Identity.lean:946:8: linarith failed to find a contradiction
case h1.h
hsplit : ∑ k ∈ bandU, K_full k = K_full 0 + 2 * ∑ k ∈ Finset.range Ucut, K_full (Int.ofNat k.succ)
hsum1 : ∑ k ∈ Finset.range Ucut, 1 = ↑Ucut
this : ∑ i ∈ Finset.range Ucut.succ, i = Ucut.succ * (Ucut.succ - 1) / 2
hrewrite : ∑ i ∈ Finset.range Ucut.succ, i = ∑ k ∈ Finset.range Ucut, k.succ
hs : ∑ i ∈ Finset.range Ucut.succ, i = Ucut.succ * Ucut / 2
a✝ : ∑ k ∈ Finset.range Ucut, k.succ < Ucut * (Ucut + 1) / 2
⊢ False
failed
error: Goldbach/BG_Identity.lean:948:6: maximum recursion depth has been reached
use `set_option maxRecDepth <num>` to increase limit
use `set_option diagnostics true` to get diagnostic information
error: Goldbach/BG_Identity.lean:955:16: maximum recursion depth has been reached
use `set_option maxRecDepth <num>` to increase limit
use `set_option diagnostics true` to get diagnostic information
error: Goldbach/BG_Identity.lean:967:68: unsolved goals
hsplit : ∑ k ∈ bandU, K_full k = K_full 0 + 2 * ∑ k ∈ Finset.range Ucut, K_full (Int.ofNat k.succ)
hsum1 : ∑ k ∈ Finset.range Ucut, 1 = ↑Ucut
hsumk : ∑ k ∈ Finset.range Ucut, ↑k.succ = ↑Ucut * (↑Ucut + 1) / 2
hUpos : 0 < ↑Ucut
hUpos' : ↑Ucut ≠ 0
⊢ (↑H + ↑((H + 99) / 100) - ∑ x ∈ Finset.range (H + (H + 99) / 100), (↑x + 1) / (↑H + ↑((H + 99) / 100))) /
      (↑H + ↑((H + 99) / 100)) =
    (↑H + ↑((H + 99) / 100))⁻¹ *
      (↑H + ↑((H + 99) / 100) - ∑ x ∈ Finset.range (H + (H + 99) / 100), (↑x + 1) / (↑H + ↑((H + 99) / 100)))
info: Goldbach/BG_Identity.lean:973:8: Try this:
  [apply] ring_nf
  
  The `ring` tactic failed to close the goal. Use `ring_nf` to obtain a normal form.
    
  Note that `ring` works primarily in *commutative* rings. If you have a noncommutative ring, abelian group or module, consider using `noncomm_ring`, `abel` or `module` instead.
error: Goldbach/BG_Identity.lean:970:96: unsolved goals
hsplit : ∑ k ∈ bandU, K_full k = K_full 0 + 2 * ∑ k ∈ Finset.range Ucut, K_full (Int.ofNat k.succ)
hsum1 : ∑ k ∈ Finset.range Ucut, 1 = ↑Ucut
hsumk : ∑ k ∈ Finset.range Ucut, ↑k.succ = ↑Ucut * (↑Ucut + 1) / 2
hUpos : 0 < ↑Ucut
hUpos' : ↑Ucut ≠ 0
⊢ ↑Ucut * (↑Ucut)⁻¹ - (↑Ucut)⁻¹ * ∑ x ∈ Finset.range Ucut, (↑Ucut)⁻¹ * ↑x.succ =
    ↑Ucut * (↑Ucut)⁻¹ + ↑Ucut * (↑Ucut)⁻¹ ^ 2 * (-1 / 2) + ↑Ucut ^ 2 * (↑Ucut)⁻¹ ^ 2 * (-1 / 2)
info: Goldbach/BG_Identity.lean:975:33: Try this:
  [apply] ring_nf
  
  The `ring` tactic failed to close the goal. Use `ring_nf` to obtain a normal form.
    
  Note that `ring` works primarily in *commutative* rings. If you have a noncommutative ring, abelian group or module, consider using `noncomm_ring`, `abel` or `module` instead.
error: Goldbach/BG_Identity.lean:974:34: unsolved goals
hsplit : ∑ k ∈ bandU, K_full k = K_full 0 + 2 * ∑ k ∈ Finset.range Ucut, K_full (Int.ofNat k.succ)
hsum1 : ∑ k ∈ Finset.range Ucut, 1 = ↑Ucut
hsumk : ∑ k ∈ Finset.range Ucut, ↑k.succ = ↑Ucut * (↑Ucut + 1) / 2
hUpos : 0 < ↑Ucut
⊢ -1 + ↑Ucut = -↑Ucut + ↑Ucut ^ 2
error: Goldbach/BG_Identity.lean:984:58: unsolved goals
hsplit : ∑ k ∈ bandU, K_full k = K_full 0 + 2 * ∑ k ∈ Finset.range Ucut, K_full (Int.ofNat k.succ)
hpos_eval : ∑ k ∈ Finset.range Ucut, K_full (Int.ofNat k.succ) = (↑Ucut - 1) / 2
hUpos : ↑Ucut ≠ 0
this : ∑ k ∈ bandU, K_full k = K_full 0 + 2 * ∑ k ∈ Finset.range Ucut, K_full (Int.ofNat k.succ)
⊢ K_full_raw (H + (H + 99) / 100) 0 = (↑H + ↑((H + 99) / 100))⁻¹
info: Goldbach/BG_Identity.lean:993:6: Try this:
  [apply] ring_nf
  
  The `ring` tactic failed to close the goal. Use `ring_nf` to obtain a normal form.
    
  Note that `ring` works primarily in *commutative* rings. If you have a noncommutative ring, abelian group or module, consider using `noncomm_ring`, `abel` or `module` instead.
error: Goldbach/BG_Identity.lean:987:13: unsolved goals
hsplit : ∑ k ∈ bandU, K_full k = K_full 0 + 2 * ∑ k ∈ Finset.range Ucut, K_full (Int.ofNat k.succ)
hpos_eval : ∑ k ∈ Finset.range Ucut, K_full (Int.ofNat k.succ) = (↑Ucut - 1) / 2
hUpos hUpos' : ↑Ucut ≠ 0
hUpos'' : 0 < ↑Ucut
⊢ 1 - ↑Ucut + ↑Ucut ^ 2 = ↑Ucut
warning: Goldbach/BG_Identity.lean:810:14: This simp argument is unused:
  bandU

Hint: Omit it from the simp argument list.
  simp ̵[̵b̵a̵n̵d̵U̵]̵

Note: This linter can be disabled with `set_option linter.unusedSimpArgs false`
warning: Goldbach/BG_Identity.lean:969:14: This simp argument is unused:
  Finset.sum_mul

Hint: Omit it from the simp argument list.
  simp [F̵i̵n̵s̵e̵t̵.̵s̵u̵m̵_̵m̵u̵l̵,̵ ̵hUpos']

Note: This linter can be disabled with `set_option linter.unusedSimpArgs false`
warning: Goldbach/BG_Identity.lean:969:30: This simp argument is unused:
  hUpos'

Hint: Omit it from the simp argument list.
  simp [Finset.sum_mul,̵ ̵h̵U̵p̵o̵s̵'̵]

Note: This linter can be disabled with `set_option linter.unusedSimpArgs false`
warning: Goldbach/BG_Identity.lean:972:43: This simp argument is unused:
  Finset.sum_div

Hint: Omit it from the simp argument list.
  simp only [Finset.sum_sub_distrib, F̵i̵n̵s̵e̵t̵.̵s̵u̵m̵_̵d̵i̵v̵,̵ ̵hsum1, hsumk]

Note: This linter can be disabled with `set_option linter.unusedSimpArgs false`
warning: Goldbach/BG_Identity.lean:972:66: This simp argument is unused:
  hsumk

Hint: Omit it from the simp argument list.
  simp only [Finset.sum_sub_distrib, Finset.sum_div, hsum1,̵ ̵h̵s̵u̵m̵k̵]

Note: This linter can be disabled with `set_option linter.unusedSimpArgs false`
error: Goldbach/BG_Identity.lean:1008:27: Invalid argument name `bandU` for function `sum_bandU`
error: Goldbach/BG_Identity.lean:1031:30: unsolved goals
Kadm : BG.AdmissibleKernel Ucut
⊢ 0 ∈ BG_Bank.S_BG
warning: Goldbach/BG_Identity.lean:1048:5: unused variable `h`

Note: This linter can be disabled with `set_option linter.unusedVariables false`
error: Goldbach/BG_Identity.lean:1067:53: Type mismatch: After simplification, term
  hk
 has type
  k ∈ BG_Bank.S_BG
but is expected to have type
  -↑H ≤ k ∧ k ≤ ↑H
error: Goldbach/BG_Identity.lean:1072:6: Tactic `simp` failed with a nested error:
maximum recursion depth has been reached
use `set_option maxRecDepth <num>` to increase limit
use `set_option diagnostics true` to get diagnostic information
warning: Goldbach/BG_Identity.lean:1092:54: try 'simp' instead of 'simpa'

Note: This linter can be disabled with `set_option linter.unnecessarySimpa false`
error: Goldbach/BG_Identity.lean:1107:14: Type mismatch: After simplification, term
  Finset.mem_Icc.mpr hkIcc_pair
 has type
  -↑H ≤ k ∧ k ≤ ↑H
but is expected to have type
  k ∈ BG_Bank.S_BG
error: Goldbach/BG_Identity.lean:1109:53: Type mismatch: After simplification, term
  hk
 has type
  k ∈ BG_Bank.S_BG
but is expected to have type
  -↑H ≤ k ∧ k ≤ ↑H
warning: Goldbach/BG_Identity.lean:1112:6: try 'simp' instead of 'simpa'

Note: This linter can be disabled with `set_option linter.unnecessarySimpa false`
error: Goldbach/BG_Identity.lean:1147:55: linarith failed to find a contradiction
case h
hinner_eq : innerBand = Finset.Icc (-↑H) ↑H
z : ℤ
hz : z ∈ (Finset.Icc (-↑H) ↑H).erase 0
hzIcc : z ∈ Finset.Icc (-↑H) ↑H
hz0 : z ≠ 0
this : -↑H ≤ z ∧ z ≤ ↑H
hle : z ≤ ↑H
hneg : -↑H ≤ z
a✝ : ↑H < ↑z.natAbs
⊢ False
failed
error: Goldbach/BG_Identity.lean:1155:33: Function expected at
  Int.natAbs_eq_zero
but this term has type
  Int.natAbs ?m.243 = 0 ↔ ?m.243 = 0

Note: Expected a function because this term is being applied to the argument
  hzabs0
error: Goldbach/BG_Identity.lean:1158:17: Invalid `⟨...⟩` notation: The expected type
  z.natAbs - 1 < H ∧ z = Int.ofNat (z.natAbs - 1).succ ∨ z = -Int.ofNat (z.natAbs - 1).succ
has more than one constructor

Note: This notation can only be used when the expected type is an inductive type with a single constructor
error: Goldbach/BG_Identity.lean:1159:10: No goals to be solved
error: Goldbach/BG_Identity.lean:1137:6: unsolved goals
case h.mp.inl
hinner_eq : innerBand = Finset.Icc (-↑H) ↑H
k : ℕ
hkpos : k < H
hz : Int.ofNat k.succ ∈ (Finset.Icc (-↑H) ↑H).erase 0
hzIcc : Int.ofNat k.succ ∈ Finset.Icc (-↑H) ↑H
hz0 : Int.ofNat k.succ ≠ 0
hzAbs : (Int.ofNat k.succ).natAbs ≤ H
⊢ Int.ofNat k.succ ∈
    Finset.map { toFun := fun k => ↑k.succ, inj' := ⋯ } (Finset.range H) ∪
      Finset.map { toFun := fun k => -↑k.succ, inj' := ⋯ } (Finset.range H)

case h.mp.inr
hinner_eq : innerBand = Finset.Icc (-↑H) ↑H
z : ℤ
hz : z ∈ (Finset.Icc (-↑H) ↑H).erase 0
hzIcc : z ∈ Finset.Icc (-↑H) ↑H
hz0 : z ≠ 0
hzAbs : z.natAbs ≤ H
k : ℕ
h✝ : z = -Int.ofNat k.succ
⊢ z ∈
    Finset.map { toFun := fun k => ↑k.succ, inj' := ⋯ } (Finset.range H) ∪
      Finset.map { toFun := fun k => -↑k.succ, inj' := ⋯ } (Finset.range H)
error: Goldbach/BG_Identity.lean:1172:54: unsolved goals
hinner_eq : innerBand = Finset.Icc (-↑H) ↑H
z : ℤ
h0mem : 0 ∈ Finset.Icc (-↑H) ↑H
⊢ K_full_raw (H + (H + 99) / 100) 0 = (↑H + ↑((H + 99) / 100))⁻¹
error: Goldbach/BG_Identity.lean:1180:12: `inj` is not a field of structure `Function.Embedding`
error: Goldbach/BG_Identity.lean:1179:10: Fields missing: `inj'`

Hint: Add missing fields:
  
  ̲ ̲ ̲ ̲ ̲ ̲ ̲ ̲ ̲ ̲ ̲ ̲ ̲i̲n̲j̲'̲ ̲:̲=̲ ̲_̲
error: Goldbach/BG_Identity.lean:1186:12: `inj` is not a field of structure `Function.Embedding`
error: Goldbach/BG_Identity.lean:1185:10: Fields missing: `inj'`

Hint: Add missing fields:
  
  ̲ ̲ ̲ ̲ ̲ ̲ ̲ ̲ ̲ ̲ ̲ ̲ ̲i̲n̲j̲'̲ ̲:̲=̲ ̲_̲
error: Goldbach/BG_Identity.lean:1195:60: Type mismatch: After simplification, term
  hEq
 has type
  negEmb j = posEmb i
but is expected to have type
  ↑i + 1 = -1 + -↑j
error: Goldbach/BG_Identity.lean:1197:67: Type mismatch: After simplification, term
  this
 has type
  ↑i + 1 = -1 + -↑j
but is expected to have type
  ↑i + 1 + (↑j + 1) = 0
error: Goldbach/BG_Identity.lean:1198:62: mod_cast has type
  ?m.535
of sort `Type ?u.63673` but is expected to have type
  0 < i.succ + j.succ
of sort `Prop`
error: Goldbach/BG_Identity.lean:1198:78: Application type mismatch: The argument
  Nat.succ_pos j
has type
  0 < j.succ
of sort `Prop` but is expected to have type
  ?m.537
of sort `Type ?u.63674` in the application
  ?m.540 + ⋯
error: Goldbach/BG_Identity.lean:1199:33: Type mismatch: After simplification, term
  hpos
 has type
  0 < ↑i + 1 + (↑j + 1)
but is expected to have type
  False
error: Goldbach/BG_Identity.lean:1201:79: Unknown identifier `hband`
error: Goldbach/BG_Identity.lean:1206:85: Invalid argument name `emb` for function `Finset.sum_map`

Hint: Perhaps you meant one of the following parameter names:
  • `ι`: e̵m̵b̵ι̲
  • `κ`: e̵m̵b̵κ̲
  • `M`: e̵m̵b̵M̲
  • `e`: em̵b̵
error: Goldbach/BG_Identity.lean:1210:85: Invalid argument name `emb` for function `Finset.sum_map`

Hint: Perhaps you meant one of the following parameter names:
  • `ι`: e̵m̵b̵ι̲
  • `κ`: e̵m̵b̵κ̲
  • `M`: e̵m̵b̵M̲
  • `e`: em̵b̵
error: Goldbach/BG_Identity.lean:1214:10: maximum recursion depth has been reached
use `set_option maxRecDepth <num>` to increase limit
use `set_option diagnostics true` to get diagnostic information
warning: Goldbach/BG_Identity.lean:1218:16: try 'simp' instead of 'simpa'

Note: This linter can be disabled with `set_option linter.unnecessarySimpa false`
warning: Goldbach/BG_Identity.lean:1224:16: try 'simp' instead of 'simpa'

Note: This linter can be disabled with `set_option linter.unnecessarySimpa false`
error: Goldbach/BG_Identity.lean:1226:6: 'calc' expression has type
  ∑ k ∈ innerBand, K_full k = K_full 0 + 2 * ∑ k ∈ Finset.range H, K_full (Int.ofNat k.succ)
but is expected to have type
  z ∈
      Finset.map { toFun := fun k => ↑k.succ, inj' := ⋯ } (Finset.range H) ∪
        Finset.map { toFun := fun k => -↑k.succ, inj' := ⋯ } (Finset.range H) →
    z ∈ (Finset.Icc (-↑H) ↑H).erase 0
error: Goldbach/BG_Identity.lean:1130:137: unsolved goals
hinner_eq : innerBand = Finset.Icc (-↑H) ↑H
hband :
  (Finset.Icc (-↑H) ↑H).erase 0 =
    Finset.map { toFun := fun k => ↑k.succ, inj' := ⋯ } (Finset.range H) ∪
      Finset.map { toFun := fun k => -↑k.succ, inj' := ⋯ } (Finset.range H)
⊢ ∑ k ∈ innerBand, K_full k = K_full 0 + 2 * ∑ k ∈ Finset.range H, K_full (Int.ofNat k.succ)
warning: Goldbach/BG_Identity.lean:1235:10: try 'simp' instead of 'simpa'

Note: This linter can be disabled with `set_option linter.unnecessarySimpa false`
warning: Goldbach/BG_Identity.lean:1253:8: try 'simp' instead of 'simpa'

Note: This linter can be disabled with `set_option linter.unnecessarySimpa false`
warning: Goldbach/BG_Identity.lean:1266:34: try 'simp' instead of 'simpa'

Note: This linter can be disabled with `set_option linter.unnecessarySimpa false`
error: Goldbach/BG_Identity.lean:1268:4: maximum recursion depth has been reached
use `set_option maxRecDepth <num>` to increase limit
use `set_option diagnostics true` to get diagnostic information
error: Goldbach/BG_Identity.lean:1301:16: maximum recursion depth has been reached
use `set_option maxRecDepth <num>` to increase limit
use `set_option diagnostics true` to get diagnostic information
error: Goldbach/BG_Identity.lean:1317:87: unsolved goals
hinner_eq : innerBand = Finset.Icc (-↑H) ↑H
hsplit : ∑ k ∈ innerBand, K_full k = K_full 0 + 2 * ∑ k ∈ Finset.range H, K_full (Int.ofNat k.succ)
hsum1 : ∑ k ∈ Finset.range H, 1 = ↑H
hsumk : ∑ k ∈ Finset.range H, ↑k.succ = ↑H * (↑H + 1) / 2
hUpos : ↑Ucut ≠ 0
hHU : H ≤ Ucut
hU0 : ↑Ucut ≠ 0
this : ∀ k ∈ Finset.range H, K_full (Int.ofNat k.succ) = (1 - ↑k.succ / ↑Ucut) / ↑Ucut
⊢ ∑ x ∈ Finset.range H, (↑x + 1) = ↑H * (↑H + 1) * 2⁻¹ ∨ ↑H + ↑((H + 99) / 100) = 0
error: Goldbach/BG_Identity.lean:1331:4: maximum recursion depth has been reached
use `set_option maxRecDepth <num>` to increase limit
use `set_option diagnostics true` to get diagnostic information
error: Goldbach/BG_Identity.lean:1340:2: maximum recursion depth has been reached
use `set_option maxRecDepth <num>` to increase limit
use `set_option diagnostics true` to get diagnostic information
warning: Goldbach/BG_Identity.lean:1247:24: This simp argument is unused:
  add_left_comm

Hint: Omit it from the simp argument list.
  simp [Nat.succ_eq_add_one, Finset.sum_add_distrib, Finset.sum_const, Finset.card_range,
             ̵ ̵ ̵ ̵add_comm, add_l̵e̵f̵t̵_̵c̵o̵m̵m̵,̵ ̵ad̵d̵_̵a̵ssoc]

Note: This linter can be disabled with `set_option linter.unusedSimpArgs false`
warning: Goldbach/BG_Identity.lean:1247:39: This simp argument is unused:
  add_assoc

Hint: Omit it from the simp argument list.
  simp [Nat.succ_eq_add_one, Finset.sum_add_distrib, Finset.sum_const, Finset.card_range,
             ̵ ̵ ̵ ̵add_comm, add_left_comm,̵ ̵a̵d̵d̵_̵a̵s̵s̵o̵c̵]

Note: This linter can be disabled with `set_option linter.unusedSimpArgs false`
warning: Goldbach/BG_Identity.lean:1300:64: This simp argument is unused:
  mul_left_comm

Hint: Omit it from the simp argument list.
  simp [div_eq_mul_inv, mul_comm, mul_l̵e̵f̵t̵_̵c̵o̵m̵m̵,̵ ̵m̵u̵l̵_̵assoc]

Note: This linter can be disabled with `set_option linter.unusedSimpArgs false`
warning: Goldbach/BG_Identity.lean:1300:79: This simp argument is unused:
  mul_assoc

Hint: Omit it from the simp argument list.
  simp [div_eq_mul_inv, mul_comm, mul_left_comm,̵ ̵m̵u̵l̵_̵a̵s̵s̵o̵c̵]

Note: This linter can be disabled with `set_option linter.unusedSimpArgs false`
warning: Goldbach/BG_Identity.lean:1312:38: This simp argument is unused:
  hU0

Hint: Omit it from the simp argument list.
  simp [Finset.sum_div,̵ ̵h̵U̵0̵]

Note: This linter can be disabled with `set_option linter.unusedSimpArgs false`
warning: Goldbach/BG_Identity.lean:1319:22: This simp argument is unused:
  hsumk

Hint: Omit it from the simp argument list.
  simp [h̵s̵u̵m̵k̵,̵ ̵div_eq_mul_inv]

Note: This linter can be disabled with `set_option linter.unusedSimpArgs false`
warning: Goldbach/BG_Identity.lean:1342:6: declaration uses 'sorry'
error: Goldbach/BG_Identity.lean:1388:21: maximum recursion depth has been reached
use `set_option maxRecDepth <num>` to increase limit
use `set_option diagnostics true` to get diagnostic information
warning: Goldbach/BG_Identity.lean:1416:28: unused variable `X`

Note: This linter can be disabled with `set_option linter.unusedVariables false`
warning: Goldbach/BG_Identity.lean:1416:30: unused variable `N`

Note: This linter can be disabled with `set_option linter.unusedVariables false`
warning: Goldbach/BG_Identity.lean:1417:28: unused variable `X`

Note: This linter can be disabled with `set_option linter.unusedVariables false`
warning: Goldbach/BG_Identity.lean:1417:30: unused variable `N`

Note: This linter can be disabled with `set_option linter.unusedVariables false`
error: Goldbach/BG_Identity.lean:1443:21: maximum recursion depth has been reached
use `set_option maxRecDepth <num>` to increase limit
use `set_option diagnostics true` to get diagnostic information
error: Goldbach/BG_Identity.lean:1542:0: Unexpected name `BG_Identity` after `end`: The current section is unnamed

Hint: Delete the name `BG_Identity` to end the current unnamed scope; outer named scopes can then be closed using additional `end` command(s):
  end ̵B̵G̵_̵I̵d̵e̵n̵t̵i̵t̵y̵
error: Goldbach/BG_Identity.lean:1543:0: Unexpected name `Goldbach` after `end`: The current section is unnamed

Hint: Delete the name `Goldbach` to end the current unnamed scope; outer named scopes can then be closed using additional `end` command(s):
  end ̵G̵o̵l̵d̵b̵a̵c̵h̵
error: Lean exited with code 1
Some required targets logged failures:
- Goldbach.BG_Identity
error: build failed
⚠ [7587/7613] Replayed Goldbach.Compat
warning: Goldbach/Compat.lean:18:2: try 'simp' instead of 'simpa'

Note: This linter can be disabled with `set_option linter.unnecessarySimpa false`
warning: Goldbach/Compat.lean:24:40: unused variable `hb`

Note: This linter can be disabled with `set_option linter.unusedVariables false`
warning: Goldbach/Compat.lean:50:4: try 'simp' instead of 'simpa'

Note: This linter can be disabled with `set_option linter.unnecessarySimpa false`
⚠ [7590/7613] Replayed Goldbach.Windows
warning: Goldbach/Windows.lean:63:4: try 'simp' instead of 'simpa'

Note: This linter can be disabled with `set_option linter.unnecessarySimpa false`
warning: Goldbach/Windows.lean:68:2: try 'simp' instead of 'simpa'

Note: This linter can be disabled with `set_option linter.unnecessarySimpa false`
warning: Goldbach/Windows.lean:68:38: this tactic is never executed

Note: This linter can be disabled with `set_option linter.unreachableTactic false`
warning: Goldbach/Windows.lean:68:38: 'simpa using hmap' tactic does nothing

Note: This linter can be disabled with `set_option linter.unusedTactic false`
⚠ [7595/7613] Replayed Goldbach.AO_AssembleEnvelope
warning: Goldbach/AO_AssembleEnvelope.lean:67:20: try 'simp' instead of 'simpa'

Note: This linter can be disabled with `set_option linter.unnecessarySimpa false`
⚠ [7597/7613] Replayed Goldbach.AO_Major
warning: Goldbach/AO_Major.lean:21:13: unused variable `hX`

Note: This linter can be disabled with `set_option linter.unusedVariables false`
warning: Goldbach/AO_Major.lean:21:35: unused variable `hN`

Note: This linter can be disabled with `set_option linter.unusedVariables false`
warning: Goldbach/AO_Major.lean:25:24: This simp argument is unused:
  add_assoc

Hint: Omit it from the simp argument list.
  simp [Goldbach.AO_Major.errAO, Goldbach.AO_Major.weight_mass, Goldbach.AO_Core.errAO,
       ̵ ̵ ̵ ̵sub_eq_add_neg, add_a̵s̵s̵o̵c̵,̵ ̵a̵d̵d̵_̵left_comm, add_comm, mul_assoc]

Note: This linter can be disabled with `set_option linter.unusedSimpArgs false`
warning: Goldbach/AO_Major.lean:25:60: This simp argument is unused:
  mul_assoc

Hint: Omit it from the simp argument list.
  simp [Goldbach.AO_Major.errAO, Goldbach.AO_Major.weight_mass, Goldbach.AO_Core.errAO,
       ̵ ̵ ̵ ̵sub_eq_add_neg, add_assoc, add_left_comm, add_comm,̵ ̵m̵u̵l̵_̵a̵s̵s̵o̵c̵]

Note: This linter can be disabled with `set_option linter.unusedSimpArgs false`
warning: Goldbach/AO_Major.lean:46:5: unused variable `h`

Note: This linter can be disabled with `set_option linter.unusedVariables false`
warning: Goldbach/AO_Major.lean:58:24: This simp argument is unused:
  dif_pos

Hint: Omit it from the simp argument list.
  simp only [MPDF, win, d̵i̵f̵_̵p̵o̵s̵,̵ ̵mul_div_assoc']

Note: This linter can be disabled with `set_option linter.unusedSimpArgs false`
warning: Goldbach/AO_Major.lean:58:33: This simp argument is unused:
  mul_div_assoc'

Hint: Omit it from the simp argument list.
  simp only [MPDF, win, dif_pos,̵ ̵m̵u̵l̵_̵d̵i̵v̵_̵a̵s̵s̵o̵c̵'̵]

Note: This linter can be disabled with `set_option linter.unusedSimpArgs false`
warning: Goldbach/AO_Major.lean:81:69: try 'simp' instead of 'simpa'

Note: This linter can be disabled with `set_option linter.unnecessarySimpa false`
warning: Goldbach/AO_Major.lean:82:68: try 'simp' instead of 'simpa'

Note: This linter can be disabled with `set_option linter.unnecessarySimpa false`
warning: Goldbach/AO_Major.lean:83:68: try 'simp' instead of 'simpa'

Note: This linter can be disabled with `set_option linter.unnecessarySimpa false`
warning: Goldbach/AO_Major.lean:85:90: This simp argument is unused:
  add_assoc

Hint: Omit it from the simp argument list.
  simp [sub_eq_add_neg,̵ ̵a̵d̵d̵_̵a̵s̵s̵o̵c̵]

Note: This linter can be disabled with `set_option linter.unusedSimpArgs false`
warning: Goldbach/AO_Major.lean:101:24: This simp argument is unused:
  dif_pos

Hint: Omit it from the simp argument list.
  simp only [MPDF, win,̵ ̵d̵i̵f̵_̵p̵o̵s̵]

Note: This linter can be disabled with `set_option linter.unusedSimpArgs false`
⚠ [7599/7613] Replayed Goldbach.BG_Bank
warning: Goldbach/BG_Bank.lean:13:25: unused variable `n`

Note: This linter can be disabled with `set_option linter.unusedVariables false`
warning: Goldbach/BG_Bank.lean:75:4: try 'simp' instead of 'simpa'

Note: This linter can be disabled with `set_option linter.unnecessarySimpa false`
warning: Goldbach/BG_Bank.lean:75:25: this tactic is never executed

Note: This linter can be disabled with `set_option linter.unreachableTactic false`
warning: Goldbach/BG_Bank.lean:75:25: 'decide' tactic does nothing

Note: This linter can be disabled with `set_option linter.unusedTactic false`
warning: Goldbach/BG_Bank.lean:288:14: try 'simp' instead of 'simpa'

Note: This linter can be disabled with `set_option linter.unnecessarySimpa false`
warning: Goldbach/BG_Bank.lean:188:42: This simp argument is unused:
  Nat.cast_sub hn_le

Hint: Omit it from the simp argument list.
  simp only [Nat.cast_succ,̵ ̵N̵a̵t̵.̵c̵a̵s̵t̵_̵s̵u̵b̵ ̵h̵n̵_̵l̵e̵]

Note: This linter can be disabled with `set_option linter.unusedSimpArgs false`
warning: Goldbach/BG_Bank.lean:194:24: This simp argument is unused:
  abs_of_nonneg hlog_Nm_nn

Hint: Omit it from the simp argument list.
  simp [hp,̵ ̵a̵b̵s̵_̵o̵f̵_̵n̵o̵n̵n̵e̵g̵ ̵h̵l̵o̵g̵_̵N̵m̵_̵n̵n̵]

Note: This linter can be disabled with `set_option linter.unusedSimpArgs false`
warning: Goldbach/BG_Bank.lean:202:24: This simp argument is unused:
  abs_of_nonneg hlog_Np1_nn

Hint: Omit it from the simp argument list.
  simp [hp,̵ ̵a̵b̵s̵_̵o̵f̵_̵n̵o̵n̵n̵e̵g̵ ̵h̵l̵o̵g̵_̵N̵p̵1̵_̵n̵n̵]

Note: This linter can be disabled with `set_option linter.unusedSimpArgs false`
warning: Goldbach/BG_Bank.lean:218:46: This simp argument is unused:
  mul_comm

Hint: Omit it from the simp argument list.
  simp [abs_mul, mul_assoc, m̵u̵l̵_̵c̵o̵m̵m̵,̵ ̵mul_left_comm]

Note: This linter can be disabled with `set_option linter.unusedSimpArgs false`
warning: Goldbach/BG_Bank.lean:326:20: This simp argument is unused:
  hlogXabs

Hint: Omit it from the simp argument list.
  simp [h̵l̵o̵g̵X̵a̵b̵s̵,̵ ̵mul_comm, mul_left_comm, mul_assoc]

Note: This linter can be disabled with `set_option linter.unusedSimpArgs false`
warning: Goldbach/BG_Bank.lean:326:30: This simp argument is unused:
  mul_comm

Hint: Omit it from the simp argument list.
  simp [hlogXabs, m̵u̵l̵_̵c̵o̵m̵m̵,̵ ̵mul_left_comm, mul_assoc]

Note: This linter can be disabled with `set_option linter.unusedSimpArgs false`
warning: Goldbach/BG_Bank.lean:403:14: try 'simp' instead of 'simpa'

Note: This linter can be disabled with `set_option linter.unnecessarySimpa false`
warning: Goldbach/BG_Bank.lean:405:14: try 'simp' instead of 'simpa'

Note: This linter can be disabled with `set_option linter.unnecessarySimpa false`
warning: Goldbach/BG_Bank.lean:407:40: This simp argument is unused:
  add_comm

Hint: Omit it from the simp argument list.
  simp [div_self, hlogX_ne, add_c̵o̵m̵m̵,̵ ̵a̵d̵d̵_̵left_comm, add_assoc]

Note: This linter can be disabled with `set_option linter.unusedSimpArgs false`
warning: Goldbach/BG_Bank.lean:407:50: This simp argument is unused:
  add_left_comm

Hint: Omit it from the simp argument list.
  simp [div_self, hlogX_ne, add_comm, a̵d̵d̵_̵l̵e̵f̵t̵_̵c̵o̵m̵m̵,̵ ̵add_assoc]

Note: This linter can be disabled with `set_option linter.unusedSimpArgs false`
warning: Goldbach/BG_Bank.lean:407:65: This simp argument is unused:
  add_assoc

Hint: Omit it from the simp argument list.
  simp [div_self, hlogX_ne, add_comm, add_left_comm,̵ ̵a̵d̵d̵_̵a̵s̵s̵o̵c̵]

Note: This linter can be disabled with `set_option linter.unusedSimpArgs false`
warning: Goldbach/BG_Bank.lean:547:63: try 'simp' instead of 'simpa'

Note: This linter can be disabled with `set_option linter.unnecessarySimpa false`
warning: Goldbach/BG_Bank.lean:550:47: This simp argument is unused:
  add_comm

Hint: Omit it from the simp argument list.
  simp [add_div, div_self, hlogX_ne, add_c̵o̵m̵m̵,̵ ̵a̵d̵d̵_̵left_comm, add_assoc]

Note: This linter can be disabled with `set_option linter.unusedSimpArgs false`
warning: Goldbach/BG_Bank.lean:550:57: This simp argument is unused:
  add_left_comm

Hint: Omit it from the simp argument list.
  simp [add_div, div_self, hlogX_ne, add_comm, a̵d̵d̵_̵l̵e̵f̵t̵_̵c̵o̵m̵m̵,̵ ̵add_assoc]

Note: This linter can be disabled with `set_option linter.unusedSimpArgs false`
warning: Goldbach/BG_Bank.lean:550:72: This simp argument is unused:
  add_assoc

Hint: Omit it from the simp argument list.
  simp [add_div, div_self, hlogX_ne, add_comm, add_left_comm,̵ ̵a̵d̵d̵_̵a̵s̵s̵o̵c̵]

Note: This linter can be disabled with `set_option linter.unusedSimpArgs false`
warning: Goldbach/BG_Bank.lean:559:56: This simp argument is unused:
  add_left_comm

Hint: Omit it from the simp argument list.
  simp [c, Nat.cast_add, Nat.cast_one, add_assoc, a̵d̵d̵_̵l̵e̵f̵t̵_̵c̵o̵m̵m̵,̵ ̵add_comm, add_div, div_self hX0_ne]

Note: This linter can be disabled with `set_option linter.unusedSimpArgs false`
⚠ [7600/7613] Replayed Goldbach.BG_Operator
warning: Goldbach/BG_Operator.lean:31:2: try 'simp' instead of 'simpa'

Note: This linter can be disabled with `set_option linter.unnecessarySimpa false`
warning: Goldbach/BG_Operator.lean:98:2: try 'simp' instead of 'simpa'

Note: This linter can be disabled with `set_option linter.unnecessarySimpa false`
⚠ [7602/7613] Replayed Goldbach.SingularSeries
warning: Goldbach/SingularSeries.lean:40:5: unused variable `h`

Note: This linter can be disabled with `set_option linter.unusedVariables false`
warning: Goldbach/SingularSeries.lean:88:8: `Finset.eq_empty_iff_forall_not_mem` has been deprecated: Use `Finset.eq_empty_iff_forall_notMem` instead
warning: Goldbach/SingularSeries.lean:98:4: try 'simp' instead of 'simpa'

Note: This linter can be disabled with `set_option linter.unnecessarySimpa false`
warning: Goldbach/SingularSeries.lean:99:28: this tactic is never executed

Note: This linter can be disabled with `set_option linter.unreachableTactic false`
warning: Goldbach/SingularSeries.lean:99:57: this tactic is never executed

Note: This linter can be disabled with `set_option linter.unreachableTactic false`
warning: Goldbach/SingularSeries.lean:99:28: 'decide' tactic does nothing

Note: This linter can be disabled with `set_option linter.unusedTactic false`
warning: Goldbach/SingularSeries.lean:99:57: 'decide' tactic does nothing

Note: This linter can be disabled with `set_option linter.unusedTactic false`
⚠ [7604/7613] Replayed Goldbach.PPNumerics
warning: Goldbach/PPNumerics.lean:24:42: try 'simp' instead of 'simpa'

Note: This linter can be disabled with `set_option linter.unnecessarySimpa false`
warning: Goldbach/PPNumerics.lean:27:6: try 'simp' instead of 'simpa'

Note: This linter can be disabled with `set_option linter.unnecessarySimpa false`
⚠ [7605/7613] Replayed Goldbach.PPBoundSquares
warning: Goldbach/PPBoundSquares.lean:41:8: try 'simp' instead of 'simpa'

Note: This linter can be disabled with `set_option linter.unnecessarySimpa false`
warning: Goldbach/PPBoundSquares.lean:228:10: try 'simp' instead of 'simpa'

Note: This linter can be disabled with `set_option linter.unnecessarySimpa false`
⚠ [7607/7613] Replayed Goldbach.AnalyticGlobal
warning: Goldbach/AnalyticGlobal.lean:65:28: This simp argument is unused:
  one_div

Hint: Omit it from the simp argument list.
  simp [div_eq_mul_inv, o̵n̵e̵_̵d̵i̵v̵,̵ ̵mul_comm]

Note: This linter can be disabled with `set_option linter.unusedSimpArgs false`
warning: Goldbach/AnalyticGlobal.lean:68:30: This simp argument is unused:
  one_div

Hint: Omit it from the simp argument list.
  simp [div_eq_mul_inv, o̵n̵e̵_̵d̵i̵v̵,̵ ̵mul_comm]

Note: This linter can be disabled with `set_option linter.unusedSimpArgs false`
warning: Goldbach/AnalyticGlobal.lean:70:39: This simp argument is unused:
  mul_left_comm

Hint: Omit it from the simp argument list.
  simp [one_div, S_ne, mul_comm, mul_l̵e̵f̵t̵_̵c̵o̵m̵m̵,̵ ̵m̵u̵l̵_̵assoc]

Note: This linter can be disabled with `set_option linter.unusedSimpArgs false`
warning: Goldbach/AnalyticGlobal.lean:70:54: This simp argument is unused:
  mul_assoc

Hint: Omit it from the simp argument list.
  simp [one_div, S_ne, mul_comm, mul_left_comm,̵ ̵m̵u̵l̵_̵a̵s̵s̵o̵c̵]

Note: This linter can be disabled with `set_option linter.unusedSimpArgs false`
⚠ [7608/7613] Replayed Goldbach.BankPieces
warning: Goldbach/BankPieces.lean:15:63: `class ... :=` has been deprecated in favor of `class ... where`.

Note: This linter can be disabled with `set_option linter.deprecated false`
⚠ [7610/7613] Replayed Goldbach.Analytic.MajorBoundFromSigma
warning: Goldbach/Analytic/MajorBoundFromSigma.lean:21:75: `structure ... :=` has been deprecated in favor of `structure ... where`.

Note: This linter can be disabled with `set_option linter.deprecated false`
⚠ [7611/7613] Replayed Goldbach.Analytic.NumericSigma
warning: Goldbach/Analytic/NumericSigma.lean:23:32: unused variable `hX`

Note: This linter can be disabled with `set_option linter.unusedVariables false`
✖ [7613/7613] Building Goldbach.BG_Identity (46s)
trace: .> LEAN_PATH=/Users/benjaminnelson/Desktop/nerd shit/goldbach/builds/Goldbach/.lake/packages/Cli/.lake/build/lib/lean:/Users/benjaminnelson/Desktop/nerd shit/goldbach/builds/Goldbach/.lake/packages/batteries/.lake/build/lib/lean:/Users/benjaminnelson/Desktop/nerd shit/goldbach/builds/Goldbach/.lake/packages/Qq/.lake/build/lib/lean:/Users/benjaminnelson/Desktop/nerd shit/goldbach/builds/Goldbach/.lake/packages/aesop/.lake/build/lib/lean:/Users/benjaminnelson/Desktop/nerd shit/goldbach/builds/Goldbach/.lake/packages/proofwidgets/.lake/build/lib/lean:/Users/benjaminnelson/Desktop/nerd shit/goldbach/builds/Goldbach/.lake/packages/importGraph/.lake/build/lib/lean:/Users/benjaminnelson/Desktop/nerd shit/goldbach/builds/Goldbach/.lake/packages/LeanSearchClient/.lake/build/lib/lean:/Users/benjaminnelson/Desktop/nerd shit/goldbach/builds/Goldbach/.lake/packages/plausible/.lake/build/lib/lean:/Users/benjaminnelson/Desktop/nerd shit/goldbach/builds/Goldbach/.lake/packages/mathlib/.lake/build/lib/lean:/Users/benjaminnelson/Desktop/nerd shit/goldbach/builds/Goldbach/.lake/build/lib/lean /Users/benjaminnelson/.elan/toolchains/leanprover--lean4---v4.26.0-rc2/bin/lean /Users/benjaminnelson/Desktop/nerd shit/goldbach/builds/Goldbach/Goldbach/BG_Identity.lean -o /Users/benjaminnelson/Desktop/nerd shit/goldbach/builds/Goldbach/.lake/build/lib/lean/Goldbach/BG_Identity.olean -i /Users/benjaminnelson/Desktop/nerd shit/goldbach/builds/Goldbach/.lake/build/lib/lean/Goldbach/BG_Identity.ilean -c /Users/benjaminnelson/Desktop/nerd shit/goldbach/builds/Goldbach/.lake/build/ir/Goldbach/BG_Identity.c --setup /Users/benjaminnelson/Desktop/nerd shit/goldbach/builds/Goldbach/.lake/build/ir/Goldbach/BG_Identity.setup.json --json
warning: Goldbach/BG_Identity.lean:138:48: This simp argument is unused:
  add_comm

Hint: Omit it from the simp argument list.
  simp [Finset.sum_insert, hk, ih, mul_add, a̵d̵d̵_̵c̵o̵m̵m̵,̵ ̵add_left_comm, add_assoc, mul_comm, mul_left_comm,
  ̲  ̲ ̲ ̲ ̲ ̲ ̲ ̲mul_assoc]

Note: This linter can be disabled with `set_option linter.unusedSimpArgs false`
warning: Goldbach/BG_Identity.lean:138:58: This simp argument is unused:
  add_left_comm

Hint: Omit it from the simp argument list.
  simp [Finset.sum_insert, hk, ih, mul_add, add_comm, a̵d̵d̵_̵l̵e̵f̵t̵_̵c̵o̵m̵m̵,̵add_assoc, mul_comm, mul_left_comm,
  ̲  ̲ ̲ ̲ ̲ ̲ ̲ ̲mul_assoc]

Note: This linter can be disabled with `set_option linter.unusedSimpArgs false`
warning: Goldbach/BG_Identity.lean:139:12: This simp argument is unused:
  add_assoc

Hint: Omit it from the simp argument list.
  simp [Finset.sum_insert, hk, ih, mul_add, add_comm, add_left_comm, a̵d̵d̵_̵a̵s̵s̵o̵c̵,̵ ̵mul_comm, mul_left_comm,
  ̲  ̲ ̲ ̲ ̲ ̲ ̲ ̲mul_assoc]

Note: This linter can be disabled with `set_option linter.unusedSimpArgs false`
warning: Goldbach/BG_Identity.lean:139:23: This simp argument is unused:
  mul_comm

Hint: Omit it from the simp argument list.
  simp [Finset.sum_insert, hk, ih, mul_add, add_comm, add_left_comm, add_assoc, m̵u̵l̵_̵c̵o̵m̵m̵,̵ ̵mul_left_comm,
  ̲  ̲ ̲ ̲ ̲ ̲ ̲ ̲mul_assoc]

Note: This linter can be disabled with `set_option linter.unusedSimpArgs false`
warning: Goldbach/BG_Identity.lean:139:33: This simp argument is unused:
  mul_left_comm

Hint: Omit it from the simp argument list.
  simp [Finset.sum_insert, hk, ih, mul_add, add_comm, add_left_comm, add_assoc, mul_comm,
  ̲  ̲ ̲ ̲ ̲ ̲ ̲ ̲m̵u̵l̵_̵l̵e̵f̵t̵_̵c̵o̵m̵m̵,̵ ̵mul_assoc]

Note: This linter can be disabled with `set_option linter.unusedSimpArgs false`
warning: Goldbach/BG_Identity.lean:139:48: This simp argument is unused:
  mul_assoc

Hint: Omit it from the simp argument list.
  simp [Finset.sum_insert, hk, ih, mul_add, add_comm, add_left_comm, add_assoc, mul_comm,
  ̲  ̲ ̲ ̲ ̲ ̲ ̲ ̲m̵u̵l̵_̵l̵e̵f̵t̵_̵c̵o̵m̵m̵,̵ ̵m̵u̵l̵_̵a̵s̵s̵o̵c̵]̵m̲u̲l̲_̲l̲e̲f̲t̲_̲c̲o̲m̲m̲]̲

Note: This linter can be disabled with `set_option linter.unusedSimpArgs false`
error: Goldbach/BG_Identity.lean:192:6: Tactic `subst` failed: invalid equality proof, it is not of the form (x = t) or (t = x)
  Ucut = 0

case pos
m : ℕ
hm : m ≤ Ucut
hU : Ucut = 0
⊢ 0 ≤ 1 - ↑m / ↑Ucut
error: Goldbach/BG_Identity.lean:186:76: unsolved goals
m : ℕ
hm : m ≤ Ucut
hnonneg : 0 ≤ 1 - ↑m / ↑Ucut
hmax : max (1 - ↑m / ↑Ucut) 0 = 1 - ↑m / ↑Ucut
⊢ max (1 - ↑m / (↑H + ↑((H + 99) / 100))) 0 / (↑H + ↑((H + 99) / 100)) =
    (1 - ↑m / (↑H + ↑((H + 99) / 100))) / (↑H + ↑((H + 99) / 100))
warning: Goldbach/BG_Identity.lean:205:8: This simp argument is unused:
  hmax

Hint: Omit it from the simp argument list.
  simp ̵[̵h̵m̵a̵x̵]̵

Note: This linter can be disabled with `set_option linter.unusedSimpArgs false`
warning: Goldbach/BG_Identity.lean:231:10: This simp argument is unused:
  Finset.sum_insert

Hint: Omit it from the simp argument list.
  simp [̵F̵i̵n̵s̵e̵t̵.̵s̵u̵m̵_̵i̵n̵s̵e̵r̵t̵,̵ ̵h̵a̵,̵[̲h̲a̲,̲ ih, mul_add, add_comm, add_left_comm, add_assoc, mul_comm, mul_left_comm, mul_assoc]

Note: This linter can be disabled with `set_option linter.unusedSimpArgs false`
warning: Goldbach/BG_Identity.lean:231:33: This simp argument is unused:
  ih

Hint: Omit it from the simp argument list.
  simp [Finset.sum_insert, ha, i̵h̵,̵ ̵mul_add, add_comm, add_left_comm,
  ̵  ̵ ̵ ̵ ̵ ̵ ̵ ̵ ̵ ̵add_assoc, mul_comm,
  ̲  ̲ ̲ ̲ ̲ ̲mul_left_comm, mul_assoc]

Note: This linter can be disabled with `set_option linter.unusedSimpArgs false`
warning: Goldbach/BG_Identity.lean:231:56: This simp argument is unused:
  add_left_comm

Hint: Omit it from the simp argument list.
  simp [Finset.sum_insert, ha, ih, mul_add, add_comm, a̵d̵d̵_̵l̵e̵f̵t̵_̵c̵o̵m̵m̵,̵add_assoc, mul_comm, mul_left_comm,
  ̲  ̲ ̲ ̲ ̲ ̲mul_assoc]

Note: This linter can be disabled with `set_option linter.unusedSimpArgs false`
warning: Goldbach/BG_Identity.lean:232:10: This simp argument is unused:
  add_assoc

Hint: Omit it from the simp argument list.
  simp [Finset.sum_insert, ha, ih, mul_add, add_comm, add_left_comm, a̵d̵d̵_̵a̵s̵s̵o̵c̵,̵ ̵mul_comm, mul_left_comm,
  ̲  ̲ ̲ ̲ ̲ ̲mul_assoc]

Note: This linter can be disabled with `set_option linter.unusedSimpArgs false`
warning: Goldbach/BG_Identity.lean:232:31: This simp argument is unused:
  mul_left_comm

Hint: Omit it from the simp argument list.
  simp [Finset.sum_insert, ha, ih, mul_add, add_comm, add_left_comm, add_assoc, mul_comm,
  ̲  ̲ ̲ ̲ ̲ ̲m̵u̵l̵_̵l̵e̵f̵t̵_̵c̵o̵m̵m̵,̵ ̵mul_assoc]

Note: This linter can be disabled with `set_option linter.unusedSimpArgs false`
warning: Goldbach/BG_Identity.lean:232:46: This simp argument is unused:
  mul_assoc

Hint: Omit it from the simp argument list.
  simp [Finset.sum_insert, ha, ih, mul_add, add_comm, add_left_comm, add_assoc, mul_comm,
  ̲  ̲ ̲ ̲ ̲ ̲m̵u̵l̵_̵l̵e̵f̵t̵_̵c̵o̵m̵m̵,̵ ̵m̵u̵l̵_̵a̵s̵s̵o̵c̵]̵m̲u̲l̲_̲l̲e̲f̲t̲_̲c̲o̲m̲m̲]̲

Note: This linter can be disabled with `set_option linter.unusedSimpArgs false`
warning: Goldbach/BG_Identity.lean:328:6: declaration uses 'sorry'
warning: Goldbach/BG_Identity.lean:357:23: This simp argument is unused:
  Int.ofNat_sub hHN

Hint: Omit it from the simp argument list.
  simp only [̵I̵n̵t̵.̵o̵f̵N̵a̵t̵_̵s̵u̵b̵ ̵h̵H̵N̵]̵ ̵at hZint

Note: This linter can be disabled with `set_option linter.unusedSimpArgs false`
warning: Goldbach/BG_Identity.lean:422:4: try 'simp' instead of 'simpa'

Note: This linter can be disabled with `set_option linter.unnecessarySimpa false`
warning: Goldbach/BG_Identity.lean:445:25: try 'simp' instead of 'simpa'

Note: This linter can be disabled with `set_option linter.unnecessarySimpa false`
warning: Goldbach/BG_Identity.lean:488:6: declaration uses 'sorry'
warning: Goldbach/BG_Identity.lean:525:15: unused variable `hX`

Note: This linter can be disabled with `set_option linter.unusedVariables false`
warning: Goldbach/BG_Identity.lean:526:5: unused variable `hN`

Note: This linter can be disabled with `set_option linter.unusedVariables false`
warning: Goldbach/BG_Identity.lean:558:5: unused variable `hk`

Note: This linter can be disabled with `set_option linter.unusedVariables false`
warning: Goldbach/BG_Identity.lean:583:28: This simp argument is unused:
  hUpos.ne'

Hint: Omit it from the simp argument list.
  s̵i̵m̵p̵ ̵[̵K̵_̵f̵u̵l̵l̵,̵ ̵K̵_̵f̵u̵l̵l̵_̵r̵a̵w̵,̵ ̵h̵U̵p̵o̵s̵.̵n̵e̵'̵]̵ ̵a̵t̵ ̵*̵s̲i̲m̲p̲ ̲[̲K̲_̲f̲u̲l̲l̲,̲
  ̲ ̲ ̲ ̲ ̲K̲_̲f̲u̲l̲l̲_̲r̲a̲w̲]̲ ̲a̲t̲ ̲*̲
  ̲ ̲ ̲ ̲ ̲ ̲ ̲-̲-̲ ̲a̲f̲t̲e̲r̲ ̲s̲i̲m̲p̲,̲ ̲g̲o̲a̲l̲ ̲b̲e̲c̲o̲m̲e̲s̲ ̲`̲0̲ ̲<̲ ̲1̲ ̲/̲ ̲(̲U̲c̲u̲t̲:̲ℝ̲)̲`̲
  ̲ ̲ ̲ ̲ ̲ ̲ ̲

Note: This linter can be disabled with `set_option linter.unusedSimpArgs false`
warning: Goldbach/BG_Identity.lean:608:5: unused variable `h`

Note: This linter can be disabled with `set_option linter.unusedVariables false`
warning: Goldbach/BG_Identity.lean:615:5: unused variable `h`

Note: This linter can be disabled with `set_option linter.unusedVariables false`
warning: Goldbach/BG_Identity.lean:631:25: unused variable `X`

Note: This linter can be disabled with `set_option linter.unusedVariables false`
warning: Goldbach/BG_Identity.lean:631:27: unused variable `N`

Note: This linter can be disabled with `set_option linter.unusedVariables false`
warning: Goldbach/BG_Identity.lean:655:5: unused variable `h`

Note: This linter can be disabled with `set_option linter.unusedVariables false`
error: Goldbach/BG_Identity.lean:669:10: Unknown identifier `Kernel.conv_ref_const_eq_sigma_mass_of`
warning: Goldbach/BG_Identity.lean:684:8: try 'simp' instead of 'simpa'

Note: This linter can be disabled with `set_option linter.unnecessarySimpa false`
warning: Goldbach/BG_Identity.lean:712:34: unused variable `hk`

Note: This linter can be disabled with `set_option linter.unusedVariables false`
warning: Goldbach/BG_Identity.lean:716:35: unused variable `hk`

Note: This linter can be disabled with `set_option linter.unusedVariables false`
error: Goldbach/BG_Identity.lean:773:20: failed to synthesize
  HMul (ℕ → ℝ) ℝ ?m.11

Hint: Additional diagnostic information may be available using the `set_option diagnostics true` command.
error: Goldbach/BG_Identity.lean:781:20: typeclass instance problem is stuck
  HMul (ℕ → ℝ) ?m.14 ℝ

Note: Lean will not try to resolve this typeclass instance problem because the second type argument to `HMul` is a metavariable. This argument must be fully determined before Lean will try to resolve the typeclass.

Hint: Adding type annotations and supplying implicit arguments to functions can give Lean more information for typeclass resolution. For example, if you have a variable `x` that you intend to be a `Nat`, but Lean reports it as having an unresolved type like `?m`, replacing `x` with `(x : Nat)` can get typeclass resolution un-stuck.
error: Goldbach/BG_Identity.lean:791:60: unsolved goals
⊢ False
error: Goldbach/BG_Identity.lean:809:58: unsolved goals
⊢ -((↑H + 99) / 100) ≤ ↑H ∧ 0 ≤ ↑H + (↑H + 99) / 100
error: Goldbach/BG_Identity.lean:831:26: Unknown constant `Int.natAbs_eq_ofNat_abs`
error: Goldbach/BG_Identity.lean:837:12: linarith failed to find a contradiction
case h
h0 : 0 ∈ bandU
z : ℤ
hz : z ∈ bandU.erase 0
hzIcc : z ∈ Finset.Icc (-↑Ucut) ↑Ucut
hz0 : z ≠ 0
this : -↑Ucut ≤ z ∧ z ≤ ↑Ucut
hle : z ≤ ↑Ucut
hneg : -↑Ucut ≤ z
hz' : ↑z.natAbs = max (-z) z
a✝ : ↑Ucut < ↑z.natAbs
⊢ False
failed
error: Goldbach/BG_Identity.lean:845:59: mod_cast has type
  ?m.225 = ?m.225
but is expected to have type
  z.natAbs = 0
error: Goldbach/BG_Identity.lean:849:12: Type mismatch
  hzabs0
has type
  z.natAbs = 0
but is expected to have type
  z.natAbs ≠ 0
error: Goldbach/BG_Identity.lean:851:17: Invalid `⟨...⟩` notation: The expected type
  z.natAbs - 1 < Ucut ∧ z = Int.ofNat (z.natAbs - 1).succ ∨ z = -Int.ofNat (z.natAbs - 1).succ
has more than one constructor

Note: This notation can only be used when the expected type is an inductive type with a single constructor
error: Goldbach/BG_Identity.lean:852:10: No goals to be solved
error: Goldbach/BG_Identity.lean:865:69: Application type mismatch: The argument
  hkpos
has type
  k < Ucut
but is expected to have type
  k ∈ Finset.range Ucut
in the application
  And.intro hkpos
error: Goldbach/BG_Identity.lean:820:6: unsolved goals
case h.mp.inr
h0 : 0 ∈ bandU
z : ℤ
hz : z ∈ bandU.erase 0
hzIcc : z ∈ Finset.Icc (-↑Ucut) ↑Ucut
hz0 : z ≠ 0
hzAbs : z.natAbs ≤ Ucut
k : ℕ
h✝ : z = -Int.ofNat k.succ
⊢ z ∈
    Finset.map { toFun := fun k => ↑k.succ, inj' := ⋯ } (Finset.range Ucut) ∪
      Finset.map { toFun := fun k => -↑k.succ, inj' := ⋯ } (Finset.range Ucut)
error: Goldbach/BG_Identity.lean:866:54: unsolved goals
h0 : 0 ∈ bandU
z : ℤ
⊢ K_full_raw (H + (H + 99) / 100) 0 = (↑H + ↑((H + 99) / 100))⁻¹
error: Goldbach/BG_Identity.lean:879:34: maximum recursion depth has been reached
use `set_option maxRecDepth <num>` to increase limit
use `set_option diagnostics true` to get diagnostic information
error: Goldbach/BG_Identity.lean:880:28: Type mismatch
  hk
has type
  k ∈ Finset.map { toFun := fun k => ↑k.succ, inj' := ⋯ } (Finset.range Ucut)
but is expected to have type
  ∀ (a₂ : ℤ) (ha₂ : a₂ ∈ Finset.map { toFun := fun k => ↑k.succ, inj' := ⋯ } (Finset.range Ucut)),
    (fun k hk => k) k hk = (fun k hk => k) a₂ ha₂ → k = a₂
error: Goldbach/BG_Identity.lean:881:14: unsolved goals
case heq
h0 : 0 ∈ bandU
z : ℤ
h0val : K_full 0 = 1 / ↑Ucut
k : ℤ
hk : k ∈ Finset.map { toFun := fun k => -↑k.succ, inj' := ⋯ } (Finset.range Ucut)
⊢ ∃ a < H + (H + 99) / 100, ↑a + 1 = k
error: Goldbach/BG_Identity.lean:882:28: Type mismatch
  hk
has type
  k ∈ Finset.map { toFun := fun k => ↑k.succ, inj' := ⋯ } (Finset.range Ucut)
but is expected to have type
  K_full k = K_full ((fun k hk => k) k hk)
error: Goldbach/BG_Identity.lean:899:68: Type mismatch: After simplification, term
  hbEq
 has type
  -1 + -↑b' = ↑a' + 1
but is expected to have type
  ↑a' + 1 = -1 + -↑b'
error: Goldbach/BG_Identity.lean:900:16: linarith failed to find a contradiction
h0 : 0 ∈ bandU
z : ℤ
h0val : K_full 0 = 1 / ↑Ucut
hpair :
  ∑ k ∈ Finset.map { toFun := fun k => ↑k.succ, inj' := ⋯ } (Finset.range Ucut), K_full k =
    ∑ k ∈ Finset.map { toFun := fun k => -↑k.succ, inj' := ⋯ } (Finset.range Ucut), K_full k
a' : ℕ
ha' : a' ∈ Finset.range Ucut
ha :
  { toFun := fun k => ↑k.succ, inj' := ⋯ } a' ∈ Finset.map { toFun := fun k => ↑k.succ, inj' := ⋯ } (Finset.range Ucut)
hb :
  { toFun := fun k => ↑k.succ, inj' := ⋯ } a' ∈ Finset.map { toFun := fun k => -↑k.succ, inj' := ⋯ } (Finset.range Ucut)
b' : ℕ
hb' : b' ∈ Finset.range Ucut
hbEq : { toFun := fun k => -↑k.succ, inj' := ⋯ } b' = { toFun := fun k => ↑k.succ, inj' := ⋯ } a'
hbPos : ↑b'.succ ≠ 0
this : ↑a'.succ = -↑b'.succ
⊢ False
failed
error: Goldbach/BG_Identity.lean:917:92: Unknown identifier `hpos`
error: Goldbach/BG_Identity.lean:919:6: 'calc' expression has type
  ∑ k ∈ bandU, K_full k = K_full 0 + 2 * ∑ k ∈ Finset.range Ucut, K_full (Int.ofNat k.succ)
but is expected to have type
  z ∈
      Finset.map { toFun := fun k => ↑k.succ, inj' := ⋯ } (Finset.range Ucut) ∪
        Finset.map { toFun := fun k => -↑k.succ, inj' := ⋯ } (Finset.range Ucut) →
    z ∈ bandU.erase 0
error: Goldbach/BG_Identity.lean:806:93: unsolved goals
h0 : 0 ∈ bandU
hpos :
  bandU.erase 0 =
    Finset.map { toFun := fun k => ↑k.succ, inj' := ⋯ } (Finset.range Ucut) ∪
      Finset.map { toFun := fun k => -↑k.succ, inj' := ⋯ } (Finset.range Ucut)
⊢ ∑ k ∈ bandU, K_full k = K_full 0 + 2 * ∑ k ∈ Finset.range Ucut, K_full (Int.ofNat k.succ)
error: Goldbach/BG_Identity.lean:922:22: maximum recursion depth has been reached
use `set_option maxRecDepth <num>` to increase limit
use `set_option diagnostics true` to get diagnostic information
warning: Goldbach/BG_Identity.lean:924:10: try 'simp' instead of 'simpa'

Note: This linter can be disabled with `set_option linter.unnecessarySimpa false`
warning: Goldbach/BG_Identity.lean:943:22: `Finset.range_succ` has been deprecated: Use `Finset.range_add_one` instead
error: Goldbach/BG_Identity.lean:941:72: unsolved goals
hsplit : ∑ k ∈ bandU, K_full k = K_full 0 + 2 * ∑ k ∈ Finset.range Ucut, K_full (Int.ofNat k.succ)
hsum1 : ∑ k ∈ Finset.range Ucut, 1 = ↑Ucut
this : ∑ i ∈ Finset.range Ucut.succ, i = Ucut.succ * (Ucut.succ - 1) / 2
⊢ H + (H + 99) / 100 + ∑ x ∈ Finset.range (H + (H + 99) / 100), x =
    ∑ x ∈ Finset.range (H + (H + 99) / 100), x + (H + (H + 99) / 100)
error: Goldbach/BG_Identity.lean:945:10: Type mismatch: After simplification, term
  Finset.sum_range_id
 has type
  ∀ (n : ℕ), ∑ i ∈ Finset.range n, i = n * (n - 1) / 2
but is expected to have type
  ∑ i ∈ Finset.range (H + (H + 99) / 100 + 1), i = (H + (H + 99) / 100 + 1) * (H + (H + 99) / 100) / 2
error: Goldbach/BG_Identity.lean:946:8: linarith failed to find a contradiction
case h1.h
hsplit : ∑ k ∈ bandU, K_full k = K_full 0 + 2 * ∑ k ∈ Finset.range Ucut, K_full (Int.ofNat k.succ)
hsum1 : ∑ k ∈ Finset.range Ucut, 1 = ↑Ucut
this : ∑ i ∈ Finset.range Ucut.succ, i = Ucut.succ * (Ucut.succ - 1) / 2
hrewrite : ∑ i ∈ Finset.range Ucut.succ, i = ∑ k ∈ Finset.range Ucut, k.succ
hs : ∑ i ∈ Finset.range Ucut.succ, i = Ucut.succ * Ucut / 2
a✝ : ∑ k ∈ Finset.range Ucut, k.succ < Ucut * (Ucut + 1) / 2
⊢ False
failed
error: Goldbach/BG_Identity.lean:948:6: maximum recursion depth has been reached
use `set_option maxRecDepth <num>` to increase limit
use `set_option diagnostics true` to get diagnostic information
error: Goldbach/BG_Identity.lean:955:16: maximum recursion depth has been reached
use `set_option maxRecDepth <num>` to increase limit
use `set_option diagnostics true` to get diagnostic information
error: Goldbach/BG_Identity.lean:967:68: unsolved goals
hsplit : ∑ k ∈ bandU, K_full k = K_full 0 + 2 * ∑ k ∈ Finset.range Ucut, K_full (Int.ofNat k.succ)
hsum1 : ∑ k ∈ Finset.range Ucut, 1 = ↑Ucut
hsumk : ∑ k ∈ Finset.range Ucut, ↑k.succ = ↑Ucut * (↑Ucut + 1) / 2
hUpos : 0 < ↑Ucut
hUpos' : ↑Ucut ≠ 0
⊢ (↑H + ↑((H + 99) / 100) - ∑ x ∈ Finset.range (H + (H + 99) / 100), (↑x + 1) / (↑H + ↑((H + 99) / 100))) /
      (↑H + ↑((H + 99) / 100)) =
    (↑H + ↑((H + 99) / 100))⁻¹ *
      (↑H + ↑((H + 99) / 100) - ∑ x ∈ Finset.range (H + (H + 99) / 100), (↑x + 1) / (↑H + ↑((H + 99) / 100)))
info: Goldbach/BG_Identity.lean:973:8: Try this:
  [apply] ring_nf
  
  The `ring` tactic failed to close the goal. Use `ring_nf` to obtain a normal form.
    
  Note that `ring` works primarily in *commutative* rings. If you have a noncommutative ring, abelian group or module, consider using `noncomm_ring`, `abel` or `module` instead.
error: Goldbach/BG_Identity.lean:970:96: unsolved goals
hsplit : ∑ k ∈ bandU, K_full k = K_full 0 + 2 * ∑ k ∈ Finset.range Ucut, K_full (Int.ofNat k.succ)
hsum1 : ∑ k ∈ Finset.range Ucut, 1 = ↑Ucut
hsumk : ∑ k ∈ Finset.range Ucut, ↑k.succ = ↑Ucut * (↑Ucut + 1) / 2
hUpos : 0 < ↑Ucut
hUpos' : ↑Ucut ≠ 0
⊢ ↑Ucut * (↑Ucut)⁻¹ - (↑Ucut)⁻¹ * ∑ x ∈ Finset.range Ucut, (↑Ucut)⁻¹ * ↑x.succ =
    ↑Ucut * (↑Ucut)⁻¹ + ↑Ucut * (↑Ucut)⁻¹ ^ 2 * (-1 / 2) + ↑Ucut ^ 2 * (↑Ucut)⁻¹ ^ 2 * (-1 / 2)
info: Goldbach/BG_Identity.lean:975:33: Try this:
  [apply] ring_nf
  
  The `ring` tactic failed to close the goal. Use `ring_nf` to obtain a normal form.
    
  Note that `ring` works primarily in *commutative* rings. If you have a noncommutative ring, abelian group or module, consider using `noncomm_ring`, `abel` or `module` instead.
error: Goldbach/BG_Identity.lean:974:34: unsolved goals
hsplit : ∑ k ∈ bandU, K_full k = K_full 0 + 2 * ∑ k ∈ Finset.range Ucut, K_full (Int.ofNat k.succ)
hsum1 : ∑ k ∈ Finset.range Ucut, 1 = ↑Ucut
hsumk : ∑ k ∈ Finset.range Ucut, ↑k.succ = ↑Ucut * (↑Ucut + 1) / 2
hUpos : 0 < ↑Ucut
⊢ -1 + ↑Ucut = -↑Ucut + ↑Ucut ^ 2
error: Goldbach/BG_Identity.lean:984:58: unsolved goals
hsplit : ∑ k ∈ bandU, K_full k = K_full 0 + 2 * ∑ k ∈ Finset.range Ucut, K_full (Int.ofNat k.succ)
hpos_eval : ∑ k ∈ Finset.range Ucut, K_full (Int.ofNat k.succ) = (↑Ucut - 1) / 2
hUpos : ↑Ucut ≠ 0
this : ∑ k ∈ bandU, K_full k = K_full 0 + 2 * ∑ k ∈ Finset.range Ucut, K_full (Int.ofNat k.succ)
⊢ K_full_raw (H + (H + 99) / 100) 0 = (↑H + ↑((H + 99) / 100))⁻¹
info: Goldbach/BG_Identity.lean:993:6: Try this:
  [apply] ring_nf
  
  The `ring` tactic failed to close the goal. Use `ring_nf` to obtain a normal form.
    
  Note that `ring` works primarily in *commutative* rings. If you have a noncommutative ring, abelian group or module, consider using `noncomm_ring`, `abel` or `module` instead.
error: Goldbach/BG_Identity.lean:987:13: unsolved goals
hsplit : ∑ k ∈ bandU, K_full k = K_full 0 + 2 * ∑ k ∈ Finset.range Ucut, K_full (Int.ofNat k.succ)
hpos_eval : ∑ k ∈ Finset.range Ucut, K_full (Int.ofNat k.succ) = (↑Ucut - 1) / 2
hUpos hUpos' : ↑Ucut ≠ 0
hUpos'' : 0 < ↑Ucut
⊢ 1 - ↑Ucut + ↑Ucut ^ 2 = ↑Ucut
warning: Goldbach/BG_Identity.lean:810:14: This simp argument is unused:
  bandU

Hint: Omit it from the simp argument list.
  simp ̵[̵b̵a̵n̵d̵U̵]̵

Note: This linter can be disabled with `set_option linter.unusedSimpArgs false`
warning: Goldbach/BG_Identity.lean:969:14: This simp argument is unused:
  Finset.sum_mul

Hint: Omit it from the simp argument list.
  simp [F̵i̵n̵s̵e̵t̵.̵s̵u̵m̵_̵m̵u̵l̵,̵ ̵hUpos']

Note: This linter can be disabled with `set_option linter.unusedSimpArgs false`
warning: Goldbach/BG_Identity.lean:969:30: This simp argument is unused:
  hUpos'

Hint: Omit it from the simp argument list.
  simp [Finset.sum_mul,̵ ̵h̵U̵p̵o̵s̵'̵]

Note: This linter can be disabled with `set_option linter.unusedSimpArgs false`
warning: Goldbach/BG_Identity.lean:972:43: This simp argument is unused:
  Finset.sum_div

Hint: Omit it from the simp argument list.
  simp only [Finset.sum_sub_distrib, F̵i̵n̵s̵e̵t̵.̵s̵u̵m̵_̵d̵i̵v̵,̵ ̵hsum1, hsumk]

Note: This linter can be disabled with `set_option linter.unusedSimpArgs false`
warning: Goldbach/BG_Identity.lean:972:66: This simp argument is unused:
  hsumk

Hint: Omit it from the simp argument list.
  simp only [Finset.sum_sub_distrib, Finset.sum_div, hsum1,̵ ̵h̵s̵u̵m̵k̵]

Note: This linter can be disabled with `set_option linter.unusedSimpArgs false`
error: Goldbach/BG_Identity.lean:1008:27: Invalid argument name `bandU` for function `sum_bandU`
error: Goldbach/BG_Identity.lean:1031:30: unsolved goals
Kadm : BG.AdmissibleKernel Ucut
⊢ 0 ∈ BG_Bank.S_BG
warning: Goldbach/BG_Identity.lean:1048:5: unused variable `h`

Note: This linter can be disabled with `set_option linter.unusedVariables false`
error: Goldbach/BG_Identity.lean:1067:53: Type mismatch: After simplification, term
  hk
 has type
  k ∈ BG_Bank.S_BG
but is expected to have type
  -↑H ≤ k ∧ k ≤ ↑H
error: Goldbach/BG_Identity.lean:1072:6: Tactic `simp` failed with a nested error:
maximum recursion depth has been reached
use `set_option maxRecDepth <num>` to increase limit
use `set_option diagnostics true` to get diagnostic information
warning: Goldbach/BG_Identity.lean:1092:54: try 'simp' instead of 'simpa'

Note: This linter can be disabled with `set_option linter.unnecessarySimpa false`
error: Goldbach/BG_Identity.lean:1107:14: Type mismatch: After simplification, term
  Finset.mem_Icc.mpr hkIcc_pair
 has type
  -↑H ≤ k ∧ k ≤ ↑H
but is expected to have type
  k ∈ BG_Bank.S_BG
error: Goldbach/BG_Identity.lean:1109:53: Type mismatch: After simplification, term
  hk
 has type
  k ∈ BG_Bank.S_BG
but is expected to have type
  -↑H ≤ k ∧ k ≤ ↑H
warning: Goldbach/BG_Identity.lean:1112:6: try 'simp' instead of 'simpa'

Note: This linter can be disabled with `set_option linter.unnecessarySimpa false`
error: Goldbach/BG_Identity.lean:1147:55: linarith failed to find a contradiction
case h
hinner_eq : innerBand = Finset.Icc (-↑H) ↑H
z : ℤ
hz : z ∈ (Finset.Icc (-↑H) ↑H).erase 0
hzIcc : z ∈ Finset.Icc (-↑H) ↑H
hz0 : z ≠ 0
this : -↑H ≤ z ∧ z ≤ ↑H
hle : z ≤ ↑H
hneg : -↑H ≤ z
a✝ : ↑H < ↑z.natAbs
⊢ False
failed
error: Goldbach/BG_Identity.lean:1155:33: Function expected at
  Int.natAbs_eq_zero
but this term has type
  Int.natAbs ?m.243 = 0 ↔ ?m.243 = 0

Note: Expected a function because this term is being applied to the argument
  hzabs0
error: Goldbach/BG_Identity.lean:1158:17: Invalid `⟨...⟩` notation: The expected type
  z.natAbs - 1 < H ∧ z = Int.ofNat (z.natAbs - 1).succ ∨ z = -Int.ofNat (z.natAbs - 1).succ
has more than one constructor

Note: This notation can only be used when the expected type is an inductive type with a single constructor
error: Goldbach/BG_Identity.lean:1159:10: No goals to be solved
error: Goldbach/BG_Identity.lean:1137:6: unsolved goals
case h.mp.inl
hinner_eq : innerBand = Finset.Icc (-↑H) ↑H
k : ℕ
hkpos : k < H
hz : Int.ofNat k.succ ∈ (Finset.Icc (-↑H) ↑H).erase 0
hzIcc : Int.ofNat k.succ ∈ Finset.Icc (-↑H) ↑H
hz0 : Int.ofNat k.succ ≠ 0
hzAbs : (Int.ofNat k.succ).natAbs ≤ H
⊢ Int.ofNat k.succ ∈
    Finset.map { toFun := fun k => ↑k.succ, inj' := ⋯ } (Finset.range H) ∪
      Finset.map { toFun := fun k => -↑k.succ, inj' := ⋯ } (Finset.range H)

case h.mp.inr
hinner_eq : innerBand = Finset.Icc (-↑H) ↑H
z : ℤ
hz : z ∈ (Finset.Icc (-↑H) ↑H).erase 0
hzIcc : z ∈ Finset.Icc (-↑H) ↑H
hz0 : z ≠ 0
hzAbs : z.natAbs ≤ H
k : ℕ
h✝ : z = -Int.ofNat k.succ
⊢ z ∈
    Finset.map { toFun := fun k => ↑k.succ, inj' := ⋯ } (Finset.range H) ∪
      Finset.map { toFun := fun k => -↑k.succ, inj' := ⋯ } (Finset.range H)
error: Goldbach/BG_Identity.lean:1172:54: unsolved goals
hinner_eq : innerBand = Finset.Icc (-↑H) ↑H
z : ℤ
h0mem : 0 ∈ Finset.Icc (-↑H) ↑H
⊢ K_full_raw (H + (H + 99) / 100) 0 = (↑H + ↑((H + 99) / 100))⁻¹
error: Goldbach/BG_Identity.lean:1180:12: `inj` is not a field of structure `Function.Embedding`
error: Goldbach/BG_Identity.lean:1179:10: Fields missing: `inj'`

Hint: Add missing fields:
  
  ̲ ̲ ̲ ̲ ̲ ̲ ̲ ̲ ̲ ̲ ̲ ̲ ̲i̲n̲j̲'̲ ̲:̲=̲ ̲_̲
error: Goldbach/BG_Identity.lean:1186:12: `inj` is not a field of structure `Function.Embedding`
error: Goldbach/BG_Identity.lean:1185:10: Fields missing: `inj'`

Hint: Add missing fields:
  
  ̲ ̲ ̲ ̲ ̲ ̲ ̲ ̲ ̲ ̲ ̲ ̲ ̲i̲n̲j̲'̲ ̲:̲=̲ ̲_̲
error: Goldbach/BG_Identity.lean:1195:60: Type mismatch: After simplification, term
  hEq
 has type
  negEmb j = posEmb i
but is expected to have type
  ↑i + 1 = -1 + -↑j
error: Goldbach/BG_Identity.lean:1197:67: Type mismatch: After simplification, term
  this
 has type
  ↑i + 1 = -1 + -↑j
but is expected to have type
  ↑i + 1 + (↑j + 1) = 0
error: Goldbach/BG_Identity.lean:1198:62: mod_cast has type
  ?m.535
of sort `Type ?u.63673` but is expected to have type
  0 < i.succ + j.succ
of sort `Prop`
error: Goldbach/BG_Identity.lean:1198:78: Application type mismatch: The argument
  Nat.succ_pos j
has type
  0 < j.succ
of sort `Prop` but is expected to have type
  ?m.537
of sort `Type ?u.63674` in the application
  ?m.540 + ⋯
error: Goldbach/BG_Identity.lean:1199:33: Type mismatch: After simplification, term
  hpos
 has type
  0 < ↑i + 1 + (↑j + 1)
but is expected to have type
  False
error: Goldbach/BG_Identity.lean:1201:79: Unknown identifier `hband`
error: Goldbach/BG_Identity.lean:1206:85: Invalid argument name `emb` for function `Finset.sum_map`

Hint: Perhaps you meant one of the following parameter names:
  • `ι`: e̵m̵b̵ι̲
  • `κ`: e̵m̵b̵κ̲
  • `M`: e̵m̵b̵M̲
  • `e`: em̵b̵
error: Goldbach/BG_Identity.lean:1210:85: Invalid argument name `emb` for function `Finset.sum_map`

Hint: Perhaps you meant one of the following parameter names:
  • `ι`: e̵m̵b̵ι̲
  • `κ`: e̵m̵b̵κ̲
  • `M`: e̵m̵b̵M̲
  • `e`: em̵b̵
error: Goldbach/BG_Identity.lean:1214:10: maximum recursion depth has been reached
use `set_option maxRecDepth <num>` to increase limit
use `set_option diagnostics true` to get diagnostic information
warning: Goldbach/BG_Identity.lean:1218:16: try 'simp' instead of 'simpa'

Note: This linter can be disabled with `set_option linter.unnecessarySimpa false`
warning: Goldbach/BG_Identity.lean:1224:16: try 'simp' instead of 'simpa'

Note: This linter can be disabled with `set_option linter.unnecessarySimpa false`
error: Goldbach/BG_Identity.lean:1226:6: 'calc' expression has type
  ∑ k ∈ innerBand, K_full k = K_full 0 + 2 * ∑ k ∈ Finset.range H, K_full (Int.ofNat k.succ)
but is expected to have type
  z ∈
      Finset.map { toFun := fun k => ↑k.succ, inj' := ⋯ } (Finset.range H) ∪
        Finset.map { toFun := fun k => -↑k.succ, inj' := ⋯ } (Finset.range H) →
    z ∈ (Finset.Icc (-↑H) ↑H).erase 0
error: Goldbach/BG_Identity.lean:1130:137: unsolved goals
hinner_eq : innerBand = Finset.Icc (-↑H) ↑H
hband :
  (Finset.Icc (-↑H) ↑H).erase 0 =
    Finset.map { toFun := fun k => ↑k.succ, inj' := ⋯ } (Finset.range H) ∪
      Finset.map { toFun := fun k => -↑k.succ, inj' := ⋯ } (Finset.range H)
⊢ ∑ k ∈ innerBand, K_full k = K_full 0 + 2 * ∑ k ∈ Finset.range H, K_full (Int.ofNat k.succ)
warning: Goldbach/BG_Identity.lean:1235:10: try 'simp' instead of 'simpa'

Note: This linter can be disabled with `set_option linter.unnecessarySimpa false`
warning: Goldbach/BG_Identity.lean:1253:8: try 'simp' instead of 'simpa'

Note: This linter can be disabled with `set_option linter.unnecessarySimpa false`
warning: Goldbach/BG_Identity.lean:1266:34: try 'simp' instead of 'simpa'

Note: This linter can be disabled with `set_option linter.unnecessarySimpa false`
error: Goldbach/BG_Identity.lean:1268:4: maximum recursion depth has been reached
use `set_option maxRecDepth <num>` to increase limit
use `set_option diagnostics true` to get diagnostic information
error: Goldbach/BG_Identity.lean:1301:16: maximum recursion depth has been reached
use `set_option maxRecDepth <num>` to increase limit
use `set_option diagnostics true` to get diagnostic information
error: Goldbach/BG_Identity.lean:1314:74: unsolved goals
case h
hinner_eq : innerBand = Finset.Icc (-↑H) ↑H
hsplit : ∑ k ∈ innerBand, K_full k = K_full 0 + 2 * ∑ k ∈ Finset.range H, K_full (Int.ofNat k.succ)
hsum1 : ∑ k ∈ Finset.range H, 1 = ↑H
hsumk : ∑ k ∈ Finset.range H, ↑k.succ = ↑H * (↑H + 1) / 2
hUpos : ↑Ucut ≠ 0
hHU : H ≤ Ucut
hU0 : ↑Ucut ≠ 0
this : ∀ k ∈ Finset.range H, K_full (Int.ofNat k.succ) = (1 - ↑k.succ / ↑Ucut) / ↑Ucut
x : ℕ
⊢ (↑x + 1) * (↑H + ↑((H + 99) / 100))⁻¹ = (↑H + ↑((H + 99) / 100))⁻¹ * (↑x + 1)
error: Goldbach/BG_Identity.lean:1321:18: maximum recursion depth has been reached
use `set_option maxRecDepth <num>` to increase limit
use `set_option diagnostics true` to get diagnostic information
error: Goldbach/BG_Identity.lean:1325:40: Unknown identifier `sub_eq`
error: Goldbach/BG_Identity.lean:1325:16: Tactic `assumption` failed

hinner_eq : innerBand = Finset.Icc (-↑H) ↑H
hsplit : ∑ k ∈ innerBand, K_full k = K_full 0 + 2 * ∑ k ∈ Finset.range H, K_full (Int.ofNat k.succ)
hsum1 : ∑ k ∈ Finset.range H, 1 = ↑H
hsumk : ∑ k ∈ Finset.range H, ↑k.succ = ↑H * (↑H + 1) / 2
hUpos : ↑Ucut ≠ 0
hHU : H ≤ Ucut
hU0 : ↑Ucut ≠ 0
hrew2 : (fun k => ↑k.succ / ↑Ucut) = fun k => 1 / ↑Ucut * ↑k.succ
hsum_div_as_mul : ∑ k ∈ Finset.range H, ↑k.succ / ↑Ucut = 1 / ↑Ucut * ∑ k ∈ Finset.range H, ↑k.succ
this : ∀ k < H, K_full (↑k + 1) = (1 - (↑k + 1) / (↑H + ↑((H + 99) / 100))) / (↑H + ↑((H + 99) / 100))
⊢ ∑ x ∈ Finset.range H, (↑x + 1) / (↑H + ↑((H + 99) / 100)) =
      (↑H + ↑((H + 99) / 100))⁻¹ * ∑ x ∈ Finset.range H, (↑x + 1) ∨
    ↑H + ↑((H + 99) / 100) = 0
error: Goldbach/BG_Identity.lean:1326:87: unsolved goals
hinner_eq : innerBand = Finset.Icc (-↑H) ↑H
hsplit : ∑ k ∈ innerBand, K_full k = K_full 0 + 2 * ∑ k ∈ Finset.range H, K_full (Int.ofNat k.succ)
hsum1 : ∑ k ∈ Finset.range H, 1 = ↑H
hsumk : ∑ k ∈ Finset.range H, ↑k.succ = ↑H * (↑H + 1) / 2
hUpos : ↑Ucut ≠ 0
hHU : H ≤ Ucut
hU0 : ↑Ucut ≠ 0
this : ∀ k ∈ Finset.range H, K_full (Int.ofNat k.succ) = (1 - ↑k.succ / ↑Ucut) / ↑Ucut
⊢ ∑ x ∈ Finset.range H, (↑x + 1) = ↑H * (↑H + 1) * 2⁻¹ ∨ ↑H + ↑((H + 99) / 100) = 0
error: Goldbach/BG_Identity.lean:1340:4: maximum recursion depth has been reached
use `set_option maxRecDepth <num>` to increase limit
use `set_option diagnostics true` to get diagnostic information
error: Goldbach/BG_Identity.lean:1349:2: maximum recursion depth has been reached
use `set_option maxRecDepth <num>` to increase limit
use `set_option diagnostics true` to get diagnostic information
warning: Goldbach/BG_Identity.lean:1247:24: This simp argument is unused:
  add_left_comm

Hint: Omit it from the simp argument list.
  simp [Nat.succ_eq_add_one, Finset.sum_add_distrib, Finset.sum_const, Finset.card_range,
             ̵ ̵ ̵ ̵add_comm, add_l̵e̵f̵t̵_̵c̵o̵m̵m̵,̵ ̵ad̵d̵_̵a̵ssoc]

Note: This linter can be disabled with `set_option linter.unusedSimpArgs false`
warning: Goldbach/BG_Identity.lean:1247:39: This simp argument is unused:
  add_assoc

Hint: Omit it from the simp argument list.
  simp [Nat.succ_eq_add_one, Finset.sum_add_distrib, Finset.sum_const, Finset.card_range,
             ̵ ̵ ̵ ̵add_comm, add_left_comm,̵ ̵a̵d̵d̵_̵a̵s̵s̵o̵c̵]

Note: This linter can be disabled with `set_option linter.unusedSimpArgs false`
warning: Goldbach/BG_Identity.lean:1300:64: This simp argument is unused:
  mul_left_comm

Hint: Omit it from the simp argument list.
  simp [div_eq_mul_inv, mul_comm, mul_l̵e̵f̵t̵_̵c̵o̵m̵m̵,̵ ̵m̵u̵l̵_̵assoc]

Note: This linter can be disabled with `set_option linter.unusedSimpArgs false`
warning: Goldbach/BG_Identity.lean:1300:79: This simp argument is unused:
  mul_assoc

Hint: Omit it from the simp argument list.
  simp [div_eq_mul_inv, mul_comm, mul_left_comm,̵ ̵m̵u̵l̵_̵a̵s̵s̵o̵c̵]

Note: This linter can be disabled with `set_option linter.unusedSimpArgs false`
warning: Goldbach/BG_Identity.lean:1328:22: This simp argument is unused:
  hsumk

Hint: Omit it from the simp argument list.
  simp [h̵s̵u̵m̵k̵,̵ ̵div_eq_mul_inv]

Note: This linter can be disabled with `set_option linter.unusedSimpArgs false`
warning: Goldbach/BG_Identity.lean:1351:6: declaration uses 'sorry'
error: Goldbach/BG_Identity.lean:1397:21: maximum recursion depth has been reached
use `set_option maxRecDepth <num>` to increase limit
use `set_option diagnostics true` to get diagnostic information
warning: Goldbach/BG_Identity.lean:1425:28: unused variable `X`

Note: This linter can be disabled with `set_option linter.unusedVariables false`
warning: Goldbach/BG_Identity.lean:1425:30: unused variable `N`

Note: This linter can be disabled with `set_option linter.unusedVariables false`
warning: Goldbach/BG_Identity.lean:1426:28: unused variable `X`

Note: This linter can be disabled with `set_option linter.unusedVariables false`
warning: Goldbach/BG_Identity.lean:1426:30: unused variable `N`

Note: This linter can be disabled with `set_option linter.unusedVariables false`
error: Goldbach/BG_Identity.lean:1452:21: maximum recursion depth has been reached
use `set_option maxRecDepth <num>` to increase limit
use `set_option diagnostics true` to get diagnostic information
error: Goldbach/BG_Identity.lean:1551:0: Unexpected name `BG_Identity` after `end`: The current section is unnamed

Hint: Delete the name `BG_Identity` to end the current unnamed scope; outer named scopes can then be closed using additional `end` command(s):
  end ̵B̵G̵_̵I̵d̵e̵n̵t̵i̵t̵y̵
error: Goldbach/BG_Identity.lean:1552:0: Unexpected name `Goldbach` after `end`: The current section is unnamed

Hint: Delete the name `Goldbach` to end the current unnamed scope; outer named scopes can then be closed using additional `end` command(s):
  end ̵G̵o̵l̵d̵b̵a̵c̵h̵
error: Lean exited with code 1
Some required targets logged failures:
- Goldbach.BG_Identity
error: build failed
⚠ [7587/7613] Replayed Goldbach.Compat
warning: Goldbach/Compat.lean:18:2: try 'simp' instead of 'simpa'

Note: This linter can be disabled with `set_option linter.unnecessarySimpa false`
warning: Goldbach/Compat.lean:24:40: unused variable `hb`

Note: This linter can be disabled with `set_option linter.unusedVariables false`
warning: Goldbach/Compat.lean:50:4: try 'simp' instead of 'simpa'

Note: This linter can be disabled with `set_option linter.unnecessarySimpa false`
⚠ [7590/7613] Replayed Goldbach.Windows
warning: Goldbach/Windows.lean:63:4: try 'simp' instead of 'simpa'

Note: This linter can be disabled with `set_option linter.unnecessarySimpa false`
warning: Goldbach/Windows.lean:68:2: try 'simp' instead of 'simpa'

Note: This linter can be disabled with `set_option linter.unnecessarySimpa false`
warning: Goldbach/Windows.lean:68:38: this tactic is never executed

Note: This linter can be disabled with `set_option linter.unreachableTactic false`
warning: Goldbach/Windows.lean:68:38: 'simpa using hmap' tactic does nothing

Note: This linter can be disabled with `set_option linter.unusedTactic false`
⚠ [7595/7613] Replayed Goldbach.AO_AssembleEnvelope
warning: Goldbach/AO_AssembleEnvelope.lean:67:20: try 'simp' instead of 'simpa'

Note: This linter can be disabled with `set_option linter.unnecessarySimpa false`
⚠ [7597/7613] Replayed Goldbach.AO_Major
warning: Goldbach/AO_Major.lean:21:13: unused variable `hX`

Note: This linter can be disabled with `set_option linter.unusedVariables false`
warning: Goldbach/AO_Major.lean:21:35: unused variable `hN`

Note: This linter can be disabled with `set_option linter.unusedVariables false`
warning: Goldbach/AO_Major.lean:25:24: This simp argument is unused:
  add_assoc

Hint: Omit it from the simp argument list.
  simp [Goldbach.AO_Major.errAO, Goldbach.AO_Major.weight_mass, Goldbach.AO_Core.errAO,
       ̵ ̵ ̵ ̵sub_eq_add_neg, add_a̵s̵s̵o̵c̵,̵ ̵a̵d̵d̵_̵left_comm, add_comm, mul_assoc]

Note: This linter can be disabled with `set_option linter.unusedSimpArgs false`
warning: Goldbach/AO_Major.lean:25:60: This simp argument is unused:
  mul_assoc

Hint: Omit it from the simp argument list.
  simp [Goldbach.AO_Major.errAO, Goldbach.AO_Major.weight_mass, Goldbach.AO_Core.errAO,
       ̵ ̵ ̵ ̵sub_eq_add_neg, add_assoc, add_left_comm, add_comm,̵ ̵m̵u̵l̵_̵a̵s̵s̵o̵c̵]

Note: This linter can be disabled with `set_option linter.unusedSimpArgs false`
warning: Goldbach/AO_Major.lean:46:5: unused variable `h`

Note: This linter can be disabled with `set_option linter.unusedVariables false`
warning: Goldbach/AO_Major.lean:58:24: This simp argument is unused:
  dif_pos

Hint: Omit it from the simp argument list.
  simp only [MPDF, win, d̵i̵f̵_̵p̵o̵s̵,̵ ̵mul_div_assoc']

Note: This linter can be disabled with `set_option linter.unusedSimpArgs false`
warning: Goldbach/AO_Major.lean:58:33: This simp argument is unused:
  mul_div_assoc'

Hint: Omit it from the simp argument list.
  simp only [MPDF, win, dif_pos,̵ ̵m̵u̵l̵_̵d̵i̵v̵_̵a̵s̵s̵o̵c̵'̵]

Note: This linter can be disabled with `set_option linter.unusedSimpArgs false`
warning: Goldbach/AO_Major.lean:81:69: try 'simp' instead of 'simpa'

Note: This linter can be disabled with `set_option linter.unnecessarySimpa false`
warning: Goldbach/AO_Major.lean:82:68: try 'simp' instead of 'simpa'

Note: This linter can be disabled with `set_option linter.unnecessarySimpa false`
warning: Goldbach/AO_Major.lean:83:68: try 'simp' instead of 'simpa'

Note: This linter can be disabled with `set_option linter.unnecessarySimpa false`
warning: Goldbach/AO_Major.lean:85:90: This simp argument is unused:
  add_assoc

Hint: Omit it from the simp argument list.
  simp [sub_eq_add_neg,̵ ̵a̵d̵d̵_̵a̵s̵s̵o̵c̵]

Note: This linter can be disabled with `set_option linter.unusedSimpArgs false`
warning: Goldbach/AO_Major.lean:101:24: This simp argument is unused:
  dif_pos

Hint: Omit it from the simp argument list.
  simp only [MPDF, win,̵ ̵d̵i̵f̵_̵p̵o̵s̵]

Note: This linter can be disabled with `set_option linter.unusedSimpArgs false`
⚠ [7599/7613] Replayed Goldbach.BG_Bank
warning: Goldbach/BG_Bank.lean:13:25: unused variable `n`

Note: This linter can be disabled with `set_option linter.unusedVariables false`
warning: Goldbach/BG_Bank.lean:75:4: try 'simp' instead of 'simpa'

Note: This linter can be disabled with `set_option linter.unnecessarySimpa false`
warning: Goldbach/BG_Bank.lean:75:25: this tactic is never executed

Note: This linter can be disabled with `set_option linter.unreachableTactic false`
warning: Goldbach/BG_Bank.lean:75:25: 'decide' tactic does nothing

Note: This linter can be disabled with `set_option linter.unusedTactic false`
warning: Goldbach/BG_Bank.lean:288:14: try 'simp' instead of 'simpa'

Note: This linter can be disabled with `set_option linter.unnecessarySimpa false`
warning: Goldbach/BG_Bank.lean:188:42: This simp argument is unused:
  Nat.cast_sub hn_le

Hint: Omit it from the simp argument list.
  simp only [Nat.cast_succ,̵ ̵N̵a̵t̵.̵c̵a̵s̵t̵_̵s̵u̵b̵ ̵h̵n̵_̵l̵e̵]

Note: This linter can be disabled with `set_option linter.unusedSimpArgs false`
warning: Goldbach/BG_Bank.lean:194:24: This simp argument is unused:
  abs_of_nonneg hlog_Nm_nn

Hint: Omit it from the simp argument list.
  simp [hp,̵ ̵a̵b̵s̵_̵o̵f̵_̵n̵o̵n̵n̵e̵g̵ ̵h̵l̵o̵g̵_̵N̵m̵_̵n̵n̵]

Note: This linter can be disabled with `set_option linter.unusedSimpArgs false`
warning: Goldbach/BG_Bank.lean:202:24: This simp argument is unused:
  abs_of_nonneg hlog_Np1_nn

Hint: Omit it from the simp argument list.
  simp [hp,̵ ̵a̵b̵s̵_̵o̵f̵_̵n̵o̵n̵n̵e̵g̵ ̵h̵l̵o̵g̵_̵N̵p̵1̵_̵n̵n̵]

Note: This linter can be disabled with `set_option linter.unusedSimpArgs false`
warning: Goldbach/BG_Bank.lean:218:46: This simp argument is unused:
  mul_comm

Hint: Omit it from the simp argument list.
  simp [abs_mul, mul_assoc, m̵u̵l̵_̵c̵o̵m̵m̵,̵ ̵mul_left_comm]

Note: This linter can be disabled with `set_option linter.unusedSimpArgs false`
warning: Goldbach/BG_Bank.lean:326:20: This simp argument is unused:
  hlogXabs

Hint: Omit it from the simp argument list.
  simp [h̵l̵o̵g̵X̵a̵b̵s̵,̵ ̵mul_comm, mul_left_comm, mul_assoc]

Note: This linter can be disabled with `set_option linter.unusedSimpArgs false`
warning: Goldbach/BG_Bank.lean:326:30: This simp argument is unused:
  mul_comm

Hint: Omit it from the simp argument list.
  simp [hlogXabs, m̵u̵l̵_̵c̵o̵m̵m̵,̵ ̵mul_left_comm, mul_assoc]

Note: This linter can be disabled with `set_option linter.unusedSimpArgs false`
warning: Goldbach/BG_Bank.lean:403:14: try 'simp' instead of 'simpa'

Note: This linter can be disabled with `set_option linter.unnecessarySimpa false`
warning: Goldbach/BG_Bank.lean:405:14: try 'simp' instead of 'simpa'

Note: This linter can be disabled with `set_option linter.unnecessarySimpa false`
warning: Goldbach/BG_Bank.lean:407:40: This simp argument is unused:
  add_comm

Hint: Omit it from the simp argument list.
  simp [div_self, hlogX_ne, add_c̵o̵m̵m̵,̵ ̵a̵d̵d̵_̵left_comm, add_assoc]

Note: This linter can be disabled with `set_option linter.unusedSimpArgs false`
warning: Goldbach/BG_Bank.lean:407:50: This simp argument is unused:
  add_left_comm

Hint: Omit it from the simp argument list.
  simp [div_self, hlogX_ne, add_comm, a̵d̵d̵_̵l̵e̵f̵t̵_̵c̵o̵m̵m̵,̵ ̵add_assoc]

Note: This linter can be disabled with `set_option linter.unusedSimpArgs false`
warning: Goldbach/BG_Bank.lean:407:65: This simp argument is unused:
  add_assoc

Hint: Omit it from the simp argument list.
  simp [div_self, hlogX_ne, add_comm, add_left_comm,̵ ̵a̵d̵d̵_̵a̵s̵s̵o̵c̵]

Note: This linter can be disabled with `set_option linter.unusedSimpArgs false`
warning: Goldbach/BG_Bank.lean:547:63: try 'simp' instead of 'simpa'

Note: This linter can be disabled with `set_option linter.unnecessarySimpa false`
warning: Goldbach/BG_Bank.lean:550:47: This simp argument is unused:
  add_comm

Hint: Omit it from the simp argument list.
  simp [add_div, div_self, hlogX_ne, add_c̵o̵m̵m̵,̵ ̵a̵d̵d̵_̵left_comm, add_assoc]

Note: This linter can be disabled with `set_option linter.unusedSimpArgs false`
warning: Goldbach/BG_Bank.lean:550:57: This simp argument is unused:
  add_left_comm

Hint: Omit it from the simp argument list.
  simp [add_div, div_self, hlogX_ne, add_comm, a̵d̵d̵_̵l̵e̵f̵t̵_̵c̵o̵m̵m̵,̵ ̵add_assoc]

Note: This linter can be disabled with `set_option linter.unusedSimpArgs false`
warning: Goldbach/BG_Bank.lean:550:72: This simp argument is unused:
  add_assoc

Hint: Omit it from the simp argument list.
  simp [add_div, div_self, hlogX_ne, add_comm, add_left_comm,̵ ̵a̵d̵d̵_̵a̵s̵s̵o̵c̵]

Note: This linter can be disabled with `set_option linter.unusedSimpArgs false`
warning: Goldbach/BG_Bank.lean:559:56: This simp argument is unused:
  add_left_comm

Hint: Omit it from the simp argument list.
  simp [c, Nat.cast_add, Nat.cast_one, add_assoc, a̵d̵d̵_̵l̵e̵f̵t̵_̵c̵o̵m̵m̵,̵ ̵add_comm, add_div, div_self hX0_ne]

Note: This linter can be disabled with `set_option linter.unusedSimpArgs false`
⚠ [7600/7613] Replayed Goldbach.BG_Operator
warning: Goldbach/BG_Operator.lean:31:2: try 'simp' instead of 'simpa'

Note: This linter can be disabled with `set_option linter.unnecessarySimpa false`
warning: Goldbach/BG_Operator.lean:98:2: try 'simp' instead of 'simpa'

Note: This linter can be disabled with `set_option linter.unnecessarySimpa false`
⚠ [7602/7613] Replayed Goldbach.SingularSeries
warning: Goldbach/SingularSeries.lean:40:5: unused variable `h`

Note: This linter can be disabled with `set_option linter.unusedVariables false`
warning: Goldbach/SingularSeries.lean:88:8: `Finset.eq_empty_iff_forall_not_mem` has been deprecated: Use `Finset.eq_empty_iff_forall_notMem` instead
warning: Goldbach/SingularSeries.lean:98:4: try 'simp' instead of 'simpa'

Note: This linter can be disabled with `set_option linter.unnecessarySimpa false`
warning: Goldbach/SingularSeries.lean:99:28: this tactic is never executed

Note: This linter can be disabled with `set_option linter.unreachableTactic false`
warning: Goldbach/SingularSeries.lean:99:57: this tactic is never executed

Note: This linter can be disabled with `set_option linter.unreachableTactic false`
warning: Goldbach/SingularSeries.lean:99:28: 'decide' tactic does nothing

Note: This linter can be disabled with `set_option linter.unusedTactic false`
warning: Goldbach/SingularSeries.lean:99:57: 'decide' tactic does nothing

Note: This linter can be disabled with `set_option linter.unusedTactic false`
⚠ [7604/7613] Replayed Goldbach.PPNumerics
warning: Goldbach/PPNumerics.lean:24:42: try 'simp' instead of 'simpa'

Note: This linter can be disabled with `set_option linter.unnecessarySimpa false`
warning: Goldbach/PPNumerics.lean:27:6: try 'simp' instead of 'simpa'

Note: This linter can be disabled with `set_option linter.unnecessarySimpa false`
⚠ [7605/7613] Replayed Goldbach.PPBoundSquares
warning: Goldbach/PPBoundSquares.lean:41:8: try 'simp' instead of 'simpa'

Note: This linter can be disabled with `set_option linter.unnecessarySimpa false`
warning: Goldbach/PPBoundSquares.lean:228:10: try 'simp' instead of 'simpa'

Note: This linter can be disabled with `set_option linter.unnecessarySimpa false`
⚠ [7607/7613] Replayed Goldbach.AnalyticGlobal
warning: Goldbach/AnalyticGlobal.lean:65:28: This simp argument is unused:
  one_div

Hint: Omit it from the simp argument list.
  simp [div_eq_mul_inv, o̵n̵e̵_̵d̵i̵v̵,̵ ̵mul_comm]

Note: This linter can be disabled with `set_option linter.unusedSimpArgs false`
warning: Goldbach/AnalyticGlobal.lean:68:30: This simp argument is unused:
  one_div

Hint: Omit it from the simp argument list.
  simp [div_eq_mul_inv, o̵n̵e̵_̵d̵i̵v̵,̵ ̵mul_comm]

Note: This linter can be disabled with `set_option linter.unusedSimpArgs false`
warning: Goldbach/AnalyticGlobal.lean:70:39: This simp argument is unused:
  mul_left_comm

Hint: Omit it from the simp argument list.
  simp [one_div, S_ne, mul_comm, mul_l̵e̵f̵t̵_̵c̵o̵m̵m̵,̵ ̵m̵u̵l̵_̵assoc]

Note: This linter can be disabled with `set_option linter.unusedSimpArgs false`
warning: Goldbach/AnalyticGlobal.lean:70:54: This simp argument is unused:
  mul_assoc

Hint: Omit it from the simp argument list.
  simp [one_div, S_ne, mul_comm, mul_left_comm,̵ ̵m̵u̵l̵_̵a̵s̵s̵o̵c̵]

Note: This linter can be disabled with `set_option linter.unusedSimpArgs false`
⚠ [7608/7613] Replayed Goldbach.BankPieces
warning: Goldbach/BankPieces.lean:15:63: `class ... :=` has been deprecated in favor of `class ... where`.

Note: This linter can be disabled with `set_option linter.deprecated false`
⚠ [7610/7613] Replayed Goldbach.Analytic.MajorBoundFromSigma
warning: Goldbach/Analytic/MajorBoundFromSigma.lean:21:75: `structure ... :=` has been deprecated in favor of `structure ... where`.

Note: This linter can be disabled with `set_option linter.deprecated false`
⚠ [7611/7613] Replayed Goldbach.Analytic.NumericSigma
warning: Goldbach/Analytic/NumericSigma.lean:23:32: unused variable `hX`

Note: This linter can be disabled with `set_option linter.unusedVariables false`
✖ [7613/7613] Building Goldbach.BG_Identity (49s)
trace: .> LEAN_PATH=/Users/benjaminnelson/Desktop/nerd shit/goldbach/builds/Goldbach/.lake/packages/Cli/.lake/build/lib/lean:/Users/benjaminnelson/Desktop/nerd shit/goldbach/builds/Goldbach/.lake/packages/batteries/.lake/build/lib/lean:/Users/benjaminnelson/Desktop/nerd shit/goldbach/builds/Goldbach/.lake/packages/Qq/.lake/build/lib/lean:/Users/benjaminnelson/Desktop/nerd shit/goldbach/builds/Goldbach/.lake/packages/aesop/.lake/build/lib/lean:/Users/benjaminnelson/Desktop/nerd shit/goldbach/builds/Goldbach/.lake/packages/proofwidgets/.lake/build/lib/lean:/Users/benjaminnelson/Desktop/nerd shit/goldbach/builds/Goldbach/.lake/packages/importGraph/.lake/build/lib/lean:/Users/benjaminnelson/Desktop/nerd shit/goldbach/builds/Goldbach/.lake/packages/LeanSearchClient/.lake/build/lib/lean:/Users/benjaminnelson/Desktop/nerd shit/goldbach/builds/Goldbach/.lake/packages/plausible/.lake/build/lib/lean:/Users/benjaminnelson/Desktop/nerd shit/goldbach/builds/Goldbach/.lake/packages/mathlib/.lake/build/lib/lean:/Users/benjaminnelson/Desktop/nerd shit/goldbach/builds/Goldbach/.lake/build/lib/lean /Users/benjaminnelson/.elan/toolchains/leanprover--lean4---v4.26.0-rc2/bin/lean /Users/benjaminnelson/Desktop/nerd shit/goldbach/builds/Goldbach/Goldbach/BG_Identity.lean -o /Users/benjaminnelson/Desktop/nerd shit/goldbach/builds/Goldbach/.lake/build/lib/lean/Goldbach/BG_Identity.olean -i /Users/benjaminnelson/Desktop/nerd shit/goldbach/builds/Goldbach/.lake/build/lib/lean/Goldbach/BG_Identity.ilean -c /Users/benjaminnelson/Desktop/nerd shit/goldbach/builds/Goldbach/.lake/build/ir/Goldbach/BG_Identity.c --setup /Users/benjaminnelson/Desktop/nerd shit/goldbach/builds/Goldbach/.lake/build/ir/Goldbach/BG_Identity.setup.json --json
warning: Goldbach/BG_Identity.lean:149:48: This simp argument is unused:
  add_comm

Hint: Omit it from the simp argument list.
  simp [Finset.sum_insert, hk, ih, mul_add, a̵d̵d̵_̵c̵o̵m̵m̵,̵ ̵add_left_comm, add_assoc, mul_comm, mul_left_comm,
  ̲  ̲ ̲ ̲ ̲ ̲ ̲ ̲mul_assoc]

Note: This linter can be disabled with `set_option linter.unusedSimpArgs false`
warning: Goldbach/BG_Identity.lean:149:58: This simp argument is unused:
  add_left_comm

Hint: Omit it from the simp argument list.
  simp [Finset.sum_insert, hk, ih, mul_add, add_comm, a̵d̵d̵_̵l̵e̵f̵t̵_̵c̵o̵m̵m̵,̵add_assoc, mul_comm, mul_left_comm,
  ̲  ̲ ̲ ̲ ̲ ̲ ̲ ̲mul_assoc]

Note: This linter can be disabled with `set_option linter.unusedSimpArgs false`
warning: Goldbach/BG_Identity.lean:150:12: This simp argument is unused:
  add_assoc

Hint: Omit it from the simp argument list.
  simp [Finset.sum_insert, hk, ih, mul_add, add_comm, add_left_comm, a̵d̵d̵_̵a̵s̵s̵o̵c̵,̵ ̵mul_comm, mul_left_comm,
  ̲  ̲ ̲ ̲ ̲ ̲ ̲ ̲mul_assoc]

Note: This linter can be disabled with `set_option linter.unusedSimpArgs false`
warning: Goldbach/BG_Identity.lean:150:23: This simp argument is unused:
  mul_comm

Hint: Omit it from the simp argument list.
  simp [Finset.sum_insert, hk, ih, mul_add, add_comm, add_left_comm, add_assoc, m̵u̵l̵_̵c̵o̵m̵m̵,̵ ̵mul_left_comm,
  ̲  ̲ ̲ ̲ ̲ ̲ ̲ ̲mul_assoc]

Note: This linter can be disabled with `set_option linter.unusedSimpArgs false`
warning: Goldbach/BG_Identity.lean:150:33: This simp argument is unused:
  mul_left_comm

Hint: Omit it from the simp argument list.
  simp [Finset.sum_insert, hk, ih, mul_add, add_comm, add_left_comm, add_assoc, mul_comm,
  ̲  ̲ ̲ ̲ ̲ ̲ ̲ ̲m̵u̵l̵_̵l̵e̵f̵t̵_̵c̵o̵m̵m̵,̵ ̵mul_assoc]

Note: This linter can be disabled with `set_option linter.unusedSimpArgs false`
warning: Goldbach/BG_Identity.lean:150:48: This simp argument is unused:
  mul_assoc

Hint: Omit it from the simp argument list.
  simp [Finset.sum_insert, hk, ih, mul_add, add_comm, add_left_comm, add_assoc, mul_comm,
  ̲  ̲ ̲ ̲ ̲ ̲ ̲ ̲m̵u̵l̵_̵l̵e̵f̵t̵_̵c̵o̵m̵m̵,̵ ̵m̵u̵l̵_̵a̵s̵s̵o̵c̵]̵m̲u̲l̲_̲l̲e̲f̲t̲_̲c̲o̲m̲m̲]̲

Note: This linter can be disabled with `set_option linter.unusedSimpArgs false`
error: Goldbach/BG_Identity.lean:203:6: Tactic `subst` failed: invalid equality proof, it is not of the form (x = t) or (t = x)
  Ucut = 0

case pos
m : ℕ
hm : m ≤ Ucut
hU : Ucut = 0
⊢ 0 ≤ 1 - ↑m / ↑Ucut
error: Goldbach/BG_Identity.lean:197:76: unsolved goals
m : ℕ
hm : m ≤ Ucut
hnonneg : 0 ≤ 1 - ↑m / ↑Ucut
hmax : max (1 - ↑m / ↑Ucut) 0 = 1 - ↑m / ↑Ucut
⊢ max (1 - ↑m / (↑H + ↑((H + 99) / 100))) 0 / (↑H + ↑((H + 99) / 100)) =
    (1 - ↑m / (↑H + ↑((H + 99) / 100))) / (↑H + ↑((H + 99) / 100))
warning: Goldbach/BG_Identity.lean:216:8: This simp argument is unused:
  hmax

Hint: Omit it from the simp argument list.
  simp ̵[̵h̵m̵a̵x̵]̵

Note: This linter can be disabled with `set_option linter.unusedSimpArgs false`
warning: Goldbach/BG_Identity.lean:242:10: This simp argument is unused:
  Finset.sum_insert

Hint: Omit it from the simp argument list.
  simp [̵F̵i̵n̵s̵e̵t̵.̵s̵u̵m̵_̵i̵n̵s̵e̵r̵t̵,̵ ̵h̵a̵,̵[̲h̲a̲,̲ ih, mul_add, add_comm, add_left_comm, add_assoc, mul_comm, mul_left_comm, mul_assoc]

Note: This linter can be disabled with `set_option linter.unusedSimpArgs false`
warning: Goldbach/BG_Identity.lean:242:33: This simp argument is unused:
  ih

Hint: Omit it from the simp argument list.
  simp [Finset.sum_insert, ha, i̵h̵,̵ ̵mul_add, add_comm, add_left_comm,
  ̵  ̵ ̵ ̵ ̵ ̵ ̵ ̵ ̵ ̵add_assoc, mul_comm,
  ̲  ̲ ̲ ̲ ̲ ̲mul_left_comm, mul_assoc]

Note: This linter can be disabled with `set_option linter.unusedSimpArgs false`
warning: Goldbach/BG_Identity.lean:242:56: This simp argument is unused:
  add_left_comm

Hint: Omit it from the simp argument list.
  simp [Finset.sum_insert, ha, ih, mul_add, add_comm, a̵d̵d̵_̵l̵e̵f̵t̵_̵c̵o̵m̵m̵,̵add_assoc, mul_comm, mul_left_comm,
  ̲  ̲ ̲ ̲ ̲ ̲mul_assoc]

Note: This linter can be disabled with `set_option linter.unusedSimpArgs false`
warning: Goldbach/BG_Identity.lean:243:10: This simp argument is unused:
  add_assoc

Hint: Omit it from the simp argument list.
  simp [Finset.sum_insert, ha, ih, mul_add, add_comm, add_left_comm, a̵d̵d̵_̵a̵s̵s̵o̵c̵,̵ ̵mul_comm, mul_left_comm,
  ̲  ̲ ̲ ̲ ̲ ̲mul_assoc]

Note: This linter can be disabled with `set_option linter.unusedSimpArgs false`
warning: Goldbach/BG_Identity.lean:243:31: This simp argument is unused:
  mul_left_comm

Hint: Omit it from the simp argument list.
  simp [Finset.sum_insert, ha, ih, mul_add, add_comm, add_left_comm, add_assoc, mul_comm,
  ̲  ̲ ̲ ̲ ̲ ̲m̵u̵l̵_̵l̵e̵f̵t̵_̵c̵o̵m̵m̵,̵ ̵mul_assoc]

Note: This linter can be disabled with `set_option linter.unusedSimpArgs false`
warning: Goldbach/BG_Identity.lean:243:46: This simp argument is unused:
  mul_assoc

Hint: Omit it from the simp argument list.
  simp [Finset.sum_insert, ha, ih, mul_add, add_comm, add_left_comm, add_assoc, mul_comm,
  ̲  ̲ ̲ ̲ ̲ ̲m̵u̵l̵_̵l̵e̵f̵t̵_̵c̵o̵m̵m̵,̵ ̵m̵u̵l̵_̵a̵s̵s̵o̵c̵]̵m̲u̲l̲_̲l̲e̲f̲t̲_̲c̲o̲m̲m̲]̲

Note: This linter can be disabled with `set_option linter.unusedSimpArgs false`
warning: Goldbach/BG_Identity.lean:339:6: declaration uses 'sorry'
warning: Goldbach/BG_Identity.lean:368:23: This simp argument is unused:
  Int.ofNat_sub hHN

Hint: Omit it from the simp argument list.
  simp only [̵I̵n̵t̵.̵o̵f̵N̵a̵t̵_̵s̵u̵b̵ ̵h̵H̵N̵]̵ ̵at hZint

Note: This linter can be disabled with `set_option linter.unusedSimpArgs false`
warning: Goldbach/BG_Identity.lean:433:4: try 'simp' instead of 'simpa'

Note: This linter can be disabled with `set_option linter.unnecessarySimpa false`
warning: Goldbach/BG_Identity.lean:456:25: try 'simp' instead of 'simpa'

Note: This linter can be disabled with `set_option linter.unnecessarySimpa false`
warning: Goldbach/BG_Identity.lean:499:6: declaration uses 'sorry'
warning: Goldbach/BG_Identity.lean:536:15: unused variable `hX`

Note: This linter can be disabled with `set_option linter.unusedVariables false`
warning: Goldbach/BG_Identity.lean:537:5: unused variable `hN`

Note: This linter can be disabled with `set_option linter.unusedVariables false`
warning: Goldbach/BG_Identity.lean:569:5: unused variable `hk`

Note: This linter can be disabled with `set_option linter.unusedVariables false`
warning: Goldbach/BG_Identity.lean:594:28: This simp argument is unused:
  hUpos.ne'

Hint: Omit it from the simp argument list.
  s̵i̵m̵p̵ ̵[̵K̵_̵f̵u̵l̵l̵,̵ ̵K̵_̵f̵u̵l̵l̵_̵r̵a̵w̵,̵ ̵h̵U̵p̵o̵s̵.̵n̵e̵'̵]̵ ̵a̵t̵ ̵*̵s̲i̲m̲p̲ ̲[̲K̲_̲f̲u̲l̲l̲,̲
  ̲ ̲ ̲ ̲ ̲K̲_̲f̲u̲l̲l̲_̲r̲a̲w̲]̲ ̲a̲t̲ ̲*̲
  ̲ ̲ ̲ ̲ ̲ ̲ ̲-̲-̲ ̲a̲f̲t̲e̲r̲ ̲s̲i̲m̲p̲,̲ ̲g̲o̲a̲l̲ ̲b̲e̲c̲o̲m̲e̲s̲ ̲`̲0̲ ̲<̲ ̲1̲ ̲/̲ ̲(̲U̲c̲u̲t̲:̲ℝ̲)̲`̲
  ̲ ̲ ̲ ̲ ̲ ̲ ̲

Note: This linter can be disabled with `set_option linter.unusedSimpArgs false`
warning: Goldbach/BG_Identity.lean:619:5: unused variable `h`

Note: This linter can be disabled with `set_option linter.unusedVariables false`
warning: Goldbach/BG_Identity.lean:626:5: unused variable `h`

Note: This linter can be disabled with `set_option linter.unusedVariables false`
warning: Goldbach/BG_Identity.lean:642:25: unused variable `X`

Note: This linter can be disabled with `set_option linter.unusedVariables false`
warning: Goldbach/BG_Identity.lean:642:27: unused variable `N`

Note: This linter can be disabled with `set_option linter.unusedVariables false`
warning: Goldbach/BG_Identity.lean:666:5: unused variable `h`

Note: This linter can be disabled with `set_option linter.unusedVariables false`
error: Goldbach/BG_Identity.lean:680:10: Unknown identifier `Kernel.conv_ref_const_eq_sigma_mass_of`
warning: Goldbach/BG_Identity.lean:695:8: try 'simp' instead of 'simpa'

Note: This linter can be disabled with `set_option linter.unnecessarySimpa false`
warning: Goldbach/BG_Identity.lean:723:34: unused variable `hk`

Note: This linter can be disabled with `set_option linter.unusedVariables false`
warning: Goldbach/BG_Identity.lean:727:35: unused variable `hk`

Note: This linter can be disabled with `set_option linter.unusedVariables false`
error: Goldbach/BG_Identity.lean:784:20: failed to synthesize
  HMul (ℕ → ℝ) ℝ ?m.11

Hint: Additional diagnostic information may be available using the `set_option diagnostics true` command.
error: Goldbach/BG_Identity.lean:792:20: typeclass instance problem is stuck
  HMul (ℕ → ℝ) ?m.14 ℝ

Note: Lean will not try to resolve this typeclass instance problem because the second type argument to `HMul` is a metavariable. This argument must be fully determined before Lean will try to resolve the typeclass.

Hint: Adding type annotations and supplying implicit arguments to functions can give Lean more information for typeclass resolution. For example, if you have a variable `x` that you intend to be a `Nat`, but Lean reports it as having an unresolved type like `?m`, replacing `x` with `(x : Nat)` can get typeclass resolution un-stuck.
error: Goldbach/BG_Identity.lean:802:60: unsolved goals
⊢ False
error: Goldbach/BG_Identity.lean:820:58: unsolved goals
⊢ -((↑H + 99) / 100) ≤ ↑H ∧ 0 ≤ ↑H + (↑H + 99) / 100
error: Goldbach/BG_Identity.lean:842:26: Unknown constant `Int.natAbs_eq_ofNat_abs`
error: Goldbach/BG_Identity.lean:848:12: linarith failed to find a contradiction
case h
h0 : 0 ∈ bandU
z : ℤ
hz : z ∈ bandU.erase 0
hzIcc : z ∈ Finset.Icc (-↑Ucut) ↑Ucut
hz0 : z ≠ 0
this : -↑Ucut ≤ z ∧ z ≤ ↑Ucut
hle : z ≤ ↑Ucut
hneg : -↑Ucut ≤ z
hz' : ↑z.natAbs = max (-z) z
a✝ : ↑Ucut < ↑z.natAbs
⊢ False
failed
error: Goldbach/BG_Identity.lean:856:59: mod_cast has type
  ?m.225 = ?m.225
but is expected to have type
  z.natAbs = 0
error: Goldbach/BG_Identity.lean:860:12: Type mismatch
  hzabs0
has type
  z.natAbs = 0
but is expected to have type
  z.natAbs ≠ 0
error: Goldbach/BG_Identity.lean:862:17: Invalid `⟨...⟩` notation: The expected type
  z.natAbs - 1 < Ucut ∧ z = Int.ofNat (z.natAbs - 1).succ ∨ z = -Int.ofNat (z.natAbs - 1).succ
has more than one constructor

Note: This notation can only be used when the expected type is an inductive type with a single constructor
error: Goldbach/BG_Identity.lean:863:10: No goals to be solved
error: Goldbach/BG_Identity.lean:876:69: Application type mismatch: The argument
  hkpos
has type
  k < Ucut
but is expected to have type
  k ∈ Finset.range Ucut
in the application
  And.intro hkpos
error: Goldbach/BG_Identity.lean:831:6: unsolved goals
case h.mp.inr
h0 : 0 ∈ bandU
z : ℤ
hz : z ∈ bandU.erase 0
hzIcc : z ∈ Finset.Icc (-↑Ucut) ↑Ucut
hz0 : z ≠ 0
hzAbs : z.natAbs ≤ Ucut
k : ℕ
h✝ : z = -Int.ofNat k.succ
⊢ z ∈
    Finset.map { toFun := fun k => ↑k.succ, inj' := ⋯ } (Finset.range Ucut) ∪
      Finset.map { toFun := fun k => -↑k.succ, inj' := ⋯ } (Finset.range Ucut)
error: Goldbach/BG_Identity.lean:877:54: unsolved goals
h0 : 0 ∈ bandU
z : ℤ
⊢ K_full_raw (H + (H + 99) / 100) 0 = (↑H + ↑((H + 99) / 100))⁻¹
error: Goldbach/BG_Identity.lean:890:34: maximum recursion depth has been reached
use `set_option maxRecDepth <num>` to increase limit
use `set_option diagnostics true` to get diagnostic information
error: Goldbach/BG_Identity.lean:891:28: Type mismatch
  hk
has type
  k ∈ Finset.map { toFun := fun k => ↑k.succ, inj' := ⋯ } (Finset.range Ucut)
but is expected to have type
  ∀ (a₂ : ℤ) (ha₂ : a₂ ∈ Finset.map { toFun := fun k => ↑k.succ, inj' := ⋯ } (Finset.range Ucut)),
    (fun k hk => k) k hk = (fun k hk => k) a₂ ha₂ → k = a₂
error: Goldbach/BG_Identity.lean:892:14: unsolved goals
case heq
h0 : 0 ∈ bandU
z : ℤ
h0val : K_full 0 = 1 / ↑Ucut
k : ℤ
hk : k ∈ Finset.map { toFun := fun k => -↑k.succ, inj' := ⋯ } (Finset.range Ucut)
⊢ ∃ a < H + (H + 99) / 100, ↑a + 1 = k
error: Goldbach/BG_Identity.lean:893:28: Type mismatch
  hk
has type
  k ∈ Finset.map { toFun := fun k => ↑k.succ, inj' := ⋯ } (Finset.range Ucut)
but is expected to have type
  K_full k = K_full ((fun k hk => k) k hk)
error: Goldbach/BG_Identity.lean:910:68: Type mismatch: After simplification, term
  hbEq
 has type
  -1 + -↑b' = ↑a' + 1
but is expected to have type
  ↑a' + 1 = -1 + -↑b'
error: Goldbach/BG_Identity.lean:911:16: linarith failed to find a contradiction
h0 : 0 ∈ bandU
z : ℤ
h0val : K_full 0 = 1 / ↑Ucut
hpair :
  ∑ k ∈ Finset.map { toFun := fun k => ↑k.succ, inj' := ⋯ } (Finset.range Ucut), K_full k =
    ∑ k ∈ Finset.map { toFun := fun k => -↑k.succ, inj' := ⋯ } (Finset.range Ucut), K_full k
a' : ℕ
ha' : a' ∈ Finset.range Ucut
ha :
  { toFun := fun k => ↑k.succ, inj' := ⋯ } a' ∈ Finset.map { toFun := fun k => ↑k.succ, inj' := ⋯ } (Finset.range Ucut)
hb :
  { toFun := fun k => ↑k.succ, inj' := ⋯ } a' ∈ Finset.map { toFun := fun k => -↑k.succ, inj' := ⋯ } (Finset.range Ucut)
b' : ℕ
hb' : b' ∈ Finset.range Ucut
hbEq : { toFun := fun k => -↑k.succ, inj' := ⋯ } b' = { toFun := fun k => ↑k.succ, inj' := ⋯ } a'
hbPos : ↑b'.succ ≠ 0
this : ↑a'.succ = -↑b'.succ
⊢ False
failed
error: Goldbach/BG_Identity.lean:928:92: Unknown identifier `hpos`
error: Goldbach/BG_Identity.lean:930:6: 'calc' expression has type
  ∑ k ∈ bandU, K_full k = K_full 0 + 2 * ∑ k ∈ Finset.range Ucut, K_full (Int.ofNat k.succ)
but is expected to have type
  z ∈
      Finset.map { toFun := fun k => ↑k.succ, inj' := ⋯ } (Finset.range Ucut) ∪
        Finset.map { toFun := fun k => -↑k.succ, inj' := ⋯ } (Finset.range Ucut) →
    z ∈ bandU.erase 0
error: Goldbach/BG_Identity.lean:817:93: unsolved goals
h0 : 0 ∈ bandU
hpos :
  bandU.erase 0 =
    Finset.map { toFun := fun k => ↑k.succ, inj' := ⋯ } (Finset.range Ucut) ∪
      Finset.map { toFun := fun k => -↑k.succ, inj' := ⋯ } (Finset.range Ucut)
⊢ ∑ k ∈ bandU, K_full k = K_full 0 + 2 * ∑ k ∈ Finset.range Ucut, K_full (Int.ofNat k.succ)
error: Goldbach/BG_Identity.lean:933:22: maximum recursion depth has been reached
use `set_option maxRecDepth <num>` to increase limit
use `set_option diagnostics true` to get diagnostic information
warning: Goldbach/BG_Identity.lean:935:10: try 'simp' instead of 'simpa'

Note: This linter can be disabled with `set_option linter.unnecessarySimpa false`
warning: Goldbach/BG_Identity.lean:954:22: `Finset.range_succ` has been deprecated: Use `Finset.range_add_one` instead
error: Goldbach/BG_Identity.lean:952:72: unsolved goals
hsplit : ∑ k ∈ bandU, K_full k = K_full 0 + 2 * ∑ k ∈ Finset.range Ucut, K_full (Int.ofNat k.succ)
hsum1 : ∑ k ∈ Finset.range Ucut, 1 = ↑Ucut
this : ∑ i ∈ Finset.range Ucut.succ, i = Ucut.succ * (Ucut.succ - 1) / 2
⊢ H + (H + 99) / 100 + ∑ x ∈ Finset.range (H + (H + 99) / 100), x =
    ∑ x ∈ Finset.range (H + (H + 99) / 100), x + (H + (H + 99) / 100)
error: Goldbach/BG_Identity.lean:956:10: Type mismatch: After simplification, term
  Finset.sum_range_id
 has type
  ∀ (n : ℕ), ∑ i ∈ Finset.range n, i = n * (n - 1) / 2
but is expected to have type
  ∑ i ∈ Finset.range (H + (H + 99) / 100 + 1), i = (H + (H + 99) / 100 + 1) * (H + (H + 99) / 100) / 2
error: Goldbach/BG_Identity.lean:957:8: linarith failed to find a contradiction
case h1.h
hsplit : ∑ k ∈ bandU, K_full k = K_full 0 + 2 * ∑ k ∈ Finset.range Ucut, K_full (Int.ofNat k.succ)
hsum1 : ∑ k ∈ Finset.range Ucut, 1 = ↑Ucut
this : ∑ i ∈ Finset.range Ucut.succ, i = Ucut.succ * (Ucut.succ - 1) / 2
hrewrite : ∑ i ∈ Finset.range Ucut.succ, i = ∑ k ∈ Finset.range Ucut, k.succ
hs : ∑ i ∈ Finset.range Ucut.succ, i = Ucut.succ * Ucut / 2
a✝ : ∑ k ∈ Finset.range Ucut, k.succ < Ucut * (Ucut + 1) / 2
⊢ False
failed
error: Goldbach/BG_Identity.lean:959:6: maximum recursion depth has been reached
use `set_option maxRecDepth <num>` to increase limit
use `set_option diagnostics true` to get diagnostic information
error: Goldbach/BG_Identity.lean:966:16: maximum recursion depth has been reached
use `set_option maxRecDepth <num>` to increase limit
use `set_option diagnostics true` to get diagnostic information
error: Goldbach/BG_Identity.lean:978:68: unsolved goals
hsplit : ∑ k ∈ bandU, K_full k = K_full 0 + 2 * ∑ k ∈ Finset.range Ucut, K_full (Int.ofNat k.succ)
hsum1 : ∑ k ∈ Finset.range Ucut, 1 = ↑Ucut
hsumk : ∑ k ∈ Finset.range Ucut, ↑k.succ = ↑Ucut * (↑Ucut + 1) / 2
hUpos : 0 < ↑Ucut
hUpos' : ↑Ucut ≠ 0
⊢ (↑H + ↑((H + 99) / 100) - ∑ x ∈ Finset.range (H + (H + 99) / 100), (↑x + 1) / (↑H + ↑((H + 99) / 100))) /
      (↑H + ↑((H + 99) / 100)) =
    (↑H + ↑((H + 99) / 100))⁻¹ *
      (↑H + ↑((H + 99) / 100) - ∑ x ∈ Finset.range (H + (H + 99) / 100), (↑x + 1) / (↑H + ↑((H + 99) / 100)))
info: Goldbach/BG_Identity.lean:984:8: Try this:
  [apply] ring_nf
  
  The `ring` tactic failed to close the goal. Use `ring_nf` to obtain a normal form.
    
  Note that `ring` works primarily in *commutative* rings. If you have a noncommutative ring, abelian group or module, consider using `noncomm_ring`, `abel` or `module` instead.
error: Goldbach/BG_Identity.lean:981:96: unsolved goals
hsplit : ∑ k ∈ bandU, K_full k = K_full 0 + 2 * ∑ k ∈ Finset.range Ucut, K_full (Int.ofNat k.succ)
hsum1 : ∑ k ∈ Finset.range Ucut, 1 = ↑Ucut
hsumk : ∑ k ∈ Finset.range Ucut, ↑k.succ = ↑Ucut * (↑Ucut + 1) / 2
hUpos : 0 < ↑Ucut
hUpos' : ↑Ucut ≠ 0
⊢ ↑Ucut * (↑Ucut)⁻¹ - (↑Ucut)⁻¹ * ∑ x ∈ Finset.range Ucut, (↑Ucut)⁻¹ * ↑x.succ =
    ↑Ucut * (↑Ucut)⁻¹ + ↑Ucut * (↑Ucut)⁻¹ ^ 2 * (-1 / 2) + ↑Ucut ^ 2 * (↑Ucut)⁻¹ ^ 2 * (-1 / 2)
info: Goldbach/BG_Identity.lean:986:33: Try this:
  [apply] ring_nf
  
  The `ring` tactic failed to close the goal. Use `ring_nf` to obtain a normal form.
    
  Note that `ring` works primarily in *commutative* rings. If you have a noncommutative ring, abelian group or module, consider using `noncomm_ring`, `abel` or `module` instead.
error: Goldbach/BG_Identity.lean:985:34: unsolved goals
hsplit : ∑ k ∈ bandU, K_full k = K_full 0 + 2 * ∑ k ∈ Finset.range Ucut, K_full (Int.ofNat k.succ)
hsum1 : ∑ k ∈ Finset.range Ucut, 1 = ↑Ucut
hsumk : ∑ k ∈ Finset.range Ucut, ↑k.succ = ↑Ucut * (↑Ucut + 1) / 2
hUpos : 0 < ↑Ucut
⊢ -1 + ↑Ucut = -↑Ucut + ↑Ucut ^ 2
error: Goldbach/BG_Identity.lean:995:58: unsolved goals
hsplit : ∑ k ∈ bandU, K_full k = K_full 0 + 2 * ∑ k ∈ Finset.range Ucut, K_full (Int.ofNat k.succ)
hpos_eval : ∑ k ∈ Finset.range Ucut, K_full (Int.ofNat k.succ) = (↑Ucut - 1) / 2
hUpos : ↑Ucut ≠ 0
this : ∑ k ∈ bandU, K_full k = K_full 0 + 2 * ∑ k ∈ Finset.range Ucut, K_full (Int.ofNat k.succ)
⊢ K_full_raw (H + (H + 99) / 100) 0 = (↑H + ↑((H + 99) / 100))⁻¹
info: Goldbach/BG_Identity.lean:1004:6: Try this:
  [apply] ring_nf
  
  The `ring` tactic failed to close the goal. Use `ring_nf` to obtain a normal form.
    
  Note that `ring` works primarily in *commutative* rings. If you have a noncommutative ring, abelian group or module, consider using `noncomm_ring`, `abel` or `module` instead.
error: Goldbach/BG_Identity.lean:998:13: unsolved goals
hsplit : ∑ k ∈ bandU, K_full k = K_full 0 + 2 * ∑ k ∈ Finset.range Ucut, K_full (Int.ofNat k.succ)
hpos_eval : ∑ k ∈ Finset.range Ucut, K_full (Int.ofNat k.succ) = (↑Ucut - 1) / 2
hUpos hUpos' : ↑Ucut ≠ 0
hUpos'' : 0 < ↑Ucut
⊢ 1 - ↑Ucut + ↑Ucut ^ 2 = ↑Ucut
warning: Goldbach/BG_Identity.lean:821:14: This simp argument is unused:
  bandU

Hint: Omit it from the simp argument list.
  simp ̵[̵b̵a̵n̵d̵U̵]̵

Note: This linter can be disabled with `set_option linter.unusedSimpArgs false`
warning: Goldbach/BG_Identity.lean:980:14: This simp argument is unused:
  Finset.sum_mul

Hint: Omit it from the simp argument list.
  simp [F̵i̵n̵s̵e̵t̵.̵s̵u̵m̵_̵m̵u̵l̵,̵ ̵hUpos']

Note: This linter can be disabled with `set_option linter.unusedSimpArgs false`
warning: Goldbach/BG_Identity.lean:980:30: This simp argument is unused:
  hUpos'

Hint: Omit it from the simp argument list.
  simp [Finset.sum_mul,̵ ̵h̵U̵p̵o̵s̵'̵]

Note: This linter can be disabled with `set_option linter.unusedSimpArgs false`
warning: Goldbach/BG_Identity.lean:983:43: This simp argument is unused:
  Finset.sum_div

Hint: Omit it from the simp argument list.
  simp only [Finset.sum_sub_distrib, F̵i̵n̵s̵e̵t̵.̵s̵u̵m̵_̵d̵i̵v̵,̵ ̵hsum1, hsumk]

Note: This linter can be disabled with `set_option linter.unusedSimpArgs false`
warning: Goldbach/BG_Identity.lean:983:66: This simp argument is unused:
  hsumk

Hint: Omit it from the simp argument list.
  simp only [Finset.sum_sub_distrib, Finset.sum_div, hsum1,̵ ̵h̵s̵u̵m̵k̵]

Note: This linter can be disabled with `set_option linter.unusedSimpArgs false`
error: Goldbach/BG_Identity.lean:1019:27: Invalid argument name `bandU` for function `sum_bandU`
error: Goldbach/BG_Identity.lean:1042:30: unsolved goals
Kadm : BG.AdmissibleKernel Ucut
⊢ 0 ∈ BG_Bank.S_BG
warning: Goldbach/BG_Identity.lean:1059:5: unused variable `h`

Note: This linter can be disabled with `set_option linter.unusedVariables false`
error: Goldbach/BG_Identity.lean:1078:53: Type mismatch: After simplification, term
  hk
 has type
  k ∈ BG_Bank.S_BG
but is expected to have type
  -↑H ≤ k ∧ k ≤ ↑H
error: Goldbach/BG_Identity.lean:1083:6: Tactic `simp` failed with a nested error:
maximum recursion depth has been reached
use `set_option maxRecDepth <num>` to increase limit
use `set_option diagnostics true` to get diagnostic information
warning: Goldbach/BG_Identity.lean:1103:54: try 'simp' instead of 'simpa'

Note: This linter can be disabled with `set_option linter.unnecessarySimpa false`
error: Goldbach/BG_Identity.lean:1118:14: Type mismatch: After simplification, term
  Finset.mem_Icc.mpr hkIcc_pair
 has type
  -↑H ≤ k ∧ k ≤ ↑H
but is expected to have type
  k ∈ BG_Bank.S_BG
error: Goldbach/BG_Identity.lean:1120:53: Type mismatch: After simplification, term
  hk
 has type
  k ∈ BG_Bank.S_BG
but is expected to have type
  -↑H ≤ k ∧ k ≤ ↑H
warning: Goldbach/BG_Identity.lean:1123:6: try 'simp' instead of 'simpa'

Note: This linter can be disabled with `set_option linter.unnecessarySimpa false`
error: Goldbach/BG_Identity.lean:1158:55: linarith failed to find a contradiction
case h
hinner_eq : innerBand = Finset.Icc (-↑H) ↑H
z : ℤ
hz : z ∈ (Finset.Icc (-↑H) ↑H).erase 0
hzIcc : z ∈ Finset.Icc (-↑H) ↑H
hz0 : z ≠ 0
this : -↑H ≤ z ∧ z ≤ ↑H
hle : z ≤ ↑H
hneg : -↑H ≤ z
a✝ : ↑H < ↑z.natAbs
⊢ False
failed
error: Goldbach/BG_Identity.lean:1166:33: Function expected at
  Int.natAbs_eq_zero
but this term has type
  Int.natAbs ?m.243 = 0 ↔ ?m.243 = 0

Note: Expected a function because this term is being applied to the argument
  hzabs0
error: Goldbach/BG_Identity.lean:1169:17: Invalid `⟨...⟩` notation: The expected type
  z.natAbs - 1 < H ∧ z = Int.ofNat (z.natAbs - 1).succ ∨ z = -Int.ofNat (z.natAbs - 1).succ
has more than one constructor

Note: This notation can only be used when the expected type is an inductive type with a single constructor
error: Goldbach/BG_Identity.lean:1170:10: No goals to be solved
error: Goldbach/BG_Identity.lean:1148:6: unsolved goals
case h.mp.inl
hinner_eq : innerBand = Finset.Icc (-↑H) ↑H
k : ℕ
hkpos : k < H
hz : Int.ofNat k.succ ∈ (Finset.Icc (-↑H) ↑H).erase 0
hzIcc : Int.ofNat k.succ ∈ Finset.Icc (-↑H) ↑H
hz0 : Int.ofNat k.succ ≠ 0
hzAbs : (Int.ofNat k.succ).natAbs ≤ H
⊢ Int.ofNat k.succ ∈
    Finset.map { toFun := fun k => ↑k.succ, inj' := ⋯ } (Finset.range H) ∪
      Finset.map { toFun := fun k => -↑k.succ, inj' := ⋯ } (Finset.range H)

case h.mp.inr
hinner_eq : innerBand = Finset.Icc (-↑H) ↑H
z : ℤ
hz : z ∈ (Finset.Icc (-↑H) ↑H).erase 0
hzIcc : z ∈ Finset.Icc (-↑H) ↑H
hz0 : z ≠ 0
hzAbs : z.natAbs ≤ H
k : ℕ
h✝ : z = -Int.ofNat k.succ
⊢ z ∈
    Finset.map { toFun := fun k => ↑k.succ, inj' := ⋯ } (Finset.range H) ∪
      Finset.map { toFun := fun k => -↑k.succ, inj' := ⋯ } (Finset.range H)
error: Goldbach/BG_Identity.lean:1183:54: unsolved goals
hinner_eq : innerBand = Finset.Icc (-↑H) ↑H
z : ℤ
h0mem : 0 ∈ Finset.Icc (-↑H) ↑H
⊢ K_full_raw (H + (H + 99) / 100) 0 = (↑H + ↑((H + 99) / 100))⁻¹
error: Goldbach/BG_Identity.lean:1191:12: `inj` is not a field of structure `Function.Embedding`
error: Goldbach/BG_Identity.lean:1190:10: Fields missing: `inj'`

Hint: Add missing fields:
  
  ̲ ̲ ̲ ̲ ̲ ̲ ̲ ̲ ̲ ̲ ̲ ̲ ̲i̲n̲j̲'̲ ̲:̲=̲ ̲_̲
error: Goldbach/BG_Identity.lean:1197:12: `inj` is not a field of structure `Function.Embedding`
error: Goldbach/BG_Identity.lean:1196:10: Fields missing: `inj'`

Hint: Add missing fields:
  
  ̲ ̲ ̲ ̲ ̲ ̲ ̲ ̲ ̲ ̲ ̲ ̲ ̲i̲n̲j̲'̲ ̲:̲=̲ ̲_̲
error: Goldbach/BG_Identity.lean:1206:60: Type mismatch: After simplification, term
  hEq
 has type
  negEmb j = posEmb i
but is expected to have type
  ↑i + 1 = -1 + -↑j
error: Goldbach/BG_Identity.lean:1208:67: Type mismatch: After simplification, term
  this
 has type
  ↑i + 1 = -1 + -↑j
but is expected to have type
  ↑i + 1 + (↑j + 1) = 0
error: Goldbach/BG_Identity.lean:1209:62: mod_cast has type
  ?m.535
of sort `Type ?u.64028` but is expected to have type
  0 < i.succ + j.succ
of sort `Prop`
error: Goldbach/BG_Identity.lean:1209:78: Application type mismatch: The argument
  Nat.succ_pos j
has type
  0 < j.succ
of sort `Prop` but is expected to have type
  ?m.537
of sort `Type ?u.64029` in the application
  ?m.540 + ⋯
error: Goldbach/BG_Identity.lean:1210:33: Type mismatch: After simplification, term
  hpos
 has type
  0 < ↑i + 1 + (↑j + 1)
but is expected to have type
  False
error: Goldbach/BG_Identity.lean:1212:79: Unknown identifier `hband`
error: Goldbach/BG_Identity.lean:1217:85: Invalid argument name `emb` for function `Finset.sum_map`

Hint: Perhaps you meant one of the following parameter names:
  • `ι`: e̵m̵b̵ι̲
  • `κ`: e̵m̵b̵κ̲
  • `M`: e̵m̵b̵M̲
  • `e`: em̵b̵
error: Goldbach/BG_Identity.lean:1221:85: Invalid argument name `emb` for function `Finset.sum_map`

Hint: Perhaps you meant one of the following parameter names:
  • `ι`: e̵m̵b̵ι̲
  • `κ`: e̵m̵b̵κ̲
  • `M`: e̵m̵b̵M̲
  • `e`: em̵b̵
error: Goldbach/BG_Identity.lean:1225:10: maximum recursion depth has been reached
use `set_option maxRecDepth <num>` to increase limit
use `set_option diagnostics true` to get diagnostic information
warning: Goldbach/BG_Identity.lean:1229:16: try 'simp' instead of 'simpa'

Note: This linter can be disabled with `set_option linter.unnecessarySimpa false`
warning: Goldbach/BG_Identity.lean:1235:16: try 'simp' instead of 'simpa'

Note: This linter can be disabled with `set_option linter.unnecessarySimpa false`
error: Goldbach/BG_Identity.lean:1237:6: 'calc' expression has type
  ∑ k ∈ innerBand, K_full k = K_full 0 + 2 * ∑ k ∈ Finset.range H, K_full (Int.ofNat k.succ)
but is expected to have type
  z ∈
      Finset.map { toFun := fun k => ↑k.succ, inj' := ⋯ } (Finset.range H) ∪
        Finset.map { toFun := fun k => -↑k.succ, inj' := ⋯ } (Finset.range H) →
    z ∈ (Finset.Icc (-↑H) ↑H).erase 0
error: Goldbach/BG_Identity.lean:1141:137: unsolved goals
hinner_eq : innerBand = Finset.Icc (-↑H) ↑H
hband :
  (Finset.Icc (-↑H) ↑H).erase 0 =
    Finset.map { toFun := fun k => ↑k.succ, inj' := ⋯ } (Finset.range H) ∪
      Finset.map { toFun := fun k => -↑k.succ, inj' := ⋯ } (Finset.range H)
⊢ ∑ k ∈ innerBand, K_full k = K_full 0 + 2 * ∑ k ∈ Finset.range H, K_full (Int.ofNat k.succ)
warning: Goldbach/BG_Identity.lean:1246:10: try 'simp' instead of 'simpa'

Note: This linter can be disabled with `set_option linter.unnecessarySimpa false`
warning: Goldbach/BG_Identity.lean:1264:8: try 'simp' instead of 'simpa'

Note: This linter can be disabled with `set_option linter.unnecessarySimpa false`
warning: Goldbach/BG_Identity.lean:1277:34: try 'simp' instead of 'simpa'

Note: This linter can be disabled with `set_option linter.unnecessarySimpa false`
error: Goldbach/BG_Identity.lean:1279:4: maximum recursion depth has been reached
use `set_option maxRecDepth <num>` to increase limit
use `set_option diagnostics true` to get diagnostic information
error: Goldbach/BG_Identity.lean:1312:16: maximum recursion depth has been reached
use `set_option maxRecDepth <num>` to increase limit
use `set_option diagnostics true` to get diagnostic information
error: Goldbach/BG_Identity.lean:1325:74: unsolved goals
case h
hinner_eq : innerBand = Finset.Icc (-↑H) ↑H
hsplit : ∑ k ∈ innerBand, K_full k = K_full 0 + 2 * ∑ k ∈ Finset.range H, K_full (Int.ofNat k.succ)
hsum1 : ∑ k ∈ Finset.range H, 1 = ↑H
hsumk : ∑ k ∈ Finset.range H, ↑k.succ = ↑H * (↑H + 1) / 2
hUpos : ↑Ucut ≠ 0
hHU : H ≤ Ucut
hU0 : ↑Ucut ≠ 0
this : ∀ k ∈ Finset.range H, K_full (Int.ofNat k.succ) = (1 - ↑k.succ / ↑Ucut) / ↑Ucut
x : ℕ
⊢ (↑x + 1) * (↑H + ↑((H + 99) / 100))⁻¹ = (↑H + ↑((H + 99) / 100))⁻¹ * (↑x + 1)
error: Goldbach/BG_Identity.lean:1332:18: maximum recursion depth has been reached
use `set_option maxRecDepth <num>` to increase limit
use `set_option diagnostics true` to get diagnostic information
error: Goldbach/BG_Identity.lean:1336:16: Tactic `assumption` failed

hinner_eq : innerBand = Finset.Icc (-↑H) ↑H
hsplit : ∑ k ∈ innerBand, K_full k = K_full 0 + 2 * ∑ k ∈ Finset.range H, K_full (Int.ofNat k.succ)
hsum1 : ∑ k ∈ Finset.range H, 1 = ↑H
hsumk : ∑ k ∈ Finset.range H, ↑k.succ = ↑H * (↑H + 1) / 2
hUpos : ↑Ucut ≠ 0
hHU : H ≤ Ucut
hU0 : ↑Ucut ≠ 0
hrew2 : (fun k => ↑k.succ / ↑Ucut) = fun k => 1 / ↑Ucut * ↑k.succ
hsum_div_as_mul : ∑ k ∈ Finset.range H, ↑k.succ / ↑Ucut = 1 / ↑Ucut * ∑ k ∈ Finset.range H, ↑k.succ
this : ∀ k < H, K_full (↑k + 1) = (1 + -((↑k + 1) / (↑H + ↑((H + 99) / 100)))) / (↑H + ↑((H + 99) / 100))
⊢ ∑ x ∈ Finset.range H, (↑x + 1) / (↑H + ↑((H + 99) / 100)) =
      (↑H + ↑((H + 99) / 100))⁻¹ * ∑ x ∈ Finset.range H, (↑x + 1) ∨
    ↑H + ↑((H + 99) / 100) = 0
error: Goldbach/BG_Identity.lean:1337:87: unsolved goals
hinner_eq : innerBand = Finset.Icc (-↑H) ↑H
hsplit : ∑ k ∈ innerBand, K_full k = K_full 0 + 2 * ∑ k ∈ Finset.range H, K_full (Int.ofNat k.succ)
hsum1 : ∑ k ∈ Finset.range H, 1 = ↑H
hsumk : ∑ k ∈ Finset.range H, ↑k.succ = ↑H * (↑H + 1) / 2
hUpos : ↑Ucut ≠ 0
hHU : H ≤ Ucut
hU0 : ↑Ucut ≠ 0
this✝ : ∀ k ∈ Finset.range H, K_full (Int.ofNat k.succ) = (1 - ↑k.succ / ↑Ucut) / ↑Ucut
this : ∑ k ∈ Finset.range H, ↑k.succ = ↑H * (↑H + 1) / 2
⊢ ∑ x ∈ Finset.range H, (↑x + 1) = ↑H * (↑H + 1) * 2⁻¹ ∨ ↑H + ↑((H + 99) / 100) = 0
error: Goldbach/BG_Identity.lean:1353:4: maximum recursion depth has been reached
use `set_option maxRecDepth <num>` to increase limit
use `set_option diagnostics true` to get diagnostic information
error: Goldbach/BG_Identity.lean:1362:2: maximum recursion depth has been reached
use `set_option maxRecDepth <num>` to increase limit
use `set_option diagnostics true` to get diagnostic information
warning: Goldbach/BG_Identity.lean:1258:24: This simp argument is unused:
  add_left_comm

Hint: Omit it from the simp argument list.
  simp [Nat.succ_eq_add_one, Finset.sum_add_distrib, Finset.sum_const, Finset.card_range,
             ̵ ̵ ̵ ̵add_comm, add_l̵e̵f̵t̵_̵c̵o̵m̵m̵,̵ ̵ad̵d̵_̵a̵ssoc]

Note: This linter can be disabled with `set_option linter.unusedSimpArgs false`
warning: Goldbach/BG_Identity.lean:1258:39: This simp argument is unused:
  add_assoc

Hint: Omit it from the simp argument list.
  simp [Nat.succ_eq_add_one, Finset.sum_add_distrib, Finset.sum_const, Finset.card_range,
             ̵ ̵ ̵ ̵add_comm, add_left_comm,̵ ̵a̵d̵d̵_̵a̵s̵s̵o̵c̵]

Note: This linter can be disabled with `set_option linter.unusedSimpArgs false`
warning: Goldbach/BG_Identity.lean:1311:64: This simp argument is unused:
  mul_left_comm

Hint: Omit it from the simp argument list.
  simp [div_eq_mul_inv, mul_comm, mul_l̵e̵f̵t̵_̵c̵o̵m̵m̵,̵ ̵m̵u̵l̵_̵assoc]

Note: This linter can be disabled with `set_option linter.unusedSimpArgs false`
warning: Goldbach/BG_Identity.lean:1311:79: This simp argument is unused:
  mul_assoc

Hint: Omit it from the simp argument list.
  simp [div_eq_mul_inv, mul_comm, mul_left_comm,̵ ̵m̵u̵l̵_̵a̵s̵s̵o̵c̵]

Note: This linter can be disabled with `set_option linter.unusedSimpArgs false`
warning: Goldbach/BG_Identity.lean:1341:22: This simp argument is unused:
  this

Hint: Omit it from the simp argument list.
  simp [t̵h̵i̵s̵,̵ ̵div_eq_mul_inv]

Note: This linter can be disabled with `set_option linter.unusedSimpArgs false`
warning: Goldbach/BG_Identity.lean:1364:6: declaration uses 'sorry'
error: Goldbach/BG_Identity.lean:1410:21: maximum recursion depth has been reached
use `set_option maxRecDepth <num>` to increase limit
use `set_option diagnostics true` to get diagnostic information
warning: Goldbach/BG_Identity.lean:1438:28: unused variable `X`

Note: This linter can be disabled with `set_option linter.unusedVariables false`
warning: Goldbach/BG_Identity.lean:1438:30: unused variable `N`

Note: This linter can be disabled with `set_option linter.unusedVariables false`
warning: Goldbach/BG_Identity.lean:1439:28: unused variable `X`

Note: This linter can be disabled with `set_option linter.unusedVariables false`
warning: Goldbach/BG_Identity.lean:1439:30: unused variable `N`

Note: This linter can be disabled with `set_option linter.unusedVariables false`
error: Goldbach/BG_Identity.lean:1465:21: maximum recursion depth has been reached
use `set_option maxRecDepth <num>` to increase limit
use `set_option diagnostics true` to get diagnostic information
error: Goldbach/BG_Identity.lean:1564:0: Unexpected name `BG_Identity` after `end`: The current section is unnamed

Hint: Delete the name `BG_Identity` to end the current unnamed scope; outer named scopes can then be closed using additional `end` command(s):
  end ̵B̵G̵_̵I̵d̵e̵n̵t̵i̵t̵y̵
error: Goldbach/BG_Identity.lean:1565:0: Unexpected name `Goldbach` after `end`: The current section is unnamed

Hint: Delete the name `Goldbach` to end the current unnamed scope; outer named scopes can then be closed using additional `end` command(s):
  end ̵G̵o̵l̵d̵b̵a̵c̵h̵
error: Lean exited with code 1
Some required targets logged failures:
- Goldbach.BG_Identity
error: build failed
⚠ [7587/7613] Replayed Goldbach.Compat
warning: Goldbach/Compat.lean:18:2: try 'simp' instead of 'simpa'

Note: This linter can be disabled with `set_option linter.unnecessarySimpa false`
warning: Goldbach/Compat.lean:24:40: unused variable `hb`

Note: This linter can be disabled with `set_option linter.unusedVariables false`
warning: Goldbach/Compat.lean:50:4: try 'simp' instead of 'simpa'

Note: This linter can be disabled with `set_option linter.unnecessarySimpa false`
⚠ [7590/7613] Replayed Goldbach.Windows
warning: Goldbach/Windows.lean:63:4: try 'simp' instead of 'simpa'

Note: This linter can be disabled with `set_option linter.unnecessarySimpa false`
warning: Goldbach/Windows.lean:68:2: try 'simp' instead of 'simpa'

Note: This linter can be disabled with `set_option linter.unnecessarySimpa false`
warning: Goldbach/Windows.lean:68:38: this tactic is never executed

Note: This linter can be disabled with `set_option linter.unreachableTactic false`
warning: Goldbach/Windows.lean:68:38: 'simpa using hmap' tactic does nothing

Note: This linter can be disabled with `set_option linter.unusedTactic false`
⚠ [7595/7613] Replayed Goldbach.AO_AssembleEnvelope
warning: Goldbach/AO_AssembleEnvelope.lean:67:20: try 'simp' instead of 'simpa'

Note: This linter can be disabled with `set_option linter.unnecessarySimpa false`
⚠ [7597/7613] Replayed Goldbach.AO_Major
warning: Goldbach/AO_Major.lean:21:13: unused variable `hX`

Note: This linter can be disabled with `set_option linter.unusedVariables false`
warning: Goldbach/AO_Major.lean:21:35: unused variable `hN`

Note: This linter can be disabled with `set_option linter.unusedVariables false`
warning: Goldbach/AO_Major.lean:25:24: This simp argument is unused:
  add_assoc

Hint: Omit it from the simp argument list.
  simp [Goldbach.AO_Major.errAO, Goldbach.AO_Major.weight_mass, Goldbach.AO_Core.errAO,
       ̵ ̵ ̵ ̵sub_eq_add_neg, add_a̵s̵s̵o̵c̵,̵ ̵a̵d̵d̵_̵left_comm, add_comm, mul_assoc]

Note: This linter can be disabled with `set_option linter.unusedSimpArgs false`
warning: Goldbach/AO_Major.lean:25:60: This simp argument is unused:
  mul_assoc

Hint: Omit it from the simp argument list.
  simp [Goldbach.AO_Major.errAO, Goldbach.AO_Major.weight_mass, Goldbach.AO_Core.errAO,
       ̵ ̵ ̵ ̵sub_eq_add_neg, add_assoc, add_left_comm, add_comm,̵ ̵m̵u̵l̵_̵a̵s̵s̵o̵c̵]

Note: This linter can be disabled with `set_option linter.unusedSimpArgs false`
warning: Goldbach/AO_Major.lean:46:5: unused variable `h`

Note: This linter can be disabled with `set_option linter.unusedVariables false`
warning: Goldbach/AO_Major.lean:58:24: This simp argument is unused:
  dif_pos

Hint: Omit it from the simp argument list.
  simp only [MPDF, win, d̵i̵f̵_̵p̵o̵s̵,̵ ̵mul_div_assoc']

Note: This linter can be disabled with `set_option linter.unusedSimpArgs false`
warning: Goldbach/AO_Major.lean:58:33: This simp argument is unused:
  mul_div_assoc'

Hint: Omit it from the simp argument list.
  simp only [MPDF, win, dif_pos,̵ ̵m̵u̵l̵_̵d̵i̵v̵_̵a̵s̵s̵o̵c̵'̵]

Note: This linter can be disabled with `set_option linter.unusedSimpArgs false`
warning: Goldbach/AO_Major.lean:81:69: try 'simp' instead of 'simpa'

Note: This linter can be disabled with `set_option linter.unnecessarySimpa false`
warning: Goldbach/AO_Major.lean:82:68: try 'simp' instead of 'simpa'

Note: This linter can be disabled with `set_option linter.unnecessarySimpa false`
warning: Goldbach/AO_Major.lean:83:68: try 'simp' instead of 'simpa'

Note: This linter can be disabled with `set_option linter.unnecessarySimpa false`
warning: Goldbach/AO_Major.lean:85:90: This simp argument is unused:
  add_assoc

Hint: Omit it from the simp argument list.
  simp [sub_eq_add_neg,̵ ̵a̵d̵d̵_̵a̵s̵s̵o̵c̵]

Note: This linter can be disabled with `set_option linter.unusedSimpArgs false`
warning: Goldbach/AO_Major.lean:101:24: This simp argument is unused:
  dif_pos

Hint: Omit it from the simp argument list.
  simp only [MPDF, win,̵ ̵d̵i̵f̵_̵p̵o̵s̵]

Note: This linter can be disabled with `set_option linter.unusedSimpArgs false`
⚠ [7599/7613] Replayed Goldbach.BG_Bank
warning: Goldbach/BG_Bank.lean:13:25: unused variable `n`

Note: This linter can be disabled with `set_option linter.unusedVariables false`
warning: Goldbach/BG_Bank.lean:75:4: try 'simp' instead of 'simpa'

Note: This linter can be disabled with `set_option linter.unnecessarySimpa false`
warning: Goldbach/BG_Bank.lean:75:25: this tactic is never executed

Note: This linter can be disabled with `set_option linter.unreachableTactic false`
warning: Goldbach/BG_Bank.lean:75:25: 'decide' tactic does nothing

Note: This linter can be disabled with `set_option linter.unusedTactic false`
warning: Goldbach/BG_Bank.lean:288:14: try 'simp' instead of 'simpa'

Note: This linter can be disabled with `set_option linter.unnecessarySimpa false`
warning: Goldbach/BG_Bank.lean:188:42: This simp argument is unused:
  Nat.cast_sub hn_le

Hint: Omit it from the simp argument list.
  simp only [Nat.cast_succ,̵ ̵N̵a̵t̵.̵c̵a̵s̵t̵_̵s̵u̵b̵ ̵h̵n̵_̵l̵e̵]

Note: This linter can be disabled with `set_option linter.unusedSimpArgs false`
warning: Goldbach/BG_Bank.lean:194:24: This simp argument is unused:
  abs_of_nonneg hlog_Nm_nn

Hint: Omit it from the simp argument list.
  simp [hp,̵ ̵a̵b̵s̵_̵o̵f̵_̵n̵o̵n̵n̵e̵g̵ ̵h̵l̵o̵g̵_̵N̵m̵_̵n̵n̵]

Note: This linter can be disabled with `set_option linter.unusedSimpArgs false`
warning: Goldbach/BG_Bank.lean:202:24: This simp argument is unused:
  abs_of_nonneg hlog_Np1_nn

Hint: Omit it from the simp argument list.
  simp [hp,̵ ̵a̵b̵s̵_̵o̵f̵_̵n̵o̵n̵n̵e̵g̵ ̵h̵l̵o̵g̵_̵N̵p̵1̵_̵n̵n̵]

Note: This linter can be disabled with `set_option linter.unusedSimpArgs false`
warning: Goldbach/BG_Bank.lean:218:46: This simp argument is unused:
  mul_comm

Hint: Omit it from the simp argument list.
  simp [abs_mul, mul_assoc, m̵u̵l̵_̵c̵o̵m̵m̵,̵ ̵mul_left_comm]

Note: This linter can be disabled with `set_option linter.unusedSimpArgs false`
warning: Goldbach/BG_Bank.lean:326:20: This simp argument is unused:
  hlogXabs

Hint: Omit it from the simp argument list.
  simp [h̵l̵o̵g̵X̵a̵b̵s̵,̵ ̵mul_comm, mul_left_comm, mul_assoc]

Note: This linter can be disabled with `set_option linter.unusedSimpArgs false`
warning: Goldbach/BG_Bank.lean:326:30: This simp argument is unused:
  mul_comm

Hint: Omit it from the simp argument list.
  simp [hlogXabs, m̵u̵l̵_̵c̵o̵m̵m̵,̵ ̵mul_left_comm, mul_assoc]

Note: This linter can be disabled with `set_option linter.unusedSimpArgs false`
warning: Goldbach/BG_Bank.lean:403:14: try 'simp' instead of 'simpa'

Note: This linter can be disabled with `set_option linter.unnecessarySimpa false`
warning: Goldbach/BG_Bank.lean:405:14: try 'simp' instead of 'simpa'

Note: This linter can be disabled with `set_option linter.unnecessarySimpa false`
warning: Goldbach/BG_Bank.lean:407:40: This simp argument is unused:
  add_comm

Hint: Omit it from the simp argument list.
  simp [div_self, hlogX_ne, add_c̵o̵m̵m̵,̵ ̵a̵d̵d̵_̵left_comm, add_assoc]

Note: This linter can be disabled with `set_option linter.unusedSimpArgs false`
warning: Goldbach/BG_Bank.lean:407:50: This simp argument is unused:
  add_left_comm

Hint: Omit it from the simp argument list.
  simp [div_self, hlogX_ne, add_comm, a̵d̵d̵_̵l̵e̵f̵t̵_̵c̵o̵m̵m̵,̵ ̵add_assoc]

Note: This linter can be disabled with `set_option linter.unusedSimpArgs false`
warning: Goldbach/BG_Bank.lean:407:65: This simp argument is unused:
  add_assoc

Hint: Omit it from the simp argument list.
  simp [div_self, hlogX_ne, add_comm, add_left_comm,̵ ̵a̵d̵d̵_̵a̵s̵s̵o̵c̵]

Note: This linter can be disabled with `set_option linter.unusedSimpArgs false`
warning: Goldbach/BG_Bank.lean:547:63: try 'simp' instead of 'simpa'

Note: This linter can be disabled with `set_option linter.unnecessarySimpa false`
warning: Goldbach/BG_Bank.lean:550:47: This simp argument is unused:
  add_comm

Hint: Omit it from the simp argument list.
  simp [add_div, div_self, hlogX_ne, add_c̵o̵m̵m̵,̵ ̵a̵d̵d̵_̵left_comm, add_assoc]

Note: This linter can be disabled with `set_option linter.unusedSimpArgs false`
warning: Goldbach/BG_Bank.lean:550:57: This simp argument is unused:
  add_left_comm

Hint: Omit it from the simp argument list.
  simp [add_div, div_self, hlogX_ne, add_comm, a̵d̵d̵_̵l̵e̵f̵t̵_̵c̵o̵m̵m̵,̵ ̵add_assoc]

Note: This linter can be disabled with `set_option linter.unusedSimpArgs false`
warning: Goldbach/BG_Bank.lean:550:72: This simp argument is unused:
  add_assoc

Hint: Omit it from the simp argument list.
  simp [add_div, div_self, hlogX_ne, add_comm, add_left_comm,̵ ̵a̵d̵d̵_̵a̵s̵s̵o̵c̵]

Note: This linter can be disabled with `set_option linter.unusedSimpArgs false`
warning: Goldbach/BG_Bank.lean:559:56: This simp argument is unused:
  add_left_comm

Hint: Omit it from the simp argument list.
  simp [c, Nat.cast_add, Nat.cast_one, add_assoc, a̵d̵d̵_̵l̵e̵f̵t̵_̵c̵o̵m̵m̵,̵ ̵add_comm, add_div, div_self hX0_ne]

Note: This linter can be disabled with `set_option linter.unusedSimpArgs false`
⚠ [7600/7613] Replayed Goldbach.BG_Operator
warning: Goldbach/BG_Operator.lean:31:2: try 'simp' instead of 'simpa'

Note: This linter can be disabled with `set_option linter.unnecessarySimpa false`
warning: Goldbach/BG_Operator.lean:98:2: try 'simp' instead of 'simpa'

Note: This linter can be disabled with `set_option linter.unnecessarySimpa false`
⚠ [7602/7613] Replayed Goldbach.SingularSeries
warning: Goldbach/SingularSeries.lean:40:5: unused variable `h`

Note: This linter can be disabled with `set_option linter.unusedVariables false`
warning: Goldbach/SingularSeries.lean:88:8: `Finset.eq_empty_iff_forall_not_mem` has been deprecated: Use `Finset.eq_empty_iff_forall_notMem` instead
warning: Goldbach/SingularSeries.lean:98:4: try 'simp' instead of 'simpa'

Note: This linter can be disabled with `set_option linter.unnecessarySimpa false`
warning: Goldbach/SingularSeries.lean:99:28: this tactic is never executed

Note: This linter can be disabled with `set_option linter.unreachableTactic false`
warning: Goldbach/SingularSeries.lean:99:57: this tactic is never executed

Note: This linter can be disabled with `set_option linter.unreachableTactic false`
warning: Goldbach/SingularSeries.lean:99:28: 'decide' tactic does nothing

Note: This linter can be disabled with `set_option linter.unusedTactic false`
warning: Goldbach/SingularSeries.lean:99:57: 'decide' tactic does nothing

Note: This linter can be disabled with `set_option linter.unusedTactic false`
⚠ [7604/7613] Replayed Goldbach.PPNumerics
warning: Goldbach/PPNumerics.lean:24:42: try 'simp' instead of 'simpa'

Note: This linter can be disabled with `set_option linter.unnecessarySimpa false`
warning: Goldbach/PPNumerics.lean:27:6: try 'simp' instead of 'simpa'

Note: This linter can be disabled with `set_option linter.unnecessarySimpa false`
⚠ [7605/7613] Replayed Goldbach.PPBoundSquares
warning: Goldbach/PPBoundSquares.lean:41:8: try 'simp' instead of 'simpa'

Note: This linter can be disabled with `set_option linter.unnecessarySimpa false`
warning: Goldbach/PPBoundSquares.lean:228:10: try 'simp' instead of 'simpa'

Note: This linter can be disabled with `set_option linter.unnecessarySimpa false`
⚠ [7607/7613] Replayed Goldbach.AnalyticGlobal
warning: Goldbach/AnalyticGlobal.lean:65:28: This simp argument is unused:
  one_div

Hint: Omit it from the simp argument list.
  simp [div_eq_mul_inv, o̵n̵e̵_̵d̵i̵v̵,̵ ̵mul_comm]

Note: This linter can be disabled with `set_option linter.unusedSimpArgs false`
warning: Goldbach/AnalyticGlobal.lean:68:30: This simp argument is unused:
  one_div

Hint: Omit it from the simp argument list.
  simp [div_eq_mul_inv, o̵n̵e̵_̵d̵i̵v̵,̵ ̵mul_comm]

Note: This linter can be disabled with `set_option linter.unusedSimpArgs false`
warning: Goldbach/AnalyticGlobal.lean:70:39: This simp argument is unused:
  mul_left_comm

Hint: Omit it from the simp argument list.
  simp [one_div, S_ne, mul_comm, mul_l̵e̵f̵t̵_̵c̵o̵m̵m̵,̵ ̵m̵u̵l̵_̵assoc]

Note: This linter can be disabled with `set_option linter.unusedSimpArgs false`
warning: Goldbach/AnalyticGlobal.lean:70:54: This simp argument is unused:
  mul_assoc

Hint: Omit it from the simp argument list.
  simp [one_div, S_ne, mul_comm, mul_left_comm,̵ ̵m̵u̵l̵_̵a̵s̵s̵o̵c̵]

Note: This linter can be disabled with `set_option linter.unusedSimpArgs false`
⚠ [7608/7613] Replayed Goldbach.BankPieces
warning: Goldbach/BankPieces.lean:15:63: `class ... :=` has been deprecated in favor of `class ... where`.

Note: This linter can be disabled with `set_option linter.deprecated false`
⚠ [7610/7613] Replayed Goldbach.Analytic.MajorBoundFromSigma
warning: Goldbach/Analytic/MajorBoundFromSigma.lean:21:75: `structure ... :=` has been deprecated in favor of `structure ... where`.

Note: This linter can be disabled with `set_option linter.deprecated false`
⚠ [7611/7613] Replayed Goldbach.Analytic.NumericSigma
warning: Goldbach/Analytic/NumericSigma.lean:23:32: unused variable `hX`

Note: This linter can be disabled with `set_option linter.unusedVariables false`
✖ [7613/7613] Building Goldbach.BG_Identity (49s)
trace: .> LEAN_PATH=/Users/benjaminnelson/Desktop/nerd shit/goldbach/builds/Goldbach/.lake/packages/Cli/.lake/build/lib/lean:/Users/benjaminnelson/Desktop/nerd shit/goldbach/builds/Goldbach/.lake/packages/batteries/.lake/build/lib/lean:/Users/benjaminnelson/Desktop/nerd shit/goldbach/builds/Goldbach/.lake/packages/Qq/.lake/build/lib/lean:/Users/benjaminnelson/Desktop/nerd shit/goldbach/builds/Goldbach/.lake/packages/aesop/.lake/build/lib/lean:/Users/benjaminnelson/Desktop/nerd shit/goldbach/builds/Goldbach/.lake/packages/proofwidgets/.lake/build/lib/lean:/Users/benjaminnelson/Desktop/nerd shit/goldbach/builds/Goldbach/.lake/packages/importGraph/.lake/build/lib/lean:/Users/benjaminnelson/Desktop/nerd shit/goldbach/builds/Goldbach/.lake/packages/LeanSearchClient/.lake/build/lib/lean:/Users/benjaminnelson/Desktop/nerd shit/goldbach/builds/Goldbach/.lake/packages/plausible/.lake/build/lib/lean:/Users/benjaminnelson/Desktop/nerd shit/goldbach/builds/Goldbach/.lake/packages/mathlib/.lake/build/lib/lean:/Users/benjaminnelson/Desktop/nerd shit/goldbach/builds/Goldbach/.lake/build/lib/lean /Users/benjaminnelson/.elan/toolchains/leanprover--lean4---v4.26.0-rc2/bin/lean /Users/benjaminnelson/Desktop/nerd shit/goldbach/builds/Goldbach/Goldbach/BG_Identity.lean -o /Users/benjaminnelson/Desktop/nerd shit/goldbach/builds/Goldbach/.lake/build/lib/lean/Goldbach/BG_Identity.olean -i /Users/benjaminnelson/Desktop/nerd shit/goldbach/builds/Goldbach/.lake/build/lib/lean/Goldbach/BG_Identity.ilean -c /Users/benjaminnelson/Desktop/nerd shit/goldbach/builds/Goldbach/.lake/build/ir/Goldbach/BG_Identity.c --setup /Users/benjaminnelson/Desktop/nerd shit/goldbach/builds/Goldbach/.lake/build/ir/Goldbach/BG_Identity.setup.json --json
warning: Goldbach/BG_Identity.lean:149:48: This simp argument is unused:
  add_comm

Hint: Omit it from the simp argument list.
  simp [Finset.sum_insert, hk, ih, mul_add, a̵d̵d̵_̵c̵o̵m̵m̵,̵ ̵add_left_comm, add_assoc, mul_comm, mul_left_comm,
  ̲  ̲ ̲ ̲ ̲ ̲ ̲ ̲mul_assoc]

Note: This linter can be disabled with `set_option linter.unusedSimpArgs false`
warning: Goldbach/BG_Identity.lean:149:58: This simp argument is unused:
  add_left_comm

Hint: Omit it from the simp argument list.
  simp [Finset.sum_insert, hk, ih, mul_add, add_comm, a̵d̵d̵_̵l̵e̵f̵t̵_̵c̵o̵m̵m̵,̵add_assoc, mul_comm, mul_left_comm,
  ̲  ̲ ̲ ̲ ̲ ̲ ̲ ̲mul_assoc]

Note: This linter can be disabled with `set_option linter.unusedSimpArgs false`
warning: Goldbach/BG_Identity.lean:150:12: This simp argument is unused:
  add_assoc

Hint: Omit it from the simp argument list.
  simp [Finset.sum_insert, hk, ih, mul_add, add_comm, add_left_comm, a̵d̵d̵_̵a̵s̵s̵o̵c̵,̵ ̵mul_comm, mul_left_comm,
  ̲  ̲ ̲ ̲ ̲ ̲ ̲ ̲mul_assoc]

Note: This linter can be disabled with `set_option linter.unusedSimpArgs false`
warning: Goldbach/BG_Identity.lean:150:23: This simp argument is unused:
  mul_comm

Hint: Omit it from the simp argument list.
  simp [Finset.sum_insert, hk, ih, mul_add, add_comm, add_left_comm, add_assoc, m̵u̵l̵_̵c̵o̵m̵m̵,̵ ̵mul_left_comm,
  ̲  ̲ ̲ ̲ ̲ ̲ ̲ ̲mul_assoc]

Note: This linter can be disabled with `set_option linter.unusedSimpArgs false`
warning: Goldbach/BG_Identity.lean:150:33: This simp argument is unused:
  mul_left_comm

Hint: Omit it from the simp argument list.
  simp [Finset.sum_insert, hk, ih, mul_add, add_comm, add_left_comm, add_assoc, mul_comm,
  ̲  ̲ ̲ ̲ ̲ ̲ ̲ ̲m̵u̵l̵_̵l̵e̵f̵t̵_̵c̵o̵m̵m̵,̵ ̵mul_assoc]

Note: This linter can be disabled with `set_option linter.unusedSimpArgs false`
warning: Goldbach/BG_Identity.lean:150:48: This simp argument is unused:
  mul_assoc

Hint: Omit it from the simp argument list.
  simp [Finset.sum_insert, hk, ih, mul_add, add_comm, add_left_comm, add_assoc, mul_comm,
  ̲  ̲ ̲ ̲ ̲ ̲ ̲ ̲m̵u̵l̵_̵l̵e̵f̵t̵_̵c̵o̵m̵m̵,̵ ̵m̵u̵l̵_̵a̵s̵s̵o̵c̵]̵m̲u̲l̲_̲l̲e̲f̲t̲_̲c̲o̲m̲m̲]̲

Note: This linter can be disabled with `set_option linter.unusedSimpArgs false`
error: Goldbach/BG_Identity.lean:203:6: Tactic `subst` failed: invalid equality proof, it is not of the form (x = t) or (t = x)
  Ucut = 0

case pos
m : ℕ
hm : m ≤ Ucut
hU : Ucut = 0
⊢ 0 ≤ 1 - ↑m / ↑Ucut
error: Goldbach/BG_Identity.lean:197:76: unsolved goals
m : ℕ
hm : m ≤ Ucut
hnonneg : 0 ≤ 1 - ↑m / ↑Ucut
hmax : max (1 - ↑m / ↑Ucut) 0 = 1 - ↑m / ↑Ucut
⊢ max (1 - ↑m / (↑H + ↑((H + 99) / 100))) 0 / (↑H + ↑((H + 99) / 100)) =
    (1 - ↑m / (↑H + ↑((H + 99) / 100))) / (↑H + ↑((H + 99) / 100))
warning: Goldbach/BG_Identity.lean:216:8: This simp argument is unused:
  hmax

Hint: Omit it from the simp argument list.
  simp ̵[̵h̵m̵a̵x̵]̵

Note: This linter can be disabled with `set_option linter.unusedSimpArgs false`
warning: Goldbach/BG_Identity.lean:242:10: This simp argument is unused:
  Finset.sum_insert

Hint: Omit it from the simp argument list.
  simp [̵F̵i̵n̵s̵e̵t̵.̵s̵u̵m̵_̵i̵n̵s̵e̵r̵t̵,̵ ̵h̵a̵,̵[̲h̲a̲,̲ ih, mul_add, add_comm, add_left_comm, add_assoc, mul_comm, mul_left_comm, mul_assoc]

Note: This linter can be disabled with `set_option linter.unusedSimpArgs false`
warning: Goldbach/BG_Identity.lean:242:33: This simp argument is unused:
  ih

Hint: Omit it from the simp argument list.
  simp [Finset.sum_insert, ha, i̵h̵,̵ ̵mul_add, add_comm, add_left_comm,
  ̵  ̵ ̵ ̵ ̵ ̵ ̵ ̵ ̵ ̵add_assoc, mul_comm,
  ̲  ̲ ̲ ̲ ̲ ̲mul_left_comm, mul_assoc]

Note: This linter can be disabled with `set_option linter.unusedSimpArgs false`
warning: Goldbach/BG_Identity.lean:242:56: This simp argument is unused:
  add_left_comm

Hint: Omit it from the simp argument list.
  simp [Finset.sum_insert, ha, ih, mul_add, add_comm, a̵d̵d̵_̵l̵e̵f̵t̵_̵c̵o̵m̵m̵,̵add_assoc, mul_comm, mul_left_comm,
  ̲  ̲ ̲ ̲ ̲ ̲mul_assoc]

Note: This linter can be disabled with `set_option linter.unusedSimpArgs false`
warning: Goldbach/BG_Identity.lean:243:10: This simp argument is unused:
  add_assoc

Hint: Omit it from the simp argument list.
  simp [Finset.sum_insert, ha, ih, mul_add, add_comm, add_left_comm, a̵d̵d̵_̵a̵s̵s̵o̵c̵,̵ ̵mul_comm, mul_left_comm,
  ̲  ̲ ̲ ̲ ̲ ̲mul_assoc]

Note: This linter can be disabled with `set_option linter.unusedSimpArgs false`
warning: Goldbach/BG_Identity.lean:243:31: This simp argument is unused:
  mul_left_comm

Hint: Omit it from the simp argument list.
  simp [Finset.sum_insert, ha, ih, mul_add, add_comm, add_left_comm, add_assoc, mul_comm,
  ̲  ̲ ̲ ̲ ̲ ̲m̵u̵l̵_̵l̵e̵f̵t̵_̵c̵o̵m̵m̵,̵ ̵mul_assoc]

Note: This linter can be disabled with `set_option linter.unusedSimpArgs false`
warning: Goldbach/BG_Identity.lean:243:46: This simp argument is unused:
  mul_assoc

Hint: Omit it from the simp argument list.
  simp [Finset.sum_insert, ha, ih, mul_add, add_comm, add_left_comm, add_assoc, mul_comm,
  ̲  ̲ ̲ ̲ ̲ ̲m̵u̵l̵_̵l̵e̵f̵t̵_̵c̵o̵m̵m̵,̵ ̵m̵u̵l̵_̵a̵s̵s̵o̵c̵]̵m̲u̲l̲_̲l̲e̲f̲t̲_̲c̲o̲m̲m̲]̲

Note: This linter can be disabled with `set_option linter.unusedSimpArgs false`
warning: Goldbach/BG_Identity.lean:339:6: declaration uses 'sorry'
warning: Goldbach/BG_Identity.lean:368:23: This simp argument is unused:
  Int.ofNat_sub hHN

Hint: Omit it from the simp argument list.
  simp only [̵I̵n̵t̵.̵o̵f̵N̵a̵t̵_̵s̵u̵b̵ ̵h̵H̵N̵]̵ ̵at hZint

Note: This linter can be disabled with `set_option linter.unusedSimpArgs false`
warning: Goldbach/BG_Identity.lean:433:4: try 'simp' instead of 'simpa'

Note: This linter can be disabled with `set_option linter.unnecessarySimpa false`
warning: Goldbach/BG_Identity.lean:456:25: try 'simp' instead of 'simpa'

Note: This linter can be disabled with `set_option linter.unnecessarySimpa false`
warning: Goldbach/BG_Identity.lean:499:6: declaration uses 'sorry'
warning: Goldbach/BG_Identity.lean:536:15: unused variable `hX`

Note: This linter can be disabled with `set_option linter.unusedVariables false`
warning: Goldbach/BG_Identity.lean:537:5: unused variable `hN`

Note: This linter can be disabled with `set_option linter.unusedVariables false`
warning: Goldbach/BG_Identity.lean:569:5: unused variable `hk`

Note: This linter can be disabled with `set_option linter.unusedVariables false`
warning: Goldbach/BG_Identity.lean:594:28: This simp argument is unused:
  hUpos.ne'

Hint: Omit it from the simp argument list.
  s̵i̵m̵p̵ ̵[̵K̵_̵f̵u̵l̵l̵,̵ ̵K̵_̵f̵u̵l̵l̵_̵r̵a̵w̵,̵ ̵h̵U̵p̵o̵s̵.̵n̵e̵'̵]̵ ̵a̵t̵ ̵*̵s̲i̲m̲p̲ ̲[̲K̲_̲f̲u̲l̲l̲,̲
  ̲ ̲ ̲ ̲ ̲K̲_̲f̲u̲l̲l̲_̲r̲a̲w̲]̲ ̲a̲t̲ ̲*̲
  ̲ ̲ ̲ ̲ ̲ ̲ ̲-̲-̲ ̲a̲f̲t̲e̲r̲ ̲s̲i̲m̲p̲,̲ ̲g̲o̲a̲l̲ ̲b̲e̲c̲o̲m̲e̲s̲ ̲`̲0̲ ̲<̲ ̲1̲ ̲/̲ ̲(̲U̲c̲u̲t̲:̲ℝ̲)̲`̲
  ̲ ̲ ̲ ̲ ̲ ̲ ̲

Note: This linter can be disabled with `set_option linter.unusedSimpArgs false`
warning: Goldbach/BG_Identity.lean:619:5: unused variable `h`

Note: This linter can be disabled with `set_option linter.unusedVariables false`
warning: Goldbach/BG_Identity.lean:626:5: unused variable `h`

Note: This linter can be disabled with `set_option linter.unusedVariables false`
warning: Goldbach/BG_Identity.lean:642:25: unused variable `X`

Note: This linter can be disabled with `set_option linter.unusedVariables false`
warning: Goldbach/BG_Identity.lean:642:27: unused variable `N`

Note: This linter can be disabled with `set_option linter.unusedVariables false`
warning: Goldbach/BG_Identity.lean:666:5: unused variable `h`

Note: This linter can be disabled with `set_option linter.unusedVariables false`
error: Goldbach/BG_Identity.lean:680:10: Unknown identifier `Kernel.conv_ref_const_eq_sigma_mass_of`
warning: Goldbach/BG_Identity.lean:695:8: try 'simp' instead of 'simpa'

Note: This linter can be disabled with `set_option linter.unnecessarySimpa false`
warning: Goldbach/BG_Identity.lean:723:34: unused variable `hk`

Note: This linter can be disabled with `set_option linter.unusedVariables false`
warning: Goldbach/BG_Identity.lean:727:35: unused variable `hk`

Note: This linter can be disabled with `set_option linter.unusedVariables false`
error: Goldbach/BG_Identity.lean:784:20: failed to synthesize
  HMul (ℕ → ℝ) ℝ ?m.11

Hint: Additional diagnostic information may be available using the `set_option diagnostics true` command.
error: Goldbach/BG_Identity.lean:792:20: typeclass instance problem is stuck
  HMul (ℕ → ℝ) ?m.14 ℝ

Note: Lean will not try to resolve this typeclass instance problem because the second type argument to `HMul` is a metavariable. This argument must be fully determined before Lean will try to resolve the typeclass.

Hint: Adding type annotations and supplying implicit arguments to functions can give Lean more information for typeclass resolution. For example, if you have a variable `x` that you intend to be a `Nat`, but Lean reports it as having an unresolved type like `?m`, replacing `x` with `(x : Nat)` can get typeclass resolution un-stuck.
error: Goldbach/BG_Identity.lean:802:60: unsolved goals
⊢ False
error: Goldbach/BG_Identity.lean:820:58: unsolved goals
⊢ -((↑H + 99) / 100) ≤ ↑H ∧ 0 ≤ ↑H + (↑H + 99) / 100
error: Goldbach/BG_Identity.lean:842:26: Unknown constant `Int.natAbs_eq_ofNat_abs`
error: Goldbach/BG_Identity.lean:848:12: linarith failed to find a contradiction
case h
h0 : 0 ∈ bandU
z : ℤ
hz : z ∈ bandU.erase 0
hzIcc : z ∈ Finset.Icc (-↑Ucut) ↑Ucut
hz0 : z ≠ 0
this : -↑Ucut ≤ z ∧ z ≤ ↑Ucut
hle : z ≤ ↑Ucut
hneg : -↑Ucut ≤ z
hz' : ↑z.natAbs = max (-z) z
a✝ : ↑Ucut < ↑z.natAbs
⊢ False
failed
error: Goldbach/BG_Identity.lean:856:59: mod_cast has type
  ?m.225 = ?m.225
but is expected to have type
  z.natAbs = 0
error: Goldbach/BG_Identity.lean:860:12: Type mismatch
  hzabs0
has type
  z.natAbs = 0
but is expected to have type
  z.natAbs ≠ 0
error: Goldbach/BG_Identity.lean:862:17: Invalid `⟨...⟩` notation: The expected type
  z.natAbs - 1 < Ucut ∧ z = Int.ofNat (z.natAbs - 1).succ ∨ z = -Int.ofNat (z.natAbs - 1).succ
has more than one constructor

Note: This notation can only be used when the expected type is an inductive type with a single constructor
error: Goldbach/BG_Identity.lean:863:10: No goals to be solved
error: Goldbach/BG_Identity.lean:876:69: Application type mismatch: The argument
  hkpos
has type
  k < Ucut
but is expected to have type
  k ∈ Finset.range Ucut
in the application
  And.intro hkpos
error: Goldbach/BG_Identity.lean:831:6: unsolved goals
case h.mp.inr
h0 : 0 ∈ bandU
z : ℤ
hz : z ∈ bandU.erase 0
hzIcc : z ∈ Finset.Icc (-↑Ucut) ↑Ucut
hz0 : z ≠ 0
hzAbs : z.natAbs ≤ Ucut
k : ℕ
h✝ : z = -Int.ofNat k.succ
⊢ z ∈
    Finset.map { toFun := fun k => ↑k.succ, inj' := ⋯ } (Finset.range Ucut) ∪
      Finset.map { toFun := fun k => -↑k.succ, inj' := ⋯ } (Finset.range Ucut)
error: Goldbach/BG_Identity.lean:877:54: unsolved goals
h0 : 0 ∈ bandU
z : ℤ
⊢ K_full_raw (H + (H + 99) / 100) 0 = (↑H + ↑((H + 99) / 100))⁻¹
error: Goldbach/BG_Identity.lean:890:34: maximum recursion depth has been reached
use `set_option maxRecDepth <num>` to increase limit
use `set_option diagnostics true` to get diagnostic information
error: Goldbach/BG_Identity.lean:891:28: Type mismatch
  hk
has type
  k ∈ Finset.map { toFun := fun k => ↑k.succ, inj' := ⋯ } (Finset.range Ucut)
but is expected to have type
  ∀ (a₂ : ℤ) (ha₂ : a₂ ∈ Finset.map { toFun := fun k => ↑k.succ, inj' := ⋯ } (Finset.range Ucut)),
    (fun k hk => k) k hk = (fun k hk => k) a₂ ha₂ → k = a₂
error: Goldbach/BG_Identity.lean:892:14: unsolved goals
case heq
h0 : 0 ∈ bandU
z : ℤ
h0val : K_full 0 = 1 / ↑Ucut
k : ℤ
hk : k ∈ Finset.map { toFun := fun k => -↑k.succ, inj' := ⋯ } (Finset.range Ucut)
⊢ ∃ a < H + (H + 99) / 100, ↑a + 1 = k
error: Goldbach/BG_Identity.lean:893:28: Type mismatch
  hk
has type
  k ∈ Finset.map { toFun := fun k => ↑k.succ, inj' := ⋯ } (Finset.range Ucut)
but is expected to have type
  K_full k = K_full ((fun k hk => k) k hk)
error: Goldbach/BG_Identity.lean:910:68: Type mismatch: After simplification, term
  hbEq
 has type
  -1 + -↑b' = ↑a' + 1
but is expected to have type
  ↑a' + 1 = -1 + -↑b'
error: Goldbach/BG_Identity.lean:911:16: linarith failed to find a contradiction
h0 : 0 ∈ bandU
z : ℤ
h0val : K_full 0 = 1 / ↑Ucut
hpair :
  ∑ k ∈ Finset.map { toFun := fun k => ↑k.succ, inj' := ⋯ } (Finset.range Ucut), K_full k =
    ∑ k ∈ Finset.map { toFun := fun k => -↑k.succ, inj' := ⋯ } (Finset.range Ucut), K_full k
a' : ℕ
ha' : a' ∈ Finset.range Ucut
ha :
  { toFun := fun k => ↑k.succ, inj' := ⋯ } a' ∈ Finset.map { toFun := fun k => ↑k.succ, inj' := ⋯ } (Finset.range Ucut)
hb :
  { toFun := fun k => ↑k.succ, inj' := ⋯ } a' ∈ Finset.map { toFun := fun k => -↑k.succ, inj' := ⋯ } (Finset.range Ucut)
b' : ℕ
hb' : b' ∈ Finset.range Ucut
hbEq : { toFun := fun k => -↑k.succ, inj' := ⋯ } b' = { toFun := fun k => ↑k.succ, inj' := ⋯ } a'
hbPos : ↑b'.succ ≠ 0
this : ↑a'.succ = -↑b'.succ
⊢ False
failed
error: Goldbach/BG_Identity.lean:928:92: Unknown identifier `hpos`
error: Goldbach/BG_Identity.lean:930:6: 'calc' expression has type
  ∑ k ∈ bandU, K_full k = K_full 0 + 2 * ∑ k ∈ Finset.range Ucut, K_full (Int.ofNat k.succ)
but is expected to have type
  z ∈
      Finset.map { toFun := fun k => ↑k.succ, inj' := ⋯ } (Finset.range Ucut) ∪
        Finset.map { toFun := fun k => -↑k.succ, inj' := ⋯ } (Finset.range Ucut) →
    z ∈ bandU.erase 0
error: Goldbach/BG_Identity.lean:817:93: unsolved goals
h0 : 0 ∈ bandU
hpos :
  bandU.erase 0 =
    Finset.map { toFun := fun k => ↑k.succ, inj' := ⋯ } (Finset.range Ucut) ∪
      Finset.map { toFun := fun k => -↑k.succ, inj' := ⋯ } (Finset.range Ucut)
⊢ ∑ k ∈ bandU, K_full k = K_full 0 + 2 * ∑ k ∈ Finset.range Ucut, K_full (Int.ofNat k.succ)
error: Goldbach/BG_Identity.lean:933:22: maximum recursion depth has been reached
use `set_option maxRecDepth <num>` to increase limit
use `set_option diagnostics true` to get diagnostic information
warning: Goldbach/BG_Identity.lean:935:10: try 'simp' instead of 'simpa'

Note: This linter can be disabled with `set_option linter.unnecessarySimpa false`
warning: Goldbach/BG_Identity.lean:954:22: `Finset.range_succ` has been deprecated: Use `Finset.range_add_one` instead
error: Goldbach/BG_Identity.lean:952:72: unsolved goals
hsplit : ∑ k ∈ bandU, K_full k = K_full 0 + 2 * ∑ k ∈ Finset.range Ucut, K_full (Int.ofNat k.succ)
hsum1 : ∑ k ∈ Finset.range Ucut, 1 = ↑Ucut
this : ∑ i ∈ Finset.range Ucut.succ, i = Ucut.succ * (Ucut.succ - 1) / 2
⊢ H + (H + 99) / 100 + ∑ x ∈ Finset.range (H + (H + 99) / 100), x =
    ∑ x ∈ Finset.range (H + (H + 99) / 100), x + (H + (H + 99) / 100)
error: Goldbach/BG_Identity.lean:956:10: Type mismatch: After simplification, term
  Finset.sum_range_id
 has type
  ∀ (n : ℕ), ∑ i ∈ Finset.range n, i = n * (n - 1) / 2
but is expected to have type
  ∑ i ∈ Finset.range (H + (H + 99) / 100 + 1), i = (H + (H + 99) / 100 + 1) * (H + (H + 99) / 100) / 2
error: Goldbach/BG_Identity.lean:957:8: linarith failed to find a contradiction
case h1.h
hsplit : ∑ k ∈ bandU, K_full k = K_full 0 + 2 * ∑ k ∈ Finset.range Ucut, K_full (Int.ofNat k.succ)
hsum1 : ∑ k ∈ Finset.range Ucut, 1 = ↑Ucut
this : ∑ i ∈ Finset.range Ucut.succ, i = Ucut.succ * (Ucut.succ - 1) / 2
hrewrite : ∑ i ∈ Finset.range Ucut.succ, i = ∑ k ∈ Finset.range Ucut, k.succ
hs : ∑ i ∈ Finset.range Ucut.succ, i = Ucut.succ * Ucut / 2
a✝ : ∑ k ∈ Finset.range Ucut, k.succ < Ucut * (Ucut + 1) / 2
⊢ False
failed
error: Goldbach/BG_Identity.lean:959:6: maximum recursion depth has been reached
use `set_option maxRecDepth <num>` to increase limit
use `set_option diagnostics true` to get diagnostic information
error: Goldbach/BG_Identity.lean:966:16: maximum recursion depth has been reached
use `set_option maxRecDepth <num>` to increase limit
use `set_option diagnostics true` to get diagnostic information
error: Goldbach/BG_Identity.lean:978:68: unsolved goals
hsplit : ∑ k ∈ bandU, K_full k = K_full 0 + 2 * ∑ k ∈ Finset.range Ucut, K_full (Int.ofNat k.succ)
hsum1 : ∑ k ∈ Finset.range Ucut, 1 = ↑Ucut
hsumk : ∑ k ∈ Finset.range Ucut, ↑k.succ = ↑Ucut * (↑Ucut + 1) / 2
hUpos : 0 < ↑Ucut
hUpos' : ↑Ucut ≠ 0
⊢ (↑H + ↑((H + 99) / 100) - ∑ x ∈ Finset.range (H + (H + 99) / 100), (↑x + 1) / (↑H + ↑((H + 99) / 100))) /
      (↑H + ↑((H + 99) / 100)) =
    (↑H + ↑((H + 99) / 100))⁻¹ *
      (↑H + ↑((H + 99) / 100) - ∑ x ∈ Finset.range (H + (H + 99) / 100), (↑x + 1) / (↑H + ↑((H + 99) / 100)))
info: Goldbach/BG_Identity.lean:984:8: Try this:
  [apply] ring_nf
  
  The `ring` tactic failed to close the goal. Use `ring_nf` to obtain a normal form.
    
  Note that `ring` works primarily in *commutative* rings. If you have a noncommutative ring, abelian group or module, consider using `noncomm_ring`, `abel` or `module` instead.
error: Goldbach/BG_Identity.lean:981:96: unsolved goals
hsplit : ∑ k ∈ bandU, K_full k = K_full 0 + 2 * ∑ k ∈ Finset.range Ucut, K_full (Int.ofNat k.succ)
hsum1 : ∑ k ∈ Finset.range Ucut, 1 = ↑Ucut
hsumk : ∑ k ∈ Finset.range Ucut, ↑k.succ = ↑Ucut * (↑Ucut + 1) / 2
hUpos : 0 < ↑Ucut
hUpos' : ↑Ucut ≠ 0
⊢ ↑Ucut * (↑Ucut)⁻¹ - (↑Ucut)⁻¹ * ∑ x ∈ Finset.range Ucut, (↑Ucut)⁻¹ * ↑x.succ =
    ↑Ucut * (↑Ucut)⁻¹ + ↑Ucut * (↑Ucut)⁻¹ ^ 2 * (-1 / 2) + ↑Ucut ^ 2 * (↑Ucut)⁻¹ ^ 2 * (-1 / 2)
info: Goldbach/BG_Identity.lean:986:33: Try this:
  [apply] ring_nf
  
  The `ring` tactic failed to close the goal. Use `ring_nf` to obtain a normal form.
    
  Note that `ring` works primarily in *commutative* rings. If you have a noncommutative ring, abelian group or module, consider using `noncomm_ring`, `abel` or `module` instead.
error: Goldbach/BG_Identity.lean:985:34: unsolved goals
hsplit : ∑ k ∈ bandU, K_full k = K_full 0 + 2 * ∑ k ∈ Finset.range Ucut, K_full (Int.ofNat k.succ)
hsum1 : ∑ k ∈ Finset.range Ucut, 1 = ↑Ucut
hsumk : ∑ k ∈ Finset.range Ucut, ↑k.succ = ↑Ucut * (↑Ucut + 1) / 2
hUpos : 0 < ↑Ucut
⊢ -1 + ↑Ucut = -↑Ucut + ↑Ucut ^ 2
error: Goldbach/BG_Identity.lean:995:58: unsolved goals
hsplit : ∑ k ∈ bandU, K_full k = K_full 0 + 2 * ∑ k ∈ Finset.range Ucut, K_full (Int.ofNat k.succ)
hpos_eval : ∑ k ∈ Finset.range Ucut, K_full (Int.ofNat k.succ) = (↑Ucut - 1) / 2
hUpos : ↑Ucut ≠ 0
this : ∑ k ∈ bandU, K_full k = K_full 0 + 2 * ∑ k ∈ Finset.range Ucut, K_full (Int.ofNat k.succ)
⊢ K_full_raw (H + (H + 99) / 100) 0 = (↑H + ↑((H + 99) / 100))⁻¹
info: Goldbach/BG_Identity.lean:1004:6: Try this:
  [apply] ring_nf
  
  The `ring` tactic failed to close the goal. Use `ring_nf` to obtain a normal form.
    
  Note that `ring` works primarily in *commutative* rings. If you have a noncommutative ring, abelian group or module, consider using `noncomm_ring`, `abel` or `module` instead.
error: Goldbach/BG_Identity.lean:998:13: unsolved goals
hsplit : ∑ k ∈ bandU, K_full k = K_full 0 + 2 * ∑ k ∈ Finset.range Ucut, K_full (Int.ofNat k.succ)
hpos_eval : ∑ k ∈ Finset.range Ucut, K_full (Int.ofNat k.succ) = (↑Ucut - 1) / 2
hUpos hUpos' : ↑Ucut ≠ 0
hUpos'' : 0 < ↑Ucut
⊢ 1 - ↑Ucut + ↑Ucut ^ 2 = ↑Ucut
warning: Goldbach/BG_Identity.lean:821:14: This simp argument is unused:
  bandU

Hint: Omit it from the simp argument list.
  simp ̵[̵b̵a̵n̵d̵U̵]̵

Note: This linter can be disabled with `set_option linter.unusedSimpArgs false`
warning: Goldbach/BG_Identity.lean:980:14: This simp argument is unused:
  Finset.sum_mul

Hint: Omit it from the simp argument list.
  simp [F̵i̵n̵s̵e̵t̵.̵s̵u̵m̵_̵m̵u̵l̵,̵ ̵hUpos']

Note: This linter can be disabled with `set_option linter.unusedSimpArgs false`
warning: Goldbach/BG_Identity.lean:980:30: This simp argument is unused:
  hUpos'

Hint: Omit it from the simp argument list.
  simp [Finset.sum_mul,̵ ̵h̵U̵p̵o̵s̵'̵]

Note: This linter can be disabled with `set_option linter.unusedSimpArgs false`
warning: Goldbach/BG_Identity.lean:983:43: This simp argument is unused:
  Finset.sum_div

Hint: Omit it from the simp argument list.
  simp only [Finset.sum_sub_distrib, F̵i̵n̵s̵e̵t̵.̵s̵u̵m̵_̵d̵i̵v̵,̵ ̵hsum1, hsumk]

Note: This linter can be disabled with `set_option linter.unusedSimpArgs false`
warning: Goldbach/BG_Identity.lean:983:66: This simp argument is unused:
  hsumk

Hint: Omit it from the simp argument list.
  simp only [Finset.sum_sub_distrib, Finset.sum_div, hsum1,̵ ̵h̵s̵u̵m̵k̵]

Note: This linter can be disabled with `set_option linter.unusedSimpArgs false`
error: Goldbach/BG_Identity.lean:1019:27: Invalid argument name `bandU` for function `sum_bandU`
error: Goldbach/BG_Identity.lean:1042:30: unsolved goals
Kadm : BG.AdmissibleKernel Ucut
⊢ 0 ∈ BG_Bank.S_BG
warning: Goldbach/BG_Identity.lean:1059:5: unused variable `h`

Note: This linter can be disabled with `set_option linter.unusedVariables false`
error: Goldbach/BG_Identity.lean:1078:53: Type mismatch: After simplification, term
  hk
 has type
  k ∈ BG_Bank.S_BG
but is expected to have type
  -↑H ≤ k ∧ k ≤ ↑H
error: Goldbach/BG_Identity.lean:1083:6: Tactic `simp` failed with a nested error:
maximum recursion depth has been reached
use `set_option maxRecDepth <num>` to increase limit
use `set_option diagnostics true` to get diagnostic information
warning: Goldbach/BG_Identity.lean:1103:54: try 'simp' instead of 'simpa'

Note: This linter can be disabled with `set_option linter.unnecessarySimpa false`
error: Goldbach/BG_Identity.lean:1118:14: Type mismatch: After simplification, term
  Finset.mem_Icc.mpr hkIcc_pair
 has type
  -↑H ≤ k ∧ k ≤ ↑H
but is expected to have type
  k ∈ BG_Bank.S_BG
error: Goldbach/BG_Identity.lean:1120:53: Type mismatch: After simplification, term
  hk
 has type
  k ∈ BG_Bank.S_BG
but is expected to have type
  -↑H ≤ k ∧ k ≤ ↑H
warning: Goldbach/BG_Identity.lean:1123:6: try 'simp' instead of 'simpa'

Note: This linter can be disabled with `set_option linter.unnecessarySimpa false`
error: Goldbach/BG_Identity.lean:1158:55: linarith failed to find a contradiction
case h
hinner_eq : innerBand = Finset.Icc (-↑H) ↑H
z : ℤ
hz : z ∈ (Finset.Icc (-↑H) ↑H).erase 0
hzIcc : z ∈ Finset.Icc (-↑H) ↑H
hz0 : z ≠ 0
this : -↑H ≤ z ∧ z ≤ ↑H
hle : z ≤ ↑H
hneg : -↑H ≤ z
a✝ : ↑H < ↑z.natAbs
⊢ False
failed
error: Goldbach/BG_Identity.lean:1166:33: Function expected at
  Int.natAbs_eq_zero
but this term has type
  Int.natAbs ?m.243 = 0 ↔ ?m.243 = 0

Note: Expected a function because this term is being applied to the argument
  hzabs0
error: Goldbach/BG_Identity.lean:1169:17: Invalid `⟨...⟩` notation: The expected type
  z.natAbs - 1 < H ∧ z = Int.ofNat (z.natAbs - 1).succ ∨ z = -Int.ofNat (z.natAbs - 1).succ
has more than one constructor

Note: This notation can only be used when the expected type is an inductive type with a single constructor
error: Goldbach/BG_Identity.lean:1170:10: No goals to be solved
error: Goldbach/BG_Identity.lean:1148:6: unsolved goals
case h.mp.inl
hinner_eq : innerBand = Finset.Icc (-↑H) ↑H
k : ℕ
hkpos : k < H
hz : Int.ofNat k.succ ∈ (Finset.Icc (-↑H) ↑H).erase 0
hzIcc : Int.ofNat k.succ ∈ Finset.Icc (-↑H) ↑H
hz0 : Int.ofNat k.succ ≠ 0
hzAbs : (Int.ofNat k.succ).natAbs ≤ H
⊢ Int.ofNat k.succ ∈
    Finset.map { toFun := fun k => ↑k.succ, inj' := ⋯ } (Finset.range H) ∪
      Finset.map { toFun := fun k => -↑k.succ, inj' := ⋯ } (Finset.range H)

case h.mp.inr
hinner_eq : innerBand = Finset.Icc (-↑H) ↑H
z : ℤ
hz : z ∈ (Finset.Icc (-↑H) ↑H).erase 0
hzIcc : z ∈ Finset.Icc (-↑H) ↑H
hz0 : z ≠ 0
hzAbs : z.natAbs ≤ H
k : ℕ
h✝ : z = -Int.ofNat k.succ
⊢ z ∈
    Finset.map { toFun := fun k => ↑k.succ, inj' := ⋯ } (Finset.range H) ∪
      Finset.map { toFun := fun k => -↑k.succ, inj' := ⋯ } (Finset.range H)
error: Goldbach/BG_Identity.lean:1183:54: unsolved goals
hinner_eq : innerBand = Finset.Icc (-↑H) ↑H
z : ℤ
h0mem : 0 ∈ Finset.Icc (-↑H) ↑H
⊢ K_full_raw (H + (H + 99) / 100) 0 = (↑H + ↑((H + 99) / 100))⁻¹
error: Goldbach/BG_Identity.lean:1191:12: `inj` is not a field of structure `Function.Embedding`
error: Goldbach/BG_Identity.lean:1190:10: Fields missing: `inj'`

Hint: Add missing fields:
  
  ̲ ̲ ̲ ̲ ̲ ̲ ̲ ̲ ̲ ̲ ̲ ̲ ̲i̲n̲j̲'̲ ̲:̲=̲ ̲_̲
error: Goldbach/BG_Identity.lean:1197:12: `inj` is not a field of structure `Function.Embedding`
error: Goldbach/BG_Identity.lean:1196:10: Fields missing: `inj'`

Hint: Add missing fields:
  
  ̲ ̲ ̲ ̲ ̲ ̲ ̲ ̲ ̲ ̲ ̲ ̲ ̲i̲n̲j̲'̲ ̲:̲=̲ ̲_̲
error: Goldbach/BG_Identity.lean:1206:60: Type mismatch: After simplification, term
  hEq
 has type
  negEmb j = posEmb i
but is expected to have type
  ↑i + 1 = -1 + -↑j
error: Goldbach/BG_Identity.lean:1208:67: Type mismatch: After simplification, term
  this
 has type
  ↑i + 1 = -1 + -↑j
but is expected to have type
  ↑i + 1 + (↑j + 1) = 0
error: Goldbach/BG_Identity.lean:1209:62: mod_cast has type
  ?m.535
of sort `Type ?u.64028` but is expected to have type
  0 < i.succ + j.succ
of sort `Prop`
error: Goldbach/BG_Identity.lean:1209:78: Application type mismatch: The argument
  Nat.succ_pos j
has type
  0 < j.succ
of sort `Prop` but is expected to have type
  ?m.537
of sort `Type ?u.64029` in the application
  ?m.540 + ⋯
error: Goldbach/BG_Identity.lean:1210:33: Type mismatch: After simplification, term
  hpos
 has type
  0 < ↑i + 1 + (↑j + 1)
but is expected to have type
  False
error: Goldbach/BG_Identity.lean:1212:79: Unknown identifier `hband`
error: Goldbach/BG_Identity.lean:1217:85: Invalid argument name `emb` for function `Finset.sum_map`

Hint: Perhaps you meant one of the following parameter names:
  • `ι`: e̵m̵b̵ι̲
  • `κ`: e̵m̵b̵κ̲
  • `M`: e̵m̵b̵M̲
  • `e`: em̵b̵
error: Goldbach/BG_Identity.lean:1221:85: Invalid argument name `emb` for function `Finset.sum_map`

Hint: Perhaps you meant one of the following parameter names:
  • `ι`: e̵m̵b̵ι̲
  • `κ`: e̵m̵b̵κ̲
  • `M`: e̵m̵b̵M̲
  • `e`: em̵b̵
error: Goldbach/BG_Identity.lean:1225:10: maximum recursion depth has been reached
use `set_option maxRecDepth <num>` to increase limit
use `set_option diagnostics true` to get diagnostic information
warning: Goldbach/BG_Identity.lean:1229:16: try 'simp' instead of 'simpa'

Note: This linter can be disabled with `set_option linter.unnecessarySimpa false`
warning: Goldbach/BG_Identity.lean:1235:16: try 'simp' instead of 'simpa'

Note: This linter can be disabled with `set_option linter.unnecessarySimpa false`
error: Goldbach/BG_Identity.lean:1237:6: 'calc' expression has type
  ∑ k ∈ innerBand, K_full k = K_full 0 + 2 * ∑ k ∈ Finset.range H, K_full (Int.ofNat k.succ)
but is expected to have type
  z ∈
      Finset.map { toFun := fun k => ↑k.succ, inj' := ⋯ } (Finset.range H) ∪
        Finset.map { toFun := fun k => -↑k.succ, inj' := ⋯ } (Finset.range H) →
    z ∈ (Finset.Icc (-↑H) ↑H).erase 0
error: Goldbach/BG_Identity.lean:1141:137: unsolved goals
hinner_eq : innerBand = Finset.Icc (-↑H) ↑H
hband :
  (Finset.Icc (-↑H) ↑H).erase 0 =
    Finset.map { toFun := fun k => ↑k.succ, inj' := ⋯ } (Finset.range H) ∪
      Finset.map { toFun := fun k => -↑k.succ, inj' := ⋯ } (Finset.range H)
⊢ ∑ k ∈ innerBand, K_full k = K_full 0 + 2 * ∑ k ∈ Finset.range H, K_full (Int.ofNat k.succ)
warning: Goldbach/BG_Identity.lean:1246:10: try 'simp' instead of 'simpa'

Note: This linter can be disabled with `set_option linter.unnecessarySimpa false`
warning: Goldbach/BG_Identity.lean:1264:8: try 'simp' instead of 'simpa'

Note: This linter can be disabled with `set_option linter.unnecessarySimpa false`
warning: Goldbach/BG_Identity.lean:1277:34: try 'simp' instead of 'simpa'

Note: This linter can be disabled with `set_option linter.unnecessarySimpa false`
error: Goldbach/BG_Identity.lean:1279:4: maximum recursion depth has been reached
use `set_option maxRecDepth <num>` to increase limit
use `set_option diagnostics true` to get diagnostic information
error: Goldbach/BG_Identity.lean:1312:16: maximum recursion depth has been reached
use `set_option maxRecDepth <num>` to increase limit
use `set_option diagnostics true` to get diagnostic information
error: Goldbach/BG_Identity.lean:1325:74: unsolved goals
case h
hinner_eq : innerBand = Finset.Icc (-↑H) ↑H
hsplit : ∑ k ∈ innerBand, K_full k = K_full 0 + 2 * ∑ k ∈ Finset.range H, K_full (Int.ofNat k.succ)
hsum1 : ∑ k ∈ Finset.range H, 1 = ↑H
hsumk : ∑ k ∈ Finset.range H, ↑k.succ = ↑H * (↑H + 1) / 2
hUpos : ↑Ucut ≠ 0
hHU : H ≤ Ucut
hU0 : ↑Ucut ≠ 0
this : ∀ k ∈ Finset.range H, K_full (Int.ofNat k.succ) = (1 - ↑k.succ / ↑Ucut) / ↑Ucut
x : ℕ
⊢ (↑x + 1) * (↑H + ↑((H + 99) / 100))⁻¹ = (↑H + ↑((H + 99) / 100))⁻¹ * (↑x + 1)
error: Goldbach/BG_Identity.lean:1332:18: maximum recursion depth has been reached
use `set_option maxRecDepth <num>` to increase limit
use `set_option diagnostics true` to get diagnostic information
error: Goldbach/BG_Identity.lean:1336:16: Tactic `assumption` failed

hinner_eq : innerBand = Finset.Icc (-↑H) ↑H
hsplit : ∑ k ∈ innerBand, K_full k = K_full 0 + 2 * ∑ k ∈ Finset.range H, K_full (Int.ofNat k.succ)
hsum1 : ∑ k ∈ Finset.range H, 1 = ↑H
hsumk : ∑ k ∈ Finset.range H, ↑k.succ = ↑H * (↑H + 1) / 2
hUpos : ↑Ucut ≠ 0
hHU : H ≤ Ucut
hU0 : ↑Ucut ≠ 0
hrew2 : (fun k => ↑k.succ / ↑Ucut) = fun k => 1 / ↑Ucut * ↑k.succ
hsum_div_as_mul : ∑ k ∈ Finset.range H, ↑k.succ / ↑Ucut = 1 / ↑Ucut * ∑ k ∈ Finset.range H, ↑k.succ
this : ∀ k < H, K_full (↑k + 1) = (1 + -((↑k + 1) / (↑H + ↑((H + 99) / 100)))) / (↑H + ↑((H + 99) / 100))
⊢ ∑ x ∈ Finset.range H, (↑x + 1) / (↑H + ↑((H + 99) / 100)) =
      (↑H + ↑((H + 99) / 100))⁻¹ * ∑ x ∈ Finset.range H, (↑x + 1) ∨
    ↑H + ↑((H + 99) / 100) = 0
error: Goldbach/BG_Identity.lean:1337:87: unsolved goals
hinner_eq : innerBand = Finset.Icc (-↑H) ↑H
hsplit : ∑ k ∈ innerBand, K_full k = K_full 0 + 2 * ∑ k ∈ Finset.range H, K_full (Int.ofNat k.succ)
hsum1 : ∑ k ∈ Finset.range H, 1 = ↑H
hsumk : ∑ k ∈ Finset.range H, ↑k.succ = ↑H * (↑H + 1) / 2
hUpos : ↑Ucut ≠ 0
hHU : H ≤ Ucut
hU0 : ↑Ucut ≠ 0
this✝ : ∀ k ∈ Finset.range H, K_full (Int.ofNat k.succ) = (1 - ↑k.succ / ↑Ucut) / ↑Ucut
this : ∑ k ∈ Finset.range H, ↑k.succ = ↑H * (↑H + 1) / 2
⊢ ∑ x ∈ Finset.range H, (↑x + 1) = ↑H * (↑H + 1) * 2⁻¹ ∨ ↑H + ↑((H + 99) / 100) = 0
error: Goldbach/BG_Identity.lean:1353:4: maximum recursion depth has been reached
use `set_option maxRecDepth <num>` to increase limit
use `set_option diagnostics true` to get diagnostic information
error: Goldbach/BG_Identity.lean:1371:12: maximum recursion depth has been reached
use `set_option maxRecDepth <num>` to increase limit
use `set_option diagnostics true` to get diagnostic information
error: Goldbach/BG_Identity.lean:1377:12: maximum recursion depth has been reached
use `set_option maxRecDepth <num>` to increase limit
use `set_option diagnostics true` to get diagnostic information
error: Goldbach/BG_Identity.lean:1378:2: maximum recursion depth has been reached
use `set_option maxRecDepth <num>` to increase limit
use `set_option diagnostics true` to get diagnostic information
warning: Goldbach/BG_Identity.lean:1258:24: This simp argument is unused:
  add_left_comm

Hint: Omit it from the simp argument list.
  simp [Nat.succ_eq_add_one, Finset.sum_add_distrib, Finset.sum_const, Finset.card_range,
             ̵ ̵ ̵ ̵add_comm, add_l̵e̵f̵t̵_̵c̵o̵m̵m̵,̵ ̵ad̵d̵_̵a̵ssoc]

Note: This linter can be disabled with `set_option linter.unusedSimpArgs false`
warning: Goldbach/BG_Identity.lean:1258:39: This simp argument is unused:
  add_assoc

Hint: Omit it from the simp argument list.
  simp [Nat.succ_eq_add_one, Finset.sum_add_distrib, Finset.sum_const, Finset.card_range,
             ̵ ̵ ̵ ̵add_comm, add_left_comm,̵ ̵a̵d̵d̵_̵a̵s̵s̵o̵c̵]

Note: This linter can be disabled with `set_option linter.unusedSimpArgs false`
warning: Goldbach/BG_Identity.lean:1311:64: This simp argument is unused:
  mul_left_comm

Hint: Omit it from the simp argument list.
  simp [div_eq_mul_inv, mul_comm, mul_l̵e̵f̵t̵_̵c̵o̵m̵m̵,̵ ̵m̵u̵l̵_̵assoc]

Note: This linter can be disabled with `set_option linter.unusedSimpArgs false`
warning: Goldbach/BG_Identity.lean:1311:79: This simp argument is unused:
  mul_assoc

Hint: Omit it from the simp argument list.
  simp [div_eq_mul_inv, mul_comm, mul_left_comm,̵ ̵m̵u̵l̵_̵a̵s̵s̵o̵c̵]

Note: This linter can be disabled with `set_option linter.unusedSimpArgs false`
warning: Goldbach/BG_Identity.lean:1341:22: This simp argument is unused:
  this

Hint: Omit it from the simp argument list.
  simp [t̵h̵i̵s̵,̵ ̵div_eq_mul_inv]

Note: This linter can be disabled with `set_option linter.unusedSimpArgs false`
warning: Goldbach/BG_Identity.lean:1380:6: declaration uses 'sorry'
error: Goldbach/BG_Identity.lean:1426:21: maximum recursion depth has been reached
use `set_option maxRecDepth <num>` to increase limit
use `set_option diagnostics true` to get diagnostic information
warning: Goldbach/BG_Identity.lean:1454:28: unused variable `X`

Note: This linter can be disabled with `set_option linter.unusedVariables false`
warning: Goldbach/BG_Identity.lean:1454:30: unused variable `N`

Note: This linter can be disabled with `set_option linter.unusedVariables false`
warning: Goldbach/BG_Identity.lean:1455:28: unused variable `X`

Note: This linter can be disabled with `set_option linter.unusedVariables false`
warning: Goldbach/BG_Identity.lean:1455:30: unused variable `N`

Note: This linter can be disabled with `set_option linter.unusedVariables false`
error: Goldbach/BG_Identity.lean:1481:21: maximum recursion depth has been reached
use `set_option maxRecDepth <num>` to increase limit
use `set_option diagnostics true` to get diagnostic information
error: Goldbach/BG_Identity.lean:1580:0: Unexpected name `BG_Identity` after `end`: The current section is unnamed

Hint: Delete the name `BG_Identity` to end the current unnamed scope; outer named scopes can then be closed using additional `end` command(s):
  end ̵B̵G̵_̵I̵d̵e̵n̵t̵i̵t̵y̵
error: Goldbach/BG_Identity.lean:1581:0: Unexpected name `Goldbach` after `end`: The current section is unnamed

Hint: Delete the name `Goldbach` to end the current unnamed scope; outer named scopes can then be closed using additional `end` command(s):
  end ̵G̵o̵l̵d̵b̵a̵c̵h̵
error: Lean exited with code 1
Some required targets logged failures:
- Goldbach.BG_Identity
error: build failed
⚠ [7587/7613] Replayed Goldbach.Compat
warning: Goldbach/Compat.lean:18:2: try 'simp' instead of 'simpa'

Note: This linter can be disabled with `set_option linter.unnecessarySimpa false`
warning: Goldbach/Compat.lean:24:40: unused variable `hb`

Note: This linter can be disabled with `set_option linter.unusedVariables false`
warning: Goldbach/Compat.lean:50:4: try 'simp' instead of 'simpa'

Note: This linter can be disabled with `set_option linter.unnecessarySimpa false`
⚠ [7590/7613] Replayed Goldbach.Windows
warning: Goldbach/Windows.lean:63:4: try 'simp' instead of 'simpa'

Note: This linter can be disabled with `set_option linter.unnecessarySimpa false`
warning: Goldbach/Windows.lean:68:2: try 'simp' instead of 'simpa'

Note: This linter can be disabled with `set_option linter.unnecessarySimpa false`
warning: Goldbach/Windows.lean:68:38: this tactic is never executed

Note: This linter can be disabled with `set_option linter.unreachableTactic false`
warning: Goldbach/Windows.lean:68:38: 'simpa using hmap' tactic does nothing

Note: This linter can be disabled with `set_option linter.unusedTactic false`
⚠ [7595/7613] Replayed Goldbach.AO_AssembleEnvelope
warning: Goldbach/AO_AssembleEnvelope.lean:67:20: try 'simp' instead of 'simpa'

Note: This linter can be disabled with `set_option linter.unnecessarySimpa false`
⚠ [7597/7613] Replayed Goldbach.AO_Major
warning: Goldbach/AO_Major.lean:21:13: unused variable `hX`

Note: This linter can be disabled with `set_option linter.unusedVariables false`
warning: Goldbach/AO_Major.lean:21:35: unused variable `hN`

Note: This linter can be disabled with `set_option linter.unusedVariables false`
warning: Goldbach/AO_Major.lean:25:24: This simp argument is unused:
  add_assoc

Hint: Omit it from the simp argument list.
  simp [Goldbach.AO_Major.errAO, Goldbach.AO_Major.weight_mass, Goldbach.AO_Core.errAO,
       ̵ ̵ ̵ ̵sub_eq_add_neg, add_a̵s̵s̵o̵c̵,̵ ̵a̵d̵d̵_̵left_comm, add_comm, mul_assoc]

Note: This linter can be disabled with `set_option linter.unusedSimpArgs false`
warning: Goldbach/AO_Major.lean:25:60: This simp argument is unused:
  mul_assoc

Hint: Omit it from the simp argument list.
  simp [Goldbach.AO_Major.errAO, Goldbach.AO_Major.weight_mass, Goldbach.AO_Core.errAO,
       ̵ ̵ ̵ ̵sub_eq_add_neg, add_assoc, add_left_comm, add_comm,̵ ̵m̵u̵l̵_̵a̵s̵s̵o̵c̵]

Note: This linter can be disabled with `set_option linter.unusedSimpArgs false`
warning: Goldbach/AO_Major.lean:46:5: unused variable `h`

Note: This linter can be disabled with `set_option linter.unusedVariables false`
warning: Goldbach/AO_Major.lean:58:24: This simp argument is unused:
  dif_pos

Hint: Omit it from the simp argument list.
  simp only [MPDF, win, d̵i̵f̵_̵p̵o̵s̵,̵ ̵mul_div_assoc']

Note: This linter can be disabled with `set_option linter.unusedSimpArgs false`
warning: Goldbach/AO_Major.lean:58:33: This simp argument is unused:
  mul_div_assoc'

Hint: Omit it from the simp argument list.
  simp only [MPDF, win, dif_pos,̵ ̵m̵u̵l̵_̵d̵i̵v̵_̵a̵s̵s̵o̵c̵'̵]

Note: This linter can be disabled with `set_option linter.unusedSimpArgs false`
warning: Goldbach/AO_Major.lean:81:69: try 'simp' instead of 'simpa'

Note: This linter can be disabled with `set_option linter.unnecessarySimpa false`
warning: Goldbach/AO_Major.lean:82:68: try 'simp' instead of 'simpa'

Note: This linter can be disabled with `set_option linter.unnecessarySimpa false`
warning: Goldbach/AO_Major.lean:83:68: try 'simp' instead of 'simpa'

Note: This linter can be disabled with `set_option linter.unnecessarySimpa false`
warning: Goldbach/AO_Major.lean:85:90: This simp argument is unused:
  add_assoc

Hint: Omit it from the simp argument list.
  simp [sub_eq_add_neg,̵ ̵a̵d̵d̵_̵a̵s̵s̵o̵c̵]

Note: This linter can be disabled with `set_option linter.unusedSimpArgs false`
warning: Goldbach/AO_Major.lean:101:24: This simp argument is unused:
  dif_pos

Hint: Omit it from the simp argument list.
  simp only [MPDF, win,̵ ̵d̵i̵f̵_̵p̵o̵s̵]

Note: This linter can be disabled with `set_option linter.unusedSimpArgs false`
⚠ [7599/7613] Replayed Goldbach.BG_Bank
warning: Goldbach/BG_Bank.lean:13:25: unused variable `n`

Note: This linter can be disabled with `set_option linter.unusedVariables false`
warning: Goldbach/BG_Bank.lean:75:4: try 'simp' instead of 'simpa'

Note: This linter can be disabled with `set_option linter.unnecessarySimpa false`
warning: Goldbach/BG_Bank.lean:75:25: this tactic is never executed

Note: This linter can be disabled with `set_option linter.unreachableTactic false`
warning: Goldbach/BG_Bank.lean:75:25: 'decide' tactic does nothing

Note: This linter can be disabled with `set_option linter.unusedTactic false`
warning: Goldbach/BG_Bank.lean:288:14: try 'simp' instead of 'simpa'

Note: This linter can be disabled with `set_option linter.unnecessarySimpa false`
warning: Goldbach/BG_Bank.lean:188:42: This simp argument is unused:
  Nat.cast_sub hn_le

Hint: Omit it from the simp argument list.
  simp only [Nat.cast_succ,̵ ̵N̵a̵t̵.̵c̵a̵s̵t̵_̵s̵u̵b̵ ̵h̵n̵_̵l̵e̵]

Note: This linter can be disabled with `set_option linter.unusedSimpArgs false`
warning: Goldbach/BG_Bank.lean:194:24: This simp argument is unused:
  abs_of_nonneg hlog_Nm_nn

Hint: Omit it from the simp argument list.
  simp [hp,̵ ̵a̵b̵s̵_̵o̵f̵_̵n̵o̵n̵n̵e̵g̵ ̵h̵l̵o̵g̵_̵N̵m̵_̵n̵n̵]

Note: This linter can be disabled with `set_option linter.unusedSimpArgs false`
warning: Goldbach/BG_Bank.lean:202:24: This simp argument is unused:
  abs_of_nonneg hlog_Np1_nn

Hint: Omit it from the simp argument list.
  simp [hp,̵ ̵a̵b̵s̵_̵o̵f̵_̵n̵o̵n̵n̵e̵g̵ ̵h̵l̵o̵g̵_̵N̵p̵1̵_̵n̵n̵]

Note: This linter can be disabled with `set_option linter.unusedSimpArgs false`
warning: Goldbach/BG_Bank.lean:218:46: This simp argument is unused:
  mul_comm

Hint: Omit it from the simp argument list.
  simp [abs_mul, mul_assoc, m̵u̵l̵_̵c̵o̵m̵m̵,̵ ̵mul_left_comm]

Note: This linter can be disabled with `set_option linter.unusedSimpArgs false`
warning: Goldbach/BG_Bank.lean:326:20: This simp argument is unused:
  hlogXabs

Hint: Omit it from the simp argument list.
  simp [h̵l̵o̵g̵X̵a̵b̵s̵,̵ ̵mul_comm, mul_left_comm, mul_assoc]

Note: This linter can be disabled with `set_option linter.unusedSimpArgs false`
warning: Goldbach/BG_Bank.lean:326:30: This simp argument is unused:
  mul_comm

Hint: Omit it from the simp argument list.
  simp [hlogXabs, m̵u̵l̵_̵c̵o̵m̵m̵,̵ ̵mul_left_comm, mul_assoc]

Note: This linter can be disabled with `set_option linter.unusedSimpArgs false`
warning: Goldbach/BG_Bank.lean:403:14: try 'simp' instead of 'simpa'

Note: This linter can be disabled with `set_option linter.unnecessarySimpa false`
warning: Goldbach/BG_Bank.lean:405:14: try 'simp' instead of 'simpa'

Note: This linter can be disabled with `set_option linter.unnecessarySimpa false`
warning: Goldbach/BG_Bank.lean:407:40: This simp argument is unused:
  add_comm

Hint: Omit it from the simp argument list.
  simp [div_self, hlogX_ne, add_c̵o̵m̵m̵,̵ ̵a̵d̵d̵_̵left_comm, add_assoc]

Note: This linter can be disabled with `set_option linter.unusedSimpArgs false`
warning: Goldbach/BG_Bank.lean:407:50: This simp argument is unused:
  add_left_comm

Hint: Omit it from the simp argument list.
  simp [div_self, hlogX_ne, add_comm, a̵d̵d̵_̵l̵e̵f̵t̵_̵c̵o̵m̵m̵,̵ ̵add_assoc]

Note: This linter can be disabled with `set_option linter.unusedSimpArgs false`
warning: Goldbach/BG_Bank.lean:407:65: This simp argument is unused:
  add_assoc

Hint: Omit it from the simp argument list.
  simp [div_self, hlogX_ne, add_comm, add_left_comm,̵ ̵a̵d̵d̵_̵a̵s̵s̵o̵c̵]

Note: This linter can be disabled with `set_option linter.unusedSimpArgs false`
warning: Goldbach/BG_Bank.lean:547:63: try 'simp' instead of 'simpa'

Note: This linter can be disabled with `set_option linter.unnecessarySimpa false`
warning: Goldbach/BG_Bank.lean:550:47: This simp argument is unused:
  add_comm

Hint: Omit it from the simp argument list.
  simp [add_div, div_self, hlogX_ne, add_c̵o̵m̵m̵,̵ ̵a̵d̵d̵_̵left_comm, add_assoc]

Note: This linter can be disabled with `set_option linter.unusedSimpArgs false`
warning: Goldbach/BG_Bank.lean:550:57: This simp argument is unused:
  add_left_comm

Hint: Omit it from the simp argument list.
  simp [add_div, div_self, hlogX_ne, add_comm, a̵d̵d̵_̵l̵e̵f̵t̵_̵c̵o̵m̵m̵,̵ ̵add_assoc]

Note: This linter can be disabled with `set_option linter.unusedSimpArgs false`
warning: Goldbach/BG_Bank.lean:550:72: This simp argument is unused:
  add_assoc

Hint: Omit it from the simp argument list.
  simp [add_div, div_self, hlogX_ne, add_comm, add_left_comm,̵ ̵a̵d̵d̵_̵a̵s̵s̵o̵c̵]

Note: This linter can be disabled with `set_option linter.unusedSimpArgs false`
warning: Goldbach/BG_Bank.lean:559:56: This simp argument is unused:
  add_left_comm

Hint: Omit it from the simp argument list.
  simp [c, Nat.cast_add, Nat.cast_one, add_assoc, a̵d̵d̵_̵l̵e̵f̵t̵_̵c̵o̵m̵m̵,̵ ̵add_comm, add_div, div_self hX0_ne]

Note: This linter can be disabled with `set_option linter.unusedSimpArgs false`
⚠ [7600/7613] Replayed Goldbach.BG_Operator
warning: Goldbach/BG_Operator.lean:31:2: try 'simp' instead of 'simpa'

Note: This linter can be disabled with `set_option linter.unnecessarySimpa false`
warning: Goldbach/BG_Operator.lean:98:2: try 'simp' instead of 'simpa'

Note: This linter can be disabled with `set_option linter.unnecessarySimpa false`
⚠ [7602/7613] Replayed Goldbach.SingularSeries
warning: Goldbach/SingularSeries.lean:40:5: unused variable `h`

Note: This linter can be disabled with `set_option linter.unusedVariables false`
warning: Goldbach/SingularSeries.lean:88:8: `Finset.eq_empty_iff_forall_not_mem` has been deprecated: Use `Finset.eq_empty_iff_forall_notMem` instead
warning: Goldbach/SingularSeries.lean:98:4: try 'simp' instead of 'simpa'

Note: This linter can be disabled with `set_option linter.unnecessarySimpa false`
warning: Goldbach/SingularSeries.lean:99:28: this tactic is never executed

Note: This linter can be disabled with `set_option linter.unreachableTactic false`
warning: Goldbach/SingularSeries.lean:99:57: this tactic is never executed

Note: This linter can be disabled with `set_option linter.unreachableTactic false`
warning: Goldbach/SingularSeries.lean:99:28: 'decide' tactic does nothing

Note: This linter can be disabled with `set_option linter.unusedTactic false`
warning: Goldbach/SingularSeries.lean:99:57: 'decide' tactic does nothing

Note: This linter can be disabled with `set_option linter.unusedTactic false`
⚠ [7604/7613] Replayed Goldbach.PPNumerics
warning: Goldbach/PPNumerics.lean:24:42: try 'simp' instead of 'simpa'

Note: This linter can be disabled with `set_option linter.unnecessarySimpa false`
warning: Goldbach/PPNumerics.lean:27:6: try 'simp' instead of 'simpa'

Note: This linter can be disabled with `set_option linter.unnecessarySimpa false`
⚠ [7605/7613] Replayed Goldbach.PPBoundSquares
warning: Goldbach/PPBoundSquares.lean:41:8: try 'simp' instead of 'simpa'

Note: This linter can be disabled with `set_option linter.unnecessarySimpa false`
warning: Goldbach/PPBoundSquares.lean:228:10: try 'simp' instead of 'simpa'

Note: This linter can be disabled with `set_option linter.unnecessarySimpa false`
⚠ [7607/7613] Replayed Goldbach.AnalyticGlobal
warning: Goldbach/AnalyticGlobal.lean:65:28: This simp argument is unused:
  one_div

Hint: Omit it from the simp argument list.
  simp [div_eq_mul_inv, o̵n̵e̵_̵d̵i̵v̵,̵ ̵mul_comm]

Note: This linter can be disabled with `set_option linter.unusedSimpArgs false`
warning: Goldbach/AnalyticGlobal.lean:68:30: This simp argument is unused:
  one_div

Hint: Omit it from the simp argument list.
  simp [div_eq_mul_inv, o̵n̵e̵_̵d̵i̵v̵,̵ ̵mul_comm]

Note: This linter can be disabled with `set_option linter.unusedSimpArgs false`
warning: Goldbach/AnalyticGlobal.lean:70:39: This simp argument is unused:
  mul_left_comm

Hint: Omit it from the simp argument list.
  simp [one_div, S_ne, mul_comm, mul_l̵e̵f̵t̵_̵c̵o̵m̵m̵,̵ ̵m̵u̵l̵_̵assoc]

Note: This linter can be disabled with `set_option linter.unusedSimpArgs false`
warning: Goldbach/AnalyticGlobal.lean:70:54: This simp argument is unused:
  mul_assoc

Hint: Omit it from the simp argument list.
  simp [one_div, S_ne, mul_comm, mul_left_comm,̵ ̵m̵u̵l̵_̵a̵s̵s̵o̵c̵]

Note: This linter can be disabled with `set_option linter.unusedSimpArgs false`
⚠ [7608/7613] Replayed Goldbach.BankPieces
warning: Goldbach/BankPieces.lean:15:63: `class ... :=` has been deprecated in favor of `class ... where`.

Note: This linter can be disabled with `set_option linter.deprecated false`
⚠ [7610/7613] Replayed Goldbach.Analytic.MajorBoundFromSigma
warning: Goldbach/Analytic/MajorBoundFromSigma.lean:21:75: `structure ... :=` has been deprecated in favor of `structure ... where`.

Note: This linter can be disabled with `set_option linter.deprecated false`
⚠ [7611/7613] Replayed Goldbach.Analytic.NumericSigma
warning: Goldbach/Analytic/NumericSigma.lean:23:32: unused variable `hX`

Note: This linter can be disabled with `set_option linter.unusedVariables false`
✖ [7613/7613] Building Goldbach.BG_Identity (33s)
trace: .> LEAN_PATH=/Users/benjaminnelson/Desktop/nerd shit/goldbach/builds/Goldbach/.lake/packages/Cli/.lake/build/lib/lean:/Users/benjaminnelson/Desktop/nerd shit/goldbach/builds/Goldbach/.lake/packages/batteries/.lake/build/lib/lean:/Users/benjaminnelson/Desktop/nerd shit/goldbach/builds/Goldbach/.lake/packages/Qq/.lake/build/lib/lean:/Users/benjaminnelson/Desktop/nerd shit/goldbach/builds/Goldbach/.lake/packages/aesop/.lake/build/lib/lean:/Users/benjaminnelson/Desktop/nerd shit/goldbach/builds/Goldbach/.lake/packages/proofwidgets/.lake/build/lib/lean:/Users/benjaminnelson/Desktop/nerd shit/goldbach/builds/Goldbach/.lake/packages/importGraph/.lake/build/lib/lean:/Users/benjaminnelson/Desktop/nerd shit/goldbach/builds/Goldbach/.lake/packages/LeanSearchClient/.lake/build/lib/lean:/Users/benjaminnelson/Desktop/nerd shit/goldbach/builds/Goldbach/.lake/packages/plausible/.lake/build/lib/lean:/Users/benjaminnelson/Desktop/nerd shit/goldbach/builds/Goldbach/.lake/packages/mathlib/.lake/build/lib/lean:/Users/benjaminnelson/Desktop/nerd shit/goldbach/builds/Goldbach/.lake/build/lib/lean /Users/benjaminnelson/.elan/toolchains/leanprover--lean4---v4.26.0-rc2/bin/lean /Users/benjaminnelson/Desktop/nerd shit/goldbach/builds/Goldbach/Goldbach/BG_Identity.lean -o /Users/benjaminnelson/Desktop/nerd shit/goldbach/builds/Goldbach/.lake/build/lib/lean/Goldbach/BG_Identity.olean -i /Users/benjaminnelson/Desktop/nerd shit/goldbach/builds/Goldbach/.lake/build/lib/lean/Goldbach/BG_Identity.ilean -c /Users/benjaminnelson/Desktop/nerd shit/goldbach/builds/Goldbach/.lake/build/ir/Goldbach/BG_Identity.c --setup /Users/benjaminnelson/Desktop/nerd shit/goldbach/builds/Goldbach/.lake/build/ir/Goldbach/BG_Identity.setup.json --json
warning: Goldbach/BG_Identity.lean:149:48: This simp argument is unused:
  add_comm

Hint: Omit it from the simp argument list.
  simp [Finset.sum_insert, hk, ih, mul_add, a̵d̵d̵_̵c̵o̵m̵m̵,̵ ̵add_left_comm, add_assoc, mul_comm, mul_left_comm,
  ̲  ̲ ̲ ̲ ̲ ̲ ̲ ̲mul_assoc]

Note: This linter can be disabled with `set_option linter.unusedSimpArgs false`
warning: Goldbach/BG_Identity.lean:149:58: This simp argument is unused:
  add_left_comm

Hint: Omit it from the simp argument list.
  simp [Finset.sum_insert, hk, ih, mul_add, add_comm, a̵d̵d̵_̵l̵e̵f̵t̵_̵c̵o̵m̵m̵,̵add_assoc, mul_comm, mul_left_comm,
  ̲  ̲ ̲ ̲ ̲ ̲ ̲ ̲mul_assoc]

Note: This linter can be disabled with `set_option linter.unusedSimpArgs false`
warning: Goldbach/BG_Identity.lean:150:12: This simp argument is unused:
  add_assoc

Hint: Omit it from the simp argument list.
  simp [Finset.sum_insert, hk, ih, mul_add, add_comm, add_left_comm, a̵d̵d̵_̵a̵s̵s̵o̵c̵,̵ ̵mul_comm, mul_left_comm,
  ̲  ̲ ̲ ̲ ̲ ̲ ̲ ̲mul_assoc]

Note: This linter can be disabled with `set_option linter.unusedSimpArgs false`
warning: Goldbach/BG_Identity.lean:150:23: This simp argument is unused:
  mul_comm

Hint: Omit it from the simp argument list.
  simp [Finset.sum_insert, hk, ih, mul_add, add_comm, add_left_comm, add_assoc, m̵u̵l̵_̵c̵o̵m̵m̵,̵ ̵mul_left_comm,
  ̲  ̲ ̲ ̲ ̲ ̲ ̲ ̲mul_assoc]

Note: This linter can be disabled with `set_option linter.unusedSimpArgs false`
warning: Goldbach/BG_Identity.lean:150:33: This simp argument is unused:
  mul_left_comm

Hint: Omit it from the simp argument list.
  simp [Finset.sum_insert, hk, ih, mul_add, add_comm, add_left_comm, add_assoc, mul_comm,
  ̲  ̲ ̲ ̲ ̲ ̲ ̲ ̲m̵u̵l̵_̵l̵e̵f̵t̵_̵c̵o̵m̵m̵,̵ ̵mul_assoc]

Note: This linter can be disabled with `set_option linter.unusedSimpArgs false`
warning: Goldbach/BG_Identity.lean:150:48: This simp argument is unused:
  mul_assoc

Hint: Omit it from the simp argument list.
  simp [Finset.sum_insert, hk, ih, mul_add, add_comm, add_left_comm, add_assoc, mul_comm,
  ̲  ̲ ̲ ̲ ̲ ̲ ̲ ̲m̵u̵l̵_̵l̵e̵f̵t̵_̵c̵o̵m̵m̵,̵ ̵m̵u̵l̵_̵a̵s̵s̵o̵c̵]̵m̲u̲l̲_̲l̲e̲f̲t̲_̲c̲o̲m̲m̲]̲

Note: This linter can be disabled with `set_option linter.unusedSimpArgs false`
error: Goldbach/BG_Identity.lean:203:6: Tactic `subst` failed: invalid equality proof, it is not of the form (x = t) or (t = x)
  Ucut = 0

case pos
m : ℕ
hm : m ≤ Ucut
hU : Ucut = 0
⊢ 0 ≤ 1 - ↑m / ↑Ucut
error: Goldbach/BG_Identity.lean:197:76: unsolved goals
m : ℕ
hm : m ≤ Ucut
hnonneg : 0 ≤ 1 - ↑m / ↑Ucut
hmax : max (1 - ↑m / ↑Ucut) 0 = 1 - ↑m / ↑Ucut
⊢ max (1 - ↑m / (↑H + ↑((H + 99) / 100))) 0 / (↑H + ↑((H + 99) / 100)) =
    (1 - ↑m / (↑H + ↑((H + 99) / 100))) / (↑H + ↑((H + 99) / 100))
warning: Goldbach/BG_Identity.lean:216:8: This simp argument is unused:
  hmax

Hint: Omit it from the simp argument list.
  simp ̵[̵h̵m̵a̵x̵]̵

Note: This linter can be disabled with `set_option linter.unusedSimpArgs false`
warning: Goldbach/BG_Identity.lean:242:10: This simp argument is unused:
  Finset.sum_insert

Hint: Omit it from the simp argument list.
  simp [̵F̵i̵n̵s̵e̵t̵.̵s̵u̵m̵_̵i̵n̵s̵e̵r̵t̵,̵ ̵h̵a̵,̵[̲h̲a̲,̲ ih, mul_add, add_comm, add_left_comm, add_assoc, mul_comm, mul_left_comm, mul_assoc]

Note: This linter can be disabled with `set_option linter.unusedSimpArgs false`
warning: Goldbach/BG_Identity.lean:242:33: This simp argument is unused:
  ih

Hint: Omit it from the simp argument list.
  simp [Finset.sum_insert, ha, i̵h̵,̵ ̵mul_add, add_comm, add_left_comm,
  ̵  ̵ ̵ ̵ ̵ ̵ ̵ ̵ ̵ ̵add_assoc, mul_comm,
  ̲  ̲ ̲ ̲ ̲ ̲mul_left_comm, mul_assoc]

Note: This linter can be disabled with `set_option linter.unusedSimpArgs false`
warning: Goldbach/BG_Identity.lean:242:56: This simp argument is unused:
  add_left_comm

Hint: Omit it from the simp argument list.
  simp [Finset.sum_insert, ha, ih, mul_add, add_comm, a̵d̵d̵_̵l̵e̵f̵t̵_̵c̵o̵m̵m̵,̵add_assoc, mul_comm, mul_left_comm,
  ̲  ̲ ̲ ̲ ̲ ̲mul_assoc]

Note: This linter can be disabled with `set_option linter.unusedSimpArgs false`
warning: Goldbach/BG_Identity.lean:243:10: This simp argument is unused:
  add_assoc

Hint: Omit it from the simp argument list.
  simp [Finset.sum_insert, ha, ih, mul_add, add_comm, add_left_comm, a̵d̵d̵_̵a̵s̵s̵o̵c̵,̵ ̵mul_comm, mul_left_comm,
  ̲  ̲ ̲ ̲ ̲ ̲mul_assoc]

Note: This linter can be disabled with `set_option linter.unusedSimpArgs false`
warning: Goldbach/BG_Identity.lean:243:31: This simp argument is unused:
  mul_left_comm

Hint: Omit it from the simp argument list.
  simp [Finset.sum_insert, ha, ih, mul_add, add_comm, add_left_comm, add_assoc, mul_comm,
  ̲  ̲ ̲ ̲ ̲ ̲m̵u̵l̵_̵l̵e̵f̵t̵_̵c̵o̵m̵m̵,̵ ̵mul_assoc]

Note: This linter can be disabled with `set_option linter.unusedSimpArgs false`
warning: Goldbach/BG_Identity.lean:243:46: This simp argument is unused:
  mul_assoc

Hint: Omit it from the simp argument list.
  simp [Finset.sum_insert, ha, ih, mul_add, add_comm, add_left_comm, add_assoc, mul_comm,
  ̲  ̲ ̲ ̲ ̲ ̲m̵u̵l̵_̵l̵e̵f̵t̵_̵c̵o̵m̵m̵,̵ ̵m̵u̵l̵_̵a̵s̵s̵o̵c̵]̵m̲u̲l̲_̲l̲e̲f̲t̲_̲c̲o̲m̲m̲]̲

Note: This linter can be disabled with `set_option linter.unusedSimpArgs false`
warning: Goldbach/BG_Identity.lean:339:6: declaration uses 'sorry'
warning: Goldbach/BG_Identity.lean:368:23: This simp argument is unused:
  Int.ofNat_sub hHN

Hint: Omit it from the simp argument list.
  simp only [̵I̵n̵t̵.̵o̵f̵N̵a̵t̵_̵s̵u̵b̵ ̵h̵H̵N̵]̵ ̵at hZint

Note: This linter can be disabled with `set_option linter.unusedSimpArgs false`
warning: Goldbach/BG_Identity.lean:433:4: try 'simp' instead of 'simpa'

Note: This linter can be disabled with `set_option linter.unnecessarySimpa false`
warning: Goldbach/BG_Identity.lean:456:25: try 'simp' instead of 'simpa'

Note: This linter can be disabled with `set_option linter.unnecessarySimpa false`
warning: Goldbach/BG_Identity.lean:499:6: declaration uses 'sorry'
warning: Goldbach/BG_Identity.lean:536:15: unused variable `hX`

Note: This linter can be disabled with `set_option linter.unusedVariables false`
warning: Goldbach/BG_Identity.lean:537:5: unused variable `hN`

Note: This linter can be disabled with `set_option linter.unusedVariables false`
warning: Goldbach/BG_Identity.lean:569:5: unused variable `hk`

Note: This linter can be disabled with `set_option linter.unusedVariables false`
warning: Goldbach/BG_Identity.lean:594:28: This simp argument is unused:
  hUpos.ne'

Hint: Omit it from the simp argument list.
  s̵i̵m̵p̵ ̵[̵K̵_̵f̵u̵l̵l̵,̵ ̵K̵_̵f̵u̵l̵l̵_̵r̵a̵w̵,̵ ̵h̵U̵p̵o̵s̵.̵n̵e̵'̵]̵ ̵a̵t̵ ̵*̵s̲i̲m̲p̲ ̲[̲K̲_̲f̲u̲l̲l̲,̲
  ̲ ̲ ̲ ̲ ̲K̲_̲f̲u̲l̲l̲_̲r̲a̲w̲]̲ ̲a̲t̲ ̲*̲
  ̲ ̲ ̲ ̲ ̲ ̲ ̲-̲-̲ ̲a̲f̲t̲e̲r̲ ̲s̲i̲m̲p̲,̲ ̲g̲o̲a̲l̲ ̲b̲e̲c̲o̲m̲e̲s̲ ̲`̲0̲ ̲<̲ ̲1̲ ̲/̲ ̲(̲U̲c̲u̲t̲:̲ℝ̲)̲`̲
  ̲ ̲ ̲ ̲ ̲ ̲ ̲

Note: This linter can be disabled with `set_option linter.unusedSimpArgs false`
warning: Goldbach/BG_Identity.lean:619:5: unused variable `h`

Note: This linter can be disabled with `set_option linter.unusedVariables false`
warning: Goldbach/BG_Identity.lean:626:5: unused variable `h`

Note: This linter can be disabled with `set_option linter.unusedVariables false`
warning: Goldbach/BG_Identity.lean:642:25: unused variable `X`

Note: This linter can be disabled with `set_option linter.unusedVariables false`
warning: Goldbach/BG_Identity.lean:642:27: unused variable `N`

Note: This linter can be disabled with `set_option linter.unusedVariables false`
warning: Goldbach/BG_Identity.lean:666:5: unused variable `h`

Note: This linter can be disabled with `set_option linter.unusedVariables false`
error: Goldbach/BG_Identity.lean:680:10: Unknown identifier `Kernel.conv_ref_const_eq_sigma_mass_of`
warning: Goldbach/BG_Identity.lean:695:8: try 'simp' instead of 'simpa'

Note: This linter can be disabled with `set_option linter.unnecessarySimpa false`
warning: Goldbach/BG_Identity.lean:723:34: unused variable `hk`

Note: This linter can be disabled with `set_option linter.unusedVariables false`
warning: Goldbach/BG_Identity.lean:727:35: unused variable `hk`

Note: This linter can be disabled with `set_option linter.unusedVariables false`
error: Goldbach/BG_Identity.lean:784:20: failed to synthesize
  HMul (ℕ → ℝ) ℝ ?m.11

Hint: Additional diagnostic information may be available using the `set_option diagnostics true` command.
error: Goldbach/BG_Identity.lean:792:20: typeclass instance problem is stuck
  HMul (ℕ → ℝ) ?m.14 ℝ

Note: Lean will not try to resolve this typeclass instance problem because the second type argument to `HMul` is a metavariable. This argument must be fully determined before Lean will try to resolve the typeclass.

Hint: Adding type annotations and supplying implicit arguments to functions can give Lean more information for typeclass resolution. For example, if you have a variable `x` that you intend to be a `Nat`, but Lean reports it as having an unresolved type like `?m`, replacing `x` with `(x : Nat)` can get typeclass resolution un-stuck.
error: Goldbach/BG_Identity.lean:802:60: unsolved goals
⊢ False
error: Goldbach/BG_Identity.lean:820:58: unsolved goals
⊢ -((↑H + 99) / 100) ≤ ↑H ∧ 0 ≤ ↑H + (↑H + 99) / 100
error: Goldbach/BG_Identity.lean:842:26: Unknown constant `Int.natAbs_eq_ofNat_abs`
error: Goldbach/BG_Identity.lean:848:12: linarith failed to find a contradiction
case h
h0 : 0 ∈ bandU
z : ℤ
hz : z ∈ bandU.erase 0
hzIcc : z ∈ Finset.Icc (-↑Ucut) ↑Ucut
hz0 : z ≠ 0
this : -↑Ucut ≤ z ∧ z ≤ ↑Ucut
hle : z ≤ ↑Ucut
hneg : -↑Ucut ≤ z
hz' : ↑z.natAbs = max (-z) z
a✝ : ↑Ucut < ↑z.natAbs
⊢ False
failed
error: Goldbach/BG_Identity.lean:856:59: mod_cast has type
  ?m.225 = ?m.225
but is expected to have type
  z.natAbs = 0
error: Goldbach/BG_Identity.lean:860:12: Type mismatch
  hzabs0
has type
  z.natAbs = 0
but is expected to have type
  z.natAbs ≠ 0
error: Goldbach/BG_Identity.lean:862:17: Invalid `⟨...⟩` notation: The expected type
  z.natAbs - 1 < Ucut ∧ z = Int.ofNat (z.natAbs - 1).succ ∨ z = -Int.ofNat (z.natAbs - 1).succ
has more than one constructor

Note: This notation can only be used when the expected type is an inductive type with a single constructor
error: Goldbach/BG_Identity.lean:863:10: No goals to be solved
error: Goldbach/BG_Identity.lean:876:69: Application type mismatch: The argument
  hkpos
has type
  k < Ucut
but is expected to have type
  k ∈ Finset.range Ucut
in the application
  And.intro hkpos
error: Goldbach/BG_Identity.lean:831:6: unsolved goals
case h.mp.inr
h0 : 0 ∈ bandU
z : ℤ
hz : z ∈ bandU.erase 0
hzIcc : z ∈ Finset.Icc (-↑Ucut) ↑Ucut
hz0 : z ≠ 0
hzAbs : z.natAbs ≤ Ucut
k : ℕ
h✝ : z = -Int.ofNat k.succ
⊢ z ∈
    Finset.map { toFun := fun k => ↑k.succ, inj' := ⋯ } (Finset.range Ucut) ∪
      Finset.map { toFun := fun k => -↑k.succ, inj' := ⋯ } (Finset.range Ucut)
error: Goldbach/BG_Identity.lean:877:54: unsolved goals
h0 : 0 ∈ bandU
z : ℤ
⊢ K_full_raw (H + (H + 99) / 100) 0 = (↑H + ↑((H + 99) / 100))⁻¹
error: Goldbach/BG_Identity.lean:890:34: maximum recursion depth has been reached
use `set_option maxRecDepth <num>` to increase limit
use `set_option diagnostics true` to get diagnostic information
error: Goldbach/BG_Identity.lean:891:28: Type mismatch
  hk
has type
  k ∈ Finset.map { toFun := fun k => ↑k.succ, inj' := ⋯ } (Finset.range Ucut)
but is expected to have type
  ∀ (a₂ : ℤ) (ha₂ : a₂ ∈ Finset.map { toFun := fun k => ↑k.succ, inj' := ⋯ } (Finset.range Ucut)),
    (fun k hk => k) k hk = (fun k hk => k) a₂ ha₂ → k = a₂
error: Goldbach/BG_Identity.lean:892:14: unsolved goals
case heq
h0 : 0 ∈ bandU
z : ℤ
h0val : K_full 0 = 1 / ↑Ucut
k : ℤ
hk : k ∈ Finset.map { toFun := fun k => -↑k.succ, inj' := ⋯ } (Finset.range Ucut)
⊢ ∃ a < H + (H + 99) / 100, ↑a + 1 = k
error: Goldbach/BG_Identity.lean:893:28: Type mismatch
  hk
has type
  k ∈ Finset.map { toFun := fun k => ↑k.succ, inj' := ⋯ } (Finset.range Ucut)
but is expected to have type
  K_full k = K_full ((fun k hk => k) k hk)
error: Goldbach/BG_Identity.lean:910:68: Type mismatch: After simplification, term
  hbEq
 has type
  -1 + -↑b' = ↑a' + 1
but is expected to have type
  ↑a' + 1 = -1 + -↑b'
error: Goldbach/BG_Identity.lean:911:16: linarith failed to find a contradiction
h0 : 0 ∈ bandU
z : ℤ
h0val : K_full 0 = 1 / ↑Ucut
hpair :
  ∑ k ∈ Finset.map { toFun := fun k => ↑k.succ, inj' := ⋯ } (Finset.range Ucut), K_full k =
    ∑ k ∈ Finset.map { toFun := fun k => -↑k.succ, inj' := ⋯ } (Finset.range Ucut), K_full k
a' : ℕ
ha' : a' ∈ Finset.range Ucut
ha :
  { toFun := fun k => ↑k.succ, inj' := ⋯ } a' ∈ Finset.map { toFun := fun k => ↑k.succ, inj' := ⋯ } (Finset.range Ucut)
hb :
  { toFun := fun k => ↑k.succ, inj' := ⋯ } a' ∈ Finset.map { toFun := fun k => -↑k.succ, inj' := ⋯ } (Finset.range Ucut)
b' : ℕ
hb' : b' ∈ Finset.range Ucut
hbEq : { toFun := fun k => -↑k.succ, inj' := ⋯ } b' = { toFun := fun k => ↑k.succ, inj' := ⋯ } a'
hbPos : ↑b'.succ ≠ 0
this : ↑a'.succ = -↑b'.succ
⊢ False
failed
error: Goldbach/BG_Identity.lean:928:92: Unknown identifier `hpos`
error: Goldbach/BG_Identity.lean:930:6: 'calc' expression has type
  ∑ k ∈ bandU, K_full k = K_full 0 + 2 * ∑ k ∈ Finset.range Ucut, K_full (Int.ofNat k.succ)
but is expected to have type
  z ∈
      Finset.map { toFun := fun k => ↑k.succ, inj' := ⋯ } (Finset.range Ucut) ∪
        Finset.map { toFun := fun k => -↑k.succ, inj' := ⋯ } (Finset.range Ucut) →
    z ∈ bandU.erase 0
error: Goldbach/BG_Identity.lean:817:93: unsolved goals
h0 : 0 ∈ bandU
hpos :
  bandU.erase 0 =
    Finset.map { toFun := fun k => ↑k.succ, inj' := ⋯ } (Finset.range Ucut) ∪
      Finset.map { toFun := fun k => -↑k.succ, inj' := ⋯ } (Finset.range Ucut)
⊢ ∑ k ∈ bandU, K_full k = K_full 0 + 2 * ∑ k ∈ Finset.range Ucut, K_full (Int.ofNat k.succ)
error: Goldbach/BG_Identity.lean:933:22: maximum recursion depth has been reached
use `set_option maxRecDepth <num>` to increase limit
use `set_option diagnostics true` to get diagnostic information
warning: Goldbach/BG_Identity.lean:935:10: try 'simp' instead of 'simpa'

Note: This linter can be disabled with `set_option linter.unnecessarySimpa false`
warning: Goldbach/BG_Identity.lean:954:22: `Finset.range_succ` has been deprecated: Use `Finset.range_add_one` instead
error: Goldbach/BG_Identity.lean:952:72: unsolved goals
hsplit : ∑ k ∈ bandU, K_full k = K_full 0 + 2 * ∑ k ∈ Finset.range Ucut, K_full (Int.ofNat k.succ)
hsum1 : ∑ k ∈ Finset.range Ucut, 1 = ↑Ucut
this : ∑ i ∈ Finset.range Ucut.succ, i = Ucut.succ * (Ucut.succ - 1) / 2
⊢ H + (H + 99) / 100 + ∑ x ∈ Finset.range (H + (H + 99) / 100), x =
    ∑ x ∈ Finset.range (H + (H + 99) / 100), x + (H + (H + 99) / 100)
error: Goldbach/BG_Identity.lean:956:10: Type mismatch: After simplification, term
  Finset.sum_range_id
 has type
  ∀ (n : ℕ), ∑ i ∈ Finset.range n, i = n * (n - 1) / 2
but is expected to have type
  ∑ i ∈ Finset.range (H + (H + 99) / 100 + 1), i = (H + (H + 99) / 100 + 1) * (H + (H + 99) / 100) / 2
error: Goldbach/BG_Identity.lean:957:8: linarith failed to find a contradiction
case h1.h
hsplit : ∑ k ∈ bandU, K_full k = K_full 0 + 2 * ∑ k ∈ Finset.range Ucut, K_full (Int.ofNat k.succ)
hsum1 : ∑ k ∈ Finset.range Ucut, 1 = ↑Ucut
this : ∑ i ∈ Finset.range Ucut.succ, i = Ucut.succ * (Ucut.succ - 1) / 2
hrewrite : ∑ i ∈ Finset.range Ucut.succ, i = ∑ k ∈ Finset.range Ucut, k.succ
hs : ∑ i ∈ Finset.range Ucut.succ, i = Ucut.succ * Ucut / 2
a✝ : ∑ k ∈ Finset.range Ucut, k.succ < Ucut * (Ucut + 1) / 2
⊢ False
failed
error: Goldbach/BG_Identity.lean:959:6: maximum recursion depth has been reached
use `set_option maxRecDepth <num>` to increase limit
use `set_option diagnostics true` to get diagnostic information
error: Goldbach/BG_Identity.lean:966:16: maximum recursion depth has been reached
use `set_option maxRecDepth <num>` to increase limit
use `set_option diagnostics true` to get diagnostic information
error: Goldbach/BG_Identity.lean:978:68: unsolved goals
hsplit : ∑ k ∈ bandU, K_full k = K_full 0 + 2 * ∑ k ∈ Finset.range Ucut, K_full (Int.ofNat k.succ)
hsum1 : ∑ k ∈ Finset.range Ucut, 1 = ↑Ucut
hsumk : ∑ k ∈ Finset.range Ucut, ↑k.succ = ↑Ucut * (↑Ucut + 1) / 2
hUpos : 0 < ↑Ucut
hUpos' : ↑Ucut ≠ 0
⊢ (↑H + ↑((H + 99) / 100) - ∑ x ∈ Finset.range (H + (H + 99) / 100), (↑x + 1) / (↑H + ↑((H + 99) / 100))) /
      (↑H + ↑((H + 99) / 100)) =
    (↑H + ↑((H + 99) / 100))⁻¹ *
      (↑H + ↑((H + 99) / 100) - ∑ x ∈ Finset.range (H + (H + 99) / 100), (↑x + 1) / (↑H + ↑((H + 99) / 100)))
info: Goldbach/BG_Identity.lean:984:8: Try this:
  [apply] ring_nf
  
  The `ring` tactic failed to close the goal. Use `ring_nf` to obtain a normal form.
    
  Note that `ring` works primarily in *commutative* rings. If you have a noncommutative ring, abelian group or module, consider using `noncomm_ring`, `abel` or `module` instead.
error: Goldbach/BG_Identity.lean:981:96: unsolved goals
hsplit : ∑ k ∈ bandU, K_full k = K_full 0 + 2 * ∑ k ∈ Finset.range Ucut, K_full (Int.ofNat k.succ)
hsum1 : ∑ k ∈ Finset.range Ucut, 1 = ↑Ucut
hsumk : ∑ k ∈ Finset.range Ucut, ↑k.succ = ↑Ucut * (↑Ucut + 1) / 2
hUpos : 0 < ↑Ucut
hUpos' : ↑Ucut ≠ 0
⊢ ↑Ucut * (↑Ucut)⁻¹ - (↑Ucut)⁻¹ * ∑ x ∈ Finset.range Ucut, (↑Ucut)⁻¹ * ↑x.succ =
    ↑Ucut * (↑Ucut)⁻¹ + ↑Ucut * (↑Ucut)⁻¹ ^ 2 * (-1 / 2) + ↑Ucut ^ 2 * (↑Ucut)⁻¹ ^ 2 * (-1 / 2)
info: Goldbach/BG_Identity.lean:986:33: Try this:
  [apply] ring_nf
  
  The `ring` tactic failed to close the goal. Use `ring_nf` to obtain a normal form.
    
  Note that `ring` works primarily in *commutative* rings. If you have a noncommutative ring, abelian group or module, consider using `noncomm_ring`, `abel` or `module` instead.
error: Goldbach/BG_Identity.lean:985:34: unsolved goals
hsplit : ∑ k ∈ bandU, K_full k = K_full 0 + 2 * ∑ k ∈ Finset.range Ucut, K_full (Int.ofNat k.succ)
hsum1 : ∑ k ∈ Finset.range Ucut, 1 = ↑Ucut
hsumk : ∑ k ∈ Finset.range Ucut, ↑k.succ = ↑Ucut * (↑Ucut + 1) / 2
hUpos : 0 < ↑Ucut
⊢ -1 + ↑Ucut = -↑Ucut + ↑Ucut ^ 2
error: Goldbach/BG_Identity.lean:995:58: unsolved goals
hsplit : ∑ k ∈ bandU, K_full k = K_full 0 + 2 * ∑ k ∈ Finset.range Ucut, K_full (Int.ofNat k.succ)
hpos_eval : ∑ k ∈ Finset.range Ucut, K_full (Int.ofNat k.succ) = (↑Ucut - 1) / 2
hUpos : ↑Ucut ≠ 0
this : ∑ k ∈ bandU, K_full k = K_full 0 + 2 * ∑ k ∈ Finset.range Ucut, K_full (Int.ofNat k.succ)
⊢ K_full_raw (H + (H + 99) / 100) 0 = (↑H + ↑((H + 99) / 100))⁻¹
info: Goldbach/BG_Identity.lean:1004:6: Try this:
  [apply] ring_nf
  
  The `ring` tactic failed to close the goal. Use `ring_nf` to obtain a normal form.
    
  Note that `ring` works primarily in *commutative* rings. If you have a noncommutative ring, abelian group or module, consider using `noncomm_ring`, `abel` or `module` instead.
error: Goldbach/BG_Identity.lean:998:13: unsolved goals
hsplit : ∑ k ∈ bandU, K_full k = K_full 0 + 2 * ∑ k ∈ Finset.range Ucut, K_full (Int.ofNat k.succ)
hpos_eval : ∑ k ∈ Finset.range Ucut, K_full (Int.ofNat k.succ) = (↑Ucut - 1) / 2
hUpos hUpos' : ↑Ucut ≠ 0
hUpos'' : 0 < ↑Ucut
⊢ 1 - ↑Ucut + ↑Ucut ^ 2 = ↑Ucut
warning: Goldbach/BG_Identity.lean:821:14: This simp argument is unused:
  bandU

Hint: Omit it from the simp argument list.
  simp ̵[̵b̵a̵n̵d̵U̵]̵

Note: This linter can be disabled with `set_option linter.unusedSimpArgs false`
warning: Goldbach/BG_Identity.lean:980:14: This simp argument is unused:
  Finset.sum_mul

Hint: Omit it from the simp argument list.
  simp [F̵i̵n̵s̵e̵t̵.̵s̵u̵m̵_̵m̵u̵l̵,̵ ̵hUpos']

Note: This linter can be disabled with `set_option linter.unusedSimpArgs false`
warning: Goldbach/BG_Identity.lean:980:30: This simp argument is unused:
  hUpos'

Hint: Omit it from the simp argument list.
  simp [Finset.sum_mul,̵ ̵h̵U̵p̵o̵s̵'̵]

Note: This linter can be disabled with `set_option linter.unusedSimpArgs false`
warning: Goldbach/BG_Identity.lean:983:43: This simp argument is unused:
  Finset.sum_div

Hint: Omit it from the simp argument list.
  simp only [Finset.sum_sub_distrib, F̵i̵n̵s̵e̵t̵.̵s̵u̵m̵_̵d̵i̵v̵,̵ ̵hsum1, hsumk]

Note: This linter can be disabled with `set_option linter.unusedSimpArgs false`
warning: Goldbach/BG_Identity.lean:983:66: This simp argument is unused:
  hsumk

Hint: Omit it from the simp argument list.
  simp only [Finset.sum_sub_distrib, Finset.sum_div, hsum1,̵ ̵h̵s̵u̵m̵k̵]

Note: This linter can be disabled with `set_option linter.unusedSimpArgs false`
error: Goldbach/BG_Identity.lean:1019:27: Invalid argument name `bandU` for function `sum_bandU`
error: Goldbach/BG_Identity.lean:1042:30: unsolved goals
Kadm : BG.AdmissibleKernel Ucut
⊢ 0 ∈ BG_Bank.S_BG
warning: Goldbach/BG_Identity.lean:1059:5: unused variable `h`

Note: This linter can be disabled with `set_option linter.unusedVariables false`
error: Goldbach/BG_Identity.lean:1078:53: Type mismatch: After simplification, term
  hk
 has type
  k ∈ BG_Bank.S_BG
but is expected to have type
  -↑H ≤ k ∧ k ≤ ↑H
error: Goldbach/BG_Identity.lean:1083:6: Tactic `simp` failed with a nested error:
maximum recursion depth has been reached
use `set_option maxRecDepth <num>` to increase limit
use `set_option diagnostics true` to get diagnostic information
warning: Goldbach/BG_Identity.lean:1103:54: try 'simp' instead of 'simpa'

Note: This linter can be disabled with `set_option linter.unnecessarySimpa false`
error: Goldbach/BG_Identity.lean:1118:14: Type mismatch: After simplification, term
  Finset.mem_Icc.mpr hkIcc_pair
 has type
  -↑H ≤ k ∧ k ≤ ↑H
but is expected to have type
  k ∈ BG_Bank.S_BG
error: Goldbach/BG_Identity.lean:1120:53: Type mismatch: After simplification, term
  hk
 has type
  k ∈ BG_Bank.S_BG
but is expected to have type
  -↑H ≤ k ∧ k ≤ ↑H
warning: Goldbach/BG_Identity.lean:1123:6: try 'simp' instead of 'simpa'

Note: This linter can be disabled with `set_option linter.unnecessarySimpa false`
error: Goldbach/BG_Identity.lean:1158:55: linarith failed to find a contradiction
case h
hinner_eq : innerBand = Finset.Icc (-↑H) ↑H
z : ℤ
hz : z ∈ (Finset.Icc (-↑H) ↑H).erase 0
hzIcc : z ∈ Finset.Icc (-↑H) ↑H
hz0 : z ≠ 0
this : -↑H ≤ z ∧ z ≤ ↑H
hle : z ≤ ↑H
hneg : -↑H ≤ z
a✝ : ↑H < ↑z.natAbs
⊢ False
failed
error: Goldbach/BG_Identity.lean:1166:33: Function expected at
  Int.natAbs_eq_zero
but this term has type
  Int.natAbs ?m.243 = 0 ↔ ?m.243 = 0

Note: Expected a function because this term is being applied to the argument
  hzabs0
error: Goldbach/BG_Identity.lean:1169:17: Invalid `⟨...⟩` notation: The expected type
  z.natAbs - 1 < H ∧ z = Int.ofNat (z.natAbs - 1).succ ∨ z = -Int.ofNat (z.natAbs - 1).succ
has more than one constructor

Note: This notation can only be used when the expected type is an inductive type with a single constructor
error: Goldbach/BG_Identity.lean:1170:10: No goals to be solved
error: Goldbach/BG_Identity.lean:1148:6: unsolved goals
case h.mp.inl
hinner_eq : innerBand = Finset.Icc (-↑H) ↑H
k : ℕ
hkpos : k < H
hz : Int.ofNat k.succ ∈ (Finset.Icc (-↑H) ↑H).erase 0
hzIcc : Int.ofNat k.succ ∈ Finset.Icc (-↑H) ↑H
hz0 : Int.ofNat k.succ ≠ 0
hzAbs : (Int.ofNat k.succ).natAbs ≤ H
⊢ Int.ofNat k.succ ∈
    Finset.map { toFun := fun k => ↑k.succ, inj' := ⋯ } (Finset.range H) ∪
      Finset.map { toFun := fun k => -↑k.succ, inj' := ⋯ } (Finset.range H)

case h.mp.inr
hinner_eq : innerBand = Finset.Icc (-↑H) ↑H
z : ℤ
hz : z ∈ (Finset.Icc (-↑H) ↑H).erase 0
hzIcc : z ∈ Finset.Icc (-↑H) ↑H
hz0 : z ≠ 0
hzAbs : z.natAbs ≤ H
k : ℕ
h✝ : z = -Int.ofNat k.succ
⊢ z ∈
    Finset.map { toFun := fun k => ↑k.succ, inj' := ⋯ } (Finset.range H) ∪
      Finset.map { toFun := fun k => -↑k.succ, inj' := ⋯ } (Finset.range H)
error: Goldbach/BG_Identity.lean:1183:54: unsolved goals
hinner_eq : innerBand = Finset.Icc (-↑H) ↑H
z : ℤ
h0mem : 0 ∈ Finset.Icc (-↑H) ↑H
⊢ K_full_raw (H + (H + 99) / 100) 0 = (↑H + ↑((H + 99) / 100))⁻¹
error: Goldbach/BG_Identity.lean:1191:12: `inj` is not a field of structure `Function.Embedding`
error: Goldbach/BG_Identity.lean:1190:10: Fields missing: `inj'`

Hint: Add missing fields:
  
  ̲ ̲ ̲ ̲ ̲ ̲ ̲ ̲ ̲ ̲ ̲ ̲ ̲i̲n̲j̲'̲ ̲:̲=̲ ̲_̲
error: Goldbach/BG_Identity.lean:1197:12: `inj` is not a field of structure `Function.Embedding`
error: Goldbach/BG_Identity.lean:1196:10: Fields missing: `inj'`

Hint: Add missing fields:
  
  ̲ ̲ ̲ ̲ ̲ ̲ ̲ ̲ ̲ ̲ ̲ ̲ ̲i̲n̲j̲'̲ ̲:̲=̲ ̲_̲
error: Goldbach/BG_Identity.lean:1206:60: Type mismatch: After simplification, term
  hEq
 has type
  negEmb j = posEmb i
but is expected to have type
  ↑i + 1 = -1 + -↑j
error: Goldbach/BG_Identity.lean:1208:67: Type mismatch: After simplification, term
  this
 has type
  ↑i + 1 = -1 + -↑j
but is expected to have type
  ↑i + 1 + (↑j + 1) = 0
error: Goldbach/BG_Identity.lean:1209:62: mod_cast has type
  ?m.535
of sort `Type ?u.64028` but is expected to have type
  0 < i.succ + j.succ
of sort `Prop`
error: Goldbach/BG_Identity.lean:1209:78: Application type mismatch: The argument
  Nat.succ_pos j
has type
  0 < j.succ
of sort `Prop` but is expected to have type
  ?m.537
of sort `Type ?u.64029` in the application
  ?m.540 + ⋯
error: Goldbach/BG_Identity.lean:1210:33: Type mismatch: After simplification, term
  hpos
 has type
  0 < ↑i + 1 + (↑j + 1)
but is expected to have type
  False
error: Goldbach/BG_Identity.lean:1212:79: Unknown identifier `hband`
error: Goldbach/BG_Identity.lean:1217:85: Invalid argument name `emb` for function `Finset.sum_map`

Hint: Perhaps you meant one of the following parameter names:
  • `ι`: e̵m̵b̵ι̲
  • `κ`: e̵m̵b̵κ̲
  • `M`: e̵m̵b̵M̲
  • `e`: em̵b̵
error: Goldbach/BG_Identity.lean:1221:85: Invalid argument name `emb` for function `Finset.sum_map`

Hint: Perhaps you meant one of the following parameter names:
  • `ι`: e̵m̵b̵ι̲
  • `κ`: e̵m̵b̵κ̲
  • `M`: e̵m̵b̵M̲
  • `e`: em̵b̵
error: Goldbach/BG_Identity.lean:1225:10: maximum recursion depth has been reached
use `set_option maxRecDepth <num>` to increase limit
use `set_option diagnostics true` to get diagnostic information
warning: Goldbach/BG_Identity.lean:1229:16: try 'simp' instead of 'simpa'

Note: This linter can be disabled with `set_option linter.unnecessarySimpa false`
warning: Goldbach/BG_Identity.lean:1235:16: try 'simp' instead of 'simpa'

Note: This linter can be disabled with `set_option linter.unnecessarySimpa false`
error: Goldbach/BG_Identity.lean:1237:6: 'calc' expression has type
  ∑ k ∈ innerBand, K_full k = K_full 0 + 2 * ∑ k ∈ Finset.range H, K_full (Int.ofNat k.succ)
but is expected to have type
  z ∈
      Finset.map { toFun := fun k => ↑k.succ, inj' := ⋯ } (Finset.range H) ∪
        Finset.map { toFun := fun k => -↑k.succ, inj' := ⋯ } (Finset.range H) →
    z ∈ (Finset.Icc (-↑H) ↑H).erase 0
error: Goldbach/BG_Identity.lean:1141:137: unsolved goals
hinner_eq : innerBand = Finset.Icc (-↑H) ↑H
hband :
  (Finset.Icc (-↑H) ↑H).erase 0 =
    Finset.map { toFun := fun k => ↑k.succ, inj' := ⋯ } (Finset.range H) ∪
      Finset.map { toFun := fun k => -↑k.succ, inj' := ⋯ } (Finset.range H)
⊢ ∑ k ∈ innerBand, K_full k = K_full 0 + 2 * ∑ k ∈ Finset.range H, K_full (Int.ofNat k.succ)
warning: Goldbach/BG_Identity.lean:1246:10: try 'simp' instead of 'simpa'

Note: This linter can be disabled with `set_option linter.unnecessarySimpa false`
warning: Goldbach/BG_Identity.lean:1264:8: try 'simp' instead of 'simpa'

Note: This linter can be disabled with `set_option linter.unnecessarySimpa false`
warning: Goldbach/BG_Identity.lean:1277:34: try 'simp' instead of 'simpa'

Note: This linter can be disabled with `set_option linter.unnecessarySimpa false`
error: Goldbach/BG_Identity.lean:1279:4: maximum recursion depth has been reached
use `set_option maxRecDepth <num>` to increase limit
use `set_option diagnostics true` to get diagnostic information
error: Goldbach/BG_Identity.lean:1312:16: maximum recursion depth has been reached
use `set_option maxRecDepth <num>` to increase limit
use `set_option diagnostics true` to get diagnostic information
error: Goldbach/BG_Identity.lean:1329:18: maximum recursion depth has been reached
use `set_option maxRecDepth <num>` to increase limit
use `set_option diagnostics true` to get diagnostic information
error: Goldbach/BG_Identity.lean:1333:16: Tactic `assumption` failed

hinner_eq : innerBand = Finset.Icc (-↑H) ↑H
hsplit : ∑ k ∈ innerBand, K_full k = K_full 0 + 2 * ∑ k ∈ Finset.range H, K_full (Int.ofNat k.succ)
hsum1 : ∑ k ∈ Finset.range H, 1 = ↑H
hsumk : ∑ k ∈ Finset.range H, ↑k.succ = ↑H * (↑H + 1) / 2
hUpos : ↑Ucut ≠ 0
hHU : H ≤ Ucut
hU0 : ↑Ucut ≠ 0
hsum_div : ∑ k ∈ Finset.range H, ↑k.succ / ↑Ucut = 1 / ↑Ucut * ∑ k ∈ Finset.range H, ↑k.succ
this : ∀ k < H, K_full (↑k + 1) = (1 - (↑k + 1) / (↑H + ↑((H + 99) / 100))) / (↑H + ↑((H + 99) / 100))
⊢ ∑ x ∈ Finset.range H, (↑x + 1) / (↑H + ↑((H + 99) / 100)) =
      (↑H + ↑((H + 99) / 100))⁻¹ * ∑ x ∈ Finset.range H, (↑x + 1) ∨
    ↑H + ↑((H + 99) / 100) = 0
error: Goldbach/BG_Identity.lean:1337:59: failed to synthesize
  HAdd ℕ ℕ ℝ

Hint: Additional diagnostic information may be available using the `set_option diagnostics true` command.
error: Goldbach/BG_Identity.lean:1339:18: maximum recursion depth has been reached
use `set_option maxRecDepth <num>` to increase limit
use `set_option diagnostics true` to get diagnostic information
error: Goldbach/BG_Identity.lean:1341:22: Unknown identifier `hsum_add_one`
error: Goldbach/BG_Identity.lean:1341:16: `simp` made no progress
error: Goldbach/BG_Identity.lean:1353:4: maximum recursion depth has been reached
use `set_option maxRecDepth <num>` to increase limit
use `set_option diagnostics true` to get diagnostic information
error: Goldbach/BG_Identity.lean:1371:12: maximum recursion depth has been reached
use `set_option maxRecDepth <num>` to increase limit
use `set_option diagnostics true` to get diagnostic information
error: Goldbach/BG_Identity.lean:1377:12: maximum recursion depth has been reached
use `set_option maxRecDepth <num>` to increase limit
use `set_option diagnostics true` to get diagnostic information
error: Goldbach/BG_Identity.lean:1378:2: maximum recursion depth has been reached
use `set_option maxRecDepth <num>` to increase limit
use `set_option diagnostics true` to get diagnostic information
warning: Goldbach/BG_Identity.lean:1258:24: This simp argument is unused:
  add_left_comm

Hint: Omit it from the simp argument list.
  simp [Nat.succ_eq_add_one, Finset.sum_add_distrib, Finset.sum_const, Finset.card_range,
             ̵ ̵ ̵ ̵add_comm, add_l̵e̵f̵t̵_̵c̵o̵m̵m̵,̵ ̵ad̵d̵_̵a̵ssoc]

Note: This linter can be disabled with `set_option linter.unusedSimpArgs false`
warning: Goldbach/BG_Identity.lean:1258:39: This simp argument is unused:
  add_assoc

Hint: Omit it from the simp argument list.
  simp [Nat.succ_eq_add_one, Finset.sum_add_distrib, Finset.sum_const, Finset.card_range,
             ̵ ̵ ̵ ̵add_comm, add_left_comm,̵ ̵a̵d̵d̵_̵a̵s̵s̵o̵c̵]

Note: This linter can be disabled with `set_option linter.unusedSimpArgs false`
warning: Goldbach/BG_Identity.lean:1311:64: This simp argument is unused:
  mul_left_comm

Hint: Omit it from the simp argument list.
  simp [div_eq_mul_inv, mul_comm, mul_l̵e̵f̵t̵_̵c̵o̵m̵m̵,̵ ̵m̵u̵l̵_̵assoc]

Note: This linter can be disabled with `set_option linter.unusedSimpArgs false`
warning: Goldbach/BG_Identity.lean:1311:79: This simp argument is unused:
  mul_assoc

Hint: Omit it from the simp argument list.
  simp [div_eq_mul_inv, mul_comm, mul_left_comm,̵ ̵m̵u̵l̵_̵a̵s̵s̵o̵c̵]

Note: This linter can be disabled with `set_option linter.unusedSimpArgs false`
warning: Goldbach/BG_Identity.lean:1380:6: declaration uses 'sorry'
error: Goldbach/BG_Identity.lean:1426:21: maximum recursion depth has been reached
use `set_option maxRecDepth <num>` to increase limit
use `set_option diagnostics true` to get diagnostic information
warning: Goldbach/BG_Identity.lean:1454:28: unused variable `X`

Note: This linter can be disabled with `set_option linter.unusedVariables false`
warning: Goldbach/BG_Identity.lean:1454:30: unused variable `N`

Note: This linter can be disabled with `set_option linter.unusedVariables false`
warning: Goldbach/BG_Identity.lean:1455:28: unused variable `X`

Note: This linter can be disabled with `set_option linter.unusedVariables false`
warning: Goldbach/BG_Identity.lean:1455:30: unused variable `N`

Note: This linter can be disabled with `set_option linter.unusedVariables false`
error: Goldbach/BG_Identity.lean:1481:21: maximum recursion depth has been reached
use `set_option maxRecDepth <num>` to increase limit
use `set_option diagnostics true` to get diagnostic information
error: Goldbach/BG_Identity.lean:1580:0: Unexpected name `BG_Identity` after `end`: The current section is unnamed

Hint: Delete the name `BG_Identity` to end the current unnamed scope; outer named scopes can then be closed using additional `end` command(s):
  end ̵B̵G̵_̵I̵d̵e̵n̵t̵i̵t̵y̵
error: Goldbach/BG_Identity.lean:1581:0: Unexpected name `Goldbach` after `end`: The current section is unnamed

Hint: Delete the name `Goldbach` to end the current unnamed scope; outer named scopes can then be closed using additional `end` command(s):
  end ̵G̵o̵l̵d̵b̵a̵c̵h̵
error: Lean exited with code 1
Some required targets logged failures:
- Goldbach.BG_Identity
error: build failed
⚠ [7587/7613] Replayed Goldbach.Compat
warning: Goldbach/Compat.lean:18:2: try 'simp' instead of 'simpa'

Note: This linter can be disabled with `set_option linter.unnecessarySimpa false`
warning: Goldbach/Compat.lean:24:40: unused variable `hb`

Note: This linter can be disabled with `set_option linter.unusedVariables false`
warning: Goldbach/Compat.lean:50:4: try 'simp' instead of 'simpa'

Note: This linter can be disabled with `set_option linter.unnecessarySimpa false`
⚠ [7590/7613] Replayed Goldbach.Windows
warning: Goldbach/Windows.lean:63:4: try 'simp' instead of 'simpa'

Note: This linter can be disabled with `set_option linter.unnecessarySimpa false`
warning: Goldbach/Windows.lean:68:2: try 'simp' instead of 'simpa'

Note: This linter can be disabled with `set_option linter.unnecessarySimpa false`
warning: Goldbach/Windows.lean:68:38: this tactic is never executed

Note: This linter can be disabled with `set_option linter.unreachableTactic false`
warning: Goldbach/Windows.lean:68:38: 'simpa using hmap' tactic does nothing

Note: This linter can be disabled with `set_option linter.unusedTactic false`
⚠ [7592/7613] Replayed Goldbach.SingularSeries
warning: Goldbach/SingularSeries.lean:40:5: unused variable `h`

Note: This linter can be disabled with `set_option linter.unusedVariables false`
warning: Goldbach/SingularSeries.lean:88:8: `Finset.eq_empty_iff_forall_not_mem` has been deprecated: Use `Finset.eq_empty_iff_forall_notMem` instead
warning: Goldbach/SingularSeries.lean:98:4: try 'simp' instead of 'simpa'

Note: This linter can be disabled with `set_option linter.unnecessarySimpa false`
warning: Goldbach/SingularSeries.lean:99:28: this tactic is never executed

Note: This linter can be disabled with `set_option linter.unreachableTactic false`
warning: Goldbach/SingularSeries.lean:99:57: this tactic is never executed

Note: This linter can be disabled with `set_option linter.unreachableTactic false`
warning: Goldbach/SingularSeries.lean:99:28: 'decide' tactic does nothing

Note: This linter can be disabled with `set_option linter.unusedTactic false`
warning: Goldbach/SingularSeries.lean:99:57: 'decide' tactic does nothing

Note: This linter can be disabled with `set_option linter.unusedTactic false`
⚠ [7593/7613] Replayed Goldbach.PPNumerics
warning: Goldbach/PPNumerics.lean:24:42: try 'simp' instead of 'simpa'

Note: This linter can be disabled with `set_option linter.unnecessarySimpa false`
warning: Goldbach/PPNumerics.lean:27:6: try 'simp' instead of 'simpa'

Note: This linter can be disabled with `set_option linter.unnecessarySimpa false`
⚠ [7599/7613] Replayed Goldbach.AO_AssembleEnvelope
warning: Goldbach/AO_AssembleEnvelope.lean:67:20: try 'simp' instead of 'simpa'

Note: This linter can be disabled with `set_option linter.unnecessarySimpa false`
⚠ [7601/7613] Replayed Goldbach.AO_Major
warning: Goldbach/AO_Major.lean:21:13: unused variable `hX`

Note: This linter can be disabled with `set_option linter.unusedVariables false`
warning: Goldbach/AO_Major.lean:21:35: unused variable `hN`

Note: This linter can be disabled with `set_option linter.unusedVariables false`
warning: Goldbach/AO_Major.lean:25:24: This simp argument is unused:
  add_assoc

Hint: Omit it from the simp argument list.
  simp [Goldbach.AO_Major.errAO, Goldbach.AO_Major.weight_mass, Goldbach.AO_Core.errAO,
       ̵ ̵ ̵ ̵sub_eq_add_neg, add_a̵s̵s̵o̵c̵,̵ ̵a̵d̵d̵_̵left_comm, add_comm, mul_assoc]

Note: This linter can be disabled with `set_option linter.unusedSimpArgs false`
warning: Goldbach/AO_Major.lean:25:60: This simp argument is unused:
  mul_assoc

Hint: Omit it from the simp argument list.
  simp [Goldbach.AO_Major.errAO, Goldbach.AO_Major.weight_mass, Goldbach.AO_Core.errAO,
       ̵ ̵ ̵ ̵sub_eq_add_neg, add_assoc, add_left_comm, add_comm,̵ ̵m̵u̵l̵_̵a̵s̵s̵o̵c̵]

Note: This linter can be disabled with `set_option linter.unusedSimpArgs false`
warning: Goldbach/AO_Major.lean:46:5: unused variable `h`

Note: This linter can be disabled with `set_option linter.unusedVariables false`
warning: Goldbach/AO_Major.lean:58:24: This simp argument is unused:
  dif_pos

Hint: Omit it from the simp argument list.
  simp only [MPDF, win, d̵i̵f̵_̵p̵o̵s̵,̵ ̵mul_div_assoc']

Note: This linter can be disabled with `set_option linter.unusedSimpArgs false`
warning: Goldbach/AO_Major.lean:58:33: This simp argument is unused:
  mul_div_assoc'

Hint: Omit it from the simp argument list.
  simp only [MPDF, win, dif_pos,̵ ̵m̵u̵l̵_̵d̵i̵v̵_̵a̵s̵s̵o̵c̵'̵]

Note: This linter can be disabled with `set_option linter.unusedSimpArgs false`
warning: Goldbach/AO_Major.lean:81:69: try 'simp' instead of 'simpa'

Note: This linter can be disabled with `set_option linter.unnecessarySimpa false`
warning: Goldbach/AO_Major.lean:82:68: try 'simp' instead of 'simpa'

Note: This linter can be disabled with `set_option linter.unnecessarySimpa false`
warning: Goldbach/AO_Major.lean:83:68: try 'simp' instead of 'simpa'

Note: This linter can be disabled with `set_option linter.unnecessarySimpa false`
warning: Goldbach/AO_Major.lean:85:90: This simp argument is unused:
  add_assoc

Hint: Omit it from the simp argument list.
  simp [sub_eq_add_neg,̵ ̵a̵d̵d̵_̵a̵s̵s̵o̵c̵]

Note: This linter can be disabled with `set_option linter.unusedSimpArgs false`
warning: Goldbach/AO_Major.lean:101:24: This simp argument is unused:
  dif_pos

Hint: Omit it from the simp argument list.
  simp only [MPDF, win,̵ ̵d̵i̵f̵_̵p̵o̵s̵]

Note: This linter can be disabled with `set_option linter.unusedSimpArgs false`
⚠ [7603/7613] Replayed Goldbach.BG_Bank
warning: Goldbach/BG_Bank.lean:13:25: unused variable `n`

Note: This linter can be disabled with `set_option linter.unusedVariables false`
warning: Goldbach/BG_Bank.lean:75:4: try 'simp' instead of 'simpa'

Note: This linter can be disabled with `set_option linter.unnecessarySimpa false`
warning: Goldbach/BG_Bank.lean:75:25: this tactic is never executed

Note: This linter can be disabled with `set_option linter.unreachableTactic false`
warning: Goldbach/BG_Bank.lean:75:25: 'decide' tactic does nothing

Note: This linter can be disabled with `set_option linter.unusedTactic false`
warning: Goldbach/BG_Bank.lean:288:14: try 'simp' instead of 'simpa'

Note: This linter can be disabled with `set_option linter.unnecessarySimpa false`
warning: Goldbach/BG_Bank.lean:188:42: This simp argument is unused:
  Nat.cast_sub hn_le

Hint: Omit it from the simp argument list.
  simp only [Nat.cast_succ,̵ ̵N̵a̵t̵.̵c̵a̵s̵t̵_̵s̵u̵b̵ ̵h̵n̵_̵l̵e̵]

Note: This linter can be disabled with `set_option linter.unusedSimpArgs false`
warning: Goldbach/BG_Bank.lean:194:24: This simp argument is unused:
  abs_of_nonneg hlog_Nm_nn

Hint: Omit it from the simp argument list.
  simp [hp,̵ ̵a̵b̵s̵_̵o̵f̵_̵n̵o̵n̵n̵e̵g̵ ̵h̵l̵o̵g̵_̵N̵m̵_̵n̵n̵]

Note: This linter can be disabled with `set_option linter.unusedSimpArgs false`
warning: Goldbach/BG_Bank.lean:202:24: This simp argument is unused:
  abs_of_nonneg hlog_Np1_nn

Hint: Omit it from the simp argument list.
  simp [hp,̵ ̵a̵b̵s̵_̵o̵f̵_̵n̵o̵n̵n̵e̵g̵ ̵h̵l̵o̵g̵_̵N̵p̵1̵_̵n̵n̵]

Note: This linter can be disabled with `set_option linter.unusedSimpArgs false`
warning: Goldbach/BG_Bank.lean:218:46: This simp argument is unused:
  mul_comm

Hint: Omit it from the simp argument list.
  simp [abs_mul, mul_assoc, m̵u̵l̵_̵c̵o̵m̵m̵,̵ ̵mul_left_comm]

Note: This linter can be disabled with `set_option linter.unusedSimpArgs false`
warning: Goldbach/BG_Bank.lean:326:20: This simp argument is unused:
  hlogXabs

Hint: Omit it from the simp argument list.
  simp [h̵l̵o̵g̵X̵a̵b̵s̵,̵ ̵mul_comm, mul_left_comm, mul_assoc]

Note: This linter can be disabled with `set_option linter.unusedSimpArgs false`
warning: Goldbach/BG_Bank.lean:326:30: This simp argument is unused:
  mul_comm

Hint: Omit it from the simp argument list.
  simp [hlogXabs, m̵u̵l̵_̵c̵o̵m̵m̵,̵ ̵mul_left_comm, mul_assoc]

Note: This linter can be disabled with `set_option linter.unusedSimpArgs false`
warning: Goldbach/BG_Bank.lean:403:14: try 'simp' instead of 'simpa'

Note: This linter can be disabled with `set_option linter.unnecessarySimpa false`
warning: Goldbach/BG_Bank.lean:405:14: try 'simp' instead of 'simpa'

Note: This linter can be disabled with `set_option linter.unnecessarySimpa false`
warning: Goldbach/BG_Bank.lean:407:40: This simp argument is unused:
  add_comm

Hint: Omit it from the simp argument list.
  simp [div_self, hlogX_ne, add_c̵o̵m̵m̵,̵ ̵a̵d̵d̵_̵left_comm, add_assoc]

Note: This linter can be disabled with `set_option linter.unusedSimpArgs false`
warning: Goldbach/BG_Bank.lean:407:50: This simp argument is unused:
  add_left_comm

Hint: Omit it from the simp argument list.
  simp [div_self, hlogX_ne, add_comm, a̵d̵d̵_̵l̵e̵f̵t̵_̵c̵o̵m̵m̵,̵ ̵add_assoc]

Note: This linter can be disabled with `set_option linter.unusedSimpArgs false`
warning: Goldbach/BG_Bank.lean:407:65: This simp argument is unused:
  add_assoc

Hint: Omit it from the simp argument list.
  simp [div_self, hlogX_ne, add_comm, add_left_comm,̵ ̵a̵d̵d̵_̵a̵s̵s̵o̵c̵]

Note: This linter can be disabled with `set_option linter.unusedSimpArgs false`
warning: Goldbach/BG_Bank.lean:547:63: try 'simp' instead of 'simpa'

Note: This linter can be disabled with `set_option linter.unnecessarySimpa false`
warning: Goldbach/BG_Bank.lean:550:47: This simp argument is unused:
  add_comm

Hint: Omit it from the simp argument list.
  simp [add_div, div_self, hlogX_ne, add_c̵o̵m̵m̵,̵ ̵a̵d̵d̵_̵left_comm, add_assoc]

Note: This linter can be disabled with `set_option linter.unusedSimpArgs false`
warning: Goldbach/BG_Bank.lean:550:57: This simp argument is unused:
  add_left_comm

Hint: Omit it from the simp argument list.
  simp [add_div, div_self, hlogX_ne, add_comm, a̵d̵d̵_̵l̵e̵f̵t̵_̵c̵o̵m̵m̵,̵ ̵add_assoc]

Note: This linter can be disabled with `set_option linter.unusedSimpArgs false`
warning: Goldbach/BG_Bank.lean:550:72: This simp argument is unused:
  add_assoc

Hint: Omit it from the simp argument list.
  simp [add_div, div_self, hlogX_ne, add_comm, add_left_comm,̵ ̵a̵d̵d̵_̵a̵s̵s̵o̵c̵]

Note: This linter can be disabled with `set_option linter.unusedSimpArgs false`
warning: Goldbach/BG_Bank.lean:559:56: This simp argument is unused:
  add_left_comm

Hint: Omit it from the simp argument list.
  simp [c, Nat.cast_add, Nat.cast_one, add_assoc, a̵d̵d̵_̵l̵e̵f̵t̵_̵c̵o̵m̵m̵,̵ ̵add_comm, add_div, div_self hX0_ne]

Note: This linter can be disabled with `set_option linter.unusedSimpArgs false`
⚠ [7604/7613] Replayed Goldbach.BG_Operator
warning: Goldbach/BG_Operator.lean:31:2: try 'simp' instead of 'simpa'

Note: This linter can be disabled with `set_option linter.unnecessarySimpa false`
warning: Goldbach/BG_Operator.lean:98:2: try 'simp' instead of 'simpa'

Note: This linter can be disabled with `set_option linter.unnecessarySimpa false`
⚠ [7606/7613] Replayed Goldbach.PPBoundSquares
warning: Goldbach/PPBoundSquares.lean:41:8: try 'simp' instead of 'simpa'

Note: This linter can be disabled with `set_option linter.unnecessarySimpa false`
warning: Goldbach/PPBoundSquares.lean:228:10: try 'simp' instead of 'simpa'

Note: This linter can be disabled with `set_option linter.unnecessarySimpa false`
⚠ [7608/7613] Replayed Goldbach.AnalyticGlobal
warning: Goldbach/AnalyticGlobal.lean:65:28: This simp argument is unused:
  one_div

Hint: Omit it from the simp argument list.
  simp [div_eq_mul_inv, o̵n̵e̵_̵d̵i̵v̵,̵ ̵mul_comm]

Note: This linter can be disabled with `set_option linter.unusedSimpArgs false`
warning: Goldbach/AnalyticGlobal.lean:68:30: This simp argument is unused:
  one_div

Hint: Omit it from the simp argument list.
  simp [div_eq_mul_inv, o̵n̵e̵_̵d̵i̵v̵,̵ ̵mul_comm]

Note: This linter can be disabled with `set_option linter.unusedSimpArgs false`
warning: Goldbach/AnalyticGlobal.lean:70:39: This simp argument is unused:
  mul_left_comm

Hint: Omit it from the simp argument list.
  simp [one_div, S_ne, mul_comm, mul_l̵e̵f̵t̵_̵c̵o̵m̵m̵,̵ ̵m̵u̵l̵_̵assoc]

Note: This linter can be disabled with `set_option linter.unusedSimpArgs false`
warning: Goldbach/AnalyticGlobal.lean:70:54: This simp argument is unused:
  mul_assoc

Hint: Omit it from the simp argument list.
  simp [one_div, S_ne, mul_comm, mul_left_comm,̵ ̵m̵u̵l̵_̵a̵s̵s̵o̵c̵]

Note: This linter can be disabled with `set_option linter.unusedSimpArgs false`
⚠ [7609/7613] Replayed Goldbach.BankPieces
warning: Goldbach/BankPieces.lean:15:63: `class ... :=` has been deprecated in favor of `class ... where`.

Note: This linter can be disabled with `set_option linter.deprecated false`
⚠ [7611/7613] Replayed Goldbach.Analytic.MajorBoundFromSigma
warning: Goldbach/Analytic/MajorBoundFromSigma.lean:21:75: `structure ... :=` has been deprecated in favor of `structure ... where`.

Note: This linter can be disabled with `set_option linter.deprecated false`
⚠ [7612/7613] Replayed Goldbach.Analytic.NumericSigma
warning: Goldbach/Analytic/NumericSigma.lean:23:32: unused variable `hX`

Note: This linter can be disabled with `set_option linter.unusedVariables false`
✖ [7613/7613] Building Goldbach.BG_Identity (58s)
trace: .> LEAN_PATH=/Users/benjaminnelson/Desktop/nerd shit/goldbach/builds/Goldbach/.lake/packages/Cli/.lake/build/lib/lean:/Users/benjaminnelson/Desktop/nerd shit/goldbach/builds/Goldbach/.lake/packages/batteries/.lake/build/lib/lean:/Users/benjaminnelson/Desktop/nerd shit/goldbach/builds/Goldbach/.lake/packages/Qq/.lake/build/lib/lean:/Users/benjaminnelson/Desktop/nerd shit/goldbach/builds/Goldbach/.lake/packages/aesop/.lake/build/lib/lean:/Users/benjaminnelson/Desktop/nerd shit/goldbach/builds/Goldbach/.lake/packages/proofwidgets/.lake/build/lib/lean:/Users/benjaminnelson/Desktop/nerd shit/goldbach/builds/Goldbach/.lake/packages/importGraph/.lake/build/lib/lean:/Users/benjaminnelson/Desktop/nerd shit/goldbach/builds/Goldbach/.lake/packages/LeanSearchClient/.lake/build/lib/lean:/Users/benjaminnelson/Desktop/nerd shit/goldbach/builds/Goldbach/.lake/packages/plausible/.lake/build/lib/lean:/Users/benjaminnelson/Desktop/nerd shit/goldbach/builds/Goldbach/.lake/packages/mathlib/.lake/build/lib/lean:/Users/benjaminnelson/Desktop/nerd shit/goldbach/builds/Goldbach/.lake/build/lib/lean /Users/benjaminnelson/.elan/toolchains/leanprover--lean4---v4.26.0-rc2/bin/lean /Users/benjaminnelson/Desktop/nerd shit/goldbach/builds/Goldbach/Goldbach/BG_Identity.lean -o /Users/benjaminnelson/Desktop/nerd shit/goldbach/builds/Goldbach/.lake/build/lib/lean/Goldbach/BG_Identity.olean -i /Users/benjaminnelson/Desktop/nerd shit/goldbach/builds/Goldbach/.lake/build/lib/lean/Goldbach/BG_Identity.ilean -c /Users/benjaminnelson/Desktop/nerd shit/goldbach/builds/Goldbach/.lake/build/ir/Goldbach/BG_Identity.c --setup /Users/benjaminnelson/Desktop/nerd shit/goldbach/builds/Goldbach/.lake/build/ir/Goldbach/BG_Identity.setup.json --json
warning: Goldbach/BG_Identity.lean:149:48: This simp argument is unused:
  add_comm

Hint: Omit it from the simp argument list.
  simp [Finset.sum_insert, hk, ih, mul_add, a̵d̵d̵_̵c̵o̵m̵m̵,̵ ̵add_left_comm, add_assoc, mul_comm, mul_left_comm,
  ̲  ̲ ̲ ̲ ̲ ̲ ̲ ̲mul_assoc]

Note: This linter can be disabled with `set_option linter.unusedSimpArgs false`
warning: Goldbach/BG_Identity.lean:149:58: This simp argument is unused:
  add_left_comm

Hint: Omit it from the simp argument list.
  simp [Finset.sum_insert, hk, ih, mul_add, add_comm, a̵d̵d̵_̵l̵e̵f̵t̵_̵c̵o̵m̵m̵,̵add_assoc, mul_comm, mul_left_comm,
  ̲  ̲ ̲ ̲ ̲ ̲ ̲ ̲mul_assoc]

Note: This linter can be disabled with `set_option linter.unusedSimpArgs false`
warning: Goldbach/BG_Identity.lean:150:12: This simp argument is unused:
  add_assoc

Hint: Omit it from the simp argument list.
  simp [Finset.sum_insert, hk, ih, mul_add, add_comm, add_left_comm, a̵d̵d̵_̵a̵s̵s̵o̵c̵,̵ ̵mul_comm, mul_left_comm,
  ̲  ̲ ̲ ̲ ̲ ̲ ̲ ̲mul_assoc]

Note: This linter can be disabled with `set_option linter.unusedSimpArgs false`
warning: Goldbach/BG_Identity.lean:150:23: This simp argument is unused:
  mul_comm

Hint: Omit it from the simp argument list.
  simp [Finset.sum_insert, hk, ih, mul_add, add_comm, add_left_comm, add_assoc, m̵u̵l̵_̵c̵o̵m̵m̵,̵ ̵mul_left_comm,
  ̲  ̲ ̲ ̲ ̲ ̲ ̲ ̲mul_assoc]

Note: This linter can be disabled with `set_option linter.unusedSimpArgs false`
warning: Goldbach/BG_Identity.lean:150:33: This simp argument is unused:
  mul_left_comm

Hint: Omit it from the simp argument list.
  simp [Finset.sum_insert, hk, ih, mul_add, add_comm, add_left_comm, add_assoc, mul_comm,
  ̲  ̲ ̲ ̲ ̲ ̲ ̲ ̲m̵u̵l̵_̵l̵e̵f̵t̵_̵c̵o̵m̵m̵,̵ ̵mul_assoc]

Note: This linter can be disabled with `set_option linter.unusedSimpArgs false`
warning: Goldbach/BG_Identity.lean:150:48: This simp argument is unused:
  mul_assoc

Hint: Omit it from the simp argument list.
  simp [Finset.sum_insert, hk, ih, mul_add, add_comm, add_left_comm, add_assoc, mul_comm,
  ̲  ̲ ̲ ̲ ̲ ̲ ̲ ̲m̵u̵l̵_̵l̵e̵f̵t̵_̵c̵o̵m̵m̵,̵ ̵m̵u̵l̵_̵a̵s̵s̵o̵c̵]̵m̲u̲l̲_̲l̲e̲f̲t̲_̲c̲o̲m̲m̲]̲

Note: This linter can be disabled with `set_option linter.unusedSimpArgs false`
error: Goldbach/BG_Identity.lean:203:6: Tactic `subst` failed: invalid equality proof, it is not of the form (x = t) or (t = x)
  Ucut = 0

case pos
m : ℕ
hm : m ≤ Ucut
hU : Ucut = 0
⊢ 0 ≤ 1 - ↑m / ↑Ucut
error: Goldbach/BG_Identity.lean:197:76: unsolved goals
m : ℕ
hm : m ≤ Ucut
hnonneg : 0 ≤ 1 - ↑m / ↑Ucut
hmax : max (1 - ↑m / ↑Ucut) 0 = 1 - ↑m / ↑Ucut
⊢ max (1 - ↑m / (↑H + ↑((H + 99) / 100))) 0 / (↑H + ↑((H + 99) / 100)) =
    (1 - ↑m / (↑H + ↑((H + 99) / 100))) / (↑H + ↑((H + 99) / 100))
warning: Goldbach/BG_Identity.lean:216:8: This simp argument is unused:
  hmax

Hint: Omit it from the simp argument list.
  simp ̵[̵h̵m̵a̵x̵]̵

Note: This linter can be disabled with `set_option linter.unusedSimpArgs false`
warning: Goldbach/BG_Identity.lean:242:10: This simp argument is unused:
  Finset.sum_insert

Hint: Omit it from the simp argument list.
  simp [̵F̵i̵n̵s̵e̵t̵.̵s̵u̵m̵_̵i̵n̵s̵e̵r̵t̵,̵ ̵h̵a̵,̵[̲h̲a̲,̲ ih, mul_add, add_comm, add_left_comm, add_assoc, mul_comm, mul_left_comm, mul_assoc]

Note: This linter can be disabled with `set_option linter.unusedSimpArgs false`
warning: Goldbach/BG_Identity.lean:242:33: This simp argument is unused:
  ih

Hint: Omit it from the simp argument list.
  simp [Finset.sum_insert, ha, i̵h̵,̵ ̵mul_add, add_comm, add_left_comm,
  ̵  ̵ ̵ ̵ ̵ ̵ ̵ ̵ ̵ ̵add_assoc, mul_comm,
  ̲  ̲ ̲ ̲ ̲ ̲mul_left_comm, mul_assoc]

Note: This linter can be disabled with `set_option linter.unusedSimpArgs false`
warning: Goldbach/BG_Identity.lean:242:56: This simp argument is unused:
  add_left_comm

Hint: Omit it from the simp argument list.
  simp [Finset.sum_insert, ha, ih, mul_add, add_comm, a̵d̵d̵_̵l̵e̵f̵t̵_̵c̵o̵m̵m̵,̵add_assoc, mul_comm, mul_left_comm,
  ̲  ̲ ̲ ̲ ̲ ̲mul_assoc]

Note: This linter can be disabled with `set_option linter.unusedSimpArgs false`
warning: Goldbach/BG_Identity.lean:243:10: This simp argument is unused:
  add_assoc

Hint: Omit it from the simp argument list.
  simp [Finset.sum_insert, ha, ih, mul_add, add_comm, add_left_comm, a̵d̵d̵_̵a̵s̵s̵o̵c̵,̵ ̵mul_comm, mul_left_comm,
  ̲  ̲ ̲ ̲ ̲ ̲mul_assoc]

Note: This linter can be disabled with `set_option linter.unusedSimpArgs false`
warning: Goldbach/BG_Identity.lean:243:31: This simp argument is unused:
  mul_left_comm

Hint: Omit it from the simp argument list.
  simp [Finset.sum_insert, ha, ih, mul_add, add_comm, add_left_comm, add_assoc, mul_comm,
  ̲  ̲ ̲ ̲ ̲ ̲m̵u̵l̵_̵l̵e̵f̵t̵_̵c̵o̵m̵m̵,̵ ̵mul_assoc]

Note: This linter can be disabled with `set_option linter.unusedSimpArgs false`
warning: Goldbach/BG_Identity.lean:243:46: This simp argument is unused:
  mul_assoc

Hint: Omit it from the simp argument list.
  simp [Finset.sum_insert, ha, ih, mul_add, add_comm, add_left_comm, add_assoc, mul_comm,
  ̲  ̲ ̲ ̲ ̲ ̲m̵u̵l̵_̵l̵e̵f̵t̵_̵c̵o̵m̵m̵,̵ ̵m̵u̵l̵_̵a̵s̵s̵o̵c̵]̵m̲u̲l̲_̲l̲e̲f̲t̲_̲c̲o̲m̲m̲]̲

Note: This linter can be disabled with `set_option linter.unusedSimpArgs false`
warning: Goldbach/BG_Identity.lean:339:6: declaration uses 'sorry'
warning: Goldbach/BG_Identity.lean:368:23: This simp argument is unused:
  Int.ofNat_sub hHN

Hint: Omit it from the simp argument list.
  simp only [̵I̵n̵t̵.̵o̵f̵N̵a̵t̵_̵s̵u̵b̵ ̵h̵H̵N̵]̵ ̵at hZint

Note: This linter can be disabled with `set_option linter.unusedSimpArgs false`
warning: Goldbach/BG_Identity.lean:433:4: try 'simp' instead of 'simpa'

Note: This linter can be disabled with `set_option linter.unnecessarySimpa false`
warning: Goldbach/BG_Identity.lean:456:25: try 'simp' instead of 'simpa'

Note: This linter can be disabled with `set_option linter.unnecessarySimpa false`
warning: Goldbach/BG_Identity.lean:499:6: declaration uses 'sorry'
warning: Goldbach/BG_Identity.lean:536:15: unused variable `hX`

Note: This linter can be disabled with `set_option linter.unusedVariables false`
warning: Goldbach/BG_Identity.lean:537:5: unused variable `hN`

Note: This linter can be disabled with `set_option linter.unusedVariables false`
warning: Goldbach/BG_Identity.lean:569:5: unused variable `hk`

Note: This linter can be disabled with `set_option linter.unusedVariables false`
warning: Goldbach/BG_Identity.lean:594:28: This simp argument is unused:
  hUpos.ne'

Hint: Omit it from the simp argument list.
  s̵i̵m̵p̵ ̵[̵K̵_̵f̵u̵l̵l̵,̵ ̵K̵_̵f̵u̵l̵l̵_̵r̵a̵w̵,̵ ̵h̵U̵p̵o̵s̵.̵n̵e̵'̵]̵ ̵a̵t̵ ̵*̵s̲i̲m̲p̲ ̲[̲K̲_̲f̲u̲l̲l̲,̲
  ̲ ̲ ̲ ̲ ̲K̲_̲f̲u̲l̲l̲_̲r̲a̲w̲]̲ ̲a̲t̲ ̲*̲
  ̲ ̲ ̲ ̲ ̲ ̲ ̲-̲-̲ ̲a̲f̲t̲e̲r̲ ̲s̲i̲m̲p̲,̲ ̲g̲o̲a̲l̲ ̲b̲e̲c̲o̲m̲e̲s̲ ̲`̲0̲ ̲<̲ ̲1̲ ̲/̲ ̲(̲U̲c̲u̲t̲:̲ℝ̲)̲`̲
  ̲ ̲ ̲ ̲ ̲ ̲ ̲

Note: This linter can be disabled with `set_option linter.unusedSimpArgs false`
warning: Goldbach/BG_Identity.lean:619:5: unused variable `h`

Note: This linter can be disabled with `set_option linter.unusedVariables false`
warning: Goldbach/BG_Identity.lean:626:5: unused variable `h`

Note: This linter can be disabled with `set_option linter.unusedVariables false`
warning: Goldbach/BG_Identity.lean:642:25: unused variable `X`

Note: This linter can be disabled with `set_option linter.unusedVariables false`
warning: Goldbach/BG_Identity.lean:642:27: unused variable `N`

Note: This linter can be disabled with `set_option linter.unusedVariables false`
warning: Goldbach/BG_Identity.lean:666:5: unused variable `h`

Note: This linter can be disabled with `set_option linter.unusedVariables false`
error: Goldbach/BG_Identity.lean:680:10: Unknown identifier `Kernel.conv_ref_const_eq_sigma_mass_of`
warning: Goldbach/BG_Identity.lean:695:8: try 'simp' instead of 'simpa'

Note: This linter can be disabled with `set_option linter.unnecessarySimpa false`
warning: Goldbach/BG_Identity.lean:723:34: unused variable `hk`

Note: This linter can be disabled with `set_option linter.unusedVariables false`
warning: Goldbach/BG_Identity.lean:727:35: unused variable `hk`

Note: This linter can be disabled with `set_option linter.unusedVariables false`
error: Goldbach/BG_Identity.lean:784:20: failed to synthesize
  HMul (ℕ → ℝ) ℝ ?m.11

Hint: Additional diagnostic information may be available using the `set_option diagnostics true` command.
error: Goldbach/BG_Identity.lean:792:20: typeclass instance problem is stuck
  HMul (ℕ → ℝ) ?m.14 ℝ

Note: Lean will not try to resolve this typeclass instance problem because the second type argument to `HMul` is a metavariable. This argument must be fully determined before Lean will try to resolve the typeclass.

Hint: Adding type annotations and supplying implicit arguments to functions can give Lean more information for typeclass resolution. For example, if you have a variable `x` that you intend to be a `Nat`, but Lean reports it as having an unresolved type like `?m`, replacing `x` with `(x : Nat)` can get typeclass resolution un-stuck.
error: Goldbach/BG_Identity.lean:802:60: unsolved goals
⊢ False
error: Goldbach/BG_Identity.lean:820:58: unsolved goals
⊢ -((↑H + 99) / 100) ≤ ↑H ∧ 0 ≤ ↑H + (↑H + 99) / 100
error: Goldbach/BG_Identity.lean:842:26: Unknown constant `Int.natAbs_eq_ofNat_abs`
error: Goldbach/BG_Identity.lean:848:12: linarith failed to find a contradiction
case h
h0 : 0 ∈ bandU
z : ℤ
hz : z ∈ bandU.erase 0
hzIcc : z ∈ Finset.Icc (-↑Ucut) ↑Ucut
hz0 : z ≠ 0
this : -↑Ucut ≤ z ∧ z ≤ ↑Ucut
hle : z ≤ ↑Ucut
hneg : -↑Ucut ≤ z
hz' : ↑z.natAbs = max (-z) z
a✝ : ↑Ucut < ↑z.natAbs
⊢ False
failed
error: Goldbach/BG_Identity.lean:856:59: mod_cast has type
  ?m.225 = ?m.225
but is expected to have type
  z.natAbs = 0
error: Goldbach/BG_Identity.lean:860:12: Type mismatch
  hzabs0
has type
  z.natAbs = 0
but is expected to have type
  z.natAbs ≠ 0
error: Goldbach/BG_Identity.lean:862:17: Invalid `⟨...⟩` notation: The expected type
  z.natAbs - 1 < Ucut ∧ z = Int.ofNat (z.natAbs - 1).succ ∨ z = -Int.ofNat (z.natAbs - 1).succ
has more than one constructor

Note: This notation can only be used when the expected type is an inductive type with a single constructor
error: Goldbach/BG_Identity.lean:863:10: No goals to be solved
error: Goldbach/BG_Identity.lean:876:69: Application type mismatch: The argument
  hkpos
has type
  k < Ucut
but is expected to have type
  k ∈ Finset.range Ucut
in the application
  And.intro hkpos
error: Goldbach/BG_Identity.lean:831:6: unsolved goals
case h.mp.inr
h0 : 0 ∈ bandU
z : ℤ
hz : z ∈ bandU.erase 0
hzIcc : z ∈ Finset.Icc (-↑Ucut) ↑Ucut
hz0 : z ≠ 0
hzAbs : z.natAbs ≤ Ucut
k : ℕ
h✝ : z = -Int.ofNat k.succ
⊢ z ∈
    Finset.map { toFun := fun k => ↑k.succ, inj' := ⋯ } (Finset.range Ucut) ∪
      Finset.map { toFun := fun k => -↑k.succ, inj' := ⋯ } (Finset.range Ucut)
error: Goldbach/BG_Identity.lean:877:54: unsolved goals
h0 : 0 ∈ bandU
z : ℤ
⊢ K_full_raw (H + (H + 99) / 100) 0 = (↑H + ↑((H + 99) / 100))⁻¹
error: Goldbach/BG_Identity.lean:890:34: maximum recursion depth has been reached
use `set_option maxRecDepth <num>` to increase limit
use `set_option diagnostics true` to get diagnostic information
error: Goldbach/BG_Identity.lean:891:28: Type mismatch
  hk
has type
  k ∈ Finset.map { toFun := fun k => ↑k.succ, inj' := ⋯ } (Finset.range Ucut)
but is expected to have type
  ∀ (a₂ : ℤ) (ha₂ : a₂ ∈ Finset.map { toFun := fun k => ↑k.succ, inj' := ⋯ } (Finset.range Ucut)),
    (fun k hk => k) k hk = (fun k hk => k) a₂ ha₂ → k = a₂
error: Goldbach/BG_Identity.lean:892:14: unsolved goals
case heq
h0 : 0 ∈ bandU
z : ℤ
h0val : K_full 0 = 1 / ↑Ucut
k : ℤ
hk : k ∈ Finset.map { toFun := fun k => -↑k.succ, inj' := ⋯ } (Finset.range Ucut)
⊢ ∃ a < H + (H + 99) / 100, ↑a + 1 = k
error: Goldbach/BG_Identity.lean:893:28: Type mismatch
  hk
has type
  k ∈ Finset.map { toFun := fun k => ↑k.succ, inj' := ⋯ } (Finset.range Ucut)
but is expected to have type
  K_full k = K_full ((fun k hk => k) k hk)
error: Goldbach/BG_Identity.lean:910:68: Type mismatch: After simplification, term
  hbEq
 has type
  -1 + -↑b' = ↑a' + 1
but is expected to have type
  ↑a' + 1 = -1 + -↑b'
error: Goldbach/BG_Identity.lean:911:16: linarith failed to find a contradiction
h0 : 0 ∈ bandU
z : ℤ
h0val : K_full 0 = 1 / ↑Ucut
hpair :
  ∑ k ∈ Finset.map { toFun := fun k => ↑k.succ, inj' := ⋯ } (Finset.range Ucut), K_full k =
    ∑ k ∈ Finset.map { toFun := fun k => -↑k.succ, inj' := ⋯ } (Finset.range Ucut), K_full k
a' : ℕ
ha' : a' ∈ Finset.range Ucut
ha :
  { toFun := fun k => ↑k.succ, inj' := ⋯ } a' ∈ Finset.map { toFun := fun k => ↑k.succ, inj' := ⋯ } (Finset.range Ucut)
hb :
  { toFun := fun k => ↑k.succ, inj' := ⋯ } a' ∈ Finset.map { toFun := fun k => -↑k.succ, inj' := ⋯ } (Finset.range Ucut)
b' : ℕ
hb' : b' ∈ Finset.range Ucut
hbEq : { toFun := fun k => -↑k.succ, inj' := ⋯ } b' = { toFun := fun k => ↑k.succ, inj' := ⋯ } a'
hbPos : ↑b'.succ ≠ 0
this : ↑a'.succ = -↑b'.succ
⊢ False
failed
error: Goldbach/BG_Identity.lean:928:92: Unknown identifier `hpos`
error: Goldbach/BG_Identity.lean:930:6: 'calc' expression has type
  ∑ k ∈ bandU, K_full k = K_full 0 + 2 * ∑ k ∈ Finset.range Ucut, K_full (Int.ofNat k.succ)
but is expected to have type
  z ∈
      Finset.map { toFun := fun k => ↑k.succ, inj' := ⋯ } (Finset.range Ucut) ∪
        Finset.map { toFun := fun k => -↑k.succ, inj' := ⋯ } (Finset.range Ucut) →
    z ∈ bandU.erase 0
error: Goldbach/BG_Identity.lean:817:93: unsolved goals
h0 : 0 ∈ bandU
hpos :
  bandU.erase 0 =
    Finset.map { toFun := fun k => ↑k.succ, inj' := ⋯ } (Finset.range Ucut) ∪
      Finset.map { toFun := fun k => -↑k.succ, inj' := ⋯ } (Finset.range Ucut)
⊢ ∑ k ∈ bandU, K_full k = K_full 0 + 2 * ∑ k ∈ Finset.range Ucut, K_full (Int.ofNat k.succ)
error: Goldbach/BG_Identity.lean:933:22: maximum recursion depth has been reached
use `set_option maxRecDepth <num>` to increase limit
use `set_option diagnostics true` to get diagnostic information
warning: Goldbach/BG_Identity.lean:935:10: try 'simp' instead of 'simpa'

Note: This linter can be disabled with `set_option linter.unnecessarySimpa false`
warning: Goldbach/BG_Identity.lean:954:22: `Finset.range_succ` has been deprecated: Use `Finset.range_add_one` instead
error: Goldbach/BG_Identity.lean:952:72: unsolved goals
hsplit : ∑ k ∈ bandU, K_full k = K_full 0 + 2 * ∑ k ∈ Finset.range Ucut, K_full (Int.ofNat k.succ)
hsum1 : ∑ k ∈ Finset.range Ucut, 1 = ↑Ucut
this : ∑ i ∈ Finset.range Ucut.succ, i = Ucut.succ * (Ucut.succ - 1) / 2
⊢ H + (H + 99) / 100 + ∑ x ∈ Finset.range (H + (H + 99) / 100), x =
    ∑ x ∈ Finset.range (H + (H + 99) / 100), x + (H + (H + 99) / 100)
error: Goldbach/BG_Identity.lean:956:10: Type mismatch: After simplification, term
  Finset.sum_range_id
 has type
  ∀ (n : ℕ), ∑ i ∈ Finset.range n, i = n * (n - 1) / 2
but is expected to have type
  ∑ i ∈ Finset.range (H + (H + 99) / 100 + 1), i = (H + (H + 99) / 100 + 1) * (H + (H + 99) / 100) / 2
error: Goldbach/BG_Identity.lean:957:8: linarith failed to find a contradiction
case h1.h
hsplit : ∑ k ∈ bandU, K_full k = K_full 0 + 2 * ∑ k ∈ Finset.range Ucut, K_full (Int.ofNat k.succ)
hsum1 : ∑ k ∈ Finset.range Ucut, 1 = ↑Ucut
this : ∑ i ∈ Finset.range Ucut.succ, i = Ucut.succ * (Ucut.succ - 1) / 2
hrewrite : ∑ i ∈ Finset.range Ucut.succ, i = ∑ k ∈ Finset.range Ucut, k.succ
hs : ∑ i ∈ Finset.range Ucut.succ, i = Ucut.succ * Ucut / 2
a✝ : ∑ k ∈ Finset.range Ucut, k.succ < Ucut * (Ucut + 1) / 2
⊢ False
failed
error: Goldbach/BG_Identity.lean:959:6: maximum recursion depth has been reached
use `set_option maxRecDepth <num>` to increase limit
use `set_option diagnostics true` to get diagnostic information
error: Goldbach/BG_Identity.lean:966:16: maximum recursion depth has been reached
use `set_option maxRecDepth <num>` to increase limit
use `set_option diagnostics true` to get diagnostic information
error: Goldbach/BG_Identity.lean:978:68: unsolved goals
hsplit : ∑ k ∈ bandU, K_full k = K_full 0 + 2 * ∑ k ∈ Finset.range Ucut, K_full (Int.ofNat k.succ)
hsum1 : ∑ k ∈ Finset.range Ucut, 1 = ↑Ucut
hsumk : ∑ k ∈ Finset.range Ucut, ↑k.succ = ↑Ucut * (↑Ucut + 1) / 2
hUpos : 0 < ↑Ucut
hUpos' : ↑Ucut ≠ 0
⊢ (↑H + ↑((H + 99) / 100) - ∑ x ∈ Finset.range (H + (H + 99) / 100), (↑x + 1) / (↑H + ↑((H + 99) / 100))) /
      (↑H + ↑((H + 99) / 100)) =
    (↑H + ↑((H + 99) / 100))⁻¹ *
      (↑H + ↑((H + 99) / 100) - ∑ x ∈ Finset.range (H + (H + 99) / 100), (↑x + 1) / (↑H + ↑((H + 99) / 100)))
info: Goldbach/BG_Identity.lean:984:8: Try this:
  [apply] ring_nf
  
  The `ring` tactic failed to close the goal. Use `ring_nf` to obtain a normal form.
    
  Note that `ring` works primarily in *commutative* rings. If you have a noncommutative ring, abelian group or module, consider using `noncomm_ring`, `abel` or `module` instead.
error: Goldbach/BG_Identity.lean:981:96: unsolved goals
hsplit : ∑ k ∈ bandU, K_full k = K_full 0 + 2 * ∑ k ∈ Finset.range Ucut, K_full (Int.ofNat k.succ)
hsum1 : ∑ k ∈ Finset.range Ucut, 1 = ↑Ucut
hsumk : ∑ k ∈ Finset.range Ucut, ↑k.succ = ↑Ucut * (↑Ucut + 1) / 2
hUpos : 0 < ↑Ucut
hUpos' : ↑Ucut ≠ 0
⊢ ↑Ucut * (↑Ucut)⁻¹ - (↑Ucut)⁻¹ * ∑ x ∈ Finset.range Ucut, (↑Ucut)⁻¹ * ↑x.succ =
    ↑Ucut * (↑Ucut)⁻¹ + ↑Ucut * (↑Ucut)⁻¹ ^ 2 * (-1 / 2) + ↑Ucut ^ 2 * (↑Ucut)⁻¹ ^ 2 * (-1 / 2)
info: Goldbach/BG_Identity.lean:986:33: Try this:
  [apply] ring_nf
  
  The `ring` tactic failed to close the goal. Use `ring_nf` to obtain a normal form.
    
  Note that `ring` works primarily in *commutative* rings. If you have a noncommutative ring, abelian group or module, consider using `noncomm_ring`, `abel` or `module` instead.
error: Goldbach/BG_Identity.lean:985:34: unsolved goals
hsplit : ∑ k ∈ bandU, K_full k = K_full 0 + 2 * ∑ k ∈ Finset.range Ucut, K_full (Int.ofNat k.succ)
hsum1 : ∑ k ∈ Finset.range Ucut, 1 = ↑Ucut
hsumk : ∑ k ∈ Finset.range Ucut, ↑k.succ = ↑Ucut * (↑Ucut + 1) / 2
hUpos : 0 < ↑Ucut
⊢ -1 + ↑Ucut = -↑Ucut + ↑Ucut ^ 2
error: Goldbach/BG_Identity.lean:995:58: unsolved goals
hsplit : ∑ k ∈ bandU, K_full k = K_full 0 + 2 * ∑ k ∈ Finset.range Ucut, K_full (Int.ofNat k.succ)
hpos_eval : ∑ k ∈ Finset.range Ucut, K_full (Int.ofNat k.succ) = (↑Ucut - 1) / 2
hUpos : ↑Ucut ≠ 0
this : ∑ k ∈ bandU, K_full k = K_full 0 + 2 * ∑ k ∈ Finset.range Ucut, K_full (Int.ofNat k.succ)
⊢ K_full_raw (H + (H + 99) / 100) 0 = (↑H + ↑((H + 99) / 100))⁻¹
info: Goldbach/BG_Identity.lean:1004:6: Try this:
  [apply] ring_nf
  
  The `ring` tactic failed to close the goal. Use `ring_nf` to obtain a normal form.
    
  Note that `ring` works primarily in *commutative* rings. If you have a noncommutative ring, abelian group or module, consider using `noncomm_ring`, `abel` or `module` instead.
error: Goldbach/BG_Identity.lean:998:13: unsolved goals
hsplit : ∑ k ∈ bandU, K_full k = K_full 0 + 2 * ∑ k ∈ Finset.range Ucut, K_full (Int.ofNat k.succ)
hpos_eval : ∑ k ∈ Finset.range Ucut, K_full (Int.ofNat k.succ) = (↑Ucut - 1) / 2
hUpos hUpos' : ↑Ucut ≠ 0
hUpos'' : 0 < ↑Ucut
⊢ 1 - ↑Ucut + ↑Ucut ^ 2 = ↑Ucut
warning: Goldbach/BG_Identity.lean:821:14: This simp argument is unused:
  bandU

Hint: Omit it from the simp argument list.
  simp ̵[̵b̵a̵n̵d̵U̵]̵

Note: This linter can be disabled with `set_option linter.unusedSimpArgs false`
warning: Goldbach/BG_Identity.lean:980:14: This simp argument is unused:
  Finset.sum_mul

Hint: Omit it from the simp argument list.
  simp [F̵i̵n̵s̵e̵t̵.̵s̵u̵m̵_̵m̵u̵l̵,̵ ̵hUpos']

Note: This linter can be disabled with `set_option linter.unusedSimpArgs false`
warning: Goldbach/BG_Identity.lean:980:30: This simp argument is unused:
  hUpos'

Hint: Omit it from the simp argument list.
  simp [Finset.sum_mul,̵ ̵h̵U̵p̵o̵s̵'̵]

Note: This linter can be disabled with `set_option linter.unusedSimpArgs false`
warning: Goldbach/BG_Identity.lean:983:43: This simp argument is unused:
  Finset.sum_div

Hint: Omit it from the simp argument list.
  simp only [Finset.sum_sub_distrib, F̵i̵n̵s̵e̵t̵.̵s̵u̵m̵_̵d̵i̵v̵,̵ ̵hsum1, hsumk]

Note: This linter can be disabled with `set_option linter.unusedSimpArgs false`
warning: Goldbach/BG_Identity.lean:983:66: This simp argument is unused:
  hsumk

Hint: Omit it from the simp argument list.
  simp only [Finset.sum_sub_distrib, Finset.sum_div, hsum1,̵ ̵h̵s̵u̵m̵k̵]

Note: This linter can be disabled with `set_option linter.unusedSimpArgs false`
error: Goldbach/BG_Identity.lean:1019:27: Invalid argument name `bandU` for function `sum_bandU`
error: Goldbach/BG_Identity.lean:1042:30: unsolved goals
Kadm : BG.AdmissibleKernel Ucut
⊢ 0 ∈ BG_Bank.S_BG
warning: Goldbach/BG_Identity.lean:1059:5: unused variable `h`

Note: This linter can be disabled with `set_option linter.unusedVariables false`
error: Goldbach/BG_Identity.lean:1078:53: Type mismatch: After simplification, term
  hk
 has type
  k ∈ BG_Bank.S_BG
but is expected to have type
  -↑H ≤ k ∧ k ≤ ↑H
error: Goldbach/BG_Identity.lean:1083:6: Tactic `simp` failed with a nested error:
maximum recursion depth has been reached
use `set_option maxRecDepth <num>` to increase limit
use `set_option diagnostics true` to get diagnostic information
warning: Goldbach/BG_Identity.lean:1103:54: try 'simp' instead of 'simpa'

Note: This linter can be disabled with `set_option linter.unnecessarySimpa false`
error: Goldbach/BG_Identity.lean:1118:14: Type mismatch: After simplification, term
  Finset.mem_Icc.mpr hkIcc_pair
 has type
  -↑H ≤ k ∧ k ≤ ↑H
but is expected to have type
  k ∈ BG_Bank.S_BG
error: Goldbach/BG_Identity.lean:1120:53: Type mismatch: After simplification, term
  hk
 has type
  k ∈ BG_Bank.S_BG
but is expected to have type
  -↑H ≤ k ∧ k ≤ ↑H
warning: Goldbach/BG_Identity.lean:1123:6: try 'simp' instead of 'simpa'

Note: This linter can be disabled with `set_option linter.unnecessarySimpa false`
error: Goldbach/BG_Identity.lean:1158:55: linarith failed to find a contradiction
case h
hinner_eq : innerBand = Finset.Icc (-↑H) ↑H
z : ℤ
hz : z ∈ (Finset.Icc (-↑H) ↑H).erase 0
hzIcc : z ∈ Finset.Icc (-↑H) ↑H
hz0 : z ≠ 0
this : -↑H ≤ z ∧ z ≤ ↑H
hle : z ≤ ↑H
hneg : -↑H ≤ z
a✝ : ↑H < ↑z.natAbs
⊢ False
failed
error: Goldbach/BG_Identity.lean:1166:33: Function expected at
  Int.natAbs_eq_zero
but this term has type
  Int.natAbs ?m.243 = 0 ↔ ?m.243 = 0

Note: Expected a function because this term is being applied to the argument
  hzabs0
error: Goldbach/BG_Identity.lean:1169:17: Invalid `⟨...⟩` notation: The expected type
  z.natAbs - 1 < H ∧ z = Int.ofNat (z.natAbs - 1).succ ∨ z = -Int.ofNat (z.natAbs - 1).succ
has more than one constructor

Note: This notation can only be used when the expected type is an inductive type with a single constructor
error: Goldbach/BG_Identity.lean:1170:10: No goals to be solved
error: Goldbach/BG_Identity.lean:1148:6: unsolved goals
case h.mp.inl
hinner_eq : innerBand = Finset.Icc (-↑H) ↑H
k : ℕ
hkpos : k < H
hz : Int.ofNat k.succ ∈ (Finset.Icc (-↑H) ↑H).erase 0
hzIcc : Int.ofNat k.succ ∈ Finset.Icc (-↑H) ↑H
hz0 : Int.ofNat k.succ ≠ 0
hzAbs : (Int.ofNat k.succ).natAbs ≤ H
⊢ Int.ofNat k.succ ∈
    Finset.map { toFun := fun k => ↑k.succ, inj' := ⋯ } (Finset.range H) ∪
      Finset.map { toFun := fun k => -↑k.succ, inj' := ⋯ } (Finset.range H)

case h.mp.inr
hinner_eq : innerBand = Finset.Icc (-↑H) ↑H
z : ℤ
hz : z ∈ (Finset.Icc (-↑H) ↑H).erase 0
hzIcc : z ∈ Finset.Icc (-↑H) ↑H
hz0 : z ≠ 0
hzAbs : z.natAbs ≤ H
k : ℕ
h✝ : z = -Int.ofNat k.succ
⊢ z ∈
    Finset.map { toFun := fun k => ↑k.succ, inj' := ⋯ } (Finset.range H) ∪
      Finset.map { toFun := fun k => -↑k.succ, inj' := ⋯ } (Finset.range H)
error: Goldbach/BG_Identity.lean:1183:54: unsolved goals
hinner_eq : innerBand = Finset.Icc (-↑H) ↑H
z : ℤ
h0mem : 0 ∈ Finset.Icc (-↑H) ↑H
⊢ K_full_raw (H + (H + 99) / 100) 0 = (↑H + ↑((H + 99) / 100))⁻¹
error: Goldbach/BG_Identity.lean:1191:12: `inj` is not a field of structure `Function.Embedding`
error: Goldbach/BG_Identity.lean:1190:10: Fields missing: `inj'`

Hint: Add missing fields:
  
  ̲ ̲ ̲ ̲ ̲ ̲ ̲ ̲ ̲ ̲ ̲ ̲ ̲i̲n̲j̲'̲ ̲:̲=̲ ̲_̲
error: Goldbach/BG_Identity.lean:1197:12: `inj` is not a field of structure `Function.Embedding`
error: Goldbach/BG_Identity.lean:1196:10: Fields missing: `inj'`

Hint: Add missing fields:
  
  ̲ ̲ ̲ ̲ ̲ ̲ ̲ ̲ ̲ ̲ ̲ ̲ ̲i̲n̲j̲'̲ ̲:̲=̲ ̲_̲
error: Goldbach/BG_Identity.lean:1206:60: Type mismatch: After simplification, term
  hEq
 has type
  negEmb j = posEmb i
but is expected to have type
  ↑i + 1 = -1 + -↑j
error: Goldbach/BG_Identity.lean:1208:67: Type mismatch: After simplification, term
  this
 has type
  ↑i + 1 = -1 + -↑j
but is expected to have type
  ↑i + 1 + (↑j + 1) = 0
error: Goldbach/BG_Identity.lean:1209:62: mod_cast has type
  ?m.535
of sort `Type ?u.64028` but is expected to have type
  0 < i.succ + j.succ
of sort `Prop`
error: Goldbach/BG_Identity.lean:1209:78: Application type mismatch: The argument
  Nat.succ_pos j
has type
  0 < j.succ
of sort `Prop` but is expected to have type
  ?m.537
of sort `Type ?u.64029` in the application
  ?m.540 + ⋯
error: Goldbach/BG_Identity.lean:1210:33: Type mismatch: After simplification, term
  hpos
 has type
  0 < ↑i + 1 + (↑j + 1)
but is expected to have type
  False
error: Goldbach/BG_Identity.lean:1212:79: Unknown identifier `hband`
error: Goldbach/BG_Identity.lean:1217:85: Invalid argument name `emb` for function `Finset.sum_map`

Hint: Perhaps you meant one of the following parameter names:
  • `ι`: e̵m̵b̵ι̲
  • `κ`: e̵m̵b̵κ̲
  • `M`: e̵m̵b̵M̲
  • `e`: em̵b̵
error: Goldbach/BG_Identity.lean:1221:85: Invalid argument name `emb` for function `Finset.sum_map`

Hint: Perhaps you meant one of the following parameter names:
  • `ι`: e̵m̵b̵ι̲
  • `κ`: e̵m̵b̵κ̲
  • `M`: e̵m̵b̵M̲
  • `e`: em̵b̵
error: Goldbach/BG_Identity.lean:1225:10: maximum recursion depth has been reached
use `set_option maxRecDepth <num>` to increase limit
use `set_option diagnostics true` to get diagnostic information
warning: Goldbach/BG_Identity.lean:1229:16: try 'simp' instead of 'simpa'

Note: This linter can be disabled with `set_option linter.unnecessarySimpa false`
warning: Goldbach/BG_Identity.lean:1235:16: try 'simp' instead of 'simpa'

Note: This linter can be disabled with `set_option linter.unnecessarySimpa false`
error: Goldbach/BG_Identity.lean:1237:6: 'calc' expression has type
  ∑ k ∈ innerBand, K_full k = K_full 0 + 2 * ∑ k ∈ Finset.range H, K_full (Int.ofNat k.succ)
but is expected to have type
  z ∈
      Finset.map { toFun := fun k => ↑k.succ, inj' := ⋯ } (Finset.range H) ∪
        Finset.map { toFun := fun k => -↑k.succ, inj' := ⋯ } (Finset.range H) →
    z ∈ (Finset.Icc (-↑H) ↑H).erase 0
error: Goldbach/BG_Identity.lean:1141:137: unsolved goals
hinner_eq : innerBand = Finset.Icc (-↑H) ↑H
hband :
  (Finset.Icc (-↑H) ↑H).erase 0 =
    Finset.map { toFun := fun k => ↑k.succ, inj' := ⋯ } (Finset.range H) ∪
      Finset.map { toFun := fun k => -↑k.succ, inj' := ⋯ } (Finset.range H)
⊢ ∑ k ∈ innerBand, K_full k = K_full 0 + 2 * ∑ k ∈ Finset.range H, K_full (Int.ofNat k.succ)
warning: Goldbach/BG_Identity.lean:1246:10: try 'simp' instead of 'simpa'

Note: This linter can be disabled with `set_option linter.unnecessarySimpa false`
warning: Goldbach/BG_Identity.lean:1264:8: try 'simp' instead of 'simpa'

Note: This linter can be disabled with `set_option linter.unnecessarySimpa false`
warning: Goldbach/BG_Identity.lean:1277:34: try 'simp' instead of 'simpa'

Note: This linter can be disabled with `set_option linter.unnecessarySimpa false`
error: Goldbach/BG_Identity.lean:1279:4: maximum recursion depth has been reached
use `set_option maxRecDepth <num>` to increase limit
use `set_option diagnostics true` to get diagnostic information
error: Goldbach/BG_Identity.lean:1312:16: maximum recursion depth has been reached
use `set_option maxRecDepth <num>` to increase limit
use `set_option diagnostics true` to get diagnostic information
error: Goldbach/BG_Identity.lean:1329:18: maximum recursion depth has been reached
use `set_option maxRecDepth <num>` to increase limit
use `set_option diagnostics true` to get diagnostic information
error: Goldbach/BG_Identity.lean:1333:16: Tactic `assumption` failed

hinner_eq : innerBand = Finset.Icc (-↑H) ↑H
hsplit : ∑ k ∈ innerBand, K_full k = K_full 0 + 2 * ∑ k ∈ Finset.range H, K_full (Int.ofNat k.succ)
hsum1 : ∑ k ∈ Finset.range H, 1 = ↑H
hsumk : ∑ k ∈ Finset.range H, ↑k.succ = ↑H * (↑H + 1) / 2
hUpos : ↑Ucut ≠ 0
hHU : H ≤ Ucut
hU0 : ↑Ucut ≠ 0
hsum_div : ∑ k ∈ Finset.range H, ↑k.succ / ↑Ucut = 1 / ↑Ucut * ∑ k ∈ Finset.range H, ↑k.succ
this : ∀ k < H, K_full (↑k + 1) = (1 - (↑k + 1) / (↑H + ↑((H + 99) / 100))) / (↑H + ↑((H + 99) / 100))
⊢ ∑ x ∈ Finset.range H, (↑x + 1) / (↑H + ↑((H + 99) / 100)) =
      (↑H + ↑((H + 99) / 100))⁻¹ * ∑ x ∈ Finset.range H, (↑x + 1) ∨
    ↑H + ↑((H + 99) / 100) = 0
error: Goldbach/BG_Identity.lean:1334:87: unsolved goals
hinner_eq : innerBand = Finset.Icc (-↑H) ↑H
hsplit : ∑ k ∈ innerBand, K_full k = K_full 0 + 2 * ∑ k ∈ Finset.range H, K_full (Int.ofNat k.succ)
hsum1 : ∑ k ∈ Finset.range H, 1 = ↑H
hsumk : ∑ k ∈ Finset.range H, ↑k.succ = ↑H * (↑H + 1) / 2
hUpos : ↑Ucut ≠ 0
hHU : H ≤ Ucut
hU0 : ↑Ucut ≠ 0
this : ∀ k ∈ Finset.range H, K_full (Int.ofNat k.succ) = (1 - ↑k.succ / ↑Ucut) / ↑Ucut
hsum_succ : ∑ k ∈ Finset.range H, ↑k.succ = ↑H * (↑H + 1) / 2
⊢ ∑ x ∈ Finset.range H, (↑x + 1) = ↑H * (↑H + 1) * 2⁻¹ ∨ ↑H + ↑((H + 99) / 100) = 0
error: Goldbach/BG_Identity.lean:1352:4: maximum recursion depth has been reached
use `set_option maxRecDepth <num>` to increase limit
use `set_option diagnostics true` to get diagnostic information
error: Goldbach/BG_Identity.lean:1370:12: maximum recursion depth has been reached
use `set_option maxRecDepth <num>` to increase limit
use `set_option diagnostics true` to get diagnostic information
error: Goldbach/BG_Identity.lean:1376:12: maximum recursion depth has been reached
use `set_option maxRecDepth <num>` to increase limit
use `set_option diagnostics true` to get diagnostic information
error: Goldbach/BG_Identity.lean:1377:2: maximum recursion depth has been reached
use `set_option maxRecDepth <num>` to increase limit
use `set_option diagnostics true` to get diagnostic information
warning: Goldbach/BG_Identity.lean:1258:24: This simp argument is unused:
  add_left_comm

Hint: Omit it from the simp argument list.
  simp [Nat.succ_eq_add_one, Finset.sum_add_distrib, Finset.sum_const, Finset.card_range,
             ̵ ̵ ̵ ̵add_comm, add_l̵e̵f̵t̵_̵c̵o̵m̵m̵,̵ ̵ad̵d̵_̵a̵ssoc]

Note: This linter can be disabled with `set_option linter.unusedSimpArgs false`
warning: Goldbach/BG_Identity.lean:1258:39: This simp argument is unused:
  add_assoc

Hint: Omit it from the simp argument list.
  simp [Nat.succ_eq_add_one, Finset.sum_add_distrib, Finset.sum_const, Finset.card_range,
             ̵ ̵ ̵ ̵add_comm, add_left_comm,̵ ̵a̵d̵d̵_̵a̵s̵s̵o̵c̵]

Note: This linter can be disabled with `set_option linter.unusedSimpArgs false`
warning: Goldbach/BG_Identity.lean:1311:64: This simp argument is unused:
  mul_left_comm

Hint: Omit it from the simp argument list.
  simp [div_eq_mul_inv, mul_comm, mul_l̵e̵f̵t̵_̵c̵o̵m̵m̵,̵ ̵m̵u̵l̵_̵assoc]

Note: This linter can be disabled with `set_option linter.unusedSimpArgs false`
warning: Goldbach/BG_Identity.lean:1311:79: This simp argument is unused:
  mul_assoc

Hint: Omit it from the simp argument list.
  simp [div_eq_mul_inv, mul_comm, mul_left_comm,̵ ̵m̵u̵l̵_̵a̵s̵s̵o̵c̵]

Note: This linter can be disabled with `set_option linter.unusedSimpArgs false`
warning: Goldbach/BG_Identity.lean:1340:22: This simp argument is unused:
  hsum_succ

Hint: Omit it from the simp argument list.
  simp [h̵s̵u̵m̵_̵s̵u̵c̵c̵,̵ ̵div_eq_mul_inv]

Note: This linter can be disabled with `set_option linter.unusedSimpArgs false`
warning: Goldbach/BG_Identity.lean:1379:6: declaration uses 'sorry'
error: Goldbach/BG_Identity.lean:1425:21: maximum recursion depth has been reached
use `set_option maxRecDepth <num>` to increase limit
use `set_option diagnostics true` to get diagnostic information
warning: Goldbach/BG_Identity.lean:1453:28: unused variable `X`

Note: This linter can be disabled with `set_option linter.unusedVariables false`
warning: Goldbach/BG_Identity.lean:1453:30: unused variable `N`

Note: This linter can be disabled with `set_option linter.unusedVariables false`
warning: Goldbach/BG_Identity.lean:1454:28: unused variable `X`

Note: This linter can be disabled with `set_option linter.unusedVariables false`
warning: Goldbach/BG_Identity.lean:1454:30: unused variable `N`

Note: This linter can be disabled with `set_option linter.unusedVariables false`
error: Goldbach/BG_Identity.lean:1480:21: maximum recursion depth has been reached
use `set_option maxRecDepth <num>` to increase limit
use `set_option diagnostics true` to get diagnostic information
error: Goldbach/BG_Identity.lean:1579:0: Unexpected name `BG_Identity` after `end`: The current section is unnamed

Hint: Delete the name `BG_Identity` to end the current unnamed scope; outer named scopes can then be closed using additional `end` command(s):
  end ̵B̵G̵_̵I̵d̵e̵n̵t̵i̵t̵y̵
error: Goldbach/BG_Identity.lean:1580:0: Unexpected name `Goldbach` after `end`: The current section is unnamed

Hint: Delete the name `Goldbach` to end the current unnamed scope; outer named scopes can then be closed using additional `end` command(s):
  end ̵G̵o̵l̵d̵b̵a̵c̵h̵
error: Lean exited with code 1
Some required targets logged failures:
- Goldbach.BG_Identity
error: build failed
⚠ [7588/7599] Replayed Goldbach.Windows
warning: Goldbach/Windows.lean:63:4: try 'simp' instead of 'simpa'

Note: This linter can be disabled with `set_option linter.unnecessarySimpa false`
warning: Goldbach/Windows.lean:68:2: try 'simp' instead of 'simpa'

Note: This linter can be disabled with `set_option linter.unnecessarySimpa false`
warning: Goldbach/Windows.lean:68:38: this tactic is never executed

Note: This linter can be disabled with `set_option linter.unreachableTactic false`
warning: Goldbach/Windows.lean:68:38: 'simpa using hmap' tactic does nothing

Note: This linter can be disabled with `set_option linter.unusedTactic false`
⚠ [7590/7599] Replayed Goldbach.Base.FiniteBaseDefs
warning: Goldbach/Base/FiniteBaseDefs.lean:41:17: unused variable `ha`

Note: This linter can be disabled with `set_option linter.unusedVariables false`
warning: Goldbach/Base/FiniteBaseDefs.lean:41:45: unused variable `hc`

Note: This linter can be disabled with `set_option linter.unusedVariables false`
warning: Goldbach/Base/FiniteBaseDefs.lean:42:5: unused variable `hab`

Note: This linter can be disabled with `set_option linter.unusedVariables false`
warning: Goldbach/Base/FiniteBaseDefs.lean:42:19: unused variable `hbc`

Note: This linter can be disabled with `set_option linter.unusedVariables false`
⚠ [7591/7599] Replayed Goldbach.ClosureBridge
warning: Goldbach/ClosureBridge.lean:42:41: try 'simp' instead of 'simpa'

Note: This linter can be disabled with `set_option linter.unnecessarySimpa false`
Build completed successfully (7599 jobs).
lean: unrecognized option `--make'
Unknown command line option
Lean (version 4.26.0-rc2, arm64-apple-darwin24.6.0, commit 9d4ad1273f6cea397c3066c2c83062a4410d16bf, Release)
Miscellaneous
  -h, --help             display this message
      --features         display features compiler provides (eg. LLVM support)
  -v, --version          display version information
  -V, --short-version    display short version number
  -g, --githash          display the git commit hash number used to build this binary
      --run <file>       call the 'main' definition in the given file with the remaining arguments
  -o, --o=oname          create olean file
  -i, --i=iname          create ilean file
  -c, --c=fname          name of the C output file
  -b, --bc=fname         name of the LLVM bitcode file
      --stdin            take input from stdin
      --root=dir         set package root directory from which the module name

                         of the input file is calculated

                         (default: current working directory)

  -t, --trust=num        trust level (default: max) 0 means do not trust any macro,

                         and type check all imported modules

  -q, --quiet            do not print verbose messages
  -M, --memory=num       maximum amount of memory that should be used by Lean
                         (in megabytes)
  -T, --timeout=num      maximum number of memory allocations per task
                         this is a deterministic way of interrupting long running tasks
  -j, --threads=num      number of threads used to process lean files
  -s, --tstack=num       thread stack size in Kb
      --server           start lean in server mode
      --worker           start lean in server-worker mode
      --plugin=file      load and initialize Lean shared library for registering linters etc.
      --load-dynlib=file load shared library to make its symbols available to the interpreter
      --setup=file       JSON file with module setup data (supersedes the file's header)
      --json             report Lean output (e.g., messages) as JSON (one per line)
  -E  --error=kind       report Lean messages of kind as errors
      --deps             just print dependencies of a Lean input
      --src-deps         just print dependency sources of a Lean input
      --print-prefix     print the installation prefix for Lean and exit
      --print-libdir     print the installation directory for Lean's built-in libraries and exit
      --profile          display elaboration/type checking time for each definition/theorem
      --stats            display environment statistics
      -D name=value      set a configuration option (see set_option command)
⚠ [7587/7623] Replayed Goldbach.Compat
warning: Goldbach/Compat.lean:18:2: try 'simp' instead of 'simpa'

Note: This linter can be disabled with `set_option linter.unnecessarySimpa false`
warning: Goldbach/Compat.lean:24:40: unused variable `hb`

Note: This linter can be disabled with `set_option linter.unusedVariables false`
warning: Goldbach/Compat.lean:50:4: try 'simp' instead of 'simpa'

Note: This linter can be disabled with `set_option linter.unnecessarySimpa false`
⚠ [7589/7623] Replayed Goldbach.Windows
warning: Goldbach/Windows.lean:63:4: try 'simp' instead of 'simpa'

Note: This linter can be disabled with `set_option linter.unnecessarySimpa false`
warning: Goldbach/Windows.lean:68:2: try 'simp' instead of 'simpa'

Note: This linter can be disabled with `set_option linter.unnecessarySimpa false`
warning: Goldbach/Windows.lean:68:38: this tactic is never executed

Note: This linter can be disabled with `set_option linter.unreachableTactic false`
warning: Goldbach/Windows.lean:68:38: 'simpa using hmap' tactic does nothing

Note: This linter can be disabled with `set_option linter.unusedTactic false`
⚠ [7591/7623] Replayed Goldbach.Base.FiniteBaseDefs
warning: Goldbach/Base/FiniteBaseDefs.lean:41:17: unused variable `ha`

Note: This linter can be disabled with `set_option linter.unusedVariables false`
warning: Goldbach/Base/FiniteBaseDefs.lean:41:45: unused variable `hc`

Note: This linter can be disabled with `set_option linter.unusedVariables false`
warning: Goldbach/Base/FiniteBaseDefs.lean:42:5: unused variable `hab`

Note: This linter can be disabled with `set_option linter.unusedVariables false`
warning: Goldbach/Base/FiniteBaseDefs.lean:42:19: unused variable `hbc`

Note: This linter can be disabled with `set_option linter.unusedVariables false`
⚠ [7592/7623] Replayed Goldbach.ClosureBridge
warning: Goldbach/ClosureBridge.lean:42:41: try 'simp' instead of 'simpa'

Note: This linter can be disabled with `set_option linter.unnecessarySimpa false`
⚠ [7599/7623] Replayed Goldbach.AO_AssembleEnvelope
warning: Goldbach/AO_AssembleEnvelope.lean:67:20: try 'simp' instead of 'simpa'

Note: This linter can be disabled with `set_option linter.unnecessarySimpa false`
⚠ [7601/7623] Replayed Goldbach.AO_Major
warning: Goldbach/AO_Major.lean:21:13: unused variable `hX`

Note: This linter can be disabled with `set_option linter.unusedVariables false`
warning: Goldbach/AO_Major.lean:21:35: unused variable `hN`

Note: This linter can be disabled with `set_option linter.unusedVariables false`
warning: Goldbach/AO_Major.lean:25:24: This simp argument is unused:
  add_assoc

Hint: Omit it from the simp argument list.
  simp [Goldbach.AO_Major.errAO, Goldbach.AO_Major.weight_mass, Goldbach.AO_Core.errAO,
       ̵ ̵ ̵ ̵sub_eq_add_neg, add_a̵s̵s̵o̵c̵,̵ ̵a̵d̵d̵_̵left_comm, add_comm, mul_assoc]

Note: This linter can be disabled with `set_option linter.unusedSimpArgs false`
warning: Goldbach/AO_Major.lean:25:60: This simp argument is unused:
  mul_assoc

Hint: Omit it from the simp argument list.
  simp [Goldbach.AO_Major.errAO, Goldbach.AO_Major.weight_mass, Goldbach.AO_Core.errAO,
       ̵ ̵ ̵ ̵sub_eq_add_neg, add_assoc, add_left_comm, add_comm,̵ ̵m̵u̵l̵_̵a̵s̵s̵o̵c̵]

Note: This linter can be disabled with `set_option linter.unusedSimpArgs false`
warning: Goldbach/AO_Major.lean:46:5: unused variable `h`

Note: This linter can be disabled with `set_option linter.unusedVariables false`
warning: Goldbach/AO_Major.lean:58:24: This simp argument is unused:
  dif_pos

Hint: Omit it from the simp argument list.
  simp only [MPDF, win, d̵i̵f̵_̵p̵o̵s̵,̵ ̵mul_div_assoc']

Note: This linter can be disabled with `set_option linter.unusedSimpArgs false`
warning: Goldbach/AO_Major.lean:58:33: This simp argument is unused:
  mul_div_assoc'

Hint: Omit it from the simp argument list.
  simp only [MPDF, win, dif_pos,̵ ̵m̵u̵l̵_̵d̵i̵v̵_̵a̵s̵s̵o̵c̵'̵]

Note: This linter can be disabled with `set_option linter.unusedSimpArgs false`
warning: Goldbach/AO_Major.lean:81:69: try 'simp' instead of 'simpa'

Note: This linter can be disabled with `set_option linter.unnecessarySimpa false`
warning: Goldbach/AO_Major.lean:82:68: try 'simp' instead of 'simpa'

Note: This linter can be disabled with `set_option linter.unnecessarySimpa false`
warning: Goldbach/AO_Major.lean:83:68: try 'simp' instead of 'simpa'

Note: This linter can be disabled with `set_option linter.unnecessarySimpa false`
warning: Goldbach/AO_Major.lean:85:90: This simp argument is unused:
  add_assoc

Hint: Omit it from the simp argument list.
  simp [sub_eq_add_neg,̵ ̵a̵d̵d̵_̵a̵s̵s̵o̵c̵]

Note: This linter can be disabled with `set_option linter.unusedSimpArgs false`
warning: Goldbach/AO_Major.lean:101:24: This simp argument is unused:
  dif_pos

Hint: Omit it from the simp argument list.
  simp only [MPDF, win,̵ ̵d̵i̵f̵_̵p̵o̵s̵]

Note: This linter can be disabled with `set_option linter.unusedSimpArgs false`
⚠ [7602/7623] Replayed Goldbach.BG_Bank
warning: Goldbach/BG_Bank.lean:13:25: unused variable `n`

Note: This linter can be disabled with `set_option linter.unusedVariables false`
warning: Goldbach/BG_Bank.lean:75:4: try 'simp' instead of 'simpa'

Note: This linter can be disabled with `set_option linter.unnecessarySimpa false`
warning: Goldbach/BG_Bank.lean:75:25: this tactic is never executed

Note: This linter can be disabled with `set_option linter.unreachableTactic false`
warning: Goldbach/BG_Bank.lean:75:25: 'decide' tactic does nothing

Note: This linter can be disabled with `set_option linter.unusedTactic false`
warning: Goldbach/BG_Bank.lean:288:14: try 'simp' instead of 'simpa'

Note: This linter can be disabled with `set_option linter.unnecessarySimpa false`
warning: Goldbach/BG_Bank.lean:188:42: This simp argument is unused:
  Nat.cast_sub hn_le

Hint: Omit it from the simp argument list.
  simp only [Nat.cast_succ,̵ ̵N̵a̵t̵.̵c̵a̵s̵t̵_̵s̵u̵b̵ ̵h̵n̵_̵l̵e̵]

Note: This linter can be disabled with `set_option linter.unusedSimpArgs false`
warning: Goldbach/BG_Bank.lean:194:24: This simp argument is unused:
  abs_of_nonneg hlog_Nm_nn

Hint: Omit it from the simp argument list.
  simp [hp,̵ ̵a̵b̵s̵_̵o̵f̵_̵n̵o̵n̵n̵e̵g̵ ̵h̵l̵o̵g̵_̵N̵m̵_̵n̵n̵]

Note: This linter can be disabled with `set_option linter.unusedSimpArgs false`
warning: Goldbach/BG_Bank.lean:202:24: This simp argument is unused:
  abs_of_nonneg hlog_Np1_nn

Hint: Omit it from the simp argument list.
  simp [hp,̵ ̵a̵b̵s̵_̵o̵f̵_̵n̵o̵n̵n̵e̵g̵ ̵h̵l̵o̵g̵_̵N̵p̵1̵_̵n̵n̵]

Note: This linter can be disabled with `set_option linter.unusedSimpArgs false`
warning: Goldbach/BG_Bank.lean:218:46: This simp argument is unused:
  mul_comm

Hint: Omit it from the simp argument list.
  simp [abs_mul, mul_assoc, m̵u̵l̵_̵c̵o̵m̵m̵,̵ ̵mul_left_comm]

Note: This linter can be disabled with `set_option linter.unusedSimpArgs false`
warning: Goldbach/BG_Bank.lean:326:20: This simp argument is unused:
  hlogXabs

Hint: Omit it from the simp argument list.
  simp [h̵l̵o̵g̵X̵a̵b̵s̵,̵ ̵mul_comm, mul_left_comm, mul_assoc]

Note: This linter can be disabled with `set_option linter.unusedSimpArgs false`
warning: Goldbach/BG_Bank.lean:326:30: This simp argument is unused:
  mul_comm

Hint: Omit it from the simp argument list.
  simp [hlogXabs, m̵u̵l̵_̵c̵o̵m̵m̵,̵ ̵mul_left_comm, mul_assoc]

Note: This linter can be disabled with `set_option linter.unusedSimpArgs false`
warning: Goldbach/BG_Bank.lean:403:14: try 'simp' instead of 'simpa'

Note: This linter can be disabled with `set_option linter.unnecessarySimpa false`
warning: Goldbach/BG_Bank.lean:405:14: try 'simp' instead of 'simpa'

Note: This linter can be disabled with `set_option linter.unnecessarySimpa false`
warning: Goldbach/BG_Bank.lean:407:40: This simp argument is unused:
  add_comm

Hint: Omit it from the simp argument list.
  simp [div_self, hlogX_ne, add_c̵o̵m̵m̵,̵ ̵a̵d̵d̵_̵left_comm, add_assoc]

Note: This linter can be disabled with `set_option linter.unusedSimpArgs false`
warning: Goldbach/BG_Bank.lean:407:50: This simp argument is unused:
  add_left_comm

Hint: Omit it from the simp argument list.
  simp [div_self, hlogX_ne, add_comm, a̵d̵d̵_̵l̵e̵f̵t̵_̵c̵o̵m̵m̵,̵ ̵add_assoc]

Note: This linter can be disabled with `set_option linter.unusedSimpArgs false`
warning: Goldbach/BG_Bank.lean:407:65: This simp argument is unused:
  add_assoc

Hint: Omit it from the simp argument list.
  simp [div_self, hlogX_ne, add_comm, add_left_comm,̵ ̵a̵d̵d̵_̵a̵s̵s̵o̵c̵]

Note: This linter can be disabled with `set_option linter.unusedSimpArgs false`
warning: Goldbach/BG_Bank.lean:547:63: try 'simp' instead of 'simpa'

Note: This linter can be disabled with `set_option linter.unnecessarySimpa false`
warning: Goldbach/BG_Bank.lean:550:47: This simp argument is unused:
  add_comm

Hint: Omit it from the simp argument list.
  simp [add_div, div_self, hlogX_ne, add_c̵o̵m̵m̵,̵ ̵a̵d̵d̵_̵left_comm, add_assoc]

Note: This linter can be disabled with `set_option linter.unusedSimpArgs false`
warning: Goldbach/BG_Bank.lean:550:57: This simp argument is unused:
  add_left_comm

Hint: Omit it from the simp argument list.
  simp [add_div, div_self, hlogX_ne, add_comm, a̵d̵d̵_̵l̵e̵f̵t̵_̵c̵o̵m̵m̵,̵ ̵add_assoc]

Note: This linter can be disabled with `set_option linter.unusedSimpArgs false`
warning: Goldbach/BG_Bank.lean:550:72: This simp argument is unused:
  add_assoc

Hint: Omit it from the simp argument list.
  simp [add_div, div_self, hlogX_ne, add_comm, add_left_comm,̵ ̵a̵d̵d̵_̵a̵s̵s̵o̵c̵]

Note: This linter can be disabled with `set_option linter.unusedSimpArgs false`
warning: Goldbach/BG_Bank.lean:559:56: This simp argument is unused:
  add_left_comm

Hint: Omit it from the simp argument list.
  simp [c, Nat.cast_add, Nat.cast_one, add_assoc, a̵d̵d̵_̵l̵e̵f̵t̵_̵c̵o̵m̵m̵,̵ ̵add_comm, add_div, div_self hX0_ne]

Note: This linter can be disabled with `set_option linter.unusedSimpArgs false`
⚠ [7603/7623] Replayed Goldbach.BG_Operator
warning: Goldbach/BG_Operator.lean:31:2: try 'simp' instead of 'simpa'

Note: This linter can be disabled with `set_option linter.unnecessarySimpa false`
warning: Goldbach/BG_Operator.lean:98:2: try 'simp' instead of 'simpa'

Note: This linter can be disabled with `set_option linter.unnecessarySimpa false`
⚠ [7605/7623] Replayed Goldbach.SingularSeries
warning: Goldbach/SingularSeries.lean:40:5: unused variable `h`

Note: This linter can be disabled with `set_option linter.unusedVariables false`
warning: Goldbach/SingularSeries.lean:88:8: `Finset.eq_empty_iff_forall_not_mem` has been deprecated: Use `Finset.eq_empty_iff_forall_notMem` instead
warning: Goldbach/SingularSeries.lean:98:4: try 'simp' instead of 'simpa'

Note: This linter can be disabled with `set_option linter.unnecessarySimpa false`
warning: Goldbach/SingularSeries.lean:99:28: this tactic is never executed

Note: This linter can be disabled with `set_option linter.unreachableTactic false`
warning: Goldbach/SingularSeries.lean:99:57: this tactic is never executed

Note: This linter can be disabled with `set_option linter.unreachableTactic false`
warning: Goldbach/SingularSeries.lean:99:28: 'decide' tactic does nothing

Note: This linter can be disabled with `set_option linter.unusedTactic false`
warning: Goldbach/SingularSeries.lean:99:57: 'decide' tactic does nothing

Note: This linter can be disabled with `set_option linter.unusedTactic false`
⚠ [7607/7623] Replayed Goldbach.PPNumerics
warning: Goldbach/PPNumerics.lean:24:42: try 'simp' instead of 'simpa'

Note: This linter can be disabled with `set_option linter.unnecessarySimpa false`
warning: Goldbach/PPNumerics.lean:27:6: try 'simp' instead of 'simpa'

Note: This linter can be disabled with `set_option linter.unnecessarySimpa false`
⚠ [7608/7623] Replayed Goldbach.PPBoundSquares
warning: Goldbach/PPBoundSquares.lean:41:8: try 'simp' instead of 'simpa'

Note: This linter can be disabled with `set_option linter.unnecessarySimpa false`
warning: Goldbach/PPBoundSquares.lean:228:10: try 'simp' instead of 'simpa'

Note: This linter can be disabled with `set_option linter.unnecessarySimpa false`
⚠ [7610/7623] Replayed Goldbach.AnalyticGlobal
warning: Goldbach/AnalyticGlobal.lean:65:28: This simp argument is unused:
  one_div

Hint: Omit it from the simp argument list.
  simp [div_eq_mul_inv, o̵n̵e̵_̵d̵i̵v̵,̵ ̵mul_comm]

Note: This linter can be disabled with `set_option linter.unusedSimpArgs false`
warning: Goldbach/AnalyticGlobal.lean:68:30: This simp argument is unused:
  one_div

Hint: Omit it from the simp argument list.
  simp [div_eq_mul_inv, o̵n̵e̵_̵d̵i̵v̵,̵ ̵mul_comm]

Note: This linter can be disabled with `set_option linter.unusedSimpArgs false`
warning: Goldbach/AnalyticGlobal.lean:70:39: This simp argument is unused:
  mul_left_comm

Hint: Omit it from the simp argument list.
  simp [one_div, S_ne, mul_comm, mul_l̵e̵f̵t̵_̵c̵o̵m̵m̵,̵ ̵m̵u̵l̵_̵assoc]

Note: This linter can be disabled with `set_option linter.unusedSimpArgs false`
warning: Goldbach/AnalyticGlobal.lean:70:54: This simp argument is unused:
  mul_assoc

Hint: Omit it from the simp argument list.
  simp [one_div, S_ne, mul_comm, mul_left_comm,̵ ̵m̵u̵l̵_̵a̵s̵s̵o̵c̵]

Note: This linter can be disabled with `set_option linter.unusedSimpArgs false`
⚠ [7611/7623] Replayed Goldbach.BankPieces
warning: Goldbach/BankPieces.lean:15:63: `class ... :=` has been deprecated in favor of `class ... where`.

Note: This linter can be disabled with `set_option linter.deprecated false`
⚠ [7613/7623] Replayed Goldbach.Analytic.MajorBoundFromSigma
warning: Goldbach/Analytic/MajorBoundFromSigma.lean:21:75: `structure ... :=` has been deprecated in favor of `structure ... where`.

Note: This linter can be disabled with `set_option linter.deprecated false`
⚠ [7614/7623] Replayed Goldbach.Analytic.NumericSigma
warning: Goldbach/Analytic/NumericSigma.lean:23:32: unused variable `hX`

Note: This linter can be disabled with `set_option linter.unusedVariables false`
✖ [7620/7623] Building Goldbach.BG_Identity (55s)
trace: .> LEAN_PATH=/Users/benjaminnelson/Desktop/nerd shit/goldbach/builds/Goldbach/.lake/packages/Cli/.lake/build/lib/lean:/Users/benjaminnelson/Desktop/nerd shit/goldbach/builds/Goldbach/.lake/packages/batteries/.lake/build/lib/lean:/Users/benjaminnelson/Desktop/nerd shit/goldbach/builds/Goldbach/.lake/packages/Qq/.lake/build/lib/lean:/Users/benjaminnelson/Desktop/nerd shit/goldbach/builds/Goldbach/.lake/packages/aesop/.lake/build/lib/lean:/Users/benjaminnelson/Desktop/nerd shit/goldbach/builds/Goldbach/.lake/packages/proofwidgets/.lake/build/lib/lean:/Users/benjaminnelson/Desktop/nerd shit/goldbach/builds/Goldbach/.lake/packages/importGraph/.lake/build/lib/lean:/Users/benjaminnelson/Desktop/nerd shit/goldbach/builds/Goldbach/.lake/packages/LeanSearchClient/.lake/build/lib/lean:/Users/benjaminnelson/Desktop/nerd shit/goldbach/builds/Goldbach/.lake/packages/plausible/.lake/build/lib/lean:/Users/benjaminnelson/Desktop/nerd shit/goldbach/builds/Goldbach/.lake/packages/mathlib/.lake/build/lib/lean:/Users/benjaminnelson/Desktop/nerd shit/goldbach/builds/Goldbach/.lake/build/lib/lean /Users/benjaminnelson/.elan/toolchains/leanprover--lean4---v4.26.0-rc2/bin/lean /Users/benjaminnelson/Desktop/nerd shit/goldbach/builds/Goldbach/Goldbach/BG_Identity.lean -o /Users/benjaminnelson/Desktop/nerd shit/goldbach/builds/Goldbach/.lake/build/lib/lean/Goldbach/BG_Identity.olean -i /Users/benjaminnelson/Desktop/nerd shit/goldbach/builds/Goldbach/.lake/build/lib/lean/Goldbach/BG_Identity.ilean -c /Users/benjaminnelson/Desktop/nerd shit/goldbach/builds/Goldbach/.lake/build/ir/Goldbach/BG_Identity.c --setup /Users/benjaminnelson/Desktop/nerd shit/goldbach/builds/Goldbach/.lake/build/ir/Goldbach/BG_Identity.setup.json --json
warning: Goldbach/BG_Identity.lean:149:48: This simp argument is unused:
  add_comm

Hint: Omit it from the simp argument list.
  simp [Finset.sum_insert, hk, ih, mul_add, a̵d̵d̵_̵c̵o̵m̵m̵,̵ ̵add_left_comm, add_assoc, mul_comm, mul_left_comm,
  ̲  ̲ ̲ ̲ ̲ ̲ ̲ ̲mul_assoc]

Note: This linter can be disabled with `set_option linter.unusedSimpArgs false`
warning: Goldbach/BG_Identity.lean:149:58: This simp argument is unused:
  add_left_comm

Hint: Omit it from the simp argument list.
  simp [Finset.sum_insert, hk, ih, mul_add, add_comm, a̵d̵d̵_̵l̵e̵f̵t̵_̵c̵o̵m̵m̵,̵add_assoc, mul_comm, mul_left_comm,
  ̲  ̲ ̲ ̲ ̲ ̲ ̲ ̲mul_assoc]

Note: This linter can be disabled with `set_option linter.unusedSimpArgs false`
warning: Goldbach/BG_Identity.lean:150:12: This simp argument is unused:
  add_assoc

Hint: Omit it from the simp argument list.
  simp [Finset.sum_insert, hk, ih, mul_add, add_comm, add_left_comm, a̵d̵d̵_̵a̵s̵s̵o̵c̵,̵ ̵mul_comm, mul_left_comm,
  ̲  ̲ ̲ ̲ ̲ ̲ ̲ ̲mul_assoc]

Note: This linter can be disabled with `set_option linter.unusedSimpArgs false`
warning: Goldbach/BG_Identity.lean:150:23: This simp argument is unused:
  mul_comm

Hint: Omit it from the simp argument list.
  simp [Finset.sum_insert, hk, ih, mul_add, add_comm, add_left_comm, add_assoc, m̵u̵l̵_̵c̵o̵m̵m̵,̵ ̵mul_left_comm,
  ̲  ̲ ̲ ̲ ̲ ̲ ̲ ̲mul_assoc]

Note: This linter can be disabled with `set_option linter.unusedSimpArgs false`
warning: Goldbach/BG_Identity.lean:150:33: This simp argument is unused:
  mul_left_comm

Hint: Omit it from the simp argument list.
  simp [Finset.sum_insert, hk, ih, mul_add, add_comm, add_left_comm, add_assoc, mul_comm,
  ̲  ̲ ̲ ̲ ̲ ̲ ̲ ̲m̵u̵l̵_̵l̵e̵f̵t̵_̵c̵o̵m̵m̵,̵ ̵mul_assoc]

Note: This linter can be disabled with `set_option linter.unusedSimpArgs false`
warning: Goldbach/BG_Identity.lean:150:48: This simp argument is unused:
  mul_assoc

Hint: Omit it from the simp argument list.
  simp [Finset.sum_insert, hk, ih, mul_add, add_comm, add_left_comm, add_assoc, mul_comm,
  ̲  ̲ ̲ ̲ ̲ ̲ ̲ ̲m̵u̵l̵_̵l̵e̵f̵t̵_̵c̵o̵m̵m̵,̵ ̵m̵u̵l̵_̵a̵s̵s̵o̵c̵]̵m̲u̲l̲_̲l̲e̲f̲t̲_̲c̲o̲m̲m̲]̲

Note: This linter can be disabled with `set_option linter.unusedSimpArgs false`
error: Goldbach/BG_Identity.lean:203:6: Tactic `subst` failed: invalid equality proof, it is not of the form (x = t) or (t = x)
  Ucut = 0

case pos
m : ℕ
hm : m ≤ Ucut
hU : Ucut = 0
⊢ 0 ≤ 1 - ↑m / ↑Ucut
error: Goldbach/BG_Identity.lean:197:76: unsolved goals
m : ℕ
hm : m ≤ Ucut
hnonneg : 0 ≤ 1 - ↑m / ↑Ucut
hmax : max (1 - ↑m / ↑Ucut) 0 = 1 - ↑m / ↑Ucut
⊢ max (1 - ↑m / (↑H + ↑((H + 99) / 100))) 0 / (↑H + ↑((H + 99) / 100)) =
    (1 - ↑m / (↑H + ↑((H + 99) / 100))) / (↑H + ↑((H + 99) / 100))
warning: Goldbach/BG_Identity.lean:216:8: This simp argument is unused:
  hmax

Hint: Omit it from the simp argument list.
  simp ̵[̵h̵m̵a̵x̵]̵

Note: This linter can be disabled with `set_option linter.unusedSimpArgs false`
warning: Goldbach/BG_Identity.lean:242:10: This simp argument is unused:
  Finset.sum_insert

Hint: Omit it from the simp argument list.
  simp [̵F̵i̵n̵s̵e̵t̵.̵s̵u̵m̵_̵i̵n̵s̵e̵r̵t̵,̵ ̵h̵a̵,̵[̲h̲a̲,̲ ih, mul_add, add_comm, add_left_comm, add_assoc, mul_comm, mul_left_comm, mul_assoc]

Note: This linter can be disabled with `set_option linter.unusedSimpArgs false`
warning: Goldbach/BG_Identity.lean:242:33: This simp argument is unused:
  ih

Hint: Omit it from the simp argument list.
  simp [Finset.sum_insert, ha, i̵h̵,̵ ̵mul_add, add_comm, add_left_comm,
  ̵  ̵ ̵ ̵ ̵ ̵ ̵ ̵ ̵ ̵add_assoc, mul_comm,
  ̲  ̲ ̲ ̲ ̲ ̲mul_left_comm, mul_assoc]

Note: This linter can be disabled with `set_option linter.unusedSimpArgs false`
warning: Goldbach/BG_Identity.lean:242:56: This simp argument is unused:
  add_left_comm

Hint: Omit it from the simp argument list.
  simp [Finset.sum_insert, ha, ih, mul_add, add_comm, a̵d̵d̵_̵l̵e̵f̵t̵_̵c̵o̵m̵m̵,̵add_assoc, mul_comm, mul_left_comm,
  ̲  ̲ ̲ ̲ ̲ ̲mul_assoc]

Note: This linter can be disabled with `set_option linter.unusedSimpArgs false`
warning: Goldbach/BG_Identity.lean:243:10: This simp argument is unused:
  add_assoc

Hint: Omit it from the simp argument list.
  simp [Finset.sum_insert, ha, ih, mul_add, add_comm, add_left_comm, a̵d̵d̵_̵a̵s̵s̵o̵c̵,̵ ̵mul_comm, mul_left_comm,
  ̲  ̲ ̲ ̲ ̲ ̲mul_assoc]

Note: This linter can be disabled with `set_option linter.unusedSimpArgs false`
warning: Goldbach/BG_Identity.lean:243:31: This simp argument is unused:
  mul_left_comm

Hint: Omit it from the simp argument list.
  simp [Finset.sum_insert, ha, ih, mul_add, add_comm, add_left_comm, add_assoc, mul_comm,
  ̲  ̲ ̲ ̲ ̲ ̲m̵u̵l̵_̵l̵e̵f̵t̵_̵c̵o̵m̵m̵,̵ ̵mul_assoc]

Note: This linter can be disabled with `set_option linter.unusedSimpArgs false`
warning: Goldbach/BG_Identity.lean:243:46: This simp argument is unused:
  mul_assoc

Hint: Omit it from the simp argument list.
  simp [Finset.sum_insert, ha, ih, mul_add, add_comm, add_left_comm, add_assoc, mul_comm,
  ̲  ̲ ̲ ̲ ̲ ̲m̵u̵l̵_̵l̵e̵f̵t̵_̵c̵o̵m̵m̵,̵ ̵m̵u̵l̵_̵a̵s̵s̵o̵c̵]̵m̲u̲l̲_̲l̲e̲f̲t̲_̲c̲o̲m̲m̲]̲

Note: This linter can be disabled with `set_option linter.unusedSimpArgs false`
warning: Goldbach/BG_Identity.lean:339:6: declaration uses 'sorry'
warning: Goldbach/BG_Identity.lean:368:23: This simp argument is unused:
  Int.ofNat_sub hHN

Hint: Omit it from the simp argument list.
  simp only [̵I̵n̵t̵.̵o̵f̵N̵a̵t̵_̵s̵u̵b̵ ̵h̵H̵N̵]̵ ̵at hZint

Note: This linter can be disabled with `set_option linter.unusedSimpArgs false`
warning: Goldbach/BG_Identity.lean:433:4: try 'simp' instead of 'simpa'

Note: This linter can be disabled with `set_option linter.unnecessarySimpa false`
warning: Goldbach/BG_Identity.lean:456:25: try 'simp' instead of 'simpa'

Note: This linter can be disabled with `set_option linter.unnecessarySimpa false`
warning: Goldbach/BG_Identity.lean:499:6: declaration uses 'sorry'
warning: Goldbach/BG_Identity.lean:536:15: unused variable `hX`

Note: This linter can be disabled with `set_option linter.unusedVariables false`
warning: Goldbach/BG_Identity.lean:537:5: unused variable `hN`

Note: This linter can be disabled with `set_option linter.unusedVariables false`
warning: Goldbach/BG_Identity.lean:569:5: unused variable `hk`

Note: This linter can be disabled with `set_option linter.unusedVariables false`
warning: Goldbach/BG_Identity.lean:594:28: This simp argument is unused:
  hUpos.ne'

Hint: Omit it from the simp argument list.
  s̵i̵m̵p̵ ̵[̵K̵_̵f̵u̵l̵l̵,̵ ̵K̵_̵f̵u̵l̵l̵_̵r̵a̵w̵,̵ ̵h̵U̵p̵o̵s̵.̵n̵e̵'̵]̵ ̵a̵t̵ ̵*̵s̲i̲m̲p̲ ̲[̲K̲_̲f̲u̲l̲l̲,̲
  ̲ ̲ ̲ ̲ ̲K̲_̲f̲u̲l̲l̲_̲r̲a̲w̲]̲ ̲a̲t̲ ̲*̲
  ̲ ̲ ̲ ̲ ̲ ̲ ̲-̲-̲ ̲a̲f̲t̲e̲r̲ ̲s̲i̲m̲p̲,̲ ̲g̲o̲a̲l̲ ̲b̲e̲c̲o̲m̲e̲s̲ ̲`̲0̲ ̲<̲ ̲1̲ ̲/̲ ̲(̲U̲c̲u̲t̲:̲ℝ̲)̲`̲
  ̲ ̲ ̲ ̲ ̲ ̲ ̲

Note: This linter can be disabled with `set_option linter.unusedSimpArgs false`
warning: Goldbach/BG_Identity.lean:619:5: unused variable `h`

Note: This linter can be disabled with `set_option linter.unusedVariables false`
warning: Goldbach/BG_Identity.lean:626:5: unused variable `h`

Note: This linter can be disabled with `set_option linter.unusedVariables false`
warning: Goldbach/BG_Identity.lean:642:25: unused variable `X`

Note: This linter can be disabled with `set_option linter.unusedVariables false`
warning: Goldbach/BG_Identity.lean:642:27: unused variable `N`

Note: This linter can be disabled with `set_option linter.unusedVariables false`
warning: Goldbach/BG_Identity.lean:666:5: unused variable `h`

Note: This linter can be disabled with `set_option linter.unusedVariables false`
error: Goldbach/BG_Identity.lean:680:10: Unknown identifier `Kernel.conv_ref_const_eq_sigma_mass_of`
warning: Goldbach/BG_Identity.lean:695:8: try 'simp' instead of 'simpa'

Note: This linter can be disabled with `set_option linter.unnecessarySimpa false`
warning: Goldbach/BG_Identity.lean:723:34: unused variable `hk`

Note: This linter can be disabled with `set_option linter.unusedVariables false`
warning: Goldbach/BG_Identity.lean:727:35: unused variable `hk`

Note: This linter can be disabled with `set_option linter.unusedVariables false`
error: Goldbach/BG_Identity.lean:784:20: failed to synthesize
  HMul (ℕ → ℝ) ℝ ?m.11

Hint: Additional diagnostic information may be available using the `set_option diagnostics true` command.
error: Goldbach/BG_Identity.lean:792:20: typeclass instance problem is stuck
  HMul (ℕ → ℝ) ?m.14 ℝ

Note: Lean will not try to resolve this typeclass instance problem because the second type argument to `HMul` is a metavariable. This argument must be fully determined before Lean will try to resolve the typeclass.

Hint: Adding type annotations and supplying implicit arguments to functions can give Lean more information for typeclass resolution. For example, if you have a variable `x` that you intend to be a `Nat`, but Lean reports it as having an unresolved type like `?m`, replacing `x` with `(x : Nat)` can get typeclass resolution un-stuck.
error: Goldbach/BG_Identity.lean:802:60: unsolved goals
⊢ False
error: Goldbach/BG_Identity.lean:820:58: unsolved goals
⊢ -((↑H + 99) / 100) ≤ ↑H ∧ 0 ≤ ↑H + (↑H + 99) / 100
error: Goldbach/BG_Identity.lean:842:26: Unknown constant `Int.natAbs_eq_ofNat_abs`
error: Goldbach/BG_Identity.lean:848:12: linarith failed to find a contradiction
case h
h0 : 0 ∈ bandU
z : ℤ
hz : z ∈ bandU.erase 0
hzIcc : z ∈ Finset.Icc (-↑Ucut) ↑Ucut
hz0 : z ≠ 0
this : -↑Ucut ≤ z ∧ z ≤ ↑Ucut
hle : z ≤ ↑Ucut
hneg : -↑Ucut ≤ z
hz' : ↑z.natAbs = max (-z) z
a✝ : ↑Ucut < ↑z.natAbs
⊢ False
failed
error: Goldbach/BG_Identity.lean:856:59: mod_cast has type
  ?m.225 = ?m.225
but is expected to have type
  z.natAbs = 0
error: Goldbach/BG_Identity.lean:860:12: Type mismatch
  hzabs0
has type
  z.natAbs = 0
but is expected to have type
  z.natAbs ≠ 0
error: Goldbach/BG_Identity.lean:862:17: Invalid `⟨...⟩` notation: The expected type
  z.natAbs - 1 < Ucut ∧ z = Int.ofNat (z.natAbs - 1).succ ∨ z = -Int.ofNat (z.natAbs - 1).succ
has more than one constructor

Note: This notation can only be used when the expected type is an inductive type with a single constructor
error: Goldbach/BG_Identity.lean:863:10: No goals to be solved
error: Goldbach/BG_Identity.lean:876:69: Application type mismatch: The argument
  hkpos
has type
  k < Ucut
but is expected to have type
  k ∈ Finset.range Ucut
in the application
  And.intro hkpos
error: Goldbach/BG_Identity.lean:831:6: unsolved goals
case h.mp.inr
h0 : 0 ∈ bandU
z : ℤ
hz : z ∈ bandU.erase 0
hzIcc : z ∈ Finset.Icc (-↑Ucut) ↑Ucut
hz0 : z ≠ 0
hzAbs : z.natAbs ≤ Ucut
k : ℕ
h✝ : z = -Int.ofNat k.succ
⊢ z ∈
    Finset.map { toFun := fun k => ↑k.succ, inj' := ⋯ } (Finset.range Ucut) ∪
      Finset.map { toFun := fun k => -↑k.succ, inj' := ⋯ } (Finset.range Ucut)
error: Goldbach/BG_Identity.lean:877:54: unsolved goals
h0 : 0 ∈ bandU
z : ℤ
⊢ K_full_raw (H + (H + 99) / 100) 0 = (↑H + ↑((H + 99) / 100))⁻¹
error: Goldbach/BG_Identity.lean:890:34: maximum recursion depth has been reached
use `set_option maxRecDepth <num>` to increase limit
use `set_option diagnostics true` to get diagnostic information
error: Goldbach/BG_Identity.lean:891:28: Type mismatch
  hk
has type
  k ∈ Finset.map { toFun := fun k => ↑k.succ, inj' := ⋯ } (Finset.range Ucut)
but is expected to have type
  ∀ (a₂ : ℤ) (ha₂ : a₂ ∈ Finset.map { toFun := fun k => ↑k.succ, inj' := ⋯ } (Finset.range Ucut)),
    (fun k hk => k) k hk = (fun k hk => k) a₂ ha₂ → k = a₂
error: Goldbach/BG_Identity.lean:892:14: unsolved goals
case heq
h0 : 0 ∈ bandU
z : ℤ
h0val : K_full 0 = 1 / ↑Ucut
k : ℤ
hk : k ∈ Finset.map { toFun := fun k => -↑k.succ, inj' := ⋯ } (Finset.range Ucut)
⊢ ∃ a < H + (H + 99) / 100, ↑a + 1 = k
error: Goldbach/BG_Identity.lean:893:28: Type mismatch
  hk
has type
  k ∈ Finset.map { toFun := fun k => ↑k.succ, inj' := ⋯ } (Finset.range Ucut)
but is expected to have type
  K_full k = K_full ((fun k hk => k) k hk)
error: Goldbach/BG_Identity.lean:910:68: Type mismatch: After simplification, term
  hbEq
 has type
  -1 + -↑b' = ↑a' + 1
but is expected to have type
  ↑a' + 1 = -1 + -↑b'
error: Goldbach/BG_Identity.lean:911:16: linarith failed to find a contradiction
h0 : 0 ∈ bandU
z : ℤ
h0val : K_full 0 = 1 / ↑Ucut
hpair :
  ∑ k ∈ Finset.map { toFun := fun k => ↑k.succ, inj' := ⋯ } (Finset.range Ucut), K_full k =
    ∑ k ∈ Finset.map { toFun := fun k => -↑k.succ, inj' := ⋯ } (Finset.range Ucut), K_full k
a' : ℕ
ha' : a' ∈ Finset.range Ucut
ha :
  { toFun := fun k => ↑k.succ, inj' := ⋯ } a' ∈ Finset.map { toFun := fun k => ↑k.succ, inj' := ⋯ } (Finset.range Ucut)
hb :
  { toFun := fun k => ↑k.succ, inj' := ⋯ } a' ∈ Finset.map { toFun := fun k => -↑k.succ, inj' := ⋯ } (Finset.range Ucut)
b' : ℕ
hb' : b' ∈ Finset.range Ucut
hbEq : { toFun := fun k => -↑k.succ, inj' := ⋯ } b' = { toFun := fun k => ↑k.succ, inj' := ⋯ } a'
hbPos : ↑b'.succ ≠ 0
this : ↑a'.succ = -↑b'.succ
⊢ False
failed
error: Goldbach/BG_Identity.lean:928:92: Unknown identifier `hpos`
error: Goldbach/BG_Identity.lean:930:6: 'calc' expression has type
  ∑ k ∈ bandU, K_full k = K_full 0 + 2 * ∑ k ∈ Finset.range Ucut, K_full (Int.ofNat k.succ)
but is expected to have type
  z ∈
      Finset.map { toFun := fun k => ↑k.succ, inj' := ⋯ } (Finset.range Ucut) ∪
        Finset.map { toFun := fun k => -↑k.succ, inj' := ⋯ } (Finset.range Ucut) →
    z ∈ bandU.erase 0
error: Goldbach/BG_Identity.lean:817:93: unsolved goals
h0 : 0 ∈ bandU
hpos :
  bandU.erase 0 =
    Finset.map { toFun := fun k => ↑k.succ, inj' := ⋯ } (Finset.range Ucut) ∪
      Finset.map { toFun := fun k => -↑k.succ, inj' := ⋯ } (Finset.range Ucut)
⊢ ∑ k ∈ bandU, K_full k = K_full 0 + 2 * ∑ k ∈ Finset.range Ucut, K_full (Int.ofNat k.succ)
error: Goldbach/BG_Identity.lean:933:22: maximum recursion depth has been reached
use `set_option maxRecDepth <num>` to increase limit
use `set_option diagnostics true` to get diagnostic information
warning: Goldbach/BG_Identity.lean:935:10: try 'simp' instead of 'simpa'

Note: This linter can be disabled with `set_option linter.unnecessarySimpa false`
warning: Goldbach/BG_Identity.lean:954:22: `Finset.range_succ` has been deprecated: Use `Finset.range_add_one` instead
error: Goldbach/BG_Identity.lean:952:72: unsolved goals
hsplit : ∑ k ∈ bandU, K_full k = K_full 0 + 2 * ∑ k ∈ Finset.range Ucut, K_full (Int.ofNat k.succ)
hsum1 : ∑ k ∈ Finset.range Ucut, 1 = ↑Ucut
this : ∑ i ∈ Finset.range Ucut.succ, i = Ucut.succ * (Ucut.succ - 1) / 2
⊢ H + (H + 99) / 100 + ∑ x ∈ Finset.range (H + (H + 99) / 100), x =
    ∑ x ∈ Finset.range (H + (H + 99) / 100), x + (H + (H + 99) / 100)
error: Goldbach/BG_Identity.lean:956:10: Type mismatch: After simplification, term
  Finset.sum_range_id
 has type
  ∀ (n : ℕ), ∑ i ∈ Finset.range n, i = n * (n - 1) / 2
but is expected to have type
  ∑ i ∈ Finset.range (H + (H + 99) / 100 + 1), i = (H + (H + 99) / 100 + 1) * (H + (H + 99) / 100) / 2
error: Goldbach/BG_Identity.lean:957:8: linarith failed to find a contradiction
case h1.h
hsplit : ∑ k ∈ bandU, K_full k = K_full 0 + 2 * ∑ k ∈ Finset.range Ucut, K_full (Int.ofNat k.succ)
hsum1 : ∑ k ∈ Finset.range Ucut, 1 = ↑Ucut
this : ∑ i ∈ Finset.range Ucut.succ, i = Ucut.succ * (Ucut.succ - 1) / 2
hrewrite : ∑ i ∈ Finset.range Ucut.succ, i = ∑ k ∈ Finset.range Ucut, k.succ
hs : ∑ i ∈ Finset.range Ucut.succ, i = Ucut.succ * Ucut / 2
a✝ : ∑ k ∈ Finset.range Ucut, k.succ < Ucut * (Ucut + 1) / 2
⊢ False
failed
error: Goldbach/BG_Identity.lean:959:6: maximum recursion depth has been reached
use `set_option maxRecDepth <num>` to increase limit
use `set_option diagnostics true` to get diagnostic information
error: Goldbach/BG_Identity.lean:966:16: maximum recursion depth has been reached
use `set_option maxRecDepth <num>` to increase limit
use `set_option diagnostics true` to get diagnostic information
error: Goldbach/BG_Identity.lean:978:68: unsolved goals
hsplit : ∑ k ∈ bandU, K_full k = K_full 0 + 2 * ∑ k ∈ Finset.range Ucut, K_full (Int.ofNat k.succ)
hsum1 : ∑ k ∈ Finset.range Ucut, 1 = ↑Ucut
hsumk : ∑ k ∈ Finset.range Ucut, ↑k.succ = ↑Ucut * (↑Ucut + 1) / 2
hUpos : 0 < ↑Ucut
hUpos' : ↑Ucut ≠ 0
⊢ (↑H + ↑((H + 99) / 100) - ∑ x ∈ Finset.range (H + (H + 99) / 100), (↑x + 1) / (↑H + ↑((H + 99) / 100))) /
      (↑H + ↑((H + 99) / 100)) =
    (↑H + ↑((H + 99) / 100))⁻¹ *
      (↑H + ↑((H + 99) / 100) - ∑ x ∈ Finset.range (H + (H + 99) / 100), (↑x + 1) / (↑H + ↑((H + 99) / 100)))
info: Goldbach/BG_Identity.lean:984:8: Try this:
  [apply] ring_nf
  
  The `ring` tactic failed to close the goal. Use `ring_nf` to obtain a normal form.
    
  Note that `ring` works primarily in *commutative* rings. If you have a noncommutative ring, abelian group or module, consider using `noncomm_ring`, `abel` or `module` instead.
error: Goldbach/BG_Identity.lean:981:96: unsolved goals
hsplit : ∑ k ∈ bandU, K_full k = K_full 0 + 2 * ∑ k ∈ Finset.range Ucut, K_full (Int.ofNat k.succ)
hsum1 : ∑ k ∈ Finset.range Ucut, 1 = ↑Ucut
hsumk : ∑ k ∈ Finset.range Ucut, ↑k.succ = ↑Ucut * (↑Ucut + 1) / 2
hUpos : 0 < ↑Ucut
hUpos' : ↑Ucut ≠ 0
⊢ ↑Ucut * (↑Ucut)⁻¹ - (↑Ucut)⁻¹ * ∑ x ∈ Finset.range Ucut, (↑Ucut)⁻¹ * ↑x.succ =
    ↑Ucut * (↑Ucut)⁻¹ + ↑Ucut * (↑Ucut)⁻¹ ^ 2 * (-1 / 2) + ↑Ucut ^ 2 * (↑Ucut)⁻¹ ^ 2 * (-1 / 2)
info: Goldbach/BG_Identity.lean:986:33: Try this:
  [apply] ring_nf
  
  The `ring` tactic failed to close the goal. Use `ring_nf` to obtain a normal form.
    
  Note that `ring` works primarily in *commutative* rings. If you have a noncommutative ring, abelian group or module, consider using `noncomm_ring`, `abel` or `module` instead.
error: Goldbach/BG_Identity.lean:985:34: unsolved goals
hsplit : ∑ k ∈ bandU, K_full k = K_full 0 + 2 * ∑ k ∈ Finset.range Ucut, K_full (Int.ofNat k.succ)
hsum1 : ∑ k ∈ Finset.range Ucut, 1 = ↑Ucut
hsumk : ∑ k ∈ Finset.range Ucut, ↑k.succ = ↑Ucut * (↑Ucut + 1) / 2
hUpos : 0 < ↑Ucut
⊢ -1 + ↑Ucut = -↑Ucut + ↑Ucut ^ 2
error: Goldbach/BG_Identity.lean:995:58: unsolved goals
hsplit : ∑ k ∈ bandU, K_full k = K_full 0 + 2 * ∑ k ∈ Finset.range Ucut, K_full (Int.ofNat k.succ)
hpos_eval : ∑ k ∈ Finset.range Ucut, K_full (Int.ofNat k.succ) = (↑Ucut - 1) / 2
hUpos : ↑Ucut ≠ 0
this : ∑ k ∈ bandU, K_full k = K_full 0 + 2 * ∑ k ∈ Finset.range Ucut, K_full (Int.ofNat k.succ)
⊢ K_full_raw (H + (H + 99) / 100) 0 = (↑H + ↑((H + 99) / 100))⁻¹
info: Goldbach/BG_Identity.lean:1004:6: Try this:
  [apply] ring_nf
  
  The `ring` tactic failed to close the goal. Use `ring_nf` to obtain a normal form.
    
  Note that `ring` works primarily in *commutative* rings. If you have a noncommutative ring, abelian group or module, consider using `noncomm_ring`, `abel` or `module` instead.
error: Goldbach/BG_Identity.lean:998:13: unsolved goals
hsplit : ∑ k ∈ bandU, K_full k = K_full 0 + 2 * ∑ k ∈ Finset.range Ucut, K_full (Int.ofNat k.succ)
hpos_eval : ∑ k ∈ Finset.range Ucut, K_full (Int.ofNat k.succ) = (↑Ucut - 1) / 2
hUpos hUpos' : ↑Ucut ≠ 0
hUpos'' : 0 < ↑Ucut
⊢ 1 - ↑Ucut + ↑Ucut ^ 2 = ↑Ucut
warning: Goldbach/BG_Identity.lean:821:14: This simp argument is unused:
  bandU

Hint: Omit it from the simp argument list.
  simp ̵[̵b̵a̵n̵d̵U̵]̵

Note: This linter can be disabled with `set_option linter.unusedSimpArgs false`
warning: Goldbach/BG_Identity.lean:980:14: This simp argument is unused:
  Finset.sum_mul

Hint: Omit it from the simp argument list.
  simp [F̵i̵n̵s̵e̵t̵.̵s̵u̵m̵_̵m̵u̵l̵,̵ ̵hUpos']

Note: This linter can be disabled with `set_option linter.unusedSimpArgs false`
warning: Goldbach/BG_Identity.lean:980:30: This simp argument is unused:
  hUpos'

Hint: Omit it from the simp argument list.
  simp [Finset.sum_mul,̵ ̵h̵U̵p̵o̵s̵'̵]

Note: This linter can be disabled with `set_option linter.unusedSimpArgs false`
warning: Goldbach/BG_Identity.lean:983:43: This simp argument is unused:
  Finset.sum_div

Hint: Omit it from the simp argument list.
  simp only [Finset.sum_sub_distrib, F̵i̵n̵s̵e̵t̵.̵s̵u̵m̵_̵d̵i̵v̵,̵ ̵hsum1, hsumk]

Note: This linter can be disabled with `set_option linter.unusedSimpArgs false`
warning: Goldbach/BG_Identity.lean:983:66: This simp argument is unused:
  hsumk

Hint: Omit it from the simp argument list.
  simp only [Finset.sum_sub_distrib, Finset.sum_div, hsum1,̵ ̵h̵s̵u̵m̵k̵]

Note: This linter can be disabled with `set_option linter.unusedSimpArgs false`
error: Goldbach/BG_Identity.lean:1019:27: Invalid argument name `bandU` for function `sum_bandU`
error: Goldbach/BG_Identity.lean:1042:30: unsolved goals
Kadm : BG.AdmissibleKernel Ucut
⊢ 0 ∈ BG_Bank.S_BG
warning: Goldbach/BG_Identity.lean:1059:5: unused variable `h`

Note: This linter can be disabled with `set_option linter.unusedVariables false`
error: Goldbach/BG_Identity.lean:1078:53: Type mismatch: After simplification, term
  hk
 has type
  k ∈ BG_Bank.S_BG
but is expected to have type
  -↑H ≤ k ∧ k ≤ ↑H
error: Goldbach/BG_Identity.lean:1083:6: Tactic `simp` failed with a nested error:
maximum recursion depth has been reached
use `set_option maxRecDepth <num>` to increase limit
use `set_option diagnostics true` to get diagnostic information
warning: Goldbach/BG_Identity.lean:1103:54: try 'simp' instead of 'simpa'

Note: This linter can be disabled with `set_option linter.unnecessarySimpa false`
error: Goldbach/BG_Identity.lean:1118:14: Type mismatch: After simplification, term
  Finset.mem_Icc.mpr hkIcc_pair
 has type
  -↑H ≤ k ∧ k ≤ ↑H
but is expected to have type
  k ∈ BG_Bank.S_BG
error: Goldbach/BG_Identity.lean:1120:53: Type mismatch: After simplification, term
  hk
 has type
  k ∈ BG_Bank.S_BG
but is expected to have type
  -↑H ≤ k ∧ k ≤ ↑H
warning: Goldbach/BG_Identity.lean:1123:6: try 'simp' instead of 'simpa'

Note: This linter can be disabled with `set_option linter.unnecessarySimpa false`
error: Goldbach/BG_Identity.lean:1158:55: linarith failed to find a contradiction
case h
hinner_eq : innerBand = Finset.Icc (-↑H) ↑H
z : ℤ
hz : z ∈ (Finset.Icc (-↑H) ↑H).erase 0
hzIcc : z ∈ Finset.Icc (-↑H) ↑H
hz0 : z ≠ 0
this : -↑H ≤ z ∧ z ≤ ↑H
hle : z ≤ ↑H
hneg : -↑H ≤ z
a✝ : ↑H < ↑z.natAbs
⊢ False
failed
error: Goldbach/BG_Identity.lean:1166:33: Function expected at
  Int.natAbs_eq_zero
but this term has type
  Int.natAbs ?m.243 = 0 ↔ ?m.243 = 0

Note: Expected a function because this term is being applied to the argument
  hzabs0
error: Goldbach/BG_Identity.lean:1169:17: Invalid `⟨...⟩` notation: The expected type
  z.natAbs - 1 < H ∧ z = Int.ofNat (z.natAbs - 1).succ ∨ z = -Int.ofNat (z.natAbs - 1).succ
has more than one constructor

Note: This notation can only be used when the expected type is an inductive type with a single constructor
error: Goldbach/BG_Identity.lean:1170:10: No goals to be solved
error: Goldbach/BG_Identity.lean:1148:6: unsolved goals
case h.mp.inl
hinner_eq : innerBand = Finset.Icc (-↑H) ↑H
k : ℕ
hkpos : k < H
hz : Int.ofNat k.succ ∈ (Finset.Icc (-↑H) ↑H).erase 0
hzIcc : Int.ofNat k.succ ∈ Finset.Icc (-↑H) ↑H
hz0 : Int.ofNat k.succ ≠ 0
hzAbs : (Int.ofNat k.succ).natAbs ≤ H
⊢ Int.ofNat k.succ ∈
    Finset.map { toFun := fun k => ↑k.succ, inj' := ⋯ } (Finset.range H) ∪
      Finset.map { toFun := fun k => -↑k.succ, inj' := ⋯ } (Finset.range H)

case h.mp.inr
hinner_eq : innerBand = Finset.Icc (-↑H) ↑H
z : ℤ
hz : z ∈ (Finset.Icc (-↑H) ↑H).erase 0
hzIcc : z ∈ Finset.Icc (-↑H) ↑H
hz0 : z ≠ 0
hzAbs : z.natAbs ≤ H
k : ℕ
h✝ : z = -Int.ofNat k.succ
⊢ z ∈
    Finset.map { toFun := fun k => ↑k.succ, inj' := ⋯ } (Finset.range H) ∪
      Finset.map { toFun := fun k => -↑k.succ, inj' := ⋯ } (Finset.range H)
error: Goldbach/BG_Identity.lean:1183:54: unsolved goals
hinner_eq : innerBand = Finset.Icc (-↑H) ↑H
z : ℤ
h0mem : 0 ∈ Finset.Icc (-↑H) ↑H
⊢ K_full_raw (H + (H + 99) / 100) 0 = (↑H + ↑((H + 99) / 100))⁻¹
error: Goldbach/BG_Identity.lean:1191:12: `inj` is not a field of structure `Function.Embedding`
error: Goldbach/BG_Identity.lean:1190:10: Fields missing: `inj'`

Hint: Add missing fields:
  
  ̲ ̲ ̲ ̲ ̲ ̲ ̲ ̲ ̲ ̲ ̲ ̲ ̲i̲n̲j̲'̲ ̲:̲=̲ ̲_̲
error: Goldbach/BG_Identity.lean:1197:12: `inj` is not a field of structure `Function.Embedding`
error: Goldbach/BG_Identity.lean:1196:10: Fields missing: `inj'`

Hint: Add missing fields:
  
  ̲ ̲ ̲ ̲ ̲ ̲ ̲ ̲ ̲ ̲ ̲ ̲ ̲i̲n̲j̲'̲ ̲:̲=̲ ̲_̲
error: Goldbach/BG_Identity.lean:1206:60: Type mismatch: After simplification, term
  hEq
 has type
  negEmb j = posEmb i
but is expected to have type
  ↑i + 1 = -1 + -↑j
error: Goldbach/BG_Identity.lean:1208:67: Type mismatch: After simplification, term
  this
 has type
  ↑i + 1 = -1 + -↑j
but is expected to have type
  ↑i + 1 + (↑j + 1) = 0
error: Goldbach/BG_Identity.lean:1209:62: mod_cast has type
  ?m.535
of sort `Type ?u.64028` but is expected to have type
  0 < i.succ + j.succ
of sort `Prop`
error: Goldbach/BG_Identity.lean:1209:78: Application type mismatch: The argument
  Nat.succ_pos j
has type
  0 < j.succ
of sort `Prop` but is expected to have type
  ?m.537
of sort `Type ?u.64029` in the application
  ?m.540 + ⋯
error: Goldbach/BG_Identity.lean:1210:33: Type mismatch: After simplification, term
  hpos
 has type
  0 < ↑i + 1 + (↑j + 1)
but is expected to have type
  False
error: Goldbach/BG_Identity.lean:1212:79: Unknown identifier `hband`
error: Goldbach/BG_Identity.lean:1217:85: Invalid argument name `emb` for function `Finset.sum_map`

Hint: Perhaps you meant one of the following parameter names:
  • `ι`: e̵m̵b̵ι̲
  • `κ`: e̵m̵b̵κ̲
  • `M`: e̵m̵b̵M̲
  • `e`: em̵b̵
error: Goldbach/BG_Identity.lean:1221:85: Invalid argument name `emb` for function `Finset.sum_map`

Hint: Perhaps you meant one of the following parameter names:
  • `ι`: e̵m̵b̵ι̲
  • `κ`: e̵m̵b̵κ̲
  • `M`: e̵m̵b̵M̲
  • `e`: em̵b̵
error: Goldbach/BG_Identity.lean:1225:10: maximum recursion depth has been reached
use `set_option maxRecDepth <num>` to increase limit
use `set_option diagnostics true` to get diagnostic information
warning: Goldbach/BG_Identity.lean:1229:16: try 'simp' instead of 'simpa'

Note: This linter can be disabled with `set_option linter.unnecessarySimpa false`
warning: Goldbach/BG_Identity.lean:1235:16: try 'simp' instead of 'simpa'

Note: This linter can be disabled with `set_option linter.unnecessarySimpa false`
error: Goldbach/BG_Identity.lean:1237:6: 'calc' expression has type
  ∑ k ∈ innerBand, K_full k = K_full 0 + 2 * ∑ k ∈ Finset.range H, K_full (Int.ofNat k.succ)
but is expected to have type
  z ∈
      Finset.map { toFun := fun k => ↑k.succ, inj' := ⋯ } (Finset.range H) ∪
        Finset.map { toFun := fun k => -↑k.succ, inj' := ⋯ } (Finset.range H) →
    z ∈ (Finset.Icc (-↑H) ↑H).erase 0
error: Goldbach/BG_Identity.lean:1141:137: unsolved goals
hinner_eq : innerBand = Finset.Icc (-↑H) ↑H
hband :
  (Finset.Icc (-↑H) ↑H).erase 0 =
    Finset.map { toFun := fun k => ↑k.succ, inj' := ⋯ } (Finset.range H) ∪
      Finset.map { toFun := fun k => -↑k.succ, inj' := ⋯ } (Finset.range H)
⊢ ∑ k ∈ innerBand, K_full k = K_full 0 + 2 * ∑ k ∈ Finset.range H, K_full (Int.ofNat k.succ)
warning: Goldbach/BG_Identity.lean:1246:10: try 'simp' instead of 'simpa'

Note: This linter can be disabled with `set_option linter.unnecessarySimpa false`
warning: Goldbach/BG_Identity.lean:1264:8: try 'simp' instead of 'simpa'

Note: This linter can be disabled with `set_option linter.unnecessarySimpa false`
warning: Goldbach/BG_Identity.lean:1277:34: try 'simp' instead of 'simpa'

Note: This linter can be disabled with `set_option linter.unnecessarySimpa false`
error: Goldbach/BG_Identity.lean:1279:4: maximum recursion depth has been reached
use `set_option maxRecDepth <num>` to increase limit
use `set_option diagnostics true` to get diagnostic information
error: Goldbach/BG_Identity.lean:1312:16: maximum recursion depth has been reached
use `set_option maxRecDepth <num>` to increase limit
use `set_option diagnostics true` to get diagnostic information
error: Goldbach/BG_Identity.lean:1329:18: maximum recursion depth has been reached
use `set_option maxRecDepth <num>` to increase limit
use `set_option diagnostics true` to get diagnostic information
error: Goldbach/BG_Identity.lean:1333:16: Tactic `assumption` failed

hinner_eq : innerBand = Finset.Icc (-↑H) ↑H
hsplit : ∑ k ∈ innerBand, K_full k = K_full 0 + 2 * ∑ k ∈ Finset.range H, K_full (Int.ofNat k.succ)
hsum1 : ∑ k ∈ Finset.range H, 1 = ↑H
hsumk : ∑ k ∈ Finset.range H, ↑k.succ = ↑H * (↑H + 1) / 2
hUpos : ↑Ucut ≠ 0
hHU : H ≤ Ucut
hU0 : ↑Ucut ≠ 0
hsum_div : ∑ k ∈ Finset.range H, ↑k.succ / ↑Ucut = 1 / ↑Ucut * ∑ k ∈ Finset.range H, ↑k.succ
this : ∀ k < H, K_full (↑k + 1) = (1 - (↑k + 1) / (↑H + ↑((H + 99) / 100))) / (↑H + ↑((H + 99) / 100))
⊢ ∑ x ∈ Finset.range H, (↑x + 1) / (↑H + ↑((H + 99) / 100)) =
      (↑H + ↑((H + 99) / 100))⁻¹ * ∑ x ∈ Finset.range H, (↑x + 1) ∨
    ↑H + ↑((H + 99) / 100) = 0
error: Goldbach/BG_Identity.lean:1334:87: unsolved goals
hinner_eq : innerBand = Finset.Icc (-↑H) ↑H
hsplit : ∑ k ∈ innerBand, K_full k = K_full 0 + 2 * ∑ k ∈ Finset.range H, K_full (Int.ofNat k.succ)
hsum1 : ∑ k ∈ Finset.range H, 1 = ↑H
hsumk : ∑ k ∈ Finset.range H, ↑k.succ = ↑H * (↑H + 1) / 2
hUpos : ↑Ucut ≠ 0
hHU : H ≤ Ucut
hU0 : ↑Ucut ≠ 0
this : ∀ k ∈ Finset.range H, K_full (Int.ofNat k.succ) = (1 - ↑k.succ / ↑Ucut) / ↑Ucut
hsum_succ : ∑ k ∈ Finset.range H, ↑k.succ = ↑H * (↑H + 1) / 2
⊢ ∑ x ∈ Finset.range H, (↑x + 1) = ↑H * (↑H + 1) * 2⁻¹ ∨ ↑H + ↑((H + 99) / 100) = 0
error: Goldbach/BG_Identity.lean:1352:4: maximum recursion depth has been reached
use `set_option maxRecDepth <num>` to increase limit
use `set_option diagnostics true` to get diagnostic information
error: Goldbach/BG_Identity.lean:1370:12: maximum recursion depth has been reached
use `set_option maxRecDepth <num>` to increase limit
use `set_option diagnostics true` to get diagnostic information
error: Goldbach/BG_Identity.lean:1376:12: maximum recursion depth has been reached
use `set_option maxRecDepth <num>` to increase limit
use `set_option diagnostics true` to get diagnostic information
error: Goldbach/BG_Identity.lean:1377:2: maximum recursion depth has been reached
use `set_option maxRecDepth <num>` to increase limit
use `set_option diagnostics true` to get diagnostic information
warning: Goldbach/BG_Identity.lean:1258:24: This simp argument is unused:
  add_left_comm

Hint: Omit it from the simp argument list.
  simp [Nat.succ_eq_add_one, Finset.sum_add_distrib, Finset.sum_const, Finset.card_range,
             ̵ ̵ ̵ ̵add_comm, add_l̵e̵f̵t̵_̵c̵o̵m̵m̵,̵ ̵ad̵d̵_̵a̵ssoc]

Note: This linter can be disabled with `set_option linter.unusedSimpArgs false`
warning: Goldbach/BG_Identity.lean:1258:39: This simp argument is unused:
  add_assoc

Hint: Omit it from the simp argument list.
  simp [Nat.succ_eq_add_one, Finset.sum_add_distrib, Finset.sum_const, Finset.card_range,
             ̵ ̵ ̵ ̵add_comm, add_left_comm,̵ ̵a̵d̵d̵_̵a̵s̵s̵o̵c̵]

Note: This linter can be disabled with `set_option linter.unusedSimpArgs false`
warning: Goldbach/BG_Identity.lean:1311:64: This simp argument is unused:
  mul_left_comm

Hint: Omit it from the simp argument list.
  simp [div_eq_mul_inv, mul_comm, mul_l̵e̵f̵t̵_̵c̵o̵m̵m̵,̵ ̵m̵u̵l̵_̵assoc]

Note: This linter can be disabled with `set_option linter.unusedSimpArgs false`
warning: Goldbach/BG_Identity.lean:1311:79: This simp argument is unused:
  mul_assoc

Hint: Omit it from the simp argument list.
  simp [div_eq_mul_inv, mul_comm, mul_left_comm,̵ ̵m̵u̵l̵_̵a̵s̵s̵o̵c̵]

Note: This linter can be disabled with `set_option linter.unusedSimpArgs false`
warning: Goldbach/BG_Identity.lean:1340:22: This simp argument is unused:
  hsum_succ

Hint: Omit it from the simp argument list.
  simp [h̵s̵u̵m̵_̵s̵u̵c̵c̵,̵ ̵div_eq_mul_inv]

Note: This linter can be disabled with `set_option linter.unusedSimpArgs false`
warning: Goldbach/BG_Identity.lean:1379:6: declaration uses 'sorry'
error: Goldbach/BG_Identity.lean:1425:21: maximum recursion depth has been reached
use `set_option maxRecDepth <num>` to increase limit
use `set_option diagnostics true` to get diagnostic information
warning: Goldbach/BG_Identity.lean:1453:28: unused variable `X`

Note: This linter can be disabled with `set_option linter.unusedVariables false`
warning: Goldbach/BG_Identity.lean:1453:30: unused variable `N`

Note: This linter can be disabled with `set_option linter.unusedVariables false`
warning: Goldbach/BG_Identity.lean:1454:28: unused variable `X`

Note: This linter can be disabled with `set_option linter.unusedVariables false`
warning: Goldbach/BG_Identity.lean:1454:30: unused variable `N`

Note: This linter can be disabled with `set_option linter.unusedVariables false`
error: Goldbach/BG_Identity.lean:1480:21: maximum recursion depth has been reached
use `set_option maxRecDepth <num>` to increase limit
use `set_option diagnostics true` to get diagnostic information
error: Goldbach/BG_Identity.lean:1579:0: Unexpected name `BG_Identity` after `end`: The current section is unnamed

Hint: Delete the name `BG_Identity` to end the current unnamed scope; outer named scopes can then be closed using additional `end` command(s):
  end ̵B̵G̵_̵I̵d̵e̵n̵t̵i̵t̵y̵
error: Goldbach/BG_Identity.lean:1580:0: Unexpected name `Goldbach` after `end`: The current section is unnamed

Hint: Delete the name `Goldbach` to end the current unnamed scope; outer named scopes can then be closed using additional `end` command(s):
  end ̵G̵o̵l̵d̵b̵a̵c̵h̵
error: Lean exited with code 1
Some required targets logged failures:
- Goldbach.BG_Identity
error: build failed
⚠ [7587/7623] Replayed Goldbach.Compat
warning: Goldbach/Compat.lean:18:2: try 'simp' instead of 'simpa'

Note: This linter can be disabled with `set_option linter.unnecessarySimpa false`
warning: Goldbach/Compat.lean:24:40: unused variable `hb`

Note: This linter can be disabled with `set_option linter.unusedVariables false`
warning: Goldbach/Compat.lean:50:4: try 'simp' instead of 'simpa'

Note: This linter can be disabled with `set_option linter.unnecessarySimpa false`
⚠ [7589/7623] Replayed Goldbach.Windows
warning: Goldbach/Windows.lean:63:4: try 'simp' instead of 'simpa'

Note: This linter can be disabled with `set_option linter.unnecessarySimpa false`
warning: Goldbach/Windows.lean:68:2: try 'simp' instead of 'simpa'

Note: This linter can be disabled with `set_option linter.unnecessarySimpa false`
warning: Goldbach/Windows.lean:68:38: this tactic is never executed

Note: This linter can be disabled with `set_option linter.unreachableTactic false`
warning: Goldbach/Windows.lean:68:38: 'simpa using hmap' tactic does nothing

Note: This linter can be disabled with `set_option linter.unusedTactic false`
⚠ [7591/7623] Replayed Goldbach.Base.FiniteBaseDefs
warning: Goldbach/Base/FiniteBaseDefs.lean:41:17: unused variable `ha`

Note: This linter can be disabled with `set_option linter.unusedVariables false`
warning: Goldbach/Base/FiniteBaseDefs.lean:41:45: unused variable `hc`

Note: This linter can be disabled with `set_option linter.unusedVariables false`
warning: Goldbach/Base/FiniteBaseDefs.lean:42:5: unused variable `hab`

Note: This linter can be disabled with `set_option linter.unusedVariables false`
warning: Goldbach/Base/FiniteBaseDefs.lean:42:19: unused variable `hbc`

Note: This linter can be disabled with `set_option linter.unusedVariables false`
⚠ [7592/7623] Replayed Goldbach.ClosureBridge
warning: Goldbach/ClosureBridge.lean:42:41: try 'simp' instead of 'simpa'

Note: This linter can be disabled with `set_option linter.unnecessarySimpa false`
⚠ [7599/7623] Replayed Goldbach.AO_AssembleEnvelope
warning: Goldbach/AO_AssembleEnvelope.lean:67:20: try 'simp' instead of 'simpa'

Note: This linter can be disabled with `set_option linter.unnecessarySimpa false`
⚠ [7601/7623] Replayed Goldbach.AO_Major
warning: Goldbach/AO_Major.lean:21:13: unused variable `hX`

Note: This linter can be disabled with `set_option linter.unusedVariables false`
warning: Goldbach/AO_Major.lean:21:35: unused variable `hN`

Note: This linter can be disabled with `set_option linter.unusedVariables false`
warning: Goldbach/AO_Major.lean:25:24: This simp argument is unused:
  add_assoc

Hint: Omit it from the simp argument list.
  simp [Goldbach.AO_Major.errAO, Goldbach.AO_Major.weight_mass, Goldbach.AO_Core.errAO,
       ̵ ̵ ̵ ̵sub_eq_add_neg, add_a̵s̵s̵o̵c̵,̵ ̵a̵d̵d̵_̵left_comm, add_comm, mul_assoc]

Note: This linter can be disabled with `set_option linter.unusedSimpArgs false`
warning: Goldbach/AO_Major.lean:25:60: This simp argument is unused:
  mul_assoc

Hint: Omit it from the simp argument list.
  simp [Goldbach.AO_Major.errAO, Goldbach.AO_Major.weight_mass, Goldbach.AO_Core.errAO,
       ̵ ̵ ̵ ̵sub_eq_add_neg, add_assoc, add_left_comm, add_comm,̵ ̵m̵u̵l̵_̵a̵s̵s̵o̵c̵]

Note: This linter can be disabled with `set_option linter.unusedSimpArgs false`
warning: Goldbach/AO_Major.lean:46:5: unused variable `h`

Note: This linter can be disabled with `set_option linter.unusedVariables false`
warning: Goldbach/AO_Major.lean:58:24: This simp argument is unused:
  dif_pos

Hint: Omit it from the simp argument list.
  simp only [MPDF, win, d̵i̵f̵_̵p̵o̵s̵,̵ ̵mul_div_assoc']

Note: This linter can be disabled with `set_option linter.unusedSimpArgs false`
warning: Goldbach/AO_Major.lean:58:33: This simp argument is unused:
  mul_div_assoc'

Hint: Omit it from the simp argument list.
  simp only [MPDF, win, dif_pos,̵ ̵m̵u̵l̵_̵d̵i̵v̵_̵a̵s̵s̵o̵c̵'̵]

Note: This linter can be disabled with `set_option linter.unusedSimpArgs false`
warning: Goldbach/AO_Major.lean:81:69: try 'simp' instead of 'simpa'

Note: This linter can be disabled with `set_option linter.unnecessarySimpa false`
warning: Goldbach/AO_Major.lean:82:68: try 'simp' instead of 'simpa'

Note: This linter can be disabled with `set_option linter.unnecessarySimpa false`
warning: Goldbach/AO_Major.lean:83:68: try 'simp' instead of 'simpa'

Note: This linter can be disabled with `set_option linter.unnecessarySimpa false`
warning: Goldbach/AO_Major.lean:85:90: This simp argument is unused:
  add_assoc

Hint: Omit it from the simp argument list.
  simp [sub_eq_add_neg,̵ ̵a̵d̵d̵_̵a̵s̵s̵o̵c̵]

Note: This linter can be disabled with `set_option linter.unusedSimpArgs false`
warning: Goldbach/AO_Major.lean:101:24: This simp argument is unused:
  dif_pos

Hint: Omit it from the simp argument list.
  simp only [MPDF, win,̵ ̵d̵i̵f̵_̵p̵o̵s̵]

Note: This linter can be disabled with `set_option linter.unusedSimpArgs false`
⚠ [7602/7623] Replayed Goldbach.BG_Bank
warning: Goldbach/BG_Bank.lean:13:25: unused variable `n`

Note: This linter can be disabled with `set_option linter.unusedVariables false`
warning: Goldbach/BG_Bank.lean:75:4: try 'simp' instead of 'simpa'

Note: This linter can be disabled with `set_option linter.unnecessarySimpa false`
warning: Goldbach/BG_Bank.lean:75:25: this tactic is never executed

Note: This linter can be disabled with `set_option linter.unreachableTactic false`
warning: Goldbach/BG_Bank.lean:75:25: 'decide' tactic does nothing

Note: This linter can be disabled with `set_option linter.unusedTactic false`
warning: Goldbach/BG_Bank.lean:288:14: try 'simp' instead of 'simpa'

Note: This linter can be disabled with `set_option linter.unnecessarySimpa false`
warning: Goldbach/BG_Bank.lean:188:42: This simp argument is unused:
  Nat.cast_sub hn_le

Hint: Omit it from the simp argument list.
  simp only [Nat.cast_succ,̵ ̵N̵a̵t̵.̵c̵a̵s̵t̵_̵s̵u̵b̵ ̵h̵n̵_̵l̵e̵]

Note: This linter can be disabled with `set_option linter.unusedSimpArgs false`
warning: Goldbach/BG_Bank.lean:194:24: This simp argument is unused:
  abs_of_nonneg hlog_Nm_nn

Hint: Omit it from the simp argument list.
  simp [hp,̵ ̵a̵b̵s̵_̵o̵f̵_̵n̵o̵n̵n̵e̵g̵ ̵h̵l̵o̵g̵_̵N̵m̵_̵n̵n̵]

Note: This linter can be disabled with `set_option linter.unusedSimpArgs false`
warning: Goldbach/BG_Bank.lean:202:24: This simp argument is unused:
  abs_of_nonneg hlog_Np1_nn

Hint: Omit it from the simp argument list.
  simp [hp,̵ ̵a̵b̵s̵_̵o̵f̵_̵n̵o̵n̵n̵e̵g̵ ̵h̵l̵o̵g̵_̵N̵p̵1̵_̵n̵n̵]

Note: This linter can be disabled with `set_option linter.unusedSimpArgs false`
warning: Goldbach/BG_Bank.lean:218:46: This simp argument is unused:
  mul_comm

Hint: Omit it from the simp argument list.
  simp [abs_mul, mul_assoc, m̵u̵l̵_̵c̵o̵m̵m̵,̵ ̵mul_left_comm]

Note: This linter can be disabled with `set_option linter.unusedSimpArgs false`
warning: Goldbach/BG_Bank.lean:326:20: This simp argument is unused:
  hlogXabs

Hint: Omit it from the simp argument list.
  simp [h̵l̵o̵g̵X̵a̵b̵s̵,̵ ̵mul_comm, mul_left_comm, mul_assoc]

Note: This linter can be disabled with `set_option linter.unusedSimpArgs false`
warning: Goldbach/BG_Bank.lean:326:30: This simp argument is unused:
  mul_comm

Hint: Omit it from the simp argument list.
  simp [hlogXabs, m̵u̵l̵_̵c̵o̵m̵m̵,̵ ̵mul_left_comm, mul_assoc]

Note: This linter can be disabled with `set_option linter.unusedSimpArgs false`
warning: Goldbach/BG_Bank.lean:403:14: try 'simp' instead of 'simpa'

Note: This linter can be disabled with `set_option linter.unnecessarySimpa false`
warning: Goldbach/BG_Bank.lean:405:14: try 'simp' instead of 'simpa'

Note: This linter can be disabled with `set_option linter.unnecessarySimpa false`
warning: Goldbach/BG_Bank.lean:407:40: This simp argument is unused:
  add_comm

Hint: Omit it from the simp argument list.
  simp [div_self, hlogX_ne, add_c̵o̵m̵m̵,̵ ̵a̵d̵d̵_̵left_comm, add_assoc]

Note: This linter can be disabled with `set_option linter.unusedSimpArgs false`
warning: Goldbach/BG_Bank.lean:407:50: This simp argument is unused:
  add_left_comm

Hint: Omit it from the simp argument list.
  simp [div_self, hlogX_ne, add_comm, a̵d̵d̵_̵l̵e̵f̵t̵_̵c̵o̵m̵m̵,̵ ̵add_assoc]

Note: This linter can be disabled with `set_option linter.unusedSimpArgs false`
warning: Goldbach/BG_Bank.lean:407:65: This simp argument is unused:
  add_assoc

Hint: Omit it from the simp argument list.
  simp [div_self, hlogX_ne, add_comm, add_left_comm,̵ ̵a̵d̵d̵_̵a̵s̵s̵o̵c̵]

Note: This linter can be disabled with `set_option linter.unusedSimpArgs false`
warning: Goldbach/BG_Bank.lean:547:63: try 'simp' instead of 'simpa'

Note: This linter can be disabled with `set_option linter.unnecessarySimpa false`
warning: Goldbach/BG_Bank.lean:550:47: This simp argument is unused:
  add_comm

Hint: Omit it from the simp argument list.
  simp [add_div, div_self, hlogX_ne, add_c̵o̵m̵m̵,̵ ̵a̵d̵d̵_̵left_comm, add_assoc]

Note: This linter can be disabled with `set_option linter.unusedSimpArgs false`
warning: Goldbach/BG_Bank.lean:550:57: This simp argument is unused:
  add_left_comm

Hint: Omit it from the simp argument list.
  simp [add_div, div_self, hlogX_ne, add_comm, a̵d̵d̵_̵l̵e̵f̵t̵_̵c̵o̵m̵m̵,̵ ̵add_assoc]

Note: This linter can be disabled with `set_option linter.unusedSimpArgs false`
warning: Goldbach/BG_Bank.lean:550:72: This simp argument is unused:
  add_assoc

Hint: Omit it from the simp argument list.
  simp [add_div, div_self, hlogX_ne, add_comm, add_left_comm,̵ ̵a̵d̵d̵_̵a̵s̵s̵o̵c̵]

Note: This linter can be disabled with `set_option linter.unusedSimpArgs false`
warning: Goldbach/BG_Bank.lean:559:56: This simp argument is unused:
  add_left_comm

Hint: Omit it from the simp argument list.
  simp [c, Nat.cast_add, Nat.cast_one, add_assoc, a̵d̵d̵_̵l̵e̵f̵t̵_̵c̵o̵m̵m̵,̵ ̵add_comm, add_div, div_self hX0_ne]

Note: This linter can be disabled with `set_option linter.unusedSimpArgs false`
⚠ [7603/7623] Replayed Goldbach.BG_Operator
warning: Goldbach/BG_Operator.lean:31:2: try 'simp' instead of 'simpa'

Note: This linter can be disabled with `set_option linter.unnecessarySimpa false`
warning: Goldbach/BG_Operator.lean:98:2: try 'simp' instead of 'simpa'

Note: This linter can be disabled with `set_option linter.unnecessarySimpa false`
⚠ [7605/7623] Replayed Goldbach.SingularSeries
warning: Goldbach/SingularSeries.lean:40:5: unused variable `h`

Note: This linter can be disabled with `set_option linter.unusedVariables false`
warning: Goldbach/SingularSeries.lean:88:8: `Finset.eq_empty_iff_forall_not_mem` has been deprecated: Use `Finset.eq_empty_iff_forall_notMem` instead
warning: Goldbach/SingularSeries.lean:98:4: try 'simp' instead of 'simpa'

Note: This linter can be disabled with `set_option linter.unnecessarySimpa false`
warning: Goldbach/SingularSeries.lean:99:28: this tactic is never executed

Note: This linter can be disabled with `set_option linter.unreachableTactic false`
warning: Goldbach/SingularSeries.lean:99:57: this tactic is never executed

Note: This linter can be disabled with `set_option linter.unreachableTactic false`
warning: Goldbach/SingularSeries.lean:99:28: 'decide' tactic does nothing

Note: This linter can be disabled with `set_option linter.unusedTactic false`
warning: Goldbach/SingularSeries.lean:99:57: 'decide' tactic does nothing

Note: This linter can be disabled with `set_option linter.unusedTactic false`
⚠ [7607/7623] Replayed Goldbach.PPNumerics
warning: Goldbach/PPNumerics.lean:24:42: try 'simp' instead of 'simpa'

Note: This linter can be disabled with `set_option linter.unnecessarySimpa false`
warning: Goldbach/PPNumerics.lean:27:6: try 'simp' instead of 'simpa'

Note: This linter can be disabled with `set_option linter.unnecessarySimpa false`
⚠ [7608/7623] Replayed Goldbach.PPBoundSquares
warning: Goldbach/PPBoundSquares.lean:41:8: try 'simp' instead of 'simpa'

Note: This linter can be disabled with `set_option linter.unnecessarySimpa false`
warning: Goldbach/PPBoundSquares.lean:228:10: try 'simp' instead of 'simpa'

Note: This linter can be disabled with `set_option linter.unnecessarySimpa false`
⚠ [7610/7623] Replayed Goldbach.AnalyticGlobal
warning: Goldbach/AnalyticGlobal.lean:65:28: This simp argument is unused:
  one_div

Hint: Omit it from the simp argument list.
  simp [div_eq_mul_inv, o̵n̵e̵_̵d̵i̵v̵,̵ ̵mul_comm]

Note: This linter can be disabled with `set_option linter.unusedSimpArgs false`
warning: Goldbach/AnalyticGlobal.lean:68:30: This simp argument is unused:
  one_div

Hint: Omit it from the simp argument list.
  simp [div_eq_mul_inv, o̵n̵e̵_̵d̵i̵v̵,̵ ̵mul_comm]

Note: This linter can be disabled with `set_option linter.unusedSimpArgs false`
warning: Goldbach/AnalyticGlobal.lean:70:39: This simp argument is unused:
  mul_left_comm

Hint: Omit it from the simp argument list.
  simp [one_div, S_ne, mul_comm, mul_l̵e̵f̵t̵_̵c̵o̵m̵m̵,̵ ̵m̵u̵l̵_̵assoc]

Note: This linter can be disabled with `set_option linter.unusedSimpArgs false`
warning: Goldbach/AnalyticGlobal.lean:70:54: This simp argument is unused:
  mul_assoc

Hint: Omit it from the simp argument list.
  simp [one_div, S_ne, mul_comm, mul_left_comm,̵ ̵m̵u̵l̵_̵a̵s̵s̵o̵c̵]

Note: This linter can be disabled with `set_option linter.unusedSimpArgs false`
⚠ [7611/7623] Replayed Goldbach.BankPieces
warning: Goldbach/BankPieces.lean:15:63: `class ... :=` has been deprecated in favor of `class ... where`.

Note: This linter can be disabled with `set_option linter.deprecated false`
⚠ [7613/7623] Replayed Goldbach.Analytic.MajorBoundFromSigma
warning: Goldbach/Analytic/MajorBoundFromSigma.lean:21:75: `structure ... :=` has been deprecated in favor of `structure ... where`.

Note: This linter can be disabled with `set_option linter.deprecated false`
⚠ [7614/7623] Replayed Goldbach.Analytic.NumericSigma
warning: Goldbach/Analytic/NumericSigma.lean:23:32: unused variable `hX`

Note: This linter can be disabled with `set_option linter.unusedVariables false`
✖ [7620/7623] Building Goldbach.BG_Identity (53s)
trace: .> LEAN_PATH=/Users/benjaminnelson/Desktop/nerd shit/goldbach/builds/Goldbach/.lake/packages/Cli/.lake/build/lib/lean:/Users/benjaminnelson/Desktop/nerd shit/goldbach/builds/Goldbach/.lake/packages/batteries/.lake/build/lib/lean:/Users/benjaminnelson/Desktop/nerd shit/goldbach/builds/Goldbach/.lake/packages/Qq/.lake/build/lib/lean:/Users/benjaminnelson/Desktop/nerd shit/goldbach/builds/Goldbach/.lake/packages/aesop/.lake/build/lib/lean:/Users/benjaminnelson/Desktop/nerd shit/goldbach/builds/Goldbach/.lake/packages/proofwidgets/.lake/build/lib/lean:/Users/benjaminnelson/Desktop/nerd shit/goldbach/builds/Goldbach/.lake/packages/importGraph/.lake/build/lib/lean:/Users/benjaminnelson/Desktop/nerd shit/goldbach/builds/Goldbach/.lake/packages/LeanSearchClient/.lake/build/lib/lean:/Users/benjaminnelson/Desktop/nerd shit/goldbach/builds/Goldbach/.lake/packages/plausible/.lake/build/lib/lean:/Users/benjaminnelson/Desktop/nerd shit/goldbach/builds/Goldbach/.lake/packages/mathlib/.lake/build/lib/lean:/Users/benjaminnelson/Desktop/nerd shit/goldbach/builds/Goldbach/.lake/build/lib/lean /Users/benjaminnelson/.elan/toolchains/leanprover--lean4---v4.26.0-rc2/bin/lean /Users/benjaminnelson/Desktop/nerd shit/goldbach/builds/Goldbach/Goldbach/BG_Identity.lean -o /Users/benjaminnelson/Desktop/nerd shit/goldbach/builds/Goldbach/.lake/build/lib/lean/Goldbach/BG_Identity.olean -i /Users/benjaminnelson/Desktop/nerd shit/goldbach/builds/Goldbach/.lake/build/lib/lean/Goldbach/BG_Identity.ilean -c /Users/benjaminnelson/Desktop/nerd shit/goldbach/builds/Goldbach/.lake/build/ir/Goldbach/BG_Identity.c --setup /Users/benjaminnelson/Desktop/nerd shit/goldbach/builds/Goldbach/.lake/build/ir/Goldbach/BG_Identity.setup.json --json
warning: Goldbach/BG_Identity.lean:149:48: This simp argument is unused:
  add_comm

Hint: Omit it from the simp argument list.
  simp [Finset.sum_insert, hk, ih, mul_add, a̵d̵d̵_̵c̵o̵m̵m̵,̵ ̵add_left_comm, add_assoc, mul_comm, mul_left_comm,
  ̲  ̲ ̲ ̲ ̲ ̲ ̲ ̲mul_assoc]

Note: This linter can be disabled with `set_option linter.unusedSimpArgs false`
warning: Goldbach/BG_Identity.lean:149:58: This simp argument is unused:
  add_left_comm

Hint: Omit it from the simp argument list.
  simp [Finset.sum_insert, hk, ih, mul_add, add_comm, a̵d̵d̵_̵l̵e̵f̵t̵_̵c̵o̵m̵m̵,̵add_assoc, mul_comm, mul_left_comm,
  ̲  ̲ ̲ ̲ ̲ ̲ ̲ ̲mul_assoc]

Note: This linter can be disabled with `set_option linter.unusedSimpArgs false`
warning: Goldbach/BG_Identity.lean:150:12: This simp argument is unused:
  add_assoc

Hint: Omit it from the simp argument list.
  simp [Finset.sum_insert, hk, ih, mul_add, add_comm, add_left_comm, a̵d̵d̵_̵a̵s̵s̵o̵c̵,̵ ̵mul_comm, mul_left_comm,
  ̲  ̲ ̲ ̲ ̲ ̲ ̲ ̲mul_assoc]

Note: This linter can be disabled with `set_option linter.unusedSimpArgs false`
warning: Goldbach/BG_Identity.lean:150:23: This simp argument is unused:
  mul_comm

Hint: Omit it from the simp argument list.
  simp [Finset.sum_insert, hk, ih, mul_add, add_comm, add_left_comm, add_assoc, m̵u̵l̵_̵c̵o̵m̵m̵,̵ ̵mul_left_comm,
  ̲  ̲ ̲ ̲ ̲ ̲ ̲ ̲mul_assoc]

Note: This linter can be disabled with `set_option linter.unusedSimpArgs false`
warning: Goldbach/BG_Identity.lean:150:33: This simp argument is unused:
  mul_left_comm

Hint: Omit it from the simp argument list.
  simp [Finset.sum_insert, hk, ih, mul_add, add_comm, add_left_comm, add_assoc, mul_comm,
  ̲  ̲ ̲ ̲ ̲ ̲ ̲ ̲m̵u̵l̵_̵l̵e̵f̵t̵_̵c̵o̵m̵m̵,̵ ̵mul_assoc]

Note: This linter can be disabled with `set_option linter.unusedSimpArgs false`
warning: Goldbach/BG_Identity.lean:150:48: This simp argument is unused:
  mul_assoc

Hint: Omit it from the simp argument list.
  simp [Finset.sum_insert, hk, ih, mul_add, add_comm, add_left_comm, add_assoc, mul_comm,
  ̲  ̲ ̲ ̲ ̲ ̲ ̲ ̲m̵u̵l̵_̵l̵e̵f̵t̵_̵c̵o̵m̵m̵,̵ ̵m̵u̵l̵_̵a̵s̵s̵o̵c̵]̵m̲u̲l̲_̲l̲e̲f̲t̲_̲c̲o̲m̲m̲]̲

Note: This linter can be disabled with `set_option linter.unusedSimpArgs false`
error: Goldbach/BG_Identity.lean:203:6: Tactic `subst` failed: invalid equality proof, it is not of the form (x = t) or (t = x)
  Ucut = 0

case pos
m : ℕ
hm : m ≤ Ucut
hU : Ucut = 0
⊢ 0 ≤ 1 - ↑m / ↑Ucut
error: Goldbach/BG_Identity.lean:197:76: unsolved goals
m : ℕ
hm : m ≤ Ucut
hnonneg : 0 ≤ 1 - ↑m / ↑Ucut
hmax : max (1 - ↑m / ↑Ucut) 0 = 1 - ↑m / ↑Ucut
⊢ max (1 - ↑m / (↑H + ↑((H + 99) / 100))) 0 / (↑H + ↑((H + 99) / 100)) =
    (1 - ↑m / (↑H + ↑((H + 99) / 100))) / (↑H + ↑((H + 99) / 100))
warning: Goldbach/BG_Identity.lean:216:8: This simp argument is unused:
  hmax

Hint: Omit it from the simp argument list.
  simp ̵[̵h̵m̵a̵x̵]̵

Note: This linter can be disabled with `set_option linter.unusedSimpArgs false`
warning: Goldbach/BG_Identity.lean:242:10: This simp argument is unused:
  Finset.sum_insert

Hint: Omit it from the simp argument list.
  simp [̵F̵i̵n̵s̵e̵t̵.̵s̵u̵m̵_̵i̵n̵s̵e̵r̵t̵,̵ ̵h̵a̵,̵[̲h̲a̲,̲ ih, mul_add, add_comm, add_left_comm, add_assoc, mul_comm, mul_left_comm, mul_assoc]

Note: This linter can be disabled with `set_option linter.unusedSimpArgs false`
warning: Goldbach/BG_Identity.lean:242:33: This simp argument is unused:
  ih

Hint: Omit it from the simp argument list.
  simp [Finset.sum_insert, ha, i̵h̵,̵ ̵mul_add, add_comm, add_left_comm,
  ̵  ̵ ̵ ̵ ̵ ̵ ̵ ̵ ̵ ̵add_assoc, mul_comm,
  ̲  ̲ ̲ ̲ ̲ ̲mul_left_comm, mul_assoc]

Note: This linter can be disabled with `set_option linter.unusedSimpArgs false`
warning: Goldbach/BG_Identity.lean:242:56: This simp argument is unused:
  add_left_comm

Hint: Omit it from the simp argument list.
  simp [Finset.sum_insert, ha, ih, mul_add, add_comm, a̵d̵d̵_̵l̵e̵f̵t̵_̵c̵o̵m̵m̵,̵add_assoc, mul_comm, mul_left_comm,
  ̲  ̲ ̲ ̲ ̲ ̲mul_assoc]

Note: This linter can be disabled with `set_option linter.unusedSimpArgs false`
warning: Goldbach/BG_Identity.lean:243:10: This simp argument is unused:
  add_assoc

Hint: Omit it from the simp argument list.
  simp [Finset.sum_insert, ha, ih, mul_add, add_comm, add_left_comm, a̵d̵d̵_̵a̵s̵s̵o̵c̵,̵ ̵mul_comm, mul_left_comm,
  ̲  ̲ ̲ ̲ ̲ ̲mul_assoc]

Note: This linter can be disabled with `set_option linter.unusedSimpArgs false`
warning: Goldbach/BG_Identity.lean:243:31: This simp argument is unused:
  mul_left_comm

Hint: Omit it from the simp argument list.
  simp [Finset.sum_insert, ha, ih, mul_add, add_comm, add_left_comm, add_assoc, mul_comm,
  ̲  ̲ ̲ ̲ ̲ ̲m̵u̵l̵_̵l̵e̵f̵t̵_̵c̵o̵m̵m̵,̵ ̵mul_assoc]

Note: This linter can be disabled with `set_option linter.unusedSimpArgs false`
warning: Goldbach/BG_Identity.lean:243:46: This simp argument is unused:
  mul_assoc

Hint: Omit it from the simp argument list.
  simp [Finset.sum_insert, ha, ih, mul_add, add_comm, add_left_comm, add_assoc, mul_comm,
  ̲  ̲ ̲ ̲ ̲ ̲m̵u̵l̵_̵l̵e̵f̵t̵_̵c̵o̵m̵m̵,̵ ̵m̵u̵l̵_̵a̵s̵s̵o̵c̵]̵m̲u̲l̲_̲l̲e̲f̲t̲_̲c̲o̲m̲m̲]̲

Note: This linter can be disabled with `set_option linter.unusedSimpArgs false`
warning: Goldbach/BG_Identity.lean:339:6: declaration uses 'sorry'
warning: Goldbach/BG_Identity.lean:368:23: This simp argument is unused:
  Int.ofNat_sub hHN

Hint: Omit it from the simp argument list.
  simp only [̵I̵n̵t̵.̵o̵f̵N̵a̵t̵_̵s̵u̵b̵ ̵h̵H̵N̵]̵ ̵at hZint

Note: This linter can be disabled with `set_option linter.unusedSimpArgs false`
warning: Goldbach/BG_Identity.lean:433:4: try 'simp' instead of 'simpa'

Note: This linter can be disabled with `set_option linter.unnecessarySimpa false`
warning: Goldbach/BG_Identity.lean:456:25: try 'simp' instead of 'simpa'

Note: This linter can be disabled with `set_option linter.unnecessarySimpa false`
warning: Goldbach/BG_Identity.lean:499:6: declaration uses 'sorry'
warning: Goldbach/BG_Identity.lean:536:15: unused variable `hX`

Note: This linter can be disabled with `set_option linter.unusedVariables false`
warning: Goldbach/BG_Identity.lean:537:5: unused variable `hN`

Note: This linter can be disabled with `set_option linter.unusedVariables false`
warning: Goldbach/BG_Identity.lean:569:5: unused variable `hk`

Note: This linter can be disabled with `set_option linter.unusedVariables false`
warning: Goldbach/BG_Identity.lean:594:28: This simp argument is unused:
  hUpos.ne'

Hint: Omit it from the simp argument list.
  s̵i̵m̵p̵ ̵[̵K̵_̵f̵u̵l̵l̵,̵ ̵K̵_̵f̵u̵l̵l̵_̵r̵a̵w̵,̵ ̵h̵U̵p̵o̵s̵.̵n̵e̵'̵]̵ ̵a̵t̵ ̵*̵s̲i̲m̲p̲ ̲[̲K̲_̲f̲u̲l̲l̲,̲
  ̲ ̲ ̲ ̲ ̲K̲_̲f̲u̲l̲l̲_̲r̲a̲w̲]̲ ̲a̲t̲ ̲*̲
  ̲ ̲ ̲ ̲ ̲ ̲ ̲-̲-̲ ̲a̲f̲t̲e̲r̲ ̲s̲i̲m̲p̲,̲ ̲g̲o̲a̲l̲ ̲b̲e̲c̲o̲m̲e̲s̲ ̲`̲0̲ ̲<̲ ̲1̲ ̲/̲ ̲(̲U̲c̲u̲t̲:̲ℝ̲)̲`̲
  ̲ ̲ ̲ ̲ ̲ ̲ ̲

Note: This linter can be disabled with `set_option linter.unusedSimpArgs false`
warning: Goldbach/BG_Identity.lean:619:5: unused variable `h`

Note: This linter can be disabled with `set_option linter.unusedVariables false`
warning: Goldbach/BG_Identity.lean:626:5: unused variable `h`

Note: This linter can be disabled with `set_option linter.unusedVariables false`
warning: Goldbach/BG_Identity.lean:642:25: unused variable `X`

Note: This linter can be disabled with `set_option linter.unusedVariables false`
warning: Goldbach/BG_Identity.lean:642:27: unused variable `N`

Note: This linter can be disabled with `set_option linter.unusedVariables false`
warning: Goldbach/BG_Identity.lean:666:5: unused variable `h`

Note: This linter can be disabled with `set_option linter.unusedVariables false`
error: Goldbach/BG_Identity.lean:680:10: Unknown identifier `Kernel.conv_ref_const_eq_sigma_mass_of`
warning: Goldbach/BG_Identity.lean:695:8: try 'simp' instead of 'simpa'

Note: This linter can be disabled with `set_option linter.unnecessarySimpa false`
warning: Goldbach/BG_Identity.lean:723:34: unused variable `hk`

Note: This linter can be disabled with `set_option linter.unusedVariables false`
warning: Goldbach/BG_Identity.lean:727:35: unused variable `hk`

Note: This linter can be disabled with `set_option linter.unusedVariables false`
error: Goldbach/BG_Identity.lean:784:20: failed to synthesize
  HMul (ℕ → ℝ) ℝ ?m.11

Hint: Additional diagnostic information may be available using the `set_option diagnostics true` command.
error: Goldbach/BG_Identity.lean:792:20: typeclass instance problem is stuck
  HMul (ℕ → ℝ) ?m.14 ℝ

Note: Lean will not try to resolve this typeclass instance problem because the second type argument to `HMul` is a metavariable. This argument must be fully determined before Lean will try to resolve the typeclass.

Hint: Adding type annotations and supplying implicit arguments to functions can give Lean more information for typeclass resolution. For example, if you have a variable `x` that you intend to be a `Nat`, but Lean reports it as having an unresolved type like `?m`, replacing `x` with `(x : Nat)` can get typeclass resolution un-stuck.
error: Goldbach/BG_Identity.lean:802:60: unsolved goals
⊢ False
error: Goldbach/BG_Identity.lean:820:58: unsolved goals
⊢ -((↑H + 99) / 100) ≤ ↑H ∧ 0 ≤ ↑H + (↑H + 99) / 100
error: Goldbach/BG_Identity.lean:842:26: Unknown constant `Int.natAbs_eq_ofNat_abs`
error: Goldbach/BG_Identity.lean:848:12: linarith failed to find a contradiction
case h
h0 : 0 ∈ bandU
z : ℤ
hz : z ∈ bandU.erase 0
hzIcc : z ∈ Finset.Icc (-↑Ucut) ↑Ucut
hz0 : z ≠ 0
this : -↑Ucut ≤ z ∧ z ≤ ↑Ucut
hle : z ≤ ↑Ucut
hneg : -↑Ucut ≤ z
hz' : ↑z.natAbs = max (-z) z
a✝ : ↑Ucut < ↑z.natAbs
⊢ False
failed
error: Goldbach/BG_Identity.lean:856:59: mod_cast has type
  ?m.225 = ?m.225
but is expected to have type
  z.natAbs = 0
error: Goldbach/BG_Identity.lean:860:12: Type mismatch
  hzabs0
has type
  z.natAbs = 0
but is expected to have type
  z.natAbs ≠ 0
error: Goldbach/BG_Identity.lean:862:17: Invalid `⟨...⟩` notation: The expected type
  z.natAbs - 1 < Ucut ∧ z = Int.ofNat (z.natAbs - 1).succ ∨ z = -Int.ofNat (z.natAbs - 1).succ
has more than one constructor

Note: This notation can only be used when the expected type is an inductive type with a single constructor
error: Goldbach/BG_Identity.lean:863:10: No goals to be solved
error: Goldbach/BG_Identity.lean:876:69: Application type mismatch: The argument
  hkpos
has type
  k < Ucut
but is expected to have type
  k ∈ Finset.range Ucut
in the application
  And.intro hkpos
error: Goldbach/BG_Identity.lean:831:6: unsolved goals
case h.mp.inr
h0 : 0 ∈ bandU
z : ℤ
hz : z ∈ bandU.erase 0
hzIcc : z ∈ Finset.Icc (-↑Ucut) ↑Ucut
hz0 : z ≠ 0
hzAbs : z.natAbs ≤ Ucut
k : ℕ
h✝ : z = -Int.ofNat k.succ
⊢ z ∈
    Finset.map { toFun := fun k => ↑k.succ, inj' := ⋯ } (Finset.range Ucut) ∪
      Finset.map { toFun := fun k => -↑k.succ, inj' := ⋯ } (Finset.range Ucut)
error: Goldbach/BG_Identity.lean:877:54: unsolved goals
h0 : 0 ∈ bandU
z : ℤ
⊢ K_full_raw (H + (H + 99) / 100) 0 = (↑H + ↑((H + 99) / 100))⁻¹
error: Goldbach/BG_Identity.lean:890:34: maximum recursion depth has been reached
use `set_option maxRecDepth <num>` to increase limit
use `set_option diagnostics true` to get diagnostic information
error: Goldbach/BG_Identity.lean:891:28: Type mismatch
  hk
has type
  k ∈ Finset.map { toFun := fun k => ↑k.succ, inj' := ⋯ } (Finset.range Ucut)
but is expected to have type
  ∀ (a₂ : ℤ) (ha₂ : a₂ ∈ Finset.map { toFun := fun k => ↑k.succ, inj' := ⋯ } (Finset.range Ucut)),
    (fun k hk => k) k hk = (fun k hk => k) a₂ ha₂ → k = a₂
error: Goldbach/BG_Identity.lean:892:14: unsolved goals
case heq
h0 : 0 ∈ bandU
z : ℤ
h0val : K_full 0 = 1 / ↑Ucut
k : ℤ
hk : k ∈ Finset.map { toFun := fun k => -↑k.succ, inj' := ⋯ } (Finset.range Ucut)
⊢ ∃ a < H + (H + 99) / 100, ↑a + 1 = k
error: Goldbach/BG_Identity.lean:893:28: Type mismatch
  hk
has type
  k ∈ Finset.map { toFun := fun k => ↑k.succ, inj' := ⋯ } (Finset.range Ucut)
but is expected to have type
  K_full k = K_full ((fun k hk => k) k hk)
error: Goldbach/BG_Identity.lean:910:68: Type mismatch: After simplification, term
  hbEq
 has type
  -1 + -↑b' = ↑a' + 1
but is expected to have type
  ↑a' + 1 = -1 + -↑b'
error: Goldbach/BG_Identity.lean:911:16: linarith failed to find a contradiction
h0 : 0 ∈ bandU
z : ℤ
h0val : K_full 0 = 1 / ↑Ucut
hpair :
  ∑ k ∈ Finset.map { toFun := fun k => ↑k.succ, inj' := ⋯ } (Finset.range Ucut), K_full k =
    ∑ k ∈ Finset.map { toFun := fun k => -↑k.succ, inj' := ⋯ } (Finset.range Ucut), K_full k
a' : ℕ
ha' : a' ∈ Finset.range Ucut
ha :
  { toFun := fun k => ↑k.succ, inj' := ⋯ } a' ∈ Finset.map { toFun := fun k => ↑k.succ, inj' := ⋯ } (Finset.range Ucut)
hb :
  { toFun := fun k => ↑k.succ, inj' := ⋯ } a' ∈ Finset.map { toFun := fun k => -↑k.succ, inj' := ⋯ } (Finset.range Ucut)
b' : ℕ
hb' : b' ∈ Finset.range Ucut
hbEq : { toFun := fun k => -↑k.succ, inj' := ⋯ } b' = { toFun := fun k => ↑k.succ, inj' := ⋯ } a'
hbPos : ↑b'.succ ≠ 0
this : ↑a'.succ = -↑b'.succ
⊢ False
failed
error: Goldbach/BG_Identity.lean:928:92: Unknown identifier `hpos`
error: Goldbach/BG_Identity.lean:930:6: 'calc' expression has type
  ∑ k ∈ bandU, K_full k = K_full 0 + 2 * ∑ k ∈ Finset.range Ucut, K_full (Int.ofNat k.succ)
but is expected to have type
  z ∈
      Finset.map { toFun := fun k => ↑k.succ, inj' := ⋯ } (Finset.range Ucut) ∪
        Finset.map { toFun := fun k => -↑k.succ, inj' := ⋯ } (Finset.range Ucut) →
    z ∈ bandU.erase 0
error: Goldbach/BG_Identity.lean:817:93: unsolved goals
h0 : 0 ∈ bandU
hpos :
  bandU.erase 0 =
    Finset.map { toFun := fun k => ↑k.succ, inj' := ⋯ } (Finset.range Ucut) ∪
      Finset.map { toFun := fun k => -↑k.succ, inj' := ⋯ } (Finset.range Ucut)
⊢ ∑ k ∈ bandU, K_full k = K_full 0 + 2 * ∑ k ∈ Finset.range Ucut, K_full (Int.ofNat k.succ)
error: Goldbach/BG_Identity.lean:933:22: maximum recursion depth has been reached
use `set_option maxRecDepth <num>` to increase limit
use `set_option diagnostics true` to get diagnostic information
warning: Goldbach/BG_Identity.lean:935:10: try 'simp' instead of 'simpa'

Note: This linter can be disabled with `set_option linter.unnecessarySimpa false`
warning: Goldbach/BG_Identity.lean:954:22: `Finset.range_succ` has been deprecated: Use `Finset.range_add_one` instead
error: Goldbach/BG_Identity.lean:952:72: unsolved goals
hsplit : ∑ k ∈ bandU, K_full k = K_full 0 + 2 * ∑ k ∈ Finset.range Ucut, K_full (Int.ofNat k.succ)
hsum1 : ∑ k ∈ Finset.range Ucut, 1 = ↑Ucut
this : ∑ i ∈ Finset.range Ucut.succ, i = Ucut.succ * (Ucut.succ - 1) / 2
⊢ H + (H + 99) / 100 + ∑ x ∈ Finset.range (H + (H + 99) / 100), x =
    ∑ x ∈ Finset.range (H + (H + 99) / 100), x + (H + (H + 99) / 100)
error: Goldbach/BG_Identity.lean:956:10: Type mismatch: After simplification, term
  Finset.sum_range_id
 has type
  ∀ (n : ℕ), ∑ i ∈ Finset.range n, i = n * (n - 1) / 2
but is expected to have type
  ∑ i ∈ Finset.range (H + (H + 99) / 100 + 1), i = (H + (H + 99) / 100 + 1) * (H + (H + 99) / 100) / 2
error: Goldbach/BG_Identity.lean:957:8: linarith failed to find a contradiction
case h1.h
hsplit : ∑ k ∈ bandU, K_full k = K_full 0 + 2 * ∑ k ∈ Finset.range Ucut, K_full (Int.ofNat k.succ)
hsum1 : ∑ k ∈ Finset.range Ucut, 1 = ↑Ucut
this : ∑ i ∈ Finset.range Ucut.succ, i = Ucut.succ * (Ucut.succ - 1) / 2
hrewrite : ∑ i ∈ Finset.range Ucut.succ, i = ∑ k ∈ Finset.range Ucut, k.succ
hs : ∑ i ∈ Finset.range Ucut.succ, i = Ucut.succ * Ucut / 2
a✝ : ∑ k ∈ Finset.range Ucut, k.succ < Ucut * (Ucut + 1) / 2
⊢ False
failed
error: Goldbach/BG_Identity.lean:959:6: maximum recursion depth has been reached
use `set_option maxRecDepth <num>` to increase limit
use `set_option diagnostics true` to get diagnostic information
error: Goldbach/BG_Identity.lean:966:16: maximum recursion depth has been reached
use `set_option maxRecDepth <num>` to increase limit
use `set_option diagnostics true` to get diagnostic information
error: Goldbach/BG_Identity.lean:978:68: unsolved goals
hsplit : ∑ k ∈ bandU, K_full k = K_full 0 + 2 * ∑ k ∈ Finset.range Ucut, K_full (Int.ofNat k.succ)
hsum1 : ∑ k ∈ Finset.range Ucut, 1 = ↑Ucut
hsumk : ∑ k ∈ Finset.range Ucut, ↑k.succ = ↑Ucut * (↑Ucut + 1) / 2
hUpos : 0 < ↑Ucut
hUpos' : ↑Ucut ≠ 0
⊢ (↑H + ↑((H + 99) / 100) - ∑ x ∈ Finset.range (H + (H + 99) / 100), (↑x + 1) / (↑H + ↑((H + 99) / 100))) /
      (↑H + ↑((H + 99) / 100)) =
    (↑H + ↑((H + 99) / 100))⁻¹ *
      (↑H + ↑((H + 99) / 100) - ∑ x ∈ Finset.range (H + (H + 99) / 100), (↑x + 1) / (↑H + ↑((H + 99) / 100)))
info: Goldbach/BG_Identity.lean:984:8: Try this:
  [apply] ring_nf
  
  The `ring` tactic failed to close the goal. Use `ring_nf` to obtain a normal form.
    
  Note that `ring` works primarily in *commutative* rings. If you have a noncommutative ring, abelian group or module, consider using `noncomm_ring`, `abel` or `module` instead.
error: Goldbach/BG_Identity.lean:981:96: unsolved goals
hsplit : ∑ k ∈ bandU, K_full k = K_full 0 + 2 * ∑ k ∈ Finset.range Ucut, K_full (Int.ofNat k.succ)
hsum1 : ∑ k ∈ Finset.range Ucut, 1 = ↑Ucut
hsumk : ∑ k ∈ Finset.range Ucut, ↑k.succ = ↑Ucut * (↑Ucut + 1) / 2
hUpos : 0 < ↑Ucut
hUpos' : ↑Ucut ≠ 0
⊢ ↑Ucut * (↑Ucut)⁻¹ - (↑Ucut)⁻¹ * ∑ x ∈ Finset.range Ucut, (↑Ucut)⁻¹ * ↑x.succ =
    ↑Ucut * (↑Ucut)⁻¹ + ↑Ucut * (↑Ucut)⁻¹ ^ 2 * (-1 / 2) + ↑Ucut ^ 2 * (↑Ucut)⁻¹ ^ 2 * (-1 / 2)
info: Goldbach/BG_Identity.lean:986:33: Try this:
  [apply] ring_nf
  
  The `ring` tactic failed to close the goal. Use `ring_nf` to obtain a normal form.
    
  Note that `ring` works primarily in *commutative* rings. If you have a noncommutative ring, abelian group or module, consider using `noncomm_ring`, `abel` or `module` instead.
error: Goldbach/BG_Identity.lean:985:34: unsolved goals
hsplit : ∑ k ∈ bandU, K_full k = K_full 0 + 2 * ∑ k ∈ Finset.range Ucut, K_full (Int.ofNat k.succ)
hsum1 : ∑ k ∈ Finset.range Ucut, 1 = ↑Ucut
hsumk : ∑ k ∈ Finset.range Ucut, ↑k.succ = ↑Ucut * (↑Ucut + 1) / 2
hUpos : 0 < ↑Ucut
⊢ -1 + ↑Ucut = -↑Ucut + ↑Ucut ^ 2
error: Goldbach/BG_Identity.lean:995:58: unsolved goals
hsplit : ∑ k ∈ bandU, K_full k = K_full 0 + 2 * ∑ k ∈ Finset.range Ucut, K_full (Int.ofNat k.succ)
hpos_eval : ∑ k ∈ Finset.range Ucut, K_full (Int.ofNat k.succ) = (↑Ucut - 1) / 2
hUpos : ↑Ucut ≠ 0
this : ∑ k ∈ bandU, K_full k = K_full 0 + 2 * ∑ k ∈ Finset.range Ucut, K_full (Int.ofNat k.succ)
⊢ K_full_raw (H + (H + 99) / 100) 0 = (↑H + ↑((H + 99) / 100))⁻¹
info: Goldbach/BG_Identity.lean:1004:6: Try this:
  [apply] ring_nf
  
  The `ring` tactic failed to close the goal. Use `ring_nf` to obtain a normal form.
    
  Note that `ring` works primarily in *commutative* rings. If you have a noncommutative ring, abelian group or module, consider using `noncomm_ring`, `abel` or `module` instead.
error: Goldbach/BG_Identity.lean:998:13: unsolved goals
hsplit : ∑ k ∈ bandU, K_full k = K_full 0 + 2 * ∑ k ∈ Finset.range Ucut, K_full (Int.ofNat k.succ)
hpos_eval : ∑ k ∈ Finset.range Ucut, K_full (Int.ofNat k.succ) = (↑Ucut - 1) / 2
hUpos hUpos' : ↑Ucut ≠ 0
hUpos'' : 0 < ↑Ucut
⊢ 1 - ↑Ucut + ↑Ucut ^ 2 = ↑Ucut
warning: Goldbach/BG_Identity.lean:821:14: This simp argument is unused:
  bandU

Hint: Omit it from the simp argument list.
  simp ̵[̵b̵a̵n̵d̵U̵]̵

Note: This linter can be disabled with `set_option linter.unusedSimpArgs false`
warning: Goldbach/BG_Identity.lean:980:14: This simp argument is unused:
  Finset.sum_mul

Hint: Omit it from the simp argument list.
  simp [F̵i̵n̵s̵e̵t̵.̵s̵u̵m̵_̵m̵u̵l̵,̵ ̵hUpos']

Note: This linter can be disabled with `set_option linter.unusedSimpArgs false`
warning: Goldbach/BG_Identity.lean:980:30: This simp argument is unused:
  hUpos'

Hint: Omit it from the simp argument list.
  simp [Finset.sum_mul,̵ ̵h̵U̵p̵o̵s̵'̵]

Note: This linter can be disabled with `set_option linter.unusedSimpArgs false`
warning: Goldbach/BG_Identity.lean:983:43: This simp argument is unused:
  Finset.sum_div

Hint: Omit it from the simp argument list.
  simp only [Finset.sum_sub_distrib, F̵i̵n̵s̵e̵t̵.̵s̵u̵m̵_̵d̵i̵v̵,̵ ̵hsum1, hsumk]

Note: This linter can be disabled with `set_option linter.unusedSimpArgs false`
warning: Goldbach/BG_Identity.lean:983:66: This simp argument is unused:
  hsumk

Hint: Omit it from the simp argument list.
  simp only [Finset.sum_sub_distrib, Finset.sum_div, hsum1,̵ ̵h̵s̵u̵m̵k̵]

Note: This linter can be disabled with `set_option linter.unusedSimpArgs false`
error: Goldbach/BG_Identity.lean:1019:27: Invalid argument name `bandU` for function `sum_bandU`
error: Goldbach/BG_Identity.lean:1042:30: unsolved goals
Kadm : BG.AdmissibleKernel Ucut
⊢ 0 ∈ BG_Bank.S_BG
warning: Goldbach/BG_Identity.lean:1059:5: unused variable `h`

Note: This linter can be disabled with `set_option linter.unusedVariables false`
error: Goldbach/BG_Identity.lean:1078:53: Type mismatch: After simplification, term
  hk
 has type
  k ∈ BG_Bank.S_BG
but is expected to have type
  -↑H ≤ k ∧ k ≤ ↑H
error: Goldbach/BG_Identity.lean:1083:6: Tactic `simp` failed with a nested error:
maximum recursion depth has been reached
use `set_option maxRecDepth <num>` to increase limit
use `set_option diagnostics true` to get diagnostic information
warning: Goldbach/BG_Identity.lean:1103:54: try 'simp' instead of 'simpa'

Note: This linter can be disabled with `set_option linter.unnecessarySimpa false`
error: Goldbach/BG_Identity.lean:1118:14: Type mismatch: After simplification, term
  Finset.mem_Icc.mpr hkIcc_pair
 has type
  -↑H ≤ k ∧ k ≤ ↑H
but is expected to have type
  k ∈ BG_Bank.S_BG
error: Goldbach/BG_Identity.lean:1120:53: Type mismatch: After simplification, term
  hk
 has type
  k ∈ BG_Bank.S_BG
but is expected to have type
  -↑H ≤ k ∧ k ≤ ↑H
warning: Goldbach/BG_Identity.lean:1123:6: try 'simp' instead of 'simpa'

Note: This linter can be disabled with `set_option linter.unnecessarySimpa false`
error: Goldbach/BG_Identity.lean:1158:55: linarith failed to find a contradiction
case h
hinner_eq : innerBand = Finset.Icc (-↑H) ↑H
z : ℤ
hz : z ∈ (Finset.Icc (-↑H) ↑H).erase 0
hzIcc : z ∈ Finset.Icc (-↑H) ↑H
hz0 : z ≠ 0
this : -↑H ≤ z ∧ z ≤ ↑H
hle : z ≤ ↑H
hneg : -↑H ≤ z
a✝ : ↑H < ↑z.natAbs
⊢ False
failed
error: Goldbach/BG_Identity.lean:1166:33: Function expected at
  Int.natAbs_eq_zero
but this term has type
  Int.natAbs ?m.243 = 0 ↔ ?m.243 = 0

Note: Expected a function because this term is being applied to the argument
  hzabs0
error: Goldbach/BG_Identity.lean:1169:17: Invalid `⟨...⟩` notation: The expected type
  z.natAbs - 1 < H ∧ z = Int.ofNat (z.natAbs - 1).succ ∨ z = -Int.ofNat (z.natAbs - 1).succ
has more than one constructor

Note: This notation can only be used when the expected type is an inductive type with a single constructor
error: Goldbach/BG_Identity.lean:1170:10: No goals to be solved
error: Goldbach/BG_Identity.lean:1148:6: unsolved goals
case h.mp.inl
hinner_eq : innerBand = Finset.Icc (-↑H) ↑H
k : ℕ
hkpos : k < H
hz : Int.ofNat k.succ ∈ (Finset.Icc (-↑H) ↑H).erase 0
hzIcc : Int.ofNat k.succ ∈ Finset.Icc (-↑H) ↑H
hz0 : Int.ofNat k.succ ≠ 0
hzAbs : (Int.ofNat k.succ).natAbs ≤ H
⊢ Int.ofNat k.succ ∈
    Finset.map { toFun := fun k => ↑k.succ, inj' := ⋯ } (Finset.range H) ∪
      Finset.map { toFun := fun k => -↑k.succ, inj' := ⋯ } (Finset.range H)

case h.mp.inr
hinner_eq : innerBand = Finset.Icc (-↑H) ↑H
z : ℤ
hz : z ∈ (Finset.Icc (-↑H) ↑H).erase 0
hzIcc : z ∈ Finset.Icc (-↑H) ↑H
hz0 : z ≠ 0
hzAbs : z.natAbs ≤ H
k : ℕ
h✝ : z = -Int.ofNat k.succ
⊢ z ∈
    Finset.map { toFun := fun k => ↑k.succ, inj' := ⋯ } (Finset.range H) ∪
      Finset.map { toFun := fun k => -↑k.succ, inj' := ⋯ } (Finset.range H)
error: Goldbach/BG_Identity.lean:1183:54: unsolved goals
hinner_eq : innerBand = Finset.Icc (-↑H) ↑H
z : ℤ
h0mem : 0 ∈ Finset.Icc (-↑H) ↑H
⊢ K_full_raw (H + (H + 99) / 100) 0 = (↑H + ↑((H + 99) / 100))⁻¹
error: Goldbach/BG_Identity.lean:1191:12: `inj` is not a field of structure `Function.Embedding`
error: Goldbach/BG_Identity.lean:1190:10: Fields missing: `inj'`

Hint: Add missing fields:
  
  ̲ ̲ ̲ ̲ ̲ ̲ ̲ ̲ ̲ ̲ ̲ ̲ ̲i̲n̲j̲'̲ ̲:̲=̲ ̲_̲
error: Goldbach/BG_Identity.lean:1197:12: `inj` is not a field of structure `Function.Embedding`
error: Goldbach/BG_Identity.lean:1196:10: Fields missing: `inj'`

Hint: Add missing fields:
  
  ̲ ̲ ̲ ̲ ̲ ̲ ̲ ̲ ̲ ̲ ̲ ̲ ̲i̲n̲j̲'̲ ̲:̲=̲ ̲_̲
error: Goldbach/BG_Identity.lean:1206:60: Type mismatch: After simplification, term
  hEq
 has type
  negEmb j = posEmb i
but is expected to have type
  ↑i + 1 = -1 + -↑j
error: Goldbach/BG_Identity.lean:1208:67: Type mismatch: After simplification, term
  this
 has type
  ↑i + 1 = -1 + -↑j
but is expected to have type
  ↑i + 1 + (↑j + 1) = 0
error: Goldbach/BG_Identity.lean:1209:62: mod_cast has type
  ?m.535
of sort `Type ?u.64028` but is expected to have type
  0 < i.succ + j.succ
of sort `Prop`
error: Goldbach/BG_Identity.lean:1209:78: Application type mismatch: The argument
  Nat.succ_pos j
has type
  0 < j.succ
of sort `Prop` but is expected to have type
  ?m.537
of sort `Type ?u.64029` in the application
  ?m.540 + ⋯
error: Goldbach/BG_Identity.lean:1210:33: Type mismatch: After simplification, term
  hpos
 has type
  0 < ↑i + 1 + (↑j + 1)
but is expected to have type
  False
error: Goldbach/BG_Identity.lean:1212:79: Unknown identifier `hband`
error: Goldbach/BG_Identity.lean:1217:85: Invalid argument name `emb` for function `Finset.sum_map`

Hint: Perhaps you meant one of the following parameter names:
  • `ι`: e̵m̵b̵ι̲
  • `κ`: e̵m̵b̵κ̲
  • `M`: e̵m̵b̵M̲
  • `e`: em̵b̵
error: Goldbach/BG_Identity.lean:1221:85: Invalid argument name `emb` for function `Finset.sum_map`

Hint: Perhaps you meant one of the following parameter names:
  • `ι`: e̵m̵b̵ι̲
  • `κ`: e̵m̵b̵κ̲
  • `M`: e̵m̵b̵M̲
  • `e`: em̵b̵
error: Goldbach/BG_Identity.lean:1225:10: maximum recursion depth has been reached
use `set_option maxRecDepth <num>` to increase limit
use `set_option diagnostics true` to get diagnostic information
warning: Goldbach/BG_Identity.lean:1229:16: try 'simp' instead of 'simpa'

Note: This linter can be disabled with `set_option linter.unnecessarySimpa false`
warning: Goldbach/BG_Identity.lean:1235:16: try 'simp' instead of 'simpa'

Note: This linter can be disabled with `set_option linter.unnecessarySimpa false`
error: Goldbach/BG_Identity.lean:1237:6: 'calc' expression has type
  ∑ k ∈ innerBand, K_full k = K_full 0 + 2 * ∑ k ∈ Finset.range H, K_full (Int.ofNat k.succ)
but is expected to have type
  z ∈
      Finset.map { toFun := fun k => ↑k.succ, inj' := ⋯ } (Finset.range H) ∪
        Finset.map { toFun := fun k => -↑k.succ, inj' := ⋯ } (Finset.range H) →
    z ∈ (Finset.Icc (-↑H) ↑H).erase 0
error: Goldbach/BG_Identity.lean:1141:137: unsolved goals
hinner_eq : innerBand = Finset.Icc (-↑H) ↑H
hband :
  (Finset.Icc (-↑H) ↑H).erase 0 =
    Finset.map { toFun := fun k => ↑k.succ, inj' := ⋯ } (Finset.range H) ∪
      Finset.map { toFun := fun k => -↑k.succ, inj' := ⋯ } (Finset.range H)
⊢ ∑ k ∈ innerBand, K_full k = K_full 0 + 2 * ∑ k ∈ Finset.range H, K_full (Int.ofNat k.succ)
warning: Goldbach/BG_Identity.lean:1246:10: try 'simp' instead of 'simpa'

Note: This linter can be disabled with `set_option linter.unnecessarySimpa false`
warning: Goldbach/BG_Identity.lean:1264:8: try 'simp' instead of 'simpa'

Note: This linter can be disabled with `set_option linter.unnecessarySimpa false`
warning: Goldbach/BG_Identity.lean:1277:34: try 'simp' instead of 'simpa'

Note: This linter can be disabled with `set_option linter.unnecessarySimpa false`
error: Goldbach/BG_Identity.lean:1279:4: maximum recursion depth has been reached
use `set_option maxRecDepth <num>` to increase limit
use `set_option diagnostics true` to get diagnostic information
error: Goldbach/BG_Identity.lean:1312:16: maximum recursion depth has been reached
use `set_option maxRecDepth <num>` to increase limit
use `set_option diagnostics true` to get diagnostic information
error: Goldbach/BG_Identity.lean:1329:18: maximum recursion depth has been reached
use `set_option maxRecDepth <num>` to increase limit
use `set_option diagnostics true` to get diagnostic information
error: Goldbach/BG_Identity.lean:1341:16: No goals to be solved
error: Goldbach/BG_Identity.lean:1353:4: maximum recursion depth has been reached
use `set_option maxRecDepth <num>` to increase limit
use `set_option diagnostics true` to get diagnostic information
error: Goldbach/BG_Identity.lean:1371:12: maximum recursion depth has been reached
use `set_option maxRecDepth <num>` to increase limit
use `set_option diagnostics true` to get diagnostic information
error: Goldbach/BG_Identity.lean:1377:12: maximum recursion depth has been reached
use `set_option maxRecDepth <num>` to increase limit
use `set_option diagnostics true` to get diagnostic information
error: Goldbach/BG_Identity.lean:1378:2: maximum recursion depth has been reached
use `set_option maxRecDepth <num>` to increase limit
use `set_option diagnostics true` to get diagnostic information
warning: Goldbach/BG_Identity.lean:1258:24: This simp argument is unused:
  add_left_comm

Hint: Omit it from the simp argument list.
  simp [Nat.succ_eq_add_one, Finset.sum_add_distrib, Finset.sum_const, Finset.card_range,
             ̵ ̵ ̵ ̵add_comm, add_l̵e̵f̵t̵_̵c̵o̵m̵m̵,̵ ̵ad̵d̵_̵a̵ssoc]

Note: This linter can be disabled with `set_option linter.unusedSimpArgs false`
warning: Goldbach/BG_Identity.lean:1258:39: This simp argument is unused:
  add_assoc

Hint: Omit it from the simp argument list.
  simp [Nat.succ_eq_add_one, Finset.sum_add_distrib, Finset.sum_const, Finset.card_range,
             ̵ ̵ ̵ ̵add_comm, add_left_comm,̵ ̵a̵d̵d̵_̵a̵s̵s̵o̵c̵]

Note: This linter can be disabled with `set_option linter.unusedSimpArgs false`
warning: Goldbach/BG_Identity.lean:1311:64: This simp argument is unused:
  mul_left_comm

Hint: Omit it from the simp argument list.
  simp [div_eq_mul_inv, mul_comm, mul_l̵e̵f̵t̵_̵c̵o̵m̵m̵,̵ ̵m̵u̵l̵_̵assoc]

Note: This linter can be disabled with `set_option linter.unusedSimpArgs false`
warning: Goldbach/BG_Identity.lean:1311:79: This simp argument is unused:
  mul_assoc

Hint: Omit it from the simp argument list.
  simp [div_eq_mul_inv, mul_comm, mul_left_comm,̵ ̵m̵u̵l̵_̵a̵s̵s̵o̵c̵]

Note: This linter can be disabled with `set_option linter.unusedSimpArgs false`
warning: Goldbach/BG_Identity.lean:1380:6: declaration uses 'sorry'
error: Goldbach/BG_Identity.lean:1426:21: maximum recursion depth has been reached
use `set_option maxRecDepth <num>` to increase limit
use `set_option diagnostics true` to get diagnostic information
warning: Goldbach/BG_Identity.lean:1454:28: unused variable `X`

Note: This linter can be disabled with `set_option linter.unusedVariables false`
warning: Goldbach/BG_Identity.lean:1454:30: unused variable `N`

Note: This linter can be disabled with `set_option linter.unusedVariables false`
warning: Goldbach/BG_Identity.lean:1455:28: unused variable `X`

Note: This linter can be disabled with `set_option linter.unusedVariables false`
warning: Goldbach/BG_Identity.lean:1455:30: unused variable `N`

Note: This linter can be disabled with `set_option linter.unusedVariables false`
error: Goldbach/BG_Identity.lean:1481:21: maximum recursion depth has been reached
use `set_option maxRecDepth <num>` to increase limit
use `set_option diagnostics true` to get diagnostic information
error: Goldbach/BG_Identity.lean:1580:0: Unexpected name `BG_Identity` after `end`: The current section is unnamed

Hint: Delete the name `BG_Identity` to end the current unnamed scope; outer named scopes can then be closed using additional `end` command(s):
  end ̵B̵G̵_̵I̵d̵e̵n̵t̵i̵t̵y̵
error: Goldbach/BG_Identity.lean:1581:0: Unexpected name `Goldbach` after `end`: The current section is unnamed

Hint: Delete the name `Goldbach` to end the current unnamed scope; outer named scopes can then be closed using additional `end` command(s):
  end ̵G̵o̵l̵d̵b̵a̵c̵h̵
error: Lean exited with code 1
Some required targets logged failures:
- Goldbach.BG_Identity
error: build failed
⚠ [7587/7623] Replayed Goldbach.Compat
warning: Goldbach/Compat.lean:18:2: try 'simp' instead of 'simpa'

Note: This linter can be disabled with `set_option linter.unnecessarySimpa false`
warning: Goldbach/Compat.lean:24:40: unused variable `hb`

Note: This linter can be disabled with `set_option linter.unusedVariables false`
warning: Goldbach/Compat.lean:50:4: try 'simp' instead of 'simpa'

Note: This linter can be disabled with `set_option linter.unnecessarySimpa false`
⚠ [7589/7623] Replayed Goldbach.Windows
warning: Goldbach/Windows.lean:63:4: try 'simp' instead of 'simpa'

Note: This linter can be disabled with `set_option linter.unnecessarySimpa false`
warning: Goldbach/Windows.lean:68:2: try 'simp' instead of 'simpa'

Note: This linter can be disabled with `set_option linter.unnecessarySimpa false`
warning: Goldbach/Windows.lean:68:38: this tactic is never executed

Note: This linter can be disabled with `set_option linter.unreachableTactic false`
warning: Goldbach/Windows.lean:68:38: 'simpa using hmap' tactic does nothing

Note: This linter can be disabled with `set_option linter.unusedTactic false`
⚠ [7591/7623] Replayed Goldbach.Base.FiniteBaseDefs
warning: Goldbach/Base/FiniteBaseDefs.lean:41:17: unused variable `ha`

Note: This linter can be disabled with `set_option linter.unusedVariables false`
warning: Goldbach/Base/FiniteBaseDefs.lean:41:45: unused variable `hc`

Note: This linter can be disabled with `set_option linter.unusedVariables false`
warning: Goldbach/Base/FiniteBaseDefs.lean:42:5: unused variable `hab`

Note: This linter can be disabled with `set_option linter.unusedVariables false`
warning: Goldbach/Base/FiniteBaseDefs.lean:42:19: unused variable `hbc`

Note: This linter can be disabled with `set_option linter.unusedVariables false`
⚠ [7592/7623] Replayed Goldbach.ClosureBridge
warning: Goldbach/ClosureBridge.lean:42:41: try 'simp' instead of 'simpa'

Note: This linter can be disabled with `set_option linter.unnecessarySimpa false`
⚠ [7599/7623] Replayed Goldbach.AO_AssembleEnvelope
warning: Goldbach/AO_AssembleEnvelope.lean:67:20: try 'simp' instead of 'simpa'

Note: This linter can be disabled with `set_option linter.unnecessarySimpa false`
⚠ [7601/7623] Replayed Goldbach.AO_Major
warning: Goldbach/AO_Major.lean:21:13: unused variable `hX`

Note: This linter can be disabled with `set_option linter.unusedVariables false`
warning: Goldbach/AO_Major.lean:21:35: unused variable `hN`

Note: This linter can be disabled with `set_option linter.unusedVariables false`
warning: Goldbach/AO_Major.lean:25:24: This simp argument is unused:
  add_assoc

Hint: Omit it from the simp argument list.
  simp [Goldbach.AO_Major.errAO, Goldbach.AO_Major.weight_mass, Goldbach.AO_Core.errAO,
       ̵ ̵ ̵ ̵sub_eq_add_neg, add_a̵s̵s̵o̵c̵,̵ ̵a̵d̵d̵_̵left_comm, add_comm, mul_assoc]

Note: This linter can be disabled with `set_option linter.unusedSimpArgs false`
warning: Goldbach/AO_Major.lean:25:60: This simp argument is unused:
  mul_assoc

Hint: Omit it from the simp argument list.
  simp [Goldbach.AO_Major.errAO, Goldbach.AO_Major.weight_mass, Goldbach.AO_Core.errAO,
       ̵ ̵ ̵ ̵sub_eq_add_neg, add_assoc, add_left_comm, add_comm,̵ ̵m̵u̵l̵_̵a̵s̵s̵o̵c̵]

Note: This linter can be disabled with `set_option linter.unusedSimpArgs false`
warning: Goldbach/AO_Major.lean:46:5: unused variable `h`

Note: This linter can be disabled with `set_option linter.unusedVariables false`
warning: Goldbach/AO_Major.lean:58:24: This simp argument is unused:
  dif_pos

Hint: Omit it from the simp argument list.
  simp only [MPDF, win, d̵i̵f̵_̵p̵o̵s̵,̵ ̵mul_div_assoc']

Note: This linter can be disabled with `set_option linter.unusedSimpArgs false`
warning: Goldbach/AO_Major.lean:58:33: This simp argument is unused:
  mul_div_assoc'

Hint: Omit it from the simp argument list.
  simp only [MPDF, win, dif_pos,̵ ̵m̵u̵l̵_̵d̵i̵v̵_̵a̵s̵s̵o̵c̵'̵]

Note: This linter can be disabled with `set_option linter.unusedSimpArgs false`
warning: Goldbach/AO_Major.lean:81:69: try 'simp' instead of 'simpa'

Note: This linter can be disabled with `set_option linter.unnecessarySimpa false`
warning: Goldbach/AO_Major.lean:82:68: try 'simp' instead of 'simpa'

Note: This linter can be disabled with `set_option linter.unnecessarySimpa false`
warning: Goldbach/AO_Major.lean:83:68: try 'simp' instead of 'simpa'

Note: This linter can be disabled with `set_option linter.unnecessarySimpa false`
warning: Goldbach/AO_Major.lean:85:90: This simp argument is unused:
  add_assoc

Hint: Omit it from the simp argument list.
  simp [sub_eq_add_neg,̵ ̵a̵d̵d̵_̵a̵s̵s̵o̵c̵]

Note: This linter can be disabled with `set_option linter.unusedSimpArgs false`
warning: Goldbach/AO_Major.lean:101:24: This simp argument is unused:
  dif_pos

Hint: Omit it from the simp argument list.
  simp only [MPDF, win,̵ ̵d̵i̵f̵_̵p̵o̵s̵]

Note: This linter can be disabled with `set_option linter.unusedSimpArgs false`
⚠ [7602/7623] Replayed Goldbach.BG_Bank
warning: Goldbach/BG_Bank.lean:13:25: unused variable `n`

Note: This linter can be disabled with `set_option linter.unusedVariables false`
warning: Goldbach/BG_Bank.lean:75:4: try 'simp' instead of 'simpa'

Note: This linter can be disabled with `set_option linter.unnecessarySimpa false`
warning: Goldbach/BG_Bank.lean:75:25: this tactic is never executed

Note: This linter can be disabled with `set_option linter.unreachableTactic false`
warning: Goldbach/BG_Bank.lean:75:25: 'decide' tactic does nothing

Note: This linter can be disabled with `set_option linter.unusedTactic false`
warning: Goldbach/BG_Bank.lean:288:14: try 'simp' instead of 'simpa'

Note: This linter can be disabled with `set_option linter.unnecessarySimpa false`
warning: Goldbach/BG_Bank.lean:188:42: This simp argument is unused:
  Nat.cast_sub hn_le

Hint: Omit it from the simp argument list.
  simp only [Nat.cast_succ,̵ ̵N̵a̵t̵.̵c̵a̵s̵t̵_̵s̵u̵b̵ ̵h̵n̵_̵l̵e̵]

Note: This linter can be disabled with `set_option linter.unusedSimpArgs false`
warning: Goldbach/BG_Bank.lean:194:24: This simp argument is unused:
  abs_of_nonneg hlog_Nm_nn

Hint: Omit it from the simp argument list.
  simp [hp,̵ ̵a̵b̵s̵_̵o̵f̵_̵n̵o̵n̵n̵e̵g̵ ̵h̵l̵o̵g̵_̵N̵m̵_̵n̵n̵]

Note: This linter can be disabled with `set_option linter.unusedSimpArgs false`
warning: Goldbach/BG_Bank.lean:202:24: This simp argument is unused:
  abs_of_nonneg hlog_Np1_nn

Hint: Omit it from the simp argument list.
  simp [hp,̵ ̵a̵b̵s̵_̵o̵f̵_̵n̵o̵n̵n̵e̵g̵ ̵h̵l̵o̵g̵_̵N̵p̵1̵_̵n̵n̵]

Note: This linter can be disabled with `set_option linter.unusedSimpArgs false`
warning: Goldbach/BG_Bank.lean:218:46: This simp argument is unused:
  mul_comm

Hint: Omit it from the simp argument list.
  simp [abs_mul, mul_assoc, m̵u̵l̵_̵c̵o̵m̵m̵,̵ ̵mul_left_comm]

Note: This linter can be disabled with `set_option linter.unusedSimpArgs false`
warning: Goldbach/BG_Bank.lean:326:20: This simp argument is unused:
  hlogXabs

Hint: Omit it from the simp argument list.
  simp [h̵l̵o̵g̵X̵a̵b̵s̵,̵ ̵mul_comm, mul_left_comm, mul_assoc]

Note: This linter can be disabled with `set_option linter.unusedSimpArgs false`
warning: Goldbach/BG_Bank.lean:326:30: This simp argument is unused:
  mul_comm

Hint: Omit it from the simp argument list.
  simp [hlogXabs, m̵u̵l̵_̵c̵o̵m̵m̵,̵ ̵mul_left_comm, mul_assoc]

Note: This linter can be disabled with `set_option linter.unusedSimpArgs false`
warning: Goldbach/BG_Bank.lean:403:14: try 'simp' instead of 'simpa'

Note: This linter can be disabled with `set_option linter.unnecessarySimpa false`
warning: Goldbach/BG_Bank.lean:405:14: try 'simp' instead of 'simpa'

Note: This linter can be disabled with `set_option linter.unnecessarySimpa false`
warning: Goldbach/BG_Bank.lean:407:40: This simp argument is unused:
  add_comm

Hint: Omit it from the simp argument list.
  simp [div_self, hlogX_ne, add_c̵o̵m̵m̵,̵ ̵a̵d̵d̵_̵left_comm, add_assoc]

Note: This linter can be disabled with `set_option linter.unusedSimpArgs false`
warning: Goldbach/BG_Bank.lean:407:50: This simp argument is unused:
  add_left_comm

Hint: Omit it from the simp argument list.
  simp [div_self, hlogX_ne, add_comm, a̵d̵d̵_̵l̵e̵f̵t̵_̵c̵o̵m̵m̵,̵ ̵add_assoc]

Note: This linter can be disabled with `set_option linter.unusedSimpArgs false`
warning: Goldbach/BG_Bank.lean:407:65: This simp argument is unused:
  add_assoc

Hint: Omit it from the simp argument list.
  simp [div_self, hlogX_ne, add_comm, add_left_comm,̵ ̵a̵d̵d̵_̵a̵s̵s̵o̵c̵]

Note: This linter can be disabled with `set_option linter.unusedSimpArgs false`
warning: Goldbach/BG_Bank.lean:547:63: try 'simp' instead of 'simpa'

Note: This linter can be disabled with `set_option linter.unnecessarySimpa false`
warning: Goldbach/BG_Bank.lean:550:47: This simp argument is unused:
  add_comm

Hint: Omit it from the simp argument list.
  simp [add_div, div_self, hlogX_ne, add_c̵o̵m̵m̵,̵ ̵a̵d̵d̵_̵left_comm, add_assoc]

Note: This linter can be disabled with `set_option linter.unusedSimpArgs false`
warning: Goldbach/BG_Bank.lean:550:57: This simp argument is unused:
  add_left_comm

Hint: Omit it from the simp argument list.
  simp [add_div, div_self, hlogX_ne, add_comm, a̵d̵d̵_̵l̵e̵f̵t̵_̵c̵o̵m̵m̵,̵ ̵add_assoc]

Note: This linter can be disabled with `set_option linter.unusedSimpArgs false`
warning: Goldbach/BG_Bank.lean:550:72: This simp argument is unused:
  add_assoc

Hint: Omit it from the simp argument list.
  simp [add_div, div_self, hlogX_ne, add_comm, add_left_comm,̵ ̵a̵d̵d̵_̵a̵s̵s̵o̵c̵]

Note: This linter can be disabled with `set_option linter.unusedSimpArgs false`
warning: Goldbach/BG_Bank.lean:559:56: This simp argument is unused:
  add_left_comm

Hint: Omit it from the simp argument list.
  simp [c, Nat.cast_add, Nat.cast_one, add_assoc, a̵d̵d̵_̵l̵e̵f̵t̵_̵c̵o̵m̵m̵,̵ ̵add_comm, add_div, div_self hX0_ne]

Note: This linter can be disabled with `set_option linter.unusedSimpArgs false`
⚠ [7603/7623] Replayed Goldbach.BG_Operator
warning: Goldbach/BG_Operator.lean:31:2: try 'simp' instead of 'simpa'

Note: This linter can be disabled with `set_option linter.unnecessarySimpa false`
warning: Goldbach/BG_Operator.lean:98:2: try 'simp' instead of 'simpa'

Note: This linter can be disabled with `set_option linter.unnecessarySimpa false`
⚠ [7605/7623] Replayed Goldbach.SingularSeries
warning: Goldbach/SingularSeries.lean:40:5: unused variable `h`

Note: This linter can be disabled with `set_option linter.unusedVariables false`
warning: Goldbach/SingularSeries.lean:88:8: `Finset.eq_empty_iff_forall_not_mem` has been deprecated: Use `Finset.eq_empty_iff_forall_notMem` instead
warning: Goldbach/SingularSeries.lean:98:4: try 'simp' instead of 'simpa'

Note: This linter can be disabled with `set_option linter.unnecessarySimpa false`
warning: Goldbach/SingularSeries.lean:99:28: this tactic is never executed

Note: This linter can be disabled with `set_option linter.unreachableTactic false`
warning: Goldbach/SingularSeries.lean:99:57: this tactic is never executed

Note: This linter can be disabled with `set_option linter.unreachableTactic false`
warning: Goldbach/SingularSeries.lean:99:28: 'decide' tactic does nothing

Note: This linter can be disabled with `set_option linter.unusedTactic false`
warning: Goldbach/SingularSeries.lean:99:57: 'decide' tactic does nothing

Note: This linter can be disabled with `set_option linter.unusedTactic false`
⚠ [7607/7623] Replayed Goldbach.PPNumerics
warning: Goldbach/PPNumerics.lean:24:42: try 'simp' instead of 'simpa'

Note: This linter can be disabled with `set_option linter.unnecessarySimpa false`
warning: Goldbach/PPNumerics.lean:27:6: try 'simp' instead of 'simpa'

Note: This linter can be disabled with `set_option linter.unnecessarySimpa false`
⚠ [7608/7623] Replayed Goldbach.PPBoundSquares
warning: Goldbach/PPBoundSquares.lean:41:8: try 'simp' instead of 'simpa'

Note: This linter can be disabled with `set_option linter.unnecessarySimpa false`
warning: Goldbach/PPBoundSquares.lean:228:10: try 'simp' instead of 'simpa'

Note: This linter can be disabled with `set_option linter.unnecessarySimpa false`
⚠ [7610/7623] Replayed Goldbach.AnalyticGlobal
warning: Goldbach/AnalyticGlobal.lean:65:28: This simp argument is unused:
  one_div

Hint: Omit it from the simp argument list.
  simp [div_eq_mul_inv, o̵n̵e̵_̵d̵i̵v̵,̵ ̵mul_comm]

Note: This linter can be disabled with `set_option linter.unusedSimpArgs false`
warning: Goldbach/AnalyticGlobal.lean:68:30: This simp argument is unused:
  one_div

Hint: Omit it from the simp argument list.
  simp [div_eq_mul_inv, o̵n̵e̵_̵d̵i̵v̵,̵ ̵mul_comm]

Note: This linter can be disabled with `set_option linter.unusedSimpArgs false`
warning: Goldbach/AnalyticGlobal.lean:70:39: This simp argument is unused:
  mul_left_comm

Hint: Omit it from the simp argument list.
  simp [one_div, S_ne, mul_comm, mul_l̵e̵f̵t̵_̵c̵o̵m̵m̵,̵ ̵m̵u̵l̵_̵assoc]

Note: This linter can be disabled with `set_option linter.unusedSimpArgs false`
warning: Goldbach/AnalyticGlobal.lean:70:54: This simp argument is unused:
  mul_assoc

Hint: Omit it from the simp argument list.
  simp [one_div, S_ne, mul_comm, mul_left_comm,̵ ̵m̵u̵l̵_̵a̵s̵s̵o̵c̵]

Note: This linter can be disabled with `set_option linter.unusedSimpArgs false`
⚠ [7611/7623] Replayed Goldbach.BankPieces
warning: Goldbach/BankPieces.lean:15:63: `class ... :=` has been deprecated in favor of `class ... where`.

Note: This linter can be disabled with `set_option linter.deprecated false`
⚠ [7613/7623] Replayed Goldbach.Analytic.MajorBoundFromSigma
warning: Goldbach/Analytic/MajorBoundFromSigma.lean:21:75: `structure ... :=` has been deprecated in favor of `structure ... where`.

Note: This linter can be disabled with `set_option linter.deprecated false`
⚠ [7614/7623] Replayed Goldbach.Analytic.NumericSigma
warning: Goldbach/Analytic/NumericSigma.lean:23:32: unused variable `hX`

Note: This linter can be disabled with `set_option linter.unusedVariables false`
✖ [7620/7623] Building Goldbach.BG_Identity (58s)
trace: .> LEAN_PATH=/Users/benjaminnelson/Desktop/nerd shit/goldbach/builds/Goldbach/.lake/packages/Cli/.lake/build/lib/lean:/Users/benjaminnelson/Desktop/nerd shit/goldbach/builds/Goldbach/.lake/packages/batteries/.lake/build/lib/lean:/Users/benjaminnelson/Desktop/nerd shit/goldbach/builds/Goldbach/.lake/packages/Qq/.lake/build/lib/lean:/Users/benjaminnelson/Desktop/nerd shit/goldbach/builds/Goldbach/.lake/packages/aesop/.lake/build/lib/lean:/Users/benjaminnelson/Desktop/nerd shit/goldbach/builds/Goldbach/.lake/packages/proofwidgets/.lake/build/lib/lean:/Users/benjaminnelson/Desktop/nerd shit/goldbach/builds/Goldbach/.lake/packages/importGraph/.lake/build/lib/lean:/Users/benjaminnelson/Desktop/nerd shit/goldbach/builds/Goldbach/.lake/packages/LeanSearchClient/.lake/build/lib/lean:/Users/benjaminnelson/Desktop/nerd shit/goldbach/builds/Goldbach/.lake/packages/plausible/.lake/build/lib/lean:/Users/benjaminnelson/Desktop/nerd shit/goldbach/builds/Goldbach/.lake/packages/mathlib/.lake/build/lib/lean:/Users/benjaminnelson/Desktop/nerd shit/goldbach/builds/Goldbach/.lake/build/lib/lean /Users/benjaminnelson/.elan/toolchains/leanprover--lean4---v4.26.0-rc2/bin/lean /Users/benjaminnelson/Desktop/nerd shit/goldbach/builds/Goldbach/Goldbach/BG_Identity.lean -o /Users/benjaminnelson/Desktop/nerd shit/goldbach/builds/Goldbach/.lake/build/lib/lean/Goldbach/BG_Identity.olean -i /Users/benjaminnelson/Desktop/nerd shit/goldbach/builds/Goldbach/.lake/build/lib/lean/Goldbach/BG_Identity.ilean -c /Users/benjaminnelson/Desktop/nerd shit/goldbach/builds/Goldbach/.lake/build/ir/Goldbach/BG_Identity.c --setup /Users/benjaminnelson/Desktop/nerd shit/goldbach/builds/Goldbach/.lake/build/ir/Goldbach/BG_Identity.setup.json --json
warning: Goldbach/BG_Identity.lean:149:48: This simp argument is unused:
  add_comm

Hint: Omit it from the simp argument list.
  simp [Finset.sum_insert, hk, ih, mul_add, a̵d̵d̵_̵c̵o̵m̵m̵,̵ ̵add_left_comm, add_assoc, mul_comm, mul_left_comm,
  ̲  ̲ ̲ ̲ ̲ ̲ ̲ ̲mul_assoc]

Note: This linter can be disabled with `set_option linter.unusedSimpArgs false`
warning: Goldbach/BG_Identity.lean:149:58: This simp argument is unused:
  add_left_comm

Hint: Omit it from the simp argument list.
  simp [Finset.sum_insert, hk, ih, mul_add, add_comm, a̵d̵d̵_̵l̵e̵f̵t̵_̵c̵o̵m̵m̵,̵add_assoc, mul_comm, mul_left_comm,
  ̲  ̲ ̲ ̲ ̲ ̲ ̲ ̲mul_assoc]

Note: This linter can be disabled with `set_option linter.unusedSimpArgs false`
warning: Goldbach/BG_Identity.lean:150:12: This simp argument is unused:
  add_assoc

Hint: Omit it from the simp argument list.
  simp [Finset.sum_insert, hk, ih, mul_add, add_comm, add_left_comm, a̵d̵d̵_̵a̵s̵s̵o̵c̵,̵ ̵mul_comm, mul_left_comm,
  ̲  ̲ ̲ ̲ ̲ ̲ ̲ ̲mul_assoc]

Note: This linter can be disabled with `set_option linter.unusedSimpArgs false`
warning: Goldbach/BG_Identity.lean:150:23: This simp argument is unused:
  mul_comm

Hint: Omit it from the simp argument list.
  simp [Finset.sum_insert, hk, ih, mul_add, add_comm, add_left_comm, add_assoc, m̵u̵l̵_̵c̵o̵m̵m̵,̵ ̵mul_left_comm,
  ̲  ̲ ̲ ̲ ̲ ̲ ̲ ̲mul_assoc]

Note: This linter can be disabled with `set_option linter.unusedSimpArgs false`
warning: Goldbach/BG_Identity.lean:150:33: This simp argument is unused:
  mul_left_comm

Hint: Omit it from the simp argument list.
  simp [Finset.sum_insert, hk, ih, mul_add, add_comm, add_left_comm, add_assoc, mul_comm,
  ̲  ̲ ̲ ̲ ̲ ̲ ̲ ̲m̵u̵l̵_̵l̵e̵f̵t̵_̵c̵o̵m̵m̵,̵ ̵mul_assoc]

Note: This linter can be disabled with `set_option linter.unusedSimpArgs false`
warning: Goldbach/BG_Identity.lean:150:48: This simp argument is unused:
  mul_assoc

Hint: Omit it from the simp argument list.
  simp [Finset.sum_insert, hk, ih, mul_add, add_comm, add_left_comm, add_assoc, mul_comm,
  ̲  ̲ ̲ ̲ ̲ ̲ ̲ ̲m̵u̵l̵_̵l̵e̵f̵t̵_̵c̵o̵m̵m̵,̵ ̵m̵u̵l̵_̵a̵s̵s̵o̵c̵]̵m̲u̲l̲_̲l̲e̲f̲t̲_̲c̲o̲m̲m̲]̲

Note: This linter can be disabled with `set_option linter.unusedSimpArgs false`
error: Goldbach/BG_Identity.lean:203:6: Tactic `subst` failed: invalid equality proof, it is not of the form (x = t) or (t = x)
  Ucut = 0

case pos
m : ℕ
hm : m ≤ Ucut
hU : Ucut = 0
⊢ 0 ≤ 1 - ↑m / ↑Ucut
error: Goldbach/BG_Identity.lean:197:76: unsolved goals
m : ℕ
hm : m ≤ Ucut
hnonneg : 0 ≤ 1 - ↑m / ↑Ucut
hmax : max (1 - ↑m / ↑Ucut) 0 = 1 - ↑m / ↑Ucut
⊢ max (1 - ↑m / (↑H + ↑((H + 99) / 100))) 0 / (↑H + ↑((H + 99) / 100)) =
    (1 - ↑m / (↑H + ↑((H + 99) / 100))) / (↑H + ↑((H + 99) / 100))
warning: Goldbach/BG_Identity.lean:216:8: This simp argument is unused:
  hmax

Hint: Omit it from the simp argument list.
  simp ̵[̵h̵m̵a̵x̵]̵

Note: This linter can be disabled with `set_option linter.unusedSimpArgs false`
warning: Goldbach/BG_Identity.lean:242:10: This simp argument is unused:
  Finset.sum_insert

Hint: Omit it from the simp argument list.
  simp [̵F̵i̵n̵s̵e̵t̵.̵s̵u̵m̵_̵i̵n̵s̵e̵r̵t̵,̵ ̵h̵a̵,̵[̲h̲a̲,̲ ih, mul_add, add_comm, add_left_comm, add_assoc, mul_comm, mul_left_comm, mul_assoc]

Note: This linter can be disabled with `set_option linter.unusedSimpArgs false`
warning: Goldbach/BG_Identity.lean:242:33: This simp argument is unused:
  ih

Hint: Omit it from the simp argument list.
  simp [Finset.sum_insert, ha, i̵h̵,̵ ̵mul_add, add_comm, add_left_comm,
  ̵  ̵ ̵ ̵ ̵ ̵ ̵ ̵ ̵ ̵add_assoc, mul_comm,
  ̲  ̲ ̲ ̲ ̲ ̲mul_left_comm, mul_assoc]

Note: This linter can be disabled with `set_option linter.unusedSimpArgs false`
warning: Goldbach/BG_Identity.lean:242:56: This simp argument is unused:
  add_left_comm

Hint: Omit it from the simp argument list.
  simp [Finset.sum_insert, ha, ih, mul_add, add_comm, a̵d̵d̵_̵l̵e̵f̵t̵_̵c̵o̵m̵m̵,̵add_assoc, mul_comm, mul_left_comm,
  ̲  ̲ ̲ ̲ ̲ ̲mul_assoc]

Note: This linter can be disabled with `set_option linter.unusedSimpArgs false`
warning: Goldbach/BG_Identity.lean:243:10: This simp argument is unused:
  add_assoc

Hint: Omit it from the simp argument list.
  simp [Finset.sum_insert, ha, ih, mul_add, add_comm, add_left_comm, a̵d̵d̵_̵a̵s̵s̵o̵c̵,̵ ̵mul_comm, mul_left_comm,
  ̲  ̲ ̲ ̲ ̲ ̲mul_assoc]

Note: This linter can be disabled with `set_option linter.unusedSimpArgs false`
warning: Goldbach/BG_Identity.lean:243:31: This simp argument is unused:
  mul_left_comm

Hint: Omit it from the simp argument list.
  simp [Finset.sum_insert, ha, ih, mul_add, add_comm, add_left_comm, add_assoc, mul_comm,
  ̲  ̲ ̲ ̲ ̲ ̲m̵u̵l̵_̵l̵e̵f̵t̵_̵c̵o̵m̵m̵,̵ ̵mul_assoc]

Note: This linter can be disabled with `set_option linter.unusedSimpArgs false`
warning: Goldbach/BG_Identity.lean:243:46: This simp argument is unused:
  mul_assoc

Hint: Omit it from the simp argument list.
  simp [Finset.sum_insert, ha, ih, mul_add, add_comm, add_left_comm, add_assoc, mul_comm,
  ̲  ̲ ̲ ̲ ̲ ̲m̵u̵l̵_̵l̵e̵f̵t̵_̵c̵o̵m̵m̵,̵ ̵m̵u̵l̵_̵a̵s̵s̵o̵c̵]̵m̲u̲l̲_̲l̲e̲f̲t̲_̲c̲o̲m̲m̲]̲

Note: This linter can be disabled with `set_option linter.unusedSimpArgs false`
error: Goldbach/BG_Identity.lean:267:6: Type mismatch: After simplification, term
  this
 has type
  True
but is expected to have type
  ↑n + 2 = ↑n + 1 + 1 ∨ ↑n + 1 = 0
error: Goldbach/BG_Identity.lean:268:4: Tactic `assumption` failed

case succ
n : ℕ
ih : ∑ k ∈ Finset.range n, ↑k.succ = ↑n * (↑n + 1) / 2
h : ∑ x ∈ Finset.range (n + 1), ↑x.succ = ∑ x ∈ Finset.range n, ↑x.succ + ↑n.succ
h' : ∑ k ∈ Finset.range n.succ, ↑k.succ = ∑ k ∈ Finset.range n, ↑k.succ + ↑n.succ
h'' : ↑n * (↑n + 1) / 2 + ↑n.succ = ↑n.succ * (↑n.succ + 1) / 2
⊢ ∑ x ∈ Finset.range (n + 1), (↑x + 1) = (↑n + 1) * (↑n + 1 + 1) / 2
warning: Goldbach/BG_Identity.lean:364:6: declaration uses 'sorry'
warning: Goldbach/BG_Identity.lean:393:23: This simp argument is unused:
  Int.ofNat_sub hHN

Hint: Omit it from the simp argument list.
  simp only [̵I̵n̵t̵.̵o̵f̵N̵a̵t̵_̵s̵u̵b̵ ̵h̵H̵N̵]̵ ̵at hZint

Note: This linter can be disabled with `set_option linter.unusedSimpArgs false`
warning: Goldbach/BG_Identity.lean:458:4: try 'simp' instead of 'simpa'

Note: This linter can be disabled with `set_option linter.unnecessarySimpa false`
warning: Goldbach/BG_Identity.lean:481:25: try 'simp' instead of 'simpa'

Note: This linter can be disabled with `set_option linter.unnecessarySimpa false`
warning: Goldbach/BG_Identity.lean:524:6: declaration uses 'sorry'
warning: Goldbach/BG_Identity.lean:561:15: unused variable `hX`

Note: This linter can be disabled with `set_option linter.unusedVariables false`
warning: Goldbach/BG_Identity.lean:562:5: unused variable `hN`

Note: This linter can be disabled with `set_option linter.unusedVariables false`
warning: Goldbach/BG_Identity.lean:594:5: unused variable `hk`

Note: This linter can be disabled with `set_option linter.unusedVariables false`
warning: Goldbach/BG_Identity.lean:619:28: This simp argument is unused:
  hUpos.ne'

Hint: Omit it from the simp argument list.
  s̵i̵m̵p̵ ̵[̵K̵_̵f̵u̵l̵l̵,̵ ̵K̵_̵f̵u̵l̵l̵_̵r̵a̵w̵,̵ ̵h̵U̵p̵o̵s̵.̵n̵e̵'̵]̵ ̵a̵t̵ ̵*̵s̲i̲m̲p̲ ̲[̲K̲_̲f̲u̲l̲l̲,̲
  ̲ ̲ ̲ ̲ ̲K̲_̲f̲u̲l̲l̲_̲r̲a̲w̲]̲ ̲a̲t̲ ̲*̲
  ̲ ̲ ̲ ̲ ̲ ̲ ̲-̲-̲ ̲a̲f̲t̲e̲r̲ ̲s̲i̲m̲p̲,̲ ̲g̲o̲a̲l̲ ̲b̲e̲c̲o̲m̲e̲s̲ ̲`̲0̲ ̲<̲ ̲1̲ ̲/̲ ̲(̲U̲c̲u̲t̲:̲ℝ̲)̲`̲
  ̲ ̲ ̲ ̲ ̲ ̲ ̲

Note: This linter can be disabled with `set_option linter.unusedSimpArgs false`
warning: Goldbach/BG_Identity.lean:644:5: unused variable `h`

Note: This linter can be disabled with `set_option linter.unusedVariables false`
warning: Goldbach/BG_Identity.lean:651:5: unused variable `h`

Note: This linter can be disabled with `set_option linter.unusedVariables false`
warning: Goldbach/BG_Identity.lean:667:25: unused variable `X`

Note: This linter can be disabled with `set_option linter.unusedVariables false`
warning: Goldbach/BG_Identity.lean:667:27: unused variable `N`

Note: This linter can be disabled with `set_option linter.unusedVariables false`
warning: Goldbach/BG_Identity.lean:691:5: unused variable `h`

Note: This linter can be disabled with `set_option linter.unusedVariables false`
error: Goldbach/BG_Identity.lean:705:10: Unknown identifier `Kernel.conv_ref_const_eq_sigma_mass_of`
warning: Goldbach/BG_Identity.lean:720:8: try 'simp' instead of 'simpa'

Note: This linter can be disabled with `set_option linter.unnecessarySimpa false`
warning: Goldbach/BG_Identity.lean:748:34: unused variable `hk`

Note: This linter can be disabled with `set_option linter.unusedVariables false`
warning: Goldbach/BG_Identity.lean:752:35: unused variable `hk`

Note: This linter can be disabled with `set_option linter.unusedVariables false`
error: Goldbach/BG_Identity.lean:809:20: failed to synthesize
  HMul (ℕ → ℝ) ℝ ?m.11

Hint: Additional diagnostic information may be available using the `set_option diagnostics true` command.
error: Goldbach/BG_Identity.lean:817:20: typeclass instance problem is stuck
  HMul (ℕ → ℝ) ?m.14 ℝ

Note: Lean will not try to resolve this typeclass instance problem because the second type argument to `HMul` is a metavariable. This argument must be fully determined before Lean will try to resolve the typeclass.

Hint: Adding type annotations and supplying implicit arguments to functions can give Lean more information for typeclass resolution. For example, if you have a variable `x` that you intend to be a `Nat`, but Lean reports it as having an unresolved type like `?m`, replacing `x` with `(x : Nat)` can get typeclass resolution un-stuck.
error: Goldbach/BG_Identity.lean:827:60: unsolved goals
⊢ False
error: Goldbach/BG_Identity.lean:845:58: unsolved goals
⊢ -((↑H + 99) / 100) ≤ ↑H ∧ 0 ≤ ↑H + (↑H + 99) / 100
error: Goldbach/BG_Identity.lean:867:26: Unknown constant `Int.natAbs_eq_ofNat_abs`
error: Goldbach/BG_Identity.lean:873:12: linarith failed to find a contradiction
case h
h0 : 0 ∈ bandU
z : ℤ
hz : z ∈ bandU.erase 0
hzIcc : z ∈ Finset.Icc (-↑Ucut) ↑Ucut
hz0 : z ≠ 0
this : -↑Ucut ≤ z ∧ z ≤ ↑Ucut
hle : z ≤ ↑Ucut
hneg : -↑Ucut ≤ z
hz' : ↑z.natAbs = max (-z) z
a✝ : ↑Ucut < ↑z.natAbs
⊢ False
failed
error: Goldbach/BG_Identity.lean:881:59: mod_cast has type
  ?m.225 = ?m.225
but is expected to have type
  z.natAbs = 0
error: Goldbach/BG_Identity.lean:885:12: Type mismatch
  hzabs0
has type
  z.natAbs = 0
but is expected to have type
  z.natAbs ≠ 0
error: Goldbach/BG_Identity.lean:887:17: Invalid `⟨...⟩` notation: The expected type
  z.natAbs - 1 < Ucut ∧ z = Int.ofNat (z.natAbs - 1).succ ∨ z = -Int.ofNat (z.natAbs - 1).succ
has more than one constructor

Note: This notation can only be used when the expected type is an inductive type with a single constructor
error: Goldbach/BG_Identity.lean:888:10: No goals to be solved
error: Goldbach/BG_Identity.lean:901:69: Application type mismatch: The argument
  hkpos
has type
  k < Ucut
but is expected to have type
  k ∈ Finset.range Ucut
in the application
  And.intro hkpos
error: Goldbach/BG_Identity.lean:856:6: unsolved goals
case h.mp.inr
h0 : 0 ∈ bandU
z : ℤ
hz : z ∈ bandU.erase 0
hzIcc : z ∈ Finset.Icc (-↑Ucut) ↑Ucut
hz0 : z ≠ 0
hzAbs : z.natAbs ≤ Ucut
k : ℕ
h✝ : z = -Int.ofNat k.succ
⊢ z ∈
    Finset.map { toFun := fun k => ↑k.succ, inj' := ⋯ } (Finset.range Ucut) ∪
      Finset.map { toFun := fun k => -↑k.succ, inj' := ⋯ } (Finset.range Ucut)
error: Goldbach/BG_Identity.lean:902:54: unsolved goals
h0 : 0 ∈ bandU
z : ℤ
⊢ K_full_raw (H + (H + 99) / 100) 0 = (↑H + ↑((H + 99) / 100))⁻¹
error: Goldbach/BG_Identity.lean:915:34: maximum recursion depth has been reached
use `set_option maxRecDepth <num>` to increase limit
use `set_option diagnostics true` to get diagnostic information
error: Goldbach/BG_Identity.lean:916:28: Type mismatch
  hk
has type
  k ∈ Finset.map { toFun := fun k => ↑k.succ, inj' := ⋯ } (Finset.range Ucut)
but is expected to have type
  ∀ (a₂ : ℤ) (ha₂ : a₂ ∈ Finset.map { toFun := fun k => ↑k.succ, inj' := ⋯ } (Finset.range Ucut)),
    (fun k hk => k) k hk = (fun k hk => k) a₂ ha₂ → k = a₂
error: Goldbach/BG_Identity.lean:917:14: unsolved goals
case heq
h0 : 0 ∈ bandU
z : ℤ
h0val : K_full 0 = 1 / ↑Ucut
k : ℤ
hk : k ∈ Finset.map { toFun := fun k => -↑k.succ, inj' := ⋯ } (Finset.range Ucut)
⊢ ∃ a < H + (H + 99) / 100, ↑a + 1 = k
error: Goldbach/BG_Identity.lean:918:28: Type mismatch
  hk
has type
  k ∈ Finset.map { toFun := fun k => ↑k.succ, inj' := ⋯ } (Finset.range Ucut)
but is expected to have type
  K_full k = K_full ((fun k hk => k) k hk)
error: Goldbach/BG_Identity.lean:935:68: Type mismatch: After simplification, term
  hbEq
 has type
  -1 + -↑b' = ↑a' + 1
but is expected to have type
  ↑a' + 1 = -1 + -↑b'
error: Goldbach/BG_Identity.lean:936:16: linarith failed to find a contradiction
h0 : 0 ∈ bandU
z : ℤ
h0val : K_full 0 = 1 / ↑Ucut
hpair :
  ∑ k ∈ Finset.map { toFun := fun k => ↑k.succ, inj' := ⋯ } (Finset.range Ucut), K_full k =
    ∑ k ∈ Finset.map { toFun := fun k => -↑k.succ, inj' := ⋯ } (Finset.range Ucut), K_full k
a' : ℕ
ha' : a' ∈ Finset.range Ucut
ha :
  { toFun := fun k => ↑k.succ, inj' := ⋯ } a' ∈ Finset.map { toFun := fun k => ↑k.succ, inj' := ⋯ } (Finset.range Ucut)
hb :
  { toFun := fun k => ↑k.succ, inj' := ⋯ } a' ∈ Finset.map { toFun := fun k => -↑k.succ, inj' := ⋯ } (Finset.range Ucut)
b' : ℕ
hb' : b' ∈ Finset.range Ucut
hbEq : { toFun := fun k => -↑k.succ, inj' := ⋯ } b' = { toFun := fun k => ↑k.succ, inj' := ⋯ } a'
hbPos : ↑b'.succ ≠ 0
this : ↑a'.succ = -↑b'.succ
⊢ False
failed
error: Goldbach/BG_Identity.lean:953:92: Unknown identifier `hpos`
error: Goldbach/BG_Identity.lean:955:6: 'calc' expression has type
  ∑ k ∈ bandU, K_full k = K_full 0 + 2 * ∑ k ∈ Finset.range Ucut, K_full (Int.ofNat k.succ)
but is expected to have type
  z ∈
      Finset.map { toFun := fun k => ↑k.succ, inj' := ⋯ } (Finset.range Ucut) ∪
        Finset.map { toFun := fun k => -↑k.succ, inj' := ⋯ } (Finset.range Ucut) →
    z ∈ bandU.erase 0
error: Goldbach/BG_Identity.lean:842:93: unsolved goals
h0 : 0 ∈ bandU
hpos :
  bandU.erase 0 =
    Finset.map { toFun := fun k => ↑k.succ, inj' := ⋯ } (Finset.range Ucut) ∪
      Finset.map { toFun := fun k => -↑k.succ, inj' := ⋯ } (Finset.range Ucut)
⊢ ∑ k ∈ bandU, K_full k = K_full 0 + 2 * ∑ k ∈ Finset.range Ucut, K_full (Int.ofNat k.succ)
error: Goldbach/BG_Identity.lean:958:22: maximum recursion depth has been reached
use `set_option maxRecDepth <num>` to increase limit
use `set_option diagnostics true` to get diagnostic information
warning: Goldbach/BG_Identity.lean:960:10: try 'simp' instead of 'simpa'

Note: This linter can be disabled with `set_option linter.unnecessarySimpa false`
warning: Goldbach/BG_Identity.lean:979:22: `Finset.range_succ` has been deprecated: Use `Finset.range_add_one` instead
error: Goldbach/BG_Identity.lean:977:72: unsolved goals
hsplit : ∑ k ∈ bandU, K_full k = K_full 0 + 2 * ∑ k ∈ Finset.range Ucut, K_full (Int.ofNat k.succ)
hsum1 : ∑ k ∈ Finset.range Ucut, 1 = ↑Ucut
this : ∑ i ∈ Finset.range Ucut.succ, i = Ucut.succ * (Ucut.succ - 1) / 2
⊢ H + (H + 99) / 100 + ∑ x ∈ Finset.range (H + (H + 99) / 100), x =
    ∑ x ∈ Finset.range (H + (H + 99) / 100), x + (H + (H + 99) / 100)
error: Goldbach/BG_Identity.lean:981:10: Type mismatch: After simplification, term
  Finset.sum_range_id
 has type
  ∀ (n : ℕ), ∑ i ∈ Finset.range n, i = n * (n - 1) / 2
but is expected to have type
  ∑ i ∈ Finset.range (H + (H + 99) / 100 + 1), i = (H + (H + 99) / 100 + 1) * (H + (H + 99) / 100) / 2
error: Goldbach/BG_Identity.lean:982:8: linarith failed to find a contradiction
case h1.h
hsplit : ∑ k ∈ bandU, K_full k = K_full 0 + 2 * ∑ k ∈ Finset.range Ucut, K_full (Int.ofNat k.succ)
hsum1 : ∑ k ∈ Finset.range Ucut, 1 = ↑Ucut
this : ∑ i ∈ Finset.range Ucut.succ, i = Ucut.succ * (Ucut.succ - 1) / 2
hrewrite : ∑ i ∈ Finset.range Ucut.succ, i = ∑ k ∈ Finset.range Ucut, k.succ
hs : ∑ i ∈ Finset.range Ucut.succ, i = Ucut.succ * Ucut / 2
a✝ : ∑ k ∈ Finset.range Ucut, k.succ < Ucut * (Ucut + 1) / 2
⊢ False
failed
error: Goldbach/BG_Identity.lean:984:6: maximum recursion depth has been reached
use `set_option maxRecDepth <num>` to increase limit
use `set_option diagnostics true` to get diagnostic information
error: Goldbach/BG_Identity.lean:991:16: maximum recursion depth has been reached
use `set_option maxRecDepth <num>` to increase limit
use `set_option diagnostics true` to get diagnostic information
error: Goldbach/BG_Identity.lean:1003:68: unsolved goals
hsplit : ∑ k ∈ bandU, K_full k = K_full 0 + 2 * ∑ k ∈ Finset.range Ucut, K_full (Int.ofNat k.succ)
hsum1 : ∑ k ∈ Finset.range Ucut, 1 = ↑Ucut
hsumk : ∑ k ∈ Finset.range Ucut, ↑k.succ = ↑Ucut * (↑Ucut + 1) / 2
hUpos : 0 < ↑Ucut
hUpos' : ↑Ucut ≠ 0
⊢ (↑H + ↑((H + 99) / 100) - ∑ x ∈ Finset.range (H + (H + 99) / 100), (↑x + 1) / (↑H + ↑((H + 99) / 100))) /
      (↑H + ↑((H + 99) / 100)) =
    (↑H + ↑((H + 99) / 100))⁻¹ *
      (↑H + ↑((H + 99) / 100) - ∑ x ∈ Finset.range (H + (H + 99) / 100), (↑x + 1) / (↑H + ↑((H + 99) / 100)))
info: Goldbach/BG_Identity.lean:1009:8: Try this:
  [apply] ring_nf
  
  The `ring` tactic failed to close the goal. Use `ring_nf` to obtain a normal form.
    
  Note that `ring` works primarily in *commutative* rings. If you have a noncommutative ring, abelian group or module, consider using `noncomm_ring`, `abel` or `module` instead.
error: Goldbach/BG_Identity.lean:1006:96: unsolved goals
hsplit : ∑ k ∈ bandU, K_full k = K_full 0 + 2 * ∑ k ∈ Finset.range Ucut, K_full (Int.ofNat k.succ)
hsum1 : ∑ k ∈ Finset.range Ucut, 1 = ↑Ucut
hsumk : ∑ k ∈ Finset.range Ucut, ↑k.succ = ↑Ucut * (↑Ucut + 1) / 2
hUpos : 0 < ↑Ucut
hUpos' : ↑Ucut ≠ 0
⊢ ↑Ucut * (↑Ucut)⁻¹ - (↑Ucut)⁻¹ * ∑ x ∈ Finset.range Ucut, (↑Ucut)⁻¹ * ↑x.succ =
    ↑Ucut * (↑Ucut)⁻¹ + ↑Ucut * (↑Ucut)⁻¹ ^ 2 * (-1 / 2) + ↑Ucut ^ 2 * (↑Ucut)⁻¹ ^ 2 * (-1 / 2)
info: Goldbach/BG_Identity.lean:1011:33: Try this:
  [apply] ring_nf
  
  The `ring` tactic failed to close the goal. Use `ring_nf` to obtain a normal form.
    
  Note that `ring` works primarily in *commutative* rings. If you have a noncommutative ring, abelian group or module, consider using `noncomm_ring`, `abel` or `module` instead.
error: Goldbach/BG_Identity.lean:1010:34: unsolved goals
hsplit : ∑ k ∈ bandU, K_full k = K_full 0 + 2 * ∑ k ∈ Finset.range Ucut, K_full (Int.ofNat k.succ)
hsum1 : ∑ k ∈ Finset.range Ucut, 1 = ↑Ucut
hsumk : ∑ k ∈ Finset.range Ucut, ↑k.succ = ↑Ucut * (↑Ucut + 1) / 2
hUpos : 0 < ↑Ucut
⊢ -1 + ↑Ucut = -↑Ucut + ↑Ucut ^ 2
error: Goldbach/BG_Identity.lean:1020:58: unsolved goals
hsplit : ∑ k ∈ bandU, K_full k = K_full 0 + 2 * ∑ k ∈ Finset.range Ucut, K_full (Int.ofNat k.succ)
hpos_eval : ∑ k ∈ Finset.range Ucut, K_full (Int.ofNat k.succ) = (↑Ucut - 1) / 2
hUpos : ↑Ucut ≠ 0
this : ∑ k ∈ bandU, K_full k = K_full 0 + 2 * ∑ k ∈ Finset.range Ucut, K_full (Int.ofNat k.succ)
⊢ K_full_raw (H + (H + 99) / 100) 0 = (↑H + ↑((H + 99) / 100))⁻¹
info: Goldbach/BG_Identity.lean:1029:6: Try this:
  [apply] ring_nf
  
  The `ring` tactic failed to close the goal. Use `ring_nf` to obtain a normal form.
    
  Note that `ring` works primarily in *commutative* rings. If you have a noncommutative ring, abelian group or module, consider using `noncomm_ring`, `abel` or `module` instead.
error: Goldbach/BG_Identity.lean:1023:13: unsolved goals
hsplit : ∑ k ∈ bandU, K_full k = K_full 0 + 2 * ∑ k ∈ Finset.range Ucut, K_full (Int.ofNat k.succ)
hpos_eval : ∑ k ∈ Finset.range Ucut, K_full (Int.ofNat k.succ) = (↑Ucut - 1) / 2
hUpos hUpos' : ↑Ucut ≠ 0
hUpos'' : 0 < ↑Ucut
⊢ 1 - ↑Ucut + ↑Ucut ^ 2 = ↑Ucut
warning: Goldbach/BG_Identity.lean:846:14: This simp argument is unused:
  bandU

Hint: Omit it from the simp argument list.
  simp ̵[̵b̵a̵n̵d̵U̵]̵

Note: This linter can be disabled with `set_option linter.unusedSimpArgs false`
warning: Goldbach/BG_Identity.lean:1005:14: This simp argument is unused:
  Finset.sum_mul

Hint: Omit it from the simp argument list.
  simp [F̵i̵n̵s̵e̵t̵.̵s̵u̵m̵_̵m̵u̵l̵,̵ ̵hUpos']

Note: This linter can be disabled with `set_option linter.unusedSimpArgs false`
warning: Goldbach/BG_Identity.lean:1005:30: This simp argument is unused:
  hUpos'

Hint: Omit it from the simp argument list.
  simp [Finset.sum_mul,̵ ̵h̵U̵p̵o̵s̵'̵]

Note: This linter can be disabled with `set_option linter.unusedSimpArgs false`
warning: Goldbach/BG_Identity.lean:1008:43: This simp argument is unused:
  Finset.sum_div

Hint: Omit it from the simp argument list.
  simp only [Finset.sum_sub_distrib, F̵i̵n̵s̵e̵t̵.̵s̵u̵m̵_̵d̵i̵v̵,̵ ̵hsum1, hsumk]

Note: This linter can be disabled with `set_option linter.unusedSimpArgs false`
warning: Goldbach/BG_Identity.lean:1008:66: This simp argument is unused:
  hsumk

Hint: Omit it from the simp argument list.
  simp only [Finset.sum_sub_distrib, Finset.sum_div, hsum1,̵ ̵h̵s̵u̵m̵k̵]

Note: This linter can be disabled with `set_option linter.unusedSimpArgs false`
error: Goldbach/BG_Identity.lean:1044:27: Invalid argument name `bandU` for function `sum_bandU`
error: Goldbach/BG_Identity.lean:1067:30: unsolved goals
Kadm : BG.AdmissibleKernel Ucut
⊢ 0 ∈ BG_Bank.S_BG
warning: Goldbach/BG_Identity.lean:1084:5: unused variable `h`

Note: This linter can be disabled with `set_option linter.unusedVariables false`
error: Goldbach/BG_Identity.lean:1103:53: Type mismatch: After simplification, term
  hk
 has type
  k ∈ BG_Bank.S_BG
but is expected to have type
  -↑H ≤ k ∧ k ≤ ↑H
error: Goldbach/BG_Identity.lean:1108:6: Tactic `simp` failed with a nested error:
maximum recursion depth has been reached
use `set_option maxRecDepth <num>` to increase limit
use `set_option diagnostics true` to get diagnostic information
warning: Goldbach/BG_Identity.lean:1128:54: try 'simp' instead of 'simpa'

Note: This linter can be disabled with `set_option linter.unnecessarySimpa false`
error: Goldbach/BG_Identity.lean:1143:14: Type mismatch: After simplification, term
  Finset.mem_Icc.mpr hkIcc_pair
 has type
  -↑H ≤ k ∧ k ≤ ↑H
but is expected to have type
  k ∈ BG_Bank.S_BG
error: Goldbach/BG_Identity.lean:1145:53: Type mismatch: After simplification, term
  hk
 has type
  k ∈ BG_Bank.S_BG
but is expected to have type
  -↑H ≤ k ∧ k ≤ ↑H
warning: Goldbach/BG_Identity.lean:1148:6: try 'simp' instead of 'simpa'

Note: This linter can be disabled with `set_option linter.unnecessarySimpa false`
error: Goldbach/BG_Identity.lean:1183:55: linarith failed to find a contradiction
case h
hinner_eq : innerBand = Finset.Icc (-↑H) ↑H
z : ℤ
hz : z ∈ (Finset.Icc (-↑H) ↑H).erase 0
hzIcc : z ∈ Finset.Icc (-↑H) ↑H
hz0 : z ≠ 0
this : -↑H ≤ z ∧ z ≤ ↑H
hle : z ≤ ↑H
hneg : -↑H ≤ z
a✝ : ↑H < ↑z.natAbs
⊢ False
failed
error: Goldbach/BG_Identity.lean:1191:33: Function expected at
  Int.natAbs_eq_zero
but this term has type
  Int.natAbs ?m.243 = 0 ↔ ?m.243 = 0

Note: Expected a function because this term is being applied to the argument
  hzabs0
error: Goldbach/BG_Identity.lean:1194:17: Invalid `⟨...⟩` notation: The expected type
  z.natAbs - 1 < H ∧ z = Int.ofNat (z.natAbs - 1).succ ∨ z = -Int.ofNat (z.natAbs - 1).succ
has more than one constructor

Note: This notation can only be used when the expected type is an inductive type with a single constructor
error: Goldbach/BG_Identity.lean:1195:10: No goals to be solved
error: Goldbach/BG_Identity.lean:1173:6: unsolved goals
case h.mp.inl
hinner_eq : innerBand = Finset.Icc (-↑H) ↑H
k : ℕ
hkpos : k < H
hz : Int.ofNat k.succ ∈ (Finset.Icc (-↑H) ↑H).erase 0
hzIcc : Int.ofNat k.succ ∈ Finset.Icc (-↑H) ↑H
hz0 : Int.ofNat k.succ ≠ 0
hzAbs : (Int.ofNat k.succ).natAbs ≤ H
⊢ Int.ofNat k.succ ∈
    Finset.map { toFun := fun k => ↑k.succ, inj' := ⋯ } (Finset.range H) ∪
      Finset.map { toFun := fun k => -↑k.succ, inj' := ⋯ } (Finset.range H)

case h.mp.inr
hinner_eq : innerBand = Finset.Icc (-↑H) ↑H
z : ℤ
hz : z ∈ (Finset.Icc (-↑H) ↑H).erase 0
hzIcc : z ∈ Finset.Icc (-↑H) ↑H
hz0 : z ≠ 0
hzAbs : z.natAbs ≤ H
k : ℕ
h✝ : z = -Int.ofNat k.succ
⊢ z ∈
    Finset.map { toFun := fun k => ↑k.succ, inj' := ⋯ } (Finset.range H) ∪
      Finset.map { toFun := fun k => -↑k.succ, inj' := ⋯ } (Finset.range H)
error: Goldbach/BG_Identity.lean:1208:54: unsolved goals
hinner_eq : innerBand = Finset.Icc (-↑H) ↑H
z : ℤ
h0mem : 0 ∈ Finset.Icc (-↑H) ↑H
⊢ K_full_raw (H + (H + 99) / 100) 0 = (↑H + ↑((H + 99) / 100))⁻¹
error: Goldbach/BG_Identity.lean:1216:12: `inj` is not a field of structure `Function.Embedding`
error: Goldbach/BG_Identity.lean:1215:10: Fields missing: `inj'`

Hint: Add missing fields:
  
  ̲ ̲ ̲ ̲ ̲ ̲ ̲ ̲ ̲ ̲ ̲ ̲ ̲i̲n̲j̲'̲ ̲:̲=̲ ̲_̲
error: Goldbach/BG_Identity.lean:1222:12: `inj` is not a field of structure `Function.Embedding`
error: Goldbach/BG_Identity.lean:1221:10: Fields missing: `inj'`

Hint: Add missing fields:
  
  ̲ ̲ ̲ ̲ ̲ ̲ ̲ ̲ ̲ ̲ ̲ ̲ ̲i̲n̲j̲'̲ ̲:̲=̲ ̲_̲
error: Goldbach/BG_Identity.lean:1231:60: Type mismatch: After simplification, term
  hEq
 has type
  negEmb j = posEmb i
but is expected to have type
  ↑i + 1 = -1 + -↑j
error: Goldbach/BG_Identity.lean:1233:67: Type mismatch: After simplification, term
  this
 has type
  ↑i + 1 = -1 + -↑j
but is expected to have type
  ↑i + 1 + (↑j + 1) = 0
error: Goldbach/BG_Identity.lean:1234:62: mod_cast has type
  ?m.535
of sort `Type ?u.64346` but is expected to have type
  0 < i.succ + j.succ
of sort `Prop`
error: Goldbach/BG_Identity.lean:1234:78: Application type mismatch: The argument
  Nat.succ_pos j
has type
  0 < j.succ
of sort `Prop` but is expected to have type
  ?m.537
of sort `Type ?u.64347` in the application
  ?m.540 + ⋯
error: Goldbach/BG_Identity.lean:1235:33: Type mismatch: After simplification, term
  hpos
 has type
  0 < ↑i + 1 + (↑j + 1)
but is expected to have type
  False
error: Goldbach/BG_Identity.lean:1237:79: Unknown identifier `hband`
error: Goldbach/BG_Identity.lean:1242:85: Invalid argument name `emb` for function `Finset.sum_map`

Hint: Perhaps you meant one of the following parameter names:
  • `ι`: e̵m̵b̵ι̲
  • `κ`: e̵m̵b̵κ̲
  • `M`: e̵m̵b̵M̲
  • `e`: em̵b̵
error: Goldbach/BG_Identity.lean:1246:85: Invalid argument name `emb` for function `Finset.sum_map`

Hint: Perhaps you meant one of the following parameter names:
  • `ι`: e̵m̵b̵ι̲
  • `κ`: e̵m̵b̵κ̲
  • `M`: e̵m̵b̵M̲
  • `e`: em̵b̵
error: Goldbach/BG_Identity.lean:1250:10: maximum recursion depth has been reached
use `set_option maxRecDepth <num>` to increase limit
use `set_option diagnostics true` to get diagnostic information
warning: Goldbach/BG_Identity.lean:1254:16: try 'simp' instead of 'simpa'

Note: This linter can be disabled with `set_option linter.unnecessarySimpa false`
warning: Goldbach/BG_Identity.lean:1260:16: try 'simp' instead of 'simpa'

Note: This linter can be disabled with `set_option linter.unnecessarySimpa false`
error: Goldbach/BG_Identity.lean:1262:6: 'calc' expression has type
  ∑ k ∈ innerBand, K_full k = K_full 0 + 2 * ∑ k ∈ Finset.range H, K_full (Int.ofNat k.succ)
but is expected to have type
  z ∈
      Finset.map { toFun := fun k => ↑k.succ, inj' := ⋯ } (Finset.range H) ∪
        Finset.map { toFun := fun k => -↑k.succ, inj' := ⋯ } (Finset.range H) →
    z ∈ (Finset.Icc (-↑H) ↑H).erase 0
error: Goldbach/BG_Identity.lean:1166:137: unsolved goals
hinner_eq : innerBand = Finset.Icc (-↑H) ↑H
hband :
  (Finset.Icc (-↑H) ↑H).erase 0 =
    Finset.map { toFun := fun k => ↑k.succ, inj' := ⋯ } (Finset.range H) ∪
      Finset.map { toFun := fun k => -↑k.succ, inj' := ⋯ } (Finset.range H)
⊢ ∑ k ∈ innerBand, K_full k = K_full 0 + 2 * ∑ k ∈ Finset.range H, K_full (Int.ofNat k.succ)
warning: Goldbach/BG_Identity.lean:1271:10: try 'simp' instead of 'simpa'

Note: This linter can be disabled with `set_option linter.unnecessarySimpa false`
error: Goldbach/BG_Identity.lean:1307:16: maximum recursion depth has been reached
use `set_option maxRecDepth <num>` to increase limit
use `set_option diagnostics true` to get diagnostic information
error: Goldbach/BG_Identity.lean:1324:18: maximum recursion depth has been reached
use `set_option maxRecDepth <num>` to increase limit
use `set_option diagnostics true` to get diagnostic information
error: Goldbach/BG_Identity.lean:1336:16: No goals to be solved
error: Goldbach/BG_Identity.lean:1348:4: maximum recursion depth has been reached
use `set_option maxRecDepth <num>` to increase limit
use `set_option diagnostics true` to get diagnostic information
error: Goldbach/BG_Identity.lean:1366:12: maximum recursion depth has been reached
use `set_option maxRecDepth <num>` to increase limit
use `set_option diagnostics true` to get diagnostic information
error: Goldbach/BG_Identity.lean:1372:12: maximum recursion depth has been reached
use `set_option maxRecDepth <num>` to increase limit
use `set_option diagnostics true` to get diagnostic information
error: Goldbach/BG_Identity.lean:1373:2: maximum recursion depth has been reached
use `set_option maxRecDepth <num>` to increase limit
use `set_option diagnostics true` to get diagnostic information
warning: Goldbach/BG_Identity.lean:1306:64: This simp argument is unused:
  mul_left_comm

Hint: Omit it from the simp argument list.
  simp [div_eq_mul_inv, mul_comm, mul_l̵e̵f̵t̵_̵c̵o̵m̵m̵,̵ ̵m̵u̵l̵_̵assoc]

Note: This linter can be disabled with `set_option linter.unusedSimpArgs false`
warning: Goldbach/BG_Identity.lean:1306:79: This simp argument is unused:
  mul_assoc

Hint: Omit it from the simp argument list.
  simp [div_eq_mul_inv, mul_comm, mul_left_comm,̵ ̵m̵u̵l̵_̵a̵s̵s̵o̵c̵]

Note: This linter can be disabled with `set_option linter.unusedSimpArgs false`
warning: Goldbach/BG_Identity.lean:1375:6: declaration uses 'sorry'
error: Goldbach/BG_Identity.lean:1421:21: maximum recursion depth has been reached
use `set_option maxRecDepth <num>` to increase limit
use `set_option diagnostics true` to get diagnostic information
warning: Goldbach/BG_Identity.lean:1449:28: unused variable `X`

Note: This linter can be disabled with `set_option linter.unusedVariables false`
warning: Goldbach/BG_Identity.lean:1449:30: unused variable `N`

Note: This linter can be disabled with `set_option linter.unusedVariables false`
warning: Goldbach/BG_Identity.lean:1450:28: unused variable `X`

Note: This linter can be disabled with `set_option linter.unusedVariables false`
warning: Goldbach/BG_Identity.lean:1450:30: unused variable `N`

Note: This linter can be disabled with `set_option linter.unusedVariables false`
error: Goldbach/BG_Identity.lean:1476:21: maximum recursion depth has been reached
use `set_option maxRecDepth <num>` to increase limit
use `set_option diagnostics true` to get diagnostic information
error: Goldbach/BG_Identity.lean:1575:0: Unexpected name `BG_Identity` after `end`: The current section is unnamed

Hint: Delete the name `BG_Identity` to end the current unnamed scope; outer named scopes can then be closed using additional `end` command(s):
  end ̵B̵G̵_̵I̵d̵e̵n̵t̵i̵t̵y̵
error: Goldbach/BG_Identity.lean:1576:0: Unexpected name `Goldbach` after `end`: The current section is unnamed

Hint: Delete the name `Goldbach` to end the current unnamed scope; outer named scopes can then be closed using additional `end` command(s):
  end ̵G̵o̵l̵d̵b̵a̵c̵h̵
error: Lean exited with code 1
Some required targets logged failures:
- Goldbach.BG_Identity
error: build failed
⚠ [7587/7623] Replayed Goldbach.Compat
warning: Goldbach/Compat.lean:18:2: try 'simp' instead of 'simpa'

Note: This linter can be disabled with `set_option linter.unnecessarySimpa false`
warning: Goldbach/Compat.lean:24:40: unused variable `hb`

Note: This linter can be disabled with `set_option linter.unusedVariables false`
warning: Goldbach/Compat.lean:50:4: try 'simp' instead of 'simpa'

Note: This linter can be disabled with `set_option linter.unnecessarySimpa false`
⚠ [7589/7623] Replayed Goldbach.Windows
warning: Goldbach/Windows.lean:63:4: try 'simp' instead of 'simpa'

Note: This linter can be disabled with `set_option linter.unnecessarySimpa false`
warning: Goldbach/Windows.lean:68:2: try 'simp' instead of 'simpa'

Note: This linter can be disabled with `set_option linter.unnecessarySimpa false`
warning: Goldbach/Windows.lean:68:38: this tactic is never executed

Note: This linter can be disabled with `set_option linter.unreachableTactic false`
warning: Goldbach/Windows.lean:68:38: 'simpa using hmap' tactic does nothing

Note: This linter can be disabled with `set_option linter.unusedTactic false`
⚠ [7591/7623] Replayed Goldbach.Base.FiniteBaseDefs
warning: Goldbach/Base/FiniteBaseDefs.lean:41:17: unused variable `ha`

Note: This linter can be disabled with `set_option linter.unusedVariables false`
warning: Goldbach/Base/FiniteBaseDefs.lean:41:45: unused variable `hc`

Note: This linter can be disabled with `set_option linter.unusedVariables false`
warning: Goldbach/Base/FiniteBaseDefs.lean:42:5: unused variable `hab`

Note: This linter can be disabled with `set_option linter.unusedVariables false`
warning: Goldbach/Base/FiniteBaseDefs.lean:42:19: unused variable `hbc`

Note: This linter can be disabled with `set_option linter.unusedVariables false`
⚠ [7592/7623] Replayed Goldbach.ClosureBridge
warning: Goldbach/ClosureBridge.lean:42:41: try 'simp' instead of 'simpa'

Note: This linter can be disabled with `set_option linter.unnecessarySimpa false`
⚠ [7599/7623] Replayed Goldbach.AO_AssembleEnvelope
warning: Goldbach/AO_AssembleEnvelope.lean:67:20: try 'simp' instead of 'simpa'

Note: This linter can be disabled with `set_option linter.unnecessarySimpa false`
⚠ [7601/7623] Replayed Goldbach.AO_Major
warning: Goldbach/AO_Major.lean:21:13: unused variable `hX`

Note: This linter can be disabled with `set_option linter.unusedVariables false`
warning: Goldbach/AO_Major.lean:21:35: unused variable `hN`

Note: This linter can be disabled with `set_option linter.unusedVariables false`
warning: Goldbach/AO_Major.lean:25:24: This simp argument is unused:
  add_assoc

Hint: Omit it from the simp argument list.
  simp [Goldbach.AO_Major.errAO, Goldbach.AO_Major.weight_mass, Goldbach.AO_Core.errAO,
       ̵ ̵ ̵ ̵sub_eq_add_neg, add_a̵s̵s̵o̵c̵,̵ ̵a̵d̵d̵_̵left_comm, add_comm, mul_assoc]

Note: This linter can be disabled with `set_option linter.unusedSimpArgs false`
warning: Goldbach/AO_Major.lean:25:60: This simp argument is unused:
  mul_assoc

Hint: Omit it from the simp argument list.
  simp [Goldbach.AO_Major.errAO, Goldbach.AO_Major.weight_mass, Goldbach.AO_Core.errAO,
       ̵ ̵ ̵ ̵sub_eq_add_neg, add_assoc, add_left_comm, add_comm,̵ ̵m̵u̵l̵_̵a̵s̵s̵o̵c̵]

Note: This linter can be disabled with `set_option linter.unusedSimpArgs false`
warning: Goldbach/AO_Major.lean:46:5: unused variable `h`

Note: This linter can be disabled with `set_option linter.unusedVariables false`
warning: Goldbach/AO_Major.lean:58:24: This simp argument is unused:
  dif_pos

Hint: Omit it from the simp argument list.
  simp only [MPDF, win, d̵i̵f̵_̵p̵o̵s̵,̵ ̵mul_div_assoc']

Note: This linter can be disabled with `set_option linter.unusedSimpArgs false`
warning: Goldbach/AO_Major.lean:58:33: This simp argument is unused:
  mul_div_assoc'

Hint: Omit it from the simp argument list.
  simp only [MPDF, win, dif_pos,̵ ̵m̵u̵l̵_̵d̵i̵v̵_̵a̵s̵s̵o̵c̵'̵]

Note: This linter can be disabled with `set_option linter.unusedSimpArgs false`
warning: Goldbach/AO_Major.lean:81:69: try 'simp' instead of 'simpa'

Note: This linter can be disabled with `set_option linter.unnecessarySimpa false`
warning: Goldbach/AO_Major.lean:82:68: try 'simp' instead of 'simpa'

Note: This linter can be disabled with `set_option linter.unnecessarySimpa false`
warning: Goldbach/AO_Major.lean:83:68: try 'simp' instead of 'simpa'

Note: This linter can be disabled with `set_option linter.unnecessarySimpa false`
warning: Goldbach/AO_Major.lean:85:90: This simp argument is unused:
  add_assoc

Hint: Omit it from the simp argument list.
  simp [sub_eq_add_neg,̵ ̵a̵d̵d̵_̵a̵s̵s̵o̵c̵]

Note: This linter can be disabled with `set_option linter.unusedSimpArgs false`
warning: Goldbach/AO_Major.lean:101:24: This simp argument is unused:
  dif_pos

Hint: Omit it from the simp argument list.
  simp only [MPDF, win,̵ ̵d̵i̵f̵_̵p̵o̵s̵]

Note: This linter can be disabled with `set_option linter.unusedSimpArgs false`
⚠ [7602/7623] Replayed Goldbach.BG_Bank
warning: Goldbach/BG_Bank.lean:13:25: unused variable `n`

Note: This linter can be disabled with `set_option linter.unusedVariables false`
warning: Goldbach/BG_Bank.lean:75:4: try 'simp' instead of 'simpa'

Note: This linter can be disabled with `set_option linter.unnecessarySimpa false`
warning: Goldbach/BG_Bank.lean:75:25: this tactic is never executed

Note: This linter can be disabled with `set_option linter.unreachableTactic false`
warning: Goldbach/BG_Bank.lean:75:25: 'decide' tactic does nothing

Note: This linter can be disabled with `set_option linter.unusedTactic false`
warning: Goldbach/BG_Bank.lean:288:14: try 'simp' instead of 'simpa'

Note: This linter can be disabled with `set_option linter.unnecessarySimpa false`
warning: Goldbach/BG_Bank.lean:188:42: This simp argument is unused:
  Nat.cast_sub hn_le

Hint: Omit it from the simp argument list.
  simp only [Nat.cast_succ,̵ ̵N̵a̵t̵.̵c̵a̵s̵t̵_̵s̵u̵b̵ ̵h̵n̵_̵l̵e̵]

Note: This linter can be disabled with `set_option linter.unusedSimpArgs false`
warning: Goldbach/BG_Bank.lean:194:24: This simp argument is unused:
  abs_of_nonneg hlog_Nm_nn

Hint: Omit it from the simp argument list.
  simp [hp,̵ ̵a̵b̵s̵_̵o̵f̵_̵n̵o̵n̵n̵e̵g̵ ̵h̵l̵o̵g̵_̵N̵m̵_̵n̵n̵]

Note: This linter can be disabled with `set_option linter.unusedSimpArgs false`
warning: Goldbach/BG_Bank.lean:202:24: This simp argument is unused:
  abs_of_nonneg hlog_Np1_nn

Hint: Omit it from the simp argument list.
  simp [hp,̵ ̵a̵b̵s̵_̵o̵f̵_̵n̵o̵n̵n̵e̵g̵ ̵h̵l̵o̵g̵_̵N̵p̵1̵_̵n̵n̵]

Note: This linter can be disabled with `set_option linter.unusedSimpArgs false`
warning: Goldbach/BG_Bank.lean:218:46: This simp argument is unused:
  mul_comm

Hint: Omit it from the simp argument list.
  simp [abs_mul, mul_assoc, m̵u̵l̵_̵c̵o̵m̵m̵,̵ ̵mul_left_comm]

Note: This linter can be disabled with `set_option linter.unusedSimpArgs false`
warning: Goldbach/BG_Bank.lean:326:20: This simp argument is unused:
  hlogXabs

Hint: Omit it from the simp argument list.
  simp [h̵l̵o̵g̵X̵a̵b̵s̵,̵ ̵mul_comm, mul_left_comm, mul_assoc]

Note: This linter can be disabled with `set_option linter.unusedSimpArgs false`
warning: Goldbach/BG_Bank.lean:326:30: This simp argument is unused:
  mul_comm

Hint: Omit it from the simp argument list.
  simp [hlogXabs, m̵u̵l̵_̵c̵o̵m̵m̵,̵ ̵mul_left_comm, mul_assoc]

Note: This linter can be disabled with `set_option linter.unusedSimpArgs false`
warning: Goldbach/BG_Bank.lean:403:14: try 'simp' instead of 'simpa'

Note: This linter can be disabled with `set_option linter.unnecessarySimpa false`
warning: Goldbach/BG_Bank.lean:405:14: try 'simp' instead of 'simpa'

Note: This linter can be disabled with `set_option linter.unnecessarySimpa false`
warning: Goldbach/BG_Bank.lean:407:40: This simp argument is unused:
  add_comm

Hint: Omit it from the simp argument list.
  simp [div_self, hlogX_ne, add_c̵o̵m̵m̵,̵ ̵a̵d̵d̵_̵left_comm, add_assoc]

Note: This linter can be disabled with `set_option linter.unusedSimpArgs false`
warning: Goldbach/BG_Bank.lean:407:50: This simp argument is unused:
  add_left_comm

Hint: Omit it from the simp argument list.
  simp [div_self, hlogX_ne, add_comm, a̵d̵d̵_̵l̵e̵f̵t̵_̵c̵o̵m̵m̵,̵ ̵add_assoc]

Note: This linter can be disabled with `set_option linter.unusedSimpArgs false`
warning: Goldbach/BG_Bank.lean:407:65: This simp argument is unused:
  add_assoc

Hint: Omit it from the simp argument list.
  simp [div_self, hlogX_ne, add_comm, add_left_comm,̵ ̵a̵d̵d̵_̵a̵s̵s̵o̵c̵]

Note: This linter can be disabled with `set_option linter.unusedSimpArgs false`
warning: Goldbach/BG_Bank.lean:547:63: try 'simp' instead of 'simpa'

Note: This linter can be disabled with `set_option linter.unnecessarySimpa false`
warning: Goldbach/BG_Bank.lean:550:47: This simp argument is unused:
  add_comm

Hint: Omit it from the simp argument list.
  simp [add_div, div_self, hlogX_ne, add_c̵o̵m̵m̵,̵ ̵a̵d̵d̵_̵left_comm, add_assoc]

Note: This linter can be disabled with `set_option linter.unusedSimpArgs false`
warning: Goldbach/BG_Bank.lean:550:57: This simp argument is unused:
  add_left_comm

Hint: Omit it from the simp argument list.
  simp [add_div, div_self, hlogX_ne, add_comm, a̵d̵d̵_̵l̵e̵f̵t̵_̵c̵o̵m̵m̵,̵ ̵add_assoc]

Note: This linter can be disabled with `set_option linter.unusedSimpArgs false`
warning: Goldbach/BG_Bank.lean:550:72: This simp argument is unused:
  add_assoc

Hint: Omit it from the simp argument list.
  simp [add_div, div_self, hlogX_ne, add_comm, add_left_comm,̵ ̵a̵d̵d̵_̵a̵s̵s̵o̵c̵]

Note: This linter can be disabled with `set_option linter.unusedSimpArgs false`
warning: Goldbach/BG_Bank.lean:559:56: This simp argument is unused:
  add_left_comm

Hint: Omit it from the simp argument list.
  simp [c, Nat.cast_add, Nat.cast_one, add_assoc, a̵d̵d̵_̵l̵e̵f̵t̵_̵c̵o̵m̵m̵,̵ ̵add_comm, add_div, div_self hX0_ne]

Note: This linter can be disabled with `set_option linter.unusedSimpArgs false`
⚠ [7603/7623] Replayed Goldbach.BG_Operator
warning: Goldbach/BG_Operator.lean:31:2: try 'simp' instead of 'simpa'

Note: This linter can be disabled with `set_option linter.unnecessarySimpa false`
warning: Goldbach/BG_Operator.lean:98:2: try 'simp' instead of 'simpa'

Note: This linter can be disabled with `set_option linter.unnecessarySimpa false`
⚠ [7605/7623] Replayed Goldbach.SingularSeries
warning: Goldbach/SingularSeries.lean:40:5: unused variable `h`

Note: This linter can be disabled with `set_option linter.unusedVariables false`
warning: Goldbach/SingularSeries.lean:88:8: `Finset.eq_empty_iff_forall_not_mem` has been deprecated: Use `Finset.eq_empty_iff_forall_notMem` instead
warning: Goldbach/SingularSeries.lean:98:4: try 'simp' instead of 'simpa'

Note: This linter can be disabled with `set_option linter.unnecessarySimpa false`
warning: Goldbach/SingularSeries.lean:99:28: this tactic is never executed

Note: This linter can be disabled with `set_option linter.unreachableTactic false`
warning: Goldbach/SingularSeries.lean:99:57: this tactic is never executed

Note: This linter can be disabled with `set_option linter.unreachableTactic false`
warning: Goldbach/SingularSeries.lean:99:28: 'decide' tactic does nothing

Note: This linter can be disabled with `set_option linter.unusedTactic false`
warning: Goldbach/SingularSeries.lean:99:57: 'decide' tactic does nothing

Note: This linter can be disabled with `set_option linter.unusedTactic false`
⚠ [7607/7623] Replayed Goldbach.PPNumerics
warning: Goldbach/PPNumerics.lean:24:42: try 'simp' instead of 'simpa'

Note: This linter can be disabled with `set_option linter.unnecessarySimpa false`
warning: Goldbach/PPNumerics.lean:27:6: try 'simp' instead of 'simpa'

Note: This linter can be disabled with `set_option linter.unnecessarySimpa false`
⚠ [7608/7623] Replayed Goldbach.PPBoundSquares
warning: Goldbach/PPBoundSquares.lean:41:8: try 'simp' instead of 'simpa'

Note: This linter can be disabled with `set_option linter.unnecessarySimpa false`
warning: Goldbach/PPBoundSquares.lean:228:10: try 'simp' instead of 'simpa'

Note: This linter can be disabled with `set_option linter.unnecessarySimpa false`
⚠ [7610/7623] Replayed Goldbach.AnalyticGlobal
warning: Goldbach/AnalyticGlobal.lean:65:28: This simp argument is unused:
  one_div

Hint: Omit it from the simp argument list.
  simp [div_eq_mul_inv, o̵n̵e̵_̵d̵i̵v̵,̵ ̵mul_comm]

Note: This linter can be disabled with `set_option linter.unusedSimpArgs false`
warning: Goldbach/AnalyticGlobal.lean:68:30: This simp argument is unused:
  one_div

Hint: Omit it from the simp argument list.
  simp [div_eq_mul_inv, o̵n̵e̵_̵d̵i̵v̵,̵ ̵mul_comm]

Note: This linter can be disabled with `set_option linter.unusedSimpArgs false`
warning: Goldbach/AnalyticGlobal.lean:70:39: This simp argument is unused:
  mul_left_comm

Hint: Omit it from the simp argument list.
  simp [one_div, S_ne, mul_comm, mul_l̵e̵f̵t̵_̵c̵o̵m̵m̵,̵ ̵m̵u̵l̵_̵assoc]

Note: This linter can be disabled with `set_option linter.unusedSimpArgs false`
warning: Goldbach/AnalyticGlobal.lean:70:54: This simp argument is unused:
  mul_assoc

Hint: Omit it from the simp argument list.
  simp [one_div, S_ne, mul_comm, mul_left_comm,̵ ̵m̵u̵l̵_̵a̵s̵s̵o̵c̵]

Note: This linter can be disabled with `set_option linter.unusedSimpArgs false`
⚠ [7611/7623] Replayed Goldbach.BankPieces
warning: Goldbach/BankPieces.lean:15:63: `class ... :=` has been deprecated in favor of `class ... where`.

Note: This linter can be disabled with `set_option linter.deprecated false`
⚠ [7613/7623] Replayed Goldbach.Analytic.MajorBoundFromSigma
warning: Goldbach/Analytic/MajorBoundFromSigma.lean:21:75: `structure ... :=` has been deprecated in favor of `structure ... where`.

Note: This linter can be disabled with `set_option linter.deprecated false`
⚠ [7614/7623] Replayed Goldbach.Analytic.NumericSigma
warning: Goldbach/Analytic/NumericSigma.lean:23:32: unused variable `hX`

Note: This linter can be disabled with `set_option linter.unusedVariables false`
✖ [7620/7623] Building Goldbach.BG_Identity (39s)
trace: .> LEAN_PATH=/Users/benjaminnelson/Desktop/nerd shit/goldbach/builds/Goldbach/.lake/packages/Cli/.lake/build/lib/lean:/Users/benjaminnelson/Desktop/nerd shit/goldbach/builds/Goldbach/.lake/packages/batteries/.lake/build/lib/lean:/Users/benjaminnelson/Desktop/nerd shit/goldbach/builds/Goldbach/.lake/packages/Qq/.lake/build/lib/lean:/Users/benjaminnelson/Desktop/nerd shit/goldbach/builds/Goldbach/.lake/packages/aesop/.lake/build/lib/lean:/Users/benjaminnelson/Desktop/nerd shit/goldbach/builds/Goldbach/.lake/packages/proofwidgets/.lake/build/lib/lean:/Users/benjaminnelson/Desktop/nerd shit/goldbach/builds/Goldbach/.lake/packages/importGraph/.lake/build/lib/lean:/Users/benjaminnelson/Desktop/nerd shit/goldbach/builds/Goldbach/.lake/packages/LeanSearchClient/.lake/build/lib/lean:/Users/benjaminnelson/Desktop/nerd shit/goldbach/builds/Goldbach/.lake/packages/plausible/.lake/build/lib/lean:/Users/benjaminnelson/Desktop/nerd shit/goldbach/builds/Goldbach/.lake/packages/mathlib/.lake/build/lib/lean:/Users/benjaminnelson/Desktop/nerd shit/goldbach/builds/Goldbach/.lake/build/lib/lean /Users/benjaminnelson/.elan/toolchains/leanprover--lean4---v4.26.0-rc2/bin/lean /Users/benjaminnelson/Desktop/nerd shit/goldbach/builds/Goldbach/Goldbach/BG_Identity.lean -o /Users/benjaminnelson/Desktop/nerd shit/goldbach/builds/Goldbach/.lake/build/lib/lean/Goldbach/BG_Identity.olean -i /Users/benjaminnelson/Desktop/nerd shit/goldbach/builds/Goldbach/.lake/build/lib/lean/Goldbach/BG_Identity.ilean -c /Users/benjaminnelson/Desktop/nerd shit/goldbach/builds/Goldbach/.lake/build/ir/Goldbach/BG_Identity.c --setup /Users/benjaminnelson/Desktop/nerd shit/goldbach/builds/Goldbach/.lake/build/ir/Goldbach/BG_Identity.setup.json --json
warning: Goldbach/BG_Identity.lean:149:48: This simp argument is unused:
  add_comm

Hint: Omit it from the simp argument list.
  simp [Finset.sum_insert, hk, ih, mul_add, a̵d̵d̵_̵c̵o̵m̵m̵,̵ ̵add_left_comm, add_assoc, mul_comm, mul_left_comm,
  ̲  ̲ ̲ ̲ ̲ ̲ ̲ ̲mul_assoc]

Note: This linter can be disabled with `set_option linter.unusedSimpArgs false`
warning: Goldbach/BG_Identity.lean:149:58: This simp argument is unused:
  add_left_comm

Hint: Omit it from the simp argument list.
  simp [Finset.sum_insert, hk, ih, mul_add, add_comm, a̵d̵d̵_̵l̵e̵f̵t̵_̵c̵o̵m̵m̵,̵add_assoc, mul_comm, mul_left_comm,
  ̲  ̲ ̲ ̲ ̲ ̲ ̲ ̲mul_assoc]

Note: This linter can be disabled with `set_option linter.unusedSimpArgs false`
warning: Goldbach/BG_Identity.lean:150:12: This simp argument is unused:
  add_assoc

Hint: Omit it from the simp argument list.
  simp [Finset.sum_insert, hk, ih, mul_add, add_comm, add_left_comm, a̵d̵d̵_̵a̵s̵s̵o̵c̵,̵ ̵mul_comm, mul_left_comm,
  ̲  ̲ ̲ ̲ ̲ ̲ ̲ ̲mul_assoc]

Note: This linter can be disabled with `set_option linter.unusedSimpArgs false`
warning: Goldbach/BG_Identity.lean:150:23: This simp argument is unused:
  mul_comm

Hint: Omit it from the simp argument list.
  simp [Finset.sum_insert, hk, ih, mul_add, add_comm, add_left_comm, add_assoc, m̵u̵l̵_̵c̵o̵m̵m̵,̵ ̵mul_left_comm,
  ̲  ̲ ̲ ̲ ̲ ̲ ̲ ̲mul_assoc]

Note: This linter can be disabled with `set_option linter.unusedSimpArgs false`
warning: Goldbach/BG_Identity.lean:150:33: This simp argument is unused:
  mul_left_comm

Hint: Omit it from the simp argument list.
  simp [Finset.sum_insert, hk, ih, mul_add, add_comm, add_left_comm, add_assoc, mul_comm,
  ̲  ̲ ̲ ̲ ̲ ̲ ̲ ̲m̵u̵l̵_̵l̵e̵f̵t̵_̵c̵o̵m̵m̵,̵ ̵mul_assoc]

Note: This linter can be disabled with `set_option linter.unusedSimpArgs false`
warning: Goldbach/BG_Identity.lean:150:48: This simp argument is unused:
  mul_assoc

Hint: Omit it from the simp argument list.
  simp [Finset.sum_insert, hk, ih, mul_add, add_comm, add_left_comm, add_assoc, mul_comm,
  ̲  ̲ ̲ ̲ ̲ ̲ ̲ ̲m̵u̵l̵_̵l̵e̵f̵t̵_̵c̵o̵m̵m̵,̵ ̵m̵u̵l̵_̵a̵s̵s̵o̵c̵]̵m̲u̲l̲_̲l̲e̲f̲t̲_̲c̲o̲m̲m̲]̲

Note: This linter can be disabled with `set_option linter.unusedSimpArgs false`
error: Goldbach/BG_Identity.lean:203:6: Tactic `subst` failed: invalid equality proof, it is not of the form (x = t) or (t = x)
  Ucut = 0

case pos
m : ℕ
hm : m ≤ Ucut
hU : Ucut = 0
⊢ 0 ≤ 1 - ↑m / ↑Ucut
error: Goldbach/BG_Identity.lean:197:76: unsolved goals
m : ℕ
hm : m ≤ Ucut
hnonneg : 0 ≤ 1 - ↑m / ↑Ucut
hmax : max (1 - ↑m / ↑Ucut) 0 = 1 - ↑m / ↑Ucut
⊢ max (1 - ↑m / (↑H + ↑((H + 99) / 100))) 0 / (↑H + ↑((H + 99) / 100)) =
    (1 - ↑m / (↑H + ↑((H + 99) / 100))) / (↑H + ↑((H + 99) / 100))
warning: Goldbach/BG_Identity.lean:216:8: This simp argument is unused:
  hmax

Hint: Omit it from the simp argument list.
  simp ̵[̵h̵m̵a̵x̵]̵

Note: This linter can be disabled with `set_option linter.unusedSimpArgs false`
warning: Goldbach/BG_Identity.lean:242:10: This simp argument is unused:
  Finset.sum_insert

Hint: Omit it from the simp argument list.
  simp [̵F̵i̵n̵s̵e̵t̵.̵s̵u̵m̵_̵i̵n̵s̵e̵r̵t̵,̵ ̵h̵a̵,̵[̲h̲a̲,̲ ih, mul_add, add_comm, add_left_comm, add_assoc, mul_comm, mul_left_comm, mul_assoc]

Note: This linter can be disabled with `set_option linter.unusedSimpArgs false`
warning: Goldbach/BG_Identity.lean:242:33: This simp argument is unused:
  ih

Hint: Omit it from the simp argument list.
  simp [Finset.sum_insert, ha, i̵h̵,̵ ̵mul_add, add_comm, add_left_comm,
  ̵  ̵ ̵ ̵ ̵ ̵ ̵ ̵ ̵ ̵add_assoc, mul_comm,
  ̲  ̲ ̲ ̲ ̲ ̲mul_left_comm, mul_assoc]

Note: This linter can be disabled with `set_option linter.unusedSimpArgs false`
warning: Goldbach/BG_Identity.lean:242:56: This simp argument is unused:
  add_left_comm

Hint: Omit it from the simp argument list.
  simp [Finset.sum_insert, ha, ih, mul_add, add_comm, a̵d̵d̵_̵l̵e̵f̵t̵_̵c̵o̵m̵m̵,̵add_assoc, mul_comm, mul_left_comm,
  ̲  ̲ ̲ ̲ ̲ ̲mul_assoc]

Note: This linter can be disabled with `set_option linter.unusedSimpArgs false`
warning: Goldbach/BG_Identity.lean:243:10: This simp argument is unused:
  add_assoc

Hint: Omit it from the simp argument list.
  simp [Finset.sum_insert, ha, ih, mul_add, add_comm, add_left_comm, a̵d̵d̵_̵a̵s̵s̵o̵c̵,̵ ̵mul_comm, mul_left_comm,
  ̲  ̲ ̲ ̲ ̲ ̲mul_assoc]

Note: This linter can be disabled with `set_option linter.unusedSimpArgs false`
warning: Goldbach/BG_Identity.lean:243:31: This simp argument is unused:
  mul_left_comm

Hint: Omit it from the simp argument list.
  simp [Finset.sum_insert, ha, ih, mul_add, add_comm, add_left_comm, add_assoc, mul_comm,
  ̲  ̲ ̲ ̲ ̲ ̲m̵u̵l̵_̵l̵e̵f̵t̵_̵c̵o̵m̵m̵,̵ ̵mul_assoc]

Note: This linter can be disabled with `set_option linter.unusedSimpArgs false`
warning: Goldbach/BG_Identity.lean:243:46: This simp argument is unused:
  mul_assoc

Hint: Omit it from the simp argument list.
  simp [Finset.sum_insert, ha, ih, mul_add, add_comm, add_left_comm, add_assoc, mul_comm,
  ̲  ̲ ̲ ̲ ̲ ̲m̵u̵l̵_̵l̵e̵f̵t̵_̵c̵o̵m̵m̵,̵ ̵m̵u̵l̵_̵a̵s̵s̵o̵c̵]̵m̲u̲l̲_̲l̲e̲f̲t̲_̲c̲o̲m̲m̲]̲

Note: This linter can be disabled with `set_option linter.unusedSimpArgs false`
error: Goldbach/BG_Identity.lean:267:6: Type mismatch: After simplification, term
  this
 has type
  True
but is expected to have type
  ↑n + 2 = ↑n + 1 + 1 ∨ ↑n + 1 = 0
error: Goldbach/BG_Identity.lean:268:4: Tactic `assumption` failed

case succ
n : ℕ
ih : ∑ k ∈ Finset.range n, ↑k.succ = ↑n * (↑n + 1) / 2
h : ∑ x ∈ Finset.range (n + 1), ↑x.succ = ∑ x ∈ Finset.range n, ↑x.succ + ↑n.succ
h' : ∑ k ∈ Finset.range n.succ, ↑k.succ = ∑ k ∈ Finset.range n, ↑k.succ + ↑n.succ
h'' : ↑n * (↑n + 1) / 2 + ↑n.succ = ↑n.succ * (↑n.succ + 1) / 2
⊢ ∑ x ∈ Finset.range (n + 1), (↑x + 1) = (↑n + 1) * (↑n + 1 + 1) / 2
warning: Goldbach/BG_Identity.lean:364:6: declaration uses 'sorry'
warning: Goldbach/BG_Identity.lean:393:23: This simp argument is unused:
  Int.ofNat_sub hHN

Hint: Omit it from the simp argument list.
  simp only [̵I̵n̵t̵.̵o̵f̵N̵a̵t̵_̵s̵u̵b̵ ̵h̵H̵N̵]̵ ̵at hZint

Note: This linter can be disabled with `set_option linter.unusedSimpArgs false`
warning: Goldbach/BG_Identity.lean:458:4: try 'simp' instead of 'simpa'

Note: This linter can be disabled with `set_option linter.unnecessarySimpa false`
warning: Goldbach/BG_Identity.lean:481:25: try 'simp' instead of 'simpa'

Note: This linter can be disabled with `set_option linter.unnecessarySimpa false`
warning: Goldbach/BG_Identity.lean:524:6: declaration uses 'sorry'
warning: Goldbach/BG_Identity.lean:561:15: unused variable `hX`

Note: This linter can be disabled with `set_option linter.unusedVariables false`
warning: Goldbach/BG_Identity.lean:562:5: unused variable `hN`

Note: This linter can be disabled with `set_option linter.unusedVariables false`
warning: Goldbach/BG_Identity.lean:594:5: unused variable `hk`

Note: This linter can be disabled with `set_option linter.unusedVariables false`
warning: Goldbach/BG_Identity.lean:619:28: This simp argument is unused:
  hUpos.ne'

Hint: Omit it from the simp argument list.
  s̵i̵m̵p̵ ̵[̵K̵_̵f̵u̵l̵l̵,̵ ̵K̵_̵f̵u̵l̵l̵_̵r̵a̵w̵,̵ ̵h̵U̵p̵o̵s̵.̵n̵e̵'̵]̵ ̵a̵t̵ ̵*̵s̲i̲m̲p̲ ̲[̲K̲_̲f̲u̲l̲l̲,̲
  ̲ ̲ ̲ ̲ ̲K̲_̲f̲u̲l̲l̲_̲r̲a̲w̲]̲ ̲a̲t̲ ̲*̲
  ̲ ̲ ̲ ̲ ̲ ̲ ̲-̲-̲ ̲a̲f̲t̲e̲r̲ ̲s̲i̲m̲p̲,̲ ̲g̲o̲a̲l̲ ̲b̲e̲c̲o̲m̲e̲s̲ ̲`̲0̲ ̲<̲ ̲1̲ ̲/̲ ̲(̲U̲c̲u̲t̲:̲ℝ̲)̲`̲
  ̲ ̲ ̲ ̲ ̲ ̲ ̲

Note: This linter can be disabled with `set_option linter.unusedSimpArgs false`
warning: Goldbach/BG_Identity.lean:644:5: unused variable `h`

Note: This linter can be disabled with `set_option linter.unusedVariables false`
warning: Goldbach/BG_Identity.lean:651:5: unused variable `h`

Note: This linter can be disabled with `set_option linter.unusedVariables false`
warning: Goldbach/BG_Identity.lean:667:25: unused variable `X`

Note: This linter can be disabled with `set_option linter.unusedVariables false`
warning: Goldbach/BG_Identity.lean:667:27: unused variable `N`

Note: This linter can be disabled with `set_option linter.unusedVariables false`
warning: Goldbach/BG_Identity.lean:691:5: unused variable `h`

Note: This linter can be disabled with `set_option linter.unusedVariables false`
error: Goldbach/BG_Identity.lean:705:10: Unknown identifier `Kernel.conv_ref_const_eq_sigma_mass_of`
warning: Goldbach/BG_Identity.lean:720:8: try 'simp' instead of 'simpa'

Note: This linter can be disabled with `set_option linter.unnecessarySimpa false`
warning: Goldbach/BG_Identity.lean:748:34: unused variable `hk`

Note: This linter can be disabled with `set_option linter.unusedVariables false`
warning: Goldbach/BG_Identity.lean:752:35: unused variable `hk`

Note: This linter can be disabled with `set_option linter.unusedVariables false`
error: Goldbach/BG_Identity.lean:809:20: failed to synthesize
  HMul (ℕ → ℝ) ℝ ?m.11

Hint: Additional diagnostic information may be available using the `set_option diagnostics true` command.
error: Goldbach/BG_Identity.lean:817:20: typeclass instance problem is stuck
  HMul (ℕ → ℝ) ?m.14 ℝ

Note: Lean will not try to resolve this typeclass instance problem because the second type argument to `HMul` is a metavariable. This argument must be fully determined before Lean will try to resolve the typeclass.

Hint: Adding type annotations and supplying implicit arguments to functions can give Lean more information for typeclass resolution. For example, if you have a variable `x` that you intend to be a `Nat`, but Lean reports it as having an unresolved type like `?m`, replacing `x` with `(x : Nat)` can get typeclass resolution un-stuck.
error: Goldbach/BG_Identity.lean:827:60: unsolved goals
⊢ False
error: Goldbach/BG_Identity.lean:845:58: unsolved goals
⊢ -((↑H + 99) / 100) ≤ ↑H ∧ 0 ≤ ↑H + (↑H + 99) / 100
error: Goldbach/BG_Identity.lean:867:26: Unknown constant `Int.natAbs_eq_ofNat_abs`
error: Goldbach/BG_Identity.lean:873:12: linarith failed to find a contradiction
case h
h0 : 0 ∈ bandU
z : ℤ
hz : z ∈ bandU.erase 0
hzIcc : z ∈ Finset.Icc (-↑Ucut) ↑Ucut
hz0 : z ≠ 0
this : -↑Ucut ≤ z ∧ z ≤ ↑Ucut
hle : z ≤ ↑Ucut
hneg : -↑Ucut ≤ z
hz' : ↑z.natAbs = max (-z) z
a✝ : ↑Ucut < ↑z.natAbs
⊢ False
failed
error: Goldbach/BG_Identity.lean:881:59: mod_cast has type
  ?m.225 = ?m.225
but is expected to have type
  z.natAbs = 0
error: Goldbach/BG_Identity.lean:885:12: Type mismatch
  hzabs0
has type
  z.natAbs = 0
but is expected to have type
  z.natAbs ≠ 0
error: Goldbach/BG_Identity.lean:887:17: Invalid `⟨...⟩` notation: The expected type
  z.natAbs - 1 < Ucut ∧ z = Int.ofNat (z.natAbs - 1).succ ∨ z = -Int.ofNat (z.natAbs - 1).succ
has more than one constructor

Note: This notation can only be used when the expected type is an inductive type with a single constructor
error: Goldbach/BG_Identity.lean:888:10: No goals to be solved
error: Goldbach/BG_Identity.lean:901:69: Application type mismatch: The argument
  hkpos
has type
  k < Ucut
but is expected to have type
  k ∈ Finset.range Ucut
in the application
  And.intro hkpos
error: Goldbach/BG_Identity.lean:856:6: unsolved goals
case h.mp.inr
h0 : 0 ∈ bandU
z : ℤ
hz : z ∈ bandU.erase 0
hzIcc : z ∈ Finset.Icc (-↑Ucut) ↑Ucut
hz0 : z ≠ 0
hzAbs : z.natAbs ≤ Ucut
k : ℕ
h✝ : z = -Int.ofNat k.succ
⊢ z ∈
    Finset.map { toFun := fun k => ↑k.succ, inj' := ⋯ } (Finset.range Ucut) ∪
      Finset.map { toFun := fun k => -↑k.succ, inj' := ⋯ } (Finset.range Ucut)
error: Goldbach/BG_Identity.lean:902:54: unsolved goals
h0 : 0 ∈ bandU
z : ℤ
⊢ K_full_raw (H + (H + 99) / 100) 0 = (↑H + ↑((H + 99) / 100))⁻¹
error: Goldbach/BG_Identity.lean:915:34: maximum recursion depth has been reached
use `set_option maxRecDepth <num>` to increase limit
use `set_option diagnostics true` to get diagnostic information
error: Goldbach/BG_Identity.lean:916:28: Type mismatch
  hk
has type
  k ∈ Finset.map { toFun := fun k => ↑k.succ, inj' := ⋯ } (Finset.range Ucut)
but is expected to have type
  ∀ (a₂ : ℤ) (ha₂ : a₂ ∈ Finset.map { toFun := fun k => ↑k.succ, inj' := ⋯ } (Finset.range Ucut)),
    (fun k hk => k) k hk = (fun k hk => k) a₂ ha₂ → k = a₂
error: Goldbach/BG_Identity.lean:917:14: unsolved goals
case heq
h0 : 0 ∈ bandU
z : ℤ
h0val : K_full 0 = 1 / ↑Ucut
k : ℤ
hk : k ∈ Finset.map { toFun := fun k => -↑k.succ, inj' := ⋯ } (Finset.range Ucut)
⊢ ∃ a < H + (H + 99) / 100, ↑a + 1 = k
error: Goldbach/BG_Identity.lean:918:28: Type mismatch
  hk
has type
  k ∈ Finset.map { toFun := fun k => ↑k.succ, inj' := ⋯ } (Finset.range Ucut)
but is expected to have type
  K_full k = K_full ((fun k hk => k) k hk)
error: Goldbach/BG_Identity.lean:935:68: Type mismatch: After simplification, term
  hbEq
 has type
  -1 + -↑b' = ↑a' + 1
but is expected to have type
  ↑a' + 1 = -1 + -↑b'
error: Goldbach/BG_Identity.lean:936:16: linarith failed to find a contradiction
h0 : 0 ∈ bandU
z : ℤ
h0val : K_full 0 = 1 / ↑Ucut
hpair :
  ∑ k ∈ Finset.map { toFun := fun k => ↑k.succ, inj' := ⋯ } (Finset.range Ucut), K_full k =
    ∑ k ∈ Finset.map { toFun := fun k => -↑k.succ, inj' := ⋯ } (Finset.range Ucut), K_full k
a' : ℕ
ha' : a' ∈ Finset.range Ucut
ha :
  { toFun := fun k => ↑k.succ, inj' := ⋯ } a' ∈ Finset.map { toFun := fun k => ↑k.succ, inj' := ⋯ } (Finset.range Ucut)
hb :
  { toFun := fun k => ↑k.succ, inj' := ⋯ } a' ∈ Finset.map { toFun := fun k => -↑k.succ, inj' := ⋯ } (Finset.range Ucut)
b' : ℕ
hb' : b' ∈ Finset.range Ucut
hbEq : { toFun := fun k => -↑k.succ, inj' := ⋯ } b' = { toFun := fun k => ↑k.succ, inj' := ⋯ } a'
hbPos : ↑b'.succ ≠ 0
this : ↑a'.succ = -↑b'.succ
⊢ False
failed
error: Goldbach/BG_Identity.lean:953:92: Unknown identifier `hpos`
error: Goldbach/BG_Identity.lean:955:6: 'calc' expression has type
  ∑ k ∈ bandU, K_full k = K_full 0 + 2 * ∑ k ∈ Finset.range Ucut, K_full (Int.ofNat k.succ)
but is expected to have type
  z ∈
      Finset.map { toFun := fun k => ↑k.succ, inj' := ⋯ } (Finset.range Ucut) ∪
        Finset.map { toFun := fun k => -↑k.succ, inj' := ⋯ } (Finset.range Ucut) →
    z ∈ bandU.erase 0
error: Goldbach/BG_Identity.lean:842:93: unsolved goals
h0 : 0 ∈ bandU
hpos :
  bandU.erase 0 =
    Finset.map { toFun := fun k => ↑k.succ, inj' := ⋯ } (Finset.range Ucut) ∪
      Finset.map { toFun := fun k => -↑k.succ, inj' := ⋯ } (Finset.range Ucut)
⊢ ∑ k ∈ bandU, K_full k = K_full 0 + 2 * ∑ k ∈ Finset.range Ucut, K_full (Int.ofNat k.succ)
error: Goldbach/BG_Identity.lean:958:22: maximum recursion depth has been reached
use `set_option maxRecDepth <num>` to increase limit
use `set_option diagnostics true` to get diagnostic information
warning: Goldbach/BG_Identity.lean:960:10: try 'simp' instead of 'simpa'

Note: This linter can be disabled with `set_option linter.unnecessarySimpa false`
warning: Goldbach/BG_Identity.lean:979:22: `Finset.range_succ` has been deprecated: Use `Finset.range_add_one` instead
error: Goldbach/BG_Identity.lean:977:72: unsolved goals
hsplit : ∑ k ∈ bandU, K_full k = K_full 0 + 2 * ∑ k ∈ Finset.range Ucut, K_full (Int.ofNat k.succ)
hsum1 : ∑ k ∈ Finset.range Ucut, 1 = ↑Ucut
this : ∑ i ∈ Finset.range Ucut.succ, i = Ucut.succ * (Ucut.succ - 1) / 2
⊢ H + (H + 99) / 100 + ∑ x ∈ Finset.range (H + (H + 99) / 100), x =
    ∑ x ∈ Finset.range (H + (H + 99) / 100), x + (H + (H + 99) / 100)
error: Goldbach/BG_Identity.lean:981:10: Type mismatch: After simplification, term
  Finset.sum_range_id
 has type
  ∀ (n : ℕ), ∑ i ∈ Finset.range n, i = n * (n - 1) / 2
but is expected to have type
  ∑ i ∈ Finset.range (H + (H + 99) / 100 + 1), i = (H + (H + 99) / 100 + 1) * (H + (H + 99) / 100) / 2
error: Goldbach/BG_Identity.lean:982:8: linarith failed to find a contradiction
case h1.h
hsplit : ∑ k ∈ bandU, K_full k = K_full 0 + 2 * ∑ k ∈ Finset.range Ucut, K_full (Int.ofNat k.succ)
hsum1 : ∑ k ∈ Finset.range Ucut, 1 = ↑Ucut
this : ∑ i ∈ Finset.range Ucut.succ, i = Ucut.succ * (Ucut.succ - 1) / 2
hrewrite : ∑ i ∈ Finset.range Ucut.succ, i = ∑ k ∈ Finset.range Ucut, k.succ
hs : ∑ i ∈ Finset.range Ucut.succ, i = Ucut.succ * Ucut / 2
a✝ : ∑ k ∈ Finset.range Ucut, k.succ < Ucut * (Ucut + 1) / 2
⊢ False
failed
error: Goldbach/BG_Identity.lean:984:6: maximum recursion depth has been reached
use `set_option maxRecDepth <num>` to increase limit
use `set_option diagnostics true` to get diagnostic information
error: Goldbach/BG_Identity.lean:991:16: maximum recursion depth has been reached
use `set_option maxRecDepth <num>` to increase limit
use `set_option diagnostics true` to get diagnostic information
error: Goldbach/BG_Identity.lean:1003:68: unsolved goals
hsplit : ∑ k ∈ bandU, K_full k = K_full 0 + 2 * ∑ k ∈ Finset.range Ucut, K_full (Int.ofNat k.succ)
hsum1 : ∑ k ∈ Finset.range Ucut, 1 = ↑Ucut
hsumk : ∑ k ∈ Finset.range Ucut, ↑k.succ = ↑Ucut * (↑Ucut + 1) / 2
hUpos : 0 < ↑Ucut
hUpos' : ↑Ucut ≠ 0
⊢ (↑H + ↑((H + 99) / 100) - ∑ x ∈ Finset.range (H + (H + 99) / 100), (↑x + 1) / (↑H + ↑((H + 99) / 100))) /
      (↑H + ↑((H + 99) / 100)) =
    (↑H + ↑((H + 99) / 100))⁻¹ *
      (↑H + ↑((H + 99) / 100) - ∑ x ∈ Finset.range (H + (H + 99) / 100), (↑x + 1) / (↑H + ↑((H + 99) / 100)))
info: Goldbach/BG_Identity.lean:1009:8: Try this:
  [apply] ring_nf
  
  The `ring` tactic failed to close the goal. Use `ring_nf` to obtain a normal form.
    
  Note that `ring` works primarily in *commutative* rings. If you have a noncommutative ring, abelian group or module, consider using `noncomm_ring`, `abel` or `module` instead.
error: Goldbach/BG_Identity.lean:1006:96: unsolved goals
hsplit : ∑ k ∈ bandU, K_full k = K_full 0 + 2 * ∑ k ∈ Finset.range Ucut, K_full (Int.ofNat k.succ)
hsum1 : ∑ k ∈ Finset.range Ucut, 1 = ↑Ucut
hsumk : ∑ k ∈ Finset.range Ucut, ↑k.succ = ↑Ucut * (↑Ucut + 1) / 2
hUpos : 0 < ↑Ucut
hUpos' : ↑Ucut ≠ 0
⊢ ↑Ucut * (↑Ucut)⁻¹ - (↑Ucut)⁻¹ * ∑ x ∈ Finset.range Ucut, (↑Ucut)⁻¹ * ↑x.succ =
    ↑Ucut * (↑Ucut)⁻¹ + ↑Ucut * (↑Ucut)⁻¹ ^ 2 * (-1 / 2) + ↑Ucut ^ 2 * (↑Ucut)⁻¹ ^ 2 * (-1 / 2)
info: Goldbach/BG_Identity.lean:1011:33: Try this:
  [apply] ring_nf
  
  The `ring` tactic failed to close the goal. Use `ring_nf` to obtain a normal form.
    
  Note that `ring` works primarily in *commutative* rings. If you have a noncommutative ring, abelian group or module, consider using `noncomm_ring`, `abel` or `module` instead.
error: Goldbach/BG_Identity.lean:1010:34: unsolved goals
hsplit : ∑ k ∈ bandU, K_full k = K_full 0 + 2 * ∑ k ∈ Finset.range Ucut, K_full (Int.ofNat k.succ)
hsum1 : ∑ k ∈ Finset.range Ucut, 1 = ↑Ucut
hsumk : ∑ k ∈ Finset.range Ucut, ↑k.succ = ↑Ucut * (↑Ucut + 1) / 2
hUpos : 0 < ↑Ucut
⊢ -1 + ↑Ucut = -↑Ucut + ↑Ucut ^ 2
error: Goldbach/BG_Identity.lean:1020:58: unsolved goals
hsplit : ∑ k ∈ bandU, K_full k = K_full 0 + 2 * ∑ k ∈ Finset.range Ucut, K_full (Int.ofNat k.succ)
hpos_eval : ∑ k ∈ Finset.range Ucut, K_full (Int.ofNat k.succ) = (↑Ucut - 1) / 2
hUpos : ↑Ucut ≠ 0
this : ∑ k ∈ bandU, K_full k = K_full 0 + 2 * ∑ k ∈ Finset.range Ucut, K_full (Int.ofNat k.succ)
⊢ K_full_raw (H + (H + 99) / 100) 0 = (↑H + ↑((H + 99) / 100))⁻¹
info: Goldbach/BG_Identity.lean:1029:6: Try this:
  [apply] ring_nf
  
  The `ring` tactic failed to close the goal. Use `ring_nf` to obtain a normal form.
    
  Note that `ring` works primarily in *commutative* rings. If you have a noncommutative ring, abelian group or module, consider using `noncomm_ring`, `abel` or `module` instead.
error: Goldbach/BG_Identity.lean:1023:13: unsolved goals
hsplit : ∑ k ∈ bandU, K_full k = K_full 0 + 2 * ∑ k ∈ Finset.range Ucut, K_full (Int.ofNat k.succ)
hpos_eval : ∑ k ∈ Finset.range Ucut, K_full (Int.ofNat k.succ) = (↑Ucut - 1) / 2
hUpos hUpos' : ↑Ucut ≠ 0
hUpos'' : 0 < ↑Ucut
⊢ 1 - ↑Ucut + ↑Ucut ^ 2 = ↑Ucut
warning: Goldbach/BG_Identity.lean:846:14: This simp argument is unused:
  bandU

Hint: Omit it from the simp argument list.
  simp ̵[̵b̵a̵n̵d̵U̵]̵

Note: This linter can be disabled with `set_option linter.unusedSimpArgs false`
warning: Goldbach/BG_Identity.lean:1005:14: This simp argument is unused:
  Finset.sum_mul

Hint: Omit it from the simp argument list.
  simp [F̵i̵n̵s̵e̵t̵.̵s̵u̵m̵_̵m̵u̵l̵,̵ ̵hUpos']

Note: This linter can be disabled with `set_option linter.unusedSimpArgs false`
warning: Goldbach/BG_Identity.lean:1005:30: This simp argument is unused:
  hUpos'

Hint: Omit it from the simp argument list.
  simp [Finset.sum_mul,̵ ̵h̵U̵p̵o̵s̵'̵]

Note: This linter can be disabled with `set_option linter.unusedSimpArgs false`
warning: Goldbach/BG_Identity.lean:1008:43: This simp argument is unused:
  Finset.sum_div

Hint: Omit it from the simp argument list.
  simp only [Finset.sum_sub_distrib, F̵i̵n̵s̵e̵t̵.̵s̵u̵m̵_̵d̵i̵v̵,̵ ̵hsum1, hsumk]

Note: This linter can be disabled with `set_option linter.unusedSimpArgs false`
warning: Goldbach/BG_Identity.lean:1008:66: This simp argument is unused:
  hsumk

Hint: Omit it from the simp argument list.
  simp only [Finset.sum_sub_distrib, Finset.sum_div, hsum1,̵ ̵h̵s̵u̵m̵k̵]

Note: This linter can be disabled with `set_option linter.unusedSimpArgs false`
error: Goldbach/BG_Identity.lean:1044:27: Invalid argument name `bandU` for function `sum_bandU`
error: Goldbach/BG_Identity.lean:1067:30: unsolved goals
Kadm : BG.AdmissibleKernel Ucut
⊢ 0 ∈ BG_Bank.S_BG
warning: Goldbach/BG_Identity.lean:1084:5: unused variable `h`

Note: This linter can be disabled with `set_option linter.unusedVariables false`
error: Goldbach/BG_Identity.lean:1103:53: Type mismatch: After simplification, term
  hk
 has type
  k ∈ BG_Bank.S_BG
but is expected to have type
  -↑H ≤ k ∧ k ≤ ↑H
error: Goldbach/BG_Identity.lean:1108:6: Tactic `simp` failed with a nested error:
maximum recursion depth has been reached
use `set_option maxRecDepth <num>` to increase limit
use `set_option diagnostics true` to get diagnostic information
warning: Goldbach/BG_Identity.lean:1128:54: try 'simp' instead of 'simpa'

Note: This linter can be disabled with `set_option linter.unnecessarySimpa false`
error: Goldbach/BG_Identity.lean:1143:14: Type mismatch: After simplification, term
  Finset.mem_Icc.mpr hkIcc_pair
 has type
  -↑H ≤ k ∧ k ≤ ↑H
but is expected to have type
  k ∈ BG_Bank.S_BG
error: Goldbach/BG_Identity.lean:1145:53: Type mismatch: After simplification, term
  hk
 has type
  k ∈ BG_Bank.S_BG
but is expected to have type
  -↑H ≤ k ∧ k ≤ ↑H
warning: Goldbach/BG_Identity.lean:1148:6: try 'simp' instead of 'simpa'

Note: This linter can be disabled with `set_option linter.unnecessarySimpa false`
error: Goldbach/BG_Identity.lean:1183:55: linarith failed to find a contradiction
case h
hinner_eq : innerBand = Finset.Icc (-↑H) ↑H
z : ℤ
hz : z ∈ (Finset.Icc (-↑H) ↑H).erase 0
hzIcc : z ∈ Finset.Icc (-↑H) ↑H
hz0 : z ≠ 0
this : -↑H ≤ z ∧ z ≤ ↑H
hle : z ≤ ↑H
hneg : -↑H ≤ z
a✝ : ↑H < ↑z.natAbs
⊢ False
failed
error: Goldbach/BG_Identity.lean:1191:33: Function expected at
  Int.natAbs_eq_zero
but this term has type
  Int.natAbs ?m.243 = 0 ↔ ?m.243 = 0

Note: Expected a function because this term is being applied to the argument
  hzabs0
error: Goldbach/BG_Identity.lean:1194:17: Invalid `⟨...⟩` notation: The expected type
  z.natAbs - 1 < H ∧ z = Int.ofNat (z.natAbs - 1).succ ∨ z = -Int.ofNat (z.natAbs - 1).succ
has more than one constructor

Note: This notation can only be used when the expected type is an inductive type with a single constructor
error: Goldbach/BG_Identity.lean:1195:10: No goals to be solved
error: Goldbach/BG_Identity.lean:1173:6: unsolved goals
case h.mp.inl
hinner_eq : innerBand = Finset.Icc (-↑H) ↑H
k : ℕ
hkpos : k < H
hz : Int.ofNat k.succ ∈ (Finset.Icc (-↑H) ↑H).erase 0
hzIcc : Int.ofNat k.succ ∈ Finset.Icc (-↑H) ↑H
hz0 : Int.ofNat k.succ ≠ 0
hzAbs : (Int.ofNat k.succ).natAbs ≤ H
⊢ Int.ofNat k.succ ∈
    Finset.map { toFun := fun k => ↑k.succ, inj' := ⋯ } (Finset.range H) ∪
      Finset.map { toFun := fun k => -↑k.succ, inj' := ⋯ } (Finset.range H)

case h.mp.inr
hinner_eq : innerBand = Finset.Icc (-↑H) ↑H
z : ℤ
hz : z ∈ (Finset.Icc (-↑H) ↑H).erase 0
hzIcc : z ∈ Finset.Icc (-↑H) ↑H
hz0 : z ≠ 0
hzAbs : z.natAbs ≤ H
k : ℕ
h✝ : z = -Int.ofNat k.succ
⊢ z ∈
    Finset.map { toFun := fun k => ↑k.succ, inj' := ⋯ } (Finset.range H) ∪
      Finset.map { toFun := fun k => -↑k.succ, inj' := ⋯ } (Finset.range H)
error: Goldbach/BG_Identity.lean:1216:37: Type mismatch: After simplification, term
  zpos
 has type
  True
but is expected to have type
  0 < z
error: Goldbach/BG_Identity.lean:1222:12: maximum recursion depth has been reached
use `set_option maxRecDepth <num>` to increase limit
use `set_option diagnostics true` to get diagnostic information
error: Goldbach/BG_Identity.lean:1227:51: Type mismatch: After simplification, term
  zpos
 has type
  True
but is expected to have type
  0 < z
error: Goldbach/BG_Identity.lean:1238:62: Application type mismatch: The argument
  this
has type
  0 < ↑k.succ
but is expected to have type
  ?m.587 < 0
in the application
  neg_pos.mpr this
error: Goldbach/BG_Identity.lean:1244:12: maximum recursion depth has been reached
use `set_option maxRecDepth <num>` to increase limit
use `set_option diagnostics true` to get diagnostic information
error: Goldbach/BG_Identity.lean:1249:14: Type mismatch: After simplification, term
  neg_nonpos.mpr (le_of_lt this)
 has type
  True
but is expected to have type
  z ≤ 0
error: Goldbach/BG_Identity.lean:1255:6: No goals to be solved
error: Goldbach/BG_Identity.lean:1166:137: unsolved goals
hinner_eq : innerBand = Finset.Icc (-↑H) ↑H
hband :
  (Finset.Icc (-↑H) ↑H).erase 0 =
    Finset.map { toFun := fun k => ↑k.succ, inj' := ⋯ } (Finset.range H) ∪
      Finset.map { toFun := fun k => -↑k.succ, inj' := ⋯ } (Finset.range H)
⊢ ∑ k ∈ innerBand, K_full k = K_full 0 + 2 * ∑ k ∈ Finset.range H, K_full (Int.ofNat k.succ)
error: Goldbach/BG_Identity.lean:1355:16: maximum recursion depth has been reached
use `set_option maxRecDepth <num>` to increase limit
use `set_option diagnostics true` to get diagnostic information
error: Goldbach/BG_Identity.lean:1372:18: maximum recursion depth has been reached
use `set_option maxRecDepth <num>` to increase limit
use `set_option diagnostics true` to get diagnostic information
error: Goldbach/BG_Identity.lean:1384:16: No goals to be solved
error: Goldbach/BG_Identity.lean:1396:4: maximum recursion depth has been reached
use `set_option maxRecDepth <num>` to increase limit
use `set_option diagnostics true` to get diagnostic information
error: Goldbach/BG_Identity.lean:1414:12: maximum recursion depth has been reached
use `set_option maxRecDepth <num>` to increase limit
use `set_option diagnostics true` to get diagnostic information
error: Goldbach/BG_Identity.lean:1420:12: maximum recursion depth has been reached
use `set_option maxRecDepth <num>` to increase limit
use `set_option diagnostics true` to get diagnostic information
error: Goldbach/BG_Identity.lean:1421:2: maximum recursion depth has been reached
use `set_option maxRecDepth <num>` to increase limit
use `set_option diagnostics true` to get diagnostic information
warning: Goldbach/BG_Identity.lean:1354:64: This simp argument is unused:
  mul_left_comm

Hint: Omit it from the simp argument list.
  simp [div_eq_mul_inv, mul_comm, mul_l̵e̵f̵t̵_̵c̵o̵m̵m̵,̵ ̵m̵u̵l̵_̵assoc]

Note: This linter can be disabled with `set_option linter.unusedSimpArgs false`
warning: Goldbach/BG_Identity.lean:1354:79: This simp argument is unused:
  mul_assoc

Hint: Omit it from the simp argument list.
  simp [div_eq_mul_inv, mul_comm, mul_left_comm,̵ ̵m̵u̵l̵_̵a̵s̵s̵o̵c̵]

Note: This linter can be disabled with `set_option linter.unusedSimpArgs false`
warning: Goldbach/BG_Identity.lean:1423:6: declaration uses 'sorry'
error: Goldbach/BG_Identity.lean:1469:21: maximum recursion depth has been reached
use `set_option maxRecDepth <num>` to increase limit
use `set_option diagnostics true` to get diagnostic information
warning: Goldbach/BG_Identity.lean:1497:28: unused variable `X`

Note: This linter can be disabled with `set_option linter.unusedVariables false`
warning: Goldbach/BG_Identity.lean:1497:30: unused variable `N`

Note: This linter can be disabled with `set_option linter.unusedVariables false`
warning: Goldbach/BG_Identity.lean:1498:28: unused variable `X`

Note: This linter can be disabled with `set_option linter.unusedVariables false`
warning: Goldbach/BG_Identity.lean:1498:30: unused variable `N`

Note: This linter can be disabled with `set_option linter.unusedVariables false`
error: Goldbach/BG_Identity.lean:1524:21: maximum recursion depth has been reached
use `set_option maxRecDepth <num>` to increase limit
use `set_option diagnostics true` to get diagnostic information
error: Goldbach/BG_Identity.lean:1623:0: Unexpected name `BG_Identity` after `end`: The current section is unnamed

Hint: Delete the name `BG_Identity` to end the current unnamed scope; outer named scopes can then be closed using additional `end` command(s):
  end ̵B̵G̵_̵I̵d̵e̵n̵t̵i̵t̵y̵
error: Goldbach/BG_Identity.lean:1624:0: Unexpected name `Goldbach` after `end`: The current section is unnamed

Hint: Delete the name `Goldbach` to end the current unnamed scope; outer named scopes can then be closed using additional `end` command(s):
  end ̵G̵o̵l̵d̵b̵a̵c̵h̵
error: Lean exited with code 1
Some required targets logged failures:
- Goldbach.BG_Identity
error: build failed
⚠ [7587/7623] Replayed Goldbach.Compat
warning: Goldbach/Compat.lean:18:2: try 'simp' instead of 'simpa'

Note: This linter can be disabled with `set_option linter.unnecessarySimpa false`
warning: Goldbach/Compat.lean:24:40: unused variable `hb`

Note: This linter can be disabled with `set_option linter.unusedVariables false`
warning: Goldbach/Compat.lean:50:4: try 'simp' instead of 'simpa'

Note: This linter can be disabled with `set_option linter.unnecessarySimpa false`
⚠ [7589/7623] Replayed Goldbach.Windows
warning: Goldbach/Windows.lean:63:4: try 'simp' instead of 'simpa'

Note: This linter can be disabled with `set_option linter.unnecessarySimpa false`
warning: Goldbach/Windows.lean:68:2: try 'simp' instead of 'simpa'

Note: This linter can be disabled with `set_option linter.unnecessarySimpa false`
warning: Goldbach/Windows.lean:68:38: this tactic is never executed

Note: This linter can be disabled with `set_option linter.unreachableTactic false`
warning: Goldbach/Windows.lean:68:38: 'simpa using hmap' tactic does nothing

Note: This linter can be disabled with `set_option linter.unusedTactic false`
⚠ [7591/7623] Replayed Goldbach.Base.FiniteBaseDefs
warning: Goldbach/Base/FiniteBaseDefs.lean:41:17: unused variable `ha`

Note: This linter can be disabled with `set_option linter.unusedVariables false`
warning: Goldbach/Base/FiniteBaseDefs.lean:41:45: unused variable `hc`

Note: This linter can be disabled with `set_option linter.unusedVariables false`
warning: Goldbach/Base/FiniteBaseDefs.lean:42:5: unused variable `hab`

Note: This linter can be disabled with `set_option linter.unusedVariables false`
warning: Goldbach/Base/FiniteBaseDefs.lean:42:19: unused variable `hbc`

Note: This linter can be disabled with `set_option linter.unusedVariables false`
⚠ [7592/7623] Replayed Goldbach.ClosureBridge
warning: Goldbach/ClosureBridge.lean:42:41: try 'simp' instead of 'simpa'

Note: This linter can be disabled with `set_option linter.unnecessarySimpa false`
⚠ [7599/7623] Replayed Goldbach.AO_AssembleEnvelope
warning: Goldbach/AO_AssembleEnvelope.lean:67:20: try 'simp' instead of 'simpa'

Note: This linter can be disabled with `set_option linter.unnecessarySimpa false`
⚠ [7601/7623] Replayed Goldbach.AO_Major
warning: Goldbach/AO_Major.lean:21:13: unused variable `hX`

Note: This linter can be disabled with `set_option linter.unusedVariables false`
warning: Goldbach/AO_Major.lean:21:35: unused variable `hN`

Note: This linter can be disabled with `set_option linter.unusedVariables false`
warning: Goldbach/AO_Major.lean:25:24: This simp argument is unused:
  add_assoc

Hint: Omit it from the simp argument list.
  simp [Goldbach.AO_Major.errAO, Goldbach.AO_Major.weight_mass, Goldbach.AO_Core.errAO,
       ̵ ̵ ̵ ̵sub_eq_add_neg, add_a̵s̵s̵o̵c̵,̵ ̵a̵d̵d̵_̵left_comm, add_comm, mul_assoc]

Note: This linter can be disabled with `set_option linter.unusedSimpArgs false`
warning: Goldbach/AO_Major.lean:25:60: This simp argument is unused:
  mul_assoc

Hint: Omit it from the simp argument list.
  simp [Goldbach.AO_Major.errAO, Goldbach.AO_Major.weight_mass, Goldbach.AO_Core.errAO,
       ̵ ̵ ̵ ̵sub_eq_add_neg, add_assoc, add_left_comm, add_comm,̵ ̵m̵u̵l̵_̵a̵s̵s̵o̵c̵]

Note: This linter can be disabled with `set_option linter.unusedSimpArgs false`
warning: Goldbach/AO_Major.lean:46:5: unused variable `h`

Note: This linter can be disabled with `set_option linter.unusedVariables false`
warning: Goldbach/AO_Major.lean:58:24: This simp argument is unused:
  dif_pos

Hint: Omit it from the simp argument list.
  simp only [MPDF, win, d̵i̵f̵_̵p̵o̵s̵,̵ ̵mul_div_assoc']

Note: This linter can be disabled with `set_option linter.unusedSimpArgs false`
warning: Goldbach/AO_Major.lean:58:33: This simp argument is unused:
  mul_div_assoc'

Hint: Omit it from the simp argument list.
  simp only [MPDF, win, dif_pos,̵ ̵m̵u̵l̵_̵d̵i̵v̵_̵a̵s̵s̵o̵c̵'̵]

Note: This linter can be disabled with `set_option linter.unusedSimpArgs false`
warning: Goldbach/AO_Major.lean:81:69: try 'simp' instead of 'simpa'

Note: This linter can be disabled with `set_option linter.unnecessarySimpa false`
warning: Goldbach/AO_Major.lean:82:68: try 'simp' instead of 'simpa'

Note: This linter can be disabled with `set_option linter.unnecessarySimpa false`
warning: Goldbach/AO_Major.lean:83:68: try 'simp' instead of 'simpa'

Note: This linter can be disabled with `set_option linter.unnecessarySimpa false`
warning: Goldbach/AO_Major.lean:85:90: This simp argument is unused:
  add_assoc

Hint: Omit it from the simp argument list.
  simp [sub_eq_add_neg,̵ ̵a̵d̵d̵_̵a̵s̵s̵o̵c̵]

Note: This linter can be disabled with `set_option linter.unusedSimpArgs false`
warning: Goldbach/AO_Major.lean:101:24: This simp argument is unused:
  dif_pos

Hint: Omit it from the simp argument list.
  simp only [MPDF, win,̵ ̵d̵i̵f̵_̵p̵o̵s̵]

Note: This linter can be disabled with `set_option linter.unusedSimpArgs false`
⚠ [7602/7623] Replayed Goldbach.BG_Bank
warning: Goldbach/BG_Bank.lean:13:25: unused variable `n`

Note: This linter can be disabled with `set_option linter.unusedVariables false`
warning: Goldbach/BG_Bank.lean:75:4: try 'simp' instead of 'simpa'

Note: This linter can be disabled with `set_option linter.unnecessarySimpa false`
warning: Goldbach/BG_Bank.lean:75:25: this tactic is never executed

Note: This linter can be disabled with `set_option linter.unreachableTactic false`
warning: Goldbach/BG_Bank.lean:75:25: 'decide' tactic does nothing

Note: This linter can be disabled with `set_option linter.unusedTactic false`
warning: Goldbach/BG_Bank.lean:288:14: try 'simp' instead of 'simpa'

Note: This linter can be disabled with `set_option linter.unnecessarySimpa false`
warning: Goldbach/BG_Bank.lean:188:42: This simp argument is unused:
  Nat.cast_sub hn_le

Hint: Omit it from the simp argument list.
  simp only [Nat.cast_succ,̵ ̵N̵a̵t̵.̵c̵a̵s̵t̵_̵s̵u̵b̵ ̵h̵n̵_̵l̵e̵]

Note: This linter can be disabled with `set_option linter.unusedSimpArgs false`
warning: Goldbach/BG_Bank.lean:194:24: This simp argument is unused:
  abs_of_nonneg hlog_Nm_nn

Hint: Omit it from the simp argument list.
  simp [hp,̵ ̵a̵b̵s̵_̵o̵f̵_̵n̵o̵n̵n̵e̵g̵ ̵h̵l̵o̵g̵_̵N̵m̵_̵n̵n̵]

Note: This linter can be disabled with `set_option linter.unusedSimpArgs false`
warning: Goldbach/BG_Bank.lean:202:24: This simp argument is unused:
  abs_of_nonneg hlog_Np1_nn

Hint: Omit it from the simp argument list.
  simp [hp,̵ ̵a̵b̵s̵_̵o̵f̵_̵n̵o̵n̵n̵e̵g̵ ̵h̵l̵o̵g̵_̵N̵p̵1̵_̵n̵n̵]

Note: This linter can be disabled with `set_option linter.unusedSimpArgs false`
warning: Goldbach/BG_Bank.lean:218:46: This simp argument is unused:
  mul_comm

Hint: Omit it from the simp argument list.
  simp [abs_mul, mul_assoc, m̵u̵l̵_̵c̵o̵m̵m̵,̵ ̵mul_left_comm]

Note: This linter can be disabled with `set_option linter.unusedSimpArgs false`
warning: Goldbach/BG_Bank.lean:326:20: This simp argument is unused:
  hlogXabs

Hint: Omit it from the simp argument list.
  simp [h̵l̵o̵g̵X̵a̵b̵s̵,̵ ̵mul_comm, mul_left_comm, mul_assoc]

Note: This linter can be disabled with `set_option linter.unusedSimpArgs false`
warning: Goldbach/BG_Bank.lean:326:30: This simp argument is unused:
  mul_comm

Hint: Omit it from the simp argument list.
  simp [hlogXabs, m̵u̵l̵_̵c̵o̵m̵m̵,̵ ̵mul_left_comm, mul_assoc]

Note: This linter can be disabled with `set_option linter.unusedSimpArgs false`
warning: Goldbach/BG_Bank.lean:403:14: try 'simp' instead of 'simpa'

Note: This linter can be disabled with `set_option linter.unnecessarySimpa false`
warning: Goldbach/BG_Bank.lean:405:14: try 'simp' instead of 'simpa'

Note: This linter can be disabled with `set_option linter.unnecessarySimpa false`
warning: Goldbach/BG_Bank.lean:407:40: This simp argument is unused:
  add_comm

Hint: Omit it from the simp argument list.
  simp [div_self, hlogX_ne, add_c̵o̵m̵m̵,̵ ̵a̵d̵d̵_̵left_comm, add_assoc]

Note: This linter can be disabled with `set_option linter.unusedSimpArgs false`
warning: Goldbach/BG_Bank.lean:407:50: This simp argument is unused:
  add_left_comm

Hint: Omit it from the simp argument list.
  simp [div_self, hlogX_ne, add_comm, a̵d̵d̵_̵l̵e̵f̵t̵_̵c̵o̵m̵m̵,̵ ̵add_assoc]

Note: This linter can be disabled with `set_option linter.unusedSimpArgs false`
warning: Goldbach/BG_Bank.lean:407:65: This simp argument is unused:
  add_assoc

Hint: Omit it from the simp argument list.
  simp [div_self, hlogX_ne, add_comm, add_left_comm,̵ ̵a̵d̵d̵_̵a̵s̵s̵o̵c̵]

Note: This linter can be disabled with `set_option linter.unusedSimpArgs false`
warning: Goldbach/BG_Bank.lean:547:63: try 'simp' instead of 'simpa'

Note: This linter can be disabled with `set_option linter.unnecessarySimpa false`
warning: Goldbach/BG_Bank.lean:550:47: This simp argument is unused:
  add_comm

Hint: Omit it from the simp argument list.
  simp [add_div, div_self, hlogX_ne, add_c̵o̵m̵m̵,̵ ̵a̵d̵d̵_̵left_comm, add_assoc]

Note: This linter can be disabled with `set_option linter.unusedSimpArgs false`
warning: Goldbach/BG_Bank.lean:550:57: This simp argument is unused:
  add_left_comm

Hint: Omit it from the simp argument list.
  simp [add_div, div_self, hlogX_ne, add_comm, a̵d̵d̵_̵l̵e̵f̵t̵_̵c̵o̵m̵m̵,̵ ̵add_assoc]

Note: This linter can be disabled with `set_option linter.unusedSimpArgs false`
warning: Goldbach/BG_Bank.lean:550:72: This simp argument is unused:
  add_assoc

Hint: Omit it from the simp argument list.
  simp [add_div, div_self, hlogX_ne, add_comm, add_left_comm,̵ ̵a̵d̵d̵_̵a̵s̵s̵o̵c̵]

Note: This linter can be disabled with `set_option linter.unusedSimpArgs false`
warning: Goldbach/BG_Bank.lean:559:56: This simp argument is unused:
  add_left_comm

Hint: Omit it from the simp argument list.
  simp [c, Nat.cast_add, Nat.cast_one, add_assoc, a̵d̵d̵_̵l̵e̵f̵t̵_̵c̵o̵m̵m̵,̵ ̵add_comm, add_div, div_self hX0_ne]

Note: This linter can be disabled with `set_option linter.unusedSimpArgs false`
⚠ [7603/7623] Replayed Goldbach.BG_Operator
warning: Goldbach/BG_Operator.lean:31:2: try 'simp' instead of 'simpa'

Note: This linter can be disabled with `set_option linter.unnecessarySimpa false`
warning: Goldbach/BG_Operator.lean:98:2: try 'simp' instead of 'simpa'

Note: This linter can be disabled with `set_option linter.unnecessarySimpa false`
⚠ [7605/7623] Replayed Goldbach.SingularSeries
warning: Goldbach/SingularSeries.lean:40:5: unused variable `h`

Note: This linter can be disabled with `set_option linter.unusedVariables false`
warning: Goldbach/SingularSeries.lean:88:8: `Finset.eq_empty_iff_forall_not_mem` has been deprecated: Use `Finset.eq_empty_iff_forall_notMem` instead
warning: Goldbach/SingularSeries.lean:98:4: try 'simp' instead of 'simpa'

Note: This linter can be disabled with `set_option linter.unnecessarySimpa false`
warning: Goldbach/SingularSeries.lean:99:28: this tactic is never executed

Note: This linter can be disabled with `set_option linter.unreachableTactic false`
warning: Goldbach/SingularSeries.lean:99:57: this tactic is never executed

Note: This linter can be disabled with `set_option linter.unreachableTactic false`
warning: Goldbach/SingularSeries.lean:99:28: 'decide' tactic does nothing

Note: This linter can be disabled with `set_option linter.unusedTactic false`
warning: Goldbach/SingularSeries.lean:99:57: 'decide' tactic does nothing

Note: This linter can be disabled with `set_option linter.unusedTactic false`
⚠ [7607/7623] Replayed Goldbach.PPNumerics
warning: Goldbach/PPNumerics.lean:24:42: try 'simp' instead of 'simpa'

Note: This linter can be disabled with `set_option linter.unnecessarySimpa false`
warning: Goldbach/PPNumerics.lean:27:6: try 'simp' instead of 'simpa'

Note: This linter can be disabled with `set_option linter.unnecessarySimpa false`
⚠ [7608/7623] Replayed Goldbach.PPBoundSquares
warning: Goldbach/PPBoundSquares.lean:41:8: try 'simp' instead of 'simpa'

Note: This linter can be disabled with `set_option linter.unnecessarySimpa false`
warning: Goldbach/PPBoundSquares.lean:228:10: try 'simp' instead of 'simpa'

Note: This linter can be disabled with `set_option linter.unnecessarySimpa false`
⚠ [7610/7623] Replayed Goldbach.AnalyticGlobal
warning: Goldbach/AnalyticGlobal.lean:65:28: This simp argument is unused:
  one_div

Hint: Omit it from the simp argument list.
  simp [div_eq_mul_inv, o̵n̵e̵_̵d̵i̵v̵,̵ ̵mul_comm]

Note: This linter can be disabled with `set_option linter.unusedSimpArgs false`
warning: Goldbach/AnalyticGlobal.lean:68:30: This simp argument is unused:
  one_div

Hint: Omit it from the simp argument list.
  simp [div_eq_mul_inv, o̵n̵e̵_̵d̵i̵v̵,̵ ̵mul_comm]

Note: This linter can be disabled with `set_option linter.unusedSimpArgs false`
warning: Goldbach/AnalyticGlobal.lean:70:39: This simp argument is unused:
  mul_left_comm

Hint: Omit it from the simp argument list.
  simp [one_div, S_ne, mul_comm, mul_l̵e̵f̵t̵_̵c̵o̵m̵m̵,̵ ̵m̵u̵l̵_̵assoc]

Note: This linter can be disabled with `set_option linter.unusedSimpArgs false`
warning: Goldbach/AnalyticGlobal.lean:70:54: This simp argument is unused:
  mul_assoc

Hint: Omit it from the simp argument list.
  simp [one_div, S_ne, mul_comm, mul_left_comm,̵ ̵m̵u̵l̵_̵a̵s̵s̵o̵c̵]

Note: This linter can be disabled with `set_option linter.unusedSimpArgs false`
⚠ [7611/7623] Replayed Goldbach.BankPieces
warning: Goldbach/BankPieces.lean:15:63: `class ... :=` has been deprecated in favor of `class ... where`.

Note: This linter can be disabled with `set_option linter.deprecated false`
⚠ [7613/7623] Replayed Goldbach.Analytic.MajorBoundFromSigma
warning: Goldbach/Analytic/MajorBoundFromSigma.lean:21:75: `structure ... :=` has been deprecated in favor of `structure ... where`.

Note: This linter can be disabled with `set_option linter.deprecated false`
⚠ [7614/7623] Replayed Goldbach.Analytic.NumericSigma
warning: Goldbach/Analytic/NumericSigma.lean:23:32: unused variable `hX`

Note: This linter can be disabled with `set_option linter.unusedVariables false`
✖ [7620/7623] Building Goldbach.BG_Identity (42s)
trace: .> LEAN_PATH=/Users/benjaminnelson/Desktop/nerd shit/goldbach/builds/Goldbach/.lake/packages/Cli/.lake/build/lib/lean:/Users/benjaminnelson/Desktop/nerd shit/goldbach/builds/Goldbach/.lake/packages/batteries/.lake/build/lib/lean:/Users/benjaminnelson/Desktop/nerd shit/goldbach/builds/Goldbach/.lake/packages/Qq/.lake/build/lib/lean:/Users/benjaminnelson/Desktop/nerd shit/goldbach/builds/Goldbach/.lake/packages/aesop/.lake/build/lib/lean:/Users/benjaminnelson/Desktop/nerd shit/goldbach/builds/Goldbach/.lake/packages/proofwidgets/.lake/build/lib/lean:/Users/benjaminnelson/Desktop/nerd shit/goldbach/builds/Goldbach/.lake/packages/importGraph/.lake/build/lib/lean:/Users/benjaminnelson/Desktop/nerd shit/goldbach/builds/Goldbach/.lake/packages/LeanSearchClient/.lake/build/lib/lean:/Users/benjaminnelson/Desktop/nerd shit/goldbach/builds/Goldbach/.lake/packages/plausible/.lake/build/lib/lean:/Users/benjaminnelson/Desktop/nerd shit/goldbach/builds/Goldbach/.lake/packages/mathlib/.lake/build/lib/lean:/Users/benjaminnelson/Desktop/nerd shit/goldbach/builds/Goldbach/.lake/build/lib/lean /Users/benjaminnelson/.elan/toolchains/leanprover--lean4---v4.26.0-rc2/bin/lean /Users/benjaminnelson/Desktop/nerd shit/goldbach/builds/Goldbach/Goldbach/BG_Identity.lean -o /Users/benjaminnelson/Desktop/nerd shit/goldbach/builds/Goldbach/.lake/build/lib/lean/Goldbach/BG_Identity.olean -i /Users/benjaminnelson/Desktop/nerd shit/goldbach/builds/Goldbach/.lake/build/lib/lean/Goldbach/BG_Identity.ilean -c /Users/benjaminnelson/Desktop/nerd shit/goldbach/builds/Goldbach/.lake/build/ir/Goldbach/BG_Identity.c --setup /Users/benjaminnelson/Desktop/nerd shit/goldbach/builds/Goldbach/.lake/build/ir/Goldbach/BG_Identity.setup.json --json
warning: Goldbach/BG_Identity.lean:149:48: This simp argument is unused:
  add_comm

Hint: Omit it from the simp argument list.
  simp [Finset.sum_insert, hk, ih, mul_add, a̵d̵d̵_̵c̵o̵m̵m̵,̵ ̵add_left_comm, add_assoc, mul_comm, mul_left_comm,
  ̲  ̲ ̲ ̲ ̲ ̲ ̲ ̲mul_assoc]

Note: This linter can be disabled with `set_option linter.unusedSimpArgs false`
warning: Goldbach/BG_Identity.lean:149:58: This simp argument is unused:
  add_left_comm

Hint: Omit it from the simp argument list.
  simp [Finset.sum_insert, hk, ih, mul_add, add_comm, a̵d̵d̵_̵l̵e̵f̵t̵_̵c̵o̵m̵m̵,̵add_assoc, mul_comm, mul_left_comm,
  ̲  ̲ ̲ ̲ ̲ ̲ ̲ ̲mul_assoc]

Note: This linter can be disabled with `set_option linter.unusedSimpArgs false`
warning: Goldbach/BG_Identity.lean:150:12: This simp argument is unused:
  add_assoc

Hint: Omit it from the simp argument list.
  simp [Finset.sum_insert, hk, ih, mul_add, add_comm, add_left_comm, a̵d̵d̵_̵a̵s̵s̵o̵c̵,̵ ̵mul_comm, mul_left_comm,
  ̲  ̲ ̲ ̲ ̲ ̲ ̲ ̲mul_assoc]

Note: This linter can be disabled with `set_option linter.unusedSimpArgs false`
warning: Goldbach/BG_Identity.lean:150:23: This simp argument is unused:
  mul_comm

Hint: Omit it from the simp argument list.
  simp [Finset.sum_insert, hk, ih, mul_add, add_comm, add_left_comm, add_assoc, m̵u̵l̵_̵c̵o̵m̵m̵,̵ ̵mul_left_comm,
  ̲  ̲ ̲ ̲ ̲ ̲ ̲ ̲mul_assoc]

Note: This linter can be disabled with `set_option linter.unusedSimpArgs false`
warning: Goldbach/BG_Identity.lean:150:33: This simp argument is unused:
  mul_left_comm

Hint: Omit it from the simp argument list.
  simp [Finset.sum_insert, hk, ih, mul_add, add_comm, add_left_comm, add_assoc, mul_comm,
  ̲  ̲ ̲ ̲ ̲ ̲ ̲ ̲m̵u̵l̵_̵l̵e̵f̵t̵_̵c̵o̵m̵m̵,̵ ̵mul_assoc]

Note: This linter can be disabled with `set_option linter.unusedSimpArgs false`
warning: Goldbach/BG_Identity.lean:150:48: This simp argument is unused:
  mul_assoc

Hint: Omit it from the simp argument list.
  simp [Finset.sum_insert, hk, ih, mul_add, add_comm, add_left_comm, add_assoc, mul_comm,
  ̲  ̲ ̲ ̲ ̲ ̲ ̲ ̲m̵u̵l̵_̵l̵e̵f̵t̵_̵c̵o̵m̵m̵,̵ ̵m̵u̵l̵_̵a̵s̵s̵o̵c̵]̵m̲u̲l̲_̲l̲e̲f̲t̲_̲c̲o̲m̲m̲]̲

Note: This linter can be disabled with `set_option linter.unusedSimpArgs false`
error: Goldbach/BG_Identity.lean:197:76: unsolved goals
m : ℕ
hm : m ≤ Ucut
hnonneg : 0 ≤ 1 - ↑m / ↑Ucut
hmax : max (1 - ↑m / ↑Ucut) 0 = 1 - ↑m / ↑Ucut
⊢ max (1 - ↑m / (↑H + ↑((H + 99) / 100))) 0 / (↑H + ↑((H + 99) / 100)) =
    (1 - ↑m / (↑H + ↑((H + 99) / 100))) / (↑H + ↑((H + 99) / 100))
warning: Goldbach/BG_Identity.lean:204:12: This simp argument is unused:
  hU

Hint: Omit it from the simp argument list.
  simp [hU̵,̵ ̵h̵m0]

Note: This linter can be disabled with `set_option linter.unusedSimpArgs false`
warning: Goldbach/BG_Identity.lean:215:8: This simp argument is unused:
  hmax

Hint: Omit it from the simp argument list.
  simp ̵[̵h̵m̵a̵x̵]̵

Note: This linter can be disabled with `set_option linter.unusedSimpArgs false`
warning: Goldbach/BG_Identity.lean:241:10: This simp argument is unused:
  Finset.sum_insert

Hint: Omit it from the simp argument list.
  simp [̵F̵i̵n̵s̵e̵t̵.̵s̵u̵m̵_̵i̵n̵s̵e̵r̵t̵,̵ ̵h̵a̵,̵[̲h̲a̲,̲ ih, mul_add, add_comm, add_left_comm, add_assoc, mul_comm, mul_left_comm, mul_assoc]

Note: This linter can be disabled with `set_option linter.unusedSimpArgs false`
warning: Goldbach/BG_Identity.lean:241:33: This simp argument is unused:
  ih

Hint: Omit it from the simp argument list.
  simp [Finset.sum_insert, ha, i̵h̵,̵ ̵mul_add, add_comm, add_left_comm,
  ̵  ̵ ̵ ̵ ̵ ̵ ̵ ̵ ̵ ̵add_assoc, mul_comm,
  ̲  ̲ ̲ ̲ ̲ ̲mul_left_comm, mul_assoc]

Note: This linter can be disabled with `set_option linter.unusedSimpArgs false`
warning: Goldbach/BG_Identity.lean:241:56: This simp argument is unused:
  add_left_comm

Hint: Omit it from the simp argument list.
  simp [Finset.sum_insert, ha, ih, mul_add, add_comm, a̵d̵d̵_̵l̵e̵f̵t̵_̵c̵o̵m̵m̵,̵add_assoc, mul_comm, mul_left_comm,
  ̲  ̲ ̲ ̲ ̲ ̲mul_assoc]

Note: This linter can be disabled with `set_option linter.unusedSimpArgs false`
warning: Goldbach/BG_Identity.lean:242:10: This simp argument is unused:
  add_assoc

Hint: Omit it from the simp argument list.
  simp [Finset.sum_insert, ha, ih, mul_add, add_comm, add_left_comm, a̵d̵d̵_̵a̵s̵s̵o̵c̵,̵ ̵mul_comm, mul_left_comm,
  ̲  ̲ ̲ ̲ ̲ ̲mul_assoc]

Note: This linter can be disabled with `set_option linter.unusedSimpArgs false`
warning: Goldbach/BG_Identity.lean:242:31: This simp argument is unused:
  mul_left_comm

Hint: Omit it from the simp argument list.
  simp [Finset.sum_insert, ha, ih, mul_add, add_comm, add_left_comm, add_assoc, mul_comm,
  ̲  ̲ ̲ ̲ ̲ ̲m̵u̵l̵_̵l̵e̵f̵t̵_̵c̵o̵m̵m̵,̵ ̵mul_assoc]

Note: This linter can be disabled with `set_option linter.unusedSimpArgs false`
warning: Goldbach/BG_Identity.lean:242:46: This simp argument is unused:
  mul_assoc

Hint: Omit it from the simp argument list.
  simp [Finset.sum_insert, ha, ih, mul_add, add_comm, add_left_comm, add_assoc, mul_comm,
  ̲  ̲ ̲ ̲ ̲ ̲m̵u̵l̵_̵l̵e̵f̵t̵_̵c̵o̵m̵m̵,̵ ̵m̵u̵l̵_̵a̵s̵s̵o̵c̵]̵m̲u̲l̲_̲l̲e̲f̲t̲_̲c̲o̲m̲m̲]̲

Note: This linter can be disabled with `set_option linter.unusedSimpArgs false`
error: Goldbach/BG_Identity.lean:266:6: Type mismatch: After simplification, term
  this
 has type
  True
but is expected to have type
  ↑n + 2 = ↑n + 1 + 1 ∨ ↑n + 1 = 0
error: Goldbach/BG_Identity.lean:267:4: Tactic `assumption` failed

case succ
n : ℕ
ih : ∑ k ∈ Finset.range n, ↑k.succ = ↑n * (↑n + 1) / 2
h : ∑ x ∈ Finset.range (n + 1), ↑x.succ = ∑ x ∈ Finset.range n, ↑x.succ + ↑n.succ
h' : ∑ k ∈ Finset.range n.succ, ↑k.succ = ∑ k ∈ Finset.range n, ↑k.succ + ↑n.succ
h'' : ↑n * (↑n + 1) / 2 + ↑n.succ = ↑n.succ * (↑n.succ + 1) / 2
⊢ ∑ x ∈ Finset.range (n + 1), (↑x + 1) = (↑n + 1) * (↑n + 1 + 1) / 2
warning: Goldbach/BG_Identity.lean:363:6: declaration uses 'sorry'
warning: Goldbach/BG_Identity.lean:392:23: This simp argument is unused:
  Int.ofNat_sub hHN

Hint: Omit it from the simp argument list.
  simp only [̵I̵n̵t̵.̵o̵f̵N̵a̵t̵_̵s̵u̵b̵ ̵h̵H̵N̵]̵ ̵at hZint

Note: This linter can be disabled with `set_option linter.unusedSimpArgs false`
warning: Goldbach/BG_Identity.lean:457:4: try 'simp' instead of 'simpa'

Note: This linter can be disabled with `set_option linter.unnecessarySimpa false`
warning: Goldbach/BG_Identity.lean:480:25: try 'simp' instead of 'simpa'

Note: This linter can be disabled with `set_option linter.unnecessarySimpa false`
warning: Goldbach/BG_Identity.lean:523:6: declaration uses 'sorry'
warning: Goldbach/BG_Identity.lean:560:15: unused variable `hX`

Note: This linter can be disabled with `set_option linter.unusedVariables false`
warning: Goldbach/BG_Identity.lean:561:5: unused variable `hN`

Note: This linter can be disabled with `set_option linter.unusedVariables false`
warning: Goldbach/BG_Identity.lean:593:5: unused variable `hk`

Note: This linter can be disabled with `set_option linter.unusedVariables false`
warning: Goldbach/BG_Identity.lean:618:28: This simp argument is unused:
  hUpos.ne'

Hint: Omit it from the simp argument list.
  s̵i̵m̵p̵ ̵[̵K̵_̵f̵u̵l̵l̵,̵ ̵K̵_̵f̵u̵l̵l̵_̵r̵a̵w̵,̵ ̵h̵U̵p̵o̵s̵.̵n̵e̵'̵]̵ ̵a̵t̵ ̵*̵s̲i̲m̲p̲ ̲[̲K̲_̲f̲u̲l̲l̲,̲
  ̲ ̲ ̲ ̲ ̲K̲_̲f̲u̲l̲l̲_̲r̲a̲w̲]̲ ̲a̲t̲ ̲*̲
  ̲ ̲ ̲ ̲ ̲ ̲ ̲-̲-̲ ̲a̲f̲t̲e̲r̲ ̲s̲i̲m̲p̲,̲ ̲g̲o̲a̲l̲ ̲b̲e̲c̲o̲m̲e̲s̲ ̲`̲0̲ ̲<̲ ̲1̲ ̲/̲ ̲(̲U̲c̲u̲t̲:̲ℝ̲)̲`̲
  ̲ ̲ ̲ ̲ ̲ ̲ ̲

Note: This linter can be disabled with `set_option linter.unusedSimpArgs false`
warning: Goldbach/BG_Identity.lean:643:5: unused variable `h`

Note: This linter can be disabled with `set_option linter.unusedVariables false`
warning: Goldbach/BG_Identity.lean:650:5: unused variable `h`

Note: This linter can be disabled with `set_option linter.unusedVariables false`
warning: Goldbach/BG_Identity.lean:666:25: unused variable `X`

Note: This linter can be disabled with `set_option linter.unusedVariables false`
warning: Goldbach/BG_Identity.lean:666:27: unused variable `N`

Note: This linter can be disabled with `set_option linter.unusedVariables false`
warning: Goldbach/BG_Identity.lean:690:5: unused variable `h`

Note: This linter can be disabled with `set_option linter.unusedVariables false`
error: Goldbach/BG_Identity.lean:704:10: Unknown identifier `Kernel.conv_ref_const_eq_sigma_mass_of`
warning: Goldbach/BG_Identity.lean:719:8: try 'simp' instead of 'simpa'

Note: This linter can be disabled with `set_option linter.unnecessarySimpa false`
warning: Goldbach/BG_Identity.lean:747:34: unused variable `hk`

Note: This linter can be disabled with `set_option linter.unusedVariables false`
warning: Goldbach/BG_Identity.lean:751:35: unused variable `hk`

Note: This linter can be disabled with `set_option linter.unusedVariables false`
error: Goldbach/BG_Identity.lean:808:20: failed to synthesize
  HMul (ℕ → ℝ) ℝ ?m.11

Hint: Additional diagnostic information may be available using the `set_option diagnostics true` command.
error: Goldbach/BG_Identity.lean:816:20: typeclass instance problem is stuck
  HMul (ℕ → ℝ) ?m.14 ℝ

Note: Lean will not try to resolve this typeclass instance problem because the second type argument to `HMul` is a metavariable. This argument must be fully determined before Lean will try to resolve the typeclass.

Hint: Adding type annotations and supplying implicit arguments to functions can give Lean more information for typeclass resolution. For example, if you have a variable `x` that you intend to be a `Nat`, but Lean reports it as having an unresolved type like `?m`, replacing `x` with `(x : Nat)` can get typeclass resolution un-stuck.
error: Goldbach/BG_Identity.lean:826:60: unsolved goals
⊢ False
error: Goldbach/BG_Identity.lean:844:58: unsolved goals
⊢ -((↑H + 99) / 100) ≤ ↑H ∧ 0 ≤ ↑H + (↑H + 99) / 100
error: Goldbach/BG_Identity.lean:866:26: Unknown constant `Int.natAbs_eq_ofNat_abs`
error: Goldbach/BG_Identity.lean:872:12: linarith failed to find a contradiction
case h
h0 : 0 ∈ bandU
z : ℤ
hz : z ∈ bandU.erase 0
hzIcc : z ∈ Finset.Icc (-↑Ucut) ↑Ucut
hz0 : z ≠ 0
this : -↑Ucut ≤ z ∧ z ≤ ↑Ucut
hle : z ≤ ↑Ucut
hneg : -↑Ucut ≤ z
hz' : ↑z.natAbs = max (-z) z
a✝ : ↑Ucut < ↑z.natAbs
⊢ False
failed
error: Goldbach/BG_Identity.lean:880:59: mod_cast has type
  ?m.225 = ?m.225
but is expected to have type
  z.natAbs = 0
error: Goldbach/BG_Identity.lean:884:12: Type mismatch
  hzabs0
has type
  z.natAbs = 0
but is expected to have type
  z.natAbs ≠ 0
error: Goldbach/BG_Identity.lean:886:17: Invalid `⟨...⟩` notation: The expected type
  z.natAbs - 1 < Ucut ∧ z = Int.ofNat (z.natAbs - 1).succ ∨ z = -Int.ofNat (z.natAbs - 1).succ
has more than one constructor

Note: This notation can only be used when the expected type is an inductive type with a single constructor
error: Goldbach/BG_Identity.lean:887:10: No goals to be solved
error: Goldbach/BG_Identity.lean:900:69: Application type mismatch: The argument
  hkpos
has type
  k < Ucut
but is expected to have type
  k ∈ Finset.range Ucut
in the application
  And.intro hkpos
error: Goldbach/BG_Identity.lean:855:6: unsolved goals
case h.mp.inr
h0 : 0 ∈ bandU
z : ℤ
hz : z ∈ bandU.erase 0
hzIcc : z ∈ Finset.Icc (-↑Ucut) ↑Ucut
hz0 : z ≠ 0
hzAbs : z.natAbs ≤ Ucut
k : ℕ
h✝ : z = -Int.ofNat k.succ
⊢ z ∈
    Finset.map { toFun := fun k => ↑k.succ, inj' := ⋯ } (Finset.range Ucut) ∪
      Finset.map { toFun := fun k => -↑k.succ, inj' := ⋯ } (Finset.range Ucut)
error: Goldbach/BG_Identity.lean:901:54: unsolved goals
h0 : 0 ∈ bandU
z : ℤ
⊢ K_full_raw (H + (H + 99) / 100) 0 = (↑H + ↑((H + 99) / 100))⁻¹
error: Goldbach/BG_Identity.lean:914:34: maximum recursion depth has been reached
use `set_option maxRecDepth <num>` to increase limit
use `set_option diagnostics true` to get diagnostic information
error: Goldbach/BG_Identity.lean:915:28: Type mismatch
  hk
has type
  k ∈ Finset.map { toFun := fun k => ↑k.succ, inj' := ⋯ } (Finset.range Ucut)
but is expected to have type
  ∀ (a₂ : ℤ) (ha₂ : a₂ ∈ Finset.map { toFun := fun k => ↑k.succ, inj' := ⋯ } (Finset.range Ucut)),
    (fun k hk => k) k hk = (fun k hk => k) a₂ ha₂ → k = a₂
error: Goldbach/BG_Identity.lean:916:14: unsolved goals
case heq
h0 : 0 ∈ bandU
z : ℤ
h0val : K_full 0 = 1 / ↑Ucut
k : ℤ
hk : k ∈ Finset.map { toFun := fun k => -↑k.succ, inj' := ⋯ } (Finset.range Ucut)
⊢ ∃ a < H + (H + 99) / 100, ↑a + 1 = k
error: Goldbach/BG_Identity.lean:917:28: Type mismatch
  hk
has type
  k ∈ Finset.map { toFun := fun k => ↑k.succ, inj' := ⋯ } (Finset.range Ucut)
but is expected to have type
  K_full k = K_full ((fun k hk => k) k hk)
error: Goldbach/BG_Identity.lean:934:68: Type mismatch: After simplification, term
  hbEq
 has type
  -1 + -↑b' = ↑a' + 1
but is expected to have type
  ↑a' + 1 = -1 + -↑b'
error: Goldbach/BG_Identity.lean:935:16: linarith failed to find a contradiction
h0 : 0 ∈ bandU
z : ℤ
h0val : K_full 0 = 1 / ↑Ucut
hpair :
  ∑ k ∈ Finset.map { toFun := fun k => ↑k.succ, inj' := ⋯ } (Finset.range Ucut), K_full k =
    ∑ k ∈ Finset.map { toFun := fun k => -↑k.succ, inj' := ⋯ } (Finset.range Ucut), K_full k
a' : ℕ
ha' : a' ∈ Finset.range Ucut
ha :
  { toFun := fun k => ↑k.succ, inj' := ⋯ } a' ∈ Finset.map { toFun := fun k => ↑k.succ, inj' := ⋯ } (Finset.range Ucut)
hb :
  { toFun := fun k => ↑k.succ, inj' := ⋯ } a' ∈ Finset.map { toFun := fun k => -↑k.succ, inj' := ⋯ } (Finset.range Ucut)
b' : ℕ
hb' : b' ∈ Finset.range Ucut
hbEq : { toFun := fun k => -↑k.succ, inj' := ⋯ } b' = { toFun := fun k => ↑k.succ, inj' := ⋯ } a'
hbPos : ↑b'.succ ≠ 0
this : ↑a'.succ = -↑b'.succ
⊢ False
failed
error: Goldbach/BG_Identity.lean:952:92: Unknown identifier `hpos`
error: Goldbach/BG_Identity.lean:954:6: 'calc' expression has type
  ∑ k ∈ bandU, K_full k = K_full 0 + 2 * ∑ k ∈ Finset.range Ucut, K_full (Int.ofNat k.succ)
but is expected to have type
  z ∈
      Finset.map { toFun := fun k => ↑k.succ, inj' := ⋯ } (Finset.range Ucut) ∪
        Finset.map { toFun := fun k => -↑k.succ, inj' := ⋯ } (Finset.range Ucut) →
    z ∈ bandU.erase 0
error: Goldbach/BG_Identity.lean:841:93: unsolved goals
h0 : 0 ∈ bandU
hpos :
  bandU.erase 0 =
    Finset.map { toFun := fun k => ↑k.succ, inj' := ⋯ } (Finset.range Ucut) ∪
      Finset.map { toFun := fun k => -↑k.succ, inj' := ⋯ } (Finset.range Ucut)
⊢ ∑ k ∈ bandU, K_full k = K_full 0 + 2 * ∑ k ∈ Finset.range Ucut, K_full (Int.ofNat k.succ)
error: Goldbach/BG_Identity.lean:957:22: maximum recursion depth has been reached
use `set_option maxRecDepth <num>` to increase limit
use `set_option diagnostics true` to get diagnostic information
warning: Goldbach/BG_Identity.lean:959:10: try 'simp' instead of 'simpa'

Note: This linter can be disabled with `set_option linter.unnecessarySimpa false`
warning: Goldbach/BG_Identity.lean:978:22: `Finset.range_succ` has been deprecated: Use `Finset.range_add_one` instead
error: Goldbach/BG_Identity.lean:976:72: unsolved goals
hsplit : ∑ k ∈ bandU, K_full k = K_full 0 + 2 * ∑ k ∈ Finset.range Ucut, K_full (Int.ofNat k.succ)
hsum1 : ∑ k ∈ Finset.range Ucut, 1 = ↑Ucut
this : ∑ i ∈ Finset.range Ucut.succ, i = Ucut.succ * (Ucut.succ - 1) / 2
⊢ H + (H + 99) / 100 + ∑ x ∈ Finset.range (H + (H + 99) / 100), x =
    ∑ x ∈ Finset.range (H + (H + 99) / 100), x + (H + (H + 99) / 100)
error: Goldbach/BG_Identity.lean:980:10: Type mismatch: After simplification, term
  Finset.sum_range_id
 has type
  ∀ (n : ℕ), ∑ i ∈ Finset.range n, i = n * (n - 1) / 2
but is expected to have type
  ∑ i ∈ Finset.range (H + (H + 99) / 100 + 1), i = (H + (H + 99) / 100 + 1) * (H + (H + 99) / 100) / 2
error: Goldbach/BG_Identity.lean:981:8: linarith failed to find a contradiction
case h1.h
hsplit : ∑ k ∈ bandU, K_full k = K_full 0 + 2 * ∑ k ∈ Finset.range Ucut, K_full (Int.ofNat k.succ)
hsum1 : ∑ k ∈ Finset.range Ucut, 1 = ↑Ucut
this : ∑ i ∈ Finset.range Ucut.succ, i = Ucut.succ * (Ucut.succ - 1) / 2
hrewrite : ∑ i ∈ Finset.range Ucut.succ, i = ∑ k ∈ Finset.range Ucut, k.succ
hs : ∑ i ∈ Finset.range Ucut.succ, i = Ucut.succ * Ucut / 2
a✝ : ∑ k ∈ Finset.range Ucut, k.succ < Ucut * (Ucut + 1) / 2
⊢ False
failed
error: Goldbach/BG_Identity.lean:983:6: maximum recursion depth has been reached
use `set_option maxRecDepth <num>` to increase limit
use `set_option diagnostics true` to get diagnostic information
error: Goldbach/BG_Identity.lean:990:16: maximum recursion depth has been reached
use `set_option maxRecDepth <num>` to increase limit
use `set_option diagnostics true` to get diagnostic information
error: Goldbach/BG_Identity.lean:1002:68: unsolved goals
hsplit : ∑ k ∈ bandU, K_full k = K_full 0 + 2 * ∑ k ∈ Finset.range Ucut, K_full (Int.ofNat k.succ)
hsum1 : ∑ k ∈ Finset.range Ucut, 1 = ↑Ucut
hsumk : ∑ k ∈ Finset.range Ucut, ↑k.succ = ↑Ucut * (↑Ucut + 1) / 2
hUpos : 0 < ↑Ucut
hUpos' : ↑Ucut ≠ 0
⊢ (↑H + ↑((H + 99) / 100) - ∑ x ∈ Finset.range (H + (H + 99) / 100), (↑x + 1) / (↑H + ↑((H + 99) / 100))) /
      (↑H + ↑((H + 99) / 100)) =
    (↑H + ↑((H + 99) / 100))⁻¹ *
      (↑H + ↑((H + 99) / 100) - ∑ x ∈ Finset.range (H + (H + 99) / 100), (↑x + 1) / (↑H + ↑((H + 99) / 100)))
info: Goldbach/BG_Identity.lean:1008:8: Try this:
  [apply] ring_nf
  
  The `ring` tactic failed to close the goal. Use `ring_nf` to obtain a normal form.
    
  Note that `ring` works primarily in *commutative* rings. If you have a noncommutative ring, abelian group or module, consider using `noncomm_ring`, `abel` or `module` instead.
error: Goldbach/BG_Identity.lean:1005:96: unsolved goals
hsplit : ∑ k ∈ bandU, K_full k = K_full 0 + 2 * ∑ k ∈ Finset.range Ucut, K_full (Int.ofNat k.succ)
hsum1 : ∑ k ∈ Finset.range Ucut, 1 = ↑Ucut
hsumk : ∑ k ∈ Finset.range Ucut, ↑k.succ = ↑Ucut * (↑Ucut + 1) / 2
hUpos : 0 < ↑Ucut
hUpos' : ↑Ucut ≠ 0
⊢ ↑Ucut * (↑Ucut)⁻¹ - (↑Ucut)⁻¹ * ∑ x ∈ Finset.range Ucut, (↑Ucut)⁻¹ * ↑x.succ =
    ↑Ucut * (↑Ucut)⁻¹ + ↑Ucut * (↑Ucut)⁻¹ ^ 2 * (-1 / 2) + ↑Ucut ^ 2 * (↑Ucut)⁻¹ ^ 2 * (-1 / 2)
info: Goldbach/BG_Identity.lean:1010:33: Try this:
  [apply] ring_nf
  
  The `ring` tactic failed to close the goal. Use `ring_nf` to obtain a normal form.
    
  Note that `ring` works primarily in *commutative* rings. If you have a noncommutative ring, abelian group or module, consider using `noncomm_ring`, `abel` or `module` instead.
error: Goldbach/BG_Identity.lean:1009:34: unsolved goals
hsplit : ∑ k ∈ bandU, K_full k = K_full 0 + 2 * ∑ k ∈ Finset.range Ucut, K_full (Int.ofNat k.succ)
hsum1 : ∑ k ∈ Finset.range Ucut, 1 = ↑Ucut
hsumk : ∑ k ∈ Finset.range Ucut, ↑k.succ = ↑Ucut * (↑Ucut + 1) / 2
hUpos : 0 < ↑Ucut
⊢ -1 + ↑Ucut = -↑Ucut + ↑Ucut ^ 2
error: Goldbach/BG_Identity.lean:1019:58: unsolved goals
hsplit : ∑ k ∈ bandU, K_full k = K_full 0 + 2 * ∑ k ∈ Finset.range Ucut, K_full (Int.ofNat k.succ)
hpos_eval : ∑ k ∈ Finset.range Ucut, K_full (Int.ofNat k.succ) = (↑Ucut - 1) / 2
hUpos : ↑Ucut ≠ 0
this : ∑ k ∈ bandU, K_full k = K_full 0 + 2 * ∑ k ∈ Finset.range Ucut, K_full (Int.ofNat k.succ)
⊢ K_full_raw (H + (H + 99) / 100) 0 = (↑H + ↑((H + 99) / 100))⁻¹
info: Goldbach/BG_Identity.lean:1028:6: Try this:
  [apply] ring_nf
  
  The `ring` tactic failed to close the goal. Use `ring_nf` to obtain a normal form.
    
  Note that `ring` works primarily in *commutative* rings. If you have a noncommutative ring, abelian group or module, consider using `noncomm_ring`, `abel` or `module` instead.
error: Goldbach/BG_Identity.lean:1022:13: unsolved goals
hsplit : ∑ k ∈ bandU, K_full k = K_full 0 + 2 * ∑ k ∈ Finset.range Ucut, K_full (Int.ofNat k.succ)
hpos_eval : ∑ k ∈ Finset.range Ucut, K_full (Int.ofNat k.succ) = (↑Ucut - 1) / 2
hUpos hUpos' : ↑Ucut ≠ 0
hUpos'' : 0 < ↑Ucut
⊢ 1 - ↑Ucut + ↑Ucut ^ 2 = ↑Ucut
warning: Goldbach/BG_Identity.lean:845:14: This simp argument is unused:
  bandU

Hint: Omit it from the simp argument list.
  simp ̵[̵b̵a̵n̵d̵U̵]̵

Note: This linter can be disabled with `set_option linter.unusedSimpArgs false`
warning: Goldbach/BG_Identity.lean:1004:14: This simp argument is unused:
  Finset.sum_mul

Hint: Omit it from the simp argument list.
  simp [F̵i̵n̵s̵e̵t̵.̵s̵u̵m̵_̵m̵u̵l̵,̵ ̵hUpos']

Note: This linter can be disabled with `set_option linter.unusedSimpArgs false`
warning: Goldbach/BG_Identity.lean:1004:30: This simp argument is unused:
  hUpos'

Hint: Omit it from the simp argument list.
  simp [Finset.sum_mul,̵ ̵h̵U̵p̵o̵s̵'̵]

Note: This linter can be disabled with `set_option linter.unusedSimpArgs false`
warning: Goldbach/BG_Identity.lean:1007:43: This simp argument is unused:
  Finset.sum_div

Hint: Omit it from the simp argument list.
  simp only [Finset.sum_sub_distrib, F̵i̵n̵s̵e̵t̵.̵s̵u̵m̵_̵d̵i̵v̵,̵ ̵hsum1, hsumk]

Note: This linter can be disabled with `set_option linter.unusedSimpArgs false`
warning: Goldbach/BG_Identity.lean:1007:66: This simp argument is unused:
  hsumk

Hint: Omit it from the simp argument list.
  simp only [Finset.sum_sub_distrib, Finset.sum_div, hsum1,̵ ̵h̵s̵u̵m̵k̵]

Note: This linter can be disabled with `set_option linter.unusedSimpArgs false`
error: Goldbach/BG_Identity.lean:1043:27: Invalid argument name `bandU` for function `sum_bandU`
error: Goldbach/BG_Identity.lean:1066:30: unsolved goals
Kadm : BG.AdmissibleKernel Ucut
⊢ 0 ∈ BG_Bank.S_BG
warning: Goldbach/BG_Identity.lean:1083:5: unused variable `h`

Note: This linter can be disabled with `set_option linter.unusedVariables false`
error: Goldbach/BG_Identity.lean:1102:53: Type mismatch: After simplification, term
  hk
 has type
  k ∈ BG_Bank.S_BG
but is expected to have type
  -↑H ≤ k ∧ k ≤ ↑H
error: Goldbach/BG_Identity.lean:1107:6: Tactic `simp` failed with a nested error:
maximum recursion depth has been reached
use `set_option maxRecDepth <num>` to increase limit
use `set_option diagnostics true` to get diagnostic information
warning: Goldbach/BG_Identity.lean:1127:54: try 'simp' instead of 'simpa'

Note: This linter can be disabled with `set_option linter.unnecessarySimpa false`
error: Goldbach/BG_Identity.lean:1142:14: Type mismatch: After simplification, term
  Finset.mem_Icc.mpr hkIcc_pair
 has type
  -↑H ≤ k ∧ k ≤ ↑H
but is expected to have type
  k ∈ BG_Bank.S_BG
error: Goldbach/BG_Identity.lean:1144:53: Type mismatch: After simplification, term
  hk
 has type
  k ∈ BG_Bank.S_BG
but is expected to have type
  -↑H ≤ k ∧ k ≤ ↑H
warning: Goldbach/BG_Identity.lean:1147:6: try 'simp' instead of 'simpa'

Note: This linter can be disabled with `set_option linter.unnecessarySimpa false`
error: Goldbach/BG_Identity.lean:1182:55: linarith failed to find a contradiction
case h
hinner_eq : innerBand = Finset.Icc (-↑H) ↑H
z : ℤ
hz : z ∈ (Finset.Icc (-↑H) ↑H).erase 0
hzIcc : z ∈ Finset.Icc (-↑H) ↑H
hz0 : z ≠ 0
this : -↑H ≤ z ∧ z ≤ ↑H
hle : z ≤ ↑H
hneg : -↑H ≤ z
a✝ : ↑H < ↑z.natAbs
⊢ False
failed
error: Goldbach/BG_Identity.lean:1190:33: Function expected at
  Int.natAbs_eq_zero
but this term has type
  Int.natAbs ?m.243 = 0 ↔ ?m.243 = 0

Note: Expected a function because this term is being applied to the argument
  hzabs0
error: Goldbach/BG_Identity.lean:1193:17: Invalid `⟨...⟩` notation: The expected type
  z.natAbs - 1 < H ∧ z = Int.ofNat (z.natAbs - 1).succ ∨ z = -Int.ofNat (z.natAbs - 1).succ
has more than one constructor

Note: This notation can only be used when the expected type is an inductive type with a single constructor
error: Goldbach/BG_Identity.lean:1194:10: No goals to be solved
error: Goldbach/BG_Identity.lean:1172:6: unsolved goals
case h.mp.inl
hinner_eq : innerBand = Finset.Icc (-↑H) ↑H
k : ℕ
hkpos : k < H
hz : Int.ofNat k.succ ∈ (Finset.Icc (-↑H) ↑H).erase 0
hzIcc : Int.ofNat k.succ ∈ Finset.Icc (-↑H) ↑H
hz0 : Int.ofNat k.succ ≠ 0
hzAbs : (Int.ofNat k.succ).natAbs ≤ H
⊢ Int.ofNat k.succ ∈
    Finset.map { toFun := fun k => ↑k.succ, inj' := ⋯ } (Finset.range H) ∪
      Finset.map { toFun := fun k => -↑k.succ, inj' := ⋯ } (Finset.range H)

case h.mp.inr
hinner_eq : innerBand = Finset.Icc (-↑H) ↑H
z : ℤ
hz : z ∈ (Finset.Icc (-↑H) ↑H).erase 0
hzIcc : z ∈ Finset.Icc (-↑H) ↑H
hz0 : z ≠ 0
hzAbs : z.natAbs ≤ H
k : ℕ
h✝ : z = -Int.ofNat k.succ
⊢ z ∈
    Finset.map { toFun := fun k => ↑k.succ, inj' := ⋯ } (Finset.range H) ∪
      Finset.map { toFun := fun k => -↑k.succ, inj' := ⋯ } (Finset.range H)
error: Goldbach/BG_Identity.lean:1215:44: Type mismatch: After simplification, term
  hzpos
 has type
  True
but is expected to have type
  0 < z
error: Goldbach/BG_Identity.lean:1220:12: maximum recursion depth has been reached
use `set_option maxRecDepth <num>` to increase limit
use `set_option diagnostics true` to get diagnostic information
error: Goldbach/BG_Identity.lean:1225:51: Type mismatch: After simplification, term
  hzpos
 has type
  True
but is expected to have type
  0 < z
error: Goldbach/BG_Identity.lean:1236:12: Type mismatch: After simplification, term
  this
 has type
  ¬↑k + 1 = 0
but is expected to have type
  ¬z = 0
error: Goldbach/BG_Identity.lean:1241:12: maximum recursion depth has been reached
use `set_option maxRecDepth <num>` to increase limit
use `set_option diagnostics true` to get diagnostic information
error: Goldbach/BG_Identity.lean:1247:14: Type mismatch: After simplification, term
  neg_nonpos.mpr hle
 has type
  True
but is expected to have type
  z ≤ 0
error: Goldbach/BG_Identity.lean:1253:6: No goals to be solved
error: Goldbach/BG_Identity.lean:1165:137: unsolved goals
hinner_eq : innerBand = Finset.Icc (-↑H) ↑H
hband :
  (Finset.Icc (-↑H) ↑H).erase 0 =
    Finset.map { toFun := fun k => ↑k.succ, inj' := ⋯ } (Finset.range H) ∪
      Finset.map { toFun := fun k => -↑k.succ, inj' := ⋯ } (Finset.range H)
⊢ ∑ k ∈ innerBand, K_full k = K_full 0 + 2 * ∑ k ∈ Finset.range H, K_full (Int.ofNat k.succ)
error: Goldbach/BG_Identity.lean:1357:16: maximum recursion depth has been reached
use `set_option maxRecDepth <num>` to increase limit
use `set_option diagnostics true` to get diagnostic information
error: Goldbach/BG_Identity.lean:1374:18: maximum recursion depth has been reached
use `set_option maxRecDepth <num>` to increase limit
use `set_option diagnostics true` to get diagnostic information
error: Goldbach/BG_Identity.lean:1386:16: No goals to be solved
error: Goldbach/BG_Identity.lean:1398:4: maximum recursion depth has been reached
use `set_option maxRecDepth <num>` to increase limit
use `set_option diagnostics true` to get diagnostic information
error: Goldbach/BG_Identity.lean:1416:12: maximum recursion depth has been reached
use `set_option maxRecDepth <num>` to increase limit
use `set_option diagnostics true` to get diagnostic information
error: Goldbach/BG_Identity.lean:1422:12: maximum recursion depth has been reached
use `set_option maxRecDepth <num>` to increase limit
use `set_option diagnostics true` to get diagnostic information
error: Goldbach/BG_Identity.lean:1423:2: maximum recursion depth has been reached
use `set_option maxRecDepth <num>` to increase limit
use `set_option diagnostics true` to get diagnostic information
warning: Goldbach/BG_Identity.lean:1356:64: This simp argument is unused:
  mul_left_comm

Hint: Omit it from the simp argument list.
  simp [div_eq_mul_inv, mul_comm, mul_l̵e̵f̵t̵_̵c̵o̵m̵m̵,̵ ̵m̵u̵l̵_̵assoc]

Note: This linter can be disabled with `set_option linter.unusedSimpArgs false`
warning: Goldbach/BG_Identity.lean:1356:79: This simp argument is unused:
  mul_assoc

Hint: Omit it from the simp argument list.
  simp [div_eq_mul_inv, mul_comm, mul_left_comm,̵ ̵m̵u̵l̵_̵a̵s̵s̵o̵c̵]

Note: This linter can be disabled with `set_option linter.unusedSimpArgs false`
warning: Goldbach/BG_Identity.lean:1425:6: declaration uses 'sorry'
error: Goldbach/BG_Identity.lean:1471:21: maximum recursion depth has been reached
use `set_option maxRecDepth <num>` to increase limit
use `set_option diagnostics true` to get diagnostic information
warning: Goldbach/BG_Identity.lean:1499:28: unused variable `X`

Note: This linter can be disabled with `set_option linter.unusedVariables false`
warning: Goldbach/BG_Identity.lean:1499:30: unused variable `N`

Note: This linter can be disabled with `set_option linter.unusedVariables false`
warning: Goldbach/BG_Identity.lean:1500:28: unused variable `X`

Note: This linter can be disabled with `set_option linter.unusedVariables false`
warning: Goldbach/BG_Identity.lean:1500:30: unused variable `N`

Note: This linter can be disabled with `set_option linter.unusedVariables false`
error: Goldbach/BG_Identity.lean:1526:21: maximum recursion depth has been reached
use `set_option maxRecDepth <num>` to increase limit
use `set_option diagnostics true` to get diagnostic information
error: Goldbach/BG_Identity.lean:1625:0: Unexpected name `BG_Identity` after `end`: The current section is unnamed

Hint: Delete the name `BG_Identity` to end the current unnamed scope; outer named scopes can then be closed using additional `end` command(s):
  end ̵B̵G̵_̵I̵d̵e̵n̵t̵i̵t̵y̵
error: Goldbach/BG_Identity.lean:1626:0: Unexpected name `Goldbach` after `end`: The current section is unnamed

Hint: Delete the name `Goldbach` to end the current unnamed scope; outer named scopes can then be closed using additional `end` command(s):
  end ̵G̵o̵l̵d̵b̵a̵c̵h̵
error: Lean exited with code 1
Some required targets logged failures:
- Goldbach.BG_Identity
error: build failed
⚠ [7587/7623] Replayed Goldbach.Compat
warning: Goldbach/Compat.lean:18:2: try 'simp' instead of 'simpa'

Note: This linter can be disabled with `set_option linter.unnecessarySimpa false`
warning: Goldbach/Compat.lean:24:40: unused variable `hb`

Note: This linter can be disabled with `set_option linter.unusedVariables false`
warning: Goldbach/Compat.lean:50:4: try 'simp' instead of 'simpa'

Note: This linter can be disabled with `set_option linter.unnecessarySimpa false`
⚠ [7589/7623] Replayed Goldbach.Windows
warning: Goldbach/Windows.lean:63:4: try 'simp' instead of 'simpa'

Note: This linter can be disabled with `set_option linter.unnecessarySimpa false`
warning: Goldbach/Windows.lean:68:2: try 'simp' instead of 'simpa'

Note: This linter can be disabled with `set_option linter.unnecessarySimpa false`
warning: Goldbach/Windows.lean:68:38: this tactic is never executed

Note: This linter can be disabled with `set_option linter.unreachableTactic false`
warning: Goldbach/Windows.lean:68:38: 'simpa using hmap' tactic does nothing

Note: This linter can be disabled with `set_option linter.unusedTactic false`
⚠ [7591/7623] Replayed Goldbach.Base.FiniteBaseDefs
warning: Goldbach/Base/FiniteBaseDefs.lean:41:17: unused variable `ha`

Note: This linter can be disabled with `set_option linter.unusedVariables false`
warning: Goldbach/Base/FiniteBaseDefs.lean:41:45: unused variable `hc`

Note: This linter can be disabled with `set_option linter.unusedVariables false`
warning: Goldbach/Base/FiniteBaseDefs.lean:42:5: unused variable `hab`

Note: This linter can be disabled with `set_option linter.unusedVariables false`
warning: Goldbach/Base/FiniteBaseDefs.lean:42:19: unused variable `hbc`

Note: This linter can be disabled with `set_option linter.unusedVariables false`
⚠ [7592/7623] Replayed Goldbach.ClosureBridge
warning: Goldbach/ClosureBridge.lean:42:41: try 'simp' instead of 'simpa'

Note: This linter can be disabled with `set_option linter.unnecessarySimpa false`
⚠ [7599/7623] Replayed Goldbach.AO_AssembleEnvelope
warning: Goldbach/AO_AssembleEnvelope.lean:67:20: try 'simp' instead of 'simpa'

Note: This linter can be disabled with `set_option linter.unnecessarySimpa false`
⚠ [7601/7623] Replayed Goldbach.AO_Major
warning: Goldbach/AO_Major.lean:21:13: unused variable `hX`

Note: This linter can be disabled with `set_option linter.unusedVariables false`
warning: Goldbach/AO_Major.lean:21:35: unused variable `hN`

Note: This linter can be disabled with `set_option linter.unusedVariables false`
warning: Goldbach/AO_Major.lean:25:24: This simp argument is unused:
  add_assoc

Hint: Omit it from the simp argument list.
  simp [Goldbach.AO_Major.errAO, Goldbach.AO_Major.weight_mass, Goldbach.AO_Core.errAO,
       ̵ ̵ ̵ ̵sub_eq_add_neg, add_a̵s̵s̵o̵c̵,̵ ̵a̵d̵d̵_̵left_comm, add_comm, mul_assoc]

Note: This linter can be disabled with `set_option linter.unusedSimpArgs false`
warning: Goldbach/AO_Major.lean:25:60: This simp argument is unused:
  mul_assoc

Hint: Omit it from the simp argument list.
  simp [Goldbach.AO_Major.errAO, Goldbach.AO_Major.weight_mass, Goldbach.AO_Core.errAO,
       ̵ ̵ ̵ ̵sub_eq_add_neg, add_assoc, add_left_comm, add_comm,̵ ̵m̵u̵l̵_̵a̵s̵s̵o̵c̵]

Note: This linter can be disabled with `set_option linter.unusedSimpArgs false`
warning: Goldbach/AO_Major.lean:46:5: unused variable `h`

Note: This linter can be disabled with `set_option linter.unusedVariables false`
warning: Goldbach/AO_Major.lean:58:24: This simp argument is unused:
  dif_pos

Hint: Omit it from the simp argument list.
  simp only [MPDF, win, d̵i̵f̵_̵p̵o̵s̵,̵ ̵mul_div_assoc']

Note: This linter can be disabled with `set_option linter.unusedSimpArgs false`
warning: Goldbach/AO_Major.lean:58:33: This simp argument is unused:
  mul_div_assoc'

Hint: Omit it from the simp argument list.
  simp only [MPDF, win, dif_pos,̵ ̵m̵u̵l̵_̵d̵i̵v̵_̵a̵s̵s̵o̵c̵'̵]

Note: This linter can be disabled with `set_option linter.unusedSimpArgs false`
warning: Goldbach/AO_Major.lean:81:69: try 'simp' instead of 'simpa'

Note: This linter can be disabled with `set_option linter.unnecessarySimpa false`
warning: Goldbach/AO_Major.lean:82:68: try 'simp' instead of 'simpa'

Note: This linter can be disabled with `set_option linter.unnecessarySimpa false`
warning: Goldbach/AO_Major.lean:83:68: try 'simp' instead of 'simpa'

Note: This linter can be disabled with `set_option linter.unnecessarySimpa false`
warning: Goldbach/AO_Major.lean:85:90: This simp argument is unused:
  add_assoc

Hint: Omit it from the simp argument list.
  simp [sub_eq_add_neg,̵ ̵a̵d̵d̵_̵a̵s̵s̵o̵c̵]

Note: This linter can be disabled with `set_option linter.unusedSimpArgs false`
warning: Goldbach/AO_Major.lean:101:24: This simp argument is unused:
  dif_pos

Hint: Omit it from the simp argument list.
  simp only [MPDF, win,̵ ̵d̵i̵f̵_̵p̵o̵s̵]

Note: This linter can be disabled with `set_option linter.unusedSimpArgs false`
⚠ [7602/7623] Replayed Goldbach.BG_Bank
warning: Goldbach/BG_Bank.lean:13:25: unused variable `n`

Note: This linter can be disabled with `set_option linter.unusedVariables false`
warning: Goldbach/BG_Bank.lean:75:4: try 'simp' instead of 'simpa'

Note: This linter can be disabled with `set_option linter.unnecessarySimpa false`
warning: Goldbach/BG_Bank.lean:75:25: this tactic is never executed

Note: This linter can be disabled with `set_option linter.unreachableTactic false`
warning: Goldbach/BG_Bank.lean:75:25: 'decide' tactic does nothing

Note: This linter can be disabled with `set_option linter.unusedTactic false`
warning: Goldbach/BG_Bank.lean:288:14: try 'simp' instead of 'simpa'

Note: This linter can be disabled with `set_option linter.unnecessarySimpa false`
warning: Goldbach/BG_Bank.lean:188:42: This simp argument is unused:
  Nat.cast_sub hn_le

Hint: Omit it from the simp argument list.
  simp only [Nat.cast_succ,̵ ̵N̵a̵t̵.̵c̵a̵s̵t̵_̵s̵u̵b̵ ̵h̵n̵_̵l̵e̵]

Note: This linter can be disabled with `set_option linter.unusedSimpArgs false`
warning: Goldbach/BG_Bank.lean:194:24: This simp argument is unused:
  abs_of_nonneg hlog_Nm_nn

Hint: Omit it from the simp argument list.
  simp [hp,̵ ̵a̵b̵s̵_̵o̵f̵_̵n̵o̵n̵n̵e̵g̵ ̵h̵l̵o̵g̵_̵N̵m̵_̵n̵n̵]

Note: This linter can be disabled with `set_option linter.unusedSimpArgs false`
warning: Goldbach/BG_Bank.lean:202:24: This simp argument is unused:
  abs_of_nonneg hlog_Np1_nn

Hint: Omit it from the simp argument list.
  simp [hp,̵ ̵a̵b̵s̵_̵o̵f̵_̵n̵o̵n̵n̵e̵g̵ ̵h̵l̵o̵g̵_̵N̵p̵1̵_̵n̵n̵]

Note: This linter can be disabled with `set_option linter.unusedSimpArgs false`
warning: Goldbach/BG_Bank.lean:218:46: This simp argument is unused:
  mul_comm

Hint: Omit it from the simp argument list.
  simp [abs_mul, mul_assoc, m̵u̵l̵_̵c̵o̵m̵m̵,̵ ̵mul_left_comm]

Note: This linter can be disabled with `set_option linter.unusedSimpArgs false`
warning: Goldbach/BG_Bank.lean:326:20: This simp argument is unused:
  hlogXabs

Hint: Omit it from the simp argument list.
  simp [h̵l̵o̵g̵X̵a̵b̵s̵,̵ ̵mul_comm, mul_left_comm, mul_assoc]

Note: This linter can be disabled with `set_option linter.unusedSimpArgs false`
warning: Goldbach/BG_Bank.lean:326:30: This simp argument is unused:
  mul_comm

Hint: Omit it from the simp argument list.
  simp [hlogXabs, m̵u̵l̵_̵c̵o̵m̵m̵,̵ ̵mul_left_comm, mul_assoc]

Note: This linter can be disabled with `set_option linter.unusedSimpArgs false`
warning: Goldbach/BG_Bank.lean:403:14: try 'simp' instead of 'simpa'

Note: This linter can be disabled with `set_option linter.unnecessarySimpa false`
warning: Goldbach/BG_Bank.lean:405:14: try 'simp' instead of 'simpa'

Note: This linter can be disabled with `set_option linter.unnecessarySimpa false`
warning: Goldbach/BG_Bank.lean:407:40: This simp argument is unused:
  add_comm

Hint: Omit it from the simp argument list.
  simp [div_self, hlogX_ne, add_c̵o̵m̵m̵,̵ ̵a̵d̵d̵_̵left_comm, add_assoc]

Note: This linter can be disabled with `set_option linter.unusedSimpArgs false`
warning: Goldbach/BG_Bank.lean:407:50: This simp argument is unused:
  add_left_comm

Hint: Omit it from the simp argument list.
  simp [div_self, hlogX_ne, add_comm, a̵d̵d̵_̵l̵e̵f̵t̵_̵c̵o̵m̵m̵,̵ ̵add_assoc]

Note: This linter can be disabled with `set_option linter.unusedSimpArgs false`
warning: Goldbach/BG_Bank.lean:407:65: This simp argument is unused:
  add_assoc

Hint: Omit it from the simp argument list.
  simp [div_self, hlogX_ne, add_comm, add_left_comm,̵ ̵a̵d̵d̵_̵a̵s̵s̵o̵c̵]

Note: This linter can be disabled with `set_option linter.unusedSimpArgs false`
warning: Goldbach/BG_Bank.lean:547:63: try 'simp' instead of 'simpa'

Note: This linter can be disabled with `set_option linter.unnecessarySimpa false`
warning: Goldbach/BG_Bank.lean:550:47: This simp argument is unused:
  add_comm

Hint: Omit it from the simp argument list.
  simp [add_div, div_self, hlogX_ne, add_c̵o̵m̵m̵,̵ ̵a̵d̵d̵_̵left_comm, add_assoc]

Note: This linter can be disabled with `set_option linter.unusedSimpArgs false`
warning: Goldbach/BG_Bank.lean:550:57: This simp argument is unused:
  add_left_comm

Hint: Omit it from the simp argument list.
  simp [add_div, div_self, hlogX_ne, add_comm, a̵d̵d̵_̵l̵e̵f̵t̵_̵c̵o̵m̵m̵,̵ ̵add_assoc]

Note: This linter can be disabled with `set_option linter.unusedSimpArgs false`
warning: Goldbach/BG_Bank.lean:550:72: This simp argument is unused:
  add_assoc

Hint: Omit it from the simp argument list.
  simp [add_div, div_self, hlogX_ne, add_comm, add_left_comm,̵ ̵a̵d̵d̵_̵a̵s̵s̵o̵c̵]

Note: This linter can be disabled with `set_option linter.unusedSimpArgs false`
warning: Goldbach/BG_Bank.lean:559:56: This simp argument is unused:
  add_left_comm

Hint: Omit it from the simp argument list.
  simp [c, Nat.cast_add, Nat.cast_one, add_assoc, a̵d̵d̵_̵l̵e̵f̵t̵_̵c̵o̵m̵m̵,̵ ̵add_comm, add_div, div_self hX0_ne]

Note: This linter can be disabled with `set_option linter.unusedSimpArgs false`
⚠ [7603/7623] Replayed Goldbach.BG_Operator
warning: Goldbach/BG_Operator.lean:31:2: try 'simp' instead of 'simpa'

Note: This linter can be disabled with `set_option linter.unnecessarySimpa false`
warning: Goldbach/BG_Operator.lean:98:2: try 'simp' instead of 'simpa'

Note: This linter can be disabled with `set_option linter.unnecessarySimpa false`
⚠ [7605/7623] Replayed Goldbach.SingularSeries
warning: Goldbach/SingularSeries.lean:40:5: unused variable `h`

Note: This linter can be disabled with `set_option linter.unusedVariables false`
warning: Goldbach/SingularSeries.lean:88:8: `Finset.eq_empty_iff_forall_not_mem` has been deprecated: Use `Finset.eq_empty_iff_forall_notMem` instead
warning: Goldbach/SingularSeries.lean:98:4: try 'simp' instead of 'simpa'

Note: This linter can be disabled with `set_option linter.unnecessarySimpa false`
warning: Goldbach/SingularSeries.lean:99:28: this tactic is never executed

Note: This linter can be disabled with `set_option linter.unreachableTactic false`
warning: Goldbach/SingularSeries.lean:99:57: this tactic is never executed

Note: This linter can be disabled with `set_option linter.unreachableTactic false`
warning: Goldbach/SingularSeries.lean:99:28: 'decide' tactic does nothing

Note: This linter can be disabled with `set_option linter.unusedTactic false`
warning: Goldbach/SingularSeries.lean:99:57: 'decide' tactic does nothing

Note: This linter can be disabled with `set_option linter.unusedTactic false`
⚠ [7607/7623] Replayed Goldbach.PPNumerics
warning: Goldbach/PPNumerics.lean:24:42: try 'simp' instead of 'simpa'

Note: This linter can be disabled with `set_option linter.unnecessarySimpa false`
warning: Goldbach/PPNumerics.lean:27:6: try 'simp' instead of 'simpa'

Note: This linter can be disabled with `set_option linter.unnecessarySimpa false`
⚠ [7608/7623] Replayed Goldbach.PPBoundSquares
warning: Goldbach/PPBoundSquares.lean:41:8: try 'simp' instead of 'simpa'

Note: This linter can be disabled with `set_option linter.unnecessarySimpa false`
warning: Goldbach/PPBoundSquares.lean:228:10: try 'simp' instead of 'simpa'

Note: This linter can be disabled with `set_option linter.unnecessarySimpa false`
⚠ [7610/7623] Replayed Goldbach.AnalyticGlobal
warning: Goldbach/AnalyticGlobal.lean:65:28: This simp argument is unused:
  one_div

Hint: Omit it from the simp argument list.
  simp [div_eq_mul_inv, o̵n̵e̵_̵d̵i̵v̵,̵ ̵mul_comm]

Note: This linter can be disabled with `set_option linter.unusedSimpArgs false`
warning: Goldbach/AnalyticGlobal.lean:68:30: This simp argument is unused:
  one_div

Hint: Omit it from the simp argument list.
  simp [div_eq_mul_inv, o̵n̵e̵_̵d̵i̵v̵,̵ ̵mul_comm]

Note: This linter can be disabled with `set_option linter.unusedSimpArgs false`
warning: Goldbach/AnalyticGlobal.lean:70:39: This simp argument is unused:
  mul_left_comm

Hint: Omit it from the simp argument list.
  simp [one_div, S_ne, mul_comm, mul_l̵e̵f̵t̵_̵c̵o̵m̵m̵,̵ ̵m̵u̵l̵_̵assoc]

Note: This linter can be disabled with `set_option linter.unusedSimpArgs false`
warning: Goldbach/AnalyticGlobal.lean:70:54: This simp argument is unused:
  mul_assoc

Hint: Omit it from the simp argument list.
  simp [one_div, S_ne, mul_comm, mul_left_comm,̵ ̵m̵u̵l̵_̵a̵s̵s̵o̵c̵]

Note: This linter can be disabled with `set_option linter.unusedSimpArgs false`
⚠ [7611/7623] Replayed Goldbach.BankPieces
warning: Goldbach/BankPieces.lean:15:63: `class ... :=` has been deprecated in favor of `class ... where`.

Note: This linter can be disabled with `set_option linter.deprecated false`
⚠ [7613/7623] Replayed Goldbach.Analytic.MajorBoundFromSigma
warning: Goldbach/Analytic/MajorBoundFromSigma.lean:21:75: `structure ... :=` has been deprecated in favor of `structure ... where`.

Note: This linter can be disabled with `set_option linter.deprecated false`
⚠ [7614/7623] Replayed Goldbach.Analytic.NumericSigma
warning: Goldbach/Analytic/NumericSigma.lean:23:32: unused variable `hX`

Note: This linter can be disabled with `set_option linter.unusedVariables false`
✖ [7620/7623] Building Goldbach.BG_Identity (49s)
trace: .> LEAN_PATH=/Users/benjaminnelson/Desktop/nerd shit/goldbach/builds/Goldbach/.lake/packages/Cli/.lake/build/lib/lean:/Users/benjaminnelson/Desktop/nerd shit/goldbach/builds/Goldbach/.lake/packages/batteries/.lake/build/lib/lean:/Users/benjaminnelson/Desktop/nerd shit/goldbach/builds/Goldbach/.lake/packages/Qq/.lake/build/lib/lean:/Users/benjaminnelson/Desktop/nerd shit/goldbach/builds/Goldbach/.lake/packages/aesop/.lake/build/lib/lean:/Users/benjaminnelson/Desktop/nerd shit/goldbach/builds/Goldbach/.lake/packages/proofwidgets/.lake/build/lib/lean:/Users/benjaminnelson/Desktop/nerd shit/goldbach/builds/Goldbach/.lake/packages/importGraph/.lake/build/lib/lean:/Users/benjaminnelson/Desktop/nerd shit/goldbach/builds/Goldbach/.lake/packages/LeanSearchClient/.lake/build/lib/lean:/Users/benjaminnelson/Desktop/nerd shit/goldbach/builds/Goldbach/.lake/packages/plausible/.lake/build/lib/lean:/Users/benjaminnelson/Desktop/nerd shit/goldbach/builds/Goldbach/.lake/packages/mathlib/.lake/build/lib/lean:/Users/benjaminnelson/Desktop/nerd shit/goldbach/builds/Goldbach/.lake/build/lib/lean /Users/benjaminnelson/.elan/toolchains/leanprover--lean4---v4.26.0-rc2/bin/lean /Users/benjaminnelson/Desktop/nerd shit/goldbach/builds/Goldbach/Goldbach/BG_Identity.lean -o /Users/benjaminnelson/Desktop/nerd shit/goldbach/builds/Goldbach/.lake/build/lib/lean/Goldbach/BG_Identity.olean -i /Users/benjaminnelson/Desktop/nerd shit/goldbach/builds/Goldbach/.lake/build/lib/lean/Goldbach/BG_Identity.ilean -c /Users/benjaminnelson/Desktop/nerd shit/goldbach/builds/Goldbach/.lake/build/ir/Goldbach/BG_Identity.c --setup /Users/benjaminnelson/Desktop/nerd shit/goldbach/builds/Goldbach/.lake/build/ir/Goldbach/BG_Identity.setup.json --json
warning: Goldbach/BG_Identity.lean:149:48: This simp argument is unused:
  add_comm

Hint: Omit it from the simp argument list.
  simp [Finset.sum_insert, hk, ih, mul_add, a̵d̵d̵_̵c̵o̵m̵m̵,̵ ̵add_left_comm, add_assoc, mul_comm, mul_left_comm,
  ̲  ̲ ̲ ̲ ̲ ̲ ̲ ̲mul_assoc]

Note: This linter can be disabled with `set_option linter.unusedSimpArgs false`
warning: Goldbach/BG_Identity.lean:149:58: This simp argument is unused:
  add_left_comm

Hint: Omit it from the simp argument list.
  simp [Finset.sum_insert, hk, ih, mul_add, add_comm, a̵d̵d̵_̵l̵e̵f̵t̵_̵c̵o̵m̵m̵,̵add_assoc, mul_comm, mul_left_comm,
  ̲  ̲ ̲ ̲ ̲ ̲ ̲ ̲mul_assoc]

Note: This linter can be disabled with `set_option linter.unusedSimpArgs false`
warning: Goldbach/BG_Identity.lean:150:12: This simp argument is unused:
  add_assoc

Hint: Omit it from the simp argument list.
  simp [Finset.sum_insert, hk, ih, mul_add, add_comm, add_left_comm, a̵d̵d̵_̵a̵s̵s̵o̵c̵,̵ ̵mul_comm, mul_left_comm,
  ̲  ̲ ̲ ̲ ̲ ̲ ̲ ̲mul_assoc]

Note: This linter can be disabled with `set_option linter.unusedSimpArgs false`
warning: Goldbach/BG_Identity.lean:150:23: This simp argument is unused:
  mul_comm

Hint: Omit it from the simp argument list.
  simp [Finset.sum_insert, hk, ih, mul_add, add_comm, add_left_comm, add_assoc, m̵u̵l̵_̵c̵o̵m̵m̵,̵ ̵mul_left_comm,
  ̲  ̲ ̲ ̲ ̲ ̲ ̲ ̲mul_assoc]

Note: This linter can be disabled with `set_option linter.unusedSimpArgs false`
warning: Goldbach/BG_Identity.lean:150:33: This simp argument is unused:
  mul_left_comm

Hint: Omit it from the simp argument list.
  simp [Finset.sum_insert, hk, ih, mul_add, add_comm, add_left_comm, add_assoc, mul_comm,
  ̲  ̲ ̲ ̲ ̲ ̲ ̲ ̲m̵u̵l̵_̵l̵e̵f̵t̵_̵c̵o̵m̵m̵,̵ ̵mul_assoc]

Note: This linter can be disabled with `set_option linter.unusedSimpArgs false`
warning: Goldbach/BG_Identity.lean:150:48: This simp argument is unused:
  mul_assoc

Hint: Omit it from the simp argument list.
  simp [Finset.sum_insert, hk, ih, mul_add, add_comm, add_left_comm, add_assoc, mul_comm,
  ̲  ̲ ̲ ̲ ̲ ̲ ̲ ̲m̵u̵l̵_̵l̵e̵f̵t̵_̵c̵o̵m̵m̵,̵ ̵m̵u̵l̵_̵a̵s̵s̵o̵c̵]̵m̲u̲l̲_̲l̲e̲f̲t̲_̲c̲o̲m̲m̲]̲

Note: This linter can be disabled with `set_option linter.unusedSimpArgs false`
error: Goldbach/BG_Identity.lean:197:76: unsolved goals
m : ℕ
hm : m ≤ Ucut
hnonneg : 0 ≤ 1 - ↑m / ↑Ucut
hmax : max (1 - ↑m / ↑Ucut) 0 = 1 - ↑m / ↑Ucut
⊢ max (1 - ↑m / (↑H + ↑((H + 99) / 100))) 0 / (↑H + ↑((H + 99) / 100)) =
    (1 - ↑m / (↑H + ↑((H + 99) / 100))) / (↑H + ↑((H + 99) / 100))
warning: Goldbach/BG_Identity.lean:204:12: This simp argument is unused:
  hU

Hint: Omit it from the simp argument list.
  simp [hU̵,̵ ̵h̵m0]

Note: This linter can be disabled with `set_option linter.unusedSimpArgs false`
warning: Goldbach/BG_Identity.lean:215:8: This simp argument is unused:
  hmax

Hint: Omit it from the simp argument list.
  simp ̵[̵h̵m̵a̵x̵]̵

Note: This linter can be disabled with `set_option linter.unusedSimpArgs false`
warning: Goldbach/BG_Identity.lean:241:10: This simp argument is unused:
  Finset.sum_insert

Hint: Omit it from the simp argument list.
  simp [̵F̵i̵n̵s̵e̵t̵.̵s̵u̵m̵_̵i̵n̵s̵e̵r̵t̵,̵ ̵h̵a̵,̵[̲h̲a̲,̲ ih, mul_add, add_comm, add_left_comm, add_assoc, mul_comm, mul_left_comm, mul_assoc]

Note: This linter can be disabled with `set_option linter.unusedSimpArgs false`
warning: Goldbach/BG_Identity.lean:241:33: This simp argument is unused:
  ih

Hint: Omit it from the simp argument list.
  simp [Finset.sum_insert, ha, i̵h̵,̵ ̵mul_add, add_comm, add_left_comm,
  ̵  ̵ ̵ ̵ ̵ ̵ ̵ ̵ ̵ ̵add_assoc, mul_comm,
  ̲  ̲ ̲ ̲ ̲ ̲mul_left_comm, mul_assoc]

Note: This linter can be disabled with `set_option linter.unusedSimpArgs false`
warning: Goldbach/BG_Identity.lean:241:56: This simp argument is unused:
  add_left_comm

Hint: Omit it from the simp argument list.
  simp [Finset.sum_insert, ha, ih, mul_add, add_comm, a̵d̵d̵_̵l̵e̵f̵t̵_̵c̵o̵m̵m̵,̵add_assoc, mul_comm, mul_left_comm,
  ̲  ̲ ̲ ̲ ̲ ̲mul_assoc]

Note: This linter can be disabled with `set_option linter.unusedSimpArgs false`
warning: Goldbach/BG_Identity.lean:242:10: This simp argument is unused:
  add_assoc

Hint: Omit it from the simp argument list.
  simp [Finset.sum_insert, ha, ih, mul_add, add_comm, add_left_comm, a̵d̵d̵_̵a̵s̵s̵o̵c̵,̵ ̵mul_comm, mul_left_comm,
  ̲  ̲ ̲ ̲ ̲ ̲mul_assoc]

Note: This linter can be disabled with `set_option linter.unusedSimpArgs false`
warning: Goldbach/BG_Identity.lean:242:31: This simp argument is unused:
  mul_left_comm

Hint: Omit it from the simp argument list.
  simp [Finset.sum_insert, ha, ih, mul_add, add_comm, add_left_comm, add_assoc, mul_comm,
  ̲  ̲ ̲ ̲ ̲ ̲m̵u̵l̵_̵l̵e̵f̵t̵_̵c̵o̵m̵m̵,̵ ̵mul_assoc]

Note: This linter can be disabled with `set_option linter.unusedSimpArgs false`
warning: Goldbach/BG_Identity.lean:242:46: This simp argument is unused:
  mul_assoc

Hint: Omit it from the simp argument list.
  simp [Finset.sum_insert, ha, ih, mul_add, add_comm, add_left_comm, add_assoc, mul_comm,
  ̲  ̲ ̲ ̲ ̲ ̲m̵u̵l̵_̵l̵e̵f̵t̵_̵c̵o̵m̵m̵,̵ ̵m̵u̵l̵_̵a̵s̵s̵o̵c̵]̵m̲u̲l̲_̲l̲e̲f̲t̲_̲c̲o̲m̲m̲]̲

Note: This linter can be disabled with `set_option linter.unusedSimpArgs false`
error: Goldbach/BG_Identity.lean:266:6: Type mismatch: After simplification, term
  this
 has type
  True
but is expected to have type
  ↑n + 2 = ↑n + 1 + 1 ∨ ↑n + 1 = 0
error: Goldbach/BG_Identity.lean:267:4: Tactic `assumption` failed

case succ
n : ℕ
ih : ∑ k ∈ Finset.range n, ↑k.succ = ↑n * (↑n + 1) / 2
h : ∑ x ∈ Finset.range (n + 1), ↑x.succ = ∑ x ∈ Finset.range n, ↑x.succ + ↑n.succ
h' : ∑ k ∈ Finset.range n.succ, ↑k.succ = ∑ k ∈ Finset.range n, ↑k.succ + ↑n.succ
h'' : ↑n * (↑n + 1) / 2 + ↑n.succ = ↑n.succ * (↑n.succ + 1) / 2
⊢ ∑ x ∈ Finset.range (n + 1), (↑x + 1) = (↑n + 1) * (↑n + 1 + 1) / 2
warning: Goldbach/BG_Identity.lean:363:6: declaration uses 'sorry'
warning: Goldbach/BG_Identity.lean:392:23: This simp argument is unused:
  Int.ofNat_sub hHN

Hint: Omit it from the simp argument list.
  simp only [̵I̵n̵t̵.̵o̵f̵N̵a̵t̵_̵s̵u̵b̵ ̵h̵H̵N̵]̵ ̵at hZint

Note: This linter can be disabled with `set_option linter.unusedSimpArgs false`
warning: Goldbach/BG_Identity.lean:457:4: try 'simp' instead of 'simpa'

Note: This linter can be disabled with `set_option linter.unnecessarySimpa false`
warning: Goldbach/BG_Identity.lean:480:25: try 'simp' instead of 'simpa'

Note: This linter can be disabled with `set_option linter.unnecessarySimpa false`
warning: Goldbach/BG_Identity.lean:523:6: declaration uses 'sorry'
warning: Goldbach/BG_Identity.lean:560:15: unused variable `hX`

Note: This linter can be disabled with `set_option linter.unusedVariables false`
warning: Goldbach/BG_Identity.lean:561:5: unused variable `hN`

Note: This linter can be disabled with `set_option linter.unusedVariables false`
warning: Goldbach/BG_Identity.lean:593:5: unused variable `hk`

Note: This linter can be disabled with `set_option linter.unusedVariables false`
warning: Goldbach/BG_Identity.lean:618:28: This simp argument is unused:
  hUpos.ne'

Hint: Omit it from the simp argument list.
  s̵i̵m̵p̵ ̵[̵K̵_̵f̵u̵l̵l̵,̵ ̵K̵_̵f̵u̵l̵l̵_̵r̵a̵w̵,̵ ̵h̵U̵p̵o̵s̵.̵n̵e̵'̵]̵ ̵a̵t̵ ̵*̵s̲i̲m̲p̲ ̲[̲K̲_̲f̲u̲l̲l̲,̲
  ̲ ̲ ̲ ̲ ̲K̲_̲f̲u̲l̲l̲_̲r̲a̲w̲]̲ ̲a̲t̲ ̲*̲
  ̲ ̲ ̲ ̲ ̲ ̲ ̲-̲-̲ ̲a̲f̲t̲e̲r̲ ̲s̲i̲m̲p̲,̲ ̲g̲o̲a̲l̲ ̲b̲e̲c̲o̲m̲e̲s̲ ̲`̲0̲ ̲<̲ ̲1̲ ̲/̲ ̲(̲U̲c̲u̲t̲:̲ℝ̲)̲`̲
  ̲ ̲ ̲ ̲ ̲ ̲ ̲

Note: This linter can be disabled with `set_option linter.unusedSimpArgs false`
warning: Goldbach/BG_Identity.lean:643:5: unused variable `h`

Note: This linter can be disabled with `set_option linter.unusedVariables false`
warning: Goldbach/BG_Identity.lean:650:5: unused variable `h`

Note: This linter can be disabled with `set_option linter.unusedVariables false`
warning: Goldbach/BG_Identity.lean:666:25: unused variable `X`

Note: This linter can be disabled with `set_option linter.unusedVariables false`
warning: Goldbach/BG_Identity.lean:666:27: unused variable `N`

Note: This linter can be disabled with `set_option linter.unusedVariables false`
warning: Goldbach/BG_Identity.lean:690:5: unused variable `h`

Note: This linter can be disabled with `set_option linter.unusedVariables false`
error: Goldbach/BG_Identity.lean:704:10: Unknown identifier `Kernel.conv_ref_const_eq_sigma_mass_of`
warning: Goldbach/BG_Identity.lean:719:8: try 'simp' instead of 'simpa'

Note: This linter can be disabled with `set_option linter.unnecessarySimpa false`
warning: Goldbach/BG_Identity.lean:747:34: unused variable `hk`

Note: This linter can be disabled with `set_option linter.unusedVariables false`
warning: Goldbach/BG_Identity.lean:751:35: unused variable `hk`

Note: This linter can be disabled with `set_option linter.unusedVariables false`
error: Goldbach/BG_Identity.lean:808:20: failed to synthesize
  HMul (ℕ → ℝ) ℝ ?m.11

Hint: Additional diagnostic information may be available using the `set_option diagnostics true` command.
error: Goldbach/BG_Identity.lean:816:20: typeclass instance problem is stuck
  HMul (ℕ → ℝ) ?m.14 ℝ

Note: Lean will not try to resolve this typeclass instance problem because the second type argument to `HMul` is a metavariable. This argument must be fully determined before Lean will try to resolve the typeclass.

Hint: Adding type annotations and supplying implicit arguments to functions can give Lean more information for typeclass resolution. For example, if you have a variable `x` that you intend to be a `Nat`, but Lean reports it as having an unresolved type like `?m`, replacing `x` with `(x : Nat)` can get typeclass resolution un-stuck.
error: Goldbach/BG_Identity.lean:826:60: unsolved goals
⊢ False
error: Goldbach/BG_Identity.lean:844:58: unsolved goals
⊢ -((↑H + 99) / 100) ≤ ↑H ∧ 0 ≤ ↑H + (↑H + 99) / 100
error: Goldbach/BG_Identity.lean:866:26: Unknown constant `Int.natAbs_eq_ofNat_abs`
error: Goldbach/BG_Identity.lean:872:12: linarith failed to find a contradiction
case h
h0 : 0 ∈ bandU
z : ℤ
hz : z ∈ bandU.erase 0
hzIcc : z ∈ Finset.Icc (-↑Ucut) ↑Ucut
hz0 : z ≠ 0
this : -↑Ucut ≤ z ∧ z ≤ ↑Ucut
hle : z ≤ ↑Ucut
hneg : -↑Ucut ≤ z
hz' : ↑z.natAbs = max (-z) z
a✝ : ↑Ucut < ↑z.natAbs
⊢ False
failed
error: Goldbach/BG_Identity.lean:880:59: mod_cast has type
  ?m.225 = ?m.225
but is expected to have type
  z.natAbs = 0
error: Goldbach/BG_Identity.lean:884:12: Type mismatch
  hzabs0
has type
  z.natAbs = 0
but is expected to have type
  z.natAbs ≠ 0
error: Goldbach/BG_Identity.lean:886:17: Invalid `⟨...⟩` notation: The expected type
  z.natAbs - 1 < Ucut ∧ z = Int.ofNat (z.natAbs - 1).succ ∨ z = -Int.ofNat (z.natAbs - 1).succ
has more than one constructor

Note: This notation can only be used when the expected type is an inductive type with a single constructor
error: Goldbach/BG_Identity.lean:887:10: No goals to be solved
error: Goldbach/BG_Identity.lean:900:69: Application type mismatch: The argument
  hkpos
has type
  k < Ucut
but is expected to have type
  k ∈ Finset.range Ucut
in the application
  And.intro hkpos
error: Goldbach/BG_Identity.lean:855:6: unsolved goals
case h.mp.inr
h0 : 0 ∈ bandU
z : ℤ
hz : z ∈ bandU.erase 0
hzIcc : z ∈ Finset.Icc (-↑Ucut) ↑Ucut
hz0 : z ≠ 0
hzAbs : z.natAbs ≤ Ucut
k : ℕ
h✝ : z = -Int.ofNat k.succ
⊢ z ∈
    Finset.map { toFun := fun k => ↑k.succ, inj' := ⋯ } (Finset.range Ucut) ∪
      Finset.map { toFun := fun k => -↑k.succ, inj' := ⋯ } (Finset.range Ucut)
error: Goldbach/BG_Identity.lean:901:54: unsolved goals
h0 : 0 ∈ bandU
z : ℤ
⊢ K_full_raw (H + (H + 99) / 100) 0 = (↑H + ↑((H + 99) / 100))⁻¹
error: Goldbach/BG_Identity.lean:914:34: maximum recursion depth has been reached
use `set_option maxRecDepth <num>` to increase limit
use `set_option diagnostics true` to get diagnostic information
error: Goldbach/BG_Identity.lean:915:28: Type mismatch
  hk
has type
  k ∈ Finset.map { toFun := fun k => ↑k.succ, inj' := ⋯ } (Finset.range Ucut)
but is expected to have type
  ∀ (a₂ : ℤ) (ha₂ : a₂ ∈ Finset.map { toFun := fun k => ↑k.succ, inj' := ⋯ } (Finset.range Ucut)),
    (fun k hk => k) k hk = (fun k hk => k) a₂ ha₂ → k = a₂
error: Goldbach/BG_Identity.lean:916:14: unsolved goals
case heq
h0 : 0 ∈ bandU
z : ℤ
h0val : K_full 0 = 1 / ↑Ucut
k : ℤ
hk : k ∈ Finset.map { toFun := fun k => -↑k.succ, inj' := ⋯ } (Finset.range Ucut)
⊢ ∃ a < H + (H + 99) / 100, ↑a + 1 = k
error: Goldbach/BG_Identity.lean:917:28: Type mismatch
  hk
has type
  k ∈ Finset.map { toFun := fun k => ↑k.succ, inj' := ⋯ } (Finset.range Ucut)
but is expected to have type
  K_full k = K_full ((fun k hk => k) k hk)
error: Goldbach/BG_Identity.lean:934:68: Type mismatch: After simplification, term
  hbEq
 has type
  -1 + -↑b' = ↑a' + 1
but is expected to have type
  ↑a' + 1 = -1 + -↑b'
error: Goldbach/BG_Identity.lean:935:16: linarith failed to find a contradiction
h0 : 0 ∈ bandU
z : ℤ
h0val : K_full 0 = 1 / ↑Ucut
hpair :
  ∑ k ∈ Finset.map { toFun := fun k => ↑k.succ, inj' := ⋯ } (Finset.range Ucut), K_full k =
    ∑ k ∈ Finset.map { toFun := fun k => -↑k.succ, inj' := ⋯ } (Finset.range Ucut), K_full k
a' : ℕ
ha' : a' ∈ Finset.range Ucut
ha :
  { toFun := fun k => ↑k.succ, inj' := ⋯ } a' ∈ Finset.map { toFun := fun k => ↑k.succ, inj' := ⋯ } (Finset.range Ucut)
hb :
  { toFun := fun k => ↑k.succ, inj' := ⋯ } a' ∈ Finset.map { toFun := fun k => -↑k.succ, inj' := ⋯ } (Finset.range Ucut)
b' : ℕ
hb' : b' ∈ Finset.range Ucut
hbEq : { toFun := fun k => -↑k.succ, inj' := ⋯ } b' = { toFun := fun k => ↑k.succ, inj' := ⋯ } a'
hbPos : ↑b'.succ ≠ 0
this : ↑a'.succ = -↑b'.succ
⊢ False
failed
error: Goldbach/BG_Identity.lean:952:92: Unknown identifier `hpos`
error: Goldbach/BG_Identity.lean:954:6: 'calc' expression has type
  ∑ k ∈ bandU, K_full k = K_full 0 + 2 * ∑ k ∈ Finset.range Ucut, K_full (Int.ofNat k.succ)
but is expected to have type
  z ∈
      Finset.map { toFun := fun k => ↑k.succ, inj' := ⋯ } (Finset.range Ucut) ∪
        Finset.map { toFun := fun k => -↑k.succ, inj' := ⋯ } (Finset.range Ucut) →
    z ∈ bandU.erase 0
error: Goldbach/BG_Identity.lean:841:93: unsolved goals
h0 : 0 ∈ bandU
hpos :
  bandU.erase 0 =
    Finset.map { toFun := fun k => ↑k.succ, inj' := ⋯ } (Finset.range Ucut) ∪
      Finset.map { toFun := fun k => -↑k.succ, inj' := ⋯ } (Finset.range Ucut)
⊢ ∑ k ∈ bandU, K_full k = K_full 0 + 2 * ∑ k ∈ Finset.range Ucut, K_full (Int.ofNat k.succ)
error: Goldbach/BG_Identity.lean:957:22: maximum recursion depth has been reached
use `set_option maxRecDepth <num>` to increase limit
use `set_option diagnostics true` to get diagnostic information
warning: Goldbach/BG_Identity.lean:959:10: try 'simp' instead of 'simpa'

Note: This linter can be disabled with `set_option linter.unnecessarySimpa false`
warning: Goldbach/BG_Identity.lean:978:22: `Finset.range_succ` has been deprecated: Use `Finset.range_add_one` instead
error: Goldbach/BG_Identity.lean:976:72: unsolved goals
hsplit : ∑ k ∈ bandU, K_full k = K_full 0 + 2 * ∑ k ∈ Finset.range Ucut, K_full (Int.ofNat k.succ)
hsum1 : ∑ k ∈ Finset.range Ucut, 1 = ↑Ucut
this : ∑ i ∈ Finset.range Ucut.succ, i = Ucut.succ * (Ucut.succ - 1) / 2
⊢ H + (H + 99) / 100 + ∑ x ∈ Finset.range (H + (H + 99) / 100), x =
    ∑ x ∈ Finset.range (H + (H + 99) / 100), x + (H + (H + 99) / 100)
error: Goldbach/BG_Identity.lean:980:10: Type mismatch: After simplification, term
  Finset.sum_range_id
 has type
  ∀ (n : ℕ), ∑ i ∈ Finset.range n, i = n * (n - 1) / 2
but is expected to have type
  ∑ i ∈ Finset.range (H + (H + 99) / 100 + 1), i = (H + (H + 99) / 100 + 1) * (H + (H + 99) / 100) / 2
error: Goldbach/BG_Identity.lean:981:8: linarith failed to find a contradiction
case h1.h
hsplit : ∑ k ∈ bandU, K_full k = K_full 0 + 2 * ∑ k ∈ Finset.range Ucut, K_full (Int.ofNat k.succ)
hsum1 : ∑ k ∈ Finset.range Ucut, 1 = ↑Ucut
this : ∑ i ∈ Finset.range Ucut.succ, i = Ucut.succ * (Ucut.succ - 1) / 2
hrewrite : ∑ i ∈ Finset.range Ucut.succ, i = ∑ k ∈ Finset.range Ucut, k.succ
hs : ∑ i ∈ Finset.range Ucut.succ, i = Ucut.succ * Ucut / 2
a✝ : ∑ k ∈ Finset.range Ucut, k.succ < Ucut * (Ucut + 1) / 2
⊢ False
failed
error: Goldbach/BG_Identity.lean:983:6: maximum recursion depth has been reached
use `set_option maxRecDepth <num>` to increase limit
use `set_option diagnostics true` to get diagnostic information
error: Goldbach/BG_Identity.lean:990:16: maximum recursion depth has been reached
use `set_option maxRecDepth <num>` to increase limit
use `set_option diagnostics true` to get diagnostic information
error: Goldbach/BG_Identity.lean:1002:68: unsolved goals
hsplit : ∑ k ∈ bandU, K_full k = K_full 0 + 2 * ∑ k ∈ Finset.range Ucut, K_full (Int.ofNat k.succ)
hsum1 : ∑ k ∈ Finset.range Ucut, 1 = ↑Ucut
hsumk : ∑ k ∈ Finset.range Ucut, ↑k.succ = ↑Ucut * (↑Ucut + 1) / 2
hUpos : 0 < ↑Ucut
hUpos' : ↑Ucut ≠ 0
⊢ (↑H + ↑((H + 99) / 100) - ∑ x ∈ Finset.range (H + (H + 99) / 100), (↑x + 1) / (↑H + ↑((H + 99) / 100))) /
      (↑H + ↑((H + 99) / 100)) =
    (↑H + ↑((H + 99) / 100))⁻¹ *
      (↑H + ↑((H + 99) / 100) - ∑ x ∈ Finset.range (H + (H + 99) / 100), (↑x + 1) / (↑H + ↑((H + 99) / 100)))
info: Goldbach/BG_Identity.lean:1008:8: Try this:
  [apply] ring_nf
  
  The `ring` tactic failed to close the goal. Use `ring_nf` to obtain a normal form.
    
  Note that `ring` works primarily in *commutative* rings. If you have a noncommutative ring, abelian group or module, consider using `noncomm_ring`, `abel` or `module` instead.
error: Goldbach/BG_Identity.lean:1005:96: unsolved goals
hsplit : ∑ k ∈ bandU, K_full k = K_full 0 + 2 * ∑ k ∈ Finset.range Ucut, K_full (Int.ofNat k.succ)
hsum1 : ∑ k ∈ Finset.range Ucut, 1 = ↑Ucut
hsumk : ∑ k ∈ Finset.range Ucut, ↑k.succ = ↑Ucut * (↑Ucut + 1) / 2
hUpos : 0 < ↑Ucut
hUpos' : ↑Ucut ≠ 0
⊢ ↑Ucut * (↑Ucut)⁻¹ - (↑Ucut)⁻¹ * ∑ x ∈ Finset.range Ucut, (↑Ucut)⁻¹ * ↑x.succ =
    ↑Ucut * (↑Ucut)⁻¹ + ↑Ucut * (↑Ucut)⁻¹ ^ 2 * (-1 / 2) + ↑Ucut ^ 2 * (↑Ucut)⁻¹ ^ 2 * (-1 / 2)
info: Goldbach/BG_Identity.lean:1010:33: Try this:
  [apply] ring_nf
  
  The `ring` tactic failed to close the goal. Use `ring_nf` to obtain a normal form.
    
  Note that `ring` works primarily in *commutative* rings. If you have a noncommutative ring, abelian group or module, consider using `noncomm_ring`, `abel` or `module` instead.
error: Goldbach/BG_Identity.lean:1009:34: unsolved goals
hsplit : ∑ k ∈ bandU, K_full k = K_full 0 + 2 * ∑ k ∈ Finset.range Ucut, K_full (Int.ofNat k.succ)
hsum1 : ∑ k ∈ Finset.range Ucut, 1 = ↑Ucut
hsumk : ∑ k ∈ Finset.range Ucut, ↑k.succ = ↑Ucut * (↑Ucut + 1) / 2
hUpos : 0 < ↑Ucut
⊢ -1 + ↑Ucut = -↑Ucut + ↑Ucut ^ 2
error: Goldbach/BG_Identity.lean:1019:58: unsolved goals
hsplit : ∑ k ∈ bandU, K_full k = K_full 0 + 2 * ∑ k ∈ Finset.range Ucut, K_full (Int.ofNat k.succ)
hpos_eval : ∑ k ∈ Finset.range Ucut, K_full (Int.ofNat k.succ) = (↑Ucut - 1) / 2
hUpos : ↑Ucut ≠ 0
this : ∑ k ∈ bandU, K_full k = K_full 0 + 2 * ∑ k ∈ Finset.range Ucut, K_full (Int.ofNat k.succ)
⊢ K_full_raw (H + (H + 99) / 100) 0 = (↑H + ↑((H + 99) / 100))⁻¹
info: Goldbach/BG_Identity.lean:1028:6: Try this:
  [apply] ring_nf
  
  The `ring` tactic failed to close the goal. Use `ring_nf` to obtain a normal form.
    
  Note that `ring` works primarily in *commutative* rings. If you have a noncommutative ring, abelian group or module, consider using `noncomm_ring`, `abel` or `module` instead.
error: Goldbach/BG_Identity.lean:1022:13: unsolved goals
hsplit : ∑ k ∈ bandU, K_full k = K_full 0 + 2 * ∑ k ∈ Finset.range Ucut, K_full (Int.ofNat k.succ)
hpos_eval : ∑ k ∈ Finset.range Ucut, K_full (Int.ofNat k.succ) = (↑Ucut - 1) / 2
hUpos hUpos' : ↑Ucut ≠ 0
hUpos'' : 0 < ↑Ucut
⊢ 1 - ↑Ucut + ↑Ucut ^ 2 = ↑Ucut
warning: Goldbach/BG_Identity.lean:845:14: This simp argument is unused:
  bandU

Hint: Omit it from the simp argument list.
  simp ̵[̵b̵a̵n̵d̵U̵]̵

Note: This linter can be disabled with `set_option linter.unusedSimpArgs false`
warning: Goldbach/BG_Identity.lean:1004:14: This simp argument is unused:
  Finset.sum_mul

Hint: Omit it from the simp argument list.
  simp [F̵i̵n̵s̵e̵t̵.̵s̵u̵m̵_̵m̵u̵l̵,̵ ̵hUpos']

Note: This linter can be disabled with `set_option linter.unusedSimpArgs false`
warning: Goldbach/BG_Identity.lean:1004:30: This simp argument is unused:
  hUpos'

Hint: Omit it from the simp argument list.
  simp [Finset.sum_mul,̵ ̵h̵U̵p̵o̵s̵'̵]

Note: This linter can be disabled with `set_option linter.unusedSimpArgs false`
warning: Goldbach/BG_Identity.lean:1007:43: This simp argument is unused:
  Finset.sum_div

Hint: Omit it from the simp argument list.
  simp only [Finset.sum_sub_distrib, F̵i̵n̵s̵e̵t̵.̵s̵u̵m̵_̵d̵i̵v̵,̵ ̵hsum1, hsumk]

Note: This linter can be disabled with `set_option linter.unusedSimpArgs false`
warning: Goldbach/BG_Identity.lean:1007:66: This simp argument is unused:
  hsumk

Hint: Omit it from the simp argument list.
  simp only [Finset.sum_sub_distrib, Finset.sum_div, hsum1,̵ ̵h̵s̵u̵m̵k̵]

Note: This linter can be disabled with `set_option linter.unusedSimpArgs false`
error: Goldbach/BG_Identity.lean:1043:27: Invalid argument name `bandU` for function `sum_bandU`
error: Goldbach/BG_Identity.lean:1066:30: unsolved goals
Kadm : BG.AdmissibleKernel Ucut
⊢ 0 ∈ BG_Bank.S_BG
warning: Goldbach/BG_Identity.lean:1083:5: unused variable `h`

Note: This linter can be disabled with `set_option linter.unusedVariables false`
error: Goldbach/BG_Identity.lean:1102:53: Type mismatch: After simplification, term
  hk
 has type
  k ∈ BG_Bank.S_BG
but is expected to have type
  -↑H ≤ k ∧ k ≤ ↑H
error: Goldbach/BG_Identity.lean:1107:6: Tactic `simp` failed with a nested error:
maximum recursion depth has been reached
use `set_option maxRecDepth <num>` to increase limit
use `set_option diagnostics true` to get diagnostic information
warning: Goldbach/BG_Identity.lean:1127:54: try 'simp' instead of 'simpa'

Note: This linter can be disabled with `set_option linter.unnecessarySimpa false`
error: Goldbach/BG_Identity.lean:1142:14: Type mismatch: After simplification, term
  Finset.mem_Icc.mpr hkIcc_pair
 has type
  -↑H ≤ k ∧ k ≤ ↑H
but is expected to have type
  k ∈ BG_Bank.S_BG
error: Goldbach/BG_Identity.lean:1144:53: Type mismatch: After simplification, term
  hk
 has type
  k ∈ BG_Bank.S_BG
but is expected to have type
  -↑H ≤ k ∧ k ≤ ↑H
warning: Goldbach/BG_Identity.lean:1147:6: try 'simp' instead of 'simpa'

Note: This linter can be disabled with `set_option linter.unnecessarySimpa false`
error: Goldbach/BG_Identity.lean:1182:55: linarith failed to find a contradiction
case h
hinner_eq : innerBand = Finset.Icc (-↑H) ↑H
z : ℤ
hz : z ∈ (Finset.Icc (-↑H) ↑H).erase 0
hzIcc : z ∈ Finset.Icc (-↑H) ↑H
hz0 : z ≠ 0
this : -↑H ≤ z ∧ z ≤ ↑H
hle : z ≤ ↑H
hneg : -↑H ≤ z
a✝ : ↑H < ↑z.natAbs
⊢ False
failed
error: Goldbach/BG_Identity.lean:1190:33: Function expected at
  Int.natAbs_eq_zero
but this term has type
  Int.natAbs ?m.243 = 0 ↔ ?m.243 = 0

Note: Expected a function because this term is being applied to the argument
  hzabs0
error: Goldbach/BG_Identity.lean:1193:17: Invalid `⟨...⟩` notation: The expected type
  z.natAbs - 1 < H ∧ z = Int.ofNat (z.natAbs - 1).succ ∨ z = -Int.ofNat (z.natAbs - 1).succ
has more than one constructor

Note: This notation can only be used when the expected type is an inductive type with a single constructor
error: Goldbach/BG_Identity.lean:1194:10: No goals to be solved
error: Goldbach/BG_Identity.lean:1172:6: unsolved goals
case h.mp.inl
hinner_eq : innerBand = Finset.Icc (-↑H) ↑H
k : ℕ
hkpos : k < H
hz : Int.ofNat k.succ ∈ (Finset.Icc (-↑H) ↑H).erase 0
hzIcc : Int.ofNat k.succ ∈ Finset.Icc (-↑H) ↑H
hz0 : Int.ofNat k.succ ≠ 0
hzAbs : (Int.ofNat k.succ).natAbs ≤ H
⊢ Int.ofNat k.succ ∈
    Finset.map { toFun := fun k => ↑k.succ, inj' := ⋯ } (Finset.range H) ∪
      Finset.map { toFun := fun k => -↑k.succ, inj' := ⋯ } (Finset.range H)

case h.mp.inr
hinner_eq : innerBand = Finset.Icc (-↑H) ↑H
z : ℤ
hz : z ∈ (Finset.Icc (-↑H) ↑H).erase 0
hzIcc : z ∈ Finset.Icc (-↑H) ↑H
hz0 : z ≠ 0
hzAbs : z.natAbs ≤ H
k : ℕ
h✝ : z = -Int.ofNat k.succ
⊢ z ∈
    Finset.map { toFun := fun k => ↑k.succ, inj' := ⋯ } (Finset.range H) ∪
      Finset.map { toFun := fun k => -↑k.succ, inj' := ⋯ } (Finset.range H)
error: Goldbach/BG_Identity.lean:1216:12: Type mismatch: After simplification, term
  this
 has type
  ¬↑k + 1 = 0
but is expected to have type
  ¬z = 0
error: Goldbach/BG_Identity.lean:1221:12: maximum recursion depth has been reached
use `set_option maxRecDepth <num>` to increase limit
use `set_option diagnostics true` to get diagnostic information
error: Goldbach/BG_Identity.lean:1225:56: mod_cast has type
  0 < k.succ
but is expected to have type
  0 ≤ k.succ
error: Goldbach/BG_Identity.lean:1228:12: Type mismatch: After simplification, term
  this
 has type
  -↑H ≤ ↑k + 1
but is expected to have type
  -↑H ≤ z
error: Goldbach/BG_Identity.lean:1241:14: Type mismatch: After simplification, term
  this
 has type
  z.neg = Int.neg 0
but is expected to have type
  ↑k + 1 = 0
error: Goldbach/BG_Identity.lean:1242:23: Invalid field `elim`: The environment does not contain `Eq.elim`
  this
has type
  ↑k.succ = 0
error: Goldbach/BG_Identity.lean:1248:12: maximum recursion depth has been reached
use `set_option maxRecDepth <num>` to increase limit
use `set_option diagnostics true` to get diagnostic information
error: Goldbach/BG_Identity.lean:1252:53: mod_cast has type
  0 < k.succ
but is expected to have type
  0 ≤ k.succ
error: Goldbach/BG_Identity.lean:1254:14: Type mismatch: After simplification, term
  this
 has type
  True
but is expected to have type
  z ≤ 0
error: Goldbach/BG_Identity.lean:1260:6: No goals to be solved
error: Goldbach/BG_Identity.lean:1165:137: unsolved goals
hinner_eq : innerBand = Finset.Icc (-↑H) ↑H
hband :
  (Finset.Icc (-↑H) ↑H).erase 0 =
    Finset.map { toFun := fun k => ↑k.succ, inj' := ⋯ } (Finset.range H) ∪
      Finset.map { toFun := fun k => -↑k.succ, inj' := ⋯ } (Finset.range H)
⊢ ∑ k ∈ innerBand, K_full k = K_full 0 + 2 * ∑ k ∈ Finset.range H, K_full (Int.ofNat k.succ)
error: Goldbach/BG_Identity.lean:1364:16: maximum recursion depth has been reached
use `set_option maxRecDepth <num>` to increase limit
use `set_option diagnostics true` to get diagnostic information
error: Goldbach/BG_Identity.lean:1381:18: maximum recursion depth has been reached
use `set_option maxRecDepth <num>` to increase limit
use `set_option diagnostics true` to get diagnostic information
error: Goldbach/BG_Identity.lean:1393:16: No goals to be solved
error: Goldbach/BG_Identity.lean:1405:4: maximum recursion depth has been reached
use `set_option maxRecDepth <num>` to increase limit
use `set_option diagnostics true` to get diagnostic information
error: Goldbach/BG_Identity.lean:1423:12: maximum recursion depth has been reached
use `set_option maxRecDepth <num>` to increase limit
use `set_option diagnostics true` to get diagnostic information
error: Goldbach/BG_Identity.lean:1429:12: maximum recursion depth has been reached
use `set_option maxRecDepth <num>` to increase limit
use `set_option diagnostics true` to get diagnostic information
error: Goldbach/BG_Identity.lean:1430:2: maximum recursion depth has been reached
use `set_option maxRecDepth <num>` to increase limit
use `set_option diagnostics true` to get diagnostic information
warning: Goldbach/BG_Identity.lean:1363:64: This simp argument is unused:
  mul_left_comm

Hint: Omit it from the simp argument list.
  simp [div_eq_mul_inv, mul_comm, mul_l̵e̵f̵t̵_̵c̵o̵m̵m̵,̵ ̵m̵u̵l̵_̵assoc]

Note: This linter can be disabled with `set_option linter.unusedSimpArgs false`
warning: Goldbach/BG_Identity.lean:1363:79: This simp argument is unused:
  mul_assoc

Hint: Omit it from the simp argument list.
  simp [div_eq_mul_inv, mul_comm, mul_left_comm,̵ ̵m̵u̵l̵_̵a̵s̵s̵o̵c̵]

Note: This linter can be disabled with `set_option linter.unusedSimpArgs false`
warning: Goldbach/BG_Identity.lean:1432:6: declaration uses 'sorry'
error: Goldbach/BG_Identity.lean:1478:21: maximum recursion depth has been reached
use `set_option maxRecDepth <num>` to increase limit
use `set_option diagnostics true` to get diagnostic information
warning: Goldbach/BG_Identity.lean:1506:28: unused variable `X`

Note: This linter can be disabled with `set_option linter.unusedVariables false`
warning: Goldbach/BG_Identity.lean:1506:30: unused variable `N`

Note: This linter can be disabled with `set_option linter.unusedVariables false`
warning: Goldbach/BG_Identity.lean:1507:28: unused variable `X`

Note: This linter can be disabled with `set_option linter.unusedVariables false`
warning: Goldbach/BG_Identity.lean:1507:30: unused variable `N`

Note: This linter can be disabled with `set_option linter.unusedVariables false`
error: Goldbach/BG_Identity.lean:1533:21: maximum recursion depth has been reached
use `set_option maxRecDepth <num>` to increase limit
use `set_option diagnostics true` to get diagnostic information
error: Goldbach/BG_Identity.lean:1632:0: Unexpected name `BG_Identity` after `end`: The current section is unnamed

Hint: Delete the name `BG_Identity` to end the current unnamed scope; outer named scopes can then be closed using additional `end` command(s):
  end ̵B̵G̵_̵I̵d̵e̵n̵t̵i̵t̵y̵
error: Goldbach/BG_Identity.lean:1633:0: Unexpected name `Goldbach` after `end`: The current section is unnamed

Hint: Delete the name `Goldbach` to end the current unnamed scope; outer named scopes can then be closed using additional `end` command(s):
  end ̵G̵o̵l̵d̵b̵a̵c̵h̵
error: Lean exited with code 1
Some required targets logged failures:
- Goldbach.BG_Identity
error: build failed
⚠ [7587/7623] Replayed Goldbach.Compat
warning: Goldbach/Compat.lean:18:2: try 'simp' instead of 'simpa'

Note: This linter can be disabled with `set_option linter.unnecessarySimpa false`
warning: Goldbach/Compat.lean:24:40: unused variable `hb`

Note: This linter can be disabled with `set_option linter.unusedVariables false`
warning: Goldbach/Compat.lean:50:4: try 'simp' instead of 'simpa'

Note: This linter can be disabled with `set_option linter.unnecessarySimpa false`
⚠ [7589/7623] Replayed Goldbach.Windows
warning: Goldbach/Windows.lean:63:4: try 'simp' instead of 'simpa'

Note: This linter can be disabled with `set_option linter.unnecessarySimpa false`
warning: Goldbach/Windows.lean:68:2: try 'simp' instead of 'simpa'

Note: This linter can be disabled with `set_option linter.unnecessarySimpa false`
warning: Goldbach/Windows.lean:68:38: this tactic is never executed

Note: This linter can be disabled with `set_option linter.unreachableTactic false`
warning: Goldbach/Windows.lean:68:38: 'simpa using hmap' tactic does nothing

Note: This linter can be disabled with `set_option linter.unusedTactic false`
⚠ [7591/7623] Replayed Goldbach.Base.FiniteBaseDefs
warning: Goldbach/Base/FiniteBaseDefs.lean:41:17: unused variable `ha`

Note: This linter can be disabled with `set_option linter.unusedVariables false`
warning: Goldbach/Base/FiniteBaseDefs.lean:41:45: unused variable `hc`

Note: This linter can be disabled with `set_option linter.unusedVariables false`
warning: Goldbach/Base/FiniteBaseDefs.lean:42:5: unused variable `hab`

Note: This linter can be disabled with `set_option linter.unusedVariables false`
warning: Goldbach/Base/FiniteBaseDefs.lean:42:19: unused variable `hbc`

Note: This linter can be disabled with `set_option linter.unusedVariables false`
⚠ [7592/7623] Replayed Goldbach.ClosureBridge
warning: Goldbach/ClosureBridge.lean:42:41: try 'simp' instead of 'simpa'

Note: This linter can be disabled with `set_option linter.unnecessarySimpa false`
⚠ [7599/7623] Replayed Goldbach.AO_AssembleEnvelope
warning: Goldbach/AO_AssembleEnvelope.lean:67:20: try 'simp' instead of 'simpa'

Note: This linter can be disabled with `set_option linter.unnecessarySimpa false`
⚠ [7601/7623] Replayed Goldbach.AO_Major
warning: Goldbach/AO_Major.lean:21:13: unused variable `hX`

Note: This linter can be disabled with `set_option linter.unusedVariables false`
warning: Goldbach/AO_Major.lean:21:35: unused variable `hN`

Note: This linter can be disabled with `set_option linter.unusedVariables false`
warning: Goldbach/AO_Major.lean:25:24: This simp argument is unused:
  add_assoc

Hint: Omit it from the simp argument list.
  simp [Goldbach.AO_Major.errAO, Goldbach.AO_Major.weight_mass, Goldbach.AO_Core.errAO,
       ̵ ̵ ̵ ̵sub_eq_add_neg, add_a̵s̵s̵o̵c̵,̵ ̵a̵d̵d̵_̵left_comm, add_comm, mul_assoc]

Note: This linter can be disabled with `set_option linter.unusedSimpArgs false`
warning: Goldbach/AO_Major.lean:25:60: This simp argument is unused:
  mul_assoc

Hint: Omit it from the simp argument list.
  simp [Goldbach.AO_Major.errAO, Goldbach.AO_Major.weight_mass, Goldbach.AO_Core.errAO,
       ̵ ̵ ̵ ̵sub_eq_add_neg, add_assoc, add_left_comm, add_comm,̵ ̵m̵u̵l̵_̵a̵s̵s̵o̵c̵]

Note: This linter can be disabled with `set_option linter.unusedSimpArgs false`
warning: Goldbach/AO_Major.lean:46:5: unused variable `h`

Note: This linter can be disabled with `set_option linter.unusedVariables false`
warning: Goldbach/AO_Major.lean:58:24: This simp argument is unused:
  dif_pos

Hint: Omit it from the simp argument list.
  simp only [MPDF, win, d̵i̵f̵_̵p̵o̵s̵,̵ ̵mul_div_assoc']

Note: This linter can be disabled with `set_option linter.unusedSimpArgs false`
warning: Goldbach/AO_Major.lean:58:33: This simp argument is unused:
  mul_div_assoc'

Hint: Omit it from the simp argument list.
  simp only [MPDF, win, dif_pos,̵ ̵m̵u̵l̵_̵d̵i̵v̵_̵a̵s̵s̵o̵c̵'̵]

Note: This linter can be disabled with `set_option linter.unusedSimpArgs false`
warning: Goldbach/AO_Major.lean:81:69: try 'simp' instead of 'simpa'

Note: This linter can be disabled with `set_option linter.unnecessarySimpa false`
warning: Goldbach/AO_Major.lean:82:68: try 'simp' instead of 'simpa'

Note: This linter can be disabled with `set_option linter.unnecessarySimpa false`
warning: Goldbach/AO_Major.lean:83:68: try 'simp' instead of 'simpa'

Note: This linter can be disabled with `set_option linter.unnecessarySimpa false`
warning: Goldbach/AO_Major.lean:85:90: This simp argument is unused:
  add_assoc

Hint: Omit it from the simp argument list.
  simp [sub_eq_add_neg,̵ ̵a̵d̵d̵_̵a̵s̵s̵o̵c̵]

Note: This linter can be disabled with `set_option linter.unusedSimpArgs false`
warning: Goldbach/AO_Major.lean:101:24: This simp argument is unused:
  dif_pos

Hint: Omit it from the simp argument list.
  simp only [MPDF, win,̵ ̵d̵i̵f̵_̵p̵o̵s̵]

Note: This linter can be disabled with `set_option linter.unusedSimpArgs false`
⚠ [7602/7623] Replayed Goldbach.BG_Bank
warning: Goldbach/BG_Bank.lean:13:25: unused variable `n`

Note: This linter can be disabled with `set_option linter.unusedVariables false`
warning: Goldbach/BG_Bank.lean:75:4: try 'simp' instead of 'simpa'

Note: This linter can be disabled with `set_option linter.unnecessarySimpa false`
warning: Goldbach/BG_Bank.lean:75:25: this tactic is never executed

Note: This linter can be disabled with `set_option linter.unreachableTactic false`
warning: Goldbach/BG_Bank.lean:75:25: 'decide' tactic does nothing

Note: This linter can be disabled with `set_option linter.unusedTactic false`
warning: Goldbach/BG_Bank.lean:288:14: try 'simp' instead of 'simpa'

Note: This linter can be disabled with `set_option linter.unnecessarySimpa false`
warning: Goldbach/BG_Bank.lean:188:42: This simp argument is unused:
  Nat.cast_sub hn_le

Hint: Omit it from the simp argument list.
  simp only [Nat.cast_succ,̵ ̵N̵a̵t̵.̵c̵a̵s̵t̵_̵s̵u̵b̵ ̵h̵n̵_̵l̵e̵]

Note: This linter can be disabled with `set_option linter.unusedSimpArgs false`
warning: Goldbach/BG_Bank.lean:194:24: This simp argument is unused:
  abs_of_nonneg hlog_Nm_nn

Hint: Omit it from the simp argument list.
  simp [hp,̵ ̵a̵b̵s̵_̵o̵f̵_̵n̵o̵n̵n̵e̵g̵ ̵h̵l̵o̵g̵_̵N̵m̵_̵n̵n̵]

Note: This linter can be disabled with `set_option linter.unusedSimpArgs false`
warning: Goldbach/BG_Bank.lean:202:24: This simp argument is unused:
  abs_of_nonneg hlog_Np1_nn

Hint: Omit it from the simp argument list.
  simp [hp,̵ ̵a̵b̵s̵_̵o̵f̵_̵n̵o̵n̵n̵e̵g̵ ̵h̵l̵o̵g̵_̵N̵p̵1̵_̵n̵n̵]

Note: This linter can be disabled with `set_option linter.unusedSimpArgs false`
warning: Goldbach/BG_Bank.lean:218:46: This simp argument is unused:
  mul_comm

Hint: Omit it from the simp argument list.
  simp [abs_mul, mul_assoc, m̵u̵l̵_̵c̵o̵m̵m̵,̵ ̵mul_left_comm]

Note: This linter can be disabled with `set_option linter.unusedSimpArgs false`
warning: Goldbach/BG_Bank.lean:326:20: This simp argument is unused:
  hlogXabs

Hint: Omit it from the simp argument list.
  simp [h̵l̵o̵g̵X̵a̵b̵s̵,̵ ̵mul_comm, mul_left_comm, mul_assoc]

Note: This linter can be disabled with `set_option linter.unusedSimpArgs false`
warning: Goldbach/BG_Bank.lean:326:30: This simp argument is unused:
  mul_comm

Hint: Omit it from the simp argument list.
  simp [hlogXabs, m̵u̵l̵_̵c̵o̵m̵m̵,̵ ̵mul_left_comm, mul_assoc]

Note: This linter can be disabled with `set_option linter.unusedSimpArgs false`
warning: Goldbach/BG_Bank.lean:403:14: try 'simp' instead of 'simpa'

Note: This linter can be disabled with `set_option linter.unnecessarySimpa false`
warning: Goldbach/BG_Bank.lean:405:14: try 'simp' instead of 'simpa'

Note: This linter can be disabled with `set_option linter.unnecessarySimpa false`
warning: Goldbach/BG_Bank.lean:407:40: This simp argument is unused:
  add_comm

Hint: Omit it from the simp argument list.
  simp [div_self, hlogX_ne, add_c̵o̵m̵m̵,̵ ̵a̵d̵d̵_̵left_comm, add_assoc]

Note: This linter can be disabled with `set_option linter.unusedSimpArgs false`
warning: Goldbach/BG_Bank.lean:407:50: This simp argument is unused:
  add_left_comm

Hint: Omit it from the simp argument list.
  simp [div_self, hlogX_ne, add_comm, a̵d̵d̵_̵l̵e̵f̵t̵_̵c̵o̵m̵m̵,̵ ̵add_assoc]

Note: This linter can be disabled with `set_option linter.unusedSimpArgs false`
warning: Goldbach/BG_Bank.lean:407:65: This simp argument is unused:
  add_assoc

Hint: Omit it from the simp argument list.
  simp [div_self, hlogX_ne, add_comm, add_left_comm,̵ ̵a̵d̵d̵_̵a̵s̵s̵o̵c̵]

Note: This linter can be disabled with `set_option linter.unusedSimpArgs false`
warning: Goldbach/BG_Bank.lean:547:63: try 'simp' instead of 'simpa'

Note: This linter can be disabled with `set_option linter.unnecessarySimpa false`
warning: Goldbach/BG_Bank.lean:550:47: This simp argument is unused:
  add_comm

Hint: Omit it from the simp argument list.
  simp [add_div, div_self, hlogX_ne, add_c̵o̵m̵m̵,̵ ̵a̵d̵d̵_̵left_comm, add_assoc]

Note: This linter can be disabled with `set_option linter.unusedSimpArgs false`
warning: Goldbach/BG_Bank.lean:550:57: This simp argument is unused:
  add_left_comm

Hint: Omit it from the simp argument list.
  simp [add_div, div_self, hlogX_ne, add_comm, a̵d̵d̵_̵l̵e̵f̵t̵_̵c̵o̵m̵m̵,̵ ̵add_assoc]

Note: This linter can be disabled with `set_option linter.unusedSimpArgs false`
warning: Goldbach/BG_Bank.lean:550:72: This simp argument is unused:
  add_assoc

Hint: Omit it from the simp argument list.
  simp [add_div, div_self, hlogX_ne, add_comm, add_left_comm,̵ ̵a̵d̵d̵_̵a̵s̵s̵o̵c̵]

Note: This linter can be disabled with `set_option linter.unusedSimpArgs false`
warning: Goldbach/BG_Bank.lean:559:56: This simp argument is unused:
  add_left_comm

Hint: Omit it from the simp argument list.
  simp [c, Nat.cast_add, Nat.cast_one, add_assoc, a̵d̵d̵_̵l̵e̵f̵t̵_̵c̵o̵m̵m̵,̵ ̵add_comm, add_div, div_self hX0_ne]

Note: This linter can be disabled with `set_option linter.unusedSimpArgs false`
⚠ [7603/7623] Replayed Goldbach.BG_Operator
warning: Goldbach/BG_Operator.lean:31:2: try 'simp' instead of 'simpa'

Note: This linter can be disabled with `set_option linter.unnecessarySimpa false`
warning: Goldbach/BG_Operator.lean:98:2: try 'simp' instead of 'simpa'

Note: This linter can be disabled with `set_option linter.unnecessarySimpa false`
⚠ [7605/7623] Replayed Goldbach.SingularSeries
warning: Goldbach/SingularSeries.lean:40:5: unused variable `h`

Note: This linter can be disabled with `set_option linter.unusedVariables false`
warning: Goldbach/SingularSeries.lean:88:8: `Finset.eq_empty_iff_forall_not_mem` has been deprecated: Use `Finset.eq_empty_iff_forall_notMem` instead
warning: Goldbach/SingularSeries.lean:98:4: try 'simp' instead of 'simpa'

Note: This linter can be disabled with `set_option linter.unnecessarySimpa false`
warning: Goldbach/SingularSeries.lean:99:28: this tactic is never executed

Note: This linter can be disabled with `set_option linter.unreachableTactic false`
warning: Goldbach/SingularSeries.lean:99:57: this tactic is never executed

Note: This linter can be disabled with `set_option linter.unreachableTactic false`
warning: Goldbach/SingularSeries.lean:99:28: 'decide' tactic does nothing

Note: This linter can be disabled with `set_option linter.unusedTactic false`
warning: Goldbach/SingularSeries.lean:99:57: 'decide' tactic does nothing

Note: This linter can be disabled with `set_option linter.unusedTactic false`
⚠ [7607/7623] Replayed Goldbach.PPNumerics
warning: Goldbach/PPNumerics.lean:24:42: try 'simp' instead of 'simpa'

Note: This linter can be disabled with `set_option linter.unnecessarySimpa false`
warning: Goldbach/PPNumerics.lean:27:6: try 'simp' instead of 'simpa'

Note: This linter can be disabled with `set_option linter.unnecessarySimpa false`
⚠ [7608/7623] Replayed Goldbach.PPBoundSquares
warning: Goldbach/PPBoundSquares.lean:41:8: try 'simp' instead of 'simpa'

Note: This linter can be disabled with `set_option linter.unnecessarySimpa false`
warning: Goldbach/PPBoundSquares.lean:228:10: try 'simp' instead of 'simpa'

Note: This linter can be disabled with `set_option linter.unnecessarySimpa false`
⚠ [7610/7623] Replayed Goldbach.AnalyticGlobal
warning: Goldbach/AnalyticGlobal.lean:65:28: This simp argument is unused:
  one_div

Hint: Omit it from the simp argument list.
  simp [div_eq_mul_inv, o̵n̵e̵_̵d̵i̵v̵,̵ ̵mul_comm]

Note: This linter can be disabled with `set_option linter.unusedSimpArgs false`
warning: Goldbach/AnalyticGlobal.lean:68:30: This simp argument is unused:
  one_div

Hint: Omit it from the simp argument list.
  simp [div_eq_mul_inv, o̵n̵e̵_̵d̵i̵v̵,̵ ̵mul_comm]

Note: This linter can be disabled with `set_option linter.unusedSimpArgs false`
warning: Goldbach/AnalyticGlobal.lean:70:39: This simp argument is unused:
  mul_left_comm

Hint: Omit it from the simp argument list.
  simp [one_div, S_ne, mul_comm, mul_l̵e̵f̵t̵_̵c̵o̵m̵m̵,̵ ̵m̵u̵l̵_̵assoc]

Note: This linter can be disabled with `set_option linter.unusedSimpArgs false`
warning: Goldbach/AnalyticGlobal.lean:70:54: This simp argument is unused:
  mul_assoc

Hint: Omit it from the simp argument list.
  simp [one_div, S_ne, mul_comm, mul_left_comm,̵ ̵m̵u̵l̵_̵a̵s̵s̵o̵c̵]

Note: This linter can be disabled with `set_option linter.unusedSimpArgs false`
⚠ [7611/7623] Replayed Goldbach.BankPieces
warning: Goldbach/BankPieces.lean:15:63: `class ... :=` has been deprecated in favor of `class ... where`.

Note: This linter can be disabled with `set_option linter.deprecated false`
⚠ [7613/7623] Replayed Goldbach.Analytic.MajorBoundFromSigma
warning: Goldbach/Analytic/MajorBoundFromSigma.lean:21:75: `structure ... :=` has been deprecated in favor of `structure ... where`.

Note: This linter can be disabled with `set_option linter.deprecated false`
⚠ [7614/7623] Replayed Goldbach.Analytic.NumericSigma
warning: Goldbach/Analytic/NumericSigma.lean:23:32: unused variable `hX`

Note: This linter can be disabled with `set_option linter.unusedVariables false`
✖ [7620/7623] Building Goldbach.BG_Identity (72s)
trace: .> LEAN_PATH=/Users/benjaminnelson/Desktop/nerd shit/goldbach/builds/Goldbach/.lake/packages/Cli/.lake/build/lib/lean:/Users/benjaminnelson/Desktop/nerd shit/goldbach/builds/Goldbach/.lake/packages/batteries/.lake/build/lib/lean:/Users/benjaminnelson/Desktop/nerd shit/goldbach/builds/Goldbach/.lake/packages/Qq/.lake/build/lib/lean:/Users/benjaminnelson/Desktop/nerd shit/goldbach/builds/Goldbach/.lake/packages/aesop/.lake/build/lib/lean:/Users/benjaminnelson/Desktop/nerd shit/goldbach/builds/Goldbach/.lake/packages/proofwidgets/.lake/build/lib/lean:/Users/benjaminnelson/Desktop/nerd shit/goldbach/builds/Goldbach/.lake/packages/importGraph/.lake/build/lib/lean:/Users/benjaminnelson/Desktop/nerd shit/goldbach/builds/Goldbach/.lake/packages/LeanSearchClient/.lake/build/lib/lean:/Users/benjaminnelson/Desktop/nerd shit/goldbach/builds/Goldbach/.lake/packages/plausible/.lake/build/lib/lean:/Users/benjaminnelson/Desktop/nerd shit/goldbach/builds/Goldbach/.lake/packages/mathlib/.lake/build/lib/lean:/Users/benjaminnelson/Desktop/nerd shit/goldbach/builds/Goldbach/.lake/build/lib/lean /Users/benjaminnelson/.elan/toolchains/leanprover--lean4---v4.26.0-rc2/bin/lean /Users/benjaminnelson/Desktop/nerd shit/goldbach/builds/Goldbach/Goldbach/BG_Identity.lean -o /Users/benjaminnelson/Desktop/nerd shit/goldbach/builds/Goldbach/.lake/build/lib/lean/Goldbach/BG_Identity.olean -i /Users/benjaminnelson/Desktop/nerd shit/goldbach/builds/Goldbach/.lake/build/lib/lean/Goldbach/BG_Identity.ilean -c /Users/benjaminnelson/Desktop/nerd shit/goldbach/builds/Goldbach/.lake/build/ir/Goldbach/BG_Identity.c --setup /Users/benjaminnelson/Desktop/nerd shit/goldbach/builds/Goldbach/.lake/build/ir/Goldbach/BG_Identity.setup.json --json
warning: Goldbach/BG_Identity.lean:149:48: This simp argument is unused:
  add_comm

Hint: Omit it from the simp argument list.
  simp [Finset.sum_insert, hk, ih, mul_add, a̵d̵d̵_̵c̵o̵m̵m̵,̵ ̵add_left_comm, add_assoc, mul_comm, mul_left_comm,
  ̲  ̲ ̲ ̲ ̲ ̲ ̲ ̲mul_assoc]

Note: This linter can be disabled with `set_option linter.unusedSimpArgs false`
warning: Goldbach/BG_Identity.lean:149:58: This simp argument is unused:
  add_left_comm

Hint: Omit it from the simp argument list.
  simp [Finset.sum_insert, hk, ih, mul_add, add_comm, a̵d̵d̵_̵l̵e̵f̵t̵_̵c̵o̵m̵m̵,̵add_assoc, mul_comm, mul_left_comm,
  ̲  ̲ ̲ ̲ ̲ ̲ ̲ ̲mul_assoc]

Note: This linter can be disabled with `set_option linter.unusedSimpArgs false`
warning: Goldbach/BG_Identity.lean:150:12: This simp argument is unused:
  add_assoc

Hint: Omit it from the simp argument list.
  simp [Finset.sum_insert, hk, ih, mul_add, add_comm, add_left_comm, a̵d̵d̵_̵a̵s̵s̵o̵c̵,̵ ̵mul_comm, mul_left_comm,
  ̲  ̲ ̲ ̲ ̲ ̲ ̲ ̲mul_assoc]

Note: This linter can be disabled with `set_option linter.unusedSimpArgs false`
warning: Goldbach/BG_Identity.lean:150:23: This simp argument is unused:
  mul_comm

Hint: Omit it from the simp argument list.
  simp [Finset.sum_insert, hk, ih, mul_add, add_comm, add_left_comm, add_assoc, m̵u̵l̵_̵c̵o̵m̵m̵,̵ ̵mul_left_comm,
  ̲  ̲ ̲ ̲ ̲ ̲ ̲ ̲mul_assoc]

Note: This linter can be disabled with `set_option linter.unusedSimpArgs false`
warning: Goldbach/BG_Identity.lean:150:33: This simp argument is unused:
  mul_left_comm

Hint: Omit it from the simp argument list.
  simp [Finset.sum_insert, hk, ih, mul_add, add_comm, add_left_comm, add_assoc, mul_comm,
  ̲  ̲ ̲ ̲ ̲ ̲ ̲ ̲m̵u̵l̵_̵l̵e̵f̵t̵_̵c̵o̵m̵m̵,̵ ̵mul_assoc]

Note: This linter can be disabled with `set_option linter.unusedSimpArgs false`
warning: Goldbach/BG_Identity.lean:150:48: This simp argument is unused:
  mul_assoc

Hint: Omit it from the simp argument list.
  simp [Finset.sum_insert, hk, ih, mul_add, add_comm, add_left_comm, add_assoc, mul_comm,
  ̲  ̲ ̲ ̲ ̲ ̲ ̲ ̲m̵u̵l̵_̵l̵e̵f̵t̵_̵c̵o̵m̵m̵,̵ ̵m̵u̵l̵_̵a̵s̵s̵o̵c̵]̵m̲u̲l̲_̲l̲e̲f̲t̲_̲c̲o̲m̲m̲]̲

Note: This linter can be disabled with `set_option linter.unusedSimpArgs false`
error: Goldbach/BG_Identity.lean:197:76: unsolved goals
m : ℕ
hm : m ≤ Ucut
hnonneg : 0 ≤ 1 - ↑m / ↑Ucut
hmax : max (1 - ↑m / ↑Ucut) 0 = 1 - ↑m / ↑Ucut
⊢ max (1 - ↑m / (↑H + ↑((H + 99) / 100))) 0 / (↑H + ↑((H + 99) / 100)) =
    (1 - ↑m / (↑H + ↑((H + 99) / 100))) / (↑H + ↑((H + 99) / 100))
warning: Goldbach/BG_Identity.lean:204:12: This simp argument is unused:
  hU

Hint: Omit it from the simp argument list.
  simp [hU̵,̵ ̵h̵m0]

Note: This linter can be disabled with `set_option linter.unusedSimpArgs false`
warning: Goldbach/BG_Identity.lean:215:8: This simp argument is unused:
  hmax

Hint: Omit it from the simp argument list.
  simp ̵[̵h̵m̵a̵x̵]̵

Note: This linter can be disabled with `set_option linter.unusedSimpArgs false`
warning: Goldbach/BG_Identity.lean:241:10: This simp argument is unused:
  Finset.sum_insert

Hint: Omit it from the simp argument list.
  simp [̵F̵i̵n̵s̵e̵t̵.̵s̵u̵m̵_̵i̵n̵s̵e̵r̵t̵,̵ ̵h̵a̵,̵[̲h̲a̲,̲ ih, mul_add, add_comm, add_left_comm, add_assoc, mul_comm, mul_left_comm, mul_assoc]

Note: This linter can be disabled with `set_option linter.unusedSimpArgs false`
warning: Goldbach/BG_Identity.lean:241:33: This simp argument is unused:
  ih

Hint: Omit it from the simp argument list.
  simp [Finset.sum_insert, ha, i̵h̵,̵ ̵mul_add, add_comm, add_left_comm,
  ̵  ̵ ̵ ̵ ̵ ̵ ̵ ̵ ̵ ̵add_assoc, mul_comm,
  ̲  ̲ ̲ ̲ ̲ ̲mul_left_comm, mul_assoc]

Note: This linter can be disabled with `set_option linter.unusedSimpArgs false`
warning: Goldbach/BG_Identity.lean:241:56: This simp argument is unused:
  add_left_comm

Hint: Omit it from the simp argument list.
  simp [Finset.sum_insert, ha, ih, mul_add, add_comm, a̵d̵d̵_̵l̵e̵f̵t̵_̵c̵o̵m̵m̵,̵add_assoc, mul_comm, mul_left_comm,
  ̲  ̲ ̲ ̲ ̲ ̲mul_assoc]

Note: This linter can be disabled with `set_option linter.unusedSimpArgs false`
warning: Goldbach/BG_Identity.lean:242:10: This simp argument is unused:
  add_assoc

Hint: Omit it from the simp argument list.
  simp [Finset.sum_insert, ha, ih, mul_add, add_comm, add_left_comm, a̵d̵d̵_̵a̵s̵s̵o̵c̵,̵ ̵mul_comm, mul_left_comm,
  ̲  ̲ ̲ ̲ ̲ ̲mul_assoc]

Note: This linter can be disabled with `set_option linter.unusedSimpArgs false`
warning: Goldbach/BG_Identity.lean:242:31: This simp argument is unused:
  mul_left_comm

Hint: Omit it from the simp argument list.
  simp [Finset.sum_insert, ha, ih, mul_add, add_comm, add_left_comm, add_assoc, mul_comm,
  ̲  ̲ ̲ ̲ ̲ ̲m̵u̵l̵_̵l̵e̵f̵t̵_̵c̵o̵m̵m̵,̵ ̵mul_assoc]

Note: This linter can be disabled with `set_option linter.unusedSimpArgs false`
warning: Goldbach/BG_Identity.lean:242:46: This simp argument is unused:
  mul_assoc

Hint: Omit it from the simp argument list.
  simp [Finset.sum_insert, ha, ih, mul_add, add_comm, add_left_comm, add_assoc, mul_comm,
  ̲  ̲ ̲ ̲ ̲ ̲m̵u̵l̵_̵l̵e̵f̵t̵_̵c̵o̵m̵m̵,̵ ̵m̵u̵l̵_̵a̵s̵s̵o̵c̵]̵m̲u̲l̲_̲l̲e̲f̲t̲_̲c̲o̲m̲m̲]̲

Note: This linter can be disabled with `set_option linter.unusedSimpArgs false`
error: Goldbach/BG_Identity.lean:266:6: Type mismatch: After simplification, term
  this
 has type
  True
but is expected to have type
  ↑n + 2 = ↑n + 1 + 1 ∨ ↑n + 1 = 0
error: Goldbach/BG_Identity.lean:267:4: Tactic `assumption` failed

case succ
n : ℕ
ih : ∑ k ∈ Finset.range n, ↑k.succ = ↑n * (↑n + 1) / 2
h : ∑ x ∈ Finset.range (n + 1), ↑x.succ = ∑ x ∈ Finset.range n, ↑x.succ + ↑n.succ
h' : ∑ k ∈ Finset.range n.succ, ↑k.succ = ∑ k ∈ Finset.range n, ↑k.succ + ↑n.succ
h'' : ↑n * (↑n + 1) / 2 + ↑n.succ = ↑n.succ * (↑n.succ + 1) / 2
⊢ ∑ x ∈ Finset.range (n + 1), (↑x + 1) = (↑n + 1) * (↑n + 1 + 1) / 2
warning: Goldbach/BG_Identity.lean:363:6: declaration uses 'sorry'
warning: Goldbach/BG_Identity.lean:392:23: This simp argument is unused:
  Int.ofNat_sub hHN

Hint: Omit it from the simp argument list.
  simp only [̵I̵n̵t̵.̵o̵f̵N̵a̵t̵_̵s̵u̵b̵ ̵h̵H̵N̵]̵ ̵at hZint

Note: This linter can be disabled with `set_option linter.unusedSimpArgs false`
warning: Goldbach/BG_Identity.lean:457:4: try 'simp' instead of 'simpa'

Note: This linter can be disabled with `set_option linter.unnecessarySimpa false`
warning: Goldbach/BG_Identity.lean:480:25: try 'simp' instead of 'simpa'

Note: This linter can be disabled with `set_option linter.unnecessarySimpa false`
warning: Goldbach/BG_Identity.lean:523:6: declaration uses 'sorry'
warning: Goldbach/BG_Identity.lean:560:15: unused variable `hX`

Note: This linter can be disabled with `set_option linter.unusedVariables false`
warning: Goldbach/BG_Identity.lean:561:5: unused variable `hN`

Note: This linter can be disabled with `set_option linter.unusedVariables false`
warning: Goldbach/BG_Identity.lean:593:5: unused variable `hk`

Note: This linter can be disabled with `set_option linter.unusedVariables false`
warning: Goldbach/BG_Identity.lean:618:28: This simp argument is unused:
  hUpos.ne'

Hint: Omit it from the simp argument list.
  s̵i̵m̵p̵ ̵[̵K̵_̵f̵u̵l̵l̵,̵ ̵K̵_̵f̵u̵l̵l̵_̵r̵a̵w̵,̵ ̵h̵U̵p̵o̵s̵.̵n̵e̵'̵]̵ ̵a̵t̵ ̵*̵s̲i̲m̲p̲ ̲[̲K̲_̲f̲u̲l̲l̲,̲
  ̲ ̲ ̲ ̲ ̲K̲_̲f̲u̲l̲l̲_̲r̲a̲w̲]̲ ̲a̲t̲ ̲*̲
  ̲ ̲ ̲ ̲ ̲ ̲ ̲-̲-̲ ̲a̲f̲t̲e̲r̲ ̲s̲i̲m̲p̲,̲ ̲g̲o̲a̲l̲ ̲b̲e̲c̲o̲m̲e̲s̲ ̲`̲0̲ ̲<̲ ̲1̲ ̲/̲ ̲(̲U̲c̲u̲t̲:̲ℝ̲)̲`̲
  ̲ ̲ ̲ ̲ ̲ ̲ ̲

Note: This linter can be disabled with `set_option linter.unusedSimpArgs false`
warning: Goldbach/BG_Identity.lean:643:5: unused variable `h`

Note: This linter can be disabled with `set_option linter.unusedVariables false`
warning: Goldbach/BG_Identity.lean:650:5: unused variable `h`

Note: This linter can be disabled with `set_option linter.unusedVariables false`
warning: Goldbach/BG_Identity.lean:666:25: unused variable `X`

Note: This linter can be disabled with `set_option linter.unusedVariables false`
warning: Goldbach/BG_Identity.lean:666:27: unused variable `N`

Note: This linter can be disabled with `set_option linter.unusedVariables false`
warning: Goldbach/BG_Identity.lean:690:5: unused variable `h`

Note: This linter can be disabled with `set_option linter.unusedVariables false`
error: Goldbach/BG_Identity.lean:704:10: Unknown identifier `Kernel.conv_ref_const_eq_sigma_mass_of`
warning: Goldbach/BG_Identity.lean:719:8: try 'simp' instead of 'simpa'

Note: This linter can be disabled with `set_option linter.unnecessarySimpa false`
warning: Goldbach/BG_Identity.lean:747:34: unused variable `hk`

Note: This linter can be disabled with `set_option linter.unusedVariables false`
warning: Goldbach/BG_Identity.lean:751:35: unused variable `hk`

Note: This linter can be disabled with `set_option linter.unusedVariables false`
error: Goldbach/BG_Identity.lean:808:20: failed to synthesize
  HMul (ℕ → ℝ) ℝ ?m.11

Hint: Additional diagnostic information may be available using the `set_option diagnostics true` command.
error: Goldbach/BG_Identity.lean:816:20: typeclass instance problem is stuck
  HMul (ℕ → ℝ) ?m.14 ℝ

Note: Lean will not try to resolve this typeclass instance problem because the second type argument to `HMul` is a metavariable. This argument must be fully determined before Lean will try to resolve the typeclass.

Hint: Adding type annotations and supplying implicit arguments to functions can give Lean more information for typeclass resolution. For example, if you have a variable `x` that you intend to be a `Nat`, but Lean reports it as having an unresolved type like `?m`, replacing `x` with `(x : Nat)` can get typeclass resolution un-stuck.
error: Goldbach/BG_Identity.lean:826:60: unsolved goals
⊢ False
error: Goldbach/BG_Identity.lean:844:58: unsolved goals
⊢ -((↑H + 99) / 100) ≤ ↑H ∧ 0 ≤ ↑H + (↑H + 99) / 100
error: Goldbach/BG_Identity.lean:866:26: Unknown constant `Int.natAbs_eq_ofNat_abs`
error: Goldbach/BG_Identity.lean:872:12: linarith failed to find a contradiction
case h
h0 : 0 ∈ bandU
z : ℤ
hz : z ∈ bandU.erase 0
hzIcc : z ∈ Finset.Icc (-↑Ucut) ↑Ucut
hz0 : z ≠ 0
this : -↑Ucut ≤ z ∧ z ≤ ↑Ucut
hle : z ≤ ↑Ucut
hneg : -↑Ucut ≤ z
hz' : ↑z.natAbs = max (-z) z
a✝ : ↑Ucut < ↑z.natAbs
⊢ False
failed
error: Goldbach/BG_Identity.lean:880:59: mod_cast has type
  ?m.225 = ?m.225
but is expected to have type
  z.natAbs = 0
error: Goldbach/BG_Identity.lean:884:12: Type mismatch
  hzabs0
has type
  z.natAbs = 0
but is expected to have type
  z.natAbs ≠ 0
error: Goldbach/BG_Identity.lean:886:17: Invalid `⟨...⟩` notation: The expected type
  z.natAbs - 1 < Ucut ∧ z = Int.ofNat (z.natAbs - 1).succ ∨ z = -Int.ofNat (z.natAbs - 1).succ
has more than one constructor

Note: This notation can only be used when the expected type is an inductive type with a single constructor
error: Goldbach/BG_Identity.lean:887:10: No goals to be solved
error: Goldbach/BG_Identity.lean:900:69: Application type mismatch: The argument
  hkpos
has type
  k < Ucut
but is expected to have type
  k ∈ Finset.range Ucut
in the application
  And.intro hkpos
error: Goldbach/BG_Identity.lean:855:6: unsolved goals
case h.mp.inr
h0 : 0 ∈ bandU
z : ℤ
hz : z ∈ bandU.erase 0
hzIcc : z ∈ Finset.Icc (-↑Ucut) ↑Ucut
hz0 : z ≠ 0
hzAbs : z.natAbs ≤ Ucut
k : ℕ
h✝ : z = -Int.ofNat k.succ
⊢ z ∈
    Finset.map { toFun := fun k => ↑k.succ, inj' := ⋯ } (Finset.range Ucut) ∪
      Finset.map { toFun := fun k => -↑k.succ, inj' := ⋯ } (Finset.range Ucut)
error: Goldbach/BG_Identity.lean:901:54: unsolved goals
h0 : 0 ∈ bandU
z : ℤ
⊢ K_full_raw (H + (H + 99) / 100) 0 = (↑H + ↑((H + 99) / 100))⁻¹
error: Goldbach/BG_Identity.lean:914:34: maximum recursion depth has been reached
use `set_option maxRecDepth <num>` to increase limit
use `set_option diagnostics true` to get diagnostic information
error: Goldbach/BG_Identity.lean:915:28: Type mismatch
  hk
has type
  k ∈ Finset.map { toFun := fun k => ↑k.succ, inj' := ⋯ } (Finset.range Ucut)
but is expected to have type
  ∀ (a₂ : ℤ) (ha₂ : a₂ ∈ Finset.map { toFun := fun k => ↑k.succ, inj' := ⋯ } (Finset.range Ucut)),
    (fun k hk => k) k hk = (fun k hk => k) a₂ ha₂ → k = a₂
error: Goldbach/BG_Identity.lean:916:14: unsolved goals
case heq
h0 : 0 ∈ bandU
z : ℤ
h0val : K_full 0 = 1 / ↑Ucut
k : ℤ
hk : k ∈ Finset.map { toFun := fun k => -↑k.succ, inj' := ⋯ } (Finset.range Ucut)
⊢ ∃ a < H + (H + 99) / 100, ↑a + 1 = k
error: Goldbach/BG_Identity.lean:917:28: Type mismatch
  hk
has type
  k ∈ Finset.map { toFun := fun k => ↑k.succ, inj' := ⋯ } (Finset.range Ucut)
but is expected to have type
  K_full k = K_full ((fun k hk => k) k hk)
error: Goldbach/BG_Identity.lean:934:68: Type mismatch: After simplification, term
  hbEq
 has type
  -1 + -↑b' = ↑a' + 1
but is expected to have type
  ↑a' + 1 = -1 + -↑b'
error: Goldbach/BG_Identity.lean:935:16: linarith failed to find a contradiction
h0 : 0 ∈ bandU
z : ℤ
h0val : K_full 0 = 1 / ↑Ucut
hpair :
  ∑ k ∈ Finset.map { toFun := fun k => ↑k.succ, inj' := ⋯ } (Finset.range Ucut), K_full k =
    ∑ k ∈ Finset.map { toFun := fun k => -↑k.succ, inj' := ⋯ } (Finset.range Ucut), K_full k
a' : ℕ
ha' : a' ∈ Finset.range Ucut
ha :
  { toFun := fun k => ↑k.succ, inj' := ⋯ } a' ∈ Finset.map { toFun := fun k => ↑k.succ, inj' := ⋯ } (Finset.range Ucut)
hb :
  { toFun := fun k => ↑k.succ, inj' := ⋯ } a' ∈ Finset.map { toFun := fun k => -↑k.succ, inj' := ⋯ } (Finset.range Ucut)
b' : ℕ
hb' : b' ∈ Finset.range Ucut
hbEq : { toFun := fun k => -↑k.succ, inj' := ⋯ } b' = { toFun := fun k => ↑k.succ, inj' := ⋯ } a'
hbPos : ↑b'.succ ≠ 0
this : ↑a'.succ = -↑b'.succ
⊢ False
failed
error: Goldbach/BG_Identity.lean:952:92: Unknown identifier `hpos`
error: Goldbach/BG_Identity.lean:954:6: 'calc' expression has type
  ∑ k ∈ bandU, K_full k = K_full 0 + 2 * ∑ k ∈ Finset.range Ucut, K_full (Int.ofNat k.succ)
but is expected to have type
  z ∈
      Finset.map { toFun := fun k => ↑k.succ, inj' := ⋯ } (Finset.range Ucut) ∪
        Finset.map { toFun := fun k => -↑k.succ, inj' := ⋯ } (Finset.range Ucut) →
    z ∈ bandU.erase 0
error: Goldbach/BG_Identity.lean:841:93: unsolved goals
h0 : 0 ∈ bandU
hpos :
  bandU.erase 0 =
    Finset.map { toFun := fun k => ↑k.succ, inj' := ⋯ } (Finset.range Ucut) ∪
      Finset.map { toFun := fun k => -↑k.succ, inj' := ⋯ } (Finset.range Ucut)
⊢ ∑ k ∈ bandU, K_full k = K_full 0 + 2 * ∑ k ∈ Finset.range Ucut, K_full (Int.ofNat k.succ)
error: Goldbach/BG_Identity.lean:957:22: maximum recursion depth has been reached
use `set_option maxRecDepth <num>` to increase limit
use `set_option diagnostics true` to get diagnostic information
warning: Goldbach/BG_Identity.lean:959:10: try 'simp' instead of 'simpa'

Note: This linter can be disabled with `set_option linter.unnecessarySimpa false`
warning: Goldbach/BG_Identity.lean:978:22: `Finset.range_succ` has been deprecated: Use `Finset.range_add_one` instead
error: Goldbach/BG_Identity.lean:976:72: unsolved goals
hsplit : ∑ k ∈ bandU, K_full k = K_full 0 + 2 * ∑ k ∈ Finset.range Ucut, K_full (Int.ofNat k.succ)
hsum1 : ∑ k ∈ Finset.range Ucut, 1 = ↑Ucut
this : ∑ i ∈ Finset.range Ucut.succ, i = Ucut.succ * (Ucut.succ - 1) / 2
⊢ H + (H + 99) / 100 + ∑ x ∈ Finset.range (H + (H + 99) / 100), x =
    ∑ x ∈ Finset.range (H + (H + 99) / 100), x + (H + (H + 99) / 100)
error: Goldbach/BG_Identity.lean:980:10: Type mismatch: After simplification, term
  Finset.sum_range_id
 has type
  ∀ (n : ℕ), ∑ i ∈ Finset.range n, i = n * (n - 1) / 2
but is expected to have type
  ∑ i ∈ Finset.range (H + (H + 99) / 100 + 1), i = (H + (H + 99) / 100 + 1) * (H + (H + 99) / 100) / 2
error: Goldbach/BG_Identity.lean:981:8: linarith failed to find a contradiction
case h1.h
hsplit : ∑ k ∈ bandU, K_full k = K_full 0 + 2 * ∑ k ∈ Finset.range Ucut, K_full (Int.ofNat k.succ)
hsum1 : ∑ k ∈ Finset.range Ucut, 1 = ↑Ucut
this : ∑ i ∈ Finset.range Ucut.succ, i = Ucut.succ * (Ucut.succ - 1) / 2
hrewrite : ∑ i ∈ Finset.range Ucut.succ, i = ∑ k ∈ Finset.range Ucut, k.succ
hs : ∑ i ∈ Finset.range Ucut.succ, i = Ucut.succ * Ucut / 2
a✝ : ∑ k ∈ Finset.range Ucut, k.succ < Ucut * (Ucut + 1) / 2
⊢ False
failed
error: Goldbach/BG_Identity.lean:983:6: maximum recursion depth has been reached
use `set_option maxRecDepth <num>` to increase limit
use `set_option diagnostics true` to get diagnostic information
error: Goldbach/BG_Identity.lean:990:16: maximum recursion depth has been reached
use `set_option maxRecDepth <num>` to increase limit
use `set_option diagnostics true` to get diagnostic information
error: Goldbach/BG_Identity.lean:1002:68: unsolved goals
hsplit : ∑ k ∈ bandU, K_full k = K_full 0 + 2 * ∑ k ∈ Finset.range Ucut, K_full (Int.ofNat k.succ)
hsum1 : ∑ k ∈ Finset.range Ucut, 1 = ↑Ucut
hsumk : ∑ k ∈ Finset.range Ucut, ↑k.succ = ↑Ucut * (↑Ucut + 1) / 2
hUpos : 0 < ↑Ucut
hUpos' : ↑Ucut ≠ 0
⊢ (↑H + ↑((H + 99) / 100) - ∑ x ∈ Finset.range (H + (H + 99) / 100), (↑x + 1) / (↑H + ↑((H + 99) / 100))) /
      (↑H + ↑((H + 99) / 100)) =
    (↑H + ↑((H + 99) / 100))⁻¹ *
      (↑H + ↑((H + 99) / 100) - ∑ x ∈ Finset.range (H + (H + 99) / 100), (↑x + 1) / (↑H + ↑((H + 99) / 100)))
info: Goldbach/BG_Identity.lean:1008:8: Try this:
  [apply] ring_nf
  
  The `ring` tactic failed to close the goal. Use `ring_nf` to obtain a normal form.
    
  Note that `ring` works primarily in *commutative* rings. If you have a noncommutative ring, abelian group or module, consider using `noncomm_ring`, `abel` or `module` instead.
error: Goldbach/BG_Identity.lean:1005:96: unsolved goals
hsplit : ∑ k ∈ bandU, K_full k = K_full 0 + 2 * ∑ k ∈ Finset.range Ucut, K_full (Int.ofNat k.succ)
hsum1 : ∑ k ∈ Finset.range Ucut, 1 = ↑Ucut
hsumk : ∑ k ∈ Finset.range Ucut, ↑k.succ = ↑Ucut * (↑Ucut + 1) / 2
hUpos : 0 < ↑Ucut
hUpos' : ↑Ucut ≠ 0
⊢ ↑Ucut * (↑Ucut)⁻¹ - (↑Ucut)⁻¹ * ∑ x ∈ Finset.range Ucut, (↑Ucut)⁻¹ * ↑x.succ =
    ↑Ucut * (↑Ucut)⁻¹ + ↑Ucut * (↑Ucut)⁻¹ ^ 2 * (-1 / 2) + ↑Ucut ^ 2 * (↑Ucut)⁻¹ ^ 2 * (-1 / 2)
info: Goldbach/BG_Identity.lean:1010:33: Try this:
  [apply] ring_nf
  
  The `ring` tactic failed to close the goal. Use `ring_nf` to obtain a normal form.
    
  Note that `ring` works primarily in *commutative* rings. If you have a noncommutative ring, abelian group or module, consider using `noncomm_ring`, `abel` or `module` instead.
error: Goldbach/BG_Identity.lean:1009:34: unsolved goals
hsplit : ∑ k ∈ bandU, K_full k = K_full 0 + 2 * ∑ k ∈ Finset.range Ucut, K_full (Int.ofNat k.succ)
hsum1 : ∑ k ∈ Finset.range Ucut, 1 = ↑Ucut
hsumk : ∑ k ∈ Finset.range Ucut, ↑k.succ = ↑Ucut * (↑Ucut + 1) / 2
hUpos : 0 < ↑Ucut
⊢ -1 + ↑Ucut = -↑Ucut + ↑Ucut ^ 2
error: Goldbach/BG_Identity.lean:1019:58: unsolved goals
hsplit : ∑ k ∈ bandU, K_full k = K_full 0 + 2 * ∑ k ∈ Finset.range Ucut, K_full (Int.ofNat k.succ)
hpos_eval : ∑ k ∈ Finset.range Ucut, K_full (Int.ofNat k.succ) = (↑Ucut - 1) / 2
hUpos : ↑Ucut ≠ 0
this : ∑ k ∈ bandU, K_full k = K_full 0 + 2 * ∑ k ∈ Finset.range Ucut, K_full (Int.ofNat k.succ)
⊢ K_full_raw (H + (H + 99) / 100) 0 = (↑H + ↑((H + 99) / 100))⁻¹
info: Goldbach/BG_Identity.lean:1028:6: Try this:
  [apply] ring_nf
  
  The `ring` tactic failed to close the goal. Use `ring_nf` to obtain a normal form.
    
  Note that `ring` works primarily in *commutative* rings. If you have a noncommutative ring, abelian group or module, consider using `noncomm_ring`, `abel` or `module` instead.
error: Goldbach/BG_Identity.lean:1022:13: unsolved goals
hsplit : ∑ k ∈ bandU, K_full k = K_full 0 + 2 * ∑ k ∈ Finset.range Ucut, K_full (Int.ofNat k.succ)
hpos_eval : ∑ k ∈ Finset.range Ucut, K_full (Int.ofNat k.succ) = (↑Ucut - 1) / 2
hUpos hUpos' : ↑Ucut ≠ 0
hUpos'' : 0 < ↑Ucut
⊢ 1 - ↑Ucut + ↑Ucut ^ 2 = ↑Ucut
warning: Goldbach/BG_Identity.lean:845:14: This simp argument is unused:
  bandU

Hint: Omit it from the simp argument list.
  simp ̵[̵b̵a̵n̵d̵U̵]̵

Note: This linter can be disabled with `set_option linter.unusedSimpArgs false`
warning: Goldbach/BG_Identity.lean:1004:14: This simp argument is unused:
  Finset.sum_mul

Hint: Omit it from the simp argument list.
  simp [F̵i̵n̵s̵e̵t̵.̵s̵u̵m̵_̵m̵u̵l̵,̵ ̵hUpos']

Note: This linter can be disabled with `set_option linter.unusedSimpArgs false`
warning: Goldbach/BG_Identity.lean:1004:30: This simp argument is unused:
  hUpos'

Hint: Omit it from the simp argument list.
  simp [Finset.sum_mul,̵ ̵h̵U̵p̵o̵s̵'̵]

Note: This linter can be disabled with `set_option linter.unusedSimpArgs false`
warning: Goldbach/BG_Identity.lean:1007:43: This simp argument is unused:
  Finset.sum_div

Hint: Omit it from the simp argument list.
  simp only [Finset.sum_sub_distrib, F̵i̵n̵s̵e̵t̵.̵s̵u̵m̵_̵d̵i̵v̵,̵ ̵hsum1, hsumk]

Note: This linter can be disabled with `set_option linter.unusedSimpArgs false`
warning: Goldbach/BG_Identity.lean:1007:66: This simp argument is unused:
  hsumk

Hint: Omit it from the simp argument list.
  simp only [Finset.sum_sub_distrib, Finset.sum_div, hsum1,̵ ̵h̵s̵u̵m̵k̵]

Note: This linter can be disabled with `set_option linter.unusedSimpArgs false`
error: Goldbach/BG_Identity.lean:1043:27: Invalid argument name `bandU` for function `sum_bandU`
error: Goldbach/BG_Identity.lean:1066:30: unsolved goals
Kadm : BG.AdmissibleKernel Ucut
⊢ 0 ∈ BG_Bank.S_BG
warning: Goldbach/BG_Identity.lean:1083:5: unused variable `h`

Note: This linter can be disabled with `set_option linter.unusedVariables false`
error: Goldbach/BG_Identity.lean:1102:53: Type mismatch: After simplification, term
  hk
 has type
  k ∈ BG_Bank.S_BG
but is expected to have type
  -↑H ≤ k ∧ k ≤ ↑H
error: Goldbach/BG_Identity.lean:1107:6: Tactic `simp` failed with a nested error:
maximum recursion depth has been reached
use `set_option maxRecDepth <num>` to increase limit
use `set_option diagnostics true` to get diagnostic information
warning: Goldbach/BG_Identity.lean:1127:54: try 'simp' instead of 'simpa'

Note: This linter can be disabled with `set_option linter.unnecessarySimpa false`
error: Goldbach/BG_Identity.lean:1142:14: Type mismatch: After simplification, term
  Finset.mem_Icc.mpr hkIcc_pair
 has type
  -↑H ≤ k ∧ k ≤ ↑H
but is expected to have type
  k ∈ BG_Bank.S_BG
error: Goldbach/BG_Identity.lean:1144:53: Type mismatch: After simplification, term
  hk
 has type
  k ∈ BG_Bank.S_BG
but is expected to have type
  -↑H ≤ k ∧ k ≤ ↑H
warning: Goldbach/BG_Identity.lean:1147:6: try 'simp' instead of 'simpa'

Note: This linter can be disabled with `set_option linter.unnecessarySimpa false`
error: Goldbach/BG_Identity.lean:1182:55: linarith failed to find a contradiction
case h
hinner_eq : innerBand = Finset.Icc (-↑H) ↑H
z : ℤ
hz : z ∈ (Finset.Icc (-↑H) ↑H).erase 0
hzIcc : z ∈ Finset.Icc (-↑H) ↑H
hz0 : z ≠ 0
this : -↑H ≤ z ∧ z ≤ ↑H
hle : z ≤ ↑H
hneg : -↑H ≤ z
a✝ : ↑H < ↑z.natAbs
⊢ False
failed
error: Goldbach/BG_Identity.lean:1190:33: Function expected at
  Int.natAbs_eq_zero
but this term has type
  Int.natAbs ?m.243 = 0 ↔ ?m.243 = 0

Note: Expected a function because this term is being applied to the argument
  hzabs0
error: Goldbach/BG_Identity.lean:1193:17: Invalid `⟨...⟩` notation: The expected type
  z.natAbs - 1 < H ∧ z = Int.ofNat (z.natAbs - 1).succ ∨ z = -Int.ofNat (z.natAbs - 1).succ
has more than one constructor

Note: This notation can only be used when the expected type is an inductive type with a single constructor
error: Goldbach/BG_Identity.lean:1194:10: No goals to be solved
error: Goldbach/BG_Identity.lean:1172:6: unsolved goals
case h.mp.inl
hinner_eq : innerBand = Finset.Icc (-↑H) ↑H
k : ℕ
hkpos : k < H
hz : Int.ofNat k.succ ∈ (Finset.Icc (-↑H) ↑H).erase 0
hzIcc : Int.ofNat k.succ ∈ Finset.Icc (-↑H) ↑H
hz0 : Int.ofNat k.succ ≠ 0
hzAbs : (Int.ofNat k.succ).natAbs ≤ H
⊢ Int.ofNat k.succ ∈
    Finset.map { toFun := fun k => ↑k.succ, inj' := ⋯ } (Finset.range H) ∪
      Finset.map { toFun := fun k => -↑k.succ, inj' := ⋯ } (Finset.range H)

case h.mp.inr
hinner_eq : innerBand = Finset.Icc (-↑H) ↑H
z : ℤ
hz : z ∈ (Finset.Icc (-↑H) ↑H).erase 0
hzIcc : z ∈ Finset.Icc (-↑H) ↑H
hz0 : z ≠ 0
hzAbs : z.natAbs ≤ H
k : ℕ
h✝ : z = -Int.ofNat k.succ
⊢ z ∈
    Finset.map { toFun := fun k => ↑k.succ, inj' := ⋯ } (Finset.range H) ∪
      Finset.map { toFun := fun k => -↑k.succ, inj' := ⋯ } (Finset.range H)
error: Goldbach/BG_Identity.lean:1216:12: Type mismatch: After simplification, term
  this
 has type
  ¬↑k + 1 = 0
but is expected to have type
  ¬z = 0
error: Goldbach/BG_Identity.lean:1221:12: maximum recursion depth has been reached
use `set_option maxRecDepth <num>` to increase limit
use `set_option diagnostics true` to get diagnostic information
error: Goldbach/BG_Identity.lean:1229:12: Type mismatch: After simplification, term
  this
 has type
  -↑H ≤ ↑k + 1
but is expected to have type
  -↑H ≤ z
error: Goldbach/BG_Identity.lean:1239:12: Type mismatch: After simplification, term
  this
 has type
  ¬↑k + 1 = 0
but is expected to have type
  ¬z = 0
error: Goldbach/BG_Identity.lean:1245:12: maximum recursion depth has been reached
use `set_option maxRecDepth <num>` to increase limit
use `set_option diagnostics true` to get diagnostic information
error: Goldbach/BG_Identity.lean:1251:14: Type mismatch: After simplification, term
  neg_nonpos.mpr hle
 has type
  True
but is expected to have type
  z ≤ 0
error: Goldbach/BG_Identity.lean:1257:6: No goals to be solved
error: Goldbach/BG_Identity.lean:1165:137: unsolved goals
hinner_eq : innerBand = Finset.Icc (-↑H) ↑H
hband :
  (Finset.Icc (-↑H) ↑H).erase 0 =
    Finset.map { toFun := fun k => ↑k.succ, inj' := ⋯ } (Finset.range H) ∪
      Finset.map { toFun := fun k => -↑k.succ, inj' := ⋯ } (Finset.range H)
⊢ ∑ k ∈ innerBand, K_full k = K_full 0 + 2 * ∑ k ∈ Finset.range H, K_full (Int.ofNat k.succ)
error: Goldbach/BG_Identity.lean:1361:16: maximum recursion depth has been reached
use `set_option maxRecDepth <num>` to increase limit
use `set_option diagnostics true` to get diagnostic information
error: Goldbach/BG_Identity.lean:1378:18: maximum recursion depth has been reached
use `set_option maxRecDepth <num>` to increase limit
use `set_option diagnostics true` to get diagnostic information
error: Goldbach/BG_Identity.lean:1390:16: No goals to be solved
error: Goldbach/BG_Identity.lean:1402:4: maximum recursion depth has been reached
use `set_option maxRecDepth <num>` to increase limit
use `set_option diagnostics true` to get diagnostic information
error: Goldbach/BG_Identity.lean:1420:12: maximum recursion depth has been reached
use `set_option maxRecDepth <num>` to increase limit
use `set_option diagnostics true` to get diagnostic information
error: Goldbach/BG_Identity.lean:1426:12: maximum recursion depth has been reached
use `set_option maxRecDepth <num>` to increase limit
use `set_option diagnostics true` to get diagnostic information
error: Goldbach/BG_Identity.lean:1427:2: maximum recursion depth has been reached
use `set_option maxRecDepth <num>` to increase limit
use `set_option diagnostics true` to get diagnostic information
warning: Goldbach/BG_Identity.lean:1360:64: This simp argument is unused:
  mul_left_comm

Hint: Omit it from the simp argument list.
  simp [div_eq_mul_inv, mul_comm, mul_l̵e̵f̵t̵_̵c̵o̵m̵m̵,̵ ̵m̵u̵l̵_̵assoc]

Note: This linter can be disabled with `set_option linter.unusedSimpArgs false`
warning: Goldbach/BG_Identity.lean:1360:79: This simp argument is unused:
  mul_assoc

Hint: Omit it from the simp argument list.
  simp [div_eq_mul_inv, mul_comm, mul_left_comm,̵ ̵m̵u̵l̵_̵a̵s̵s̵o̵c̵]

Note: This linter can be disabled with `set_option linter.unusedSimpArgs false`
warning: Goldbach/BG_Identity.lean:1429:6: declaration uses 'sorry'
error: Goldbach/BG_Identity.lean:1475:21: maximum recursion depth has been reached
use `set_option maxRecDepth <num>` to increase limit
use `set_option diagnostics true` to get diagnostic information
warning: Goldbach/BG_Identity.lean:1503:28: unused variable `X`

Note: This linter can be disabled with `set_option linter.unusedVariables false`
warning: Goldbach/BG_Identity.lean:1503:30: unused variable `N`

Note: This linter can be disabled with `set_option linter.unusedVariables false`
warning: Goldbach/BG_Identity.lean:1504:28: unused variable `X`

Note: This linter can be disabled with `set_option linter.unusedVariables false`
warning: Goldbach/BG_Identity.lean:1504:30: unused variable `N`

Note: This linter can be disabled with `set_option linter.unusedVariables false`
error: Goldbach/BG_Identity.lean:1530:21: maximum recursion depth has been reached
use `set_option maxRecDepth <num>` to increase limit
use `set_option diagnostics true` to get diagnostic information
error: Goldbach/BG_Identity.lean:1629:0: Unexpected name `BG_Identity` after `end`: The current section is unnamed

Hint: Delete the name `BG_Identity` to end the current unnamed scope; outer named scopes can then be closed using additional `end` command(s):
  end ̵B̵G̵_̵I̵d̵e̵n̵t̵i̵t̵y̵
error: Goldbach/BG_Identity.lean:1630:0: Unexpected name `Goldbach` after `end`: The current section is unnamed

Hint: Delete the name `Goldbach` to end the current unnamed scope; outer named scopes can then be closed using additional `end` command(s):
  end ̵G̵o̵l̵d̵b̵a̵c̵h̵
error: Lean exited with code 1
Some required targets logged failures:
- Goldbach.BG_Identity
error: build failed
⚠ [7587/7623] Replayed Goldbach.Compat
warning: Goldbach/Compat.lean:18:2: try 'simp' instead of 'simpa'

Note: This linter can be disabled with `set_option linter.unnecessarySimpa false`
warning: Goldbach/Compat.lean:24:40: unused variable `hb`

Note: This linter can be disabled with `set_option linter.unusedVariables false`
warning: Goldbach/Compat.lean:50:4: try 'simp' instead of 'simpa'

Note: This linter can be disabled with `set_option linter.unnecessarySimpa false`
⚠ [7589/7623] Replayed Goldbach.Windows
warning: Goldbach/Windows.lean:63:4: try 'simp' instead of 'simpa'

Note: This linter can be disabled with `set_option linter.unnecessarySimpa false`
warning: Goldbach/Windows.lean:68:2: try 'simp' instead of 'simpa'

Note: This linter can be disabled with `set_option linter.unnecessarySimpa false`
warning: Goldbach/Windows.lean:68:38: this tactic is never executed

Note: This linter can be disabled with `set_option linter.unreachableTactic false`
warning: Goldbach/Windows.lean:68:38: 'simpa using hmap' tactic does nothing

Note: This linter can be disabled with `set_option linter.unusedTactic false`
⚠ [7591/7623] Replayed Goldbach.Base.FiniteBaseDefs
warning: Goldbach/Base/FiniteBaseDefs.lean:41:17: unused variable `ha`

Note: This linter can be disabled with `set_option linter.unusedVariables false`
warning: Goldbach/Base/FiniteBaseDefs.lean:41:45: unused variable `hc`

Note: This linter can be disabled with `set_option linter.unusedVariables false`
warning: Goldbach/Base/FiniteBaseDefs.lean:42:5: unused variable `hab`

Note: This linter can be disabled with `set_option linter.unusedVariables false`
warning: Goldbach/Base/FiniteBaseDefs.lean:42:19: unused variable `hbc`

Note: This linter can be disabled with `set_option linter.unusedVariables false`
⚠ [7592/7623] Replayed Goldbach.ClosureBridge
warning: Goldbach/ClosureBridge.lean:42:41: try 'simp' instead of 'simpa'

Note: This linter can be disabled with `set_option linter.unnecessarySimpa false`
⚠ [7599/7623] Replayed Goldbach.AO_AssembleEnvelope
warning: Goldbach/AO_AssembleEnvelope.lean:67:20: try 'simp' instead of 'simpa'

Note: This linter can be disabled with `set_option linter.unnecessarySimpa false`
⚠ [7601/7623] Replayed Goldbach.AO_Major
warning: Goldbach/AO_Major.lean:21:13: unused variable `hX`

Note: This linter can be disabled with `set_option linter.unusedVariables false`
warning: Goldbach/AO_Major.lean:21:35: unused variable `hN`

Note: This linter can be disabled with `set_option linter.unusedVariables false`
warning: Goldbach/AO_Major.lean:25:24: This simp argument is unused:
  add_assoc

Hint: Omit it from the simp argument list.
  simp [Goldbach.AO_Major.errAO, Goldbach.AO_Major.weight_mass, Goldbach.AO_Core.errAO,
       ̵ ̵ ̵ ̵sub_eq_add_neg, add_a̵s̵s̵o̵c̵,̵ ̵a̵d̵d̵_̵left_comm, add_comm, mul_assoc]

Note: This linter can be disabled with `set_option linter.unusedSimpArgs false`
warning: Goldbach/AO_Major.lean:25:60: This simp argument is unused:
  mul_assoc

Hint: Omit it from the simp argument list.
  simp [Goldbach.AO_Major.errAO, Goldbach.AO_Major.weight_mass, Goldbach.AO_Core.errAO,
       ̵ ̵ ̵ ̵sub_eq_add_neg, add_assoc, add_left_comm, add_comm,̵ ̵m̵u̵l̵_̵a̵s̵s̵o̵c̵]

Note: This linter can be disabled with `set_option linter.unusedSimpArgs false`
warning: Goldbach/AO_Major.lean:46:5: unused variable `h`

Note: This linter can be disabled with `set_option linter.unusedVariables false`
warning: Goldbach/AO_Major.lean:58:24: This simp argument is unused:
  dif_pos

Hint: Omit it from the simp argument list.
  simp only [MPDF, win, d̵i̵f̵_̵p̵o̵s̵,̵ ̵mul_div_assoc']

Note: This linter can be disabled with `set_option linter.unusedSimpArgs false`
warning: Goldbach/AO_Major.lean:58:33: This simp argument is unused:
  mul_div_assoc'

Hint: Omit it from the simp argument list.
  simp only [MPDF, win, dif_pos,̵ ̵m̵u̵l̵_̵d̵i̵v̵_̵a̵s̵s̵o̵c̵'̵]

Note: This linter can be disabled with `set_option linter.unusedSimpArgs false`
warning: Goldbach/AO_Major.lean:81:69: try 'simp' instead of 'simpa'

Note: This linter can be disabled with `set_option linter.unnecessarySimpa false`
warning: Goldbach/AO_Major.lean:82:68: try 'simp' instead of 'simpa'

Note: This linter can be disabled with `set_option linter.unnecessarySimpa false`
warning: Goldbach/AO_Major.lean:83:68: try 'simp' instead of 'simpa'

Note: This linter can be disabled with `set_option linter.unnecessarySimpa false`
warning: Goldbach/AO_Major.lean:85:90: This simp argument is unused:
  add_assoc

Hint: Omit it from the simp argument list.
  simp [sub_eq_add_neg,̵ ̵a̵d̵d̵_̵a̵s̵s̵o̵c̵]

Note: This linter can be disabled with `set_option linter.unusedSimpArgs false`
warning: Goldbach/AO_Major.lean:101:24: This simp argument is unused:
  dif_pos

Hint: Omit it from the simp argument list.
  simp only [MPDF, win,̵ ̵d̵i̵f̵_̵p̵o̵s̵]

Note: This linter can be disabled with `set_option linter.unusedSimpArgs false`
⚠ [7602/7623] Replayed Goldbach.BG_Bank
warning: Goldbach/BG_Bank.lean:13:25: unused variable `n`

Note: This linter can be disabled with `set_option linter.unusedVariables false`
warning: Goldbach/BG_Bank.lean:75:4: try 'simp' instead of 'simpa'

Note: This linter can be disabled with `set_option linter.unnecessarySimpa false`
warning: Goldbach/BG_Bank.lean:75:25: this tactic is never executed

Note: This linter can be disabled with `set_option linter.unreachableTactic false`
warning: Goldbach/BG_Bank.lean:75:25: 'decide' tactic does nothing

Note: This linter can be disabled with `set_option linter.unusedTactic false`
warning: Goldbach/BG_Bank.lean:288:14: try 'simp' instead of 'simpa'

Note: This linter can be disabled with `set_option linter.unnecessarySimpa false`
warning: Goldbach/BG_Bank.lean:188:42: This simp argument is unused:
  Nat.cast_sub hn_le

Hint: Omit it from the simp argument list.
  simp only [Nat.cast_succ,̵ ̵N̵a̵t̵.̵c̵a̵s̵t̵_̵s̵u̵b̵ ̵h̵n̵_̵l̵e̵]

Note: This linter can be disabled with `set_option linter.unusedSimpArgs false`
warning: Goldbach/BG_Bank.lean:194:24: This simp argument is unused:
  abs_of_nonneg hlog_Nm_nn

Hint: Omit it from the simp argument list.
  simp [hp,̵ ̵a̵b̵s̵_̵o̵f̵_̵n̵o̵n̵n̵e̵g̵ ̵h̵l̵o̵g̵_̵N̵m̵_̵n̵n̵]

Note: This linter can be disabled with `set_option linter.unusedSimpArgs false`
warning: Goldbach/BG_Bank.lean:202:24: This simp argument is unused:
  abs_of_nonneg hlog_Np1_nn

Hint: Omit it from the simp argument list.
  simp [hp,̵ ̵a̵b̵s̵_̵o̵f̵_̵n̵o̵n̵n̵e̵g̵ ̵h̵l̵o̵g̵_̵N̵p̵1̵_̵n̵n̵]

Note: This linter can be disabled with `set_option linter.unusedSimpArgs false`
warning: Goldbach/BG_Bank.lean:218:46: This simp argument is unused:
  mul_comm

Hint: Omit it from the simp argument list.
  simp [abs_mul, mul_assoc, m̵u̵l̵_̵c̵o̵m̵m̵,̵ ̵mul_left_comm]

Note: This linter can be disabled with `set_option linter.unusedSimpArgs false`
warning: Goldbach/BG_Bank.lean:326:20: This simp argument is unused:
  hlogXabs

Hint: Omit it from the simp argument list.
  simp [h̵l̵o̵g̵X̵a̵b̵s̵,̵ ̵mul_comm, mul_left_comm, mul_assoc]

Note: This linter can be disabled with `set_option linter.unusedSimpArgs false`
warning: Goldbach/BG_Bank.lean:326:30: This simp argument is unused:
  mul_comm

Hint: Omit it from the simp argument list.
  simp [hlogXabs, m̵u̵l̵_̵c̵o̵m̵m̵,̵ ̵mul_left_comm, mul_assoc]

Note: This linter can be disabled with `set_option linter.unusedSimpArgs false`
warning: Goldbach/BG_Bank.lean:403:14: try 'simp' instead of 'simpa'

Note: This linter can be disabled with `set_option linter.unnecessarySimpa false`
warning: Goldbach/BG_Bank.lean:405:14: try 'simp' instead of 'simpa'

Note: This linter can be disabled with `set_option linter.unnecessarySimpa false`
warning: Goldbach/BG_Bank.lean:407:40: This simp argument is unused:
  add_comm

Hint: Omit it from the simp argument list.
  simp [div_self, hlogX_ne, add_c̵o̵m̵m̵,̵ ̵a̵d̵d̵_̵left_comm, add_assoc]

Note: This linter can be disabled with `set_option linter.unusedSimpArgs false`
warning: Goldbach/BG_Bank.lean:407:50: This simp argument is unused:
  add_left_comm

Hint: Omit it from the simp argument list.
  simp [div_self, hlogX_ne, add_comm, a̵d̵d̵_̵l̵e̵f̵t̵_̵c̵o̵m̵m̵,̵ ̵add_assoc]

Note: This linter can be disabled with `set_option linter.unusedSimpArgs false`
warning: Goldbach/BG_Bank.lean:407:65: This simp argument is unused:
  add_assoc

Hint: Omit it from the simp argument list.
  simp [div_self, hlogX_ne, add_comm, add_left_comm,̵ ̵a̵d̵d̵_̵a̵s̵s̵o̵c̵]

Note: This linter can be disabled with `set_option linter.unusedSimpArgs false`
warning: Goldbach/BG_Bank.lean:547:63: try 'simp' instead of 'simpa'

Note: This linter can be disabled with `set_option linter.unnecessarySimpa false`
warning: Goldbach/BG_Bank.lean:550:47: This simp argument is unused:
  add_comm

Hint: Omit it from the simp argument list.
  simp [add_div, div_self, hlogX_ne, add_c̵o̵m̵m̵,̵ ̵a̵d̵d̵_̵left_comm, add_assoc]

Note: This linter can be disabled with `set_option linter.unusedSimpArgs false`
warning: Goldbach/BG_Bank.lean:550:57: This simp argument is unused:
  add_left_comm

Hint: Omit it from the simp argument list.
  simp [add_div, div_self, hlogX_ne, add_comm, a̵d̵d̵_̵l̵e̵f̵t̵_̵c̵o̵m̵m̵,̵ ̵add_assoc]

Note: This linter can be disabled with `set_option linter.unusedSimpArgs false`
warning: Goldbach/BG_Bank.lean:550:72: This simp argument is unused:
  add_assoc

Hint: Omit it from the simp argument list.
  simp [add_div, div_self, hlogX_ne, add_comm, add_left_comm,̵ ̵a̵d̵d̵_̵a̵s̵s̵o̵c̵]

Note: This linter can be disabled with `set_option linter.unusedSimpArgs false`
warning: Goldbach/BG_Bank.lean:559:56: This simp argument is unused:
  add_left_comm

Hint: Omit it from the simp argument list.
  simp [c, Nat.cast_add, Nat.cast_one, add_assoc, a̵d̵d̵_̵l̵e̵f̵t̵_̵c̵o̵m̵m̵,̵ ̵add_comm, add_div, div_self hX0_ne]

Note: This linter can be disabled with `set_option linter.unusedSimpArgs false`
⚠ [7603/7623] Replayed Goldbach.BG_Operator
warning: Goldbach/BG_Operator.lean:31:2: try 'simp' instead of 'simpa'

Note: This linter can be disabled with `set_option linter.unnecessarySimpa false`
warning: Goldbach/BG_Operator.lean:98:2: try 'simp' instead of 'simpa'

Note: This linter can be disabled with `set_option linter.unnecessarySimpa false`
⚠ [7605/7623] Replayed Goldbach.SingularSeries
warning: Goldbach/SingularSeries.lean:40:5: unused variable `h`

Note: This linter can be disabled with `set_option linter.unusedVariables false`
warning: Goldbach/SingularSeries.lean:88:8: `Finset.eq_empty_iff_forall_not_mem` has been deprecated: Use `Finset.eq_empty_iff_forall_notMem` instead
warning: Goldbach/SingularSeries.lean:98:4: try 'simp' instead of 'simpa'

Note: This linter can be disabled with `set_option linter.unnecessarySimpa false`
warning: Goldbach/SingularSeries.lean:99:28: this tactic is never executed

Note: This linter can be disabled with `set_option linter.unreachableTactic false`
warning: Goldbach/SingularSeries.lean:99:57: this tactic is never executed

Note: This linter can be disabled with `set_option linter.unreachableTactic false`
warning: Goldbach/SingularSeries.lean:99:28: 'decide' tactic does nothing

Note: This linter can be disabled with `set_option linter.unusedTactic false`
warning: Goldbach/SingularSeries.lean:99:57: 'decide' tactic does nothing

Note: This linter can be disabled with `set_option linter.unusedTactic false`
⚠ [7607/7623] Replayed Goldbach.PPNumerics
warning: Goldbach/PPNumerics.lean:24:42: try 'simp' instead of 'simpa'

Note: This linter can be disabled with `set_option linter.unnecessarySimpa false`
warning: Goldbach/PPNumerics.lean:27:6: try 'simp' instead of 'simpa'

Note: This linter can be disabled with `set_option linter.unnecessarySimpa false`
⚠ [7608/7623] Replayed Goldbach.PPBoundSquares
warning: Goldbach/PPBoundSquares.lean:41:8: try 'simp' instead of 'simpa'

Note: This linter can be disabled with `set_option linter.unnecessarySimpa false`
warning: Goldbach/PPBoundSquares.lean:228:10: try 'simp' instead of 'simpa'

Note: This linter can be disabled with `set_option linter.unnecessarySimpa false`
⚠ [7610/7623] Replayed Goldbach.AnalyticGlobal
warning: Goldbach/AnalyticGlobal.lean:65:28: This simp argument is unused:
  one_div

Hint: Omit it from the simp argument list.
  simp [div_eq_mul_inv, o̵n̵e̵_̵d̵i̵v̵,̵ ̵mul_comm]

Note: This linter can be disabled with `set_option linter.unusedSimpArgs false`
warning: Goldbach/AnalyticGlobal.lean:68:30: This simp argument is unused:
  one_div

Hint: Omit it from the simp argument list.
  simp [div_eq_mul_inv, o̵n̵e̵_̵d̵i̵v̵,̵ ̵mul_comm]

Note: This linter can be disabled with `set_option linter.unusedSimpArgs false`
warning: Goldbach/AnalyticGlobal.lean:70:39: This simp argument is unused:
  mul_left_comm

Hint: Omit it from the simp argument list.
  simp [one_div, S_ne, mul_comm, mul_l̵e̵f̵t̵_̵c̵o̵m̵m̵,̵ ̵m̵u̵l̵_̵assoc]

Note: This linter can be disabled with `set_option linter.unusedSimpArgs false`
warning: Goldbach/AnalyticGlobal.lean:70:54: This simp argument is unused:
  mul_assoc

Hint: Omit it from the simp argument list.
  simp [one_div, S_ne, mul_comm, mul_left_comm,̵ ̵m̵u̵l̵_̵a̵s̵s̵o̵c̵]

Note: This linter can be disabled with `set_option linter.unusedSimpArgs false`
⚠ [7611/7623] Replayed Goldbach.BankPieces
warning: Goldbach/BankPieces.lean:15:63: `class ... :=` has been deprecated in favor of `class ... where`.

Note: This linter can be disabled with `set_option linter.deprecated false`
⚠ [7613/7623] Replayed Goldbach.Analytic.MajorBoundFromSigma
warning: Goldbach/Analytic/MajorBoundFromSigma.lean:21:75: `structure ... :=` has been deprecated in favor of `structure ... where`.

Note: This linter can be disabled with `set_option linter.deprecated false`
⚠ [7614/7623] Replayed Goldbach.Analytic.NumericSigma
warning: Goldbach/Analytic/NumericSigma.lean:23:32: unused variable `hX`

Note: This linter can be disabled with `set_option linter.unusedVariables false`
✖ [7620/7623] Building Goldbach.BG_Identity (84s)
trace: .> LEAN_PATH=/Users/benjaminnelson/Desktop/nerd shit/goldbach/builds/Goldbach/.lake/packages/Cli/.lake/build/lib/lean:/Users/benjaminnelson/Desktop/nerd shit/goldbach/builds/Goldbach/.lake/packages/batteries/.lake/build/lib/lean:/Users/benjaminnelson/Desktop/nerd shit/goldbach/builds/Goldbach/.lake/packages/Qq/.lake/build/lib/lean:/Users/benjaminnelson/Desktop/nerd shit/goldbach/builds/Goldbach/.lake/packages/aesop/.lake/build/lib/lean:/Users/benjaminnelson/Desktop/nerd shit/goldbach/builds/Goldbach/.lake/packages/proofwidgets/.lake/build/lib/lean:/Users/benjaminnelson/Desktop/nerd shit/goldbach/builds/Goldbach/.lake/packages/importGraph/.lake/build/lib/lean:/Users/benjaminnelson/Desktop/nerd shit/goldbach/builds/Goldbach/.lake/packages/LeanSearchClient/.lake/build/lib/lean:/Users/benjaminnelson/Desktop/nerd shit/goldbach/builds/Goldbach/.lake/packages/plausible/.lake/build/lib/lean:/Users/benjaminnelson/Desktop/nerd shit/goldbach/builds/Goldbach/.lake/packages/mathlib/.lake/build/lib/lean:/Users/benjaminnelson/Desktop/nerd shit/goldbach/builds/Goldbach/.lake/build/lib/lean /Users/benjaminnelson/.elan/toolchains/leanprover--lean4---v4.26.0-rc2/bin/lean /Users/benjaminnelson/Desktop/nerd shit/goldbach/builds/Goldbach/Goldbach/BG_Identity.lean -o /Users/benjaminnelson/Desktop/nerd shit/goldbach/builds/Goldbach/.lake/build/lib/lean/Goldbach/BG_Identity.olean -i /Users/benjaminnelson/Desktop/nerd shit/goldbach/builds/Goldbach/.lake/build/lib/lean/Goldbach/BG_Identity.ilean -c /Users/benjaminnelson/Desktop/nerd shit/goldbach/builds/Goldbach/.lake/build/ir/Goldbach/BG_Identity.c --setup /Users/benjaminnelson/Desktop/nerd shit/goldbach/builds/Goldbach/.lake/build/ir/Goldbach/BG_Identity.setup.json --json
warning: Goldbach/BG_Identity.lean:149:48: This simp argument is unused:
  add_comm

Hint: Omit it from the simp argument list.
  simp [Finset.sum_insert, hk, ih, mul_add, a̵d̵d̵_̵c̵o̵m̵m̵,̵ ̵add_left_comm, add_assoc, mul_comm, mul_left_comm,
  ̲  ̲ ̲ ̲ ̲ ̲ ̲ ̲mul_assoc]

Note: This linter can be disabled with `set_option linter.unusedSimpArgs false`
warning: Goldbach/BG_Identity.lean:149:58: This simp argument is unused:
  add_left_comm

Hint: Omit it from the simp argument list.
  simp [Finset.sum_insert, hk, ih, mul_add, add_comm, a̵d̵d̵_̵l̵e̵f̵t̵_̵c̵o̵m̵m̵,̵add_assoc, mul_comm, mul_left_comm,
  ̲  ̲ ̲ ̲ ̲ ̲ ̲ ̲mul_assoc]

Note: This linter can be disabled with `set_option linter.unusedSimpArgs false`
warning: Goldbach/BG_Identity.lean:150:12: This simp argument is unused:
  add_assoc

Hint: Omit it from the simp argument list.
  simp [Finset.sum_insert, hk, ih, mul_add, add_comm, add_left_comm, a̵d̵d̵_̵a̵s̵s̵o̵c̵,̵ ̵mul_comm, mul_left_comm,
  ̲  ̲ ̲ ̲ ̲ ̲ ̲ ̲mul_assoc]

Note: This linter can be disabled with `set_option linter.unusedSimpArgs false`
warning: Goldbach/BG_Identity.lean:150:23: This simp argument is unused:
  mul_comm

Hint: Omit it from the simp argument list.
  simp [Finset.sum_insert, hk, ih, mul_add, add_comm, add_left_comm, add_assoc, m̵u̵l̵_̵c̵o̵m̵m̵,̵ ̵mul_left_comm,
  ̲  ̲ ̲ ̲ ̲ ̲ ̲ ̲mul_assoc]

Note: This linter can be disabled with `set_option linter.unusedSimpArgs false`
warning: Goldbach/BG_Identity.lean:150:33: This simp argument is unused:
  mul_left_comm

Hint: Omit it from the simp argument list.
  simp [Finset.sum_insert, hk, ih, mul_add, add_comm, add_left_comm, add_assoc, mul_comm,
  ̲  ̲ ̲ ̲ ̲ ̲ ̲ ̲m̵u̵l̵_̵l̵e̵f̵t̵_̵c̵o̵m̵m̵,̵ ̵mul_assoc]

Note: This linter can be disabled with `set_option linter.unusedSimpArgs false`
warning: Goldbach/BG_Identity.lean:150:48: This simp argument is unused:
  mul_assoc

Hint: Omit it from the simp argument list.
  simp [Finset.sum_insert, hk, ih, mul_add, add_comm, add_left_comm, add_assoc, mul_comm,
  ̲  ̲ ̲ ̲ ̲ ̲ ̲ ̲m̵u̵l̵_̵l̵e̵f̵t̵_̵c̵o̵m̵m̵,̵ ̵m̵u̵l̵_̵a̵s̵s̵o̵c̵]̵m̲u̲l̲_̲l̲e̲f̲t̲_̲c̲o̲m̲m̲]̲

Note: This linter can be disabled with `set_option linter.unusedSimpArgs false`
error: Goldbach/BG_Identity.lean:197:76: unsolved goals
m : ℕ
hm : m ≤ Ucut
hnonneg : 0 ≤ 1 - ↑m / ↑Ucut
hmax : max (1 - ↑m / ↑Ucut) 0 = 1 - ↑m / ↑Ucut
⊢ max (1 - ↑m / (↑H + ↑((H + 99) / 100))) 0 / (↑H + ↑((H + 99) / 100)) =
    (1 - ↑m / (↑H + ↑((H + 99) / 100))) / (↑H + ↑((H + 99) / 100))
warning: Goldbach/BG_Identity.lean:204:12: This simp argument is unused:
  hU

Hint: Omit it from the simp argument list.
  simp [hU̵,̵ ̵h̵m0]

Note: This linter can be disabled with `set_option linter.unusedSimpArgs false`
warning: Goldbach/BG_Identity.lean:215:8: This simp argument is unused:
  hmax

Hint: Omit it from the simp argument list.
  simp ̵[̵h̵m̵a̵x̵]̵

Note: This linter can be disabled with `set_option linter.unusedSimpArgs false`
warning: Goldbach/BG_Identity.lean:241:10: This simp argument is unused:
  Finset.sum_insert

Hint: Omit it from the simp argument list.
  simp [̵F̵i̵n̵s̵e̵t̵.̵s̵u̵m̵_̵i̵n̵s̵e̵r̵t̵,̵ ̵h̵a̵,̵[̲h̲a̲,̲ ih, mul_add, add_comm, add_left_comm, add_assoc, mul_comm, mul_left_comm, mul_assoc]

Note: This linter can be disabled with `set_option linter.unusedSimpArgs false`
warning: Goldbach/BG_Identity.lean:241:33: This simp argument is unused:
  ih

Hint: Omit it from the simp argument list.
  simp [Finset.sum_insert, ha, i̵h̵,̵ ̵mul_add, add_comm, add_left_comm,
  ̵  ̵ ̵ ̵ ̵ ̵ ̵ ̵ ̵ ̵add_assoc, mul_comm,
  ̲  ̲ ̲ ̲ ̲ ̲mul_left_comm, mul_assoc]

Note: This linter can be disabled with `set_option linter.unusedSimpArgs false`
warning: Goldbach/BG_Identity.lean:241:56: This simp argument is unused:
  add_left_comm

Hint: Omit it from the simp argument list.
  simp [Finset.sum_insert, ha, ih, mul_add, add_comm, a̵d̵d̵_̵l̵e̵f̵t̵_̵c̵o̵m̵m̵,̵add_assoc, mul_comm, mul_left_comm,
  ̲  ̲ ̲ ̲ ̲ ̲mul_assoc]

Note: This linter can be disabled with `set_option linter.unusedSimpArgs false`
warning: Goldbach/BG_Identity.lean:242:10: This simp argument is unused:
  add_assoc

Hint: Omit it from the simp argument list.
  simp [Finset.sum_insert, ha, ih, mul_add, add_comm, add_left_comm, a̵d̵d̵_̵a̵s̵s̵o̵c̵,̵ ̵mul_comm, mul_left_comm,
  ̲  ̲ ̲ ̲ ̲ ̲mul_assoc]

Note: This linter can be disabled with `set_option linter.unusedSimpArgs false`
warning: Goldbach/BG_Identity.lean:242:31: This simp argument is unused:
  mul_left_comm

Hint: Omit it from the simp argument list.
  simp [Finset.sum_insert, ha, ih, mul_add, add_comm, add_left_comm, add_assoc, mul_comm,
  ̲  ̲ ̲ ̲ ̲ ̲m̵u̵l̵_̵l̵e̵f̵t̵_̵c̵o̵m̵m̵,̵ ̵mul_assoc]

Note: This linter can be disabled with `set_option linter.unusedSimpArgs false`
warning: Goldbach/BG_Identity.lean:242:46: This simp argument is unused:
  mul_assoc

Hint: Omit it from the simp argument list.
  simp [Finset.sum_insert, ha, ih, mul_add, add_comm, add_left_comm, add_assoc, mul_comm,
  ̲  ̲ ̲ ̲ ̲ ̲m̵u̵l̵_̵l̵e̵f̵t̵_̵c̵o̵m̵m̵,̵ ̵m̵u̵l̵_̵a̵s̵s̵o̵c̵]̵m̲u̲l̲_̲l̲e̲f̲t̲_̲c̲o̲m̲m̲]̲

Note: This linter can be disabled with `set_option linter.unusedSimpArgs false`
error: Goldbach/BG_Identity.lean:266:6: Type mismatch: After simplification, term
  this
 has type
  True
but is expected to have type
  ↑n + 2 = ↑n + 1 + 1 ∨ ↑n + 1 = 0
error: Goldbach/BG_Identity.lean:267:4: Tactic `assumption` failed

case succ
n : ℕ
ih : ∑ k ∈ Finset.range n, ↑k.succ = ↑n * (↑n + 1) / 2
h : ∑ x ∈ Finset.range (n + 1), ↑x.succ = ∑ x ∈ Finset.range n, ↑x.succ + ↑n.succ
h' : ∑ k ∈ Finset.range n.succ, ↑k.succ = ∑ k ∈ Finset.range n, ↑k.succ + ↑n.succ
h'' : ↑n * (↑n + 1) / 2 + ↑n.succ = ↑n.succ * (↑n.succ + 1) / 2
⊢ ∑ x ∈ Finset.range (n + 1), (↑x + 1) = (↑n + 1) * (↑n + 1 + 1) / 2
warning: Goldbach/BG_Identity.lean:363:6: declaration uses 'sorry'
warning: Goldbach/BG_Identity.lean:392:23: This simp argument is unused:
  Int.ofNat_sub hHN

Hint: Omit it from the simp argument list.
  simp only [̵I̵n̵t̵.̵o̵f̵N̵a̵t̵_̵s̵u̵b̵ ̵h̵H̵N̵]̵ ̵at hZint

Note: This linter can be disabled with `set_option linter.unusedSimpArgs false`
warning: Goldbach/BG_Identity.lean:457:4: try 'simp' instead of 'simpa'

Note: This linter can be disabled with `set_option linter.unnecessarySimpa false`
warning: Goldbach/BG_Identity.lean:480:25: try 'simp' instead of 'simpa'

Note: This linter can be disabled with `set_option linter.unnecessarySimpa false`
warning: Goldbach/BG_Identity.lean:523:6: declaration uses 'sorry'
warning: Goldbach/BG_Identity.lean:560:15: unused variable `hX`

Note: This linter can be disabled with `set_option linter.unusedVariables false`
warning: Goldbach/BG_Identity.lean:561:5: unused variable `hN`

Note: This linter can be disabled with `set_option linter.unusedVariables false`
warning: Goldbach/BG_Identity.lean:593:5: unused variable `hk`

Note: This linter can be disabled with `set_option linter.unusedVariables false`
warning: Goldbach/BG_Identity.lean:618:28: This simp argument is unused:
  hUpos.ne'

Hint: Omit it from the simp argument list.
  s̵i̵m̵p̵ ̵[̵K̵_̵f̵u̵l̵l̵,̵ ̵K̵_̵f̵u̵l̵l̵_̵r̵a̵w̵,̵ ̵h̵U̵p̵o̵s̵.̵n̵e̵'̵]̵ ̵a̵t̵ ̵*̵s̲i̲m̲p̲ ̲[̲K̲_̲f̲u̲l̲l̲,̲
  ̲ ̲ ̲ ̲ ̲K̲_̲f̲u̲l̲l̲_̲r̲a̲w̲]̲ ̲a̲t̲ ̲*̲
  ̲ ̲ ̲ ̲ ̲ ̲ ̲-̲-̲ ̲a̲f̲t̲e̲r̲ ̲s̲i̲m̲p̲,̲ ̲g̲o̲a̲l̲ ̲b̲e̲c̲o̲m̲e̲s̲ ̲`̲0̲ ̲<̲ ̲1̲ ̲/̲ ̲(̲U̲c̲u̲t̲:̲ℝ̲)̲`̲
  ̲ ̲ ̲ ̲ ̲ ̲ ̲

Note: This linter can be disabled with `set_option linter.unusedSimpArgs false`
warning: Goldbach/BG_Identity.lean:643:5: unused variable `h`

Note: This linter can be disabled with `set_option linter.unusedVariables false`
warning: Goldbach/BG_Identity.lean:650:5: unused variable `h`

Note: This linter can be disabled with `set_option linter.unusedVariables false`
warning: Goldbach/BG_Identity.lean:666:25: unused variable `X`

Note: This linter can be disabled with `set_option linter.unusedVariables false`
warning: Goldbach/BG_Identity.lean:666:27: unused variable `N`

Note: This linter can be disabled with `set_option linter.unusedVariables false`
warning: Goldbach/BG_Identity.lean:690:5: unused variable `h`

Note: This linter can be disabled with `set_option linter.unusedVariables false`
error: Goldbach/BG_Identity.lean:704:10: Unknown identifier `Kernel.conv_ref_const_eq_sigma_mass_of`
warning: Goldbach/BG_Identity.lean:719:8: try 'simp' instead of 'simpa'

Note: This linter can be disabled with `set_option linter.unnecessarySimpa false`
warning: Goldbach/BG_Identity.lean:747:34: unused variable `hk`

Note: This linter can be disabled with `set_option linter.unusedVariables false`
warning: Goldbach/BG_Identity.lean:751:35: unused variable `hk`

Note: This linter can be disabled with `set_option linter.unusedVariables false`
error: Goldbach/BG_Identity.lean:808:20: failed to synthesize
  HMul (ℕ → ℝ) ℝ ?m.11

Hint: Additional diagnostic information may be available using the `set_option diagnostics true` command.
error: Goldbach/BG_Identity.lean:816:20: typeclass instance problem is stuck
  HMul (ℕ → ℝ) ?m.14 ℝ

Note: Lean will not try to resolve this typeclass instance problem because the second type argument to `HMul` is a metavariable. This argument must be fully determined before Lean will try to resolve the typeclass.

Hint: Adding type annotations and supplying implicit arguments to functions can give Lean more information for typeclass resolution. For example, if you have a variable `x` that you intend to be a `Nat`, but Lean reports it as having an unresolved type like `?m`, replacing `x` with `(x : Nat)` can get typeclass resolution un-stuck.
error: Goldbach/BG_Identity.lean:826:60: unsolved goals
⊢ False
error: Goldbach/BG_Identity.lean:844:58: unsolved goals
⊢ -((↑H + 99) / 100) ≤ ↑H ∧ 0 ≤ ↑H + (↑H + 99) / 100
error: Goldbach/BG_Identity.lean:866:26: Unknown constant `Int.natAbs_eq_ofNat_abs`
error: Goldbach/BG_Identity.lean:872:12: linarith failed to find a contradiction
case h
h0 : 0 ∈ bandU
z : ℤ
hz : z ∈ bandU.erase 0
hzIcc : z ∈ Finset.Icc (-↑Ucut) ↑Ucut
hz0 : z ≠ 0
this : -↑Ucut ≤ z ∧ z ≤ ↑Ucut
hle : z ≤ ↑Ucut
hneg : -↑Ucut ≤ z
hz' : ↑z.natAbs = max (-z) z
a✝ : ↑Ucut < ↑z.natAbs
⊢ False
failed
error: Goldbach/BG_Identity.lean:880:59: mod_cast has type
  ?m.225 = ?m.225
but is expected to have type
  z.natAbs = 0
error: Goldbach/BG_Identity.lean:884:12: Type mismatch
  hzabs0
has type
  z.natAbs = 0
but is expected to have type
  z.natAbs ≠ 0
error: Goldbach/BG_Identity.lean:886:17: Invalid `⟨...⟩` notation: The expected type
  z.natAbs - 1 < Ucut ∧ z = Int.ofNat (z.natAbs - 1).succ ∨ z = -Int.ofNat (z.natAbs - 1).succ
has more than one constructor

Note: This notation can only be used when the expected type is an inductive type with a single constructor
error: Goldbach/BG_Identity.lean:887:10: No goals to be solved
error: Goldbach/BG_Identity.lean:900:69: Application type mismatch: The argument
  hkpos
has type
  k < Ucut
but is expected to have type
  k ∈ Finset.range Ucut
in the application
  And.intro hkpos
error: Goldbach/BG_Identity.lean:855:6: unsolved goals
case h.mp.inr
h0 : 0 ∈ bandU
z : ℤ
hz : z ∈ bandU.erase 0
hzIcc : z ∈ Finset.Icc (-↑Ucut) ↑Ucut
hz0 : z ≠ 0
hzAbs : z.natAbs ≤ Ucut
k : ℕ
h✝ : z = -Int.ofNat k.succ
⊢ z ∈
    Finset.map { toFun := fun k => ↑k.succ, inj' := ⋯ } (Finset.range Ucut) ∪
      Finset.map { toFun := fun k => -↑k.succ, inj' := ⋯ } (Finset.range Ucut)
error: Goldbach/BG_Identity.lean:901:54: unsolved goals
h0 : 0 ∈ bandU
z : ℤ
⊢ K_full_raw (H + (H + 99) / 100) 0 = (↑H + ↑((H + 99) / 100))⁻¹
error: Goldbach/BG_Identity.lean:914:34: maximum recursion depth has been reached
use `set_option maxRecDepth <num>` to increase limit
use `set_option diagnostics true` to get diagnostic information
error: Goldbach/BG_Identity.lean:915:28: Type mismatch
  hk
has type
  k ∈ Finset.map { toFun := fun k => ↑k.succ, inj' := ⋯ } (Finset.range Ucut)
but is expected to have type
  ∀ (a₂ : ℤ) (ha₂ : a₂ ∈ Finset.map { toFun := fun k => ↑k.succ, inj' := ⋯ } (Finset.range Ucut)),
    (fun k hk => k) k hk = (fun k hk => k) a₂ ha₂ → k = a₂
error: Goldbach/BG_Identity.lean:916:14: unsolved goals
case heq
h0 : 0 ∈ bandU
z : ℤ
h0val : K_full 0 = 1 / ↑Ucut
k : ℤ
hk : k ∈ Finset.map { toFun := fun k => -↑k.succ, inj' := ⋯ } (Finset.range Ucut)
⊢ ∃ a < H + (H + 99) / 100, ↑a + 1 = k
error: Goldbach/BG_Identity.lean:917:28: Type mismatch
  hk
has type
  k ∈ Finset.map { toFun := fun k => ↑k.succ, inj' := ⋯ } (Finset.range Ucut)
but is expected to have type
  K_full k = K_full ((fun k hk => k) k hk)
error: Goldbach/BG_Identity.lean:934:68: Type mismatch: After simplification, term
  hbEq
 has type
  -1 + -↑b' = ↑a' + 1
but is expected to have type
  ↑a' + 1 = -1 + -↑b'
error: Goldbach/BG_Identity.lean:935:16: linarith failed to find a contradiction
h0 : 0 ∈ bandU
z : ℤ
h0val : K_full 0 = 1 / ↑Ucut
hpair :
  ∑ k ∈ Finset.map { toFun := fun k => ↑k.succ, inj' := ⋯ } (Finset.range Ucut), K_full k =
    ∑ k ∈ Finset.map { toFun := fun k => -↑k.succ, inj' := ⋯ } (Finset.range Ucut), K_full k
a' : ℕ
ha' : a' ∈ Finset.range Ucut
ha :
  { toFun := fun k => ↑k.succ, inj' := ⋯ } a' ∈ Finset.map { toFun := fun k => ↑k.succ, inj' := ⋯ } (Finset.range Ucut)
hb :
  { toFun := fun k => ↑k.succ, inj' := ⋯ } a' ∈ Finset.map { toFun := fun k => -↑k.succ, inj' := ⋯ } (Finset.range Ucut)
b' : ℕ
hb' : b' ∈ Finset.range Ucut
hbEq : { toFun := fun k => -↑k.succ, inj' := ⋯ } b' = { toFun := fun k => ↑k.succ, inj' := ⋯ } a'
hbPos : ↑b'.succ ≠ 0
this : ↑a'.succ = -↑b'.succ
⊢ False
failed
error: Goldbach/BG_Identity.lean:952:92: Unknown identifier `hpos`
error: Goldbach/BG_Identity.lean:954:6: 'calc' expression has type
  ∑ k ∈ bandU, K_full k = K_full 0 + 2 * ∑ k ∈ Finset.range Ucut, K_full (Int.ofNat k.succ)
but is expected to have type
  z ∈
      Finset.map { toFun := fun k => ↑k.succ, inj' := ⋯ } (Finset.range Ucut) ∪
        Finset.map { toFun := fun k => -↑k.succ, inj' := ⋯ } (Finset.range Ucut) →
    z ∈ bandU.erase 0
error: Goldbach/BG_Identity.lean:841:93: unsolved goals
h0 : 0 ∈ bandU
hpos :
  bandU.erase 0 =
    Finset.map { toFun := fun k => ↑k.succ, inj' := ⋯ } (Finset.range Ucut) ∪
      Finset.map { toFun := fun k => -↑k.succ, inj' := ⋯ } (Finset.range Ucut)
⊢ ∑ k ∈ bandU, K_full k = K_full 0 + 2 * ∑ k ∈ Finset.range Ucut, K_full (Int.ofNat k.succ)
error: Goldbach/BG_Identity.lean:957:22: maximum recursion depth has been reached
use `set_option maxRecDepth <num>` to increase limit
use `set_option diagnostics true` to get diagnostic information
warning: Goldbach/BG_Identity.lean:959:10: try 'simp' instead of 'simpa'

Note: This linter can be disabled with `set_option linter.unnecessarySimpa false`
warning: Goldbach/BG_Identity.lean:978:22: `Finset.range_succ` has been deprecated: Use `Finset.range_add_one` instead
error: Goldbach/BG_Identity.lean:976:72: unsolved goals
hsplit : ∑ k ∈ bandU, K_full k = K_full 0 + 2 * ∑ k ∈ Finset.range Ucut, K_full (Int.ofNat k.succ)
hsum1 : ∑ k ∈ Finset.range Ucut, 1 = ↑Ucut
this : ∑ i ∈ Finset.range Ucut.succ, i = Ucut.succ * (Ucut.succ - 1) / 2
⊢ H + (H + 99) / 100 + ∑ x ∈ Finset.range (H + (H + 99) / 100), x =
    ∑ x ∈ Finset.range (H + (H + 99) / 100), x + (H + (H + 99) / 100)
error: Goldbach/BG_Identity.lean:980:10: Type mismatch: After simplification, term
  Finset.sum_range_id
 has type
  ∀ (n : ℕ), ∑ i ∈ Finset.range n, i = n * (n - 1) / 2
but is expected to have type
  ∑ i ∈ Finset.range (H + (H + 99) / 100 + 1), i = (H + (H + 99) / 100 + 1) * (H + (H + 99) / 100) / 2
error: Goldbach/BG_Identity.lean:981:8: linarith failed to find a contradiction
case h1.h
hsplit : ∑ k ∈ bandU, K_full k = K_full 0 + 2 * ∑ k ∈ Finset.range Ucut, K_full (Int.ofNat k.succ)
hsum1 : ∑ k ∈ Finset.range Ucut, 1 = ↑Ucut
this : ∑ i ∈ Finset.range Ucut.succ, i = Ucut.succ * (Ucut.succ - 1) / 2
hrewrite : ∑ i ∈ Finset.range Ucut.succ, i = ∑ k ∈ Finset.range Ucut, k.succ
hs : ∑ i ∈ Finset.range Ucut.succ, i = Ucut.succ * Ucut / 2
a✝ : ∑ k ∈ Finset.range Ucut, k.succ < Ucut * (Ucut + 1) / 2
⊢ False
failed
error: Goldbach/BG_Identity.lean:983:6: maximum recursion depth has been reached
use `set_option maxRecDepth <num>` to increase limit
use `set_option diagnostics true` to get diagnostic information
error: Goldbach/BG_Identity.lean:990:16: maximum recursion depth has been reached
use `set_option maxRecDepth <num>` to increase limit
use `set_option diagnostics true` to get diagnostic information
error: Goldbach/BG_Identity.lean:1002:68: unsolved goals
hsplit : ∑ k ∈ bandU, K_full k = K_full 0 + 2 * ∑ k ∈ Finset.range Ucut, K_full (Int.ofNat k.succ)
hsum1 : ∑ k ∈ Finset.range Ucut, 1 = ↑Ucut
hsumk : ∑ k ∈ Finset.range Ucut, ↑k.succ = ↑Ucut * (↑Ucut + 1) / 2
hUpos : 0 < ↑Ucut
hUpos' : ↑Ucut ≠ 0
⊢ (↑H + ↑((H + 99) / 100) - ∑ x ∈ Finset.range (H + (H + 99) / 100), (↑x + 1) / (↑H + ↑((H + 99) / 100))) /
      (↑H + ↑((H + 99) / 100)) =
    (↑H + ↑((H + 99) / 100))⁻¹ *
      (↑H + ↑((H + 99) / 100) - ∑ x ∈ Finset.range (H + (H + 99) / 100), (↑x + 1) / (↑H + ↑((H + 99) / 100)))
info: Goldbach/BG_Identity.lean:1008:8: Try this:
  [apply] ring_nf
  
  The `ring` tactic failed to close the goal. Use `ring_nf` to obtain a normal form.
    
  Note that `ring` works primarily in *commutative* rings. If you have a noncommutative ring, abelian group or module, consider using `noncomm_ring`, `abel` or `module` instead.
error: Goldbach/BG_Identity.lean:1005:96: unsolved goals
hsplit : ∑ k ∈ bandU, K_full k = K_full 0 + 2 * ∑ k ∈ Finset.range Ucut, K_full (Int.ofNat k.succ)
hsum1 : ∑ k ∈ Finset.range Ucut, 1 = ↑Ucut
hsumk : ∑ k ∈ Finset.range Ucut, ↑k.succ = ↑Ucut * (↑Ucut + 1) / 2
hUpos : 0 < ↑Ucut
hUpos' : ↑Ucut ≠ 0
⊢ ↑Ucut * (↑Ucut)⁻¹ - (↑Ucut)⁻¹ * ∑ x ∈ Finset.range Ucut, (↑Ucut)⁻¹ * ↑x.succ =
    ↑Ucut * (↑Ucut)⁻¹ + ↑Ucut * (↑Ucut)⁻¹ ^ 2 * (-1 / 2) + ↑Ucut ^ 2 * (↑Ucut)⁻¹ ^ 2 * (-1 / 2)
info: Goldbach/BG_Identity.lean:1010:33: Try this:
  [apply] ring_nf
  
  The `ring` tactic failed to close the goal. Use `ring_nf` to obtain a normal form.
    
  Note that `ring` works primarily in *commutative* rings. If you have a noncommutative ring, abelian group or module, consider using `noncomm_ring`, `abel` or `module` instead.
error: Goldbach/BG_Identity.lean:1009:34: unsolved goals
hsplit : ∑ k ∈ bandU, K_full k = K_full 0 + 2 * ∑ k ∈ Finset.range Ucut, K_full (Int.ofNat k.succ)
hsum1 : ∑ k ∈ Finset.range Ucut, 1 = ↑Ucut
hsumk : ∑ k ∈ Finset.range Ucut, ↑k.succ = ↑Ucut * (↑Ucut + 1) / 2
hUpos : 0 < ↑Ucut
⊢ -1 + ↑Ucut = -↑Ucut + ↑Ucut ^ 2
error: Goldbach/BG_Identity.lean:1019:58: unsolved goals
hsplit : ∑ k ∈ bandU, K_full k = K_full 0 + 2 * ∑ k ∈ Finset.range Ucut, K_full (Int.ofNat k.succ)
hpos_eval : ∑ k ∈ Finset.range Ucut, K_full (Int.ofNat k.succ) = (↑Ucut - 1) / 2
hUpos : ↑Ucut ≠ 0
this : ∑ k ∈ bandU, K_full k = K_full 0 + 2 * ∑ k ∈ Finset.range Ucut, K_full (Int.ofNat k.succ)
⊢ K_full_raw (H + (H + 99) / 100) 0 = (↑H + ↑((H + 99) / 100))⁻¹
info: Goldbach/BG_Identity.lean:1028:6: Try this:
  [apply] ring_nf
  
  The `ring` tactic failed to close the goal. Use `ring_nf` to obtain a normal form.
    
  Note that `ring` works primarily in *commutative* rings. If you have a noncommutative ring, abelian group or module, consider using `noncomm_ring`, `abel` or `module` instead.
error: Goldbach/BG_Identity.lean:1022:13: unsolved goals
hsplit : ∑ k ∈ bandU, K_full k = K_full 0 + 2 * ∑ k ∈ Finset.range Ucut, K_full (Int.ofNat k.succ)
hpos_eval : ∑ k ∈ Finset.range Ucut, K_full (Int.ofNat k.succ) = (↑Ucut - 1) / 2
hUpos hUpos' : ↑Ucut ≠ 0
hUpos'' : 0 < ↑Ucut
⊢ 1 - ↑Ucut + ↑Ucut ^ 2 = ↑Ucut
warning: Goldbach/BG_Identity.lean:845:14: This simp argument is unused:
  bandU

Hint: Omit it from the simp argument list.
  simp ̵[̵b̵a̵n̵d̵U̵]̵

Note: This linter can be disabled with `set_option linter.unusedSimpArgs false`
warning: Goldbach/BG_Identity.lean:1004:14: This simp argument is unused:
  Finset.sum_mul

Hint: Omit it from the simp argument list.
  simp [F̵i̵n̵s̵e̵t̵.̵s̵u̵m̵_̵m̵u̵l̵,̵ ̵hUpos']

Note: This linter can be disabled with `set_option linter.unusedSimpArgs false`
warning: Goldbach/BG_Identity.lean:1004:30: This simp argument is unused:
  hUpos'

Hint: Omit it from the simp argument list.
  simp [Finset.sum_mul,̵ ̵h̵U̵p̵o̵s̵'̵]

Note: This linter can be disabled with `set_option linter.unusedSimpArgs false`
warning: Goldbach/BG_Identity.lean:1007:43: This simp argument is unused:
  Finset.sum_div

Hint: Omit it from the simp argument list.
  simp only [Finset.sum_sub_distrib, F̵i̵n̵s̵e̵t̵.̵s̵u̵m̵_̵d̵i̵v̵,̵ ̵hsum1, hsumk]

Note: This linter can be disabled with `set_option linter.unusedSimpArgs false`
warning: Goldbach/BG_Identity.lean:1007:66: This simp argument is unused:
  hsumk

Hint: Omit it from the simp argument list.
  simp only [Finset.sum_sub_distrib, Finset.sum_div, hsum1,̵ ̵h̵s̵u̵m̵k̵]

Note: This linter can be disabled with `set_option linter.unusedSimpArgs false`
error: Goldbach/BG_Identity.lean:1043:27: Invalid argument name `bandU` for function `sum_bandU`
error: Goldbach/BG_Identity.lean:1066:30: unsolved goals
Kadm : BG.AdmissibleKernel Ucut
⊢ 0 ∈ BG_Bank.S_BG
warning: Goldbach/BG_Identity.lean:1083:5: unused variable `h`

Note: This linter can be disabled with `set_option linter.unusedVariables false`
error: Goldbach/BG_Identity.lean:1102:53: Type mismatch: After simplification, term
  hk
 has type
  k ∈ BG_Bank.S_BG
but is expected to have type
  -↑H ≤ k ∧ k ≤ ↑H
error: Goldbach/BG_Identity.lean:1107:6: Tactic `simp` failed with a nested error:
maximum recursion depth has been reached
use `set_option maxRecDepth <num>` to increase limit
use `set_option diagnostics true` to get diagnostic information
warning: Goldbach/BG_Identity.lean:1127:54: try 'simp' instead of 'simpa'

Note: This linter can be disabled with `set_option linter.unnecessarySimpa false`
error: Goldbach/BG_Identity.lean:1142:14: Type mismatch: After simplification, term
  Finset.mem_Icc.mpr hkIcc_pair
 has type
  -↑H ≤ k ∧ k ≤ ↑H
but is expected to have type
  k ∈ BG_Bank.S_BG
error: Goldbach/BG_Identity.lean:1144:53: Type mismatch: After simplification, term
  hk
 has type
  k ∈ BG_Bank.S_BG
but is expected to have type
  -↑H ≤ k ∧ k ≤ ↑H
warning: Goldbach/BG_Identity.lean:1147:6: try 'simp' instead of 'simpa'

Note: This linter can be disabled with `set_option linter.unnecessarySimpa false`
error: Goldbach/BG_Identity.lean:1182:55: linarith failed to find a contradiction
case h
hinner_eq : innerBand = Finset.Icc (-↑H) ↑H
z : ℤ
hz : z ∈ (Finset.Icc (-↑H) ↑H).erase 0
hzIcc : z ∈ Finset.Icc (-↑H) ↑H
hz0 : z ≠ 0
this : -↑H ≤ z ∧ z ≤ ↑H
hle : z ≤ ↑H
hneg : -↑H ≤ z
a✝ : ↑H < ↑z.natAbs
⊢ False
failed
error: Goldbach/BG_Identity.lean:1190:33: Function expected at
  Int.natAbs_eq_zero
but this term has type
  Int.natAbs ?m.243 = 0 ↔ ?m.243 = 0

Note: Expected a function because this term is being applied to the argument
  hzabs0
error: Goldbach/BG_Identity.lean:1193:17: Invalid `⟨...⟩` notation: The expected type
  z.natAbs - 1 < H ∧ z = Int.ofNat (z.natAbs - 1).succ ∨ z = -Int.ofNat (z.natAbs - 1).succ
has more than one constructor

Note: This notation can only be used when the expected type is an inductive type with a single constructor
error: Goldbach/BG_Identity.lean:1194:10: No goals to be solved
error: Goldbach/BG_Identity.lean:1172:6: unsolved goals
case h.mp.inl
hinner_eq : innerBand = Finset.Icc (-↑H) ↑H
k : ℕ
hkpos : k < H
hz : Int.ofNat k.succ ∈ (Finset.Icc (-↑H) ↑H).erase 0
hzIcc : Int.ofNat k.succ ∈ Finset.Icc (-↑H) ↑H
hz0 : Int.ofNat k.succ ≠ 0
hzAbs : (Int.ofNat k.succ).natAbs ≤ H
⊢ Int.ofNat k.succ ∈
    Finset.map { toFun := fun k => ↑k.succ, inj' := ⋯ } (Finset.range H) ∪
      Finset.map { toFun := fun k => -↑k.succ, inj' := ⋯ } (Finset.range H)

case h.mp.inr
hinner_eq : innerBand = Finset.Icc (-↑H) ↑H
z : ℤ
hz : z ∈ (Finset.Icc (-↑H) ↑H).erase 0
hzIcc : z ∈ Finset.Icc (-↑H) ↑H
hz0 : z ≠ 0
hzAbs : z.natAbs ≤ H
k : ℕ
h✝ : z = -Int.ofNat k.succ
⊢ z ∈
    Finset.map { toFun := fun k => ↑k.succ, inj' := ⋯ } (Finset.range H) ∪
      Finset.map { toFun := fun k => -↑k.succ, inj' := ⋯ } (Finset.range H)
error: Goldbach/BG_Identity.lean:1216:12: Type mismatch: After simplification, term
  this
 has type
  ¬↑k + 1 = 0
but is expected to have type
  ¬z = 0
error: Goldbach/BG_Identity.lean:1221:12: maximum recursion depth has been reached
use `set_option maxRecDepth <num>` to increase limit
use `set_option diagnostics true` to get diagnostic information
error: Goldbach/BG_Identity.lean:1229:12: Type mismatch: After simplification, term
  hle_pos
 has type
  -↑H ≤ ↑k + 1
but is expected to have type
  -↑H ≤ z
error: Goldbach/BG_Identity.lean:1241:14: Type mismatch: After simplification, term
  hne_pos
 has type
  ¬↑k + 1 = 0
but is expected to have type
  ¬-1 + -↑k = 0
error: Goldbach/BG_Identity.lean:1242:12: Type mismatch: After simplification, term
  hne_neg
 has type
  ¬-1 + -↑k = 0
but is expected to have type
  ¬z = 0
error: Goldbach/BG_Identity.lean:1248:12: maximum recursion depth has been reached
use `set_option maxRecDepth <num>` to increase limit
use `set_option diagnostics true` to get diagnostic information
error: Goldbach/BG_Identity.lean:1254:14: Type mismatch: After simplification, term
  neg_nonpos.mpr hle
 has type
  True
but is expected to have type
  z ≤ 0
error: Goldbach/BG_Identity.lean:1260:6: No goals to be solved
error: Goldbach/BG_Identity.lean:1165:137: unsolved goals
hinner_eq : innerBand = Finset.Icc (-↑H) ↑H
hband :
  (Finset.Icc (-↑H) ↑H).erase 0 =
    Finset.map { toFun := fun k => ↑k.succ, inj' := ⋯ } (Finset.range H) ∪
      Finset.map { toFun := fun k => -↑k.succ, inj' := ⋯ } (Finset.range H)
⊢ ∑ k ∈ innerBand, K_full k = K_full 0 + 2 * ∑ k ∈ Finset.range H, K_full (Int.ofNat k.succ)
error: Goldbach/BG_Identity.lean:1364:16: maximum recursion depth has been reached
use `set_option maxRecDepth <num>` to increase limit
use `set_option diagnostics true` to get diagnostic information
error: Goldbach/BG_Identity.lean:1381:18: maximum recursion depth has been reached
use `set_option maxRecDepth <num>` to increase limit
use `set_option diagnostics true` to get diagnostic information
error: Goldbach/BG_Identity.lean:1393:16: No goals to be solved
error: Goldbach/BG_Identity.lean:1405:4: maximum recursion depth has been reached
use `set_option maxRecDepth <num>` to increase limit
use `set_option diagnostics true` to get diagnostic information
error: Goldbach/BG_Identity.lean:1423:12: maximum recursion depth has been reached
use `set_option maxRecDepth <num>` to increase limit
use `set_option diagnostics true` to get diagnostic information
error: Goldbach/BG_Identity.lean:1429:12: maximum recursion depth has been reached
use `set_option maxRecDepth <num>` to increase limit
use `set_option diagnostics true` to get diagnostic information
error: Goldbach/BG_Identity.lean:1430:2: maximum recursion depth has been reached
use `set_option maxRecDepth <num>` to increase limit
use `set_option diagnostics true` to get diagnostic information
warning: Goldbach/BG_Identity.lean:1363:64: This simp argument is unused:
  mul_left_comm

Hint: Omit it from the simp argument list.
  simp [div_eq_mul_inv, mul_comm, mul_l̵e̵f̵t̵_̵c̵o̵m̵m̵,̵ ̵m̵u̵l̵_̵assoc]

Note: This linter can be disabled with `set_option linter.unusedSimpArgs false`
warning: Goldbach/BG_Identity.lean:1363:79: This simp argument is unused:
  mul_assoc

Hint: Omit it from the simp argument list.
  simp [div_eq_mul_inv, mul_comm, mul_left_comm,̵ ̵m̵u̵l̵_̵a̵s̵s̵o̵c̵]

Note: This linter can be disabled with `set_option linter.unusedSimpArgs false`
warning: Goldbach/BG_Identity.lean:1432:6: declaration uses 'sorry'
error: Goldbach/BG_Identity.lean:1478:21: maximum recursion depth has been reached
use `set_option maxRecDepth <num>` to increase limit
use `set_option diagnostics true` to get diagnostic information
warning: Goldbach/BG_Identity.lean:1506:28: unused variable `X`

Note: This linter can be disabled with `set_option linter.unusedVariables false`
warning: Goldbach/BG_Identity.lean:1506:30: unused variable `N`

Note: This linter can be disabled with `set_option linter.unusedVariables false`
warning: Goldbach/BG_Identity.lean:1507:28: unused variable `X`

Note: This linter can be disabled with `set_option linter.unusedVariables false`
warning: Goldbach/BG_Identity.lean:1507:30: unused variable `N`

Note: This linter can be disabled with `set_option linter.unusedVariables false`
error: Goldbach/BG_Identity.lean:1533:21: maximum recursion depth has been reached
use `set_option maxRecDepth <num>` to increase limit
use `set_option diagnostics true` to get diagnostic information
error: Goldbach/BG_Identity.lean:1632:0: Unexpected name `BG_Identity` after `end`: The current section is unnamed

Hint: Delete the name `BG_Identity` to end the current unnamed scope; outer named scopes can then be closed using additional `end` command(s):
  end ̵B̵G̵_̵I̵d̵e̵n̵t̵i̵t̵y̵
error: Goldbach/BG_Identity.lean:1633:0: Unexpected name `Goldbach` after `end`: The current section is unnamed

Hint: Delete the name `Goldbach` to end the current unnamed scope; outer named scopes can then be closed using additional `end` command(s):
  end ̵G̵o̵l̵d̵b̵a̵c̵h̵
error: Lean exited with code 1
Some required targets logged failures:
- Goldbach.BG_Identity
error: build failed
⚠ [7587/7623] Replayed Goldbach.Compat
warning: Goldbach/Compat.lean:18:2: try 'simp' instead of 'simpa'

Note: This linter can be disabled with `set_option linter.unnecessarySimpa false`
warning: Goldbach/Compat.lean:24:40: unused variable `hb`

Note: This linter can be disabled with `set_option linter.unusedVariables false`
warning: Goldbach/Compat.lean:50:4: try 'simp' instead of 'simpa'

Note: This linter can be disabled with `set_option linter.unnecessarySimpa false`
⚠ [7589/7623] Replayed Goldbach.Windows
warning: Goldbach/Windows.lean:63:4: try 'simp' instead of 'simpa'

Note: This linter can be disabled with `set_option linter.unnecessarySimpa false`
warning: Goldbach/Windows.lean:68:2: try 'simp' instead of 'simpa'

Note: This linter can be disabled with `set_option linter.unnecessarySimpa false`
warning: Goldbach/Windows.lean:68:38: this tactic is never executed

Note: This linter can be disabled with `set_option linter.unreachableTactic false`
warning: Goldbach/Windows.lean:68:38: 'simpa using hmap' tactic does nothing

Note: This linter can be disabled with `set_option linter.unusedTactic false`
⚠ [7591/7623] Replayed Goldbach.Base.FiniteBaseDefs
warning: Goldbach/Base/FiniteBaseDefs.lean:41:17: unused variable `ha`

Note: This linter can be disabled with `set_option linter.unusedVariables false`
warning: Goldbach/Base/FiniteBaseDefs.lean:41:45: unused variable `hc`

Note: This linter can be disabled with `set_option linter.unusedVariables false`
warning: Goldbach/Base/FiniteBaseDefs.lean:42:5: unused variable `hab`

Note: This linter can be disabled with `set_option linter.unusedVariables false`
warning: Goldbach/Base/FiniteBaseDefs.lean:42:19: unused variable `hbc`

Note: This linter can be disabled with `set_option linter.unusedVariables false`
⚠ [7592/7623] Replayed Goldbach.ClosureBridge
warning: Goldbach/ClosureBridge.lean:42:41: try 'simp' instead of 'simpa'

Note: This linter can be disabled with `set_option linter.unnecessarySimpa false`
⚠ [7599/7623] Replayed Goldbach.AO_AssembleEnvelope
warning: Goldbach/AO_AssembleEnvelope.lean:67:20: try 'simp' instead of 'simpa'

Note: This linter can be disabled with `set_option linter.unnecessarySimpa false`
⚠ [7601/7623] Replayed Goldbach.AO_Major
warning: Goldbach/AO_Major.lean:21:13: unused variable `hX`

Note: This linter can be disabled with `set_option linter.unusedVariables false`
warning: Goldbach/AO_Major.lean:21:35: unused variable `hN`

Note: This linter can be disabled with `set_option linter.unusedVariables false`
warning: Goldbach/AO_Major.lean:25:24: This simp argument is unused:
  add_assoc

Hint: Omit it from the simp argument list.
  simp [Goldbach.AO_Major.errAO, Goldbach.AO_Major.weight_mass, Goldbach.AO_Core.errAO,
       ̵ ̵ ̵ ̵sub_eq_add_neg, add_a̵s̵s̵o̵c̵,̵ ̵a̵d̵d̵_̵left_comm, add_comm, mul_assoc]

Note: This linter can be disabled with `set_option linter.unusedSimpArgs false`
warning: Goldbach/AO_Major.lean:25:60: This simp argument is unused:
  mul_assoc

Hint: Omit it from the simp argument list.
  simp [Goldbach.AO_Major.errAO, Goldbach.AO_Major.weight_mass, Goldbach.AO_Core.errAO,
       ̵ ̵ ̵ ̵sub_eq_add_neg, add_assoc, add_left_comm, add_comm,̵ ̵m̵u̵l̵_̵a̵s̵s̵o̵c̵]

Note: This linter can be disabled with `set_option linter.unusedSimpArgs false`
warning: Goldbach/AO_Major.lean:46:5: unused variable `h`

Note: This linter can be disabled with `set_option linter.unusedVariables false`
warning: Goldbach/AO_Major.lean:58:24: This simp argument is unused:
  dif_pos

Hint: Omit it from the simp argument list.
  simp only [MPDF, win, d̵i̵f̵_̵p̵o̵s̵,̵ ̵mul_div_assoc']

Note: This linter can be disabled with `set_option linter.unusedSimpArgs false`
warning: Goldbach/AO_Major.lean:58:33: This simp argument is unused:
  mul_div_assoc'

Hint: Omit it from the simp argument list.
  simp only [MPDF, win, dif_pos,̵ ̵m̵u̵l̵_̵d̵i̵v̵_̵a̵s̵s̵o̵c̵'̵]

Note: This linter can be disabled with `set_option linter.unusedSimpArgs false`
warning: Goldbach/AO_Major.lean:81:69: try 'simp' instead of 'simpa'

Note: This linter can be disabled with `set_option linter.unnecessarySimpa false`
warning: Goldbach/AO_Major.lean:82:68: try 'simp' instead of 'simpa'

Note: This linter can be disabled with `set_option linter.unnecessarySimpa false`
warning: Goldbach/AO_Major.lean:83:68: try 'simp' instead of 'simpa'

Note: This linter can be disabled with `set_option linter.unnecessarySimpa false`
warning: Goldbach/AO_Major.lean:85:90: This simp argument is unused:
  add_assoc

Hint: Omit it from the simp argument list.
  simp [sub_eq_add_neg,̵ ̵a̵d̵d̵_̵a̵s̵s̵o̵c̵]

Note: This linter can be disabled with `set_option linter.unusedSimpArgs false`
warning: Goldbach/AO_Major.lean:101:24: This simp argument is unused:
  dif_pos

Hint: Omit it from the simp argument list.
  simp only [MPDF, win,̵ ̵d̵i̵f̵_̵p̵o̵s̵]

Note: This linter can be disabled with `set_option linter.unusedSimpArgs false`
⚠ [7602/7623] Replayed Goldbach.BG_Bank
warning: Goldbach/BG_Bank.lean:13:25: unused variable `n`

Note: This linter can be disabled with `set_option linter.unusedVariables false`
warning: Goldbach/BG_Bank.lean:75:4: try 'simp' instead of 'simpa'

Note: This linter can be disabled with `set_option linter.unnecessarySimpa false`
warning: Goldbach/BG_Bank.lean:75:25: this tactic is never executed

Note: This linter can be disabled with `set_option linter.unreachableTactic false`
warning: Goldbach/BG_Bank.lean:75:25: 'decide' tactic does nothing

Note: This linter can be disabled with `set_option linter.unusedTactic false`
warning: Goldbach/BG_Bank.lean:288:14: try 'simp' instead of 'simpa'

Note: This linter can be disabled with `set_option linter.unnecessarySimpa false`
warning: Goldbach/BG_Bank.lean:188:42: This simp argument is unused:
  Nat.cast_sub hn_le

Hint: Omit it from the simp argument list.
  simp only [Nat.cast_succ,̵ ̵N̵a̵t̵.̵c̵a̵s̵t̵_̵s̵u̵b̵ ̵h̵n̵_̵l̵e̵]

Note: This linter can be disabled with `set_option linter.unusedSimpArgs false`
warning: Goldbach/BG_Bank.lean:194:24: This simp argument is unused:
  abs_of_nonneg hlog_Nm_nn

Hint: Omit it from the simp argument list.
  simp [hp,̵ ̵a̵b̵s̵_̵o̵f̵_̵n̵o̵n̵n̵e̵g̵ ̵h̵l̵o̵g̵_̵N̵m̵_̵n̵n̵]

Note: This linter can be disabled with `set_option linter.unusedSimpArgs false`
warning: Goldbach/BG_Bank.lean:202:24: This simp argument is unused:
  abs_of_nonneg hlog_Np1_nn

Hint: Omit it from the simp argument list.
  simp [hp,̵ ̵a̵b̵s̵_̵o̵f̵_̵n̵o̵n̵n̵e̵g̵ ̵h̵l̵o̵g̵_̵N̵p̵1̵_̵n̵n̵]

Note: This linter can be disabled with `set_option linter.unusedSimpArgs false`
warning: Goldbach/BG_Bank.lean:218:46: This simp argument is unused:
  mul_comm

Hint: Omit it from the simp argument list.
  simp [abs_mul, mul_assoc, m̵u̵l̵_̵c̵o̵m̵m̵,̵ ̵mul_left_comm]

Note: This linter can be disabled with `set_option linter.unusedSimpArgs false`
warning: Goldbach/BG_Bank.lean:326:20: This simp argument is unused:
  hlogXabs

Hint: Omit it from the simp argument list.
  simp [h̵l̵o̵g̵X̵a̵b̵s̵,̵ ̵mul_comm, mul_left_comm, mul_assoc]

Note: This linter can be disabled with `set_option linter.unusedSimpArgs false`
warning: Goldbach/BG_Bank.lean:326:30: This simp argument is unused:
  mul_comm

Hint: Omit it from the simp argument list.
  simp [hlogXabs, m̵u̵l̵_̵c̵o̵m̵m̵,̵ ̵mul_left_comm, mul_assoc]

Note: This linter can be disabled with `set_option linter.unusedSimpArgs false`
warning: Goldbach/BG_Bank.lean:403:14: try 'simp' instead of 'simpa'

Note: This linter can be disabled with `set_option linter.unnecessarySimpa false`
warning: Goldbach/BG_Bank.lean:405:14: try 'simp' instead of 'simpa'

Note: This linter can be disabled with `set_option linter.unnecessarySimpa false`
warning: Goldbach/BG_Bank.lean:407:40: This simp argument is unused:
  add_comm

Hint: Omit it from the simp argument list.
  simp [div_self, hlogX_ne, add_c̵o̵m̵m̵,̵ ̵a̵d̵d̵_̵left_comm, add_assoc]

Note: This linter can be disabled with `set_option linter.unusedSimpArgs false`
warning: Goldbach/BG_Bank.lean:407:50: This simp argument is unused:
  add_left_comm

Hint: Omit it from the simp argument list.
  simp [div_self, hlogX_ne, add_comm, a̵d̵d̵_̵l̵e̵f̵t̵_̵c̵o̵m̵m̵,̵ ̵add_assoc]

Note: This linter can be disabled with `set_option linter.unusedSimpArgs false`
warning: Goldbach/BG_Bank.lean:407:65: This simp argument is unused:
  add_assoc

Hint: Omit it from the simp argument list.
  simp [div_self, hlogX_ne, add_comm, add_left_comm,̵ ̵a̵d̵d̵_̵a̵s̵s̵o̵c̵]

Note: This linter can be disabled with `set_option linter.unusedSimpArgs false`
warning: Goldbach/BG_Bank.lean:547:63: try 'simp' instead of 'simpa'

Note: This linter can be disabled with `set_option linter.unnecessarySimpa false`
warning: Goldbach/BG_Bank.lean:550:47: This simp argument is unused:
  add_comm

Hint: Omit it from the simp argument list.
  simp [add_div, div_self, hlogX_ne, add_c̵o̵m̵m̵,̵ ̵a̵d̵d̵_̵left_comm, add_assoc]

Note: This linter can be disabled with `set_option linter.unusedSimpArgs false`
warning: Goldbach/BG_Bank.lean:550:57: This simp argument is unused:
  add_left_comm

Hint: Omit it from the simp argument list.
  simp [add_div, div_self, hlogX_ne, add_comm, a̵d̵d̵_̵l̵e̵f̵t̵_̵c̵o̵m̵m̵,̵ ̵add_assoc]

Note: This linter can be disabled with `set_option linter.unusedSimpArgs false`
warning: Goldbach/BG_Bank.lean:550:72: This simp argument is unused:
  add_assoc

Hint: Omit it from the simp argument list.
  simp [add_div, div_self, hlogX_ne, add_comm, add_left_comm,̵ ̵a̵d̵d̵_̵a̵s̵s̵o̵c̵]

Note: This linter can be disabled with `set_option linter.unusedSimpArgs false`
warning: Goldbach/BG_Bank.lean:559:56: This simp argument is unused:
  add_left_comm

Hint: Omit it from the simp argument list.
  simp [c, Nat.cast_add, Nat.cast_one, add_assoc, a̵d̵d̵_̵l̵e̵f̵t̵_̵c̵o̵m̵m̵,̵ ̵add_comm, add_div, div_self hX0_ne]

Note: This linter can be disabled with `set_option linter.unusedSimpArgs false`
⚠ [7603/7623] Replayed Goldbach.BG_Operator
warning: Goldbach/BG_Operator.lean:31:2: try 'simp' instead of 'simpa'

Note: This linter can be disabled with `set_option linter.unnecessarySimpa false`
warning: Goldbach/BG_Operator.lean:98:2: try 'simp' instead of 'simpa'

Note: This linter can be disabled with `set_option linter.unnecessarySimpa false`
⚠ [7605/7623] Replayed Goldbach.SingularSeries
warning: Goldbach/SingularSeries.lean:40:5: unused variable `h`

Note: This linter can be disabled with `set_option linter.unusedVariables false`
warning: Goldbach/SingularSeries.lean:88:8: `Finset.eq_empty_iff_forall_not_mem` has been deprecated: Use `Finset.eq_empty_iff_forall_notMem` instead
warning: Goldbach/SingularSeries.lean:98:4: try 'simp' instead of 'simpa'

Note: This linter can be disabled with `set_option linter.unnecessarySimpa false`
warning: Goldbach/SingularSeries.lean:99:28: this tactic is never executed

Note: This linter can be disabled with `set_option linter.unreachableTactic false`
warning: Goldbach/SingularSeries.lean:99:57: this tactic is never executed

Note: This linter can be disabled with `set_option linter.unreachableTactic false`
warning: Goldbach/SingularSeries.lean:99:28: 'decide' tactic does nothing

Note: This linter can be disabled with `set_option linter.unusedTactic false`
warning: Goldbach/SingularSeries.lean:99:57: 'decide' tactic does nothing

Note: This linter can be disabled with `set_option linter.unusedTactic false`
⚠ [7607/7623] Replayed Goldbach.PPNumerics
warning: Goldbach/PPNumerics.lean:24:42: try 'simp' instead of 'simpa'

Note: This linter can be disabled with `set_option linter.unnecessarySimpa false`
warning: Goldbach/PPNumerics.lean:27:6: try 'simp' instead of 'simpa'

Note: This linter can be disabled with `set_option linter.unnecessarySimpa false`
⚠ [7608/7623] Replayed Goldbach.PPBoundSquares
warning: Goldbach/PPBoundSquares.lean:41:8: try 'simp' instead of 'simpa'

Note: This linter can be disabled with `set_option linter.unnecessarySimpa false`
warning: Goldbach/PPBoundSquares.lean:228:10: try 'simp' instead of 'simpa'

Note: This linter can be disabled with `set_option linter.unnecessarySimpa false`
⚠ [7610/7623] Replayed Goldbach.AnalyticGlobal
warning: Goldbach/AnalyticGlobal.lean:65:28: This simp argument is unused:
  one_div

Hint: Omit it from the simp argument list.
  simp [div_eq_mul_inv, o̵n̵e̵_̵d̵i̵v̵,̵ ̵mul_comm]

Note: This linter can be disabled with `set_option linter.unusedSimpArgs false`
warning: Goldbach/AnalyticGlobal.lean:68:30: This simp argument is unused:
  one_div

Hint: Omit it from the simp argument list.
  simp [div_eq_mul_inv, o̵n̵e̵_̵d̵i̵v̵,̵ ̵mul_comm]

Note: This linter can be disabled with `set_option linter.unusedSimpArgs false`
warning: Goldbach/AnalyticGlobal.lean:70:39: This simp argument is unused:
  mul_left_comm

Hint: Omit it from the simp argument list.
  simp [one_div, S_ne, mul_comm, mul_l̵e̵f̵t̵_̵c̵o̵m̵m̵,̵ ̵m̵u̵l̵_̵assoc]

Note: This linter can be disabled with `set_option linter.unusedSimpArgs false`
warning: Goldbach/AnalyticGlobal.lean:70:54: This simp argument is unused:
  mul_assoc

Hint: Omit it from the simp argument list.
  simp [one_div, S_ne, mul_comm, mul_left_comm,̵ ̵m̵u̵l̵_̵a̵s̵s̵o̵c̵]

Note: This linter can be disabled with `set_option linter.unusedSimpArgs false`
⚠ [7611/7623] Replayed Goldbach.BankPieces
warning: Goldbach/BankPieces.lean:15:63: `class ... :=` has been deprecated in favor of `class ... where`.

Note: This linter can be disabled with `set_option linter.deprecated false`
⚠ [7613/7623] Replayed Goldbach.Analytic.MajorBoundFromSigma
warning: Goldbach/Analytic/MajorBoundFromSigma.lean:21:75: `structure ... :=` has been deprecated in favor of `structure ... where`.

Note: This linter can be disabled with `set_option linter.deprecated false`
⚠ [7614/7623] Replayed Goldbach.Analytic.NumericSigma
warning: Goldbach/Analytic/NumericSigma.lean:23:32: unused variable `hX`

Note: This linter can be disabled with `set_option linter.unusedVariables false`
✖ [7620/7623] Building Goldbach.BG_Identity (99s)
trace: .> LEAN_PATH=/Users/benjaminnelson/Desktop/nerd shit/goldbach/builds/Goldbach/.lake/packages/Cli/.lake/build/lib/lean:/Users/benjaminnelson/Desktop/nerd shit/goldbach/builds/Goldbach/.lake/packages/batteries/.lake/build/lib/lean:/Users/benjaminnelson/Desktop/nerd shit/goldbach/builds/Goldbach/.lake/packages/Qq/.lake/build/lib/lean:/Users/benjaminnelson/Desktop/nerd shit/goldbach/builds/Goldbach/.lake/packages/aesop/.lake/build/lib/lean:/Users/benjaminnelson/Desktop/nerd shit/goldbach/builds/Goldbach/.lake/packages/proofwidgets/.lake/build/lib/lean:/Users/benjaminnelson/Desktop/nerd shit/goldbach/builds/Goldbach/.lake/packages/importGraph/.lake/build/lib/lean:/Users/benjaminnelson/Desktop/nerd shit/goldbach/builds/Goldbach/.lake/packages/LeanSearchClient/.lake/build/lib/lean:/Users/benjaminnelson/Desktop/nerd shit/goldbach/builds/Goldbach/.lake/packages/plausible/.lake/build/lib/lean:/Users/benjaminnelson/Desktop/nerd shit/goldbach/builds/Goldbach/.lake/packages/mathlib/.lake/build/lib/lean:/Users/benjaminnelson/Desktop/nerd shit/goldbach/builds/Goldbach/.lake/build/lib/lean /Users/benjaminnelson/.elan/toolchains/leanprover--lean4---v4.26.0-rc2/bin/lean /Users/benjaminnelson/Desktop/nerd shit/goldbach/builds/Goldbach/Goldbach/BG_Identity.lean -o /Users/benjaminnelson/Desktop/nerd shit/goldbach/builds/Goldbach/.lake/build/lib/lean/Goldbach/BG_Identity.olean -i /Users/benjaminnelson/Desktop/nerd shit/goldbach/builds/Goldbach/.lake/build/lib/lean/Goldbach/BG_Identity.ilean -c /Users/benjaminnelson/Desktop/nerd shit/goldbach/builds/Goldbach/.lake/build/ir/Goldbach/BG_Identity.c --setup /Users/benjaminnelson/Desktop/nerd shit/goldbach/builds/Goldbach/.lake/build/ir/Goldbach/BG_Identity.setup.json --json
warning: Goldbach/BG_Identity.lean:149:48: This simp argument is unused:
  add_comm

Hint: Omit it from the simp argument list.
  simp [Finset.sum_insert, hk, ih, mul_add, a̵d̵d̵_̵c̵o̵m̵m̵,̵ ̵add_left_comm, add_assoc, mul_comm, mul_left_comm,
  ̲  ̲ ̲ ̲ ̲ ̲ ̲ ̲mul_assoc]

Note: This linter can be disabled with `set_option linter.unusedSimpArgs false`
warning: Goldbach/BG_Identity.lean:149:58: This simp argument is unused:
  add_left_comm

Hint: Omit it from the simp argument list.
  simp [Finset.sum_insert, hk, ih, mul_add, add_comm, a̵d̵d̵_̵l̵e̵f̵t̵_̵c̵o̵m̵m̵,̵add_assoc, mul_comm, mul_left_comm,
  ̲  ̲ ̲ ̲ ̲ ̲ ̲ ̲mul_assoc]

Note: This linter can be disabled with `set_option linter.unusedSimpArgs false`
warning: Goldbach/BG_Identity.lean:150:12: This simp argument is unused:
  add_assoc

Hint: Omit it from the simp argument list.
  simp [Finset.sum_insert, hk, ih, mul_add, add_comm, add_left_comm, a̵d̵d̵_̵a̵s̵s̵o̵c̵,̵ ̵mul_comm, mul_left_comm,
  ̲  ̲ ̲ ̲ ̲ ̲ ̲ ̲mul_assoc]

Note: This linter can be disabled with `set_option linter.unusedSimpArgs false`
warning: Goldbach/BG_Identity.lean:150:23: This simp argument is unused:
  mul_comm

Hint: Omit it from the simp argument list.
  simp [Finset.sum_insert, hk, ih, mul_add, add_comm, add_left_comm, add_assoc, m̵u̵l̵_̵c̵o̵m̵m̵,̵ ̵mul_left_comm,
  ̲  ̲ ̲ ̲ ̲ ̲ ̲ ̲mul_assoc]

Note: This linter can be disabled with `set_option linter.unusedSimpArgs false`
warning: Goldbach/BG_Identity.lean:150:33: This simp argument is unused:
  mul_left_comm

Hint: Omit it from the simp argument list.
  simp [Finset.sum_insert, hk, ih, mul_add, add_comm, add_left_comm, add_assoc, mul_comm,
  ̲  ̲ ̲ ̲ ̲ ̲ ̲ ̲m̵u̵l̵_̵l̵e̵f̵t̵_̵c̵o̵m̵m̵,̵ ̵mul_assoc]

Note: This linter can be disabled with `set_option linter.unusedSimpArgs false`
warning: Goldbach/BG_Identity.lean:150:48: This simp argument is unused:
  mul_assoc

Hint: Omit it from the simp argument list.
  simp [Finset.sum_insert, hk, ih, mul_add, add_comm, add_left_comm, add_assoc, mul_comm,
  ̲  ̲ ̲ ̲ ̲ ̲ ̲ ̲m̵u̵l̵_̵l̵e̵f̵t̵_̵c̵o̵m̵m̵,̵ ̵m̵u̵l̵_̵a̵s̵s̵o̵c̵]̵m̲u̲l̲_̲l̲e̲f̲t̲_̲c̲o̲m̲m̲]̲

Note: This linter can be disabled with `set_option linter.unusedSimpArgs false`
error: Goldbach/BG_Identity.lean:197:76: unsolved goals
m : ℕ
hm : m ≤ Ucut
hnonneg : 0 ≤ 1 - ↑m / ↑Ucut
hmax : max (1 - ↑m / ↑Ucut) 0 = 1 - ↑m / ↑Ucut
⊢ max (1 - ↑m / (↑H + ↑((H + 99) / 100))) 0 / (↑H + ↑((H + 99) / 100)) =
    (1 - ↑m / (↑H + ↑((H + 99) / 100))) / (↑H + ↑((H + 99) / 100))
warning: Goldbach/BG_Identity.lean:204:12: This simp argument is unused:
  hU

Hint: Omit it from the simp argument list.
  simp [hU̵,̵ ̵h̵m0]

Note: This linter can be disabled with `set_option linter.unusedSimpArgs false`
warning: Goldbach/BG_Identity.lean:215:8: This simp argument is unused:
  hmax

Hint: Omit it from the simp argument list.
  simp ̵[̵h̵m̵a̵x̵]̵

Note: This linter can be disabled with `set_option linter.unusedSimpArgs false`
warning: Goldbach/BG_Identity.lean:241:10: This simp argument is unused:
  Finset.sum_insert

Hint: Omit it from the simp argument list.
  simp [̵F̵i̵n̵s̵e̵t̵.̵s̵u̵m̵_̵i̵n̵s̵e̵r̵t̵,̵ ̵h̵a̵,̵[̲h̲a̲,̲ ih, mul_add, add_comm, add_left_comm, add_assoc, mul_comm, mul_left_comm, mul_assoc]

Note: This linter can be disabled with `set_option linter.unusedSimpArgs false`
warning: Goldbach/BG_Identity.lean:241:33: This simp argument is unused:
  ih

Hint: Omit it from the simp argument list.
  simp [Finset.sum_insert, ha, i̵h̵,̵ ̵mul_add, add_comm, add_left_comm,
  ̵  ̵ ̵ ̵ ̵ ̵ ̵ ̵ ̵ ̵add_assoc, mul_comm,
  ̲  ̲ ̲ ̲ ̲ ̲mul_left_comm, mul_assoc]

Note: This linter can be disabled with `set_option linter.unusedSimpArgs false`
warning: Goldbach/BG_Identity.lean:241:56: This simp argument is unused:
  add_left_comm

Hint: Omit it from the simp argument list.
  simp [Finset.sum_insert, ha, ih, mul_add, add_comm, a̵d̵d̵_̵l̵e̵f̵t̵_̵c̵o̵m̵m̵,̵add_assoc, mul_comm, mul_left_comm,
  ̲  ̲ ̲ ̲ ̲ ̲mul_assoc]

Note: This linter can be disabled with `set_option linter.unusedSimpArgs false`
warning: Goldbach/BG_Identity.lean:242:10: This simp argument is unused:
  add_assoc

Hint: Omit it from the simp argument list.
  simp [Finset.sum_insert, ha, ih, mul_add, add_comm, add_left_comm, a̵d̵d̵_̵a̵s̵s̵o̵c̵,̵ ̵mul_comm, mul_left_comm,
  ̲  ̲ ̲ ̲ ̲ ̲mul_assoc]

Note: This linter can be disabled with `set_option linter.unusedSimpArgs false`
warning: Goldbach/BG_Identity.lean:242:31: This simp argument is unused:
  mul_left_comm

Hint: Omit it from the simp argument list.
  simp [Finset.sum_insert, ha, ih, mul_add, add_comm, add_left_comm, add_assoc, mul_comm,
  ̲  ̲ ̲ ̲ ̲ ̲m̵u̵l̵_̵l̵e̵f̵t̵_̵c̵o̵m̵m̵,̵ ̵mul_assoc]

Note: This linter can be disabled with `set_option linter.unusedSimpArgs false`
warning: Goldbach/BG_Identity.lean:242:46: This simp argument is unused:
  mul_assoc

Hint: Omit it from the simp argument list.
  simp [Finset.sum_insert, ha, ih, mul_add, add_comm, add_left_comm, add_assoc, mul_comm,
  ̲  ̲ ̲ ̲ ̲ ̲m̵u̵l̵_̵l̵e̵f̵t̵_̵c̵o̵m̵m̵,̵ ̵m̵u̵l̵_̵a̵s̵s̵o̵c̵]̵m̲u̲l̲_̲l̲e̲f̲t̲_̲c̲o̲m̲m̲]̲

Note: This linter can be disabled with `set_option linter.unusedSimpArgs false`
error: Goldbach/BG_Identity.lean:247:15: Unknown constant `Finset.insert`
error: Goldbach/BG_Identity.lean:253:4: unsolved goals
case pos
n : ℕ
z : ℤ
hz : z ∈ Finset.Icc (-↑n.succ) ↑n.succ
hzI : -↑n.succ ≤ z ∧ z ≤ ↑n.succ
hzn : z = -↑n.succ
⊢ -1 + -↑n ∈ sorry ()
error: Goldbach/BG_Identity.lean:255:4: unsolved goals
case pos
n : ℕ
z : ℤ
hz : z ∈ Finset.Icc (-↑n.succ) ↑n.succ
hzI : -↑n.succ ≤ z ∧ z ≤ ↑n.succ
hzn : ¬z = -↑n.succ
hzp : z = ↑n.succ
⊢ ↑n + 1 ∈ sorry ()
error: Goldbach/BG_Identity.lean:259:65: Tactic `assumption` failed

n : ℕ
z : ℤ
hz : z ∈ Finset.Icc (-↑n.succ) ↑n.succ
hzI : -↑n.succ ≤ z ∧ z ≤ ↑n.succ
hzn : ¬z = -↑n.succ
hzp : ¬z = ↑n.succ
⊢ ¬-1 + -↑n = z
error: Goldbach/BG_Identity.lean:264:96: Type mismatch
  hzp
has type
  ¬z = ↑n.succ
but is expected to have type
  ↑n + 1 ≠ z
error: Goldbach/BG_Identity.lean:250:2: unsolved goals
case neg
n : ℕ
z : ℤ
hz : z ∈ Finset.Icc (-↑n.succ) ↑n.succ
hzI : -↑n.succ ≤ z ∧ z ≤ ↑n.succ
hzn : ¬z = -↑n.succ
hzp : ¬z = ↑n.succ
hge : -↑n ≤ z
hle : z ≤ ↑n
hzIn : z ∈ Finset.Icc (-↑n) ↑n
⊢ z ∈ sorry ()
error: Goldbach/BG_Identity.lean:279:87: mod_cast has type
  n < n.succ
but is expected to have type
  Int.negSucc n < ↑n.succ
error: Goldbach/BG_Identity.lean:283:107: mod_cast has type
  0 < n.succ
but is expected to have type
  Int.negSucc n < ↑n.succ
error: Goldbach/BG_Identity.lean:283:142: No goals to be solved
error: Goldbach/BG_Identity.lean:283:44: unsolved goals
n : ℕ
z : ℤ
hz : z ∈ sorry
hz' : z ∈ sorry ()
hpos : z = ↑n.succ
this : -↑n.succ ≤ ↑n.succ
⊢ -↑n.succ ≤ ↑n.succ
warning: Goldbach/BG_Identity.lean:292:10: try 'simp' instead of 'simpa'

Note: This linter can be disabled with `set_option linter.unnecessarySimpa false`
warning: Goldbach/BG_Identity.lean:268:10: This simp argument is unused:
  hzn

Hint: Omit it from the simp argument list.
  simp [hzn̵,̵ ̵h̵z̵p, hzIn]

Note: This linter can be disabled with `set_option linter.unusedSimpArgs false`
warning: Goldbach/BG_Identity.lean:268:15: This simp argument is unused:
  hzp

Hint: Omit it from the simp argument list.
  simp [hzn, hzp̵,̵ ̵h̵z̵In]

Note: This linter can be disabled with `set_option linter.unusedSimpArgs false`
warning: Goldbach/BG_Identity.lean:268:20: This simp argument is unused:
  hzIn

Hint: Omit it from the simp argument list.
  simp [hzn, hzp,̵ ̵h̵z̵I̵n̵]

Note: This linter can be disabled with `set_option linter.unusedSimpArgs false`
warning: Goldbach/BG_Identity.lean:315:8: try 'simp' instead of 'simpa'

Note: This linter can be disabled with `set_option linter.unnecessarySimpa false`
error: Goldbach/BG_Identity.lean:326:31: Unknown constant `Finset.insert`
error: Goldbach/BG_Identity.lean:327:12: Tactic `assumption` failed

f : ℤ → ℝ
hEven : ∀ (z : ℤ), f (-z) = f z
n : ℕ
ih : (Finset.Icc (-↑n) ↑n).sum f = f 0 + 2 * ∑ k ∈ Finset.range n, f (Int.ofNat k.succ)
hnot_neg : -↑n.succ ∉ Finset.Icc (-↑n) ↑n
hnot_pos : ↑n.succ ∉ Finset.Icc (-↑n) ↑n
hdecomp : Finset.Icc (-↑n.succ) ↑n.succ = sorry
⊢ ∑ x ∈ Finset.Icc (-1 + -↑n) (↑n + 1), f x = (sorry ()).sum f
error: Goldbach/BG_Identity.lean:328:97: unsolved goals
f : ℤ → ℝ
hEven : ∀ (z : ℤ), f (-z) = f z
n : ℕ
ih : (Finset.Icc (-↑n) ↑n).sum f = f 0 + 2 * ∑ k ∈ Finset.range n, f (Int.ofNat k.succ)
hnot_neg : -↑n.succ ∉ Finset.Icc (-↑n) ↑n
hnot_pos : ↑n.succ ∉ Finset.Icc (-↑n) ↑n
hdecomp : Finset.Icc (-↑n.succ) ↑n.succ = sorry
⊢ (sorry ()).sum f = (Finset.Icc (-↑n) ↑n).sum f + (f (↑n + 1) + f (-↑n + -1))
error: Goldbach/BG_Identity.lean:331:12: Tactic `assumption` failed

f : ℤ → ℝ
hEven : ∀ (z : ℤ), f (-z) = f z
n : ℕ
ih : (Finset.Icc (-↑n) ↑n).sum f = f 0 + 2 * ∑ k ∈ Finset.range n, f (Int.ofNat k.succ)
hnot_neg : -↑n.succ ∉ Finset.Icc (-↑n) ↑n
hnot_pos : ↑n.succ ∉ Finset.Icc (-↑n) ↑n
hdecomp : Finset.Icc (-↑n.succ) ↑n.succ = sorry
⊢ f (-↑n + -1) = f (↑n + 1)
warning: Goldbach/BG_Identity.lean:333:39: try 'simp' instead of 'simpa'

Note: This linter can be disabled with `set_option linter.unnecessarySimpa false`
warning: Goldbach/BG_Identity.lean:337:18: `Finset.range_succ` has been deprecated: Use `Finset.range_add_one` instead
warning: Goldbach/BG_Identity.lean:329:18: This simp argument is unused:
  Finset.sum_insert

Hint: Omit it from the simp argument list.
  simp [F̵i̵n̵s̵e̵t̵.̵s̵u̵m̵_̵i̵n̵s̵e̵r̵t̵,̵ ̵hnot_neg, hnot_pos, add_comm, add_left_comm, add_assoc]

Note: This linter can be disabled with `set_option linter.unusedSimpArgs false`
warning: Goldbach/BG_Identity.lean:329:37: This simp argument is unused:
  hnot_neg

Hint: Omit it from the simp argument list.
  simp [Finset.sum_insert, hnot_n̵e̵g̵,̵ ̵h̵n̵o̵t̵_̵pos, add_comm, add_left_comm, add_assoc]

Note: This linter can be disabled with `set_option linter.unusedSimpArgs false`
warning: Goldbach/BG_Identity.lean:329:47: This simp argument is unused:
  hnot_pos

Hint: Omit it from the simp argument list.
  simp [Finset.sum_insert, hnot_neg, h̵n̵o̵t̵_̵p̵o̵s̵,̵ ̵add_comm, add_left_comm, add_assoc]

Note: This linter can be disabled with `set_option linter.unusedSimpArgs false`
warning: Goldbach/BG_Identity.lean:329:67: This simp argument is unused:
  add_left_comm

Hint: Omit it from the simp argument list.
  simp [Finset.sum_insert, hnot_neg, hnot_pos, add_comm, a̵d̵d̵_̵l̵e̵f̵t̵_̵c̵o̵m̵m̵,̵ ̵add_assoc]

Note: This linter can be disabled with `set_option linter.unusedSimpArgs false`
error: Goldbach/BG_Identity.lean:361:6: Type mismatch: After simplification, term
  this
 has type
  True
but is expected to have type
  ↑n + 2 = ↑n + 1 + 1 ∨ ↑n + 1 = 0
error: Goldbach/BG_Identity.lean:362:4: Tactic `assumption` failed

case succ
n : ℕ
ih : ∑ k ∈ Finset.range n, ↑k.succ = ↑n * (↑n + 1) / 2
h : ∑ x ∈ Finset.range (n + 1), ↑x.succ = ∑ x ∈ Finset.range n, ↑x.succ + ↑n.succ
h' : ∑ k ∈ Finset.range n.succ, ↑k.succ = ∑ k ∈ Finset.range n, ↑k.succ + ↑n.succ
h'' : ↑n * (↑n + 1) / 2 + ↑n.succ = ↑n.succ * (↑n.succ + 1) / 2
⊢ ∑ x ∈ Finset.range (n + 1), (↑x + 1) = (↑n + 1) * (↑n + 1 + 1) / 2
warning: Goldbach/BG_Identity.lean:458:6: declaration uses 'sorry'
warning: Goldbach/BG_Identity.lean:487:23: This simp argument is unused:
  Int.ofNat_sub hHN

Hint: Omit it from the simp argument list.
  simp only [̵I̵n̵t̵.̵o̵f̵N̵a̵t̵_̵s̵u̵b̵ ̵h̵H̵N̵]̵ ̵at hZint

Note: This linter can be disabled with `set_option linter.unusedSimpArgs false`
warning: Goldbach/BG_Identity.lean:552:4: try 'simp' instead of 'simpa'

Note: This linter can be disabled with `set_option linter.unnecessarySimpa false`
warning: Goldbach/BG_Identity.lean:575:25: try 'simp' instead of 'simpa'

Note: This linter can be disabled with `set_option linter.unnecessarySimpa false`
warning: Goldbach/BG_Identity.lean:618:6: declaration uses 'sorry'
warning: Goldbach/BG_Identity.lean:655:15: unused variable `hX`

Note: This linter can be disabled with `set_option linter.unusedVariables false`
warning: Goldbach/BG_Identity.lean:656:5: unused variable `hN`

Note: This linter can be disabled with `set_option linter.unusedVariables false`
warning: Goldbach/BG_Identity.lean:688:5: unused variable `hk`

Note: This linter can be disabled with `set_option linter.unusedVariables false`
warning: Goldbach/BG_Identity.lean:713:28: This simp argument is unused:
  hUpos.ne'

Hint: Omit it from the simp argument list.
  s̵i̵m̵p̵ ̵[̵K̵_̵f̵u̵l̵l̵,̵ ̵K̵_̵f̵u̵l̵l̵_̵r̵a̵w̵,̵ ̵h̵U̵p̵o̵s̵.̵n̵e̵'̵]̵ ̵a̵t̵ ̵*̵s̲i̲m̲p̲ ̲[̲K̲_̲f̲u̲l̲l̲,̲
  ̲ ̲ ̲ ̲ ̲K̲_̲f̲u̲l̲l̲_̲r̲a̲w̲]̲ ̲a̲t̲ ̲*̲
  ̲ ̲ ̲ ̲ ̲ ̲ ̲-̲-̲ ̲a̲f̲t̲e̲r̲ ̲s̲i̲m̲p̲,̲ ̲g̲o̲a̲l̲ ̲b̲e̲c̲o̲m̲e̲s̲ ̲`̲0̲ ̲<̲ ̲1̲ ̲/̲ ̲(̲U̲c̲u̲t̲:̲ℝ̲)̲`̲
  ̲ ̲ ̲ ̲ ̲ ̲ ̲

Note: This linter can be disabled with `set_option linter.unusedSimpArgs false`
warning: Goldbach/BG_Identity.lean:738:5: unused variable `h`

Note: This linter can be disabled with `set_option linter.unusedVariables false`
warning: Goldbach/BG_Identity.lean:745:5: unused variable `h`

Note: This linter can be disabled with `set_option linter.unusedVariables false`
warning: Goldbach/BG_Identity.lean:761:25: unused variable `X`

Note: This linter can be disabled with `set_option linter.unusedVariables false`
warning: Goldbach/BG_Identity.lean:761:27: unused variable `N`

Note: This linter can be disabled with `set_option linter.unusedVariables false`
warning: Goldbach/BG_Identity.lean:785:5: unused variable `h`

Note: This linter can be disabled with `set_option linter.unusedVariables false`
error: Goldbach/BG_Identity.lean:799:10: Unknown identifier `Kernel.conv_ref_const_eq_sigma_mass_of`
warning: Goldbach/BG_Identity.lean:814:8: try 'simp' instead of 'simpa'

Note: This linter can be disabled with `set_option linter.unnecessarySimpa false`
warning: Goldbach/BG_Identity.lean:842:34: unused variable `hk`

Note: This linter can be disabled with `set_option linter.unusedVariables false`
warning: Goldbach/BG_Identity.lean:846:35: unused variable `hk`

Note: This linter can be disabled with `set_option linter.unusedVariables false`
error: Goldbach/BG_Identity.lean:903:20: failed to synthesize
  HMul (ℕ → ℝ) ℝ ?m.11

Hint: Additional diagnostic information may be available using the `set_option diagnostics true` command.
error: Goldbach/BG_Identity.lean:911:20: typeclass instance problem is stuck
  HMul (ℕ → ℝ) ?m.14 ℝ

Note: Lean will not try to resolve this typeclass instance problem because the second type argument to `HMul` is a metavariable. This argument must be fully determined before Lean will try to resolve the typeclass.

Hint: Adding type annotations and supplying implicit arguments to functions can give Lean more information for typeclass resolution. For example, if you have a variable `x` that you intend to be a `Nat`, but Lean reports it as having an unresolved type like `?m`, replacing `x` with `(x : Nat)` can get typeclass resolution un-stuck.
error: Goldbach/BG_Identity.lean:921:60: unsolved goals
⊢ False
error: Goldbach/BG_Identity.lean:939:58: unsolved goals
⊢ -((↑H + 99) / 100) ≤ ↑H ∧ 0 ≤ ↑H + (↑H + 99) / 100
error: Goldbach/BG_Identity.lean:961:26: Unknown constant `Int.natAbs_eq_ofNat_abs`
error: Goldbach/BG_Identity.lean:967:12: linarith failed to find a contradiction
case h
h0 : 0 ∈ bandU
z : ℤ
hz : z ∈ bandU.erase 0
hzIcc : z ∈ Finset.Icc (-↑Ucut) ↑Ucut
hz0 : z ≠ 0
this : -↑Ucut ≤ z ∧ z ≤ ↑Ucut
hle : z ≤ ↑Ucut
hneg : -↑Ucut ≤ z
hz' : ↑z.natAbs = max (-z) z
a✝ : ↑Ucut < ↑z.natAbs
⊢ False
failed
error: Goldbach/BG_Identity.lean:975:59: mod_cast has type
  ?m.225 = ?m.225
but is expected to have type
  z.natAbs = 0
error: Goldbach/BG_Identity.lean:979:12: Type mismatch
  hzabs0
has type
  z.natAbs = 0
but is expected to have type
  z.natAbs ≠ 0
error: Goldbach/BG_Identity.lean:981:17: Invalid `⟨...⟩` notation: The expected type
  z.natAbs - 1 < Ucut ∧ z = Int.ofNat (z.natAbs - 1).succ ∨ z = -Int.ofNat (z.natAbs - 1).succ
has more than one constructor

Note: This notation can only be used when the expected type is an inductive type with a single constructor
error: Goldbach/BG_Identity.lean:982:10: No goals to be solved
error: Goldbach/BG_Identity.lean:995:69: Application type mismatch: The argument
  hkpos
has type
  k < Ucut
but is expected to have type
  k ∈ Finset.range Ucut
in the application
  And.intro hkpos
error: Goldbach/BG_Identity.lean:950:6: unsolved goals
case h.mp.inr
h0 : 0 ∈ bandU
z : ℤ
hz : z ∈ bandU.erase 0
hzIcc : z ∈ Finset.Icc (-↑Ucut) ↑Ucut
hz0 : z ≠ 0
hzAbs : z.natAbs ≤ Ucut
k : ℕ
h✝ : z = -Int.ofNat k.succ
⊢ z ∈
    Finset.map { toFun := fun k => ↑k.succ, inj' := ⋯ } (Finset.range Ucut) ∪
      Finset.map { toFun := fun k => -↑k.succ, inj' := ⋯ } (Finset.range Ucut)
error: Goldbach/BG_Identity.lean:996:54: unsolved goals
h0 : 0 ∈ bandU
z : ℤ
⊢ K_full_raw (H + (H + 99) / 100) 0 = (↑H + ↑((H + 99) / 100))⁻¹
error: Goldbach/BG_Identity.lean:1009:34: maximum recursion depth has been reached
use `set_option maxRecDepth <num>` to increase limit
use `set_option diagnostics true` to get diagnostic information
error: Goldbach/BG_Identity.lean:1010:28: Type mismatch
  hk
has type
  k ∈ Finset.map { toFun := fun k => ↑k.succ, inj' := ⋯ } (Finset.range Ucut)
but is expected to have type
  ∀ (a₂ : ℤ) (ha₂ : a₂ ∈ Finset.map { toFun := fun k => ↑k.succ, inj' := ⋯ } (Finset.range Ucut)),
    (fun k hk => k) k hk = (fun k hk => k) a₂ ha₂ → k = a₂
error: Goldbach/BG_Identity.lean:1011:14: unsolved goals
case heq
h0 : 0 ∈ bandU
z : ℤ
h0val : K_full 0 = 1 / ↑Ucut
k : ℤ
hk : k ∈ Finset.map { toFun := fun k => -↑k.succ, inj' := ⋯ } (Finset.range Ucut)
⊢ ∃ a < H + (H + 99) / 100, ↑a + 1 = k
error: Goldbach/BG_Identity.lean:1012:28: Type mismatch
  hk
has type
  k ∈ Finset.map { toFun := fun k => ↑k.succ, inj' := ⋯ } (Finset.range Ucut)
but is expected to have type
  K_full k = K_full ((fun k hk => k) k hk)
error: Goldbach/BG_Identity.lean:1029:68: Type mismatch: After simplification, term
  hbEq
 has type
  -1 + -↑b' = ↑a' + 1
but is expected to have type
  ↑a' + 1 = -1 + -↑b'
error: Goldbach/BG_Identity.lean:1030:16: linarith failed to find a contradiction
h0 : 0 ∈ bandU
z : ℤ
h0val : K_full 0 = 1 / ↑Ucut
hpair :
  ∑ k ∈ Finset.map { toFun := fun k => ↑k.succ, inj' := ⋯ } (Finset.range Ucut), K_full k =
    ∑ k ∈ Finset.map { toFun := fun k => -↑k.succ, inj' := ⋯ } (Finset.range Ucut), K_full k
a' : ℕ
ha' : a' ∈ Finset.range Ucut
ha :
  { toFun := fun k => ↑k.succ, inj' := ⋯ } a' ∈ Finset.map { toFun := fun k => ↑k.succ, inj' := ⋯ } (Finset.range Ucut)
hb :
  { toFun := fun k => ↑k.succ, inj' := ⋯ } a' ∈ Finset.map { toFun := fun k => -↑k.succ, inj' := ⋯ } (Finset.range Ucut)
b' : ℕ
hb' : b' ∈ Finset.range Ucut
hbEq : { toFun := fun k => -↑k.succ, inj' := ⋯ } b' = { toFun := fun k => ↑k.succ, inj' := ⋯ } a'
hbPos : ↑b'.succ ≠ 0
this : ↑a'.succ = -↑b'.succ
⊢ False
failed
error: Goldbach/BG_Identity.lean:1047:92: Unknown identifier `hpos`
error: Goldbach/BG_Identity.lean:1049:6: 'calc' expression has type
  ∑ k ∈ bandU, K_full k = K_full 0 + 2 * ∑ k ∈ Finset.range Ucut, K_full (Int.ofNat k.succ)
but is expected to have type
  z ∈
      Finset.map { toFun := fun k => ↑k.succ, inj' := ⋯ } (Finset.range Ucut) ∪
        Finset.map { toFun := fun k => -↑k.succ, inj' := ⋯ } (Finset.range Ucut) →
    z ∈ bandU.erase 0
error: Goldbach/BG_Identity.lean:936:93: unsolved goals
h0 : 0 ∈ bandU
hpos :
  bandU.erase 0 =
    Finset.map { toFun := fun k => ↑k.succ, inj' := ⋯ } (Finset.range Ucut) ∪
      Finset.map { toFun := fun k => -↑k.succ, inj' := ⋯ } (Finset.range Ucut)
⊢ ∑ k ∈ bandU, K_full k = K_full 0 + 2 * ∑ k ∈ Finset.range Ucut, K_full (Int.ofNat k.succ)
error: Goldbach/BG_Identity.lean:1052:22: maximum recursion depth has been reached
use `set_option maxRecDepth <num>` to increase limit
use `set_option diagnostics true` to get diagnostic information
warning: Goldbach/BG_Identity.lean:1054:10: try 'simp' instead of 'simpa'

Note: This linter can be disabled with `set_option linter.unnecessarySimpa false`
warning: Goldbach/BG_Identity.lean:1073:22: `Finset.range_succ` has been deprecated: Use `Finset.range_add_one` instead
error: Goldbach/BG_Identity.lean:1071:72: unsolved goals
hsplit : ∑ k ∈ bandU, K_full k = K_full 0 + 2 * ∑ k ∈ Finset.range Ucut, K_full (Int.ofNat k.succ)
hsum1 : ∑ k ∈ Finset.range Ucut, 1 = ↑Ucut
this : ∑ i ∈ Finset.range Ucut.succ, i = Ucut.succ * (Ucut.succ - 1) / 2
⊢ H + (H + 99) / 100 + ∑ x ∈ Finset.range (H + (H + 99) / 100), x =
    ∑ x ∈ Finset.range (H + (H + 99) / 100), x + (H + (H + 99) / 100)
error: Goldbach/BG_Identity.lean:1075:10: Type mismatch: After simplification, term
  Finset.sum_range_id
 has type
  ∀ (n : ℕ), ∑ i ∈ Finset.range n, i = n * (n - 1) / 2
but is expected to have type
  ∑ i ∈ Finset.range (H + (H + 99) / 100 + 1), i = (H + (H + 99) / 100 + 1) * (H + (H + 99) / 100) / 2
error: Goldbach/BG_Identity.lean:1076:8: linarith failed to find a contradiction
case h1.h
hsplit : ∑ k ∈ bandU, K_full k = K_full 0 + 2 * ∑ k ∈ Finset.range Ucut, K_full (Int.ofNat k.succ)
hsum1 : ∑ k ∈ Finset.range Ucut, 1 = ↑Ucut
this : ∑ i ∈ Finset.range Ucut.succ, i = Ucut.succ * (Ucut.succ - 1) / 2
hrewrite : ∑ i ∈ Finset.range Ucut.succ, i = ∑ k ∈ Finset.range Ucut, k.succ
hs : ∑ i ∈ Finset.range Ucut.succ, i = Ucut.succ * Ucut / 2
a✝ : ∑ k ∈ Finset.range Ucut, k.succ < Ucut * (Ucut + 1) / 2
⊢ False
failed
error: Goldbach/BG_Identity.lean:1078:6: maximum recursion depth has been reached
use `set_option maxRecDepth <num>` to increase limit
use `set_option diagnostics true` to get diagnostic information
error: Goldbach/BG_Identity.lean:1085:16: maximum recursion depth has been reached
use `set_option maxRecDepth <num>` to increase limit
use `set_option diagnostics true` to get diagnostic information
error: Goldbach/BG_Identity.lean:1097:68: unsolved goals
hsplit : ∑ k ∈ bandU, K_full k = K_full 0 + 2 * ∑ k ∈ Finset.range Ucut, K_full (Int.ofNat k.succ)
hsum1 : ∑ k ∈ Finset.range Ucut, 1 = ↑Ucut
hsumk : ∑ k ∈ Finset.range Ucut, ↑k.succ = ↑Ucut * (↑Ucut + 1) / 2
hUpos : 0 < ↑Ucut
hUpos' : ↑Ucut ≠ 0
⊢ (↑H + ↑((H + 99) / 100) - ∑ x ∈ Finset.range (H + (H + 99) / 100), (↑x + 1) / (↑H + ↑((H + 99) / 100))) /
      (↑H + ↑((H + 99) / 100)) =
    (↑H + ↑((H + 99) / 100))⁻¹ *
      (↑H + ↑((H + 99) / 100) - ∑ x ∈ Finset.range (H + (H + 99) / 100), (↑x + 1) / (↑H + ↑((H + 99) / 100)))
info: Goldbach/BG_Identity.lean:1103:8: Try this:
  [apply] ring_nf
  
  The `ring` tactic failed to close the goal. Use `ring_nf` to obtain a normal form.
    
  Note that `ring` works primarily in *commutative* rings. If you have a noncommutative ring, abelian group or module, consider using `noncomm_ring`, `abel` or `module` instead.
error: Goldbach/BG_Identity.lean:1100:96: unsolved goals
hsplit : ∑ k ∈ bandU, K_full k = K_full 0 + 2 * ∑ k ∈ Finset.range Ucut, K_full (Int.ofNat k.succ)
hsum1 : ∑ k ∈ Finset.range Ucut, 1 = ↑Ucut
hsumk : ∑ k ∈ Finset.range Ucut, ↑k.succ = ↑Ucut * (↑Ucut + 1) / 2
hUpos : 0 < ↑Ucut
hUpos' : ↑Ucut ≠ 0
⊢ ↑Ucut * (↑Ucut)⁻¹ - (↑Ucut)⁻¹ * ∑ x ∈ Finset.range Ucut, (↑Ucut)⁻¹ * ↑x.succ =
    ↑Ucut * (↑Ucut)⁻¹ + ↑Ucut * (↑Ucut)⁻¹ ^ 2 * (-1 / 2) + ↑Ucut ^ 2 * (↑Ucut)⁻¹ ^ 2 * (-1 / 2)
info: Goldbach/BG_Identity.lean:1105:33: Try this:
  [apply] ring_nf
  
  The `ring` tactic failed to close the goal. Use `ring_nf` to obtain a normal form.
    
  Note that `ring` works primarily in *commutative* rings. If you have a noncommutative ring, abelian group or module, consider using `noncomm_ring`, `abel` or `module` instead.
error: Goldbach/BG_Identity.lean:1104:34: unsolved goals
hsplit : ∑ k ∈ bandU, K_full k = K_full 0 + 2 * ∑ k ∈ Finset.range Ucut, K_full (Int.ofNat k.succ)
hsum1 : ∑ k ∈ Finset.range Ucut, 1 = ↑Ucut
hsumk : ∑ k ∈ Finset.range Ucut, ↑k.succ = ↑Ucut * (↑Ucut + 1) / 2
hUpos : 0 < ↑Ucut
⊢ -1 + ↑Ucut = -↑Ucut + ↑Ucut ^ 2
error: Goldbach/BG_Identity.lean:1114:58: unsolved goals
hsplit : ∑ k ∈ bandU, K_full k = K_full 0 + 2 * ∑ k ∈ Finset.range Ucut, K_full (Int.ofNat k.succ)
hpos_eval : ∑ k ∈ Finset.range Ucut, K_full (Int.ofNat k.succ) = (↑Ucut - 1) / 2
hUpos : ↑Ucut ≠ 0
this : ∑ k ∈ bandU, K_full k = K_full 0 + 2 * ∑ k ∈ Finset.range Ucut, K_full (Int.ofNat k.succ)
⊢ K_full_raw (H + (H + 99) / 100) 0 = (↑H + ↑((H + 99) / 100))⁻¹
info: Goldbach/BG_Identity.lean:1123:6: Try this:
  [apply] ring_nf
  
  The `ring` tactic failed to close the goal. Use `ring_nf` to obtain a normal form.
    
  Note that `ring` works primarily in *commutative* rings. If you have a noncommutative ring, abelian group or module, consider using `noncomm_ring`, `abel` or `module` instead.
error: Goldbach/BG_Identity.lean:1117:13: unsolved goals
hsplit : ∑ k ∈ bandU, K_full k = K_full 0 + 2 * ∑ k ∈ Finset.range Ucut, K_full (Int.ofNat k.succ)
hpos_eval : ∑ k ∈ Finset.range Ucut, K_full (Int.ofNat k.succ) = (↑Ucut - 1) / 2
hUpos hUpos' : ↑Ucut ≠ 0
hUpos'' : 0 < ↑Ucut
⊢ 1 - ↑Ucut + ↑Ucut ^ 2 = ↑Ucut
warning: Goldbach/BG_Identity.lean:940:14: This simp argument is unused:
  bandU

Hint: Omit it from the simp argument list.
  simp ̵[̵b̵a̵n̵d̵U̵]̵

Note: This linter can be disabled with `set_option linter.unusedSimpArgs false`
warning: Goldbach/BG_Identity.lean:1099:14: This simp argument is unused:
  Finset.sum_mul

Hint: Omit it from the simp argument list.
  simp [F̵i̵n̵s̵e̵t̵.̵s̵u̵m̵_̵m̵u̵l̵,̵ ̵hUpos']

Note: This linter can be disabled with `set_option linter.unusedSimpArgs false`
warning: Goldbach/BG_Identity.lean:1099:30: This simp argument is unused:
  hUpos'

Hint: Omit it from the simp argument list.
  simp [Finset.sum_mul,̵ ̵h̵U̵p̵o̵s̵'̵]

Note: This linter can be disabled with `set_option linter.unusedSimpArgs false`
warning: Goldbach/BG_Identity.lean:1102:43: This simp argument is unused:
  Finset.sum_div

Hint: Omit it from the simp argument list.
  simp only [Finset.sum_sub_distrib, F̵i̵n̵s̵e̵t̵.̵s̵u̵m̵_̵d̵i̵v̵,̵ ̵hsum1, hsumk]

Note: This linter can be disabled with `set_option linter.unusedSimpArgs false`
warning: Goldbach/BG_Identity.lean:1102:66: This simp argument is unused:
  hsumk

Hint: Omit it from the simp argument list.
  simp only [Finset.sum_sub_distrib, Finset.sum_div, hsum1,̵ ̵h̵s̵u̵m̵k̵]

Note: This linter can be disabled with `set_option linter.unusedSimpArgs false`
error: Goldbach/BG_Identity.lean:1138:27: Invalid argument name `bandU` for function `sum_bandU`
error: Goldbach/BG_Identity.lean:1161:30: unsolved goals
Kadm : BG.AdmissibleKernel Ucut
⊢ 0 ∈ BG_Bank.S_BG
warning: Goldbach/BG_Identity.lean:1178:5: unused variable `h`

Note: This linter can be disabled with `set_option linter.unusedVariables false`
error: Goldbach/BG_Identity.lean:1197:53: Type mismatch: After simplification, term
  hk
 has type
  k ∈ BG_Bank.S_BG
but is expected to have type
  -↑H ≤ k ∧ k ≤ ↑H
error: Goldbach/BG_Identity.lean:1202:6: Tactic `simp` failed with a nested error:
maximum recursion depth has been reached
use `set_option maxRecDepth <num>` to increase limit
use `set_option diagnostics true` to get diagnostic information
warning: Goldbach/BG_Identity.lean:1222:54: try 'simp' instead of 'simpa'

Note: This linter can be disabled with `set_option linter.unnecessarySimpa false`
error: Goldbach/BG_Identity.lean:1237:14: Type mismatch: After simplification, term
  Finset.mem_Icc.mpr hkIcc_pair
 has type
  -↑H ≤ k ∧ k ≤ ↑H
but is expected to have type
  k ∈ BG_Bank.S_BG
error: Goldbach/BG_Identity.lean:1239:53: Type mismatch: After simplification, term
  hk
 has type
  k ∈ BG_Bank.S_BG
but is expected to have type
  -↑H ≤ k ∧ k ≤ ↑H
warning: Goldbach/BG_Identity.lean:1242:6: try 'simp' instead of 'simpa'

Note: This linter can be disabled with `set_option linter.unnecessarySimpa false`
error: Goldbach/BG_Identity.lean:1299:16: maximum recursion depth has been reached
use `set_option maxRecDepth <num>` to increase limit
use `set_option diagnostics true` to get diagnostic information
error: Goldbach/BG_Identity.lean:1316:18: maximum recursion depth has been reached
use `set_option maxRecDepth <num>` to increase limit
use `set_option diagnostics true` to get diagnostic information
error: Goldbach/BG_Identity.lean:1328:16: No goals to be solved
error: Goldbach/BG_Identity.lean:1340:4: maximum recursion depth has been reached
use `set_option maxRecDepth <num>` to increase limit
use `set_option diagnostics true` to get diagnostic information
error: Goldbach/BG_Identity.lean:1358:12: maximum recursion depth has been reached
use `set_option maxRecDepth <num>` to increase limit
use `set_option diagnostics true` to get diagnostic information
error: Goldbach/BG_Identity.lean:1364:12: maximum recursion depth has been reached
use `set_option maxRecDepth <num>` to increase limit
use `set_option diagnostics true` to get diagnostic information
error: Goldbach/BG_Identity.lean:1365:2: maximum recursion depth has been reached
use `set_option maxRecDepth <num>` to increase limit
use `set_option diagnostics true` to get diagnostic information
warning: Goldbach/BG_Identity.lean:1298:64: This simp argument is unused:
  mul_left_comm

Hint: Omit it from the simp argument list.
  simp [div_eq_mul_inv, mul_comm, mul_l̵e̵f̵t̵_̵c̵o̵m̵m̵,̵ ̵m̵u̵l̵_̵assoc]

Note: This linter can be disabled with `set_option linter.unusedSimpArgs false`
warning: Goldbach/BG_Identity.lean:1298:79: This simp argument is unused:
  mul_assoc

Hint: Omit it from the simp argument list.
  simp [div_eq_mul_inv, mul_comm, mul_left_comm,̵ ̵m̵u̵l̵_̵a̵s̵s̵o̵c̵]

Note: This linter can be disabled with `set_option linter.unusedSimpArgs false`
warning: Goldbach/BG_Identity.lean:1367:6: declaration uses 'sorry'
error: Goldbach/BG_Identity.lean:1413:21: maximum recursion depth has been reached
use `set_option maxRecDepth <num>` to increase limit
use `set_option diagnostics true` to get diagnostic information
warning: Goldbach/BG_Identity.lean:1441:28: unused variable `X`

Note: This linter can be disabled with `set_option linter.unusedVariables false`
warning: Goldbach/BG_Identity.lean:1441:30: unused variable `N`

Note: This linter can be disabled with `set_option linter.unusedVariables false`
warning: Goldbach/BG_Identity.lean:1442:28: unused variable `X`

Note: This linter can be disabled with `set_option linter.unusedVariables false`
warning: Goldbach/BG_Identity.lean:1442:30: unused variable `N`

Note: This linter can be disabled with `set_option linter.unusedVariables false`
error: Goldbach/BG_Identity.lean:1468:21: maximum recursion depth has been reached
use `set_option maxRecDepth <num>` to increase limit
use `set_option diagnostics true` to get diagnostic information
error: Goldbach/BG_Identity.lean:1567:0: Unexpected name `BG_Identity` after `end`: The current section is unnamed

Hint: Delete the name `BG_Identity` to end the current unnamed scope; outer named scopes can then be closed using additional `end` command(s):
  end ̵B̵G̵_̵I̵d̵e̵n̵t̵i̵t̵y̵
error: Goldbach/BG_Identity.lean:1568:0: Unexpected name `Goldbach` after `end`: The current section is unnamed

Hint: Delete the name `Goldbach` to end the current unnamed scope; outer named scopes can then be closed using additional `end` command(s):
  end ̵G̵o̵l̵d̵b̵a̵c̵h̵
error: Lean exited with code 1
Some required targets logged failures:
- Goldbach.BG_Identity
error: build failed
⚠ [7587/7623] Replayed Goldbach.Compat
warning: Goldbach/Compat.lean:18:2: try 'simp' instead of 'simpa'

Note: This linter can be disabled with `set_option linter.unnecessarySimpa false`
warning: Goldbach/Compat.lean:24:40: unused variable `hb`

Note: This linter can be disabled with `set_option linter.unusedVariables false`
warning: Goldbach/Compat.lean:50:4: try 'simp' instead of 'simpa'

Note: This linter can be disabled with `set_option linter.unnecessarySimpa false`
⚠ [7589/7623] Replayed Goldbach.Windows
warning: Goldbach/Windows.lean:63:4: try 'simp' instead of 'simpa'

Note: This linter can be disabled with `set_option linter.unnecessarySimpa false`
warning: Goldbach/Windows.lean:68:2: try 'simp' instead of 'simpa'

Note: This linter can be disabled with `set_option linter.unnecessarySimpa false`
warning: Goldbach/Windows.lean:68:38: this tactic is never executed

Note: This linter can be disabled with `set_option linter.unreachableTactic false`
warning: Goldbach/Windows.lean:68:38: 'simpa using hmap' tactic does nothing

Note: This linter can be disabled with `set_option linter.unusedTactic false`
⚠ [7591/7623] Replayed Goldbach.Base.FiniteBaseDefs
warning: Goldbach/Base/FiniteBaseDefs.lean:41:17: unused variable `ha`

Note: This linter can be disabled with `set_option linter.unusedVariables false`
warning: Goldbach/Base/FiniteBaseDefs.lean:41:45: unused variable `hc`

Note: This linter can be disabled with `set_option linter.unusedVariables false`
warning: Goldbach/Base/FiniteBaseDefs.lean:42:5: unused variable `hab`

Note: This linter can be disabled with `set_option linter.unusedVariables false`
warning: Goldbach/Base/FiniteBaseDefs.lean:42:19: unused variable `hbc`

Note: This linter can be disabled with `set_option linter.unusedVariables false`
⚠ [7592/7623] Replayed Goldbach.ClosureBridge
warning: Goldbach/ClosureBridge.lean:42:41: try 'simp' instead of 'simpa'

Note: This linter can be disabled with `set_option linter.unnecessarySimpa false`
⚠ [7599/7623] Replayed Goldbach.AO_AssembleEnvelope
warning: Goldbach/AO_AssembleEnvelope.lean:67:20: try 'simp' instead of 'simpa'

Note: This linter can be disabled with `set_option linter.unnecessarySimpa false`
⚠ [7601/7623] Replayed Goldbach.AO_Major
warning: Goldbach/AO_Major.lean:21:13: unused variable `hX`

Note: This linter can be disabled with `set_option linter.unusedVariables false`
warning: Goldbach/AO_Major.lean:21:35: unused variable `hN`

Note: This linter can be disabled with `set_option linter.unusedVariables false`
warning: Goldbach/AO_Major.lean:25:24: This simp argument is unused:
  add_assoc

Hint: Omit it from the simp argument list.
  simp [Goldbach.AO_Major.errAO, Goldbach.AO_Major.weight_mass, Goldbach.AO_Core.errAO,
       ̵ ̵ ̵ ̵sub_eq_add_neg, add_a̵s̵s̵o̵c̵,̵ ̵a̵d̵d̵_̵left_comm, add_comm, mul_assoc]

Note: This linter can be disabled with `set_option linter.unusedSimpArgs false`
warning: Goldbach/AO_Major.lean:25:60: This simp argument is unused:
  mul_assoc

Hint: Omit it from the simp argument list.
  simp [Goldbach.AO_Major.errAO, Goldbach.AO_Major.weight_mass, Goldbach.AO_Core.errAO,
       ̵ ̵ ̵ ̵sub_eq_add_neg, add_assoc, add_left_comm, add_comm,̵ ̵m̵u̵l̵_̵a̵s̵s̵o̵c̵]

Note: This linter can be disabled with `set_option linter.unusedSimpArgs false`
warning: Goldbach/AO_Major.lean:46:5: unused variable `h`

Note: This linter can be disabled with `set_option linter.unusedVariables false`
warning: Goldbach/AO_Major.lean:58:24: This simp argument is unused:
  dif_pos

Hint: Omit it from the simp argument list.
  simp only [MPDF, win, d̵i̵f̵_̵p̵o̵s̵,̵ ̵mul_div_assoc']

Note: This linter can be disabled with `set_option linter.unusedSimpArgs false`
warning: Goldbach/AO_Major.lean:58:33: This simp argument is unused:
  mul_div_assoc'

Hint: Omit it from the simp argument list.
  simp only [MPDF, win, dif_pos,̵ ̵m̵u̵l̵_̵d̵i̵v̵_̵a̵s̵s̵o̵c̵'̵]

Note: This linter can be disabled with `set_option linter.unusedSimpArgs false`
warning: Goldbach/AO_Major.lean:81:69: try 'simp' instead of 'simpa'

Note: This linter can be disabled with `set_option linter.unnecessarySimpa false`
warning: Goldbach/AO_Major.lean:82:68: try 'simp' instead of 'simpa'

Note: This linter can be disabled with `set_option linter.unnecessarySimpa false`
warning: Goldbach/AO_Major.lean:83:68: try 'simp' instead of 'simpa'

Note: This linter can be disabled with `set_option linter.unnecessarySimpa false`
warning: Goldbach/AO_Major.lean:85:90: This simp argument is unused:
  add_assoc

Hint: Omit it from the simp argument list.
  simp [sub_eq_add_neg,̵ ̵a̵d̵d̵_̵a̵s̵s̵o̵c̵]

Note: This linter can be disabled with `set_option linter.unusedSimpArgs false`
warning: Goldbach/AO_Major.lean:101:24: This simp argument is unused:
  dif_pos

Hint: Omit it from the simp argument list.
  simp only [MPDF, win,̵ ̵d̵i̵f̵_̵p̵o̵s̵]

Note: This linter can be disabled with `set_option linter.unusedSimpArgs false`
⚠ [7602/7623] Replayed Goldbach.BG_Bank
warning: Goldbach/BG_Bank.lean:13:25: unused variable `n`

Note: This linter can be disabled with `set_option linter.unusedVariables false`
warning: Goldbach/BG_Bank.lean:75:4: try 'simp' instead of 'simpa'

Note: This linter can be disabled with `set_option linter.unnecessarySimpa false`
warning: Goldbach/BG_Bank.lean:75:25: this tactic is never executed

Note: This linter can be disabled with `set_option linter.unreachableTactic false`
warning: Goldbach/BG_Bank.lean:75:25: 'decide' tactic does nothing

Note: This linter can be disabled with `set_option linter.unusedTactic false`
warning: Goldbach/BG_Bank.lean:288:14: try 'simp' instead of 'simpa'

Note: This linter can be disabled with `set_option linter.unnecessarySimpa false`
warning: Goldbach/BG_Bank.lean:188:42: This simp argument is unused:
  Nat.cast_sub hn_le

Hint: Omit it from the simp argument list.
  simp only [Nat.cast_succ,̵ ̵N̵a̵t̵.̵c̵a̵s̵t̵_̵s̵u̵b̵ ̵h̵n̵_̵l̵e̵]

Note: This linter can be disabled with `set_option linter.unusedSimpArgs false`
warning: Goldbach/BG_Bank.lean:194:24: This simp argument is unused:
  abs_of_nonneg hlog_Nm_nn

Hint: Omit it from the simp argument list.
  simp [hp,̵ ̵a̵b̵s̵_̵o̵f̵_̵n̵o̵n̵n̵e̵g̵ ̵h̵l̵o̵g̵_̵N̵m̵_̵n̵n̵]

Note: This linter can be disabled with `set_option linter.unusedSimpArgs false`
warning: Goldbach/BG_Bank.lean:202:24: This simp argument is unused:
  abs_of_nonneg hlog_Np1_nn

Hint: Omit it from the simp argument list.
  simp [hp,̵ ̵a̵b̵s̵_̵o̵f̵_̵n̵o̵n̵n̵e̵g̵ ̵h̵l̵o̵g̵_̵N̵p̵1̵_̵n̵n̵]

Note: This linter can be disabled with `set_option linter.unusedSimpArgs false`
warning: Goldbach/BG_Bank.lean:218:46: This simp argument is unused:
  mul_comm

Hint: Omit it from the simp argument list.
  simp [abs_mul, mul_assoc, m̵u̵l̵_̵c̵o̵m̵m̵,̵ ̵mul_left_comm]

Note: This linter can be disabled with `set_option linter.unusedSimpArgs false`
warning: Goldbach/BG_Bank.lean:326:20: This simp argument is unused:
  hlogXabs

Hint: Omit it from the simp argument list.
  simp [h̵l̵o̵g̵X̵a̵b̵s̵,̵ ̵mul_comm, mul_left_comm, mul_assoc]

Note: This linter can be disabled with `set_option linter.unusedSimpArgs false`
warning: Goldbach/BG_Bank.lean:326:30: This simp argument is unused:
  mul_comm

Hint: Omit it from the simp argument list.
  simp [hlogXabs, m̵u̵l̵_̵c̵o̵m̵m̵,̵ ̵mul_left_comm, mul_assoc]

Note: This linter can be disabled with `set_option linter.unusedSimpArgs false`
warning: Goldbach/BG_Bank.lean:403:14: try 'simp' instead of 'simpa'

Note: This linter can be disabled with `set_option linter.unnecessarySimpa false`
warning: Goldbach/BG_Bank.lean:405:14: try 'simp' instead of 'simpa'

Note: This linter can be disabled with `set_option linter.unnecessarySimpa false`
warning: Goldbach/BG_Bank.lean:407:40: This simp argument is unused:
  add_comm

Hint: Omit it from the simp argument list.
  simp [div_self, hlogX_ne, add_c̵o̵m̵m̵,̵ ̵a̵d̵d̵_̵left_comm, add_assoc]

Note: This linter can be disabled with `set_option linter.unusedSimpArgs false`
warning: Goldbach/BG_Bank.lean:407:50: This simp argument is unused:
  add_left_comm

Hint: Omit it from the simp argument list.
  simp [div_self, hlogX_ne, add_comm, a̵d̵d̵_̵l̵e̵f̵t̵_̵c̵o̵m̵m̵,̵ ̵add_assoc]

Note: This linter can be disabled with `set_option linter.unusedSimpArgs false`
warning: Goldbach/BG_Bank.lean:407:65: This simp argument is unused:
  add_assoc

Hint: Omit it from the simp argument list.
  simp [div_self, hlogX_ne, add_comm, add_left_comm,̵ ̵a̵d̵d̵_̵a̵s̵s̵o̵c̵]

Note: This linter can be disabled with `set_option linter.unusedSimpArgs false`
warning: Goldbach/BG_Bank.lean:547:63: try 'simp' instead of 'simpa'

Note: This linter can be disabled with `set_option linter.unnecessarySimpa false`
warning: Goldbach/BG_Bank.lean:550:47: This simp argument is unused:
  add_comm

Hint: Omit it from the simp argument list.
  simp [add_div, div_self, hlogX_ne, add_c̵o̵m̵m̵,̵ ̵a̵d̵d̵_̵left_comm, add_assoc]

Note: This linter can be disabled with `set_option linter.unusedSimpArgs false`
warning: Goldbach/BG_Bank.lean:550:57: This simp argument is unused:
  add_left_comm

Hint: Omit it from the simp argument list.
  simp [add_div, div_self, hlogX_ne, add_comm, a̵d̵d̵_̵l̵e̵f̵t̵_̵c̵o̵m̵m̵,̵ ̵add_assoc]

Note: This linter can be disabled with `set_option linter.unusedSimpArgs false`
warning: Goldbach/BG_Bank.lean:550:72: This simp argument is unused:
  add_assoc

Hint: Omit it from the simp argument list.
  simp [add_div, div_self, hlogX_ne, add_comm, add_left_comm,̵ ̵a̵d̵d̵_̵a̵s̵s̵o̵c̵]

Note: This linter can be disabled with `set_option linter.unusedSimpArgs false`
warning: Goldbach/BG_Bank.lean:559:56: This simp argument is unused:
  add_left_comm

Hint: Omit it from the simp argument list.
  simp [c, Nat.cast_add, Nat.cast_one, add_assoc, a̵d̵d̵_̵l̵e̵f̵t̵_̵c̵o̵m̵m̵,̵ ̵add_comm, add_div, div_self hX0_ne]

Note: This linter can be disabled with `set_option linter.unusedSimpArgs false`
⚠ [7603/7623] Replayed Goldbach.BG_Operator
warning: Goldbach/BG_Operator.lean:31:2: try 'simp' instead of 'simpa'

Note: This linter can be disabled with `set_option linter.unnecessarySimpa false`
warning: Goldbach/BG_Operator.lean:98:2: try 'simp' instead of 'simpa'

Note: This linter can be disabled with `set_option linter.unnecessarySimpa false`
⚠ [7605/7623] Replayed Goldbach.SingularSeries
warning: Goldbach/SingularSeries.lean:40:5: unused variable `h`

Note: This linter can be disabled with `set_option linter.unusedVariables false`
warning: Goldbach/SingularSeries.lean:88:8: `Finset.eq_empty_iff_forall_not_mem` has been deprecated: Use `Finset.eq_empty_iff_forall_notMem` instead
warning: Goldbach/SingularSeries.lean:98:4: try 'simp' instead of 'simpa'

Note: This linter can be disabled with `set_option linter.unnecessarySimpa false`
warning: Goldbach/SingularSeries.lean:99:28: this tactic is never executed

Note: This linter can be disabled with `set_option linter.unreachableTactic false`
warning: Goldbach/SingularSeries.lean:99:57: this tactic is never executed

Note: This linter can be disabled with `set_option linter.unreachableTactic false`
warning: Goldbach/SingularSeries.lean:99:28: 'decide' tactic does nothing

Note: This linter can be disabled with `set_option linter.unusedTactic false`
warning: Goldbach/SingularSeries.lean:99:57: 'decide' tactic does nothing

Note: This linter can be disabled with `set_option linter.unusedTactic false`
⚠ [7607/7623] Replayed Goldbach.PPNumerics
warning: Goldbach/PPNumerics.lean:24:42: try 'simp' instead of 'simpa'

Note: This linter can be disabled with `set_option linter.unnecessarySimpa false`
warning: Goldbach/PPNumerics.lean:27:6: try 'simp' instead of 'simpa'

Note: This linter can be disabled with `set_option linter.unnecessarySimpa false`
⚠ [7608/7623] Replayed Goldbach.PPBoundSquares
warning: Goldbach/PPBoundSquares.lean:41:8: try 'simp' instead of 'simpa'

Note: This linter can be disabled with `set_option linter.unnecessarySimpa false`
warning: Goldbach/PPBoundSquares.lean:228:10: try 'simp' instead of 'simpa'

Note: This linter can be disabled with `set_option linter.unnecessarySimpa false`
⚠ [7610/7623] Replayed Goldbach.AnalyticGlobal
warning: Goldbach/AnalyticGlobal.lean:65:28: This simp argument is unused:
  one_div

Hint: Omit it from the simp argument list.
  simp [div_eq_mul_inv, o̵n̵e̵_̵d̵i̵v̵,̵ ̵mul_comm]

Note: This linter can be disabled with `set_option linter.unusedSimpArgs false`
warning: Goldbach/AnalyticGlobal.lean:68:30: This simp argument is unused:
  one_div

Hint: Omit it from the simp argument list.
  simp [div_eq_mul_inv, o̵n̵e̵_̵d̵i̵v̵,̵ ̵mul_comm]

Note: This linter can be disabled with `set_option linter.unusedSimpArgs false`
warning: Goldbach/AnalyticGlobal.lean:70:39: This simp argument is unused:
  mul_left_comm

Hint: Omit it from the simp argument list.
  simp [one_div, S_ne, mul_comm, mul_l̵e̵f̵t̵_̵c̵o̵m̵m̵,̵ ̵m̵u̵l̵_̵assoc]

Note: This linter can be disabled with `set_option linter.unusedSimpArgs false`
warning: Goldbach/AnalyticGlobal.lean:70:54: This simp argument is unused:
  mul_assoc

Hint: Omit it from the simp argument list.
  simp [one_div, S_ne, mul_comm, mul_left_comm,̵ ̵m̵u̵l̵_̵a̵s̵s̵o̵c̵]

Note: This linter can be disabled with `set_option linter.unusedSimpArgs false`
⚠ [7611/7623] Replayed Goldbach.BankPieces
warning: Goldbach/BankPieces.lean:15:63: `class ... :=` has been deprecated in favor of `class ... where`.

Note: This linter can be disabled with `set_option linter.deprecated false`
⚠ [7613/7623] Replayed Goldbach.Analytic.MajorBoundFromSigma
warning: Goldbach/Analytic/MajorBoundFromSigma.lean:21:75: `structure ... :=` has been deprecated in favor of `structure ... where`.

Note: This linter can be disabled with `set_option linter.deprecated false`
⚠ [7614/7623] Replayed Goldbach.Analytic.NumericSigma
warning: Goldbach/Analytic/NumericSigma.lean:23:32: unused variable `hX`

Note: This linter can be disabled with `set_option linter.unusedVariables false`
✖ [7620/7623] Building Goldbach.BG_Identity (57s)
trace: .> LEAN_PATH=/Users/benjaminnelson/Desktop/nerd shit/goldbach/builds/Goldbach/.lake/packages/Cli/.lake/build/lib/lean:/Users/benjaminnelson/Desktop/nerd shit/goldbach/builds/Goldbach/.lake/packages/batteries/.lake/build/lib/lean:/Users/benjaminnelson/Desktop/nerd shit/goldbach/builds/Goldbach/.lake/packages/Qq/.lake/build/lib/lean:/Users/benjaminnelson/Desktop/nerd shit/goldbach/builds/Goldbach/.lake/packages/aesop/.lake/build/lib/lean:/Users/benjaminnelson/Desktop/nerd shit/goldbach/builds/Goldbach/.lake/packages/proofwidgets/.lake/build/lib/lean:/Users/benjaminnelson/Desktop/nerd shit/goldbach/builds/Goldbach/.lake/packages/importGraph/.lake/build/lib/lean:/Users/benjaminnelson/Desktop/nerd shit/goldbach/builds/Goldbach/.lake/packages/LeanSearchClient/.lake/build/lib/lean:/Users/benjaminnelson/Desktop/nerd shit/goldbach/builds/Goldbach/.lake/packages/plausible/.lake/build/lib/lean:/Users/benjaminnelson/Desktop/nerd shit/goldbach/builds/Goldbach/.lake/packages/mathlib/.lake/build/lib/lean:/Users/benjaminnelson/Desktop/nerd shit/goldbach/builds/Goldbach/.lake/build/lib/lean /Users/benjaminnelson/.elan/toolchains/leanprover--lean4---v4.26.0-rc2/bin/lean /Users/benjaminnelson/Desktop/nerd shit/goldbach/builds/Goldbach/Goldbach/BG_Identity.lean -o /Users/benjaminnelson/Desktop/nerd shit/goldbach/builds/Goldbach/.lake/build/lib/lean/Goldbach/BG_Identity.olean -i /Users/benjaminnelson/Desktop/nerd shit/goldbach/builds/Goldbach/.lake/build/lib/lean/Goldbach/BG_Identity.ilean -c /Users/benjaminnelson/Desktop/nerd shit/goldbach/builds/Goldbach/.lake/build/ir/Goldbach/BG_Identity.c --setup /Users/benjaminnelson/Desktop/nerd shit/goldbach/builds/Goldbach/.lake/build/ir/Goldbach/BG_Identity.setup.json --json
warning: Goldbach/BG_Identity.lean:149:48: This simp argument is unused:
  add_comm

Hint: Omit it from the simp argument list.
  simp [Finset.sum_insert, hk, ih, mul_add, a̵d̵d̵_̵c̵o̵m̵m̵,̵ ̵add_left_comm, add_assoc, mul_comm, mul_left_comm,
  ̲  ̲ ̲ ̲ ̲ ̲ ̲ ̲mul_assoc]

Note: This linter can be disabled with `set_option linter.unusedSimpArgs false`
warning: Goldbach/BG_Identity.lean:149:58: This simp argument is unused:
  add_left_comm

Hint: Omit it from the simp argument list.
  simp [Finset.sum_insert, hk, ih, mul_add, add_comm, a̵d̵d̵_̵l̵e̵f̵t̵_̵c̵o̵m̵m̵,̵add_assoc, mul_comm, mul_left_comm,
  ̲  ̲ ̲ ̲ ̲ ̲ ̲ ̲mul_assoc]

Note: This linter can be disabled with `set_option linter.unusedSimpArgs false`
warning: Goldbach/BG_Identity.lean:150:12: This simp argument is unused:
  add_assoc

Hint: Omit it from the simp argument list.
  simp [Finset.sum_insert, hk, ih, mul_add, add_comm, add_left_comm, a̵d̵d̵_̵a̵s̵s̵o̵c̵,̵ ̵mul_comm, mul_left_comm,
  ̲  ̲ ̲ ̲ ̲ ̲ ̲ ̲mul_assoc]

Note: This linter can be disabled with `set_option linter.unusedSimpArgs false`
warning: Goldbach/BG_Identity.lean:150:23: This simp argument is unused:
  mul_comm

Hint: Omit it from the simp argument list.
  simp [Finset.sum_insert, hk, ih, mul_add, add_comm, add_left_comm, add_assoc, m̵u̵l̵_̵c̵o̵m̵m̵,̵ ̵mul_left_comm,
  ̲  ̲ ̲ ̲ ̲ ̲ ̲ ̲mul_assoc]

Note: This linter can be disabled with `set_option linter.unusedSimpArgs false`
warning: Goldbach/BG_Identity.lean:150:33: This simp argument is unused:
  mul_left_comm

Hint: Omit it from the simp argument list.
  simp [Finset.sum_insert, hk, ih, mul_add, add_comm, add_left_comm, add_assoc, mul_comm,
  ̲  ̲ ̲ ̲ ̲ ̲ ̲ ̲m̵u̵l̵_̵l̵e̵f̵t̵_̵c̵o̵m̵m̵,̵ ̵mul_assoc]

Note: This linter can be disabled with `set_option linter.unusedSimpArgs false`
warning: Goldbach/BG_Identity.lean:150:48: This simp argument is unused:
  mul_assoc

Hint: Omit it from the simp argument list.
  simp [Finset.sum_insert, hk, ih, mul_add, add_comm, add_left_comm, add_assoc, mul_comm,
  ̲  ̲ ̲ ̲ ̲ ̲ ̲ ̲m̵u̵l̵_̵l̵e̵f̵t̵_̵c̵o̵m̵m̵,̵ ̵m̵u̵l̵_̵a̵s̵s̵o̵c̵]̵m̲u̲l̲_̲l̲e̲f̲t̲_̲c̲o̲m̲m̲]̲

Note: This linter can be disabled with `set_option linter.unusedSimpArgs false`
error: Goldbach/BG_Identity.lean:197:76: unsolved goals
m : ℕ
hm : m ≤ Ucut
hnonneg : 0 ≤ 1 - ↑m / ↑Ucut
hmax : max (1 - ↑m / ↑Ucut) 0 = 1 - ↑m / ↑Ucut
⊢ max (1 - ↑m / (↑H + ↑((H + 99) / 100))) 0 / (↑H + ↑((H + 99) / 100)) =
    (1 - ↑m / (↑H + ↑((H + 99) / 100))) / (↑H + ↑((H + 99) / 100))
warning: Goldbach/BG_Identity.lean:204:12: This simp argument is unused:
  hU

Hint: Omit it from the simp argument list.
  simp [hU̵,̵ ̵h̵m0]

Note: This linter can be disabled with `set_option linter.unusedSimpArgs false`
warning: Goldbach/BG_Identity.lean:215:8: This simp argument is unused:
  hmax

Hint: Omit it from the simp argument list.
  simp ̵[̵h̵m̵a̵x̵]̵

Note: This linter can be disabled with `set_option linter.unusedSimpArgs false`
warning: Goldbach/BG_Identity.lean:241:10: This simp argument is unused:
  Finset.sum_insert

Hint: Omit it from the simp argument list.
  simp [̵F̵i̵n̵s̵e̵t̵.̵s̵u̵m̵_̵i̵n̵s̵e̵r̵t̵,̵ ̵h̵a̵,̵[̲h̲a̲,̲ ih, mul_add, add_comm, add_left_comm, add_assoc, mul_comm, mul_left_comm, mul_assoc]

Note: This linter can be disabled with `set_option linter.unusedSimpArgs false`
warning: Goldbach/BG_Identity.lean:241:33: This simp argument is unused:
  ih

Hint: Omit it from the simp argument list.
  simp [Finset.sum_insert, ha, i̵h̵,̵ ̵mul_add, add_comm, add_left_comm,
  ̵  ̵ ̵ ̵ ̵ ̵ ̵ ̵ ̵ ̵add_assoc, mul_comm,
  ̲  ̲ ̲ ̲ ̲ ̲mul_left_comm, mul_assoc]

Note: This linter can be disabled with `set_option linter.unusedSimpArgs false`
warning: Goldbach/BG_Identity.lean:241:56: This simp argument is unused:
  add_left_comm

Hint: Omit it from the simp argument list.
  simp [Finset.sum_insert, ha, ih, mul_add, add_comm, a̵d̵d̵_̵l̵e̵f̵t̵_̵c̵o̵m̵m̵,̵add_assoc, mul_comm, mul_left_comm,
  ̲  ̲ ̲ ̲ ̲ ̲mul_assoc]

Note: This linter can be disabled with `set_option linter.unusedSimpArgs false`
warning: Goldbach/BG_Identity.lean:242:10: This simp argument is unused:
  add_assoc

Hint: Omit it from the simp argument list.
  simp [Finset.sum_insert, ha, ih, mul_add, add_comm, add_left_comm, a̵d̵d̵_̵a̵s̵s̵o̵c̵,̵ ̵mul_comm, mul_left_comm,
  ̲  ̲ ̲ ̲ ̲ ̲mul_assoc]

Note: This linter can be disabled with `set_option linter.unusedSimpArgs false`
warning: Goldbach/BG_Identity.lean:242:31: This simp argument is unused:
  mul_left_comm

Hint: Omit it from the simp argument list.
  simp [Finset.sum_insert, ha, ih, mul_add, add_comm, add_left_comm, add_assoc, mul_comm,
  ̲  ̲ ̲ ̲ ̲ ̲m̵u̵l̵_̵l̵e̵f̵t̵_̵c̵o̵m̵m̵,̵ ̵mul_assoc]

Note: This linter can be disabled with `set_option linter.unusedSimpArgs false`
warning: Goldbach/BG_Identity.lean:242:46: This simp argument is unused:
  mul_assoc

Hint: Omit it from the simp argument list.
  simp [Finset.sum_insert, ha, ih, mul_add, add_comm, add_left_comm, add_assoc, mul_comm,
  ̲  ̲ ̲ ̲ ̲ ̲m̵u̵l̵_̵l̵e̵f̵t̵_̵c̵o̵m̵m̵,̵ ̵m̵u̵l̵_̵a̵s̵s̵o̵c̵]̵m̲u̲l̲_̲l̲e̲f̲t̲_̲c̲o̲m̲m̲]̲

Note: This linter can be disabled with `set_option linter.unusedSimpArgs false`
error: Goldbach/BG_Identity.lean:255:68: Application type mismatch: The argument
  hz_ne_pos
has type
  z ≠ ↑n.succ
but is expected to have type
  ↑n.succ ≠ z
in the application
  Ne.symm hz_ne_pos
error: Goldbach/BG_Identity.lean:256:62: Application type mismatch: The argument
  hz_ne_neg
has type
  z ≠ -↑n.succ
but is expected to have type
  -↑n.succ ≠ z
in the application
  lt_of_le_of_ne hI.left hz_ne_neg
warning: Goldbach/BG_Identity.lean:273:10: try 'simp' instead of 'simpa'

Note: This linter can be disabled with `set_option linter.unnecessarySimpa false`
warning: Goldbach/BG_Identity.lean:280:10: try 'simp' instead of 'simpa'

Note: This linter can be disabled with `set_option linter.unnecessarySimpa false`
error: Goldbach/BG_Identity.lean:263:2: unsolved goals
case h.mpr
n : ℕ
z : ℤ
hz : z ∈ Finset.Icc (-↑n) ↑n
hI : -↑n ≤ z ∧ z ≤ ↑n
hz_ne_pos : z ≠ ↑n.succ
hz_ne_neg : z ≠ -↑n.succ
hzI' : z ∈ Finset.Icc (-↑n.succ) ↑n.succ
⊢ -1 < z + ↑n ∧ z < ↑n + 1
warning: Goldbach/BG_Identity.lean:287:10: This simp argument is unused:
  Finset.mem_erase

Hint: Omit it from the simp argument list.
  simp [F̵i̵n̵s̵e̵t̵.̵m̵e̵m̵_̵e̵r̵a̵s̵e̵,̵ ̵hz_ne_pos, hz_ne_neg, hzI']

Note: This linter can be disabled with `set_option linter.unusedSimpArgs false`
warning: Goldbach/BG_Identity.lean:287:28: This simp argument is unused:
  hz_ne_pos

Hint: Omit it from the simp argument list.
  simp [Finset.mem_erase, h̵z̵_̵n̵e̵_̵p̵o̵s̵,̵ ̵hz_ne_neg, hzI']

Note: This linter can be disabled with `set_option linter.unusedSimpArgs false`
warning: Goldbach/BG_Identity.lean:287:39: This simp argument is unused:
  hz_ne_neg

Hint: Omit it from the simp argument list.
  simp [Finset.mem_erase, hz_ne_pos, hz_̵n̵e̵_̵n̵e̵g̵,̵ ̵h̵z̵I']

Note: This linter can be disabled with `set_option linter.unusedSimpArgs false`
warning: Goldbach/BG_Identity.lean:287:50: This simp argument is unused:
  hzI'

Hint: Omit it from the simp argument list.
  simp [Finset.mem_erase, hz_ne_pos, hz_ne_neg,̵ ̵h̵z̵I̵'̵]

Note: This linter can be disabled with `set_option linter.unusedSimpArgs false`
error: Goldbach/BG_Identity.lean:314:54: linarith failed to find a contradiction
case h
f : ℤ → ℝ
hEven : ∀ (z : ℤ), f (-z) = f z
n : ℕ
ih : (Finset.Icc (-↑n) ↑n).sum f = f 0 + 2 * ∑ k ∈ Finset.range n, f (Int.ofNat k.succ)
s : Finset ℤ := Finset.Icc (-↑n.succ) ↑n.succ
s0 : Finset ℤ := s.erase ↑n.succ
s1 : Finset ℤ := s0.erase (-↑n.succ)
hmem_pos : ↑n.succ ∈ s
hmem_neg : -↑n.succ ∈ s
a✝ : ↑n.succ ≤ -↑n.succ
⊢ False
failed
error: Goldbach/BG_Identity.lean:316:6: Type mismatch: After simplification, term
  hmem_neg
 has type
  -1 + -↑n ∈ s
but is expected to have type
  ¬-1 + -↑n = ↑n + 1 ∧ -1 + -↑n ∈ s
error: Goldbach/BG_Identity.lean:330:8: Type mismatch: After simplification, term
  this
 has type
  f (↑n + 1) + ∑ x ∈ Finset.Ico (-↑n + -1) (↑n + 1), f x = ∑ x ∈ Finset.Icc (-↑n + -1) (↑n + 1), f x
but is expected to have type
  ∑ x ∈ Finset.Icc (-↑n + -1) (↑n + 1), f x = f (↑n + 1) + ∑ x ∈ Finset.Ico (-↑n + -1) (↑n + 1), f x
error: Goldbach/BG_Identity.lean:333:8: Type mismatch: After simplification, term
  hstep2
 has type
  f (-↑n + -1) + ∑ x ∈ (s.erase (↑n + 1)).erase (-↑n + -1), f x = ∑ x ∈ s.erase (↑n + 1), f x
but is expected to have type
  ∑ x ∈ s.erase (↑n + 1), f x = f (-↑n + -1) + ∑ x ∈ (s.erase (↑n + 1)).erase (-↑n + -1), f x
warning: Goldbach/BG_Identity.lean:347:13: `Finset.range_succ` has been deprecated: Use `Finset.range_add_one` instead
warning: Goldbach/BG_Identity.lean:347:6: try 'simp' instead of 'simpa'

Note: This linter can be disabled with `set_option linter.unnecessarySimpa false`
info: Goldbach/BG_Identity.lean:357:58: Try this:
  [apply] ring_nf
  
  The `ring` tactic failed to close the goal. Use `ring_nf` to obtain a normal form.
    
  Note that `ring` works primarily in *commutative* rings. If you have a noncommutative ring, abelian group or module, consider using `noncomm_ring`, `abel` or `module` instead.
error: Goldbach/BG_Identity.lean:357:55: unsolved goals
f : ℤ → ℝ
hEven : ∀ (z : ℤ), f (-z) = f z
n : ℕ
ih : (Finset.Icc (-↑n) ↑n).sum f = f 0 + 2 * ∑ k ∈ Finset.range n, f (Int.ofNat k.succ)
s : Finset ℤ := Finset.Icc (-↑n.succ) ↑n.succ
s0 : Finset ℤ := s.erase ↑n.succ
s1 : Finset ℤ := s0.erase (-↑n.succ)
hmem_pos : ↑n.succ ∈ s
hmem_neg : -↑n.succ ∈ s
hmem_neg_s0 : -↑n.succ ∈ s0
hstep1 : ∑ x ∈ s.erase ↑n.succ, f x + f ↑n.succ = ∑ x ∈ s, f x
hstep2 : ∑ x ∈ s0.erase (-↑n.succ), f x + f (-↑n.succ) = ∑ x ∈ s0, f x
hs1 : s1 = Finset.Icc (-↑n) ↑n
this✝ : s.sum f = s1.sum f + f (-↑n.succ) + f ↑n.succ
this : s.sum f = (Finset.Icc (-↑n) ↑n).sum f + f ↑n.succ + f (-↑n.succ)
hIH : (Finset.Icc (-↑n) ↑n).sum f = f 0 + 2 * ∑ k ∈ Finset.range n, f (Int.ofNat k.succ)
hrange :
  ∑ k ∈ Finset.range n.succ, f (Int.ofNat k.succ) = ∑ k ∈ Finset.range n, f (Int.ofNat k.succ) + f (Int.ofNat n.succ)
⊢ f 0 + (∑ k ∈ Finset.range n, f (Int.ofNat k.succ)) * 2 + f ↑n.succ * 2 =
    f 0 + (∑ k ∈ Finset.range n, f (Int.ofNat k.succ)) * 2 + f (Int.ofNat n.succ) * 2
error: Goldbach/BG_Identity.lean:359:12: Tactic `assumption` failed

f : ℤ → ℝ
hEven : ∀ (z : ℤ), f (-z) = f z
n : ℕ
ih : (Finset.Icc (-↑n) ↑n).sum f = f 0 + 2 * ∑ k ∈ Finset.range n, f (Int.ofNat k.succ)
s : Finset ℤ := Finset.Icc (-↑n.succ) ↑n.succ
s0 : Finset ℤ := s.erase ↑n.succ
s1 : Finset ℤ := s0.erase (-↑n.succ)
hmem_pos : ↑n.succ ∈ s
hmem_neg : -↑n.succ ∈ s
hmem_neg_s0 : -↑n.succ ∈ s0
hstep1 : ∑ x ∈ s.erase ↑n.succ, f x + f ↑n.succ = ∑ x ∈ s, f x
hstep2 : ∑ x ∈ s0.erase (-↑n.succ), f x + f (-↑n.succ) = ∑ x ∈ s0, f x
hs1 : s1 = Finset.Icc (-↑n) ↑n
this✝ : s.sum f = s1.sum f + f (-↑n.succ) + f ↑n.succ
hIH : (Finset.Icc (-↑n) ↑n).sum f = f 0 + 2 * ∑ k ∈ Finset.range n, f (Int.ofNat k.succ)
hrange :
  ∑ k ∈ Finset.range n.succ, f (Int.ofNat k.succ) = ∑ k ∈ Finset.range n, f (Int.ofNat k.succ) + f (Int.ofNat n.succ)
this : s.sum f = (Finset.Icc (-↑n) ↑n).sum f + f (↑n + 1) + f (-1 + -↑n)
⊢ ∑ x ∈ Finset.range n, f (↑x + 1) + f (↑n + 1) = ∑ x ∈ Finset.range (n + 1), f (↑x + 1)
error: Goldbach/BG_Identity.lean:383:6: Type mismatch: After simplification, term
  this
 has type
  True
but is expected to have type
  ↑n + 2 = ↑n + 1 + 1 ∨ ↑n + 1 = 0
error: Goldbach/BG_Identity.lean:384:4: Tactic `assumption` failed

case succ
n : ℕ
ih : ∑ k ∈ Finset.range n, ↑k.succ = ↑n * (↑n + 1) / 2
h : ∑ x ∈ Finset.range (n + 1), ↑x.succ = ∑ x ∈ Finset.range n, ↑x.succ + ↑n.succ
h' : ∑ k ∈ Finset.range n.succ, ↑k.succ = ∑ k ∈ Finset.range n, ↑k.succ + ↑n.succ
h'' : ↑n * (↑n + 1) / 2 + ↑n.succ = ↑n.succ * (↑n.succ + 1) / 2
⊢ ∑ x ∈ Finset.range (n + 1), (↑x + 1) = (↑n + 1) * (↑n + 1 + 1) / 2
warning: Goldbach/BG_Identity.lean:480:6: declaration uses 'sorry'
warning: Goldbach/BG_Identity.lean:509:23: This simp argument is unused:
  Int.ofNat_sub hHN

Hint: Omit it from the simp argument list.
  simp only [̵I̵n̵t̵.̵o̵f̵N̵a̵t̵_̵s̵u̵b̵ ̵h̵H̵N̵]̵ ̵at hZint

Note: This linter can be disabled with `set_option linter.unusedSimpArgs false`
warning: Goldbach/BG_Identity.lean:574:4: try 'simp' instead of 'simpa'

Note: This linter can be disabled with `set_option linter.unnecessarySimpa false`
warning: Goldbach/BG_Identity.lean:597:25: try 'simp' instead of 'simpa'

Note: This linter can be disabled with `set_option linter.unnecessarySimpa false`
warning: Goldbach/BG_Identity.lean:640:6: declaration uses 'sorry'
warning: Goldbach/BG_Identity.lean:677:15: unused variable `hX`

Note: This linter can be disabled with `set_option linter.unusedVariables false`
warning: Goldbach/BG_Identity.lean:678:5: unused variable `hN`

Note: This linter can be disabled with `set_option linter.unusedVariables false`
warning: Goldbach/BG_Identity.lean:710:5: unused variable `hk`

Note: This linter can be disabled with `set_option linter.unusedVariables false`
warning: Goldbach/BG_Identity.lean:735:28: This simp argument is unused:
  hUpos.ne'

Hint: Omit it from the simp argument list.
  s̵i̵m̵p̵ ̵[̵K̵_̵f̵u̵l̵l̵,̵ ̵K̵_̵f̵u̵l̵l̵_̵r̵a̵w̵,̵ ̵h̵U̵p̵o̵s̵.̵n̵e̵'̵]̵ ̵a̵t̵ ̵*̵s̲i̲m̲p̲ ̲[̲K̲_̲f̲u̲l̲l̲,̲
  ̲ ̲ ̲ ̲ ̲K̲_̲f̲u̲l̲l̲_̲r̲a̲w̲]̲ ̲a̲t̲ ̲*̲
  ̲ ̲ ̲ ̲ ̲ ̲ ̲-̲-̲ ̲a̲f̲t̲e̲r̲ ̲s̲i̲m̲p̲,̲ ̲g̲o̲a̲l̲ ̲b̲e̲c̲o̲m̲e̲s̲ ̲`̲0̲ ̲<̲ ̲1̲ ̲/̲ ̲(̲U̲c̲u̲t̲:̲ℝ̲)̲`̲
  ̲ ̲ ̲ ̲ ̲ ̲ ̲

Note: This linter can be disabled with `set_option linter.unusedSimpArgs false`
warning: Goldbach/BG_Identity.lean:760:5: unused variable `h`

Note: This linter can be disabled with `set_option linter.unusedVariables false`
warning: Goldbach/BG_Identity.lean:767:5: unused variable `h`

Note: This linter can be disabled with `set_option linter.unusedVariables false`
warning: Goldbach/BG_Identity.lean:783:25: unused variable `X`

Note: This linter can be disabled with `set_option linter.unusedVariables false`
warning: Goldbach/BG_Identity.lean:783:27: unused variable `N`

Note: This linter can be disabled with `set_option linter.unusedVariables false`
warning: Goldbach/BG_Identity.lean:807:5: unused variable `h`

Note: This linter can be disabled with `set_option linter.unusedVariables false`
error: Goldbach/BG_Identity.lean:821:10: Unknown identifier `Kernel.conv_ref_const_eq_sigma_mass_of`
warning: Goldbach/BG_Identity.lean:836:8: try 'simp' instead of 'simpa'

Note: This linter can be disabled with `set_option linter.unnecessarySimpa false`
warning: Goldbach/BG_Identity.lean:864:34: unused variable `hk`

Note: This linter can be disabled with `set_option linter.unusedVariables false`
warning: Goldbach/BG_Identity.lean:868:35: unused variable `hk`

Note: This linter can be disabled with `set_option linter.unusedVariables false`
error: Goldbach/BG_Identity.lean:925:20: failed to synthesize
  HMul (ℕ → ℝ) ℝ ?m.11

Hint: Additional diagnostic information may be available using the `set_option diagnostics true` command.
error: Goldbach/BG_Identity.lean:933:20: typeclass instance problem is stuck
  HMul (ℕ → ℝ) ?m.14 ℝ

Note: Lean will not try to resolve this typeclass instance problem because the second type argument to `HMul` is a metavariable. This argument must be fully determined before Lean will try to resolve the typeclass.

Hint: Adding type annotations and supplying implicit arguments to functions can give Lean more information for typeclass resolution. For example, if you have a variable `x` that you intend to be a `Nat`, but Lean reports it as having an unresolved type like `?m`, replacing `x` with `(x : Nat)` can get typeclass resolution un-stuck.
error: Goldbach/BG_Identity.lean:943:60: unsolved goals
⊢ False
error: Goldbach/BG_Identity.lean:961:58: unsolved goals
⊢ -((↑H + 99) / 100) ≤ ↑H ∧ 0 ≤ ↑H + (↑H + 99) / 100
error: Goldbach/BG_Identity.lean:983:26: Unknown constant `Int.natAbs_eq_ofNat_abs`
error: Goldbach/BG_Identity.lean:989:12: linarith failed to find a contradiction
case h
h0 : 0 ∈ bandU
z : ℤ
hz : z ∈ bandU.erase 0
hzIcc : z ∈ Finset.Icc (-↑Ucut) ↑Ucut
hz0 : z ≠ 0
this : -↑Ucut ≤ z ∧ z ≤ ↑Ucut
hle : z ≤ ↑Ucut
hneg : -↑Ucut ≤ z
hz' : ↑z.natAbs = max (-z) z
a✝ : ↑Ucut < ↑z.natAbs
⊢ False
failed
error: Goldbach/BG_Identity.lean:997:59: mod_cast has type
  ?m.225 = ?m.225
but is expected to have type
  z.natAbs = 0
error: Goldbach/BG_Identity.lean:1001:12: Type mismatch
  hzabs0
has type
  z.natAbs = 0
but is expected to have type
  z.natAbs ≠ 0
error: Goldbach/BG_Identity.lean:1003:17: Invalid `⟨...⟩` notation: The expected type
  z.natAbs - 1 < Ucut ∧ z = Int.ofNat (z.natAbs - 1).succ ∨ z = -Int.ofNat (z.natAbs - 1).succ
has more than one constructor

Note: This notation can only be used when the expected type is an inductive type with a single constructor
error: Goldbach/BG_Identity.lean:1004:10: No goals to be solved
error: Goldbach/BG_Identity.lean:1017:69: Application type mismatch: The argument
  hkpos
has type
  k < Ucut
but is expected to have type
  k ∈ Finset.range Ucut
in the application
  And.intro hkpos
error: Goldbach/BG_Identity.lean:972:6: unsolved goals
case h.mp.inr
h0 : 0 ∈ bandU
z : ℤ
hz : z ∈ bandU.erase 0
hzIcc : z ∈ Finset.Icc (-↑Ucut) ↑Ucut
hz0 : z ≠ 0
hzAbs : z.natAbs ≤ Ucut
k : ℕ
h✝ : z = -Int.ofNat k.succ
⊢ z ∈
    Finset.map { toFun := fun k => ↑k.succ, inj' := ⋯ } (Finset.range Ucut) ∪
      Finset.map { toFun := fun k => -↑k.succ, inj' := ⋯ } (Finset.range Ucut)
error: Goldbach/BG_Identity.lean:1018:54: unsolved goals
h0 : 0 ∈ bandU
z : ℤ
⊢ K_full_raw (H + (H + 99) / 100) 0 = (↑H + ↑((H + 99) / 100))⁻¹
error: Goldbach/BG_Identity.lean:1031:34: maximum recursion depth has been reached
use `set_option maxRecDepth <num>` to increase limit
use `set_option diagnostics true` to get diagnostic information
error: Goldbach/BG_Identity.lean:1032:28: Type mismatch
  hk
has type
  k ∈ Finset.map { toFun := fun k => ↑k.succ, inj' := ⋯ } (Finset.range Ucut)
but is expected to have type
  ∀ (a₂ : ℤ) (ha₂ : a₂ ∈ Finset.map { toFun := fun k => ↑k.succ, inj' := ⋯ } (Finset.range Ucut)),
    (fun k hk => k) k hk = (fun k hk => k) a₂ ha₂ → k = a₂
error: Goldbach/BG_Identity.lean:1033:14: unsolved goals
case heq
h0 : 0 ∈ bandU
z : ℤ
h0val : K_full 0 = 1 / ↑Ucut
k : ℤ
hk : k ∈ Finset.map { toFun := fun k => -↑k.succ, inj' := ⋯ } (Finset.range Ucut)
⊢ ∃ a < H + (H + 99) / 100, ↑a + 1 = k
error: Goldbach/BG_Identity.lean:1034:28: Type mismatch
  hk
has type
  k ∈ Finset.map { toFun := fun k => ↑k.succ, inj' := ⋯ } (Finset.range Ucut)
but is expected to have type
  K_full k = K_full ((fun k hk => k) k hk)
error: Goldbach/BG_Identity.lean:1051:68: Type mismatch: After simplification, term
  hbEq
 has type
  -1 + -↑b' = ↑a' + 1
but is expected to have type
  ↑a' + 1 = -1 + -↑b'
error: Goldbach/BG_Identity.lean:1052:16: linarith failed to find a contradiction
h0 : 0 ∈ bandU
z : ℤ
h0val : K_full 0 = 1 / ↑Ucut
hpair :
  ∑ k ∈ Finset.map { toFun := fun k => ↑k.succ, inj' := ⋯ } (Finset.range Ucut), K_full k =
    ∑ k ∈ Finset.map { toFun := fun k => -↑k.succ, inj' := ⋯ } (Finset.range Ucut), K_full k
a' : ℕ
ha' : a' ∈ Finset.range Ucut
ha :
  { toFun := fun k => ↑k.succ, inj' := ⋯ } a' ∈ Finset.map { toFun := fun k => ↑k.succ, inj' := ⋯ } (Finset.range Ucut)
hb :
  { toFun := fun k => ↑k.succ, inj' := ⋯ } a' ∈ Finset.map { toFun := fun k => -↑k.succ, inj' := ⋯ } (Finset.range Ucut)
b' : ℕ
hb' : b' ∈ Finset.range Ucut
hbEq : { toFun := fun k => -↑k.succ, inj' := ⋯ } b' = { toFun := fun k => ↑k.succ, inj' := ⋯ } a'
hbPos : ↑b'.succ ≠ 0
this : ↑a'.succ = -↑b'.succ
⊢ False
failed
error: Goldbach/BG_Identity.lean:1069:92: Unknown identifier `hpos`
error: Goldbach/BG_Identity.lean:1071:6: 'calc' expression has type
  ∑ k ∈ bandU, K_full k = K_full 0 + 2 * ∑ k ∈ Finset.range Ucut, K_full (Int.ofNat k.succ)
but is expected to have type
  z ∈
      Finset.map { toFun := fun k => ↑k.succ, inj' := ⋯ } (Finset.range Ucut) ∪
        Finset.map { toFun := fun k => -↑k.succ, inj' := ⋯ } (Finset.range Ucut) →
    z ∈ bandU.erase 0
error: Goldbach/BG_Identity.lean:958:93: unsolved goals
h0 : 0 ∈ bandU
hpos :
  bandU.erase 0 =
    Finset.map { toFun := fun k => ↑k.succ, inj' := ⋯ } (Finset.range Ucut) ∪
      Finset.map { toFun := fun k => -↑k.succ, inj' := ⋯ } (Finset.range Ucut)
⊢ ∑ k ∈ bandU, K_full k = K_full 0 + 2 * ∑ k ∈ Finset.range Ucut, K_full (Int.ofNat k.succ)
error: Goldbach/BG_Identity.lean:1074:22: maximum recursion depth has been reached
use `set_option maxRecDepth <num>` to increase limit
use `set_option diagnostics true` to get diagnostic information
warning: Goldbach/BG_Identity.lean:1076:10: try 'simp' instead of 'simpa'

Note: This linter can be disabled with `set_option linter.unnecessarySimpa false`
warning: Goldbach/BG_Identity.lean:1095:22: `Finset.range_succ` has been deprecated: Use `Finset.range_add_one` instead
error: Goldbach/BG_Identity.lean:1093:72: unsolved goals
hsplit : ∑ k ∈ bandU, K_full k = K_full 0 + 2 * ∑ k ∈ Finset.range Ucut, K_full (Int.ofNat k.succ)
hsum1 : ∑ k ∈ Finset.range Ucut, 1 = ↑Ucut
this : ∑ i ∈ Finset.range Ucut.succ, i = Ucut.succ * (Ucut.succ - 1) / 2
⊢ H + (H + 99) / 100 + ∑ x ∈ Finset.range (H + (H + 99) / 100), x =
    ∑ x ∈ Finset.range (H + (H + 99) / 100), x + (H + (H + 99) / 100)
error: Goldbach/BG_Identity.lean:1097:10: Type mismatch: After simplification, term
  Finset.sum_range_id
 has type
  ∀ (n : ℕ), ∑ i ∈ Finset.range n, i = n * (n - 1) / 2
but is expected to have type
  ∑ i ∈ Finset.range (H + (H + 99) / 100 + 1), i = (H + (H + 99) / 100 + 1) * (H + (H + 99) / 100) / 2
error: Goldbach/BG_Identity.lean:1098:8: linarith failed to find a contradiction
case h1.h
hsplit : ∑ k ∈ bandU, K_full k = K_full 0 + 2 * ∑ k ∈ Finset.range Ucut, K_full (Int.ofNat k.succ)
hsum1 : ∑ k ∈ Finset.range Ucut, 1 = ↑Ucut
this : ∑ i ∈ Finset.range Ucut.succ, i = Ucut.succ * (Ucut.succ - 1) / 2
hrewrite : ∑ i ∈ Finset.range Ucut.succ, i = ∑ k ∈ Finset.range Ucut, k.succ
hs : ∑ i ∈ Finset.range Ucut.succ, i = Ucut.succ * Ucut / 2
a✝ : ∑ k ∈ Finset.range Ucut, k.succ < Ucut * (Ucut + 1) / 2
⊢ False
failed
error: Goldbach/BG_Identity.lean:1100:6: maximum recursion depth has been reached
use `set_option maxRecDepth <num>` to increase limit
use `set_option diagnostics true` to get diagnostic information
error: Goldbach/BG_Identity.lean:1107:16: maximum recursion depth has been reached
use `set_option maxRecDepth <num>` to increase limit
use `set_option diagnostics true` to get diagnostic information
error: Goldbach/BG_Identity.lean:1119:68: unsolved goals
hsplit : ∑ k ∈ bandU, K_full k = K_full 0 + 2 * ∑ k ∈ Finset.range Ucut, K_full (Int.ofNat k.succ)
hsum1 : ∑ k ∈ Finset.range Ucut, 1 = ↑Ucut
hsumk : ∑ k ∈ Finset.range Ucut, ↑k.succ = ↑Ucut * (↑Ucut + 1) / 2
hUpos : 0 < ↑Ucut
hUpos' : ↑Ucut ≠ 0
⊢ (↑H + ↑((H + 99) / 100) - ∑ x ∈ Finset.range (H + (H + 99) / 100), (↑x + 1) / (↑H + ↑((H + 99) / 100))) /
      (↑H + ↑((H + 99) / 100)) =
    (↑H + ↑((H + 99) / 100))⁻¹ *
      (↑H + ↑((H + 99) / 100) - ∑ x ∈ Finset.range (H + (H + 99) / 100), (↑x + 1) / (↑H + ↑((H + 99) / 100)))
info: Goldbach/BG_Identity.lean:1125:8: Try this:
  [apply] ring_nf
  
  The `ring` tactic failed to close the goal. Use `ring_nf` to obtain a normal form.
    
  Note that `ring` works primarily in *commutative* rings. If you have a noncommutative ring, abelian group or module, consider using `noncomm_ring`, `abel` or `module` instead.
error: Goldbach/BG_Identity.lean:1122:96: unsolved goals
hsplit : ∑ k ∈ bandU, K_full k = K_full 0 + 2 * ∑ k ∈ Finset.range Ucut, K_full (Int.ofNat k.succ)
hsum1 : ∑ k ∈ Finset.range Ucut, 1 = ↑Ucut
hsumk : ∑ k ∈ Finset.range Ucut, ↑k.succ = ↑Ucut * (↑Ucut + 1) / 2
hUpos : 0 < ↑Ucut
hUpos' : ↑Ucut ≠ 0
⊢ ↑Ucut * (↑Ucut)⁻¹ - (↑Ucut)⁻¹ * ∑ x ∈ Finset.range Ucut, (↑Ucut)⁻¹ * ↑x.succ =
    ↑Ucut * (↑Ucut)⁻¹ + ↑Ucut * (↑Ucut)⁻¹ ^ 2 * (-1 / 2) + ↑Ucut ^ 2 * (↑Ucut)⁻¹ ^ 2 * (-1 / 2)
info: Goldbach/BG_Identity.lean:1127:33: Try this:
  [apply] ring_nf
  
  The `ring` tactic failed to close the goal. Use `ring_nf` to obtain a normal form.
    
  Note that `ring` works primarily in *commutative* rings. If you have a noncommutative ring, abelian group or module, consider using `noncomm_ring`, `abel` or `module` instead.
error: Goldbach/BG_Identity.lean:1126:34: unsolved goals
hsplit : ∑ k ∈ bandU, K_full k = K_full 0 + 2 * ∑ k ∈ Finset.range Ucut, K_full (Int.ofNat k.succ)
hsum1 : ∑ k ∈ Finset.range Ucut, 1 = ↑Ucut
hsumk : ∑ k ∈ Finset.range Ucut, ↑k.succ = ↑Ucut * (↑Ucut + 1) / 2
hUpos : 0 < ↑Ucut
⊢ -1 + ↑Ucut = -↑Ucut + ↑Ucut ^ 2
error: Goldbach/BG_Identity.lean:1136:58: unsolved goals
hsplit : ∑ k ∈ bandU, K_full k = K_full 0 + 2 * ∑ k ∈ Finset.range Ucut, K_full (Int.ofNat k.succ)
hpos_eval : ∑ k ∈ Finset.range Ucut, K_full (Int.ofNat k.succ) = (↑Ucut - 1) / 2
hUpos : ↑Ucut ≠ 0
this : ∑ k ∈ bandU, K_full k = K_full 0 + 2 * ∑ k ∈ Finset.range Ucut, K_full (Int.ofNat k.succ)
⊢ K_full_raw (H + (H + 99) / 100) 0 = (↑H + ↑((H + 99) / 100))⁻¹
info: Goldbach/BG_Identity.lean:1145:6: Try this:
  [apply] ring_nf
  
  The `ring` tactic failed to close the goal. Use `ring_nf` to obtain a normal form.
    
  Note that `ring` works primarily in *commutative* rings. If you have a noncommutative ring, abelian group or module, consider using `noncomm_ring`, `abel` or `module` instead.
error: Goldbach/BG_Identity.lean:1139:13: unsolved goals
hsplit : ∑ k ∈ bandU, K_full k = K_full 0 + 2 * ∑ k ∈ Finset.range Ucut, K_full (Int.ofNat k.succ)
hpos_eval : ∑ k ∈ Finset.range Ucut, K_full (Int.ofNat k.succ) = (↑Ucut - 1) / 2
hUpos hUpos' : ↑Ucut ≠ 0
hUpos'' : 0 < ↑Ucut
⊢ 1 - ↑Ucut + ↑Ucut ^ 2 = ↑Ucut
warning: Goldbach/BG_Identity.lean:962:14: This simp argument is unused:
  bandU

Hint: Omit it from the simp argument list.
  simp ̵[̵b̵a̵n̵d̵U̵]̵

Note: This linter can be disabled with `set_option linter.unusedSimpArgs false`
warning: Goldbach/BG_Identity.lean:1121:14: This simp argument is unused:
  Finset.sum_mul

Hint: Omit it from the simp argument list.
  simp [F̵i̵n̵s̵e̵t̵.̵s̵u̵m̵_̵m̵u̵l̵,̵ ̵hUpos']

Note: This linter can be disabled with `set_option linter.unusedSimpArgs false`
warning: Goldbach/BG_Identity.lean:1121:30: This simp argument is unused:
  hUpos'

Hint: Omit it from the simp argument list.
  simp [Finset.sum_mul,̵ ̵h̵U̵p̵o̵s̵'̵]

Note: This linter can be disabled with `set_option linter.unusedSimpArgs false`
warning: Goldbach/BG_Identity.lean:1124:43: This simp argument is unused:
  Finset.sum_div

Hint: Omit it from the simp argument list.
  simp only [Finset.sum_sub_distrib, F̵i̵n̵s̵e̵t̵.̵s̵u̵m̵_̵d̵i̵v̵,̵ ̵hsum1, hsumk]

Note: This linter can be disabled with `set_option linter.unusedSimpArgs false`
warning: Goldbach/BG_Identity.lean:1124:66: This simp argument is unused:
  hsumk

Hint: Omit it from the simp argument list.
  simp only [Finset.sum_sub_distrib, Finset.sum_div, hsum1,̵ ̵h̵s̵u̵m̵k̵]

Note: This linter can be disabled with `set_option linter.unusedSimpArgs false`
error: Goldbach/BG_Identity.lean:1160:27: Invalid argument name `bandU` for function `sum_bandU`
error: Goldbach/BG_Identity.lean:1183:30: unsolved goals
Kadm : BG.AdmissibleKernel Ucut
⊢ 0 ∈ BG_Bank.S_BG
warning: Goldbach/BG_Identity.lean:1200:5: unused variable `h`

Note: This linter can be disabled with `set_option linter.unusedVariables false`
error: Goldbach/BG_Identity.lean:1219:53: Type mismatch: After simplification, term
  hk
 has type
  k ∈ BG_Bank.S_BG
but is expected to have type
  -↑H ≤ k ∧ k ≤ ↑H
error: Goldbach/BG_Identity.lean:1224:6: Tactic `simp` failed with a nested error:
maximum recursion depth has been reached
use `set_option maxRecDepth <num>` to increase limit
use `set_option diagnostics true` to get diagnostic information
warning: Goldbach/BG_Identity.lean:1244:54: try 'simp' instead of 'simpa'

Note: This linter can be disabled with `set_option linter.unnecessarySimpa false`
error: Goldbach/BG_Identity.lean:1259:14: Type mismatch: After simplification, term
  Finset.mem_Icc.mpr hkIcc_pair
 has type
  -↑H ≤ k ∧ k ≤ ↑H
but is expected to have type
  k ∈ BG_Bank.S_BG
error: Goldbach/BG_Identity.lean:1261:53: Type mismatch: After simplification, term
  hk
 has type
  k ∈ BG_Bank.S_BG
but is expected to have type
  -↑H ≤ k ∧ k ≤ ↑H
warning: Goldbach/BG_Identity.lean:1264:6: try 'simp' instead of 'simpa'

Note: This linter can be disabled with `set_option linter.unnecessarySimpa false`
error: Goldbach/BG_Identity.lean:1321:16: maximum recursion depth has been reached
use `set_option maxRecDepth <num>` to increase limit
use `set_option diagnostics true` to get diagnostic information
error: Goldbach/BG_Identity.lean:1338:18: maximum recursion depth has been reached
use `set_option maxRecDepth <num>` to increase limit
use `set_option diagnostics true` to get diagnostic information
error: Goldbach/BG_Identity.lean:1350:16: No goals to be solved
error: Goldbach/BG_Identity.lean:1362:4: maximum recursion depth has been reached
use `set_option maxRecDepth <num>` to increase limit
use `set_option diagnostics true` to get diagnostic information
error: Goldbach/BG_Identity.lean:1380:12: maximum recursion depth has been reached
use `set_option maxRecDepth <num>` to increase limit
use `set_option diagnostics true` to get diagnostic information
error: Goldbach/BG_Identity.lean:1386:12: maximum recursion depth has been reached
use `set_option maxRecDepth <num>` to increase limit
use `set_option diagnostics true` to get diagnostic information
error: Goldbach/BG_Identity.lean:1387:2: maximum recursion depth has been reached
use `set_option maxRecDepth <num>` to increase limit
use `set_option diagnostics true` to get diagnostic information
warning: Goldbach/BG_Identity.lean:1320:64: This simp argument is unused:
  mul_left_comm

Hint: Omit it from the simp argument list.
  simp [div_eq_mul_inv, mul_comm, mul_l̵e̵f̵t̵_̵c̵o̵m̵m̵,̵ ̵m̵u̵l̵_̵assoc]

Note: This linter can be disabled with `set_option linter.unusedSimpArgs false`
warning: Goldbach/BG_Identity.lean:1320:79: This simp argument is unused:
  mul_assoc

Hint: Omit it from the simp argument list.
  simp [div_eq_mul_inv, mul_comm, mul_left_comm,̵ ̵m̵u̵l̵_̵a̵s̵s̵o̵c̵]

Note: This linter can be disabled with `set_option linter.unusedSimpArgs false`
warning: Goldbach/BG_Identity.lean:1389:6: declaration uses 'sorry'
error: Goldbach/BG_Identity.lean:1435:21: maximum recursion depth has been reached
use `set_option maxRecDepth <num>` to increase limit
use `set_option diagnostics true` to get diagnostic information
warning: Goldbach/BG_Identity.lean:1463:28: unused variable `X`

Note: This linter can be disabled with `set_option linter.unusedVariables false`
warning: Goldbach/BG_Identity.lean:1463:30: unused variable `N`

Note: This linter can be disabled with `set_option linter.unusedVariables false`
warning: Goldbach/BG_Identity.lean:1464:28: unused variable `X`

Note: This linter can be disabled with `set_option linter.unusedVariables false`
warning: Goldbach/BG_Identity.lean:1464:30: unused variable `N`

Note: This linter can be disabled with `set_option linter.unusedVariables false`
error: Goldbach/BG_Identity.lean:1490:21: maximum recursion depth has been reached
use `set_option maxRecDepth <num>` to increase limit
use `set_option diagnostics true` to get diagnostic information
error: Goldbach/BG_Identity.lean:1589:0: Unexpected name `BG_Identity` after `end`: The current section is unnamed

Hint: Delete the name `BG_Identity` to end the current unnamed scope; outer named scopes can then be closed using additional `end` command(s):
  end ̵B̵G̵_̵I̵d̵e̵n̵t̵i̵t̵y̵
error: Goldbach/BG_Identity.lean:1590:0: Unexpected name `Goldbach` after `end`: The current section is unnamed

Hint: Delete the name `Goldbach` to end the current unnamed scope; outer named scopes can then be closed using additional `end` command(s):
  end ̵G̵o̵l̵d̵b̵a̵c̵h̵
error: Lean exited with code 1
Some required targets logged failures:
- Goldbach.BG_Identity
error: build failed
⚠ [7587/7623] Replayed Goldbach.Compat
warning: Goldbach/Compat.lean:18:2: try 'simp' instead of 'simpa'

Note: This linter can be disabled with `set_option linter.unnecessarySimpa false`
warning: Goldbach/Compat.lean:24:40: unused variable `hb`

Note: This linter can be disabled with `set_option linter.unusedVariables false`
warning: Goldbach/Compat.lean:50:4: try 'simp' instead of 'simpa'

Note: This linter can be disabled with `set_option linter.unnecessarySimpa false`
⚠ [7589/7623] Replayed Goldbach.Windows
warning: Goldbach/Windows.lean:63:4: try 'simp' instead of 'simpa'

Note: This linter can be disabled with `set_option linter.unnecessarySimpa false`
warning: Goldbach/Windows.lean:68:2: try 'simp' instead of 'simpa'

Note: This linter can be disabled with `set_option linter.unnecessarySimpa false`
warning: Goldbach/Windows.lean:68:38: this tactic is never executed

Note: This linter can be disabled with `set_option linter.unreachableTactic false`
warning: Goldbach/Windows.lean:68:38: 'simpa using hmap' tactic does nothing

Note: This linter can be disabled with `set_option linter.unusedTactic false`
⚠ [7591/7623] Replayed Goldbach.Base.FiniteBaseDefs
warning: Goldbach/Base/FiniteBaseDefs.lean:41:17: unused variable `ha`

Note: This linter can be disabled with `set_option linter.unusedVariables false`
warning: Goldbach/Base/FiniteBaseDefs.lean:41:45: unused variable `hc`

Note: This linter can be disabled with `set_option linter.unusedVariables false`
warning: Goldbach/Base/FiniteBaseDefs.lean:42:5: unused variable `hab`

Note: This linter can be disabled with `set_option linter.unusedVariables false`
warning: Goldbach/Base/FiniteBaseDefs.lean:42:19: unused variable `hbc`

Note: This linter can be disabled with `set_option linter.unusedVariables false`
⚠ [7592/7623] Replayed Goldbach.ClosureBridge
warning: Goldbach/ClosureBridge.lean:42:41: try 'simp' instead of 'simpa'

Note: This linter can be disabled with `set_option linter.unnecessarySimpa false`
⚠ [7599/7623] Replayed Goldbach.AO_AssembleEnvelope
warning: Goldbach/AO_AssembleEnvelope.lean:67:20: try 'simp' instead of 'simpa'

Note: This linter can be disabled with `set_option linter.unnecessarySimpa false`
⚠ [7601/7623] Replayed Goldbach.AO_Major
warning: Goldbach/AO_Major.lean:21:13: unused variable `hX`

Note: This linter can be disabled with `set_option linter.unusedVariables false`
warning: Goldbach/AO_Major.lean:21:35: unused variable `hN`

Note: This linter can be disabled with `set_option linter.unusedVariables false`
warning: Goldbach/AO_Major.lean:25:24: This simp argument is unused:
  add_assoc

Hint: Omit it from the simp argument list.
  simp [Goldbach.AO_Major.errAO, Goldbach.AO_Major.weight_mass, Goldbach.AO_Core.errAO,
       ̵ ̵ ̵ ̵sub_eq_add_neg, add_a̵s̵s̵o̵c̵,̵ ̵a̵d̵d̵_̵left_comm, add_comm, mul_assoc]

Note: This linter can be disabled with `set_option linter.unusedSimpArgs false`
warning: Goldbach/AO_Major.lean:25:60: This simp argument is unused:
  mul_assoc

Hint: Omit it from the simp argument list.
  simp [Goldbach.AO_Major.errAO, Goldbach.AO_Major.weight_mass, Goldbach.AO_Core.errAO,
       ̵ ̵ ̵ ̵sub_eq_add_neg, add_assoc, add_left_comm, add_comm,̵ ̵m̵u̵l̵_̵a̵s̵s̵o̵c̵]

Note: This linter can be disabled with `set_option linter.unusedSimpArgs false`
warning: Goldbach/AO_Major.lean:46:5: unused variable `h`

Note: This linter can be disabled with `set_option linter.unusedVariables false`
warning: Goldbach/AO_Major.lean:58:24: This simp argument is unused:
  dif_pos

Hint: Omit it from the simp argument list.
  simp only [MPDF, win, d̵i̵f̵_̵p̵o̵s̵,̵ ̵mul_div_assoc']

Note: This linter can be disabled with `set_option linter.unusedSimpArgs false`
warning: Goldbach/AO_Major.lean:58:33: This simp argument is unused:
  mul_div_assoc'

Hint: Omit it from the simp argument list.
  simp only [MPDF, win, dif_pos,̵ ̵m̵u̵l̵_̵d̵i̵v̵_̵a̵s̵s̵o̵c̵'̵]

Note: This linter can be disabled with `set_option linter.unusedSimpArgs false`
warning: Goldbach/AO_Major.lean:81:69: try 'simp' instead of 'simpa'

Note: This linter can be disabled with `set_option linter.unnecessarySimpa false`
warning: Goldbach/AO_Major.lean:82:68: try 'simp' instead of 'simpa'

Note: This linter can be disabled with `set_option linter.unnecessarySimpa false`
warning: Goldbach/AO_Major.lean:83:68: try 'simp' instead of 'simpa'

Note: This linter can be disabled with `set_option linter.unnecessarySimpa false`
warning: Goldbach/AO_Major.lean:85:90: This simp argument is unused:
  add_assoc

Hint: Omit it from the simp argument list.
  simp [sub_eq_add_neg,̵ ̵a̵d̵d̵_̵a̵s̵s̵o̵c̵]

Note: This linter can be disabled with `set_option linter.unusedSimpArgs false`
warning: Goldbach/AO_Major.lean:101:24: This simp argument is unused:
  dif_pos

Hint: Omit it from the simp argument list.
  simp only [MPDF, win,̵ ̵d̵i̵f̵_̵p̵o̵s̵]

Note: This linter can be disabled with `set_option linter.unusedSimpArgs false`
⚠ [7602/7623] Replayed Goldbach.BG_Bank
warning: Goldbach/BG_Bank.lean:13:25: unused variable `n`

Note: This linter can be disabled with `set_option linter.unusedVariables false`
warning: Goldbach/BG_Bank.lean:75:4: try 'simp' instead of 'simpa'

Note: This linter can be disabled with `set_option linter.unnecessarySimpa false`
warning: Goldbach/BG_Bank.lean:75:25: this tactic is never executed

Note: This linter can be disabled with `set_option linter.unreachableTactic false`
warning: Goldbach/BG_Bank.lean:75:25: 'decide' tactic does nothing

Note: This linter can be disabled with `set_option linter.unusedTactic false`
warning: Goldbach/BG_Bank.lean:288:14: try 'simp' instead of 'simpa'

Note: This linter can be disabled with `set_option linter.unnecessarySimpa false`
warning: Goldbach/BG_Bank.lean:188:42: This simp argument is unused:
  Nat.cast_sub hn_le

Hint: Omit it from the simp argument list.
  simp only [Nat.cast_succ,̵ ̵N̵a̵t̵.̵c̵a̵s̵t̵_̵s̵u̵b̵ ̵h̵n̵_̵l̵e̵]

Note: This linter can be disabled with `set_option linter.unusedSimpArgs false`
warning: Goldbach/BG_Bank.lean:194:24: This simp argument is unused:
  abs_of_nonneg hlog_Nm_nn

Hint: Omit it from the simp argument list.
  simp [hp,̵ ̵a̵b̵s̵_̵o̵f̵_̵n̵o̵n̵n̵e̵g̵ ̵h̵l̵o̵g̵_̵N̵m̵_̵n̵n̵]

Note: This linter can be disabled with `set_option linter.unusedSimpArgs false`
warning: Goldbach/BG_Bank.lean:202:24: This simp argument is unused:
  abs_of_nonneg hlog_Np1_nn

Hint: Omit it from the simp argument list.
  simp [hp,̵ ̵a̵b̵s̵_̵o̵f̵_̵n̵o̵n̵n̵e̵g̵ ̵h̵l̵o̵g̵_̵N̵p̵1̵_̵n̵n̵]

Note: This linter can be disabled with `set_option linter.unusedSimpArgs false`
warning: Goldbach/BG_Bank.lean:218:46: This simp argument is unused:
  mul_comm

Hint: Omit it from the simp argument list.
  simp [abs_mul, mul_assoc, m̵u̵l̵_̵c̵o̵m̵m̵,̵ ̵mul_left_comm]

Note: This linter can be disabled with `set_option linter.unusedSimpArgs false`
warning: Goldbach/BG_Bank.lean:326:20: This simp argument is unused:
  hlogXabs

Hint: Omit it from the simp argument list.
  simp [h̵l̵o̵g̵X̵a̵b̵s̵,̵ ̵mul_comm, mul_left_comm, mul_assoc]

Note: This linter can be disabled with `set_option linter.unusedSimpArgs false`
warning: Goldbach/BG_Bank.lean:326:30: This simp argument is unused:
  mul_comm

Hint: Omit it from the simp argument list.
  simp [hlogXabs, m̵u̵l̵_̵c̵o̵m̵m̵,̵ ̵mul_left_comm, mul_assoc]

Note: This linter can be disabled with `set_option linter.unusedSimpArgs false`
warning: Goldbach/BG_Bank.lean:403:14: try 'simp' instead of 'simpa'

Note: This linter can be disabled with `set_option linter.unnecessarySimpa false`
warning: Goldbach/BG_Bank.lean:405:14: try 'simp' instead of 'simpa'

Note: This linter can be disabled with `set_option linter.unnecessarySimpa false`
warning: Goldbach/BG_Bank.lean:407:40: This simp argument is unused:
  add_comm

Hint: Omit it from the simp argument list.
  simp [div_self, hlogX_ne, add_c̵o̵m̵m̵,̵ ̵a̵d̵d̵_̵left_comm, add_assoc]

Note: This linter can be disabled with `set_option linter.unusedSimpArgs false`
warning: Goldbach/BG_Bank.lean:407:50: This simp argument is unused:
  add_left_comm

Hint: Omit it from the simp argument list.
  simp [div_self, hlogX_ne, add_comm, a̵d̵d̵_̵l̵e̵f̵t̵_̵c̵o̵m̵m̵,̵ ̵add_assoc]

Note: This linter can be disabled with `set_option linter.unusedSimpArgs false`
warning: Goldbach/BG_Bank.lean:407:65: This simp argument is unused:
  add_assoc

Hint: Omit it from the simp argument list.
  simp [div_self, hlogX_ne, add_comm, add_left_comm,̵ ̵a̵d̵d̵_̵a̵s̵s̵o̵c̵]

Note: This linter can be disabled with `set_option linter.unusedSimpArgs false`
warning: Goldbach/BG_Bank.lean:547:63: try 'simp' instead of 'simpa'

Note: This linter can be disabled with `set_option linter.unnecessarySimpa false`
warning: Goldbach/BG_Bank.lean:550:47: This simp argument is unused:
  add_comm

Hint: Omit it from the simp argument list.
  simp [add_div, div_self, hlogX_ne, add_c̵o̵m̵m̵,̵ ̵a̵d̵d̵_̵left_comm, add_assoc]

Note: This linter can be disabled with `set_option linter.unusedSimpArgs false`
warning: Goldbach/BG_Bank.lean:550:57: This simp argument is unused:
  add_left_comm

Hint: Omit it from the simp argument list.
  simp [add_div, div_self, hlogX_ne, add_comm, a̵d̵d̵_̵l̵e̵f̵t̵_̵c̵o̵m̵m̵,̵ ̵add_assoc]

Note: This linter can be disabled with `set_option linter.unusedSimpArgs false`
warning: Goldbach/BG_Bank.lean:550:72: This simp argument is unused:
  add_assoc

Hint: Omit it from the simp argument list.
  simp [add_div, div_self, hlogX_ne, add_comm, add_left_comm,̵ ̵a̵d̵d̵_̵a̵s̵s̵o̵c̵]

Note: This linter can be disabled with `set_option linter.unusedSimpArgs false`
warning: Goldbach/BG_Bank.lean:559:56: This simp argument is unused:
  add_left_comm

Hint: Omit it from the simp argument list.
  simp [c, Nat.cast_add, Nat.cast_one, add_assoc, a̵d̵d̵_̵l̵e̵f̵t̵_̵c̵o̵m̵m̵,̵ ̵add_comm, add_div, div_self hX0_ne]

Note: This linter can be disabled with `set_option linter.unusedSimpArgs false`
⚠ [7603/7623] Replayed Goldbach.BG_Operator
warning: Goldbach/BG_Operator.lean:31:2: try 'simp' instead of 'simpa'

Note: This linter can be disabled with `set_option linter.unnecessarySimpa false`
warning: Goldbach/BG_Operator.lean:98:2: try 'simp' instead of 'simpa'

Note: This linter can be disabled with `set_option linter.unnecessarySimpa false`
⚠ [7605/7623] Replayed Goldbach.SingularSeries
warning: Goldbach/SingularSeries.lean:40:5: unused variable `h`

Note: This linter can be disabled with `set_option linter.unusedVariables false`
warning: Goldbach/SingularSeries.lean:88:8: `Finset.eq_empty_iff_forall_not_mem` has been deprecated: Use `Finset.eq_empty_iff_forall_notMem` instead
warning: Goldbach/SingularSeries.lean:98:4: try 'simp' instead of 'simpa'

Note: This linter can be disabled with `set_option linter.unnecessarySimpa false`
warning: Goldbach/SingularSeries.lean:99:28: this tactic is never executed

Note: This linter can be disabled with `set_option linter.unreachableTactic false`
warning: Goldbach/SingularSeries.lean:99:57: this tactic is never executed

Note: This linter can be disabled with `set_option linter.unreachableTactic false`
warning: Goldbach/SingularSeries.lean:99:28: 'decide' tactic does nothing

Note: This linter can be disabled with `set_option linter.unusedTactic false`
warning: Goldbach/SingularSeries.lean:99:57: 'decide' tactic does nothing

Note: This linter can be disabled with `set_option linter.unusedTactic false`
⚠ [7607/7623] Replayed Goldbach.PPNumerics
warning: Goldbach/PPNumerics.lean:24:42: try 'simp' instead of 'simpa'

Note: This linter can be disabled with `set_option linter.unnecessarySimpa false`
warning: Goldbach/PPNumerics.lean:27:6: try 'simp' instead of 'simpa'

Note: This linter can be disabled with `set_option linter.unnecessarySimpa false`
⚠ [7608/7623] Replayed Goldbach.PPBoundSquares
warning: Goldbach/PPBoundSquares.lean:41:8: try 'simp' instead of 'simpa'

Note: This linter can be disabled with `set_option linter.unnecessarySimpa false`
warning: Goldbach/PPBoundSquares.lean:228:10: try 'simp' instead of 'simpa'

Note: This linter can be disabled with `set_option linter.unnecessarySimpa false`
⚠ [7610/7623] Replayed Goldbach.AnalyticGlobal
warning: Goldbach/AnalyticGlobal.lean:65:28: This simp argument is unused:
  one_div

Hint: Omit it from the simp argument list.
  simp [div_eq_mul_inv, o̵n̵e̵_̵d̵i̵v̵,̵ ̵mul_comm]

Note: This linter can be disabled with `set_option linter.unusedSimpArgs false`
warning: Goldbach/AnalyticGlobal.lean:68:30: This simp argument is unused:
  one_div

Hint: Omit it from the simp argument list.
  simp [div_eq_mul_inv, o̵n̵e̵_̵d̵i̵v̵,̵ ̵mul_comm]

Note: This linter can be disabled with `set_option linter.unusedSimpArgs false`
warning: Goldbach/AnalyticGlobal.lean:70:39: This simp argument is unused:
  mul_left_comm

Hint: Omit it from the simp argument list.
  simp [one_div, S_ne, mul_comm, mul_l̵e̵f̵t̵_̵c̵o̵m̵m̵,̵ ̵m̵u̵l̵_̵assoc]

Note: This linter can be disabled with `set_option linter.unusedSimpArgs false`
warning: Goldbach/AnalyticGlobal.lean:70:54: This simp argument is unused:
  mul_assoc

Hint: Omit it from the simp argument list.
  simp [one_div, S_ne, mul_comm, mul_left_comm,̵ ̵m̵u̵l̵_̵a̵s̵s̵o̵c̵]

Note: This linter can be disabled with `set_option linter.unusedSimpArgs false`
⚠ [7611/7623] Replayed Goldbach.BankPieces
warning: Goldbach/BankPieces.lean:15:63: `class ... :=` has been deprecated in favor of `class ... where`.

Note: This linter can be disabled with `set_option linter.deprecated false`
⚠ [7613/7623] Replayed Goldbach.Analytic.MajorBoundFromSigma
warning: Goldbach/Analytic/MajorBoundFromSigma.lean:21:75: `structure ... :=` has been deprecated in favor of `structure ... where`.

Note: This linter can be disabled with `set_option linter.deprecated false`
⚠ [7614/7623] Replayed Goldbach.Analytic.NumericSigma
warning: Goldbach/Analytic/NumericSigma.lean:23:32: unused variable `hX`

Note: This linter can be disabled with `set_option linter.unusedVariables false`
✖ [7620/7623] Building Goldbach.BG_Identity (44s)
trace: .> LEAN_PATH=/Users/benjaminnelson/Desktop/nerd shit/goldbach/builds/Goldbach/.lake/packages/Cli/.lake/build/lib/lean:/Users/benjaminnelson/Desktop/nerd shit/goldbach/builds/Goldbach/.lake/packages/batteries/.lake/build/lib/lean:/Users/benjaminnelson/Desktop/nerd shit/goldbach/builds/Goldbach/.lake/packages/Qq/.lake/build/lib/lean:/Users/benjaminnelson/Desktop/nerd shit/goldbach/builds/Goldbach/.lake/packages/aesop/.lake/build/lib/lean:/Users/benjaminnelson/Desktop/nerd shit/goldbach/builds/Goldbach/.lake/packages/proofwidgets/.lake/build/lib/lean:/Users/benjaminnelson/Desktop/nerd shit/goldbach/builds/Goldbach/.lake/packages/importGraph/.lake/build/lib/lean:/Users/benjaminnelson/Desktop/nerd shit/goldbach/builds/Goldbach/.lake/packages/LeanSearchClient/.lake/build/lib/lean:/Users/benjaminnelson/Desktop/nerd shit/goldbach/builds/Goldbach/.lake/packages/plausible/.lake/build/lib/lean:/Users/benjaminnelson/Desktop/nerd shit/goldbach/builds/Goldbach/.lake/packages/mathlib/.lake/build/lib/lean:/Users/benjaminnelson/Desktop/nerd shit/goldbach/builds/Goldbach/.lake/build/lib/lean /Users/benjaminnelson/.elan/toolchains/leanprover--lean4---v4.26.0-rc2/bin/lean /Users/benjaminnelson/Desktop/nerd shit/goldbach/builds/Goldbach/Goldbach/BG_Identity.lean -o /Users/benjaminnelson/Desktop/nerd shit/goldbach/builds/Goldbach/.lake/build/lib/lean/Goldbach/BG_Identity.olean -i /Users/benjaminnelson/Desktop/nerd shit/goldbach/builds/Goldbach/.lake/build/lib/lean/Goldbach/BG_Identity.ilean -c /Users/benjaminnelson/Desktop/nerd shit/goldbach/builds/Goldbach/.lake/build/ir/Goldbach/BG_Identity.c --setup /Users/benjaminnelson/Desktop/nerd shit/goldbach/builds/Goldbach/.lake/build/ir/Goldbach/BG_Identity.setup.json --json
warning: Goldbach/BG_Identity.lean:149:48: This simp argument is unused:
  add_comm

Hint: Omit it from the simp argument list.
  simp [Finset.sum_insert, hk, ih, mul_add, a̵d̵d̵_̵c̵o̵m̵m̵,̵ ̵add_left_comm, add_assoc, mul_comm, mul_left_comm,
  ̲  ̲ ̲ ̲ ̲ ̲ ̲ ̲mul_assoc]

Note: This linter can be disabled with `set_option linter.unusedSimpArgs false`
warning: Goldbach/BG_Identity.lean:149:58: This simp argument is unused:
  add_left_comm

Hint: Omit it from the simp argument list.
  simp [Finset.sum_insert, hk, ih, mul_add, add_comm, a̵d̵d̵_̵l̵e̵f̵t̵_̵c̵o̵m̵m̵,̵add_assoc, mul_comm, mul_left_comm,
  ̲  ̲ ̲ ̲ ̲ ̲ ̲ ̲mul_assoc]

Note: This linter can be disabled with `set_option linter.unusedSimpArgs false`
warning: Goldbach/BG_Identity.lean:150:12: This simp argument is unused:
  add_assoc

Hint: Omit it from the simp argument list.
  simp [Finset.sum_insert, hk, ih, mul_add, add_comm, add_left_comm, a̵d̵d̵_̵a̵s̵s̵o̵c̵,̵ ̵mul_comm, mul_left_comm,
  ̲  ̲ ̲ ̲ ̲ ̲ ̲ ̲mul_assoc]

Note: This linter can be disabled with `set_option linter.unusedSimpArgs false`
warning: Goldbach/BG_Identity.lean:150:23: This simp argument is unused:
  mul_comm

Hint: Omit it from the simp argument list.
  simp [Finset.sum_insert, hk, ih, mul_add, add_comm, add_left_comm, add_assoc, m̵u̵l̵_̵c̵o̵m̵m̵,̵ ̵mul_left_comm,
  ̲  ̲ ̲ ̲ ̲ ̲ ̲ ̲mul_assoc]

Note: This linter can be disabled with `set_option linter.unusedSimpArgs false`
warning: Goldbach/BG_Identity.lean:150:33: This simp argument is unused:
  mul_left_comm

Hint: Omit it from the simp argument list.
  simp [Finset.sum_insert, hk, ih, mul_add, add_comm, add_left_comm, add_assoc, mul_comm,
  ̲  ̲ ̲ ̲ ̲ ̲ ̲ ̲m̵u̵l̵_̵l̵e̵f̵t̵_̵c̵o̵m̵m̵,̵ ̵mul_assoc]

Note: This linter can be disabled with `set_option linter.unusedSimpArgs false`
warning: Goldbach/BG_Identity.lean:150:48: This simp argument is unused:
  mul_assoc

Hint: Omit it from the simp argument list.
  simp [Finset.sum_insert, hk, ih, mul_add, add_comm, add_left_comm, add_assoc, mul_comm,
  ̲  ̲ ̲ ̲ ̲ ̲ ̲ ̲m̵u̵l̵_̵l̵e̵f̵t̵_̵c̵o̵m̵m̵,̵ ̵m̵u̵l̵_̵a̵s̵s̵o̵c̵]̵m̲u̲l̲_̲l̲e̲f̲t̲_̲c̲o̲m̲m̲]̲

Note: This linter can be disabled with `set_option linter.unusedSimpArgs false`
error: Goldbach/BG_Identity.lean:197:76: unsolved goals
m : ℕ
hm : m ≤ Ucut
hnonneg : 0 ≤ 1 - ↑m / ↑Ucut
hmax : max (1 - ↑m / ↑Ucut) 0 = 1 - ↑m / ↑Ucut
⊢ max (1 - ↑m / (↑H + ↑((H + 99) / 100))) 0 / (↑H + ↑((H + 99) / 100)) =
    (1 - ↑m / (↑H + ↑((H + 99) / 100))) / (↑H + ↑((H + 99) / 100))
warning: Goldbach/BG_Identity.lean:204:12: This simp argument is unused:
  hU

Hint: Omit it from the simp argument list.
  simp [hU̵,̵ ̵h̵m0]

Note: This linter can be disabled with `set_option linter.unusedSimpArgs false`
warning: Goldbach/BG_Identity.lean:215:8: This simp argument is unused:
  hmax

Hint: Omit it from the simp argument list.
  simp ̵[̵h̵m̵a̵x̵]̵

Note: This linter can be disabled with `set_option linter.unusedSimpArgs false`
warning: Goldbach/BG_Identity.lean:241:10: This simp argument is unused:
  Finset.sum_insert

Hint: Omit it from the simp argument list.
  simp [̵F̵i̵n̵s̵e̵t̵.̵s̵u̵m̵_̵i̵n̵s̵e̵r̵t̵,̵ ̵h̵a̵,̵[̲h̲a̲,̲ ih, mul_add, add_comm, add_left_comm, add_assoc, mul_comm, mul_left_comm, mul_assoc]

Note: This linter can be disabled with `set_option linter.unusedSimpArgs false`
warning: Goldbach/BG_Identity.lean:241:33: This simp argument is unused:
  ih

Hint: Omit it from the simp argument list.
  simp [Finset.sum_insert, ha, i̵h̵,̵ ̵mul_add, add_comm, add_left_comm,
  ̵  ̵ ̵ ̵ ̵ ̵ ̵ ̵ ̵ ̵add_assoc, mul_comm,
  ̲  ̲ ̲ ̲ ̲ ̲mul_left_comm, mul_assoc]

Note: This linter can be disabled with `set_option linter.unusedSimpArgs false`
warning: Goldbach/BG_Identity.lean:241:56: This simp argument is unused:
  add_left_comm

Hint: Omit it from the simp argument list.
  simp [Finset.sum_insert, ha, ih, mul_add, add_comm, a̵d̵d̵_̵l̵e̵f̵t̵_̵c̵o̵m̵m̵,̵add_assoc, mul_comm, mul_left_comm,
  ̲  ̲ ̲ ̲ ̲ ̲mul_assoc]

Note: This linter can be disabled with `set_option linter.unusedSimpArgs false`
warning: Goldbach/BG_Identity.lean:242:10: This simp argument is unused:
  add_assoc

Hint: Omit it from the simp argument list.
  simp [Finset.sum_insert, ha, ih, mul_add, add_comm, add_left_comm, a̵d̵d̵_̵a̵s̵s̵o̵c̵,̵ ̵mul_comm, mul_left_comm,
  ̲  ̲ ̲ ̲ ̲ ̲mul_assoc]

Note: This linter can be disabled with `set_option linter.unusedSimpArgs false`
warning: Goldbach/BG_Identity.lean:242:31: This simp argument is unused:
  mul_left_comm

Hint: Omit it from the simp argument list.
  simp [Finset.sum_insert, ha, ih, mul_add, add_comm, add_left_comm, add_assoc, mul_comm,
  ̲  ̲ ̲ ̲ ̲ ̲m̵u̵l̵_̵l̵e̵f̵t̵_̵c̵o̵m̵m̵,̵ ̵mul_assoc]

Note: This linter can be disabled with `set_option linter.unusedSimpArgs false`
warning: Goldbach/BG_Identity.lean:242:46: This simp argument is unused:
  mul_assoc

Hint: Omit it from the simp argument list.
  simp [Finset.sum_insert, ha, ih, mul_add, add_comm, add_left_comm, add_assoc, mul_comm,
  ̲  ̲ ̲ ̲ ̲ ̲m̵u̵l̵_̵l̵e̵f̵t̵_̵c̵o̵m̵m̵,̵ ̵m̵u̵l̵_̵a̵s̵s̵o̵c̵]̵m̲u̲l̲_̲l̲e̲f̲t̲_̲c̲o̲m̲m̲]̲

Note: This linter can be disabled with `set_option linter.unusedSimpArgs false`
error: Goldbach/BG_Identity.lean:255:68: Application type mismatch: The argument
  hz_ne_pos
has type
  z ≠ ↑n.succ
but is expected to have type
  ↑n.succ ≠ z
in the application
  Ne.symm hz_ne_pos
error: Goldbach/BG_Identity.lean:256:62: Application type mismatch: The argument
  hz_ne_neg
has type
  z ≠ -↑n.succ
but is expected to have type
  -↑n.succ ≠ z
in the application
  lt_of_le_of_ne hI.left hz_ne_neg
warning: Goldbach/BG_Identity.lean:273:10: try 'simp' instead of 'simpa'

Note: This linter can be disabled with `set_option linter.unnecessarySimpa false`
warning: Goldbach/BG_Identity.lean:280:10: try 'simp' instead of 'simpa'

Note: This linter can be disabled with `set_option linter.unnecessarySimpa false`
error: Goldbach/BG_Identity.lean:263:2: unsolved goals
case h.mpr
n : ℕ
z : ℤ
hz : z ∈ Finset.Icc (-↑n) ↑n
hI : -↑n ≤ z ∧ z ≤ ↑n
hz_ne_pos : z ≠ ↑n.succ
hz_ne_neg : z ≠ -↑n.succ
hzI' : z ∈ Finset.Icc (-↑n.succ) ↑n.succ
⊢ -1 < z + ↑n ∧ z < ↑n + 1
warning: Goldbach/BG_Identity.lean:287:10: This simp argument is unused:
  Finset.mem_erase

Hint: Omit it from the simp argument list.
  simp [F̵i̵n̵s̵e̵t̵.̵m̵e̵m̵_̵e̵r̵a̵s̵e̵,̵ ̵hz_ne_pos, hz_ne_neg, hzI']

Note: This linter can be disabled with `set_option linter.unusedSimpArgs false`
warning: Goldbach/BG_Identity.lean:287:28: This simp argument is unused:
  hz_ne_pos

Hint: Omit it from the simp argument list.
  simp [Finset.mem_erase, h̵z̵_̵n̵e̵_̵p̵o̵s̵,̵ ̵hz_ne_neg, hzI']

Note: This linter can be disabled with `set_option linter.unusedSimpArgs false`
warning: Goldbach/BG_Identity.lean:287:39: This simp argument is unused:
  hz_ne_neg

Hint: Omit it from the simp argument list.
  simp [Finset.mem_erase, hz_ne_pos, hz_̵n̵e̵_̵n̵e̵g̵,̵ ̵h̵z̵I']

Note: This linter can be disabled with `set_option linter.unusedSimpArgs false`
warning: Goldbach/BG_Identity.lean:287:50: This simp argument is unused:
  hzI'

Hint: Omit it from the simp argument list.
  simp [Finset.mem_erase, hz_ne_pos, hz_ne_neg,̵ ̵h̵z̵I̵'̵]

Note: This linter can be disabled with `set_option linter.unusedSimpArgs false`
error: Goldbach/BG_Identity.lean:314:54: linarith failed to find a contradiction
case h
f : ℤ → ℝ
hEven : ∀ (z : ℤ), f (-z) = f z
n : ℕ
ih : (Finset.Icc (-↑n) ↑n).sum f = f 0 + 2 * ∑ k ∈ Finset.range n, f (Int.ofNat k.succ)
s : Finset ℤ := Finset.Icc (-↑n.succ) ↑n.succ
s0 : Finset ℤ := s.erase ↑n.succ
s1 : Finset ℤ := s0.erase (-↑n.succ)
hmem_pos : ↑n.succ ∈ s
hmem_neg : -↑n.succ ∈ s
a✝ : ↑n.succ ≤ -↑n.succ
⊢ False
failed
error: Goldbach/BG_Identity.lean:316:6: Type mismatch: After simplification, term
  hmem_neg
 has type
  -1 + -↑n ∈ s
but is expected to have type
  ¬-1 + -↑n = ↑n + 1 ∧ -1 + -↑n ∈ s
error: Goldbach/BG_Identity.lean:330:8: Type mismatch: After simplification, term
  this
 has type
  f (↑n + 1) + ∑ x ∈ Finset.Ico (-↑n + -1) (↑n + 1), f x = ∑ x ∈ Finset.Icc (-↑n + -1) (↑n + 1), f x
but is expected to have type
  ∑ x ∈ Finset.Icc (-↑n + -1) (↑n + 1), f x = f (↑n + 1) + ∑ x ∈ Finset.Ico (-↑n + -1) (↑n + 1), f x
error: Goldbach/BG_Identity.lean:333:8: Type mismatch: After simplification, term
  hstep2
 has type
  f (-↑n + -1) + ∑ x ∈ (s.erase (↑n + 1)).erase (-↑n + -1), f x = ∑ x ∈ s.erase (↑n + 1), f x
but is expected to have type
  ∑ x ∈ s.erase (↑n + 1), f x = f (-↑n + -1) + ∑ x ∈ (s.erase (↑n + 1)).erase (-↑n + -1), f x
warning: Goldbach/BG_Identity.lean:347:13: `Finset.range_succ` has been deprecated: Use `Finset.range_add_one` instead
warning: Goldbach/BG_Identity.lean:347:6: try 'simp' instead of 'simpa'

Note: This linter can be disabled with `set_option linter.unnecessarySimpa false`
info: Goldbach/BG_Identity.lean:357:58: Try this:
  [apply] ring_nf
  
  The `ring` tactic failed to close the goal. Use `ring_nf` to obtain a normal form.
    
  Note that `ring` works primarily in *commutative* rings. If you have a noncommutative ring, abelian group or module, consider using `noncomm_ring`, `abel` or `module` instead.
error: Goldbach/BG_Identity.lean:357:55: unsolved goals
f : ℤ → ℝ
hEven : ∀ (z : ℤ), f (-z) = f z
n : ℕ
ih : (Finset.Icc (-↑n) ↑n).sum f = f 0 + 2 * ∑ k ∈ Finset.range n, f (Int.ofNat k.succ)
s : Finset ℤ := Finset.Icc (-↑n.succ) ↑n.succ
s0 : Finset ℤ := s.erase ↑n.succ
s1 : Finset ℤ := s0.erase (-↑n.succ)
hmem_pos : ↑n.succ ∈ s
hmem_neg : -↑n.succ ∈ s
hmem_neg_s0 : -↑n.succ ∈ s0
hstep1 : ∑ x ∈ s.erase ↑n.succ, f x + f ↑n.succ = ∑ x ∈ s, f x
hstep2 : ∑ x ∈ s0.erase (-↑n.succ), f x + f (-↑n.succ) = ∑ x ∈ s0, f x
hs1 : s1 = Finset.Icc (-↑n) ↑n
this✝ : s.sum f = s1.sum f + f (-↑n.succ) + f ↑n.succ
this : s.sum f = (Finset.Icc (-↑n) ↑n).sum f + f ↑n.succ + f (-↑n.succ)
hIH : (Finset.Icc (-↑n) ↑n).sum f = f 0 + 2 * ∑ k ∈ Finset.range n, f (Int.ofNat k.succ)
hrange :
  ∑ k ∈ Finset.range n.succ, f (Int.ofNat k.succ) = ∑ k ∈ Finset.range n, f (Int.ofNat k.succ) + f (Int.ofNat n.succ)
⊢ f 0 + (∑ k ∈ Finset.range n, f (Int.ofNat k.succ)) * 2 + f ↑n.succ * 2 =
    f 0 + (∑ k ∈ Finset.range n, f (Int.ofNat k.succ)) * 2 + f (Int.ofNat n.succ) * 2
error: Goldbach/BG_Identity.lean:359:12: Tactic `assumption` failed

f : ℤ → ℝ
hEven : ∀ (z : ℤ), f (-z) = f z
n : ℕ
ih : (Finset.Icc (-↑n) ↑n).sum f = f 0 + 2 * ∑ k ∈ Finset.range n, f (Int.ofNat k.succ)
s : Finset ℤ := Finset.Icc (-↑n.succ) ↑n.succ
s0 : Finset ℤ := s.erase ↑n.succ
s1 : Finset ℤ := s0.erase (-↑n.succ)
hmem_pos : ↑n.succ ∈ s
hmem_neg : -↑n.succ ∈ s
hmem_neg_s0 : -↑n.succ ∈ s0
hstep1 : ∑ x ∈ s.erase ↑n.succ, f x + f ↑n.succ = ∑ x ∈ s, f x
hstep2 : ∑ x ∈ s0.erase (-↑n.succ), f x + f (-↑n.succ) = ∑ x ∈ s0, f x
hs1 : s1 = Finset.Icc (-↑n) ↑n
this✝ : s.sum f = s1.sum f + f (-↑n.succ) + f ↑n.succ
hIH : (Finset.Icc (-↑n) ↑n).sum f = f 0 + 2 * ∑ k ∈ Finset.range n, f (Int.ofNat k.succ)
hrange :
  ∑ k ∈ Finset.range n.succ, f (Int.ofNat k.succ) = ∑ k ∈ Finset.range n, f (Int.ofNat k.succ) + f (Int.ofNat n.succ)
this : s.sum f = (Finset.Icc (-↑n) ↑n).sum f + f (↑n + 1) + f (-1 + -↑n)
⊢ ∑ x ∈ Finset.range n, f (↑x + 1) + f (↑n + 1) = ∑ x ∈ Finset.range (n + 1), f (↑x + 1)
error: Goldbach/BG_Identity.lean:383:6: Type mismatch: After simplification, term
  this
 has type
  True
but is expected to have type
  ↑n + 2 = ↑n + 1 + 1 ∨ ↑n + 1 = 0
error: Goldbach/BG_Identity.lean:384:4: Tactic `assumption` failed

case succ
n : ℕ
ih : ∑ k ∈ Finset.range n, ↑k.succ = ↑n * (↑n + 1) / 2
h : ∑ x ∈ Finset.range (n + 1), ↑x.succ = ∑ x ∈ Finset.range n, ↑x.succ + ↑n.succ
h' : ∑ k ∈ Finset.range n.succ, ↑k.succ = ∑ k ∈ Finset.range n, ↑k.succ + ↑n.succ
h'' : ↑n * (↑n + 1) / 2 + ↑n.succ = ↑n.succ * (↑n.succ + 1) / 2
⊢ ∑ x ∈ Finset.range (n + 1), (↑x + 1) = (↑n + 1) * (↑n + 1 + 1) / 2
warning: Goldbach/BG_Identity.lean:480:6: declaration uses 'sorry'
warning: Goldbach/BG_Identity.lean:509:23: This simp argument is unused:
  Int.ofNat_sub hHN

Hint: Omit it from the simp argument list.
  simp only [̵I̵n̵t̵.̵o̵f̵N̵a̵t̵_̵s̵u̵b̵ ̵h̵H̵N̵]̵ ̵at hZint

Note: This linter can be disabled with `set_option linter.unusedSimpArgs false`
warning: Goldbach/BG_Identity.lean:574:4: try 'simp' instead of 'simpa'

Note: This linter can be disabled with `set_option linter.unnecessarySimpa false`
warning: Goldbach/BG_Identity.lean:597:25: try 'simp' instead of 'simpa'

Note: This linter can be disabled with `set_option linter.unnecessarySimpa false`
warning: Goldbach/BG_Identity.lean:640:6: declaration uses 'sorry'
warning: Goldbach/BG_Identity.lean:677:15: unused variable `hX`

Note: This linter can be disabled with `set_option linter.unusedVariables false`
warning: Goldbach/BG_Identity.lean:678:5: unused variable `hN`

Note: This linter can be disabled with `set_option linter.unusedVariables false`
warning: Goldbach/BG_Identity.lean:710:5: unused variable `hk`

Note: This linter can be disabled with `set_option linter.unusedVariables false`
warning: Goldbach/BG_Identity.lean:735:28: This simp argument is unused:
  hUpos.ne'

Hint: Omit it from the simp argument list.
  s̵i̵m̵p̵ ̵[̵K̵_̵f̵u̵l̵l̵,̵ ̵K̵_̵f̵u̵l̵l̵_̵r̵a̵w̵,̵ ̵h̵U̵p̵o̵s̵.̵n̵e̵'̵]̵ ̵a̵t̵ ̵*̵s̲i̲m̲p̲ ̲[̲K̲_̲f̲u̲l̲l̲,̲
  ̲ ̲ ̲ ̲ ̲K̲_̲f̲u̲l̲l̲_̲r̲a̲w̲]̲ ̲a̲t̲ ̲*̲
  ̲ ̲ ̲ ̲ ̲ ̲ ̲-̲-̲ ̲a̲f̲t̲e̲r̲ ̲s̲i̲m̲p̲,̲ ̲g̲o̲a̲l̲ ̲b̲e̲c̲o̲m̲e̲s̲ ̲`̲0̲ ̲<̲ ̲1̲ ̲/̲ ̲(̲U̲c̲u̲t̲:̲ℝ̲)̲`̲
  ̲ ̲ ̲ ̲ ̲ ̲ ̲

Note: This linter can be disabled with `set_option linter.unusedSimpArgs false`
warning: Goldbach/BG_Identity.lean:760:5: unused variable `h`

Note: This linter can be disabled with `set_option linter.unusedVariables false`
warning: Goldbach/BG_Identity.lean:767:5: unused variable `h`

Note: This linter can be disabled with `set_option linter.unusedVariables false`
warning: Goldbach/BG_Identity.lean:783:25: unused variable `X`

Note: This linter can be disabled with `set_option linter.unusedVariables false`
warning: Goldbach/BG_Identity.lean:783:27: unused variable `N`

Note: This linter can be disabled with `set_option linter.unusedVariables false`
warning: Goldbach/BG_Identity.lean:807:5: unused variable `h`

Note: This linter can be disabled with `set_option linter.unusedVariables false`
error: Goldbach/BG_Identity.lean:821:10: Unknown identifier `Kernel.conv_ref_const_eq_sigma_mass_of`
warning: Goldbach/BG_Identity.lean:836:8: try 'simp' instead of 'simpa'

Note: This linter can be disabled with `set_option linter.unnecessarySimpa false`
warning: Goldbach/BG_Identity.lean:864:34: unused variable `hk`

Note: This linter can be disabled with `set_option linter.unusedVariables false`
warning: Goldbach/BG_Identity.lean:868:35: unused variable `hk`

Note: This linter can be disabled with `set_option linter.unusedVariables false`
error: Goldbach/BG_Identity.lean:925:20: failed to synthesize
  HMul (ℕ → ℝ) ℝ ?m.11

Hint: Additional diagnostic information may be available using the `set_option diagnostics true` command.
error: Goldbach/BG_Identity.lean:933:20: typeclass instance problem is stuck
  HMul (ℕ → ℝ) ?m.14 ℝ

Note: Lean will not try to resolve this typeclass instance problem because the second type argument to `HMul` is a metavariable. This argument must be fully determined before Lean will try to resolve the typeclass.

Hint: Adding type annotations and supplying implicit arguments to functions can give Lean more information for typeclass resolution. For example, if you have a variable `x` that you intend to be a `Nat`, but Lean reports it as having an unresolved type like `?m`, replacing `x` with `(x : Nat)` can get typeclass resolution un-stuck.
error: Goldbach/BG_Identity.lean:943:60: unsolved goals
⊢ False
error: Goldbach/BG_Identity.lean:961:58: unsolved goals
⊢ -((↑H + 99) / 100) ≤ ↑H ∧ 0 ≤ ↑H + (↑H + 99) / 100
error: Goldbach/BG_Identity.lean:983:26: Unknown constant `Int.natAbs_eq_ofNat_abs`
error: Goldbach/BG_Identity.lean:989:12: linarith failed to find a contradiction
case h
h0 : 0 ∈ bandU
z : ℤ
hz : z ∈ bandU.erase 0
hzIcc : z ∈ Finset.Icc (-↑Ucut) ↑Ucut
hz0 : z ≠ 0
this : -↑Ucut ≤ z ∧ z ≤ ↑Ucut
hle : z ≤ ↑Ucut
hneg : -↑Ucut ≤ z
hz' : ↑z.natAbs = max (-z) z
a✝ : ↑Ucut < ↑z.natAbs
⊢ False
failed
error: Goldbach/BG_Identity.lean:997:59: mod_cast has type
  ?m.225 = ?m.225
but is expected to have type
  z.natAbs = 0
error: Goldbach/BG_Identity.lean:1001:12: Type mismatch
  hzabs0
has type
  z.natAbs = 0
but is expected to have type
  z.natAbs ≠ 0
error: Goldbach/BG_Identity.lean:1003:17: Invalid `⟨...⟩` notation: The expected type
  z.natAbs - 1 < Ucut ∧ z = Int.ofNat (z.natAbs - 1).succ ∨ z = -Int.ofNat (z.natAbs - 1).succ
has more than one constructor

Note: This notation can only be used when the expected type is an inductive type with a single constructor
error: Goldbach/BG_Identity.lean:1004:10: No goals to be solved
error: Goldbach/BG_Identity.lean:1017:69: Application type mismatch: The argument
  hkpos
has type
  k < Ucut
but is expected to have type
  k ∈ Finset.range Ucut
in the application
  And.intro hkpos
error: Goldbach/BG_Identity.lean:972:6: unsolved goals
case h.mp.inr
h0 : 0 ∈ bandU
z : ℤ
hz : z ∈ bandU.erase 0
hzIcc : z ∈ Finset.Icc (-↑Ucut) ↑Ucut
hz0 : z ≠ 0
hzAbs : z.natAbs ≤ Ucut
k : ℕ
h✝ : z = -Int.ofNat k.succ
⊢ z ∈
    Finset.map { toFun := fun k => ↑k.succ, inj' := ⋯ } (Finset.range Ucut) ∪
      Finset.map { toFun := fun k => -↑k.succ, inj' := ⋯ } (Finset.range Ucut)
error: Goldbach/BG_Identity.lean:1018:54: unsolved goals
h0 : 0 ∈ bandU
z : ℤ
⊢ K_full_raw (H + (H + 99) / 100) 0 = (↑H + ↑((H + 99) / 100))⁻¹
error: Goldbach/BG_Identity.lean:1031:34: maximum recursion depth has been reached
use `set_option maxRecDepth <num>` to increase limit
use `set_option diagnostics true` to get diagnostic information
error: Goldbach/BG_Identity.lean:1032:28: Type mismatch
  hk
has type
  k ∈ Finset.map { toFun := fun k => ↑k.succ, inj' := ⋯ } (Finset.range Ucut)
but is expected to have type
  ∀ (a₂ : ℤ) (ha₂ : a₂ ∈ Finset.map { toFun := fun k => ↑k.succ, inj' := ⋯ } (Finset.range Ucut)),
    (fun k hk => k) k hk = (fun k hk => k) a₂ ha₂ → k = a₂
error: Goldbach/BG_Identity.lean:1033:14: unsolved goals
case heq
h0 : 0 ∈ bandU
z : ℤ
h0val : K_full 0 = 1 / ↑Ucut
k : ℤ
hk : k ∈ Finset.map { toFun := fun k => -↑k.succ, inj' := ⋯ } (Finset.range Ucut)
⊢ ∃ a < H + (H + 99) / 100, ↑a + 1 = k
error: Goldbach/BG_Identity.lean:1034:28: Type mismatch
  hk
has type
  k ∈ Finset.map { toFun := fun k => ↑k.succ, inj' := ⋯ } (Finset.range Ucut)
but is expected to have type
  K_full k = K_full ((fun k hk => k) k hk)
error: Goldbach/BG_Identity.lean:1051:68: Type mismatch: After simplification, term
  hbEq
 has type
  -1 + -↑b' = ↑a' + 1
but is expected to have type
  ↑a' + 1 = -1 + -↑b'
error: Goldbach/BG_Identity.lean:1052:16: linarith failed to find a contradiction
h0 : 0 ∈ bandU
z : ℤ
h0val : K_full 0 = 1 / ↑Ucut
hpair :
  ∑ k ∈ Finset.map { toFun := fun k => ↑k.succ, inj' := ⋯ } (Finset.range Ucut), K_full k =
    ∑ k ∈ Finset.map { toFun := fun k => -↑k.succ, inj' := ⋯ } (Finset.range Ucut), K_full k
a' : ℕ
ha' : a' ∈ Finset.range Ucut
ha :
  { toFun := fun k => ↑k.succ, inj' := ⋯ } a' ∈ Finset.map { toFun := fun k => ↑k.succ, inj' := ⋯ } (Finset.range Ucut)
hb :
  { toFun := fun k => ↑k.succ, inj' := ⋯ } a' ∈ Finset.map { toFun := fun k => -↑k.succ, inj' := ⋯ } (Finset.range Ucut)
b' : ℕ
hb' : b' ∈ Finset.range Ucut
hbEq : { toFun := fun k => -↑k.succ, inj' := ⋯ } b' = { toFun := fun k => ↑k.succ, inj' := ⋯ } a'
hbPos : ↑b'.succ ≠ 0
this : ↑a'.succ = -↑b'.succ
⊢ False
failed
error: Goldbach/BG_Identity.lean:1069:92: Unknown identifier `hpos`
error: Goldbach/BG_Identity.lean:1071:6: 'calc' expression has type
  ∑ k ∈ bandU, K_full k = K_full 0 + 2 * ∑ k ∈ Finset.range Ucut, K_full (Int.ofNat k.succ)
but is expected to have type
  z ∈
      Finset.map { toFun := fun k => ↑k.succ, inj' := ⋯ } (Finset.range Ucut) ∪
        Finset.map { toFun := fun k => -↑k.succ, inj' := ⋯ } (Finset.range Ucut) →
    z ∈ bandU.erase 0
error: Goldbach/BG_Identity.lean:958:93: unsolved goals
h0 : 0 ∈ bandU
hpos :
  bandU.erase 0 =
    Finset.map { toFun := fun k => ↑k.succ, inj' := ⋯ } (Finset.range Ucut) ∪
      Finset.map { toFun := fun k => -↑k.succ, inj' := ⋯ } (Finset.range Ucut)
⊢ ∑ k ∈ bandU, K_full k = K_full 0 + 2 * ∑ k ∈ Finset.range Ucut, K_full (Int.ofNat k.succ)
error: Goldbach/BG_Identity.lean:1074:22: maximum recursion depth has been reached
use `set_option maxRecDepth <num>` to increase limit
use `set_option diagnostics true` to get diagnostic information
warning: Goldbach/BG_Identity.lean:1076:10: try 'simp' instead of 'simpa'

Note: This linter can be disabled with `set_option linter.unnecessarySimpa false`
warning: Goldbach/BG_Identity.lean:1095:22: `Finset.range_succ` has been deprecated: Use `Finset.range_add_one` instead
error: Goldbach/BG_Identity.lean:1093:72: unsolved goals
hsplit : ∑ k ∈ bandU, K_full k = K_full 0 + 2 * ∑ k ∈ Finset.range Ucut, K_full (Int.ofNat k.succ)
hsum1 : ∑ k ∈ Finset.range Ucut, 1 = ↑Ucut
this : ∑ i ∈ Finset.range Ucut.succ, i = Ucut.succ * (Ucut.succ - 1) / 2
⊢ H + (H + 99) / 100 + ∑ x ∈ Finset.range (H + (H + 99) / 100), x =
    ∑ x ∈ Finset.range (H + (H + 99) / 100), x + (H + (H + 99) / 100)
error: Goldbach/BG_Identity.lean:1097:10: Type mismatch: After simplification, term
  Finset.sum_range_id
 has type
  ∀ (n : ℕ), ∑ i ∈ Finset.range n, i = n * (n - 1) / 2
but is expected to have type
  ∑ i ∈ Finset.range (H + (H + 99) / 100 + 1), i = (H + (H + 99) / 100 + 1) * (H + (H + 99) / 100) / 2
error: Goldbach/BG_Identity.lean:1098:8: linarith failed to find a contradiction
case h1.h
hsplit : ∑ k ∈ bandU, K_full k = K_full 0 + 2 * ∑ k ∈ Finset.range Ucut, K_full (Int.ofNat k.succ)
hsum1 : ∑ k ∈ Finset.range Ucut, 1 = ↑Ucut
this : ∑ i ∈ Finset.range Ucut.succ, i = Ucut.succ * (Ucut.succ - 1) / 2
hrewrite : ∑ i ∈ Finset.range Ucut.succ, i = ∑ k ∈ Finset.range Ucut, k.succ
hs : ∑ i ∈ Finset.range Ucut.succ, i = Ucut.succ * Ucut / 2
a✝ : ∑ k ∈ Finset.range Ucut, k.succ < Ucut * (Ucut + 1) / 2
⊢ False
failed
error: Goldbach/BG_Identity.lean:1100:6: maximum recursion depth has been reached
use `set_option maxRecDepth <num>` to increase limit
use `set_option diagnostics true` to get diagnostic information
error: Goldbach/BG_Identity.lean:1107:16: maximum recursion depth has been reached
use `set_option maxRecDepth <num>` to increase limit
use `set_option diagnostics true` to get diagnostic information
error: Goldbach/BG_Identity.lean:1119:68: unsolved goals
hsplit : ∑ k ∈ bandU, K_full k = K_full 0 + 2 * ∑ k ∈ Finset.range Ucut, K_full (Int.ofNat k.succ)
hsum1 : ∑ k ∈ Finset.range Ucut, 1 = ↑Ucut
hsumk : ∑ k ∈ Finset.range Ucut, ↑k.succ = ↑Ucut * (↑Ucut + 1) / 2
hUpos : 0 < ↑Ucut
hUpos' : ↑Ucut ≠ 0
⊢ (↑H + ↑((H + 99) / 100) - ∑ x ∈ Finset.range (H + (H + 99) / 100), (↑x + 1) / (↑H + ↑((H + 99) / 100))) /
      (↑H + ↑((H + 99) / 100)) =
    (↑H + ↑((H + 99) / 100))⁻¹ *
      (↑H + ↑((H + 99) / 100) - ∑ x ∈ Finset.range (H + (H + 99) / 100), (↑x + 1) / (↑H + ↑((H + 99) / 100)))
info: Goldbach/BG_Identity.lean:1125:8: Try this:
  [apply] ring_nf
  
  The `ring` tactic failed to close the goal. Use `ring_nf` to obtain a normal form.
    
  Note that `ring` works primarily in *commutative* rings. If you have a noncommutative ring, abelian group or module, consider using `noncomm_ring`, `abel` or `module` instead.
error: Goldbach/BG_Identity.lean:1122:96: unsolved goals
hsplit : ∑ k ∈ bandU, K_full k = K_full 0 + 2 * ∑ k ∈ Finset.range Ucut, K_full (Int.ofNat k.succ)
hsum1 : ∑ k ∈ Finset.range Ucut, 1 = ↑Ucut
hsumk : ∑ k ∈ Finset.range Ucut, ↑k.succ = ↑Ucut * (↑Ucut + 1) / 2
hUpos : 0 < ↑Ucut
hUpos' : ↑Ucut ≠ 0
⊢ ↑Ucut * (↑Ucut)⁻¹ - (↑Ucut)⁻¹ * ∑ x ∈ Finset.range Ucut, (↑Ucut)⁻¹ * ↑x.succ =
    ↑Ucut * (↑Ucut)⁻¹ + ↑Ucut * (↑Ucut)⁻¹ ^ 2 * (-1 / 2) + ↑Ucut ^ 2 * (↑Ucut)⁻¹ ^ 2 * (-1 / 2)
info: Goldbach/BG_Identity.lean:1127:33: Try this:
  [apply] ring_nf
  
  The `ring` tactic failed to close the goal. Use `ring_nf` to obtain a normal form.
    
  Note that `ring` works primarily in *commutative* rings. If you have a noncommutative ring, abelian group or module, consider using `noncomm_ring`, `abel` or `module` instead.
error: Goldbach/BG_Identity.lean:1126:34: unsolved goals
hsplit : ∑ k ∈ bandU, K_full k = K_full 0 + 2 * ∑ k ∈ Finset.range Ucut, K_full (Int.ofNat k.succ)
hsum1 : ∑ k ∈ Finset.range Ucut, 1 = ↑Ucut
hsumk : ∑ k ∈ Finset.range Ucut, ↑k.succ = ↑Ucut * (↑Ucut + 1) / 2
hUpos : 0 < ↑Ucut
⊢ -1 + ↑Ucut = -↑Ucut + ↑Ucut ^ 2
error: Goldbach/BG_Identity.lean:1136:58: unsolved goals
hsplit : ∑ k ∈ bandU, K_full k = K_full 0 + 2 * ∑ k ∈ Finset.range Ucut, K_full (Int.ofNat k.succ)
hpos_eval : ∑ k ∈ Finset.range Ucut, K_full (Int.ofNat k.succ) = (↑Ucut - 1) / 2
hUpos : ↑Ucut ≠ 0
this : ∑ k ∈ bandU, K_full k = K_full 0 + 2 * ∑ k ∈ Finset.range Ucut, K_full (Int.ofNat k.succ)
⊢ K_full_raw (H + (H + 99) / 100) 0 = (↑H + ↑((H + 99) / 100))⁻¹
info: Goldbach/BG_Identity.lean:1145:6: Try this:
  [apply] ring_nf
  
  The `ring` tactic failed to close the goal. Use `ring_nf` to obtain a normal form.
    
  Note that `ring` works primarily in *commutative* rings. If you have a noncommutative ring, abelian group or module, consider using `noncomm_ring`, `abel` or `module` instead.
error: Goldbach/BG_Identity.lean:1139:13: unsolved goals
hsplit : ∑ k ∈ bandU, K_full k = K_full 0 + 2 * ∑ k ∈ Finset.range Ucut, K_full (Int.ofNat k.succ)
hpos_eval : ∑ k ∈ Finset.range Ucut, K_full (Int.ofNat k.succ) = (↑Ucut - 1) / 2
hUpos hUpos' : ↑Ucut ≠ 0
hUpos'' : 0 < ↑Ucut
⊢ 1 - ↑Ucut + ↑Ucut ^ 2 = ↑Ucut
warning: Goldbach/BG_Identity.lean:962:14: This simp argument is unused:
  bandU

Hint: Omit it from the simp argument list.
  simp ̵[̵b̵a̵n̵d̵U̵]̵

Note: This linter can be disabled with `set_option linter.unusedSimpArgs false`
warning: Goldbach/BG_Identity.lean:1121:14: This simp argument is unused:
  Finset.sum_mul

Hint: Omit it from the simp argument list.
  simp [F̵i̵n̵s̵e̵t̵.̵s̵u̵m̵_̵m̵u̵l̵,̵ ̵hUpos']

Note: This linter can be disabled with `set_option linter.unusedSimpArgs false`
warning: Goldbach/BG_Identity.lean:1121:30: This simp argument is unused:
  hUpos'

Hint: Omit it from the simp argument list.
  simp [Finset.sum_mul,̵ ̵h̵U̵p̵o̵s̵'̵]

Note: This linter can be disabled with `set_option linter.unusedSimpArgs false`
warning: Goldbach/BG_Identity.lean:1124:43: This simp argument is unused:
  Finset.sum_div

Hint: Omit it from the simp argument list.
  simp only [Finset.sum_sub_distrib, F̵i̵n̵s̵e̵t̵.̵s̵u̵m̵_̵d̵i̵v̵,̵ ̵hsum1, hsumk]

Note: This linter can be disabled with `set_option linter.unusedSimpArgs false`
warning: Goldbach/BG_Identity.lean:1124:66: This simp argument is unused:
  hsumk

Hint: Omit it from the simp argument list.
  simp only [Finset.sum_sub_distrib, Finset.sum_div, hsum1,̵ ̵h̵s̵u̵m̵k̵]

Note: This linter can be disabled with `set_option linter.unusedSimpArgs false`
warning: Goldbach/BG_Identity.lean:1200:5: unused variable `h`

Note: This linter can be disabled with `set_option linter.unusedVariables false`
error: Goldbach/BG_Identity.lean:1227:6: Tactic `simp` failed with a nested error:
maximum recursion depth has been reached
use `set_option maxRecDepth <num>` to increase limit
use `set_option diagnostics true` to get diagnostic information
warning: Goldbach/BG_Identity.lean:1247:54: try 'simp' instead of 'simpa'

Note: This linter can be disabled with `set_option linter.unnecessarySimpa false`
error: Goldbach/BG_Identity.lean:1262:14: Type mismatch: After simplification, term
  Finset.mem_Icc.mpr hkIcc_pair
 has type
  -↑H ≤ k ∧ k ≤ ↑H
but is expected to have type
  k ∈ BG_Bank.S_BG
error: Goldbach/BG_Identity.lean:1264:53: Type mismatch: After simplification, term
  hk
 has type
  k ∈ BG_Bank.S_BG
but is expected to have type
  -↑H ≤ k ∧ k ≤ ↑H
warning: Goldbach/BG_Identity.lean:1267:6: try 'simp' instead of 'simpa'

Note: This linter can be disabled with `set_option linter.unnecessarySimpa false`
error: Goldbach/BG_Identity.lean:1324:16: maximum recursion depth has been reached
use `set_option maxRecDepth <num>` to increase limit
use `set_option diagnostics true` to get diagnostic information
error: Goldbach/BG_Identity.lean:1341:18: maximum recursion depth has been reached
use `set_option maxRecDepth <num>` to increase limit
use `set_option diagnostics true` to get diagnostic information
error: Goldbach/BG_Identity.lean:1353:16: No goals to be solved
error: Goldbach/BG_Identity.lean:1365:4: maximum recursion depth has been reached
use `set_option maxRecDepth <num>` to increase limit
use `set_option diagnostics true` to get diagnostic information
error: Goldbach/BG_Identity.lean:1383:12: maximum recursion depth has been reached
use `set_option maxRecDepth <num>` to increase limit
use `set_option diagnostics true` to get diagnostic information
error: Goldbach/BG_Identity.lean:1389:12: maximum recursion depth has been reached
use `set_option maxRecDepth <num>` to increase limit
use `set_option diagnostics true` to get diagnostic information
error: Goldbach/BG_Identity.lean:1390:2: maximum recursion depth has been reached
use `set_option maxRecDepth <num>` to increase limit
use `set_option diagnostics true` to get diagnostic information
warning: Goldbach/BG_Identity.lean:1323:64: This simp argument is unused:
  mul_left_comm

Hint: Omit it from the simp argument list.
  simp [div_eq_mul_inv, mul_comm, mul_l̵e̵f̵t̵_̵c̵o̵m̵m̵,̵ ̵m̵u̵l̵_̵assoc]

Note: This linter can be disabled with `set_option linter.unusedSimpArgs false`
warning: Goldbach/BG_Identity.lean:1323:79: This simp argument is unused:
  mul_assoc

Hint: Omit it from the simp argument list.
  simp [div_eq_mul_inv, mul_comm, mul_left_comm,̵ ̵m̵u̵l̵_̵a̵s̵s̵o̵c̵]

Note: This linter can be disabled with `set_option linter.unusedSimpArgs false`
warning: Goldbach/BG_Identity.lean:1392:6: declaration uses 'sorry'
error: Goldbach/BG_Identity.lean:1438:21: maximum recursion depth has been reached
use `set_option maxRecDepth <num>` to increase limit
use `set_option diagnostics true` to get diagnostic information
warning: Goldbach/BG_Identity.lean:1466:28: unused variable `X`

Note: This linter can be disabled with `set_option linter.unusedVariables false`
warning: Goldbach/BG_Identity.lean:1466:30: unused variable `N`

Note: This linter can be disabled with `set_option linter.unusedVariables false`
warning: Goldbach/BG_Identity.lean:1467:28: unused variable `X`

Note: This linter can be disabled with `set_option linter.unusedVariables false`
warning: Goldbach/BG_Identity.lean:1467:30: unused variable `N`

Note: This linter can be disabled with `set_option linter.unusedVariables false`
error: Goldbach/BG_Identity.lean:1493:21: maximum recursion depth has been reached
use `set_option maxRecDepth <num>` to increase limit
use `set_option diagnostics true` to get diagnostic information
error: Goldbach/BG_Identity.lean:1592:0: Unexpected name `BG_Identity` after `end`: The current section is unnamed

Hint: Delete the name `BG_Identity` to end the current unnamed scope; outer named scopes can then be closed using additional `end` command(s):
  end ̵B̵G̵_̵I̵d̵e̵n̵t̵i̵t̵y̵
error: Goldbach/BG_Identity.lean:1593:0: Unexpected name `Goldbach` after `end`: The current section is unnamed

Hint: Delete the name `Goldbach` to end the current unnamed scope; outer named scopes can then be closed using additional `end` command(s):
  end ̵G̵o̵l̵d̵b̵a̵c̵h̵
error: Lean exited with code 1
Some required targets logged failures:
- Goldbach.BG_Identity
error: build failed
error: unknown short option '-j'
⚠ [7587/7623] Replayed Goldbach.Compat
warning: Goldbach/Compat.lean:18:2: try 'simp' instead of 'simpa'

Note: This linter can be disabled with `set_option linter.unnecessarySimpa false`
warning: Goldbach/Compat.lean:24:40: unused variable `hb`

Note: This linter can be disabled with `set_option linter.unusedVariables false`
warning: Goldbach/Compat.lean:50:4: try 'simp' instead of 'simpa'

Note: This linter can be disabled with `set_option linter.unnecessarySimpa false`
⚠ [7589/7623] Replayed Goldbach.Windows
warning: Goldbach/Windows.lean:63:4: try 'simp' instead of 'simpa'

Note: This linter can be disabled with `set_option linter.unnecessarySimpa false`
warning: Goldbach/Windows.lean:68:2: try 'simp' instead of 'simpa'

Note: This linter can be disabled with `set_option linter.unnecessarySimpa false`
warning: Goldbach/Windows.lean:68:38: this tactic is never executed

Note: This linter can be disabled with `set_option linter.unreachableTactic false`
warning: Goldbach/Windows.lean:68:38: 'simpa using hmap' tactic does nothing

Note: This linter can be disabled with `set_option linter.unusedTactic false`
⚠ [7591/7623] Replayed Goldbach.Base.FiniteBaseDefs
warning: Goldbach/Base/FiniteBaseDefs.lean:41:17: unused variable `ha`

Note: This linter can be disabled with `set_option linter.unusedVariables false`
warning: Goldbach/Base/FiniteBaseDefs.lean:41:45: unused variable `hc`

Note: This linter can be disabled with `set_option linter.unusedVariables false`
warning: Goldbach/Base/FiniteBaseDefs.lean:42:5: unused variable `hab`

Note: This linter can be disabled with `set_option linter.unusedVariables false`
warning: Goldbach/Base/FiniteBaseDefs.lean:42:19: unused variable `hbc`

Note: This linter can be disabled with `set_option linter.unusedVariables false`
⚠ [7592/7623] Replayed Goldbach.ClosureBridge
warning: Goldbach/ClosureBridge.lean:42:41: try 'simp' instead of 'simpa'

Note: This linter can be disabled with `set_option linter.unnecessarySimpa false`
⚠ [7599/7623] Replayed Goldbach.AO_AssembleEnvelope
warning: Goldbach/AO_AssembleEnvelope.lean:67:20: try 'simp' instead of 'simpa'

Note: This linter can be disabled with `set_option linter.unnecessarySimpa false`
⚠ [7601/7623] Replayed Goldbach.AO_Major
warning: Goldbach/AO_Major.lean:21:13: unused variable `hX`

Note: This linter can be disabled with `set_option linter.unusedVariables false`
warning: Goldbach/AO_Major.lean:21:35: unused variable `hN`

Note: This linter can be disabled with `set_option linter.unusedVariables false`
warning: Goldbach/AO_Major.lean:25:24: This simp argument is unused:
  add_assoc

Hint: Omit it from the simp argument list.
  simp [Goldbach.AO_Major.errAO, Goldbach.AO_Major.weight_mass, Goldbach.AO_Core.errAO,
       ̵ ̵ ̵ ̵sub_eq_add_neg, add_a̵s̵s̵o̵c̵,̵ ̵a̵d̵d̵_̵left_comm, add_comm, mul_assoc]

Note: This linter can be disabled with `set_option linter.unusedSimpArgs false`
warning: Goldbach/AO_Major.lean:25:60: This simp argument is unused:
  mul_assoc

Hint: Omit it from the simp argument list.
  simp [Goldbach.AO_Major.errAO, Goldbach.AO_Major.weight_mass, Goldbach.AO_Core.errAO,
       ̵ ̵ ̵ ̵sub_eq_add_neg, add_assoc, add_left_comm, add_comm,̵ ̵m̵u̵l̵_̵a̵s̵s̵o̵c̵]

Note: This linter can be disabled with `set_option linter.unusedSimpArgs false`
warning: Goldbach/AO_Major.lean:46:5: unused variable `h`

Note: This linter can be disabled with `set_option linter.unusedVariables false`
warning: Goldbach/AO_Major.lean:58:24: This simp argument is unused:
  dif_pos

Hint: Omit it from the simp argument list.
  simp only [MPDF, win, d̵i̵f̵_̵p̵o̵s̵,̵ ̵mul_div_assoc']

Note: This linter can be disabled with `set_option linter.unusedSimpArgs false`
warning: Goldbach/AO_Major.lean:58:33: This simp argument is unused:
  mul_div_assoc'

Hint: Omit it from the simp argument list.
  simp only [MPDF, win, dif_pos,̵ ̵m̵u̵l̵_̵d̵i̵v̵_̵a̵s̵s̵o̵c̵'̵]

Note: This linter can be disabled with `set_option linter.unusedSimpArgs false`
warning: Goldbach/AO_Major.lean:81:69: try 'simp' instead of 'simpa'

Note: This linter can be disabled with `set_option linter.unnecessarySimpa false`
warning: Goldbach/AO_Major.lean:82:68: try 'simp' instead of 'simpa'

Note: This linter can be disabled with `set_option linter.unnecessarySimpa false`
warning: Goldbach/AO_Major.lean:83:68: try 'simp' instead of 'simpa'

Note: This linter can be disabled with `set_option linter.unnecessarySimpa false`
warning: Goldbach/AO_Major.lean:85:90: This simp argument is unused:
  add_assoc

Hint: Omit it from the simp argument list.
  simp [sub_eq_add_neg,̵ ̵a̵d̵d̵_̵a̵s̵s̵o̵c̵]

Note: This linter can be disabled with `set_option linter.unusedSimpArgs false`
warning: Goldbach/AO_Major.lean:101:24: This simp argument is unused:
  dif_pos

Hint: Omit it from the simp argument list.
  simp only [MPDF, win,̵ ̵d̵i̵f̵_̵p̵o̵s̵]

Note: This linter can be disabled with `set_option linter.unusedSimpArgs false`
⚠ [7602/7623] Replayed Goldbach.BG_Bank
warning: Goldbach/BG_Bank.lean:13:25: unused variable `n`

Note: This linter can be disabled with `set_option linter.unusedVariables false`
warning: Goldbach/BG_Bank.lean:75:4: try 'simp' instead of 'simpa'

Note: This linter can be disabled with `set_option linter.unnecessarySimpa false`
warning: Goldbach/BG_Bank.lean:75:25: this tactic is never executed

Note: This linter can be disabled with `set_option linter.unreachableTactic false`
warning: Goldbach/BG_Bank.lean:75:25: 'decide' tactic does nothing

Note: This linter can be disabled with `set_option linter.unusedTactic false`
warning: Goldbach/BG_Bank.lean:288:14: try 'simp' instead of 'simpa'

Note: This linter can be disabled with `set_option linter.unnecessarySimpa false`
warning: Goldbach/BG_Bank.lean:188:42: This simp argument is unused:
  Nat.cast_sub hn_le

Hint: Omit it from the simp argument list.
  simp only [Nat.cast_succ,̵ ̵N̵a̵t̵.̵c̵a̵s̵t̵_̵s̵u̵b̵ ̵h̵n̵_̵l̵e̵]

Note: This linter can be disabled with `set_option linter.unusedSimpArgs false`
warning: Goldbach/BG_Bank.lean:194:24: This simp argument is unused:
  abs_of_nonneg hlog_Nm_nn

Hint: Omit it from the simp argument list.
  simp [hp,̵ ̵a̵b̵s̵_̵o̵f̵_̵n̵o̵n̵n̵e̵g̵ ̵h̵l̵o̵g̵_̵N̵m̵_̵n̵n̵]

Note: This linter can be disabled with `set_option linter.unusedSimpArgs false`
warning: Goldbach/BG_Bank.lean:202:24: This simp argument is unused:
  abs_of_nonneg hlog_Np1_nn

Hint: Omit it from the simp argument list.
  simp [hp,̵ ̵a̵b̵s̵_̵o̵f̵_̵n̵o̵n̵n̵e̵g̵ ̵h̵l̵o̵g̵_̵N̵p̵1̵_̵n̵n̵]

Note: This linter can be disabled with `set_option linter.unusedSimpArgs false`
warning: Goldbach/BG_Bank.lean:218:46: This simp argument is unused:
  mul_comm

Hint: Omit it from the simp argument list.
  simp [abs_mul, mul_assoc, m̵u̵l̵_̵c̵o̵m̵m̵,̵ ̵mul_left_comm]

Note: This linter can be disabled with `set_option linter.unusedSimpArgs false`
warning: Goldbach/BG_Bank.lean:326:20: This simp argument is unused:
  hlogXabs

Hint: Omit it from the simp argument list.
  simp [h̵l̵o̵g̵X̵a̵b̵s̵,̵ ̵mul_comm, mul_left_comm, mul_assoc]

Note: This linter can be disabled with `set_option linter.unusedSimpArgs false`
warning: Goldbach/BG_Bank.lean:326:30: This simp argument is unused:
  mul_comm

Hint: Omit it from the simp argument list.
  simp [hlogXabs, m̵u̵l̵_̵c̵o̵m̵m̵,̵ ̵mul_left_comm, mul_assoc]

Note: This linter can be disabled with `set_option linter.unusedSimpArgs false`
warning: Goldbach/BG_Bank.lean:403:14: try 'simp' instead of 'simpa'

Note: This linter can be disabled with `set_option linter.unnecessarySimpa false`
warning: Goldbach/BG_Bank.lean:405:14: try 'simp' instead of 'simpa'

Note: This linter can be disabled with `set_option linter.unnecessarySimpa false`
warning: Goldbach/BG_Bank.lean:407:40: This simp argument is unused:
  add_comm

Hint: Omit it from the simp argument list.
  simp [div_self, hlogX_ne, add_c̵o̵m̵m̵,̵ ̵a̵d̵d̵_̵left_comm, add_assoc]

Note: This linter can be disabled with `set_option linter.unusedSimpArgs false`
warning: Goldbach/BG_Bank.lean:407:50: This simp argument is unused:
  add_left_comm

Hint: Omit it from the simp argument list.
  simp [div_self, hlogX_ne, add_comm, a̵d̵d̵_̵l̵e̵f̵t̵_̵c̵o̵m̵m̵,̵ ̵add_assoc]

Note: This linter can be disabled with `set_option linter.unusedSimpArgs false`
warning: Goldbach/BG_Bank.lean:407:65: This simp argument is unused:
  add_assoc

Hint: Omit it from the simp argument list.
  simp [div_self, hlogX_ne, add_comm, add_left_comm,̵ ̵a̵d̵d̵_̵a̵s̵s̵o̵c̵]

Note: This linter can be disabled with `set_option linter.unusedSimpArgs false`
warning: Goldbach/BG_Bank.lean:547:63: try 'simp' instead of 'simpa'

Note: This linter can be disabled with `set_option linter.unnecessarySimpa false`
warning: Goldbach/BG_Bank.lean:550:47: This simp argument is unused:
  add_comm

Hint: Omit it from the simp argument list.
  simp [add_div, div_self, hlogX_ne, add_c̵o̵m̵m̵,̵ ̵a̵d̵d̵_̵left_comm, add_assoc]

Note: This linter can be disabled with `set_option linter.unusedSimpArgs false`
warning: Goldbach/BG_Bank.lean:550:57: This simp argument is unused:
  add_left_comm

Hint: Omit it from the simp argument list.
  simp [add_div, div_self, hlogX_ne, add_comm, a̵d̵d̵_̵l̵e̵f̵t̵_̵c̵o̵m̵m̵,̵ ̵add_assoc]

Note: This linter can be disabled with `set_option linter.unusedSimpArgs false`
warning: Goldbach/BG_Bank.lean:550:72: This simp argument is unused:
  add_assoc

Hint: Omit it from the simp argument list.
  simp [add_div, div_self, hlogX_ne, add_comm, add_left_comm,̵ ̵a̵d̵d̵_̵a̵s̵s̵o̵c̵]

Note: This linter can be disabled with `set_option linter.unusedSimpArgs false`
warning: Goldbach/BG_Bank.lean:559:56: This simp argument is unused:
  add_left_comm

Hint: Omit it from the simp argument list.
  simp [c, Nat.cast_add, Nat.cast_one, add_assoc, a̵d̵d̵_̵l̵e̵f̵t̵_̵c̵o̵m̵m̵,̵ ̵add_comm, add_div, div_self hX0_ne]

Note: This linter can be disabled with `set_option linter.unusedSimpArgs false`
⚠ [7603/7623] Replayed Goldbach.BG_Operator
warning: Goldbach/BG_Operator.lean:31:2: try 'simp' instead of 'simpa'

Note: This linter can be disabled with `set_option linter.unnecessarySimpa false`
warning: Goldbach/BG_Operator.lean:98:2: try 'simp' instead of 'simpa'

Note: This linter can be disabled with `set_option linter.unnecessarySimpa false`
⚠ [7605/7623] Replayed Goldbach.SingularSeries
warning: Goldbach/SingularSeries.lean:40:5: unused variable `h`

Note: This linter can be disabled with `set_option linter.unusedVariables false`
warning: Goldbach/SingularSeries.lean:88:8: `Finset.eq_empty_iff_forall_not_mem` has been deprecated: Use `Finset.eq_empty_iff_forall_notMem` instead
warning: Goldbach/SingularSeries.lean:98:4: try 'simp' instead of 'simpa'

Note: This linter can be disabled with `set_option linter.unnecessarySimpa false`
warning: Goldbach/SingularSeries.lean:99:28: this tactic is never executed

Note: This linter can be disabled with `set_option linter.unreachableTactic false`
warning: Goldbach/SingularSeries.lean:99:57: this tactic is never executed

Note: This linter can be disabled with `set_option linter.unreachableTactic false`
warning: Goldbach/SingularSeries.lean:99:28: 'decide' tactic does nothing

Note: This linter can be disabled with `set_option linter.unusedTactic false`
warning: Goldbach/SingularSeries.lean:99:57: 'decide' tactic does nothing

Note: This linter can be disabled with `set_option linter.unusedTactic false`
⚠ [7607/7623] Replayed Goldbach.PPNumerics
warning: Goldbach/PPNumerics.lean:24:42: try 'simp' instead of 'simpa'

Note: This linter can be disabled with `set_option linter.unnecessarySimpa false`
warning: Goldbach/PPNumerics.lean:27:6: try 'simp' instead of 'simpa'

Note: This linter can be disabled with `set_option linter.unnecessarySimpa false`
⚠ [7608/7623] Replayed Goldbach.PPBoundSquares
warning: Goldbach/PPBoundSquares.lean:41:8: try 'simp' instead of 'simpa'

Note: This linter can be disabled with `set_option linter.unnecessarySimpa false`
warning: Goldbach/PPBoundSquares.lean:228:10: try 'simp' instead of 'simpa'

Note: This linter can be disabled with `set_option linter.unnecessarySimpa false`
⚠ [7610/7623] Replayed Goldbach.AnalyticGlobal
warning: Goldbach/AnalyticGlobal.lean:65:28: This simp argument is unused:
  one_div

Hint: Omit it from the simp argument list.
  simp [div_eq_mul_inv, o̵n̵e̵_̵d̵i̵v̵,̵ ̵mul_comm]

Note: This linter can be disabled with `set_option linter.unusedSimpArgs false`
warning: Goldbach/AnalyticGlobal.lean:68:30: This simp argument is unused:
  one_div

Hint: Omit it from the simp argument list.
  simp [div_eq_mul_inv, o̵n̵e̵_̵d̵i̵v̵,̵ ̵mul_comm]

Note: This linter can be disabled with `set_option linter.unusedSimpArgs false`
warning: Goldbach/AnalyticGlobal.lean:70:39: This simp argument is unused:
  mul_left_comm

Hint: Omit it from the simp argument list.
  simp [one_div, S_ne, mul_comm, mul_l̵e̵f̵t̵_̵c̵o̵m̵m̵,̵ ̵m̵u̵l̵_̵assoc]

Note: This linter can be disabled with `set_option linter.unusedSimpArgs false`
warning: Goldbach/AnalyticGlobal.lean:70:54: This simp argument is unused:
  mul_assoc

Hint: Omit it from the simp argument list.
  simp [one_div, S_ne, mul_comm, mul_left_comm,̵ ̵m̵u̵l̵_̵a̵s̵s̵o̵c̵]

Note: This linter can be disabled with `set_option linter.unusedSimpArgs false`
⚠ [7611/7623] Replayed Goldbach.BankPieces
warning: Goldbach/BankPieces.lean:15:63: `class ... :=` has been deprecated in favor of `class ... where`.

Note: This linter can be disabled with `set_option linter.deprecated false`
⚠ [7613/7623] Replayed Goldbach.Analytic.MajorBoundFromSigma
warning: Goldbach/Analytic/MajorBoundFromSigma.lean:21:75: `structure ... :=` has been deprecated in favor of `structure ... where`.

Note: This linter can be disabled with `set_option linter.deprecated false`
⚠ [7614/7623] Replayed Goldbach.Analytic.NumericSigma
warning: Goldbach/Analytic/NumericSigma.lean:23:32: unused variable `hX`

Note: This linter can be disabled with `set_option linter.unusedVariables false`
✖ [7620/7623] Building Goldbach.BG_Identity (63s)
trace: .> LEAN_PATH=/Users/benjaminnelson/Desktop/nerd shit/goldbach/builds/Goldbach/.lake/packages/Cli/.lake/build/lib/lean:/Users/benjaminnelson/Desktop/nerd shit/goldbach/builds/Goldbach/.lake/packages/batteries/.lake/build/lib/lean:/Users/benjaminnelson/Desktop/nerd shit/goldbach/builds/Goldbach/.lake/packages/Qq/.lake/build/lib/lean:/Users/benjaminnelson/Desktop/nerd shit/goldbach/builds/Goldbach/.lake/packages/aesop/.lake/build/lib/lean:/Users/benjaminnelson/Desktop/nerd shit/goldbach/builds/Goldbach/.lake/packages/proofwidgets/.lake/build/lib/lean:/Users/benjaminnelson/Desktop/nerd shit/goldbach/builds/Goldbach/.lake/packages/importGraph/.lake/build/lib/lean:/Users/benjaminnelson/Desktop/nerd shit/goldbach/builds/Goldbach/.lake/packages/LeanSearchClient/.lake/build/lib/lean:/Users/benjaminnelson/Desktop/nerd shit/goldbach/builds/Goldbach/.lake/packages/plausible/.lake/build/lib/lean:/Users/benjaminnelson/Desktop/nerd shit/goldbach/builds/Goldbach/.lake/packages/mathlib/.lake/build/lib/lean:/Users/benjaminnelson/Desktop/nerd shit/goldbach/builds/Goldbach/.lake/build/lib/lean /Users/benjaminnelson/.elan/toolchains/leanprover--lean4---v4.26.0-rc2/bin/lean /Users/benjaminnelson/Desktop/nerd shit/goldbach/builds/Goldbach/Goldbach/BG_Identity.lean -o /Users/benjaminnelson/Desktop/nerd shit/goldbach/builds/Goldbach/.lake/build/lib/lean/Goldbach/BG_Identity.olean -i /Users/benjaminnelson/Desktop/nerd shit/goldbach/builds/Goldbach/.lake/build/lib/lean/Goldbach/BG_Identity.ilean -c /Users/benjaminnelson/Desktop/nerd shit/goldbach/builds/Goldbach/.lake/build/ir/Goldbach/BG_Identity.c --setup /Users/benjaminnelson/Desktop/nerd shit/goldbach/builds/Goldbach/.lake/build/ir/Goldbach/BG_Identity.setup.json --json
warning: Goldbach/BG_Identity.lean:149:48: This simp argument is unused:
  add_comm

Hint: Omit it from the simp argument list.
  simp [Finset.sum_insert, hk, ih, mul_add, a̵d̵d̵_̵c̵o̵m̵m̵,̵ ̵add_left_comm, add_assoc, mul_comm, mul_left_comm,
  ̲  ̲ ̲ ̲ ̲ ̲ ̲ ̲mul_assoc]

Note: This linter can be disabled with `set_option linter.unusedSimpArgs false`
warning: Goldbach/BG_Identity.lean:149:58: This simp argument is unused:
  add_left_comm

Hint: Omit it from the simp argument list.
  simp [Finset.sum_insert, hk, ih, mul_add, add_comm, a̵d̵d̵_̵l̵e̵f̵t̵_̵c̵o̵m̵m̵,̵add_assoc, mul_comm, mul_left_comm,
  ̲  ̲ ̲ ̲ ̲ ̲ ̲ ̲mul_assoc]

Note: This linter can be disabled with `set_option linter.unusedSimpArgs false`
warning: Goldbach/BG_Identity.lean:150:12: This simp argument is unused:
  add_assoc

Hint: Omit it from the simp argument list.
  simp [Finset.sum_insert, hk, ih, mul_add, add_comm, add_left_comm, a̵d̵d̵_̵a̵s̵s̵o̵c̵,̵ ̵mul_comm, mul_left_comm,
  ̲  ̲ ̲ ̲ ̲ ̲ ̲ ̲mul_assoc]

Note: This linter can be disabled with `set_option linter.unusedSimpArgs false`
warning: Goldbach/BG_Identity.lean:150:23: This simp argument is unused:
  mul_comm

Hint: Omit it from the simp argument list.
  simp [Finset.sum_insert, hk, ih, mul_add, add_comm, add_left_comm, add_assoc, m̵u̵l̵_̵c̵o̵m̵m̵,̵ ̵mul_left_comm,
  ̲  ̲ ̲ ̲ ̲ ̲ ̲ ̲mul_assoc]

Note: This linter can be disabled with `set_option linter.unusedSimpArgs false`
warning: Goldbach/BG_Identity.lean:150:33: This simp argument is unused:
  mul_left_comm

Hint: Omit it from the simp argument list.
  simp [Finset.sum_insert, hk, ih, mul_add, add_comm, add_left_comm, add_assoc, mul_comm,
  ̲  ̲ ̲ ̲ ̲ ̲ ̲ ̲m̵u̵l̵_̵l̵e̵f̵t̵_̵c̵o̵m̵m̵,̵ ̵mul_assoc]

Note: This linter can be disabled with `set_option linter.unusedSimpArgs false`
warning: Goldbach/BG_Identity.lean:150:48: This simp argument is unused:
  mul_assoc

Hint: Omit it from the simp argument list.
  simp [Finset.sum_insert, hk, ih, mul_add, add_comm, add_left_comm, add_assoc, mul_comm,
  ̲  ̲ ̲ ̲ ̲ ̲ ̲ ̲m̵u̵l̵_̵l̵e̵f̵t̵_̵c̵o̵m̵m̵,̵ ̵m̵u̵l̵_̵a̵s̵s̵o̵c̵]̵m̲u̲l̲_̲l̲e̲f̲t̲_̲c̲o̲m̲m̲]̲

Note: This linter can be disabled with `set_option linter.unusedSimpArgs false`
error: Goldbach/BG_Identity.lean:197:76: unsolved goals
m : ℕ
hm : m ≤ Ucut
hnonneg : 0 ≤ 1 - ↑m / ↑Ucut
hmax : max (1 - ↑m / ↑Ucut) 0 = 1 - ↑m / ↑Ucut
⊢ max (1 - ↑m / (↑H + ↑((H + 99) / 100))) 0 / (↑H + ↑((H + 99) / 100)) =
    (1 - ↑m / (↑H + ↑((H + 99) / 100))) / (↑H + ↑((H + 99) / 100))
warning: Goldbach/BG_Identity.lean:204:12: This simp argument is unused:
  hU

Hint: Omit it from the simp argument list.
  simp [hU̵,̵ ̵h̵m0]

Note: This linter can be disabled with `set_option linter.unusedSimpArgs false`
warning: Goldbach/BG_Identity.lean:215:8: This simp argument is unused:
  hmax

Hint: Omit it from the simp argument list.
  simp ̵[̵h̵m̵a̵x̵]̵

Note: This linter can be disabled with `set_option linter.unusedSimpArgs false`
warning: Goldbach/BG_Identity.lean:241:10: This simp argument is unused:
  Finset.sum_insert

Hint: Omit it from the simp argument list.
  simp [̵F̵i̵n̵s̵e̵t̵.̵s̵u̵m̵_̵i̵n̵s̵e̵r̵t̵,̵ ̵h̵a̵,̵[̲h̲a̲,̲ ih, mul_add, add_comm, add_left_comm, add_assoc, mul_comm, mul_left_comm, mul_assoc]

Note: This linter can be disabled with `set_option linter.unusedSimpArgs false`
warning: Goldbach/BG_Identity.lean:241:33: This simp argument is unused:
  ih

Hint: Omit it from the simp argument list.
  simp [Finset.sum_insert, ha, i̵h̵,̵ ̵mul_add, add_comm, add_left_comm,
  ̵  ̵ ̵ ̵ ̵ ̵ ̵ ̵ ̵ ̵add_assoc, mul_comm,
  ̲  ̲ ̲ ̲ ̲ ̲mul_left_comm, mul_assoc]

Note: This linter can be disabled with `set_option linter.unusedSimpArgs false`
warning: Goldbach/BG_Identity.lean:241:56: This simp argument is unused:
  add_left_comm

Hint: Omit it from the simp argument list.
  simp [Finset.sum_insert, ha, ih, mul_add, add_comm, a̵d̵d̵_̵l̵e̵f̵t̵_̵c̵o̵m̵m̵,̵add_assoc, mul_comm, mul_left_comm,
  ̲  ̲ ̲ ̲ ̲ ̲mul_assoc]

Note: This linter can be disabled with `set_option linter.unusedSimpArgs false`
warning: Goldbach/BG_Identity.lean:242:10: This simp argument is unused:
  add_assoc

Hint: Omit it from the simp argument list.
  simp [Finset.sum_insert, ha, ih, mul_add, add_comm, add_left_comm, a̵d̵d̵_̵a̵s̵s̵o̵c̵,̵ ̵mul_comm, mul_left_comm,
  ̲  ̲ ̲ ̲ ̲ ̲mul_assoc]

Note: This linter can be disabled with `set_option linter.unusedSimpArgs false`
warning: Goldbach/BG_Identity.lean:242:31: This simp argument is unused:
  mul_left_comm

Hint: Omit it from the simp argument list.
  simp [Finset.sum_insert, ha, ih, mul_add, add_comm, add_left_comm, add_assoc, mul_comm,
  ̲  ̲ ̲ ̲ ̲ ̲m̵u̵l̵_̵l̵e̵f̵t̵_̵c̵o̵m̵m̵,̵ ̵mul_assoc]

Note: This linter can be disabled with `set_option linter.unusedSimpArgs false`
warning: Goldbach/BG_Identity.lean:242:46: This simp argument is unused:
  mul_assoc

Hint: Omit it from the simp argument list.
  simp [Finset.sum_insert, ha, ih, mul_add, add_comm, add_left_comm, add_assoc, mul_comm,
  ̲  ̲ ̲ ̲ ̲ ̲m̵u̵l̵_̵l̵e̵f̵t̵_̵c̵o̵m̵m̵,̵ ̵m̵u̵l̵_̵a̵s̵s̵o̵c̵]̵m̲u̲l̲_̲l̲e̲f̲t̲_̲c̲o̲m̲m̲]̲

Note: This linter can be disabled with `set_option linter.unusedSimpArgs false`
error: Goldbach/BG_Identity.lean:255:68: Application type mismatch: The argument
  hz_ne_pos
has type
  z ≠ ↑n.succ
but is expected to have type
  ↑n.succ ≠ z
in the application
  Ne.symm hz_ne_pos
error: Goldbach/BG_Identity.lean:256:62: Application type mismatch: The argument
  hz_ne_neg
has type
  z ≠ -↑n.succ
but is expected to have type
  -↑n.succ ≠ z
in the application
  lt_of_le_of_ne hI.left hz_ne_neg
warning: Goldbach/BG_Identity.lean:273:10: try 'simp' instead of 'simpa'

Note: This linter can be disabled with `set_option linter.unnecessarySimpa false`
warning: Goldbach/BG_Identity.lean:280:10: try 'simp' instead of 'simpa'

Note: This linter can be disabled with `set_option linter.unnecessarySimpa false`
error: Goldbach/BG_Identity.lean:263:2: unsolved goals
case h.mpr
n : ℕ
z : ℤ
hz : z ∈ Finset.Icc (-↑n) ↑n
hI : -↑n ≤ z ∧ z ≤ ↑n
hz_ne_pos : z ≠ ↑n.succ
hz_ne_neg : z ≠ -↑n.succ
hzI' : z ∈ Finset.Icc (-↑n.succ) ↑n.succ
⊢ -1 < z + ↑n ∧ z < ↑n + 1
warning: Goldbach/BG_Identity.lean:287:10: This simp argument is unused:
  Finset.mem_erase

Hint: Omit it from the simp argument list.
  simp [F̵i̵n̵s̵e̵t̵.̵m̵e̵m̵_̵e̵r̵a̵s̵e̵,̵ ̵hz_ne_pos, hz_ne_neg, hzI']

Note: This linter can be disabled with `set_option linter.unusedSimpArgs false`
warning: Goldbach/BG_Identity.lean:287:28: This simp argument is unused:
  hz_ne_pos

Hint: Omit it from the simp argument list.
  simp [Finset.mem_erase, h̵z̵_̵n̵e̵_̵p̵o̵s̵,̵ ̵hz_ne_neg, hzI']

Note: This linter can be disabled with `set_option linter.unusedSimpArgs false`
warning: Goldbach/BG_Identity.lean:287:39: This simp argument is unused:
  hz_ne_neg

Hint: Omit it from the simp argument list.
  simp [Finset.mem_erase, hz_ne_pos, hz_̵n̵e̵_̵n̵e̵g̵,̵ ̵h̵z̵I']

Note: This linter can be disabled with `set_option linter.unusedSimpArgs false`
warning: Goldbach/BG_Identity.lean:287:50: This simp argument is unused:
  hzI'

Hint: Omit it from the simp argument list.
  simp [Finset.mem_erase, hz_ne_pos, hz_ne_neg,̵ ̵h̵z̵I̵'̵]

Note: This linter can be disabled with `set_option linter.unusedSimpArgs false`
error: Goldbach/BG_Identity.lean:314:54: linarith failed to find a contradiction
case h
f : ℤ → ℝ
hEven : ∀ (z : ℤ), f (-z) = f z
n : ℕ
ih : (Finset.Icc (-↑n) ↑n).sum f = f 0 + 2 * ∑ k ∈ Finset.range n, f (Int.ofNat k.succ)
s : Finset ℤ := Finset.Icc (-↑n.succ) ↑n.succ
s0 : Finset ℤ := s.erase ↑n.succ
s1 : Finset ℤ := s0.erase (-↑n.succ)
hmem_pos : ↑n.succ ∈ s
hmem_neg : -↑n.succ ∈ s
a✝ : ↑n.succ ≤ -↑n.succ
⊢ False
failed
error: Goldbach/BG_Identity.lean:316:6: Type mismatch: After simplification, term
  hmem_neg
 has type
  -1 + -↑n ∈ s
but is expected to have type
  ¬-1 + -↑n = ↑n + 1 ∧ -1 + -↑n ∈ s
error: Goldbach/BG_Identity.lean:330:8: Type mismatch: After simplification, term
  this
 has type
  f (↑n + 1) + ∑ x ∈ Finset.Ico (-↑n + -1) (↑n + 1), f x = ∑ x ∈ Finset.Icc (-↑n + -1) (↑n + 1), f x
but is expected to have type
  ∑ x ∈ Finset.Icc (-↑n + -1) (↑n + 1), f x = f (↑n + 1) + ∑ x ∈ Finset.Ico (-↑n + -1) (↑n + 1), f x
error: Goldbach/BG_Identity.lean:333:8: Type mismatch: After simplification, term
  hstep2
 has type
  f (-↑n + -1) + ∑ x ∈ (s.erase (↑n + 1)).erase (-↑n + -1), f x = ∑ x ∈ s.erase (↑n + 1), f x
but is expected to have type
  ∑ x ∈ s.erase (↑n + 1), f x = f (-↑n + -1) + ∑ x ∈ (s.erase (↑n + 1)).erase (-↑n + -1), f x
warning: Goldbach/BG_Identity.lean:347:13: `Finset.range_succ` has been deprecated: Use `Finset.range_add_one` instead
warning: Goldbach/BG_Identity.lean:347:6: try 'simp' instead of 'simpa'

Note: This linter can be disabled with `set_option linter.unnecessarySimpa false`
info: Goldbach/BG_Identity.lean:357:58: Try this:
  [apply] ring_nf
  
  The `ring` tactic failed to close the goal. Use `ring_nf` to obtain a normal form.
    
  Note that `ring` works primarily in *commutative* rings. If you have a noncommutative ring, abelian group or module, consider using `noncomm_ring`, `abel` or `module` instead.
error: Goldbach/BG_Identity.lean:357:55: unsolved goals
f : ℤ → ℝ
hEven : ∀ (z : ℤ), f (-z) = f z
n : ℕ
ih : (Finset.Icc (-↑n) ↑n).sum f = f 0 + 2 * ∑ k ∈ Finset.range n, f (Int.ofNat k.succ)
s : Finset ℤ := Finset.Icc (-↑n.succ) ↑n.succ
s0 : Finset ℤ := s.erase ↑n.succ
s1 : Finset ℤ := s0.erase (-↑n.succ)
hmem_pos : ↑n.succ ∈ s
hmem_neg : -↑n.succ ∈ s
hmem_neg_s0 : -↑n.succ ∈ s0
hstep1 : ∑ x ∈ s.erase ↑n.succ, f x + f ↑n.succ = ∑ x ∈ s, f x
hstep2 : ∑ x ∈ s0.erase (-↑n.succ), f x + f (-↑n.succ) = ∑ x ∈ s0, f x
hs1 : s1 = Finset.Icc (-↑n) ↑n
this✝ : s.sum f = s1.sum f + f (-↑n.succ) + f ↑n.succ
this : s.sum f = (Finset.Icc (-↑n) ↑n).sum f + f ↑n.succ + f (-↑n.succ)
hIH : (Finset.Icc (-↑n) ↑n).sum f = f 0 + 2 * ∑ k ∈ Finset.range n, f (Int.ofNat k.succ)
hrange :
  ∑ k ∈ Finset.range n.succ, f (Int.ofNat k.succ) = ∑ k ∈ Finset.range n, f (Int.ofNat k.succ) + f (Int.ofNat n.succ)
⊢ f 0 + (∑ k ∈ Finset.range n, f (Int.ofNat k.succ)) * 2 + f ↑n.succ * 2 =
    f 0 + (∑ k ∈ Finset.range n, f (Int.ofNat k.succ)) * 2 + f (Int.ofNat n.succ) * 2
error: Goldbach/BG_Identity.lean:359:12: Tactic `assumption` failed

f : ℤ → ℝ
hEven : ∀ (z : ℤ), f (-z) = f z
n : ℕ
ih : (Finset.Icc (-↑n) ↑n).sum f = f 0 + 2 * ∑ k ∈ Finset.range n, f (Int.ofNat k.succ)
s : Finset ℤ := Finset.Icc (-↑n.succ) ↑n.succ
s0 : Finset ℤ := s.erase ↑n.succ
s1 : Finset ℤ := s0.erase (-↑n.succ)
hmem_pos : ↑n.succ ∈ s
hmem_neg : -↑n.succ ∈ s
hmem_neg_s0 : -↑n.succ ∈ s0
hstep1 : ∑ x ∈ s.erase ↑n.succ, f x + f ↑n.succ = ∑ x ∈ s, f x
hstep2 : ∑ x ∈ s0.erase (-↑n.succ), f x + f (-↑n.succ) = ∑ x ∈ s0, f x
hs1 : s1 = Finset.Icc (-↑n) ↑n
this✝ : s.sum f = s1.sum f + f (-↑n.succ) + f ↑n.succ
hIH : (Finset.Icc (-↑n) ↑n).sum f = f 0 + 2 * ∑ k ∈ Finset.range n, f (Int.ofNat k.succ)
hrange :
  ∑ k ∈ Finset.range n.succ, f (Int.ofNat k.succ) = ∑ k ∈ Finset.range n, f (Int.ofNat k.succ) + f (Int.ofNat n.succ)
this : s.sum f = (Finset.Icc (-↑n) ↑n).sum f + f (↑n + 1) + f (-1 + -↑n)
⊢ ∑ x ∈ Finset.range n, f (↑x + 1) + f (↑n + 1) = ∑ x ∈ Finset.range (n + 1), f (↑x + 1)
error: Goldbach/BG_Identity.lean:383:6: Type mismatch: After simplification, term
  this
 has type
  True
but is expected to have type
  ↑n + 2 = ↑n + 1 + 1 ∨ ↑n + 1 = 0
error: Goldbach/BG_Identity.lean:384:4: Tactic `assumption` failed

case succ
n : ℕ
ih : ∑ k ∈ Finset.range n, ↑k.succ = ↑n * (↑n + 1) / 2
h : ∑ x ∈ Finset.range (n + 1), ↑x.succ = ∑ x ∈ Finset.range n, ↑x.succ + ↑n.succ
h' : ∑ k ∈ Finset.range n.succ, ↑k.succ = ∑ k ∈ Finset.range n, ↑k.succ + ↑n.succ
h'' : ↑n * (↑n + 1) / 2 + ↑n.succ = ↑n.succ * (↑n.succ + 1) / 2
⊢ ∑ x ∈ Finset.range (n + 1), (↑x + 1) = (↑n + 1) * (↑n + 1 + 1) / 2
warning: Goldbach/BG_Identity.lean:480:6: declaration uses 'sorry'
warning: Goldbach/BG_Identity.lean:502:4: try 'simp' instead of 'simpa'

Note: This linter can be disabled with `set_option linter.unnecessarySimpa false`
warning: Goldbach/BG_Identity.lean:525:25: try 'simp' instead of 'simpa'

Note: This linter can be disabled with `set_option linter.unnecessarySimpa false`
warning: Goldbach/BG_Identity.lean:568:6: declaration uses 'sorry'
warning: Goldbach/BG_Identity.lean:605:15: unused variable `hX`

Note: This linter can be disabled with `set_option linter.unusedVariables false`
warning: Goldbach/BG_Identity.lean:606:5: unused variable `hN`

Note: This linter can be disabled with `set_option linter.unusedVariables false`
warning: Goldbach/BG_Identity.lean:638:5: unused variable `hk`

Note: This linter can be disabled with `set_option linter.unusedVariables false`
warning: Goldbach/BG_Identity.lean:663:28: This simp argument is unused:
  hUpos.ne'

Hint: Omit it from the simp argument list.
  s̵i̵m̵p̵ ̵[̵K̵_̵f̵u̵l̵l̵,̵ ̵K̵_̵f̵u̵l̵l̵_̵r̵a̵w̵,̵ ̵h̵U̵p̵o̵s̵.̵n̵e̵'̵]̵ ̵a̵t̵ ̵*̵s̲i̲m̲p̲ ̲[̲K̲_̲f̲u̲l̲l̲,̲
  ̲ ̲ ̲ ̲ ̲K̲_̲f̲u̲l̲l̲_̲r̲a̲w̲]̲ ̲a̲t̲ ̲*̲
  ̲ ̲ ̲ ̲ ̲ ̲ ̲-̲-̲ ̲a̲f̲t̲e̲r̲ ̲s̲i̲m̲p̲,̲ ̲g̲o̲a̲l̲ ̲b̲e̲c̲o̲m̲e̲s̲ ̲`̲0̲ ̲<̲ ̲1̲ ̲/̲ ̲(̲U̲c̲u̲t̲:̲ℝ̲)̲`̲
  ̲ ̲ ̲ ̲ ̲ ̲ ̲

Note: This linter can be disabled with `set_option linter.unusedSimpArgs false`
warning: Goldbach/BG_Identity.lean:688:5: unused variable `h`

Note: This linter can be disabled with `set_option linter.unusedVariables false`
warning: Goldbach/BG_Identity.lean:695:5: unused variable `h`

Note: This linter can be disabled with `set_option linter.unusedVariables false`
warning: Goldbach/BG_Identity.lean:711:25: unused variable `X`

Note: This linter can be disabled with `set_option linter.unusedVariables false`
warning: Goldbach/BG_Identity.lean:711:27: unused variable `N`

Note: This linter can be disabled with `set_option linter.unusedVariables false`
warning: Goldbach/BG_Identity.lean:735:5: unused variable `h`

Note: This linter can be disabled with `set_option linter.unusedVariables false`
error: Goldbach/BG_Identity.lean:749:10: Unknown identifier `Kernel.conv_ref_const_eq_sigma_mass_of`
warning: Goldbach/BG_Identity.lean:764:8: try 'simp' instead of 'simpa'

Note: This linter can be disabled with `set_option linter.unnecessarySimpa false`
warning: Goldbach/BG_Identity.lean:792:34: unused variable `hk`

Note: This linter can be disabled with `set_option linter.unusedVariables false`
warning: Goldbach/BG_Identity.lean:796:35: unused variable `hk`

Note: This linter can be disabled with `set_option linter.unusedVariables false`
error: Goldbach/BG_Identity.lean:853:20: failed to synthesize
  HMul (ℕ → ℝ) ℝ ?m.11

Hint: Additional diagnostic information may be available using the `set_option diagnostics true` command.
error: Goldbach/BG_Identity.lean:861:20: typeclass instance problem is stuck
  HMul (ℕ → ℝ) ?m.14 ℝ

Note: Lean will not try to resolve this typeclass instance problem because the second type argument to `HMul` is a metavariable. This argument must be fully determined before Lean will try to resolve the typeclass.

Hint: Adding type annotations and supplying implicit arguments to functions can give Lean more information for typeclass resolution. For example, if you have a variable `x` that you intend to be a `Nat`, but Lean reports it as having an unresolved type like `?m`, replacing `x` with `(x : Nat)` can get typeclass resolution un-stuck.
error: Goldbach/BG_Identity.lean:871:60: unsolved goals
⊢ False
error: Goldbach/BG_Identity.lean:889:58: unsolved goals
⊢ -((↑H + 99) / 100) ≤ ↑H ∧ 0 ≤ ↑H + (↑H + 99) / 100
error: Goldbach/BG_Identity.lean:911:26: Unknown constant `Int.natAbs_eq_ofNat_abs`
error: Goldbach/BG_Identity.lean:917:12: linarith failed to find a contradiction
case h
h0 : 0 ∈ bandU
z : ℤ
hz : z ∈ bandU.erase 0
hzIcc : z ∈ Finset.Icc (-↑Ucut) ↑Ucut
hz0 : z ≠ 0
this : -↑Ucut ≤ z ∧ z ≤ ↑Ucut
hle : z ≤ ↑Ucut
hneg : -↑Ucut ≤ z
hz' : ↑z.natAbs = max (-z) z
a✝ : ↑Ucut < ↑z.natAbs
⊢ False
failed
error: Goldbach/BG_Identity.lean:925:59: mod_cast has type
  ?m.225 = ?m.225
but is expected to have type
  z.natAbs = 0
error: Goldbach/BG_Identity.lean:929:12: Type mismatch
  hzabs0
has type
  z.natAbs = 0
but is expected to have type
  z.natAbs ≠ 0
error: Goldbach/BG_Identity.lean:931:17: Invalid `⟨...⟩` notation: The expected type
  z.natAbs - 1 < Ucut ∧ z = Int.ofNat (z.natAbs - 1).succ ∨ z = -Int.ofNat (z.natAbs - 1).succ
has more than one constructor

Note: This notation can only be used when the expected type is an inductive type with a single constructor
error: Goldbach/BG_Identity.lean:932:10: No goals to be solved
error: Goldbach/BG_Identity.lean:945:69: Application type mismatch: The argument
  hkpos
has type
  k < Ucut
but is expected to have type
  k ∈ Finset.range Ucut
in the application
  And.intro hkpos
error: Goldbach/BG_Identity.lean:900:6: unsolved goals
case h.mp.inr
h0 : 0 ∈ bandU
z : ℤ
hz : z ∈ bandU.erase 0
hzIcc : z ∈ Finset.Icc (-↑Ucut) ↑Ucut
hz0 : z ≠ 0
hzAbs : z.natAbs ≤ Ucut
k : ℕ
h✝ : z = -Int.ofNat k.succ
⊢ z ∈
    Finset.map { toFun := fun k => ↑k.succ, inj' := ⋯ } (Finset.range Ucut) ∪
      Finset.map { toFun := fun k => -↑k.succ, inj' := ⋯ } (Finset.range Ucut)
error: Goldbach/BG_Identity.lean:946:54: unsolved goals
h0 : 0 ∈ bandU
z : ℤ
⊢ K_full_raw (H + (H + 99) / 100) 0 = (↑H + ↑((H + 99) / 100))⁻¹
error: Goldbach/BG_Identity.lean:959:34: maximum recursion depth has been reached
use `set_option maxRecDepth <num>` to increase limit
use `set_option diagnostics true` to get diagnostic information
error: Goldbach/BG_Identity.lean:960:28: Type mismatch
  hk
has type
  k ∈ Finset.map { toFun := fun k => ↑k.succ, inj' := ⋯ } (Finset.range Ucut)
but is expected to have type
  ∀ (a₂ : ℤ) (ha₂ : a₂ ∈ Finset.map { toFun := fun k => ↑k.succ, inj' := ⋯ } (Finset.range Ucut)),
    (fun k hk => k) k hk = (fun k hk => k) a₂ ha₂ → k = a₂
error: Goldbach/BG_Identity.lean:961:14: unsolved goals
case heq
h0 : 0 ∈ bandU
z : ℤ
h0val : K_full 0 = 1 / ↑Ucut
k : ℤ
hk : k ∈ Finset.map { toFun := fun k => -↑k.succ, inj' := ⋯ } (Finset.range Ucut)
⊢ ∃ a < H + (H + 99) / 100, ↑a + 1 = k
error: Goldbach/BG_Identity.lean:962:28: Type mismatch
  hk
has type
  k ∈ Finset.map { toFun := fun k => ↑k.succ, inj' := ⋯ } (Finset.range Ucut)
but is expected to have type
  K_full k = K_full ((fun k hk => k) k hk)
error: Goldbach/BG_Identity.lean:979:68: Type mismatch: After simplification, term
  hbEq
 has type
  -1 + -↑b' = ↑a' + 1
but is expected to have type
  ↑a' + 1 = -1 + -↑b'
error: Goldbach/BG_Identity.lean:980:16: linarith failed to find a contradiction
h0 : 0 ∈ bandU
z : ℤ
h0val : K_full 0 = 1 / ↑Ucut
hpair :
  ∑ k ∈ Finset.map { toFun := fun k => ↑k.succ, inj' := ⋯ } (Finset.range Ucut), K_full k =
    ∑ k ∈ Finset.map { toFun := fun k => -↑k.succ, inj' := ⋯ } (Finset.range Ucut), K_full k
a' : ℕ
ha' : a' ∈ Finset.range Ucut
ha :
  { toFun := fun k => ↑k.succ, inj' := ⋯ } a' ∈ Finset.map { toFun := fun k => ↑k.succ, inj' := ⋯ } (Finset.range Ucut)
hb :
  { toFun := fun k => ↑k.succ, inj' := ⋯ } a' ∈ Finset.map { toFun := fun k => -↑k.succ, inj' := ⋯ } (Finset.range Ucut)
b' : ℕ
hb' : b' ∈ Finset.range Ucut
hbEq : { toFun := fun k => -↑k.succ, inj' := ⋯ } b' = { toFun := fun k => ↑k.succ, inj' := ⋯ } a'
hbPos : ↑b'.succ ≠ 0
this : ↑a'.succ = -↑b'.succ
⊢ False
failed
error: Goldbach/BG_Identity.lean:997:92: Unknown identifier `hpos`
error: Goldbach/BG_Identity.lean:999:6: 'calc' expression has type
  ∑ k ∈ bandU, K_full k = K_full 0 + 2 * ∑ k ∈ Finset.range Ucut, K_full (Int.ofNat k.succ)
but is expected to have type
  z ∈
      Finset.map { toFun := fun k => ↑k.succ, inj' := ⋯ } (Finset.range Ucut) ∪
        Finset.map { toFun := fun k => -↑k.succ, inj' := ⋯ } (Finset.range Ucut) →
    z ∈ bandU.erase 0
error: Goldbach/BG_Identity.lean:886:93: unsolved goals
h0 : 0 ∈ bandU
hpos :
  bandU.erase 0 =
    Finset.map { toFun := fun k => ↑k.succ, inj' := ⋯ } (Finset.range Ucut) ∪
      Finset.map { toFun := fun k => -↑k.succ, inj' := ⋯ } (Finset.range Ucut)
⊢ ∑ k ∈ bandU, K_full k = K_full 0 + 2 * ∑ k ∈ Finset.range Ucut, K_full (Int.ofNat k.succ)
error: Goldbach/BG_Identity.lean:1002:22: maximum recursion depth has been reached
use `set_option maxRecDepth <num>` to increase limit
use `set_option diagnostics true` to get diagnostic information
warning: Goldbach/BG_Identity.lean:1004:10: try 'simp' instead of 'simpa'

Note: This linter can be disabled with `set_option linter.unnecessarySimpa false`
warning: Goldbach/BG_Identity.lean:1023:22: `Finset.range_succ` has been deprecated: Use `Finset.range_add_one` instead
error: Goldbach/BG_Identity.lean:1021:72: unsolved goals
hsplit : ∑ k ∈ bandU, K_full k = K_full 0 + 2 * ∑ k ∈ Finset.range Ucut, K_full (Int.ofNat k.succ)
hsum1 : ∑ k ∈ Finset.range Ucut, 1 = ↑Ucut
this : ∑ i ∈ Finset.range Ucut.succ, i = Ucut.succ * (Ucut.succ - 1) / 2
⊢ H + (H + 99) / 100 + ∑ x ∈ Finset.range (H + (H + 99) / 100), x =
    ∑ x ∈ Finset.range (H + (H + 99) / 100), x + (H + (H + 99) / 100)
error: Goldbach/BG_Identity.lean:1025:10: Type mismatch: After simplification, term
  Finset.sum_range_id
 has type
  ∀ (n : ℕ), ∑ i ∈ Finset.range n, i = n * (n - 1) / 2
but is expected to have type
  ∑ i ∈ Finset.range (H + (H + 99) / 100 + 1), i = (H + (H + 99) / 100 + 1) * (H + (H + 99) / 100) / 2
error: Goldbach/BG_Identity.lean:1026:8: linarith failed to find a contradiction
case h1.h
hsplit : ∑ k ∈ bandU, K_full k = K_full 0 + 2 * ∑ k ∈ Finset.range Ucut, K_full (Int.ofNat k.succ)
hsum1 : ∑ k ∈ Finset.range Ucut, 1 = ↑Ucut
this : ∑ i ∈ Finset.range Ucut.succ, i = Ucut.succ * (Ucut.succ - 1) / 2
hrewrite : ∑ i ∈ Finset.range Ucut.succ, i = ∑ k ∈ Finset.range Ucut, k.succ
hs : ∑ i ∈ Finset.range Ucut.succ, i = Ucut.succ * Ucut / 2
a✝ : ∑ k ∈ Finset.range Ucut, k.succ < Ucut * (Ucut + 1) / 2
⊢ False
failed
error: Goldbach/BG_Identity.lean:1028:6: maximum recursion depth has been reached
use `set_option maxRecDepth <num>` to increase limit
use `set_option diagnostics true` to get diagnostic information
error: Goldbach/BG_Identity.lean:1035:16: maximum recursion depth has been reached
use `set_option maxRecDepth <num>` to increase limit
use `set_option diagnostics true` to get diagnostic information
error: Goldbach/BG_Identity.lean:1047:68: unsolved goals
hsplit : ∑ k ∈ bandU, K_full k = K_full 0 + 2 * ∑ k ∈ Finset.range Ucut, K_full (Int.ofNat k.succ)
hsum1 : ∑ k ∈ Finset.range Ucut, 1 = ↑Ucut
hsumk : ∑ k ∈ Finset.range Ucut, ↑k.succ = ↑Ucut * (↑Ucut + 1) / 2
hUpos : 0 < ↑Ucut
hUpos' : ↑Ucut ≠ 0
⊢ (↑H + ↑((H + 99) / 100) - ∑ x ∈ Finset.range (H + (H + 99) / 100), (↑x + 1) / (↑H + ↑((H + 99) / 100))) /
      (↑H + ↑((H + 99) / 100)) =
    (↑H + ↑((H + 99) / 100))⁻¹ *
      (↑H + ↑((H + 99) / 100) - ∑ x ∈ Finset.range (H + (H + 99) / 100), (↑x + 1) / (↑H + ↑((H + 99) / 100)))
info: Goldbach/BG_Identity.lean:1053:8: Try this:
  [apply] ring_nf
  
  The `ring` tactic failed to close the goal. Use `ring_nf` to obtain a normal form.
    
  Note that `ring` works primarily in *commutative* rings. If you have a noncommutative ring, abelian group or module, consider using `noncomm_ring`, `abel` or `module` instead.
error: Goldbach/BG_Identity.lean:1050:96: unsolved goals
hsplit : ∑ k ∈ bandU, K_full k = K_full 0 + 2 * ∑ k ∈ Finset.range Ucut, K_full (Int.ofNat k.succ)
hsum1 : ∑ k ∈ Finset.range Ucut, 1 = ↑Ucut
hsumk : ∑ k ∈ Finset.range Ucut, ↑k.succ = ↑Ucut * (↑Ucut + 1) / 2
hUpos : 0 < ↑Ucut
hUpos' : ↑Ucut ≠ 0
⊢ ↑Ucut * (↑Ucut)⁻¹ - (↑Ucut)⁻¹ * ∑ x ∈ Finset.range Ucut, (↑Ucut)⁻¹ * ↑x.succ =
    ↑Ucut * (↑Ucut)⁻¹ + ↑Ucut * (↑Ucut)⁻¹ ^ 2 * (-1 / 2) + ↑Ucut ^ 2 * (↑Ucut)⁻¹ ^ 2 * (-1 / 2)
info: Goldbach/BG_Identity.lean:1055:33: Try this:
  [apply] ring_nf
  
  The `ring` tactic failed to close the goal. Use `ring_nf` to obtain a normal form.
    
  Note that `ring` works primarily in *commutative* rings. If you have a noncommutative ring, abelian group or module, consider using `noncomm_ring`, `abel` or `module` instead.
error: Goldbach/BG_Identity.lean:1054:34: unsolved goals
hsplit : ∑ k ∈ bandU, K_full k = K_full 0 + 2 * ∑ k ∈ Finset.range Ucut, K_full (Int.ofNat k.succ)
hsum1 : ∑ k ∈ Finset.range Ucut, 1 = ↑Ucut
hsumk : ∑ k ∈ Finset.range Ucut, ↑k.succ = ↑Ucut * (↑Ucut + 1) / 2
hUpos : 0 < ↑Ucut
⊢ -1 + ↑Ucut = -↑Ucut + ↑Ucut ^ 2
error: Goldbach/BG_Identity.lean:1064:58: unsolved goals
hsplit : ∑ k ∈ bandU, K_full k = K_full 0 + 2 * ∑ k ∈ Finset.range Ucut, K_full (Int.ofNat k.succ)
hpos_eval : ∑ k ∈ Finset.range Ucut, K_full (Int.ofNat k.succ) = (↑Ucut - 1) / 2
hUpos : ↑Ucut ≠ 0
this : ∑ k ∈ bandU, K_full k = K_full 0 + 2 * ∑ k ∈ Finset.range Ucut, K_full (Int.ofNat k.succ)
⊢ K_full_raw (H + (H + 99) / 100) 0 = (↑H + ↑((H + 99) / 100))⁻¹
info: Goldbach/BG_Identity.lean:1073:6: Try this:
  [apply] ring_nf
  
  The `ring` tactic failed to close the goal. Use `ring_nf` to obtain a normal form.
    
  Note that `ring` works primarily in *commutative* rings. If you have a noncommutative ring, abelian group or module, consider using `noncomm_ring`, `abel` or `module` instead.
error: Goldbach/BG_Identity.lean:1067:13: unsolved goals
hsplit : ∑ k ∈ bandU, K_full k = K_full 0 + 2 * ∑ k ∈ Finset.range Ucut, K_full (Int.ofNat k.succ)
hpos_eval : ∑ k ∈ Finset.range Ucut, K_full (Int.ofNat k.succ) = (↑Ucut - 1) / 2
hUpos hUpos' : ↑Ucut ≠ 0
hUpos'' : 0 < ↑Ucut
⊢ 1 - ↑Ucut + ↑Ucut ^ 2 = ↑Ucut
warning: Goldbach/BG_Identity.lean:890:14: This simp argument is unused:
  bandU

Hint: Omit it from the simp argument list.
  simp ̵[̵b̵a̵n̵d̵U̵]̵

Note: This linter can be disabled with `set_option linter.unusedSimpArgs false`
warning: Goldbach/BG_Identity.lean:1049:14: This simp argument is unused:
  Finset.sum_mul

Hint: Omit it from the simp argument list.
  simp [F̵i̵n̵s̵e̵t̵.̵s̵u̵m̵_̵m̵u̵l̵,̵ ̵hUpos']

Note: This linter can be disabled with `set_option linter.unusedSimpArgs false`
warning: Goldbach/BG_Identity.lean:1049:30: This simp argument is unused:
  hUpos'

Hint: Omit it from the simp argument list.
  simp [Finset.sum_mul,̵ ̵h̵U̵p̵o̵s̵'̵]

Note: This linter can be disabled with `set_option linter.unusedSimpArgs false`
warning: Goldbach/BG_Identity.lean:1052:43: This simp argument is unused:
  Finset.sum_div

Hint: Omit it from the simp argument list.
  simp only [Finset.sum_sub_distrib, F̵i̵n̵s̵e̵t̵.̵s̵u̵m̵_̵d̵i̵v̵,̵ ̵hsum1, hsumk]

Note: This linter can be disabled with `set_option linter.unusedSimpArgs false`
warning: Goldbach/BG_Identity.lean:1052:66: This simp argument is unused:
  hsumk

Hint: Omit it from the simp argument list.
  simp only [Finset.sum_sub_distrib, Finset.sum_div, hsum1,̵ ̵h̵s̵u̵m̵k̵]

Note: This linter can be disabled with `set_option linter.unusedSimpArgs false`
warning: Goldbach/BG_Identity.lean:1128:5: unused variable `h`

Note: This linter can be disabled with `set_option linter.unusedVariables false`
error: Goldbach/BG_Identity.lean:1155:6: Tactic `simp` failed with a nested error:
maximum recursion depth has been reached
use `set_option maxRecDepth <num>` to increase limit
use `set_option diagnostics true` to get diagnostic information
warning: Goldbach/BG_Identity.lean:1175:54: try 'simp' instead of 'simpa'

Note: This linter can be disabled with `set_option linter.unnecessarySimpa false`
error: Goldbach/BG_Identity.lean:1190:14: Type mismatch: After simplification, term
  Finset.mem_Icc.mpr hkIcc_pair
 has type
  -↑H ≤ k ∧ k ≤ ↑H
but is expected to have type
  k ∈ BG_Bank.S_BG
error: Goldbach/BG_Identity.lean:1192:53: Type mismatch: After simplification, term
  hk
 has type
  k ∈ BG_Bank.S_BG
but is expected to have type
  -↑H ≤ k ∧ k ≤ ↑H
warning: Goldbach/BG_Identity.lean:1195:6: try 'simp' instead of 'simpa'

Note: This linter can be disabled with `set_option linter.unnecessarySimpa false`
error: Goldbach/BG_Identity.lean:1252:16: maximum recursion depth has been reached
use `set_option maxRecDepth <num>` to increase limit
use `set_option diagnostics true` to get diagnostic information
error: Goldbach/BG_Identity.lean:1269:18: maximum recursion depth has been reached
use `set_option maxRecDepth <num>` to increase limit
use `set_option diagnostics true` to get diagnostic information
error: Goldbach/BG_Identity.lean:1281:16: No goals to be solved
error: Goldbach/BG_Identity.lean:1293:4: maximum recursion depth has been reached
use `set_option maxRecDepth <num>` to increase limit
use `set_option diagnostics true` to get diagnostic information
error: Goldbach/BG_Identity.lean:1311:12: maximum recursion depth has been reached
use `set_option maxRecDepth <num>` to increase limit
use `set_option diagnostics true` to get diagnostic information
error: Goldbach/BG_Identity.lean:1317:12: maximum recursion depth has been reached
use `set_option maxRecDepth <num>` to increase limit
use `set_option diagnostics true` to get diagnostic information
error: Goldbach/BG_Identity.lean:1318:2: maximum recursion depth has been reached
use `set_option maxRecDepth <num>` to increase limit
use `set_option diagnostics true` to get diagnostic information
warning: Goldbach/BG_Identity.lean:1251:64: This simp argument is unused:
  mul_left_comm

Hint: Omit it from the simp argument list.
  simp [div_eq_mul_inv, mul_comm, mul_l̵e̵f̵t̵_̵c̵o̵m̵m̵,̵ ̵m̵u̵l̵_̵assoc]

Note: This linter can be disabled with `set_option linter.unusedSimpArgs false`
warning: Goldbach/BG_Identity.lean:1251:79: This simp argument is unused:
  mul_assoc

Hint: Omit it from the simp argument list.
  simp [div_eq_mul_inv, mul_comm, mul_left_comm,̵ ̵m̵u̵l̵_̵a̵s̵s̵o̵c̵]

Note: This linter can be disabled with `set_option linter.unusedSimpArgs false`
warning: Goldbach/BG_Identity.lean:1320:6: declaration uses 'sorry'
error: Goldbach/BG_Identity.lean:1366:21: maximum recursion depth has been reached
use `set_option maxRecDepth <num>` to increase limit
use `set_option diagnostics true` to get diagnostic information
warning: Goldbach/BG_Identity.lean:1394:28: unused variable `X`

Note: This linter can be disabled with `set_option linter.unusedVariables false`
warning: Goldbach/BG_Identity.lean:1394:30: unused variable `N`

Note: This linter can be disabled with `set_option linter.unusedVariables false`
warning: Goldbach/BG_Identity.lean:1395:28: unused variable `X`

Note: This linter can be disabled with `set_option linter.unusedVariables false`
warning: Goldbach/BG_Identity.lean:1395:30: unused variable `N`

Note: This linter can be disabled with `set_option linter.unusedVariables false`
error: Goldbach/BG_Identity.lean:1421:21: maximum recursion depth has been reached
use `set_option maxRecDepth <num>` to increase limit
use `set_option diagnostics true` to get diagnostic information
error: Goldbach/BG_Identity.lean:1520:0: Unexpected name `BG_Identity` after `end`: The current section is unnamed

Hint: Delete the name `BG_Identity` to end the current unnamed scope; outer named scopes can then be closed using additional `end` command(s):
  end ̵B̵G̵_̵I̵d̵e̵n̵t̵i̵t̵y̵
error: Goldbach/BG_Identity.lean:1521:0: Unexpected name `Goldbach` after `end`: The current section is unnamed

Hint: Delete the name `Goldbach` to end the current unnamed scope; outer named scopes can then be closed using additional `end` command(s):
  end ̵G̵o̵l̵d̵b̵a̵c̵h̵
error: Lean exited with code 1
Some required targets logged failures:
- Goldbach.BG_Identity
error: build failed
⚠ [7587/7613] Replayed Goldbach.Compat
warning: Goldbach/Compat.lean:18:2: try 'simp' instead of 'simpa'

Note: This linter can be disabled with `set_option linter.unnecessarySimpa false`
warning: Goldbach/Compat.lean:24:40: unused variable `hb`

Note: This linter can be disabled with `set_option linter.unusedVariables false`
warning: Goldbach/Compat.lean:50:4: try 'simp' instead of 'simpa'

Note: This linter can be disabled with `set_option linter.unnecessarySimpa false`
⚠ [7590/7613] Replayed Goldbach.Windows
warning: Goldbach/Windows.lean:63:4: try 'simp' instead of 'simpa'

Note: This linter can be disabled with `set_option linter.unnecessarySimpa false`
warning: Goldbach/Windows.lean:68:2: try 'simp' instead of 'simpa'

Note: This linter can be disabled with `set_option linter.unnecessarySimpa false`
warning: Goldbach/Windows.lean:68:38: this tactic is never executed

Note: This linter can be disabled with `set_option linter.unreachableTactic false`
warning: Goldbach/Windows.lean:68:38: 'simpa using hmap' tactic does nothing

Note: This linter can be disabled with `set_option linter.unusedTactic false`
⚠ [7595/7613] Replayed Goldbach.AO_AssembleEnvelope
warning: Goldbach/AO_AssembleEnvelope.lean:67:20: try 'simp' instead of 'simpa'

Note: This linter can be disabled with `set_option linter.unnecessarySimpa false`
⚠ [7597/7613] Replayed Goldbach.AO_Major
warning: Goldbach/AO_Major.lean:21:13: unused variable `hX`

Note: This linter can be disabled with `set_option linter.unusedVariables false`
warning: Goldbach/AO_Major.lean:21:35: unused variable `hN`

Note: This linter can be disabled with `set_option linter.unusedVariables false`
warning: Goldbach/AO_Major.lean:25:24: This simp argument is unused:
  add_assoc

Hint: Omit it from the simp argument list.
  simp [Goldbach.AO_Major.errAO, Goldbach.AO_Major.weight_mass, Goldbach.AO_Core.errAO,
       ̵ ̵ ̵ ̵sub_eq_add_neg, add_a̵s̵s̵o̵c̵,̵ ̵a̵d̵d̵_̵left_comm, add_comm, mul_assoc]

Note: This linter can be disabled with `set_option linter.unusedSimpArgs false`
warning: Goldbach/AO_Major.lean:25:60: This simp argument is unused:
  mul_assoc

Hint: Omit it from the simp argument list.
  simp [Goldbach.AO_Major.errAO, Goldbach.AO_Major.weight_mass, Goldbach.AO_Core.errAO,
       ̵ ̵ ̵ ̵sub_eq_add_neg, add_assoc, add_left_comm, add_comm,̵ ̵m̵u̵l̵_̵a̵s̵s̵o̵c̵]

Note: This linter can be disabled with `set_option linter.unusedSimpArgs false`
warning: Goldbach/AO_Major.lean:46:5: unused variable `h`

Note: This linter can be disabled with `set_option linter.unusedVariables false`
warning: Goldbach/AO_Major.lean:58:24: This simp argument is unused:
  dif_pos

Hint: Omit it from the simp argument list.
  simp only [MPDF, win, d̵i̵f̵_̵p̵o̵s̵,̵ ̵mul_div_assoc']

Note: This linter can be disabled with `set_option linter.unusedSimpArgs false`
warning: Goldbach/AO_Major.lean:58:33: This simp argument is unused:
  mul_div_assoc'

Hint: Omit it from the simp argument list.
  simp only [MPDF, win, dif_pos,̵ ̵m̵u̵l̵_̵d̵i̵v̵_̵a̵s̵s̵o̵c̵'̵]

Note: This linter can be disabled with `set_option linter.unusedSimpArgs false`
warning: Goldbach/AO_Major.lean:81:69: try 'simp' instead of 'simpa'

Note: This linter can be disabled with `set_option linter.unnecessarySimpa false`
warning: Goldbach/AO_Major.lean:82:68: try 'simp' instead of 'simpa'

Note: This linter can be disabled with `set_option linter.unnecessarySimpa false`
warning: Goldbach/AO_Major.lean:83:68: try 'simp' instead of 'simpa'

Note: This linter can be disabled with `set_option linter.unnecessarySimpa false`
warning: Goldbach/AO_Major.lean:85:90: This simp argument is unused:
  add_assoc

Hint: Omit it from the simp argument list.
  simp [sub_eq_add_neg,̵ ̵a̵d̵d̵_̵a̵s̵s̵o̵c̵]

Note: This linter can be disabled with `set_option linter.unusedSimpArgs false`
warning: Goldbach/AO_Major.lean:101:24: This simp argument is unused:
  dif_pos

Hint: Omit it from the simp argument list.
  simp only [MPDF, win,̵ ̵d̵i̵f̵_̵p̵o̵s̵]

Note: This linter can be disabled with `set_option linter.unusedSimpArgs false`
⚠ [7599/7613] Replayed Goldbach.BG_Bank
warning: Goldbach/BG_Bank.lean:13:25: unused variable `n`

Note: This linter can be disabled with `set_option linter.unusedVariables false`
warning: Goldbach/BG_Bank.lean:75:4: try 'simp' instead of 'simpa'

Note: This linter can be disabled with `set_option linter.unnecessarySimpa false`
warning: Goldbach/BG_Bank.lean:75:25: this tactic is never executed

Note: This linter can be disabled with `set_option linter.unreachableTactic false`
warning: Goldbach/BG_Bank.lean:75:25: 'decide' tactic does nothing

Note: This linter can be disabled with `set_option linter.unusedTactic false`
warning: Goldbach/BG_Bank.lean:288:14: try 'simp' instead of 'simpa'

Note: This linter can be disabled with `set_option linter.unnecessarySimpa false`
warning: Goldbach/BG_Bank.lean:188:42: This simp argument is unused:
  Nat.cast_sub hn_le

Hint: Omit it from the simp argument list.
  simp only [Nat.cast_succ,̵ ̵N̵a̵t̵.̵c̵a̵s̵t̵_̵s̵u̵b̵ ̵h̵n̵_̵l̵e̵]

Note: This linter can be disabled with `set_option linter.unusedSimpArgs false`
warning: Goldbach/BG_Bank.lean:194:24: This simp argument is unused:
  abs_of_nonneg hlog_Nm_nn

Hint: Omit it from the simp argument list.
  simp [hp,̵ ̵a̵b̵s̵_̵o̵f̵_̵n̵o̵n̵n̵e̵g̵ ̵h̵l̵o̵g̵_̵N̵m̵_̵n̵n̵]

Note: This linter can be disabled with `set_option linter.unusedSimpArgs false`
warning: Goldbach/BG_Bank.lean:202:24: This simp argument is unused:
  abs_of_nonneg hlog_Np1_nn

Hint: Omit it from the simp argument list.
  simp [hp,̵ ̵a̵b̵s̵_̵o̵f̵_̵n̵o̵n̵n̵e̵g̵ ̵h̵l̵o̵g̵_̵N̵p̵1̵_̵n̵n̵]

Note: This linter can be disabled with `set_option linter.unusedSimpArgs false`
warning: Goldbach/BG_Bank.lean:218:46: This simp argument is unused:
  mul_comm

Hint: Omit it from the simp argument list.
  simp [abs_mul, mul_assoc, m̵u̵l̵_̵c̵o̵m̵m̵,̵ ̵mul_left_comm]

Note: This linter can be disabled with `set_option linter.unusedSimpArgs false`
warning: Goldbach/BG_Bank.lean:326:20: This simp argument is unused:
  hlogXabs

Hint: Omit it from the simp argument list.
  simp [h̵l̵o̵g̵X̵a̵b̵s̵,̵ ̵mul_comm, mul_left_comm, mul_assoc]

Note: This linter can be disabled with `set_option linter.unusedSimpArgs false`
warning: Goldbach/BG_Bank.lean:326:30: This simp argument is unused:
  mul_comm

Hint: Omit it from the simp argument list.
  simp [hlogXabs, m̵u̵l̵_̵c̵o̵m̵m̵,̵ ̵mul_left_comm, mul_assoc]

Note: This linter can be disabled with `set_option linter.unusedSimpArgs false`
warning: Goldbach/BG_Bank.lean:403:14: try 'simp' instead of 'simpa'

Note: This linter can be disabled with `set_option linter.unnecessarySimpa false`
warning: Goldbach/BG_Bank.lean:405:14: try 'simp' instead of 'simpa'

Note: This linter can be disabled with `set_option linter.unnecessarySimpa false`
warning: Goldbach/BG_Bank.lean:407:40: This simp argument is unused:
  add_comm

Hint: Omit it from the simp argument list.
  simp [div_self, hlogX_ne, add_c̵o̵m̵m̵,̵ ̵a̵d̵d̵_̵left_comm, add_assoc]

Note: This linter can be disabled with `set_option linter.unusedSimpArgs false`
warning: Goldbach/BG_Bank.lean:407:50: This simp argument is unused:
  add_left_comm

Hint: Omit it from the simp argument list.
  simp [div_self, hlogX_ne, add_comm, a̵d̵d̵_̵l̵e̵f̵t̵_̵c̵o̵m̵m̵,̵ ̵add_assoc]

Note: This linter can be disabled with `set_option linter.unusedSimpArgs false`
warning: Goldbach/BG_Bank.lean:407:65: This simp argument is unused:
  add_assoc

Hint: Omit it from the simp argument list.
  simp [div_self, hlogX_ne, add_comm, add_left_comm,̵ ̵a̵d̵d̵_̵a̵s̵s̵o̵c̵]

Note: This linter can be disabled with `set_option linter.unusedSimpArgs false`
warning: Goldbach/BG_Bank.lean:547:63: try 'simp' instead of 'simpa'

Note: This linter can be disabled with `set_option linter.unnecessarySimpa false`
warning: Goldbach/BG_Bank.lean:550:47: This simp argument is unused:
  add_comm

Hint: Omit it from the simp argument list.
  simp [add_div, div_self, hlogX_ne, add_c̵o̵m̵m̵,̵ ̵a̵d̵d̵_̵left_comm, add_assoc]

Note: This linter can be disabled with `set_option linter.unusedSimpArgs false`
warning: Goldbach/BG_Bank.lean:550:57: This simp argument is unused:
  add_left_comm

Hint: Omit it from the simp argument list.
  simp [add_div, div_self, hlogX_ne, add_comm, a̵d̵d̵_̵l̵e̵f̵t̵_̵c̵o̵m̵m̵,̵ ̵add_assoc]

Note: This linter can be disabled with `set_option linter.unusedSimpArgs false`
warning: Goldbach/BG_Bank.lean:550:72: This simp argument is unused:
  add_assoc

Hint: Omit it from the simp argument list.
  simp [add_div, div_self, hlogX_ne, add_comm, add_left_comm,̵ ̵a̵d̵d̵_̵a̵s̵s̵o̵c̵]

Note: This linter can be disabled with `set_option linter.unusedSimpArgs false`
warning: Goldbach/BG_Bank.lean:559:56: This simp argument is unused:
  add_left_comm

Hint: Omit it from the simp argument list.
  simp [c, Nat.cast_add, Nat.cast_one, add_assoc, a̵d̵d̵_̵l̵e̵f̵t̵_̵c̵o̵m̵m̵,̵ ̵add_comm, add_div, div_self hX0_ne]

Note: This linter can be disabled with `set_option linter.unusedSimpArgs false`
⚠ [7600/7613] Replayed Goldbach.BG_Operator
warning: Goldbach/BG_Operator.lean:31:2: try 'simp' instead of 'simpa'

Note: This linter can be disabled with `set_option linter.unnecessarySimpa false`
warning: Goldbach/BG_Operator.lean:98:2: try 'simp' instead of 'simpa'

Note: This linter can be disabled with `set_option linter.unnecessarySimpa false`
⚠ [7602/7613] Replayed Goldbach.SingularSeries
warning: Goldbach/SingularSeries.lean:40:5: unused variable `h`

Note: This linter can be disabled with `set_option linter.unusedVariables false`
warning: Goldbach/SingularSeries.lean:88:8: `Finset.eq_empty_iff_forall_not_mem` has been deprecated: Use `Finset.eq_empty_iff_forall_notMem` instead
warning: Goldbach/SingularSeries.lean:98:4: try 'simp' instead of 'simpa'

Note: This linter can be disabled with `set_option linter.unnecessarySimpa false`
warning: Goldbach/SingularSeries.lean:99:28: this tactic is never executed

Note: This linter can be disabled with `set_option linter.unreachableTactic false`
warning: Goldbach/SingularSeries.lean:99:57: this tactic is never executed

Note: This linter can be disabled with `set_option linter.unreachableTactic false`
warning: Goldbach/SingularSeries.lean:99:28: 'decide' tactic does nothing

Note: This linter can be disabled with `set_option linter.unusedTactic false`
warning: Goldbach/SingularSeries.lean:99:57: 'decide' tactic does nothing

Note: This linter can be disabled with `set_option linter.unusedTactic false`
⚠ [7604/7613] Replayed Goldbach.PPNumerics
warning: Goldbach/PPNumerics.lean:24:42: try 'simp' instead of 'simpa'

Note: This linter can be disabled with `set_option linter.unnecessarySimpa false`
warning: Goldbach/PPNumerics.lean:27:6: try 'simp' instead of 'simpa'

Note: This linter can be disabled with `set_option linter.unnecessarySimpa false`
⚠ [7605/7613] Replayed Goldbach.PPBoundSquares
warning: Goldbach/PPBoundSquares.lean:41:8: try 'simp' instead of 'simpa'

Note: This linter can be disabled with `set_option linter.unnecessarySimpa false`
warning: Goldbach/PPBoundSquares.lean:228:10: try 'simp' instead of 'simpa'

Note: This linter can be disabled with `set_option linter.unnecessarySimpa false`
⚠ [7607/7613] Replayed Goldbach.AnalyticGlobal
warning: Goldbach/AnalyticGlobal.lean:65:28: This simp argument is unused:
  one_div

Hint: Omit it from the simp argument list.
  simp [div_eq_mul_inv, o̵n̵e̵_̵d̵i̵v̵,̵ ̵mul_comm]

Note: This linter can be disabled with `set_option linter.unusedSimpArgs false`
warning: Goldbach/AnalyticGlobal.lean:68:30: This simp argument is unused:
  one_div

Hint: Omit it from the simp argument list.
  simp [div_eq_mul_inv, o̵n̵e̵_̵d̵i̵v̵,̵ ̵mul_comm]

Note: This linter can be disabled with `set_option linter.unusedSimpArgs false`
warning: Goldbach/AnalyticGlobal.lean:70:39: This simp argument is unused:
  mul_left_comm

Hint: Omit it from the simp argument list.
  simp [one_div, S_ne, mul_comm, mul_l̵e̵f̵t̵_̵c̵o̵m̵m̵,̵ ̵m̵u̵l̵_̵assoc]

Note: This linter can be disabled with `set_option linter.unusedSimpArgs false`
warning: Goldbach/AnalyticGlobal.lean:70:54: This simp argument is unused:
  mul_assoc

Hint: Omit it from the simp argument list.
  simp [one_div, S_ne, mul_comm, mul_left_comm,̵ ̵m̵u̵l̵_̵a̵s̵s̵o̵c̵]

Note: This linter can be disabled with `set_option linter.unusedSimpArgs false`
⚠ [7608/7613] Replayed Goldbach.BankPieces
warning: Goldbach/BankPieces.lean:15:63: `class ... :=` has been deprecated in favor of `class ... where`.

Note: This linter can be disabled with `set_option linter.deprecated false`
⚠ [7610/7613] Replayed Goldbach.Analytic.MajorBoundFromSigma
warning: Goldbach/Analytic/MajorBoundFromSigma.lean:21:75: `structure ... :=` has been deprecated in favor of `structure ... where`.

Note: This linter can be disabled with `set_option linter.deprecated false`
⚠ [7611/7613] Replayed Goldbach.Analytic.NumericSigma
warning: Goldbach/Analytic/NumericSigma.lean:23:32: unused variable `hX`

Note: This linter can be disabled with `set_option linter.unusedVariables false`
✖ [7613/7613] Building Goldbach.BG_Identity (54s)
trace: .> LEAN_PATH=/Users/benjaminnelson/Desktop/nerd shit/goldbach/builds/Goldbach/.lake/packages/Cli/.lake/build/lib/lean:/Users/benjaminnelson/Desktop/nerd shit/goldbach/builds/Goldbach/.lake/packages/batteries/.lake/build/lib/lean:/Users/benjaminnelson/Desktop/nerd shit/goldbach/builds/Goldbach/.lake/packages/Qq/.lake/build/lib/lean:/Users/benjaminnelson/Desktop/nerd shit/goldbach/builds/Goldbach/.lake/packages/aesop/.lake/build/lib/lean:/Users/benjaminnelson/Desktop/nerd shit/goldbach/builds/Goldbach/.lake/packages/proofwidgets/.lake/build/lib/lean:/Users/benjaminnelson/Desktop/nerd shit/goldbach/builds/Goldbach/.lake/packages/importGraph/.lake/build/lib/lean:/Users/benjaminnelson/Desktop/nerd shit/goldbach/builds/Goldbach/.lake/packages/LeanSearchClient/.lake/build/lib/lean:/Users/benjaminnelson/Desktop/nerd shit/goldbach/builds/Goldbach/.lake/packages/plausible/.lake/build/lib/lean:/Users/benjaminnelson/Desktop/nerd shit/goldbach/builds/Goldbach/.lake/packages/mathlib/.lake/build/lib/lean:/Users/benjaminnelson/Desktop/nerd shit/goldbach/builds/Goldbach/.lake/build/lib/lean /Users/benjaminnelson/.elan/toolchains/leanprover--lean4---v4.26.0-rc2/bin/lean /Users/benjaminnelson/Desktop/nerd shit/goldbach/builds/Goldbach/Goldbach/BG_Identity.lean -o /Users/benjaminnelson/Desktop/nerd shit/goldbach/builds/Goldbach/.lake/build/lib/lean/Goldbach/BG_Identity.olean -i /Users/benjaminnelson/Desktop/nerd shit/goldbach/builds/Goldbach/.lake/build/lib/lean/Goldbach/BG_Identity.ilean -c /Users/benjaminnelson/Desktop/nerd shit/goldbach/builds/Goldbach/.lake/build/ir/Goldbach/BG_Identity.c --setup /Users/benjaminnelson/Desktop/nerd shit/goldbach/builds/Goldbach/.lake/build/ir/Goldbach/BG_Identity.setup.json --json
warning: Goldbach/BG_Identity.lean:149:48: This simp argument is unused:
  add_comm

Hint: Omit it from the simp argument list.
  simp [Finset.sum_insert, hk, ih, mul_add, a̵d̵d̵_̵c̵o̵m̵m̵,̵ ̵add_left_comm, add_assoc, mul_comm, mul_left_comm,
  ̲  ̲ ̲ ̲ ̲ ̲ ̲ ̲mul_assoc]

Note: This linter can be disabled with `set_option linter.unusedSimpArgs false`
warning: Goldbach/BG_Identity.lean:149:58: This simp argument is unused:
  add_left_comm

Hint: Omit it from the simp argument list.
  simp [Finset.sum_insert, hk, ih, mul_add, add_comm, a̵d̵d̵_̵l̵e̵f̵t̵_̵c̵o̵m̵m̵,̵add_assoc, mul_comm, mul_left_comm,
  ̲  ̲ ̲ ̲ ̲ ̲ ̲ ̲mul_assoc]

Note: This linter can be disabled with `set_option linter.unusedSimpArgs false`
warning: Goldbach/BG_Identity.lean:150:12: This simp argument is unused:
  add_assoc

Hint: Omit it from the simp argument list.
  simp [Finset.sum_insert, hk, ih, mul_add, add_comm, add_left_comm, a̵d̵d̵_̵a̵s̵s̵o̵c̵,̵ ̵mul_comm, mul_left_comm,
  ̲  ̲ ̲ ̲ ̲ ̲ ̲ ̲mul_assoc]

Note: This linter can be disabled with `set_option linter.unusedSimpArgs false`
warning: Goldbach/BG_Identity.lean:150:23: This simp argument is unused:
  mul_comm

Hint: Omit it from the simp argument list.
  simp [Finset.sum_insert, hk, ih, mul_add, add_comm, add_left_comm, add_assoc, m̵u̵l̵_̵c̵o̵m̵m̵,̵ ̵mul_left_comm,
  ̲  ̲ ̲ ̲ ̲ ̲ ̲ ̲mul_assoc]

Note: This linter can be disabled with `set_option linter.unusedSimpArgs false`
warning: Goldbach/BG_Identity.lean:150:33: This simp argument is unused:
  mul_left_comm

Hint: Omit it from the simp argument list.
  simp [Finset.sum_insert, hk, ih, mul_add, add_comm, add_left_comm, add_assoc, mul_comm,
  ̲  ̲ ̲ ̲ ̲ ̲ ̲ ̲m̵u̵l̵_̵l̵e̵f̵t̵_̵c̵o̵m̵m̵,̵ ̵mul_assoc]

Note: This linter can be disabled with `set_option linter.unusedSimpArgs false`
warning: Goldbach/BG_Identity.lean:150:48: This simp argument is unused:
  mul_assoc

Hint: Omit it from the simp argument list.
  simp [Finset.sum_insert, hk, ih, mul_add, add_comm, add_left_comm, add_assoc, mul_comm,
  ̲  ̲ ̲ ̲ ̲ ̲ ̲ ̲m̵u̵l̵_̵l̵e̵f̵t̵_̵c̵o̵m̵m̵,̵ ̵m̵u̵l̵_̵a̵s̵s̵o̵c̵]̵m̲u̲l̲_̲l̲e̲f̲t̲_̲c̲o̲m̲m̲]̲

Note: This linter can be disabled with `set_option linter.unusedSimpArgs false`
error: Goldbach/BG_Identity.lean:219:15: Unknown constant `Int.natAbs_ofNat`
error: Goldbach/BG_Identity.lean:220:21: Unknown constant `Int.natAbs_ofNat`
error: Goldbach/BG_Identity.lean:197:76: unsolved goals
m : ℕ
hm : m ≤ Ucut
hnonneg : 0 ≤ 1 - ↑m / ↑Ucut
hmax : max (1 - ↑m / ↑Ucut) 0 = 1 - ↑m / ↑Ucut
hbranch : max (1 - ↑(Int.ofNat m).natAbs / ↑Ucut) 0 = 1 - ↑(Int.ofNat m).natAbs / ↑Ucut
⊢ max (1 - ↑m / (↑H + ↑((H + 99) / 100))) 0 / (↑H + ↑((H + 99) / 100)) =
    (1 - ↑m / (↑H + ↑((H + 99) / 100))) / (↑H + ↑((H + 99) / 100))
warning: Goldbach/BG_Identity.lean:204:12: This simp argument is unused:
  hU

Hint: Omit it from the simp argument list.
  simp [hU̵,̵ ̵h̵m0]

Note: This linter can be disabled with `set_option linter.unusedSimpArgs false`
warning: Goldbach/BG_Identity.lean:220:8: This simp argument is unused:
  hbranch

Hint: Omit it from the simp argument list.
  simp [h̵b̵r̵a̵n̵c̵h̵,̵ ̵Int.natAbs_ofNat]

Note: This linter can be disabled with `set_option linter.unusedSimpArgs false`
warning: Goldbach/BG_Identity.lean:246:10: This simp argument is unused:
  Finset.sum_insert

Hint: Omit it from the simp argument list.
  simp [̵F̵i̵n̵s̵e̵t̵.̵s̵u̵m̵_̵i̵n̵s̵e̵r̵t̵,̵ ̵h̵a̵,̵[̲h̲a̲,̲ ih, mul_add, add_comm, add_left_comm, add_assoc, mul_comm, mul_left_comm, mul_assoc]

Note: This linter can be disabled with `set_option linter.unusedSimpArgs false`
warning: Goldbach/BG_Identity.lean:246:33: This simp argument is unused:
  ih

Hint: Omit it from the simp argument list.
  simp [Finset.sum_insert, ha, i̵h̵,̵ ̵mul_add, add_comm, add_left_comm,
  ̵  ̵ ̵ ̵ ̵ ̵ ̵ ̵ ̵ ̵add_assoc, mul_comm,
  ̲  ̲ ̲ ̲ ̲ ̲mul_left_comm, mul_assoc]

Note: This linter can be disabled with `set_option linter.unusedSimpArgs false`
warning: Goldbach/BG_Identity.lean:246:56: This simp argument is unused:
  add_left_comm

Hint: Omit it from the simp argument list.
  simp [Finset.sum_insert, ha, ih, mul_add, add_comm, a̵d̵d̵_̵l̵e̵f̵t̵_̵c̵o̵m̵m̵,̵add_assoc, mul_comm, mul_left_comm,
  ̲  ̲ ̲ ̲ ̲ ̲mul_assoc]

Note: This linter can be disabled with `set_option linter.unusedSimpArgs false`
warning: Goldbach/BG_Identity.lean:247:10: This simp argument is unused:
  add_assoc

Hint: Omit it from the simp argument list.
  simp [Finset.sum_insert, ha, ih, mul_add, add_comm, add_left_comm, a̵d̵d̵_̵a̵s̵s̵o̵c̵,̵ ̵mul_comm, mul_left_comm,
  ̲  ̲ ̲ ̲ ̲ ̲mul_assoc]

Note: This linter can be disabled with `set_option linter.unusedSimpArgs false`
warning: Goldbach/BG_Identity.lean:247:31: This simp argument is unused:
  mul_left_comm

Hint: Omit it from the simp argument list.
  simp [Finset.sum_insert, ha, ih, mul_add, add_comm, add_left_comm, add_assoc, mul_comm,
  ̲  ̲ ̲ ̲ ̲ ̲m̵u̵l̵_̵l̵e̵f̵t̵_̵c̵o̵m̵m̵,̵ ̵mul_assoc]

Note: This linter can be disabled with `set_option linter.unusedSimpArgs false`
warning: Goldbach/BG_Identity.lean:247:46: This simp argument is unused:
  mul_assoc

Hint: Omit it from the simp argument list.
  simp [Finset.sum_insert, ha, ih, mul_add, add_comm, add_left_comm, add_assoc, mul_comm,
  ̲  ̲ ̲ ̲ ̲ ̲m̵u̵l̵_̵l̵e̵f̵t̵_̵c̵o̵m̵m̵,̵ ̵m̵u̵l̵_̵a̵s̵s̵o̵c̵]̵m̲u̲l̲_̲l̲e̲f̲t̲_̲c̲o̲m̲m̲]̲

Note: This linter can be disabled with `set_option linter.unusedSimpArgs false`
warning: Goldbach/BG_Identity.lean:278:10: try 'simp' instead of 'simpa'

Note: This linter can be disabled with `set_option linter.unnecessarySimpa false`
warning: Goldbach/BG_Identity.lean:285:10: try 'simp' instead of 'simpa'

Note: This linter can be disabled with `set_option linter.unnecessarySimpa false`
error: Goldbach/BG_Identity.lean:268:2: unsolved goals
case h.mpr
n : ℕ
z : ℤ
hz : z ∈ Finset.Icc (-↑n) ↑n
hI : -↑n ≤ z ∧ z ≤ ↑n
hz_ne_pos : z ≠ ↑n.succ
hz_ne_neg : z ≠ -↑n.succ
hzI' : z ∈ Finset.Icc (-↑n.succ) ↑n.succ
⊢ -1 < z + ↑n ∧ z < ↑n + 1
warning: Goldbach/BG_Identity.lean:292:10: This simp argument is unused:
  Finset.mem_erase

Hint: Omit it from the simp argument list.
  simp [F̵i̵n̵s̵e̵t̵.̵m̵e̵m̵_̵e̵r̵a̵s̵e̵,̵ ̵hz_ne_pos, hz_ne_neg, hzI']

Note: This linter can be disabled with `set_option linter.unusedSimpArgs false`
warning: Goldbach/BG_Identity.lean:292:28: This simp argument is unused:
  hz_ne_pos

Hint: Omit it from the simp argument list.
  simp [Finset.mem_erase, h̵z̵_̵n̵e̵_̵p̵o̵s̵,̵ ̵hz_ne_neg, hzI']

Note: This linter can be disabled with `set_option linter.unusedSimpArgs false`
warning: Goldbach/BG_Identity.lean:292:39: This simp argument is unused:
  hz_ne_neg

Hint: Omit it from the simp argument list.
  simp [Finset.mem_erase, hz_ne_pos, hz_̵n̵e̵_̵n̵e̵g̵,̵ ̵h̵z̵I']

Note: This linter can be disabled with `set_option linter.unusedSimpArgs false`
warning: Goldbach/BG_Identity.lean:292:50: This simp argument is unused:
  hzI'

Hint: Omit it from the simp argument list.
  simp [Finset.mem_erase, hz_ne_pos, hz_ne_neg,̵ ̵h̵z̵I̵'̵]

Note: This linter can be disabled with `set_option linter.unusedSimpArgs false`
error: Goldbach/BG_Identity.lean:340:8: Type mismatch: After simplification, term
  hstep2
 has type
  f (-↑n + -1) + ∑ x ∈ (s.erase (↑n + 1)).erase (-↑n + -1), f x = ∑ x ∈ s.erase (↑n + 1), f x
but is expected to have type
  ∑ x ∈ s.erase (↑n + 1), f x = f (-↑n + -1) + ∑ x ∈ (s.erase (↑n + 1)).erase (-↑n + -1), f x
warning: Goldbach/BG_Identity.lean:354:13: `Finset.range_succ` has been deprecated: Use `Finset.range_add_one` instead
warning: Goldbach/BG_Identity.lean:354:6: try 'simp' instead of 'simpa'

Note: This linter can be disabled with `set_option linter.unnecessarySimpa false`
warning: Goldbach/BG_Identity.lean:366:23: `Int.ofNat_eq_coe` has been deprecated: Use `Int.ofNat_eq_natCast` instead
error: Goldbach/BG_Identity.lean:369:12: Tactic `assumption` failed

f : ℤ → ℝ
hEven : ∀ (z : ℤ), f (-z) = f z
n : ℕ
ih : (Finset.Icc (-↑n) ↑n).sum f = f 0 + 2 * ∑ k ∈ Finset.range n, f (Int.ofNat k.succ)
s : Finset ℤ := Finset.Icc (-↑n.succ) ↑n.succ
s0 : Finset ℤ := s.erase ↑n.succ
s1 : Finset ℤ := s0.erase (-↑n.succ)
hmem_pos : ↑n.succ ∈ s
hmem_neg : -↑n.succ ∈ s
hmem_neg_s0 : -↑n.succ ∈ s0
hstep1 : ∑ x ∈ s.erase ↑n.succ, f x + f ↑n.succ = ∑ x ∈ s, f x
hstep2 : ∑ x ∈ s0.erase (-↑n.succ), f x + f (-↑n.succ) = ∑ x ∈ s0, f x
hs1 : s1 = Finset.Icc (-↑n) ↑n
this✝ : s.sum f = s1.sum f + f (-↑n.succ) + f ↑n.succ
hIH : (Finset.Icc (-↑n) ↑n).sum f = f 0 + 2 * ∑ k ∈ Finset.range n, f (Int.ofNat k.succ)
hrange :
  ∑ k ∈ Finset.range n.succ, f (Int.ofNat k.succ) = ∑ k ∈ Finset.range n, f (Int.ofNat k.succ) + f (Int.ofNat n.succ)
this : s.sum f = (Finset.Icc (-↑n) ↑n).sum f + f (↑n + 1) + f (-1 + -↑n)
⊢ ∑ x ∈ Finset.range n, f (↑x + 1) + f (↑n + 1) = ∑ x ∈ Finset.range (n + 1), f (↑x + 1)
error: Goldbach/BG_Identity.lean:393:6: Type mismatch: After simplification, term
  this
 has type
  True
but is expected to have type
  ↑n + 2 = ↑n + 1 + 1 ∨ ↑n + 1 = 0
error: Goldbach/BG_Identity.lean:394:4: Tactic `assumption` failed

case succ
n : ℕ
ih : ∑ k ∈ Finset.range n, ↑k.succ = ↑n * (↑n + 1) / 2
h : ∑ x ∈ Finset.range (n + 1), ↑x.succ = ∑ x ∈ Finset.range n, ↑x.succ + ↑n.succ
h' : ∑ k ∈ Finset.range n.succ, ↑k.succ = ∑ k ∈ Finset.range n, ↑k.succ + ↑n.succ
h'' : ↑n * (↑n + 1) / 2 + ↑n.succ = ↑n.succ * (↑n.succ + 1) / 2
⊢ ∑ x ∈ Finset.range (n + 1), (↑x + 1) = (↑n + 1) * (↑n + 1 + 1) / 2
warning: Goldbach/BG_Identity.lean:409:44: try 'simp' instead of 'simpa'

Note: This linter can be disabled with `set_option linter.unnecessarySimpa false`
warning: Goldbach/BG_Identity.lean:412:50: This simp argument is unused:
  add_comm

Hint: Omit it from the simp argument list.
  simp [h₁, h₂, Finset.sum_insert, ha, mul_add, add_c̵o̵m̵m̵,̵ ̵a̵d̵d̵_̵left_comm, add_assoc]

Note: This linter can be disabled with `set_option linter.unusedSimpArgs false`
warning: Goldbach/BG_Identity.lean:412:60: This simp argument is unused:
  add_left_comm

Hint: Omit it from the simp argument list.
  simp [h₁, h₂, Finset.sum_insert, ha, mul_add, add_comm, a̵d̵d̵_̵l̵e̵f̵t̵_̵c̵o̵m̵m̵,̵ ̵add_assoc]

Note: This linter can be disabled with `set_option linter.unusedSimpArgs false`
warning: Goldbach/BG_Identity.lean:412:75: This simp argument is unused:
  add_assoc

Hint: Omit it from the simp argument list.
  simp [h₁, h₂, Finset.sum_insert, ha, mul_add, add_comm, add_left_comm,̵ ̵a̵d̵d̵_̵a̵s̵s̵o̵c̵]

Note: This linter can be disabled with `set_option linter.unusedSimpArgs false`
warning: Goldbach/BG_Identity.lean:421:46: This simp argument is unused:
  add_comm

Hint: Omit it from the simp argument list.
  simp [Finset.sum_insert, hb, ih, mul_add, add_c̵o̵m̵m̵,̵ ̵a̵d̵d̵_̵left_comm, add_assoc]

Note: This linter can be disabled with `set_option linter.unusedSimpArgs false`
warning: Goldbach/BG_Identity.lean:421:56: This simp argument is unused:
  add_left_comm

Hint: Omit it from the simp argument list.
  simp [Finset.sum_insert, hb, ih, mul_add, add_comm, a̵d̵d̵_̵l̵e̵f̵t̵_̵c̵o̵m̵m̵,̵ ̵add_assoc]

Note: This linter can be disabled with `set_option linter.unusedSimpArgs false`
warning: Goldbach/BG_Identity.lean:421:71: This simp argument is unused:
  add_assoc

Hint: Omit it from the simp argument list.
  simp [Finset.sum_insert, hb, ih, mul_add, add_comm, add_left_comm,̵ ̵a̵d̵d̵_̵a̵s̵s̵o̵c̵]

Note: This linter can be disabled with `set_option linter.unusedSimpArgs false`
warning: Goldbach/BG_Identity.lean:517:6: declaration uses 'sorry'
warning: Goldbach/BG_Identity.lean:539:4: try 'simp' instead of 'simpa'

Note: This linter can be disabled with `set_option linter.unnecessarySimpa false`
warning: Goldbach/BG_Identity.lean:562:25: try 'simp' instead of 'simpa'

Note: This linter can be disabled with `set_option linter.unnecessarySimpa false`
warning: Goldbach/BG_Identity.lean:605:6: declaration uses 'sorry'
warning: Goldbach/BG_Identity.lean:642:15: unused variable `hX`

Note: This linter can be disabled with `set_option linter.unusedVariables false`
warning: Goldbach/BG_Identity.lean:643:5: unused variable `hN`

Note: This linter can be disabled with `set_option linter.unusedVariables false`
warning: Goldbach/BG_Identity.lean:675:5: unused variable `hk`

Note: This linter can be disabled with `set_option linter.unusedVariables false`
warning: Goldbach/BG_Identity.lean:700:28: This simp argument is unused:
  hUpos.ne'

Hint: Omit it from the simp argument list.
  s̵i̵m̵p̵ ̵[̵K̵_̵f̵u̵l̵l̵,̵ ̵K̵_̵f̵u̵l̵l̵_̵r̵a̵w̵,̵ ̵h̵U̵p̵o̵s̵.̵n̵e̵'̵]̵ ̵a̵t̵ ̵*̵s̲i̲m̲p̲ ̲[̲K̲_̲f̲u̲l̲l̲,̲
  ̲ ̲ ̲ ̲ ̲K̲_̲f̲u̲l̲l̲_̲r̲a̲w̲]̲ ̲a̲t̲ ̲*̲
  ̲ ̲ ̲ ̲ ̲ ̲ ̲-̲-̲ ̲a̲f̲t̲e̲r̲ ̲s̲i̲m̲p̲,̲ ̲g̲o̲a̲l̲ ̲b̲e̲c̲o̲m̲e̲s̲ ̲`̲0̲ ̲<̲ ̲1̲ ̲/̲ ̲(̲U̲c̲u̲t̲:̲ℝ̲)̲`̲
  ̲ ̲ ̲ ̲ ̲ ̲ ̲

Note: This linter can be disabled with `set_option linter.unusedSimpArgs false`
warning: Goldbach/BG_Identity.lean:725:5: unused variable `h`

Note: This linter can be disabled with `set_option linter.unusedVariables false`
warning: Goldbach/BG_Identity.lean:732:5: unused variable `h`

Note: This linter can be disabled with `set_option linter.unusedVariables false`
warning: Goldbach/BG_Identity.lean:748:25: unused variable `X`

Note: This linter can be disabled with `set_option linter.unusedVariables false`
warning: Goldbach/BG_Identity.lean:748:27: unused variable `N`

Note: This linter can be disabled with `set_option linter.unusedVariables false`
warning: Goldbach/BG_Identity.lean:772:5: unused variable `h`

Note: This linter can be disabled with `set_option linter.unusedVariables false`
error: Goldbach/BG_Identity.lean:791:6: Type mismatch: After simplification, term
  hk
 has type
  k ∈ BG_Bank.S_BG
but is expected to have type
  -↑H ≤ k ∧ k ≤ ↑H
warning: Goldbach/BG_Identity.lean:796:8: try 'simp' instead of 'simpa'

Note: This linter can be disabled with `set_option linter.unnecessarySimpa false`
warning: Goldbach/BG_Identity.lean:824:34: unused variable `hk`

Note: This linter can be disabled with `set_option linter.unusedVariables false`
warning: Goldbach/BG_Identity.lean:828:35: unused variable `hk`

Note: This linter can be disabled with `set_option linter.unusedVariables false`
warning: Goldbach/BG_Identity.lean:929:6: declaration uses 'sorry'
error: Goldbach/BG_Identity.lean:990:14: maximum recursion depth has been reached
use `set_option maxRecDepth <num>` to increase limit
use `set_option diagnostics true` to get diagnostic information
error: Goldbach/BG_Identity.lean:997:14: maximum recursion depth has been reached
use `set_option maxRecDepth <num>` to increase limit
use `set_option diagnostics true` to get diagnostic information
error: Goldbach/BG_Identity.lean:1034:16: `simp` made no progress
error: Goldbach/BG_Identity.lean:1048:12: maximum recursion depth has been reached
use `set_option maxRecDepth <num>` to increase limit
use `set_option diagnostics true` to get diagnostic information
error: Goldbach/BG_Identity.lean:1058:10: maximum recursion depth has been reached
use `set_option maxRecDepth <num>` to increase limit
use `set_option diagnostics true` to get diagnostic information
warning: Goldbach/BG_Identity.lean:1128:5: unused variable `h`

Note: This linter can be disabled with `set_option linter.unusedVariables false`
warning: Goldbach/BG_Identity.lean:1162:54: try 'simp' instead of 'simpa'

Note: This linter can be disabled with `set_option linter.unnecessarySimpa false`
warning: Goldbach/BG_Identity.lean:1150:10: This simp argument is unused:
  Pref_of

Hint: Omit it from the simp argument list.
  simp [P̵r̵e̵f̵_̵o̵f̵,̵ ̵hk]

Note: This linter can be disabled with `set_option linter.unusedSimpArgs false`
warning: Goldbach/BG_Identity.lean:1192:8: try 'simp' instead of 'simpa'

Note: This linter can be disabled with `set_option linter.unnecessarySimpa false`
warning: Goldbach/BG_Identity.lean:1193:6: try 'simp' instead of 'simpa'

Note: This linter can be disabled with `set_option linter.unnecessarySimpa false`
error: Goldbach/BG_Identity.lean:1261:16: maximum recursion depth has been reached
use `set_option maxRecDepth <num>` to increase limit
use `set_option diagnostics true` to get diagnostic information
error: Goldbach/BG_Identity.lean:1276:18: maximum recursion depth has been reached
use `set_option maxRecDepth <num>` to increase limit
use `set_option diagnostics true` to get diagnostic information
error: Goldbach/BG_Identity.lean:1288:16: No goals to be solved
error: Goldbach/BG_Identity.lean:1300:4: maximum recursion depth has been reached
use `set_option maxRecDepth <num>` to increase limit
use `set_option diagnostics true` to get diagnostic information
error: Goldbach/BG_Identity.lean:1318:12: maximum recursion depth has been reached
use `set_option maxRecDepth <num>` to increase limit
use `set_option diagnostics true` to get diagnostic information
error: Goldbach/BG_Identity.lean:1324:12: maximum recursion depth has been reached
use `set_option maxRecDepth <num>` to increase limit
use `set_option diagnostics true` to get diagnostic information
error: Goldbach/BG_Identity.lean:1325:2: maximum recursion depth has been reached
use `set_option maxRecDepth <num>` to increase limit
use `set_option diagnostics true` to get diagnostic information
warning: Goldbach/BG_Identity.lean:1327:6: declaration uses 'sorry'
error: Goldbach/BG_Identity.lean:1373:21: maximum recursion depth has been reached
use `set_option maxRecDepth <num>` to increase limit
use `set_option diagnostics true` to get diagnostic information
warning: Goldbach/BG_Identity.lean:1401:28: unused variable `X`

Note: This linter can be disabled with `set_option linter.unusedVariables false`
warning: Goldbach/BG_Identity.lean:1401:30: unused variable `N`

Note: This linter can be disabled with `set_option linter.unusedVariables false`
warning: Goldbach/BG_Identity.lean:1402:28: unused variable `X`

Note: This linter can be disabled with `set_option linter.unusedVariables false`
warning: Goldbach/BG_Identity.lean:1402:30: unused variable `N`

Note: This linter can be disabled with `set_option linter.unusedVariables false`
error: Goldbach/BG_Identity.lean:1428:21: maximum recursion depth has been reached
use `set_option maxRecDepth <num>` to increase limit
use `set_option diagnostics true` to get diagnostic information
error: Lean exited with code 1
Some required targets logged failures:
- Goldbach.BG_Identity
error: build failed
⚠ [7587/7613] Replayed Goldbach.Compat
warning: Goldbach/Compat.lean:18:2: try 'simp' instead of 'simpa'

Note: This linter can be disabled with `set_option linter.unnecessarySimpa false`
warning: Goldbach/Compat.lean:24:40: unused variable `hb`

Note: This linter can be disabled with `set_option linter.unusedVariables false`
warning: Goldbach/Compat.lean:50:4: try 'simp' instead of 'simpa'

Note: This linter can be disabled with `set_option linter.unnecessarySimpa false`
⚠ [7590/7613] Replayed Goldbach.Windows
warning: Goldbach/Windows.lean:63:4: try 'simp' instead of 'simpa'

Note: This linter can be disabled with `set_option linter.unnecessarySimpa false`
warning: Goldbach/Windows.lean:68:2: try 'simp' instead of 'simpa'

Note: This linter can be disabled with `set_option linter.unnecessarySimpa false`
warning: Goldbach/Windows.lean:68:38: this tactic is never executed

Note: This linter can be disabled with `set_option linter.unreachableTactic false`
warning: Goldbach/Windows.lean:68:38: 'simpa using hmap' tactic does nothing

Note: This linter can be disabled with `set_option linter.unusedTactic false`
⚠ [7595/7613] Replayed Goldbach.BG_Bank
warning: Goldbach/BG_Bank.lean:13:25: unused variable `n`

Note: This linter can be disabled with `set_option linter.unusedVariables false`
warning: Goldbach/BG_Bank.lean:75:4: try 'simp' instead of 'simpa'

Note: This linter can be disabled with `set_option linter.unnecessarySimpa false`
warning: Goldbach/BG_Bank.lean:75:25: this tactic is never executed

Note: This linter can be disabled with `set_option linter.unreachableTactic false`
warning: Goldbach/BG_Bank.lean:75:25: 'decide' tactic does nothing

Note: This linter can be disabled with `set_option linter.unusedTactic false`
warning: Goldbach/BG_Bank.lean:288:14: try 'simp' instead of 'simpa'

Note: This linter can be disabled with `set_option linter.unnecessarySimpa false`
warning: Goldbach/BG_Bank.lean:188:42: This simp argument is unused:
  Nat.cast_sub hn_le

Hint: Omit it from the simp argument list.
  simp only [Nat.cast_succ,̵ ̵N̵a̵t̵.̵c̵a̵s̵t̵_̵s̵u̵b̵ ̵h̵n̵_̵l̵e̵]

Note: This linter can be disabled with `set_option linter.unusedSimpArgs false`
warning: Goldbach/BG_Bank.lean:194:24: This simp argument is unused:
  abs_of_nonneg hlog_Nm_nn

Hint: Omit it from the simp argument list.
  simp [hp,̵ ̵a̵b̵s̵_̵o̵f̵_̵n̵o̵n̵n̵e̵g̵ ̵h̵l̵o̵g̵_̵N̵m̵_̵n̵n̵]

Note: This linter can be disabled with `set_option linter.unusedSimpArgs false`
warning: Goldbach/BG_Bank.lean:202:24: This simp argument is unused:
  abs_of_nonneg hlog_Np1_nn

Hint: Omit it from the simp argument list.
  simp [hp,̵ ̵a̵b̵s̵_̵o̵f̵_̵n̵o̵n̵n̵e̵g̵ ̵h̵l̵o̵g̵_̵N̵p̵1̵_̵n̵n̵]

Note: This linter can be disabled with `set_option linter.unusedSimpArgs false`
warning: Goldbach/BG_Bank.lean:218:46: This simp argument is unused:
  mul_comm

Hint: Omit it from the simp argument list.
  simp [abs_mul, mul_assoc, m̵u̵l̵_̵c̵o̵m̵m̵,̵ ̵mul_left_comm]

Note: This linter can be disabled with `set_option linter.unusedSimpArgs false`
warning: Goldbach/BG_Bank.lean:326:20: This simp argument is unused:
  hlogXabs

Hint: Omit it from the simp argument list.
  simp [h̵l̵o̵g̵X̵a̵b̵s̵,̵ ̵mul_comm, mul_left_comm, mul_assoc]

Note: This linter can be disabled with `set_option linter.unusedSimpArgs false`
warning: Goldbach/BG_Bank.lean:326:30: This simp argument is unused:
  mul_comm

Hint: Omit it from the simp argument list.
  simp [hlogXabs, m̵u̵l̵_̵c̵o̵m̵m̵,̵ ̵mul_left_comm, mul_assoc]

Note: This linter can be disabled with `set_option linter.unusedSimpArgs false`
warning: Goldbach/BG_Bank.lean:403:14: try 'simp' instead of 'simpa'

Note: This linter can be disabled with `set_option linter.unnecessarySimpa false`
warning: Goldbach/BG_Bank.lean:405:14: try 'simp' instead of 'simpa'

Note: This linter can be disabled with `set_option linter.unnecessarySimpa false`
warning: Goldbach/BG_Bank.lean:407:40: This simp argument is unused:
  add_comm

Hint: Omit it from the simp argument list.
  simp [div_self, hlogX_ne, add_c̵o̵m̵m̵,̵ ̵a̵d̵d̵_̵left_comm, add_assoc]

Note: This linter can be disabled with `set_option linter.unusedSimpArgs false`
warning: Goldbach/BG_Bank.lean:407:50: This simp argument is unused:
  add_left_comm

Hint: Omit it from the simp argument list.
  simp [div_self, hlogX_ne, add_comm, a̵d̵d̵_̵l̵e̵f̵t̵_̵c̵o̵m̵m̵,̵ ̵add_assoc]

Note: This linter can be disabled with `set_option linter.unusedSimpArgs false`
warning: Goldbach/BG_Bank.lean:407:65: This simp argument is unused:
  add_assoc

Hint: Omit it from the simp argument list.
  simp [div_self, hlogX_ne, add_comm, add_left_comm,̵ ̵a̵d̵d̵_̵a̵s̵s̵o̵c̵]

Note: This linter can be disabled with `set_option linter.unusedSimpArgs false`
warning: Goldbach/BG_Bank.lean:547:63: try 'simp' instead of 'simpa'

Note: This linter can be disabled with `set_option linter.unnecessarySimpa false`
warning: Goldbach/BG_Bank.lean:550:47: This simp argument is unused:
  add_comm

Hint: Omit it from the simp argument list.
  simp [add_div, div_self, hlogX_ne, add_c̵o̵m̵m̵,̵ ̵a̵d̵d̵_̵left_comm, add_assoc]

Note: This linter can be disabled with `set_option linter.unusedSimpArgs false`
warning: Goldbach/BG_Bank.lean:550:57: This simp argument is unused:
  add_left_comm

Hint: Omit it from the simp argument list.
  simp [add_div, div_self, hlogX_ne, add_comm, a̵d̵d̵_̵l̵e̵f̵t̵_̵c̵o̵m̵m̵,̵ ̵add_assoc]

Note: This linter can be disabled with `set_option linter.unusedSimpArgs false`
warning: Goldbach/BG_Bank.lean:550:72: This simp argument is unused:
  add_assoc

Hint: Omit it from the simp argument list.
  simp [add_div, div_self, hlogX_ne, add_comm, add_left_comm,̵ ̵a̵d̵d̵_̵a̵s̵s̵o̵c̵]

Note: This linter can be disabled with `set_option linter.unusedSimpArgs false`
warning: Goldbach/BG_Bank.lean:559:56: This simp argument is unused:
  add_left_comm

Hint: Omit it from the simp argument list.
  simp [c, Nat.cast_add, Nat.cast_one, add_assoc, a̵d̵d̵_̵l̵e̵f̵t̵_̵c̵o̵m̵m̵,̵ ̵add_comm, add_div, div_self hX0_ne]

Note: This linter can be disabled with `set_option linter.unusedSimpArgs false`
⚠ [7597/7613] Replayed Goldbach.SingularSeries
warning: Goldbach/SingularSeries.lean:40:5: unused variable `h`

Note: This linter can be disabled with `set_option linter.unusedVariables false`
warning: Goldbach/SingularSeries.lean:88:8: `Finset.eq_empty_iff_forall_not_mem` has been deprecated: Use `Finset.eq_empty_iff_forall_notMem` instead
warning: Goldbach/SingularSeries.lean:98:4: try 'simp' instead of 'simpa'

Note: This linter can be disabled with `set_option linter.unnecessarySimpa false`
warning: Goldbach/SingularSeries.lean:99:28: this tactic is never executed

Note: This linter can be disabled with `set_option linter.unreachableTactic false`
warning: Goldbach/SingularSeries.lean:99:57: this tactic is never executed

Note: This linter can be disabled with `set_option linter.unreachableTactic false`
warning: Goldbach/SingularSeries.lean:99:28: 'decide' tactic does nothing

Note: This linter can be disabled with `set_option linter.unusedTactic false`
warning: Goldbach/SingularSeries.lean:99:57: 'decide' tactic does nothing

Note: This linter can be disabled with `set_option linter.unusedTactic false`
⚠ [7599/7613] Replayed Goldbach.PPNumerics
warning: Goldbach/PPNumerics.lean:24:42: try 'simp' instead of 'simpa'

Note: This linter can be disabled with `set_option linter.unnecessarySimpa false`
warning: Goldbach/PPNumerics.lean:27:6: try 'simp' instead of 'simpa'

Note: This linter can be disabled with `set_option linter.unnecessarySimpa false`
⚠ [7600/7613] Replayed Goldbach.PPBoundSquares
warning: Goldbach/PPBoundSquares.lean:41:8: try 'simp' instead of 'simpa'

Note: This linter can be disabled with `set_option linter.unnecessarySimpa false`
warning: Goldbach/PPBoundSquares.lean:228:10: try 'simp' instead of 'simpa'

Note: This linter can be disabled with `set_option linter.unnecessarySimpa false`
⚠ [7602/7613] Replayed Goldbach.AnalyticGlobal
warning: Goldbach/AnalyticGlobal.lean:65:28: This simp argument is unused:
  one_div

Hint: Omit it from the simp argument list.
  simp [div_eq_mul_inv, o̵n̵e̵_̵d̵i̵v̵,̵ ̵mul_comm]

Note: This linter can be disabled with `set_option linter.unusedSimpArgs false`
warning: Goldbach/AnalyticGlobal.lean:68:30: This simp argument is unused:
  one_div

Hint: Omit it from the simp argument list.
  simp [div_eq_mul_inv, o̵n̵e̵_̵d̵i̵v̵,̵ ̵mul_comm]

Note: This linter can be disabled with `set_option linter.unusedSimpArgs false`
warning: Goldbach/AnalyticGlobal.lean:70:39: This simp argument is unused:
  mul_left_comm

Hint: Omit it from the simp argument list.
  simp [one_div, S_ne, mul_comm, mul_l̵e̵f̵t̵_̵c̵o̵m̵m̵,̵ ̵m̵u̵l̵_̵assoc]

Note: This linter can be disabled with `set_option linter.unusedSimpArgs false`
warning: Goldbach/AnalyticGlobal.lean:70:54: This simp argument is unused:
  mul_assoc

Hint: Omit it from the simp argument list.
  simp [one_div, S_ne, mul_comm, mul_left_comm,̵ ̵m̵u̵l̵_̵a̵s̵s̵o̵c̵]

Note: This linter can be disabled with `set_option linter.unusedSimpArgs false`
⚠ [7603/7613] Replayed Goldbach.BankPieces
warning: Goldbach/BankPieces.lean:15:63: `class ... :=` has been deprecated in favor of `class ... where`.

Note: This linter can be disabled with `set_option linter.deprecated false`
⚠ [7607/7613] Replayed Goldbach.AO_AssembleEnvelope
warning: Goldbach/AO_AssembleEnvelope.lean:67:20: try 'simp' instead of 'simpa'

Note: This linter can be disabled with `set_option linter.unnecessarySimpa false`
⚠ [7608/7613] Replayed Goldbach.AO_Major
warning: Goldbach/AO_Major.lean:21:13: unused variable `hX`

Note: This linter can be disabled with `set_option linter.unusedVariables false`
warning: Goldbach/AO_Major.lean:21:35: unused variable `hN`

Note: This linter can be disabled with `set_option linter.unusedVariables false`
warning: Goldbach/AO_Major.lean:25:24: This simp argument is unused:
  add_assoc

Hint: Omit it from the simp argument list.
  simp [Goldbach.AO_Major.errAO, Goldbach.AO_Major.weight_mass, Goldbach.AO_Core.errAO,
       ̵ ̵ ̵ ̵sub_eq_add_neg, add_a̵s̵s̵o̵c̵,̵ ̵a̵d̵d̵_̵left_comm, add_comm, mul_assoc]

Note: This linter can be disabled with `set_option linter.unusedSimpArgs false`
warning: Goldbach/AO_Major.lean:25:60: This simp argument is unused:
  mul_assoc

Hint: Omit it from the simp argument list.
  simp [Goldbach.AO_Major.errAO, Goldbach.AO_Major.weight_mass, Goldbach.AO_Core.errAO,
       ̵ ̵ ̵ ̵sub_eq_add_neg, add_assoc, add_left_comm, add_comm,̵ ̵m̵u̵l̵_̵a̵s̵s̵o̵c̵]

Note: This linter can be disabled with `set_option linter.unusedSimpArgs false`
warning: Goldbach/AO_Major.lean:46:5: unused variable `h`

Note: This linter can be disabled with `set_option linter.unusedVariables false`
warning: Goldbach/AO_Major.lean:58:24: This simp argument is unused:
  dif_pos

Hint: Omit it from the simp argument list.
  simp only [MPDF, win, d̵i̵f̵_̵p̵o̵s̵,̵ ̵mul_div_assoc']

Note: This linter can be disabled with `set_option linter.unusedSimpArgs false`
warning: Goldbach/AO_Major.lean:58:33: This simp argument is unused:
  mul_div_assoc'

Hint: Omit it from the simp argument list.
  simp only [MPDF, win, dif_pos,̵ ̵m̵u̵l̵_̵d̵i̵v̵_̵a̵s̵s̵o̵c̵'̵]

Note: This linter can be disabled with `set_option linter.unusedSimpArgs false`
warning: Goldbach/AO_Major.lean:81:69: try 'simp' instead of 'simpa'

Note: This linter can be disabled with `set_option linter.unnecessarySimpa false`
warning: Goldbach/AO_Major.lean:82:68: try 'simp' instead of 'simpa'

Note: This linter can be disabled with `set_option linter.unnecessarySimpa false`
warning: Goldbach/AO_Major.lean:83:68: try 'simp' instead of 'simpa'

Note: This linter can be disabled with `set_option linter.unnecessarySimpa false`
warning: Goldbach/AO_Major.lean:85:90: This simp argument is unused:
  add_assoc

Hint: Omit it from the simp argument list.
  simp [sub_eq_add_neg,̵ ̵a̵d̵d̵_̵a̵s̵s̵o̵c̵]

Note: This linter can be disabled with `set_option linter.unusedSimpArgs false`
warning: Goldbach/AO_Major.lean:101:24: This simp argument is unused:
  dif_pos

Hint: Omit it from the simp argument list.
  simp only [MPDF, win,̵ ̵d̵i̵f̵_̵p̵o̵s̵]

Note: This linter can be disabled with `set_option linter.unusedSimpArgs false`
⚠ [7609/7613] Replayed Goldbach.BG_Operator
warning: Goldbach/BG_Operator.lean:31:2: try 'simp' instead of 'simpa'

Note: This linter can be disabled with `set_option linter.unnecessarySimpa false`
warning: Goldbach/BG_Operator.lean:98:2: try 'simp' instead of 'simpa'

Note: This linter can be disabled with `set_option linter.unnecessarySimpa false`
⚠ [7611/7613] Replayed Goldbach.Analytic.MajorBoundFromSigma
warning: Goldbach/Analytic/MajorBoundFromSigma.lean:21:75: `structure ... :=` has been deprecated in favor of `structure ... where`.

Note: This linter can be disabled with `set_option linter.deprecated false`
⚠ [7612/7613] Replayed Goldbach.Analytic.NumericSigma
warning: Goldbach/Analytic/NumericSigma.lean:23:32: unused variable `hX`

Note: This linter can be disabled with `set_option linter.unusedVariables false`
✖ [7613/7613] Building Goldbach.BG_Identity (71s)
trace: .> LEAN_PATH=/Users/benjaminnelson/Desktop/nerd shit/goldbach/builds/Goldbach/.lake/packages/Cli/.lake/build/lib/lean:/Users/benjaminnelson/Desktop/nerd shit/goldbach/builds/Goldbach/.lake/packages/batteries/.lake/build/lib/lean:/Users/benjaminnelson/Desktop/nerd shit/goldbach/builds/Goldbach/.lake/packages/Qq/.lake/build/lib/lean:/Users/benjaminnelson/Desktop/nerd shit/goldbach/builds/Goldbach/.lake/packages/aesop/.lake/build/lib/lean:/Users/benjaminnelson/Desktop/nerd shit/goldbach/builds/Goldbach/.lake/packages/proofwidgets/.lake/build/lib/lean:/Users/benjaminnelson/Desktop/nerd shit/goldbach/builds/Goldbach/.lake/packages/importGraph/.lake/build/lib/lean:/Users/benjaminnelson/Desktop/nerd shit/goldbach/builds/Goldbach/.lake/packages/LeanSearchClient/.lake/build/lib/lean:/Users/benjaminnelson/Desktop/nerd shit/goldbach/builds/Goldbach/.lake/packages/plausible/.lake/build/lib/lean:/Users/benjaminnelson/Desktop/nerd shit/goldbach/builds/Goldbach/.lake/packages/mathlib/.lake/build/lib/lean:/Users/benjaminnelson/Desktop/nerd shit/goldbach/builds/Goldbach/.lake/build/lib/lean /Users/benjaminnelson/.elan/toolchains/leanprover--lean4---v4.26.0-rc2/bin/lean /Users/benjaminnelson/Desktop/nerd shit/goldbach/builds/Goldbach/Goldbach/BG_Identity.lean -o /Users/benjaminnelson/Desktop/nerd shit/goldbach/builds/Goldbach/.lake/build/lib/lean/Goldbach/BG_Identity.olean -i /Users/benjaminnelson/Desktop/nerd shit/goldbach/builds/Goldbach/.lake/build/lib/lean/Goldbach/BG_Identity.ilean -c /Users/benjaminnelson/Desktop/nerd shit/goldbach/builds/Goldbach/.lake/build/ir/Goldbach/BG_Identity.c --setup /Users/benjaminnelson/Desktop/nerd shit/goldbach/builds/Goldbach/.lake/build/ir/Goldbach/BG_Identity.setup.json --json
warning: Goldbach/BG_Identity.lean:149:48: This simp argument is unused:
  add_comm

Hint: Omit it from the simp argument list.
  simp [Finset.sum_insert, hk, ih, mul_add, a̵d̵d̵_̵c̵o̵m̵m̵,̵ ̵add_left_comm, add_assoc, mul_comm, mul_left_comm,
  ̲  ̲ ̲ ̲ ̲ ̲ ̲ ̲mul_assoc]

Note: This linter can be disabled with `set_option linter.unusedSimpArgs false`
warning: Goldbach/BG_Identity.lean:149:58: This simp argument is unused:
  add_left_comm

Hint: Omit it from the simp argument list.
  simp [Finset.sum_insert, hk, ih, mul_add, add_comm, a̵d̵d̵_̵l̵e̵f̵t̵_̵c̵o̵m̵m̵,̵add_assoc, mul_comm, mul_left_comm,
  ̲  ̲ ̲ ̲ ̲ ̲ ̲ ̲mul_assoc]

Note: This linter can be disabled with `set_option linter.unusedSimpArgs false`
warning: Goldbach/BG_Identity.lean:150:12: This simp argument is unused:
  add_assoc

Hint: Omit it from the simp argument list.
  simp [Finset.sum_insert, hk, ih, mul_add, add_comm, add_left_comm, a̵d̵d̵_̵a̵s̵s̵o̵c̵,̵ ̵mul_comm, mul_left_comm,
  ̲  ̲ ̲ ̲ ̲ ̲ ̲ ̲mul_assoc]

Note: This linter can be disabled with `set_option linter.unusedSimpArgs false`
warning: Goldbach/BG_Identity.lean:150:23: This simp argument is unused:
  mul_comm

Hint: Omit it from the simp argument list.
  simp [Finset.sum_insert, hk, ih, mul_add, add_comm, add_left_comm, add_assoc, m̵u̵l̵_̵c̵o̵m̵m̵,̵ ̵mul_left_comm,
  ̲  ̲ ̲ ̲ ̲ ̲ ̲ ̲mul_assoc]

Note: This linter can be disabled with `set_option linter.unusedSimpArgs false`
warning: Goldbach/BG_Identity.lean:150:33: This simp argument is unused:
  mul_left_comm

Hint: Omit it from the simp argument list.
  simp [Finset.sum_insert, hk, ih, mul_add, add_comm, add_left_comm, add_assoc, mul_comm,
  ̲  ̲ ̲ ̲ ̲ ̲ ̲ ̲m̵u̵l̵_̵l̵e̵f̵t̵_̵c̵o̵m̵m̵,̵ ̵mul_assoc]

Note: This linter can be disabled with `set_option linter.unusedSimpArgs false`
warning: Goldbach/BG_Identity.lean:150:48: This simp argument is unused:
  mul_assoc

Hint: Omit it from the simp argument list.
  simp [Finset.sum_insert, hk, ih, mul_add, add_comm, add_left_comm, add_assoc, mul_comm,
  ̲  ̲ ̲ ̲ ̲ ̲ ̲ ̲m̵u̵l̵_̵l̵e̵f̵t̵_̵c̵o̵m̵m̵,̵ ̵m̵u̵l̵_̵a̵s̵s̵o̵c̵]̵m̲u̲l̲_̲l̲e̲f̲t̲_̲c̲o̲m̲m̲]̲

Note: This linter can be disabled with `set_option linter.unusedSimpArgs false`
error: Goldbach/BG_Identity.lean:219:15: Unknown constant `Int.natAbs_ofNat`
error: Goldbach/BG_Identity.lean:220:21: Unknown constant `Int.natAbs_ofNat`
error: Goldbach/BG_Identity.lean:197:76: unsolved goals
m : ℕ
hm : m ≤ Ucut
hnonneg : 0 ≤ 1 - ↑m / ↑Ucut
hmax : max (1 - ↑m / ↑Ucut) 0 = 1 - ↑m / ↑Ucut
hbranch : max (1 - ↑(Int.ofNat m).natAbs / ↑Ucut) 0 = 1 - ↑(Int.ofNat m).natAbs / ↑Ucut
⊢ max (1 - ↑m / (↑H + ↑((H + 99) / 100))) 0 / (↑H + ↑((H + 99) / 100)) =
    (1 - ↑m / (↑H + ↑((H + 99) / 100))) / (↑H + ↑((H + 99) / 100))
warning: Goldbach/BG_Identity.lean:204:12: This simp argument is unused:
  hU

Hint: Omit it from the simp argument list.
  simp [hU̵,̵ ̵h̵m0]

Note: This linter can be disabled with `set_option linter.unusedSimpArgs false`
warning: Goldbach/BG_Identity.lean:220:8: This simp argument is unused:
  hbranch

Hint: Omit it from the simp argument list.
  simp [h̵b̵r̵a̵n̵c̵h̵,̵ ̵Int.natAbs_ofNat]

Note: This linter can be disabled with `set_option linter.unusedSimpArgs false`
warning: Goldbach/BG_Identity.lean:246:10: This simp argument is unused:
  Finset.sum_insert

Hint: Omit it from the simp argument list.
  simp [̵F̵i̵n̵s̵e̵t̵.̵s̵u̵m̵_̵i̵n̵s̵e̵r̵t̵,̵ ̵h̵a̵,̵[̲h̲a̲,̲ ih, mul_add, add_comm, add_left_comm, add_assoc, mul_comm, mul_left_comm, mul_assoc]

Note: This linter can be disabled with `set_option linter.unusedSimpArgs false`
warning: Goldbach/BG_Identity.lean:246:33: This simp argument is unused:
  ih

Hint: Omit it from the simp argument list.
  simp [Finset.sum_insert, ha, i̵h̵,̵ ̵mul_add, add_comm, add_left_comm,
  ̵  ̵ ̵ ̵ ̵ ̵ ̵ ̵ ̵ ̵add_assoc, mul_comm,
  ̲  ̲ ̲ ̲ ̲ ̲mul_left_comm, mul_assoc]

Note: This linter can be disabled with `set_option linter.unusedSimpArgs false`
warning: Goldbach/BG_Identity.lean:246:56: This simp argument is unused:
  add_left_comm

Hint: Omit it from the simp argument list.
  simp [Finset.sum_insert, ha, ih, mul_add, add_comm, a̵d̵d̵_̵l̵e̵f̵t̵_̵c̵o̵m̵m̵,̵add_assoc, mul_comm, mul_left_comm,
  ̲  ̲ ̲ ̲ ̲ ̲mul_assoc]

Note: This linter can be disabled with `set_option linter.unusedSimpArgs false`
warning: Goldbach/BG_Identity.lean:247:10: This simp argument is unused:
  add_assoc

Hint: Omit it from the simp argument list.
  simp [Finset.sum_insert, ha, ih, mul_add, add_comm, add_left_comm, a̵d̵d̵_̵a̵s̵s̵o̵c̵,̵ ̵mul_comm, mul_left_comm,
  ̲  ̲ ̲ ̲ ̲ ̲mul_assoc]

Note: This linter can be disabled with `set_option linter.unusedSimpArgs false`
warning: Goldbach/BG_Identity.lean:247:31: This simp argument is unused:
  mul_left_comm

Hint: Omit it from the simp argument list.
  simp [Finset.sum_insert, ha, ih, mul_add, add_comm, add_left_comm, add_assoc, mul_comm,
  ̲  ̲ ̲ ̲ ̲ ̲m̵u̵l̵_̵l̵e̵f̵t̵_̵c̵o̵m̵m̵,̵ ̵mul_assoc]

Note: This linter can be disabled with `set_option linter.unusedSimpArgs false`
warning: Goldbach/BG_Identity.lean:247:46: This simp argument is unused:
  mul_assoc

Hint: Omit it from the simp argument list.
  simp [Finset.sum_insert, ha, ih, mul_add, add_comm, add_left_comm, add_assoc, mul_comm,
  ̲  ̲ ̲ ̲ ̲ ̲m̵u̵l̵_̵l̵e̵f̵t̵_̵c̵o̵m̵m̵,̵ ̵m̵u̵l̵_̵a̵s̵s̵o̵c̵]̵m̲u̲l̲_̲l̲e̲f̲t̲_̲c̲o̲m̲m̲]̲

Note: This linter can be disabled with `set_option linter.unusedSimpArgs false`
warning: Goldbach/BG_Identity.lean:278:10: try 'simp' instead of 'simpa'

Note: This linter can be disabled with `set_option linter.unnecessarySimpa false`
warning: Goldbach/BG_Identity.lean:285:10: try 'simp' instead of 'simpa'

Note: This linter can be disabled with `set_option linter.unnecessarySimpa false`
error: Goldbach/BG_Identity.lean:268:2: unsolved goals
case h.mpr
n : ℕ
z : ℤ
hz : z ∈ Finset.Icc (-↑n) ↑n
hI : -↑n ≤ z ∧ z ≤ ↑n
hz_ne_pos : z ≠ ↑n.succ
hz_ne_neg : z ≠ -↑n.succ
hzI' : z ∈ Finset.Icc (-↑n.succ) ↑n.succ
⊢ -1 < z + ↑n ∧ z < ↑n + 1
warning: Goldbach/BG_Identity.lean:292:10: This simp argument is unused:
  Finset.mem_erase

Hint: Omit it from the simp argument list.
  simp [F̵i̵n̵s̵e̵t̵.̵m̵e̵m̵_̵e̵r̵a̵s̵e̵,̵ ̵hz_ne_pos, hz_ne_neg, hzI']

Note: This linter can be disabled with `set_option linter.unusedSimpArgs false`
warning: Goldbach/BG_Identity.lean:292:28: This simp argument is unused:
  hz_ne_pos

Hint: Omit it from the simp argument list.
  simp [Finset.mem_erase, h̵z̵_̵n̵e̵_̵p̵o̵s̵,̵ ̵hz_ne_neg, hzI']

Note: This linter can be disabled with `set_option linter.unusedSimpArgs false`
warning: Goldbach/BG_Identity.lean:292:39: This simp argument is unused:
  hz_ne_neg

Hint: Omit it from the simp argument list.
  simp [Finset.mem_erase, hz_ne_pos, hz_̵n̵e̵_̵n̵e̵g̵,̵ ̵h̵z̵I']

Note: This linter can be disabled with `set_option linter.unusedSimpArgs false`
warning: Goldbach/BG_Identity.lean:292:50: This simp argument is unused:
  hzI'

Hint: Omit it from the simp argument list.
  simp [Finset.mem_erase, hz_ne_pos, hz_ne_neg,̵ ̵h̵z̵I̵'̵]

Note: This linter can be disabled with `set_option linter.unusedSimpArgs false`
error: Goldbach/BG_Identity.lean:340:8: Type mismatch: After simplification, term
  hstep2
 has type
  f (-↑n + -1) + ∑ x ∈ (s.erase (↑n + 1)).erase (-↑n + -1), f x = ∑ x ∈ s.erase (↑n + 1), f x
but is expected to have type
  ∑ x ∈ s.erase (↑n + 1), f x = f (-↑n + -1) + ∑ x ∈ (s.erase (↑n + 1)).erase (-↑n + -1), f x
warning: Goldbach/BG_Identity.lean:354:13: `Finset.range_succ` has been deprecated: Use `Finset.range_add_one` instead
warning: Goldbach/BG_Identity.lean:354:6: try 'simp' instead of 'simpa'

Note: This linter can be disabled with `set_option linter.unnecessarySimpa false`
warning: Goldbach/BG_Identity.lean:366:23: `Int.ofNat_eq_coe` has been deprecated: Use `Int.ofNat_eq_natCast` instead
error: Goldbach/BG_Identity.lean:369:12: Tactic `assumption` failed

f : ℤ → ℝ
hEven : ∀ (z : ℤ), f (-z) = f z
n : ℕ
ih : (Finset.Icc (-↑n) ↑n).sum f = f 0 + 2 * ∑ k ∈ Finset.range n, f (Int.ofNat k.succ)
s : Finset ℤ := Finset.Icc (-↑n.succ) ↑n.succ
s0 : Finset ℤ := s.erase ↑n.succ
s1 : Finset ℤ := s0.erase (-↑n.succ)
hmem_pos : ↑n.succ ∈ s
hmem_neg : -↑n.succ ∈ s
hmem_neg_s0 : -↑n.succ ∈ s0
hstep1 : ∑ x ∈ s.erase ↑n.succ, f x + f ↑n.succ = ∑ x ∈ s, f x
hstep2 : ∑ x ∈ s0.erase (-↑n.succ), f x + f (-↑n.succ) = ∑ x ∈ s0, f x
hs1 : s1 = Finset.Icc (-↑n) ↑n
this✝ : s.sum f = s1.sum f + f (-↑n.succ) + f ↑n.succ
hIH : (Finset.Icc (-↑n) ↑n).sum f = f 0 + 2 * ∑ k ∈ Finset.range n, f (Int.ofNat k.succ)
hrange :
  ∑ k ∈ Finset.range n.succ, f (Int.ofNat k.succ) = ∑ k ∈ Finset.range n, f (Int.ofNat k.succ) + f (Int.ofNat n.succ)
this : s.sum f = (Finset.Icc (-↑n) ↑n).sum f + f (↑n + 1) + f (-1 + -↑n)
⊢ ∑ x ∈ Finset.range n, f (↑x + 1) + f (↑n + 1) = ∑ x ∈ Finset.range (n + 1), f (↑x + 1)
error: Goldbach/BG_Identity.lean:393:6: Type mismatch: After simplification, term
  this
 has type
  True
but is expected to have type
  ↑n + 2 = ↑n + 1 + 1 ∨ ↑n + 1 = 0
error: Goldbach/BG_Identity.lean:394:4: Tactic `assumption` failed

case succ
n : ℕ
ih : ∑ k ∈ Finset.range n, ↑k.succ = ↑n * (↑n + 1) / 2
h : ∑ x ∈ Finset.range (n + 1), ↑x.succ = ∑ x ∈ Finset.range n, ↑x.succ + ↑n.succ
h' : ∑ k ∈ Finset.range n.succ, ↑k.succ = ∑ k ∈ Finset.range n, ↑k.succ + ↑n.succ
h'' : ↑n * (↑n + 1) / 2 + ↑n.succ = ↑n.succ * (↑n.succ + 1) / 2
⊢ ∑ x ∈ Finset.range (n + 1), (↑x + 1) = (↑n + 1) * (↑n + 1 + 1) / 2
warning: Goldbach/BG_Identity.lean:409:44: try 'simp' instead of 'simpa'

Note: This linter can be disabled with `set_option linter.unnecessarySimpa false`
warning: Goldbach/BG_Identity.lean:412:50: This simp argument is unused:
  add_comm

Hint: Omit it from the simp argument list.
  simp [h₁, h₂, Finset.sum_insert, ha, mul_add, add_c̵o̵m̵m̵,̵ ̵a̵d̵d̵_̵left_comm, add_assoc]

Note: This linter can be disabled with `set_option linter.unusedSimpArgs false`
warning: Goldbach/BG_Identity.lean:412:60: This simp argument is unused:
  add_left_comm

Hint: Omit it from the simp argument list.
  simp [h₁, h₂, Finset.sum_insert, ha, mul_add, add_comm, a̵d̵d̵_̵l̵e̵f̵t̵_̵c̵o̵m̵m̵,̵ ̵add_assoc]

Note: This linter can be disabled with `set_option linter.unusedSimpArgs false`
warning: Goldbach/BG_Identity.lean:412:75: This simp argument is unused:
  add_assoc

Hint: Omit it from the simp argument list.
  simp [h₁, h₂, Finset.sum_insert, ha, mul_add, add_comm, add_left_comm,̵ ̵a̵d̵d̵_̵a̵s̵s̵o̵c̵]

Note: This linter can be disabled with `set_option linter.unusedSimpArgs false`
warning: Goldbach/BG_Identity.lean:421:46: This simp argument is unused:
  add_comm

Hint: Omit it from the simp argument list.
  simp [Finset.sum_insert, hb, ih, mul_add, add_c̵o̵m̵m̵,̵ ̵a̵d̵d̵_̵left_comm, add_assoc]

Note: This linter can be disabled with `set_option linter.unusedSimpArgs false`
warning: Goldbach/BG_Identity.lean:421:56: This simp argument is unused:
  add_left_comm

Hint: Omit it from the simp argument list.
  simp [Finset.sum_insert, hb, ih, mul_add, add_comm, a̵d̵d̵_̵l̵e̵f̵t̵_̵c̵o̵m̵m̵,̵ ̵add_assoc]

Note: This linter can be disabled with `set_option linter.unusedSimpArgs false`
warning: Goldbach/BG_Identity.lean:421:71: This simp argument is unused:
  add_assoc

Hint: Omit it from the simp argument list.
  simp [Finset.sum_insert, hb, ih, mul_add, add_comm, add_left_comm,̵ ̵a̵d̵d̵_̵a̵s̵s̵o̵c̵]

Note: This linter can be disabled with `set_option linter.unusedSimpArgs false`
warning: Goldbach/BG_Identity.lean:517:6: declaration uses 'sorry'
warning: Goldbach/BG_Identity.lean:539:4: try 'simp' instead of 'simpa'

Note: This linter can be disabled with `set_option linter.unnecessarySimpa false`
warning: Goldbach/BG_Identity.lean:562:25: try 'simp' instead of 'simpa'

Note: This linter can be disabled with `set_option linter.unnecessarySimpa false`
warning: Goldbach/BG_Identity.lean:605:6: declaration uses 'sorry'
warning: Goldbach/BG_Identity.lean:642:15: unused variable `hX`

Note: This linter can be disabled with `set_option linter.unusedVariables false`
warning: Goldbach/BG_Identity.lean:643:5: unused variable `hN`

Note: This linter can be disabled with `set_option linter.unusedVariables false`
warning: Goldbach/BG_Identity.lean:675:5: unused variable `hk`

Note: This linter can be disabled with `set_option linter.unusedVariables false`
warning: Goldbach/BG_Identity.lean:700:28: This simp argument is unused:
  hUpos.ne'

Hint: Omit it from the simp argument list.
  s̵i̵m̵p̵ ̵[̵K̵_̵f̵u̵l̵l̵,̵ ̵K̵_̵f̵u̵l̵l̵_̵r̵a̵w̵,̵ ̵h̵U̵p̵o̵s̵.̵n̵e̵'̵]̵ ̵a̵t̵ ̵*̵s̲i̲m̲p̲ ̲[̲K̲_̲f̲u̲l̲l̲,̲
  ̲ ̲ ̲ ̲ ̲K̲_̲f̲u̲l̲l̲_̲r̲a̲w̲]̲ ̲a̲t̲ ̲*̲
  ̲ ̲ ̲ ̲ ̲ ̲ ̲-̲-̲ ̲a̲f̲t̲e̲r̲ ̲s̲i̲m̲p̲,̲ ̲g̲o̲a̲l̲ ̲b̲e̲c̲o̲m̲e̲s̲ ̲`̲0̲ ̲<̲ ̲1̲ ̲/̲ ̲(̲U̲c̲u̲t̲:̲ℝ̲)̲`̲
  ̲ ̲ ̲ ̲ ̲ ̲ ̲

Note: This linter can be disabled with `set_option linter.unusedSimpArgs false`
warning: Goldbach/BG_Identity.lean:725:5: unused variable `h`

Note: This linter can be disabled with `set_option linter.unusedVariables false`
warning: Goldbach/BG_Identity.lean:732:5: unused variable `h`

Note: This linter can be disabled with `set_option linter.unusedVariables false`
warning: Goldbach/BG_Identity.lean:748:25: unused variable `X`

Note: This linter can be disabled with `set_option linter.unusedVariables false`
warning: Goldbach/BG_Identity.lean:748:27: unused variable `N`

Note: This linter can be disabled with `set_option linter.unusedVariables false`
warning: Goldbach/BG_Identity.lean:772:5: unused variable `h`

Note: This linter can be disabled with `set_option linter.unusedVariables false`
error: Goldbach/BG_Identity.lean:792:8: Type mismatch: After simplification, term
  hk
 has type
  k ∈ BG_Bank.S_BG
but is expected to have type
  -↑H ≤ k ∧ k ≤ ↑H
warning: Goldbach/BG_Identity.lean:797:8: try 'simp' instead of 'simpa'

Note: This linter can be disabled with `set_option linter.unnecessarySimpa false`
warning: Goldbach/BG_Identity.lean:825:34: unused variable `hk`

Note: This linter can be disabled with `set_option linter.unusedVariables false`
warning: Goldbach/BG_Identity.lean:829:35: unused variable `hk`

Note: This linter can be disabled with `set_option linter.unusedVariables false`
warning: Goldbach/BG_Identity.lean:930:6: declaration uses 'sorry'
error: Goldbach/BG_Identity.lean:991:14: maximum recursion depth has been reached
use `set_option maxRecDepth <num>` to increase limit
use `set_option diagnostics true` to get diagnostic information
error: Goldbach/BG_Identity.lean:998:14: maximum recursion depth has been reached
use `set_option maxRecDepth <num>` to increase limit
use `set_option diagnostics true` to get diagnostic information
error: Goldbach/BG_Identity.lean:1035:16: `simp` made no progress
error: Goldbach/BG_Identity.lean:1049:12: maximum recursion depth has been reached
use `set_option maxRecDepth <num>` to increase limit
use `set_option diagnostics true` to get diagnostic information
error: Goldbach/BG_Identity.lean:1059:10: maximum recursion depth has been reached
use `set_option maxRecDepth <num>` to increase limit
use `set_option diagnostics true` to get diagnostic information
warning: Goldbach/BG_Identity.lean:1129:5: unused variable `h`

Note: This linter can be disabled with `set_option linter.unusedVariables false`
warning: Goldbach/BG_Identity.lean:1163:54: try 'simp' instead of 'simpa'

Note: This linter can be disabled with `set_option linter.unnecessarySimpa false`
warning: Goldbach/BG_Identity.lean:1151:10: This simp argument is unused:
  Pref_of

Hint: Omit it from the simp argument list.
  simp [P̵r̵e̵f̵_̵o̵f̵,̵ ̵hk]

Note: This linter can be disabled with `set_option linter.unusedSimpArgs false`
warning: Goldbach/BG_Identity.lean:1193:8: try 'simp' instead of 'simpa'

Note: This linter can be disabled with `set_option linter.unnecessarySimpa false`
warning: Goldbach/BG_Identity.lean:1194:6: try 'simp' instead of 'simpa'

Note: This linter can be disabled with `set_option linter.unnecessarySimpa false`
error: Goldbach/BG_Identity.lean:1262:16: maximum recursion depth has been reached
use `set_option maxRecDepth <num>` to increase limit
use `set_option diagnostics true` to get diagnostic information
error: Goldbach/BG_Identity.lean:1277:18: maximum recursion depth has been reached
use `set_option maxRecDepth <num>` to increase limit
use `set_option diagnostics true` to get diagnostic information
error: Goldbach/BG_Identity.lean:1289:16: No goals to be solved
error: Goldbach/BG_Identity.lean:1301:4: maximum recursion depth has been reached
use `set_option maxRecDepth <num>` to increase limit
use `set_option diagnostics true` to get diagnostic information
error: Goldbach/BG_Identity.lean:1319:12: maximum recursion depth has been reached
use `set_option maxRecDepth <num>` to increase limit
use `set_option diagnostics true` to get diagnostic information
error: Goldbach/BG_Identity.lean:1325:12: maximum recursion depth has been reached
use `set_option maxRecDepth <num>` to increase limit
use `set_option diagnostics true` to get diagnostic information
error: Goldbach/BG_Identity.lean:1326:2: maximum recursion depth has been reached
use `set_option maxRecDepth <num>` to increase limit
use `set_option diagnostics true` to get diagnostic information
warning: Goldbach/BG_Identity.lean:1328:6: declaration uses 'sorry'
error: Goldbach/BG_Identity.lean:1374:21: maximum recursion depth has been reached
use `set_option maxRecDepth <num>` to increase limit
use `set_option diagnostics true` to get diagnostic information
warning: Goldbach/BG_Identity.lean:1402:28: unused variable `X`

Note: This linter can be disabled with `set_option linter.unusedVariables false`
warning: Goldbach/BG_Identity.lean:1402:30: unused variable `N`

Note: This linter can be disabled with `set_option linter.unusedVariables false`
warning: Goldbach/BG_Identity.lean:1403:28: unused variable `X`

Note: This linter can be disabled with `set_option linter.unusedVariables false`
warning: Goldbach/BG_Identity.lean:1403:30: unused variable `N`

Note: This linter can be disabled with `set_option linter.unusedVariables false`
error: Goldbach/BG_Identity.lean:1429:21: maximum recursion depth has been reached
use `set_option maxRecDepth <num>` to increase limit
use `set_option diagnostics true` to get diagnostic information
error: Lean exited with code 1
Some required targets logged failures:
- Goldbach.BG_Identity
error: build failed
⚠ [7587/7613] Replayed Goldbach.Compat
warning: Goldbach/Compat.lean:18:2: try 'simp' instead of 'simpa'

Note: This linter can be disabled with `set_option linter.unnecessarySimpa false`
warning: Goldbach/Compat.lean:24:40: unused variable `hb`

Note: This linter can be disabled with `set_option linter.unusedVariables false`
warning: Goldbach/Compat.lean:50:4: try 'simp' instead of 'simpa'

Note: This linter can be disabled with `set_option linter.unnecessarySimpa false`
⚠ [7590/7613] Replayed Goldbach.Windows
warning: Goldbach/Windows.lean:63:4: try 'simp' instead of 'simpa'

Note: This linter can be disabled with `set_option linter.unnecessarySimpa false`
warning: Goldbach/Windows.lean:68:2: try 'simp' instead of 'simpa'

Note: This linter can be disabled with `set_option linter.unnecessarySimpa false`
warning: Goldbach/Windows.lean:68:38: this tactic is never executed

Note: This linter can be disabled with `set_option linter.unreachableTactic false`
warning: Goldbach/Windows.lean:68:38: 'simpa using hmap' tactic does nothing

Note: This linter can be disabled with `set_option linter.unusedTactic false`
⚠ [7595/7613] Replayed Goldbach.AO_AssembleEnvelope
warning: Goldbach/AO_AssembleEnvelope.lean:67:20: try 'simp' instead of 'simpa'

Note: This linter can be disabled with `set_option linter.unnecessarySimpa false`
⚠ [7597/7613] Replayed Goldbach.AO_Major
warning: Goldbach/AO_Major.lean:21:13: unused variable `hX`

Note: This linter can be disabled with `set_option linter.unusedVariables false`
warning: Goldbach/AO_Major.lean:21:35: unused variable `hN`

Note: This linter can be disabled with `set_option linter.unusedVariables false`
warning: Goldbach/AO_Major.lean:25:24: This simp argument is unused:
  add_assoc

Hint: Omit it from the simp argument list.
  simp [Goldbach.AO_Major.errAO, Goldbach.AO_Major.weight_mass, Goldbach.AO_Core.errAO,
       ̵ ̵ ̵ ̵sub_eq_add_neg, add_a̵s̵s̵o̵c̵,̵ ̵a̵d̵d̵_̵left_comm, add_comm, mul_assoc]

Note: This linter can be disabled with `set_option linter.unusedSimpArgs false`
warning: Goldbach/AO_Major.lean:25:60: This simp argument is unused:
  mul_assoc

Hint: Omit it from the simp argument list.
  simp [Goldbach.AO_Major.errAO, Goldbach.AO_Major.weight_mass, Goldbach.AO_Core.errAO,
       ̵ ̵ ̵ ̵sub_eq_add_neg, add_assoc, add_left_comm, add_comm,̵ ̵m̵u̵l̵_̵a̵s̵s̵o̵c̵]

Note: This linter can be disabled with `set_option linter.unusedSimpArgs false`
warning: Goldbach/AO_Major.lean:46:5: unused variable `h`

Note: This linter can be disabled with `set_option linter.unusedVariables false`
warning: Goldbach/AO_Major.lean:58:24: This simp argument is unused:
  dif_pos

Hint: Omit it from the simp argument list.
  simp only [MPDF, win, d̵i̵f̵_̵p̵o̵s̵,̵ ̵mul_div_assoc']

Note: This linter can be disabled with `set_option linter.unusedSimpArgs false`
warning: Goldbach/AO_Major.lean:58:33: This simp argument is unused:
  mul_div_assoc'

Hint: Omit it from the simp argument list.
  simp only [MPDF, win, dif_pos,̵ ̵m̵u̵l̵_̵d̵i̵v̵_̵a̵s̵s̵o̵c̵'̵]

Note: This linter can be disabled with `set_option linter.unusedSimpArgs false`
warning: Goldbach/AO_Major.lean:81:69: try 'simp' instead of 'simpa'

Note: This linter can be disabled with `set_option linter.unnecessarySimpa false`
warning: Goldbach/AO_Major.lean:82:68: try 'simp' instead of 'simpa'

Note: This linter can be disabled with `set_option linter.unnecessarySimpa false`
warning: Goldbach/AO_Major.lean:83:68: try 'simp' instead of 'simpa'

Note: This linter can be disabled with `set_option linter.unnecessarySimpa false`
warning: Goldbach/AO_Major.lean:85:90: This simp argument is unused:
  add_assoc

Hint: Omit it from the simp argument list.
  simp [sub_eq_add_neg,̵ ̵a̵d̵d̵_̵a̵s̵s̵o̵c̵]

Note: This linter can be disabled with `set_option linter.unusedSimpArgs false`
warning: Goldbach/AO_Major.lean:101:24: This simp argument is unused:
  dif_pos

Hint: Omit it from the simp argument list.
  simp only [MPDF, win,̵ ̵d̵i̵f̵_̵p̵o̵s̵]

Note: This linter can be disabled with `set_option linter.unusedSimpArgs false`
⚠ [7599/7613] Replayed Goldbach.BG_Bank
warning: Goldbach/BG_Bank.lean:13:25: unused variable `n`

Note: This linter can be disabled with `set_option linter.unusedVariables false`
warning: Goldbach/BG_Bank.lean:75:4: try 'simp' instead of 'simpa'

Note: This linter can be disabled with `set_option linter.unnecessarySimpa false`
warning: Goldbach/BG_Bank.lean:75:25: this tactic is never executed

Note: This linter can be disabled with `set_option linter.unreachableTactic false`
warning: Goldbach/BG_Bank.lean:75:25: 'decide' tactic does nothing

Note: This linter can be disabled with `set_option linter.unusedTactic false`
warning: Goldbach/BG_Bank.lean:288:14: try 'simp' instead of 'simpa'

Note: This linter can be disabled with `set_option linter.unnecessarySimpa false`
warning: Goldbach/BG_Bank.lean:188:42: This simp argument is unused:
  Nat.cast_sub hn_le

Hint: Omit it from the simp argument list.
  simp only [Nat.cast_succ,̵ ̵N̵a̵t̵.̵c̵a̵s̵t̵_̵s̵u̵b̵ ̵h̵n̵_̵l̵e̵]

Note: This linter can be disabled with `set_option linter.unusedSimpArgs false`
warning: Goldbach/BG_Bank.lean:194:24: This simp argument is unused:
  abs_of_nonneg hlog_Nm_nn

Hint: Omit it from the simp argument list.
  simp [hp,̵ ̵a̵b̵s̵_̵o̵f̵_̵n̵o̵n̵n̵e̵g̵ ̵h̵l̵o̵g̵_̵N̵m̵_̵n̵n̵]

Note: This linter can be disabled with `set_option linter.unusedSimpArgs false`
warning: Goldbach/BG_Bank.lean:202:24: This simp argument is unused:
  abs_of_nonneg hlog_Np1_nn

Hint: Omit it from the simp argument list.
  simp [hp,̵ ̵a̵b̵s̵_̵o̵f̵_̵n̵o̵n̵n̵e̵g̵ ̵h̵l̵o̵g̵_̵N̵p̵1̵_̵n̵n̵]

Note: This linter can be disabled with `set_option linter.unusedSimpArgs false`
warning: Goldbach/BG_Bank.lean:218:46: This simp argument is unused:
  mul_comm

Hint: Omit it from the simp argument list.
  simp [abs_mul, mul_assoc, m̵u̵l̵_̵c̵o̵m̵m̵,̵ ̵mul_left_comm]

Note: This linter can be disabled with `set_option linter.unusedSimpArgs false`
warning: Goldbach/BG_Bank.lean:326:20: This simp argument is unused:
  hlogXabs

Hint: Omit it from the simp argument list.
  simp [h̵l̵o̵g̵X̵a̵b̵s̵,̵ ̵mul_comm, mul_left_comm, mul_assoc]

Note: This linter can be disabled with `set_option linter.unusedSimpArgs false`
warning: Goldbach/BG_Bank.lean:326:30: This simp argument is unused:
  mul_comm

Hint: Omit it from the simp argument list.
  simp [hlogXabs, m̵u̵l̵_̵c̵o̵m̵m̵,̵ ̵mul_left_comm, mul_assoc]

Note: This linter can be disabled with `set_option linter.unusedSimpArgs false`
warning: Goldbach/BG_Bank.lean:403:14: try 'simp' instead of 'simpa'

Note: This linter can be disabled with `set_option linter.unnecessarySimpa false`
warning: Goldbach/BG_Bank.lean:405:14: try 'simp' instead of 'simpa'

Note: This linter can be disabled with `set_option linter.unnecessarySimpa false`
warning: Goldbach/BG_Bank.lean:407:40: This simp argument is unused:
  add_comm

Hint: Omit it from the simp argument list.
  simp [div_self, hlogX_ne, add_c̵o̵m̵m̵,̵ ̵a̵d̵d̵_̵left_comm, add_assoc]

Note: This linter can be disabled with `set_option linter.unusedSimpArgs false`
warning: Goldbach/BG_Bank.lean:407:50: This simp argument is unused:
  add_left_comm

Hint: Omit it from the simp argument list.
  simp [div_self, hlogX_ne, add_comm, a̵d̵d̵_̵l̵e̵f̵t̵_̵c̵o̵m̵m̵,̵ ̵add_assoc]

Note: This linter can be disabled with `set_option linter.unusedSimpArgs false`
warning: Goldbach/BG_Bank.lean:407:65: This simp argument is unused:
  add_assoc

Hint: Omit it from the simp argument list.
  simp [div_self, hlogX_ne, add_comm, add_left_comm,̵ ̵a̵d̵d̵_̵a̵s̵s̵o̵c̵]

Note: This linter can be disabled with `set_option linter.unusedSimpArgs false`
warning: Goldbach/BG_Bank.lean:547:63: try 'simp' instead of 'simpa'

Note: This linter can be disabled with `set_option linter.unnecessarySimpa false`
warning: Goldbach/BG_Bank.lean:550:47: This simp argument is unused:
  add_comm

Hint: Omit it from the simp argument list.
  simp [add_div, div_self, hlogX_ne, add_c̵o̵m̵m̵,̵ ̵a̵d̵d̵_̵left_comm, add_assoc]

Note: This linter can be disabled with `set_option linter.unusedSimpArgs false`
warning: Goldbach/BG_Bank.lean:550:57: This simp argument is unused:
  add_left_comm

Hint: Omit it from the simp argument list.
  simp [add_div, div_self, hlogX_ne, add_comm, a̵d̵d̵_̵l̵e̵f̵t̵_̵c̵o̵m̵m̵,̵ ̵add_assoc]

Note: This linter can be disabled with `set_option linter.unusedSimpArgs false`
warning: Goldbach/BG_Bank.lean:550:72: This simp argument is unused:
  add_assoc

Hint: Omit it from the simp argument list.
  simp [add_div, div_self, hlogX_ne, add_comm, add_left_comm,̵ ̵a̵d̵d̵_̵a̵s̵s̵o̵c̵]

Note: This linter can be disabled with `set_option linter.unusedSimpArgs false`
warning: Goldbach/BG_Bank.lean:559:56: This simp argument is unused:
  add_left_comm

Hint: Omit it from the simp argument list.
  simp [c, Nat.cast_add, Nat.cast_one, add_assoc, a̵d̵d̵_̵l̵e̵f̵t̵_̵c̵o̵m̵m̵,̵ ̵add_comm, add_div, div_self hX0_ne]

Note: This linter can be disabled with `set_option linter.unusedSimpArgs false`
⚠ [7600/7613] Replayed Goldbach.BG_Operator
warning: Goldbach/BG_Operator.lean:31:2: try 'simp' instead of 'simpa'

Note: This linter can be disabled with `set_option linter.unnecessarySimpa false`
warning: Goldbach/BG_Operator.lean:98:2: try 'simp' instead of 'simpa'

Note: This linter can be disabled with `set_option linter.unnecessarySimpa false`
⚠ [7602/7613] Replayed Goldbach.SingularSeries
warning: Goldbach/SingularSeries.lean:40:5: unused variable `h`

Note: This linter can be disabled with `set_option linter.unusedVariables false`
warning: Goldbach/SingularSeries.lean:88:8: `Finset.eq_empty_iff_forall_not_mem` has been deprecated: Use `Finset.eq_empty_iff_forall_notMem` instead
warning: Goldbach/SingularSeries.lean:98:4: try 'simp' instead of 'simpa'

Note: This linter can be disabled with `set_option linter.unnecessarySimpa false`
warning: Goldbach/SingularSeries.lean:99:28: this tactic is never executed

Note: This linter can be disabled with `set_option linter.unreachableTactic false`
warning: Goldbach/SingularSeries.lean:99:57: this tactic is never executed

Note: This linter can be disabled with `set_option linter.unreachableTactic false`
warning: Goldbach/SingularSeries.lean:99:28: 'decide' tactic does nothing

Note: This linter can be disabled with `set_option linter.unusedTactic false`
warning: Goldbach/SingularSeries.lean:99:57: 'decide' tactic does nothing

Note: This linter can be disabled with `set_option linter.unusedTactic false`
⚠ [7604/7613] Replayed Goldbach.PPNumerics
warning: Goldbach/PPNumerics.lean:24:42: try 'simp' instead of 'simpa'

Note: This linter can be disabled with `set_option linter.unnecessarySimpa false`
warning: Goldbach/PPNumerics.lean:27:6: try 'simp' instead of 'simpa'

Note: This linter can be disabled with `set_option linter.unnecessarySimpa false`
⚠ [7605/7613] Replayed Goldbach.PPBoundSquares
warning: Goldbach/PPBoundSquares.lean:41:8: try 'simp' instead of 'simpa'

Note: This linter can be disabled with `set_option linter.unnecessarySimpa false`
warning: Goldbach/PPBoundSquares.lean:228:10: try 'simp' instead of 'simpa'

Note: This linter can be disabled with `set_option linter.unnecessarySimpa false`
⚠ [7607/7613] Replayed Goldbach.AnalyticGlobal
warning: Goldbach/AnalyticGlobal.lean:65:28: This simp argument is unused:
  one_div

Hint: Omit it from the simp argument list.
  simp [div_eq_mul_inv, o̵n̵e̵_̵d̵i̵v̵,̵ ̵mul_comm]

Note: This linter can be disabled with `set_option linter.unusedSimpArgs false`
warning: Goldbach/AnalyticGlobal.lean:68:30: This simp argument is unused:
  one_div

Hint: Omit it from the simp argument list.
  simp [div_eq_mul_inv, o̵n̵e̵_̵d̵i̵v̵,̵ ̵mul_comm]

Note: This linter can be disabled with `set_option linter.unusedSimpArgs false`
warning: Goldbach/AnalyticGlobal.lean:70:39: This simp argument is unused:
  mul_left_comm

Hint: Omit it from the simp argument list.
  simp [one_div, S_ne, mul_comm, mul_l̵e̵f̵t̵_̵c̵o̵m̵m̵,̵ ̵m̵u̵l̵_̵assoc]

Note: This linter can be disabled with `set_option linter.unusedSimpArgs false`
warning: Goldbach/AnalyticGlobal.lean:70:54: This simp argument is unused:
  mul_assoc

Hint: Omit it from the simp argument list.
  simp [one_div, S_ne, mul_comm, mul_left_comm,̵ ̵m̵u̵l̵_̵a̵s̵s̵o̵c̵]

Note: This linter can be disabled with `set_option linter.unusedSimpArgs false`
⚠ [7608/7613] Replayed Goldbach.BankPieces
warning: Goldbach/BankPieces.lean:15:63: `class ... :=` has been deprecated in favor of `class ... where`.

Note: This linter can be disabled with `set_option linter.deprecated false`
⚠ [7610/7613] Replayed Goldbach.Analytic.MajorBoundFromSigma
warning: Goldbach/Analytic/MajorBoundFromSigma.lean:21:75: `structure ... :=` has been deprecated in favor of `structure ... where`.

Note: This linter can be disabled with `set_option linter.deprecated false`
⚠ [7611/7613] Replayed Goldbach.Analytic.NumericSigma
warning: Goldbach/Analytic/NumericSigma.lean:23:32: unused variable `hX`

Note: This linter can be disabled with `set_option linter.unusedVariables false`
✖ [7613/7613] Building Goldbach.BG_Identity (75s)
trace: .> LEAN_PATH=/Users/benjaminnelson/Desktop/nerd shit/goldbach/builds/Goldbach/.lake/packages/Cli/.lake/build/lib/lean:/Users/benjaminnelson/Desktop/nerd shit/goldbach/builds/Goldbach/.lake/packages/batteries/.lake/build/lib/lean:/Users/benjaminnelson/Desktop/nerd shit/goldbach/builds/Goldbach/.lake/packages/Qq/.lake/build/lib/lean:/Users/benjaminnelson/Desktop/nerd shit/goldbach/builds/Goldbach/.lake/packages/aesop/.lake/build/lib/lean:/Users/benjaminnelson/Desktop/nerd shit/goldbach/builds/Goldbach/.lake/packages/proofwidgets/.lake/build/lib/lean:/Users/benjaminnelson/Desktop/nerd shit/goldbach/builds/Goldbach/.lake/packages/importGraph/.lake/build/lib/lean:/Users/benjaminnelson/Desktop/nerd shit/goldbach/builds/Goldbach/.lake/packages/LeanSearchClient/.lake/build/lib/lean:/Users/benjaminnelson/Desktop/nerd shit/goldbach/builds/Goldbach/.lake/packages/plausible/.lake/build/lib/lean:/Users/benjaminnelson/Desktop/nerd shit/goldbach/builds/Goldbach/.lake/packages/mathlib/.lake/build/lib/lean:/Users/benjaminnelson/Desktop/nerd shit/goldbach/builds/Goldbach/.lake/build/lib/lean /Users/benjaminnelson/.elan/toolchains/leanprover--lean4---v4.26.0-rc2/bin/lean /Users/benjaminnelson/Desktop/nerd shit/goldbach/builds/Goldbach/Goldbach/BG_Identity.lean -o /Users/benjaminnelson/Desktop/nerd shit/goldbach/builds/Goldbach/.lake/build/lib/lean/Goldbach/BG_Identity.olean -i /Users/benjaminnelson/Desktop/nerd shit/goldbach/builds/Goldbach/.lake/build/lib/lean/Goldbach/BG_Identity.ilean -c /Users/benjaminnelson/Desktop/nerd shit/goldbach/builds/Goldbach/.lake/build/ir/Goldbach/BG_Identity.c --setup /Users/benjaminnelson/Desktop/nerd shit/goldbach/builds/Goldbach/.lake/build/ir/Goldbach/BG_Identity.setup.json --json
warning: Goldbach/BG_Identity.lean:149:48: This simp argument is unused:
  add_comm

Hint: Omit it from the simp argument list.
  simp [Finset.sum_insert, hk, ih, mul_add, a̵d̵d̵_̵c̵o̵m̵m̵,̵ ̵add_left_comm, add_assoc, mul_comm, mul_left_comm,
  ̲  ̲ ̲ ̲ ̲ ̲ ̲ ̲mul_assoc]

Note: This linter can be disabled with `set_option linter.unusedSimpArgs false`
warning: Goldbach/BG_Identity.lean:149:58: This simp argument is unused:
  add_left_comm

Hint: Omit it from the simp argument list.
  simp [Finset.sum_insert, hk, ih, mul_add, add_comm, a̵d̵d̵_̵l̵e̵f̵t̵_̵c̵o̵m̵m̵,̵add_assoc, mul_comm, mul_left_comm,
  ̲  ̲ ̲ ̲ ̲ ̲ ̲ ̲mul_assoc]

Note: This linter can be disabled with `set_option linter.unusedSimpArgs false`
warning: Goldbach/BG_Identity.lean:150:12: This simp argument is unused:
  add_assoc

Hint: Omit it from the simp argument list.
  simp [Finset.sum_insert, hk, ih, mul_add, add_comm, add_left_comm, a̵d̵d̵_̵a̵s̵s̵o̵c̵,̵ ̵mul_comm, mul_left_comm,
  ̲  ̲ ̲ ̲ ̲ ̲ ̲ ̲mul_assoc]

Note: This linter can be disabled with `set_option linter.unusedSimpArgs false`
warning: Goldbach/BG_Identity.lean:150:23: This simp argument is unused:
  mul_comm

Hint: Omit it from the simp argument list.
  simp [Finset.sum_insert, hk, ih, mul_add, add_comm, add_left_comm, add_assoc, m̵u̵l̵_̵c̵o̵m̵m̵,̵ ̵mul_left_comm,
  ̲  ̲ ̲ ̲ ̲ ̲ ̲ ̲mul_assoc]

Note: This linter can be disabled with `set_option linter.unusedSimpArgs false`
warning: Goldbach/BG_Identity.lean:150:33: This simp argument is unused:
  mul_left_comm

Hint: Omit it from the simp argument list.
  simp [Finset.sum_insert, hk, ih, mul_add, add_comm, add_left_comm, add_assoc, mul_comm,
  ̲  ̲ ̲ ̲ ̲ ̲ ̲ ̲m̵u̵l̵_̵l̵e̵f̵t̵_̵c̵o̵m̵m̵,̵ ̵mul_assoc]

Note: This linter can be disabled with `set_option linter.unusedSimpArgs false`
warning: Goldbach/BG_Identity.lean:150:48: This simp argument is unused:
  mul_assoc

Hint: Omit it from the simp argument list.
  simp [Finset.sum_insert, hk, ih, mul_add, add_comm, add_left_comm, add_assoc, mul_comm,
  ̲  ̲ ̲ ̲ ̲ ̲ ̲ ̲m̵u̵l̵_̵l̵e̵f̵t̵_̵c̵o̵m̵m̵,̵ ̵m̵u̵l̵_̵a̵s̵s̵o̵c̵]̵m̲u̲l̲_̲l̲e̲f̲t̲_̲c̲o̲m̲m̲]̲

Note: This linter can be disabled with `set_option linter.unusedSimpArgs false`
error: Goldbach/BG_Identity.lean:219:15: Unknown constant `Int.natAbs_ofNat`
error: Goldbach/BG_Identity.lean:220:21: Unknown constant `Int.natAbs_ofNat`
error: Goldbach/BG_Identity.lean:197:76: unsolved goals
m : ℕ
hm : m ≤ Ucut
hnonneg : 0 ≤ 1 - ↑m / ↑Ucut
hmax : max (1 - ↑m / ↑Ucut) 0 = 1 - ↑m / ↑Ucut
hbranch : max (1 - ↑(Int.ofNat m).natAbs / ↑Ucut) 0 = 1 - ↑(Int.ofNat m).natAbs / ↑Ucut
⊢ max (1 - ↑m / (↑H + ↑((H + 99) / 100))) 0 / (↑H + ↑((H + 99) / 100)) =
    (1 - ↑m / (↑H + ↑((H + 99) / 100))) / (↑H + ↑((H + 99) / 100))
warning: Goldbach/BG_Identity.lean:204:12: This simp argument is unused:
  hU

Hint: Omit it from the simp argument list.
  simp [hU̵,̵ ̵h̵m0]

Note: This linter can be disabled with `set_option linter.unusedSimpArgs false`
warning: Goldbach/BG_Identity.lean:220:8: This simp argument is unused:
  hbranch

Hint: Omit it from the simp argument list.
  simp [h̵b̵r̵a̵n̵c̵h̵,̵ ̵Int.natAbs_ofNat]

Note: This linter can be disabled with `set_option linter.unusedSimpArgs false`
warning: Goldbach/BG_Identity.lean:246:10: This simp argument is unused:
  Finset.sum_insert

Hint: Omit it from the simp argument list.
  simp [̵F̵i̵n̵s̵e̵t̵.̵s̵u̵m̵_̵i̵n̵s̵e̵r̵t̵,̵ ̵h̵a̵,̵[̲h̲a̲,̲ ih, mul_add, add_comm, add_left_comm, add_assoc, mul_comm, mul_left_comm, mul_assoc]

Note: This linter can be disabled with `set_option linter.unusedSimpArgs false`
warning: Goldbach/BG_Identity.lean:246:33: This simp argument is unused:
  ih

Hint: Omit it from the simp argument list.
  simp [Finset.sum_insert, ha, i̵h̵,̵ ̵mul_add, add_comm, add_left_comm,
  ̵  ̵ ̵ ̵ ̵ ̵ ̵ ̵ ̵ ̵add_assoc, mul_comm,
  ̲  ̲ ̲ ̲ ̲ ̲mul_left_comm, mul_assoc]

Note: This linter can be disabled with `set_option linter.unusedSimpArgs false`
warning: Goldbach/BG_Identity.lean:246:56: This simp argument is unused:
  add_left_comm

Hint: Omit it from the simp argument list.
  simp [Finset.sum_insert, ha, ih, mul_add, add_comm, a̵d̵d̵_̵l̵e̵f̵t̵_̵c̵o̵m̵m̵,̵add_assoc, mul_comm, mul_left_comm,
  ̲  ̲ ̲ ̲ ̲ ̲mul_assoc]

Note: This linter can be disabled with `set_option linter.unusedSimpArgs false`
warning: Goldbach/BG_Identity.lean:247:10: This simp argument is unused:
  add_assoc

Hint: Omit it from the simp argument list.
  simp [Finset.sum_insert, ha, ih, mul_add, add_comm, add_left_comm, a̵d̵d̵_̵a̵s̵s̵o̵c̵,̵ ̵mul_comm, mul_left_comm,
  ̲  ̲ ̲ ̲ ̲ ̲mul_assoc]

Note: This linter can be disabled with `set_option linter.unusedSimpArgs false`
warning: Goldbach/BG_Identity.lean:247:31: This simp argument is unused:
  mul_left_comm

Hint: Omit it from the simp argument list.
  simp [Finset.sum_insert, ha, ih, mul_add, add_comm, add_left_comm, add_assoc, mul_comm,
  ̲  ̲ ̲ ̲ ̲ ̲m̵u̵l̵_̵l̵e̵f̵t̵_̵c̵o̵m̵m̵,̵ ̵mul_assoc]

Note: This linter can be disabled with `set_option linter.unusedSimpArgs false`
warning: Goldbach/BG_Identity.lean:247:46: This simp argument is unused:
  mul_assoc

Hint: Omit it from the simp argument list.
  simp [Finset.sum_insert, ha, ih, mul_add, add_comm, add_left_comm, add_assoc, mul_comm,
  ̲  ̲ ̲ ̲ ̲ ̲m̵u̵l̵_̵l̵e̵f̵t̵_̵c̵o̵m̵m̵,̵ ̵m̵u̵l̵_̵a̵s̵s̵o̵c̵]̵m̲u̲l̲_̲l̲e̲f̲t̲_̲c̲o̲m̲m̲]̲

Note: This linter can be disabled with `set_option linter.unusedSimpArgs false`
warning: Goldbach/BG_Identity.lean:278:10: try 'simp' instead of 'simpa'

Note: This linter can be disabled with `set_option linter.unnecessarySimpa false`
warning: Goldbach/BG_Identity.lean:285:10: try 'simp' instead of 'simpa'

Note: This linter can be disabled with `set_option linter.unnecessarySimpa false`
error: Goldbach/BG_Identity.lean:268:2: unsolved goals
case h.mpr
n : ℕ
z : ℤ
hz : z ∈ Finset.Icc (-↑n) ↑n
hI : -↑n ≤ z ∧ z ≤ ↑n
hz_ne_pos : z ≠ ↑n.succ
hz_ne_neg : z ≠ -↑n.succ
hzI' : z ∈ Finset.Icc (-↑n.succ) ↑n.succ
⊢ -1 < z + ↑n ∧ z < ↑n + 1
warning: Goldbach/BG_Identity.lean:292:10: This simp argument is unused:
  Finset.mem_erase

Hint: Omit it from the simp argument list.
  simp [F̵i̵n̵s̵e̵t̵.̵m̵e̵m̵_̵e̵r̵a̵s̵e̵,̵ ̵hz_ne_pos, hz_ne_neg, hzI']

Note: This linter can be disabled with `set_option linter.unusedSimpArgs false`
warning: Goldbach/BG_Identity.lean:292:28: This simp argument is unused:
  hz_ne_pos

Hint: Omit it from the simp argument list.
  simp [Finset.mem_erase, h̵z̵_̵n̵e̵_̵p̵o̵s̵,̵ ̵hz_ne_neg, hzI']

Note: This linter can be disabled with `set_option linter.unusedSimpArgs false`
warning: Goldbach/BG_Identity.lean:292:39: This simp argument is unused:
  hz_ne_neg

Hint: Omit it from the simp argument list.
  simp [Finset.mem_erase, hz_ne_pos, hz_̵n̵e̵_̵n̵e̵g̵,̵ ̵h̵z̵I']

Note: This linter can be disabled with `set_option linter.unusedSimpArgs false`
warning: Goldbach/BG_Identity.lean:292:50: This simp argument is unused:
  hzI'

Hint: Omit it from the simp argument list.
  simp [Finset.mem_erase, hz_ne_pos, hz_ne_neg,̵ ̵h̵z̵I̵'̵]

Note: This linter can be disabled with `set_option linter.unusedSimpArgs false`
error: Goldbach/BG_Identity.lean:340:8: Type mismatch: After simplification, term
  hstep2
 has type
  f (-↑n + -1) + ∑ x ∈ (s.erase (↑n + 1)).erase (-↑n + -1), f x = ∑ x ∈ s.erase (↑n + 1), f x
but is expected to have type
  ∑ x ∈ s.erase (↑n + 1), f x = f (-↑n + -1) + ∑ x ∈ (s.erase (↑n + 1)).erase (-↑n + -1), f x
warning: Goldbach/BG_Identity.lean:354:13: `Finset.range_succ` has been deprecated: Use `Finset.range_add_one` instead
warning: Goldbach/BG_Identity.lean:354:6: try 'simp' instead of 'simpa'

Note: This linter can be disabled with `set_option linter.unnecessarySimpa false`
warning: Goldbach/BG_Identity.lean:366:23: `Int.ofNat_eq_coe` has been deprecated: Use `Int.ofNat_eq_natCast` instead
error: Goldbach/BG_Identity.lean:369:12: Tactic `assumption` failed

f : ℤ → ℝ
hEven : ∀ (z : ℤ), f (-z) = f z
n : ℕ
ih : (Finset.Icc (-↑n) ↑n).sum f = f 0 + 2 * ∑ k ∈ Finset.range n, f (Int.ofNat k.succ)
s : Finset ℤ := Finset.Icc (-↑n.succ) ↑n.succ
s0 : Finset ℤ := s.erase ↑n.succ
s1 : Finset ℤ := s0.erase (-↑n.succ)
hmem_pos : ↑n.succ ∈ s
hmem_neg : -↑n.succ ∈ s
hmem_neg_s0 : -↑n.succ ∈ s0
hstep1 : ∑ x ∈ s.erase ↑n.succ, f x + f ↑n.succ = ∑ x ∈ s, f x
hstep2 : ∑ x ∈ s0.erase (-↑n.succ), f x + f (-↑n.succ) = ∑ x ∈ s0, f x
hs1 : s1 = Finset.Icc (-↑n) ↑n
this✝ : s.sum f = s1.sum f + f (-↑n.succ) + f ↑n.succ
hIH : (Finset.Icc (-↑n) ↑n).sum f = f 0 + 2 * ∑ k ∈ Finset.range n, f (Int.ofNat k.succ)
hrange :
  ∑ k ∈ Finset.range n.succ, f (Int.ofNat k.succ) = ∑ k ∈ Finset.range n, f (Int.ofNat k.succ) + f (Int.ofNat n.succ)
this : s.sum f = (Finset.Icc (-↑n) ↑n).sum f + f (↑n + 1) + f (-1 + -↑n)
⊢ ∑ x ∈ Finset.range n, f (↑x + 1) + f (↑n + 1) = ∑ x ∈ Finset.range (n + 1), f (↑x + 1)
error: Goldbach/BG_Identity.lean:393:6: Type mismatch: After simplification, term
  this
 has type
  True
but is expected to have type
  ↑n + 2 = ↑n + 1 + 1 ∨ ↑n + 1 = 0
error: Goldbach/BG_Identity.lean:394:4: Tactic `assumption` failed

case succ
n : ℕ
ih : ∑ k ∈ Finset.range n, ↑k.succ = ↑n * (↑n + 1) / 2
h : ∑ x ∈ Finset.range (n + 1), ↑x.succ = ∑ x ∈ Finset.range n, ↑x.succ + ↑n.succ
h' : ∑ k ∈ Finset.range n.succ, ↑k.succ = ∑ k ∈ Finset.range n, ↑k.succ + ↑n.succ
h'' : ↑n * (↑n + 1) / 2 + ↑n.succ = ↑n.succ * (↑n.succ + 1) / 2
⊢ ∑ x ∈ Finset.range (n + 1), (↑x + 1) = (↑n + 1) * (↑n + 1 + 1) / 2
warning: Goldbach/BG_Identity.lean:409:44: try 'simp' instead of 'simpa'

Note: This linter can be disabled with `set_option linter.unnecessarySimpa false`
warning: Goldbach/BG_Identity.lean:412:50: This simp argument is unused:
  add_comm

Hint: Omit it from the simp argument list.
  simp [h₁, h₂, Finset.sum_insert, ha, mul_add, add_c̵o̵m̵m̵,̵ ̵a̵d̵d̵_̵left_comm, add_assoc]

Note: This linter can be disabled with `set_option linter.unusedSimpArgs false`
warning: Goldbach/BG_Identity.lean:412:60: This simp argument is unused:
  add_left_comm

Hint: Omit it from the simp argument list.
  simp [h₁, h₂, Finset.sum_insert, ha, mul_add, add_comm, a̵d̵d̵_̵l̵e̵f̵t̵_̵c̵o̵m̵m̵,̵ ̵add_assoc]

Note: This linter can be disabled with `set_option linter.unusedSimpArgs false`
warning: Goldbach/BG_Identity.lean:412:75: This simp argument is unused:
  add_assoc

Hint: Omit it from the simp argument list.
  simp [h₁, h₂, Finset.sum_insert, ha, mul_add, add_comm, add_left_comm,̵ ̵a̵d̵d̵_̵a̵s̵s̵o̵c̵]

Note: This linter can be disabled with `set_option linter.unusedSimpArgs false`
warning: Goldbach/BG_Identity.lean:421:46: This simp argument is unused:
  add_comm

Hint: Omit it from the simp argument list.
  simp [Finset.sum_insert, hb, ih, mul_add, add_c̵o̵m̵m̵,̵ ̵a̵d̵d̵_̵left_comm, add_assoc]

Note: This linter can be disabled with `set_option linter.unusedSimpArgs false`
warning: Goldbach/BG_Identity.lean:421:56: This simp argument is unused:
  add_left_comm

Hint: Omit it from the simp argument list.
  simp [Finset.sum_insert, hb, ih, mul_add, add_comm, a̵d̵d̵_̵l̵e̵f̵t̵_̵c̵o̵m̵m̵,̵ ̵add_assoc]

Note: This linter can be disabled with `set_option linter.unusedSimpArgs false`
warning: Goldbach/BG_Identity.lean:421:71: This simp argument is unused:
  add_assoc

Hint: Omit it from the simp argument list.
  simp [Finset.sum_insert, hb, ih, mul_add, add_comm, add_left_comm,̵ ̵a̵d̵d̵_̵a̵s̵s̵o̵c̵]

Note: This linter can be disabled with `set_option linter.unusedSimpArgs false`
warning: Goldbach/BG_Identity.lean:517:6: declaration uses 'sorry'
warning: Goldbach/BG_Identity.lean:539:4: try 'simp' instead of 'simpa'

Note: This linter can be disabled with `set_option linter.unnecessarySimpa false`
warning: Goldbach/BG_Identity.lean:562:25: try 'simp' instead of 'simpa'

Note: This linter can be disabled with `set_option linter.unnecessarySimpa false`
warning: Goldbach/BG_Identity.lean:605:6: declaration uses 'sorry'
warning: Goldbach/BG_Identity.lean:642:15: unused variable `hX`

Note: This linter can be disabled with `set_option linter.unusedVariables false`
warning: Goldbach/BG_Identity.lean:643:5: unused variable `hN`

Note: This linter can be disabled with `set_option linter.unusedVariables false`
warning: Goldbach/BG_Identity.lean:675:5: unused variable `hk`

Note: This linter can be disabled with `set_option linter.unusedVariables false`
warning: Goldbach/BG_Identity.lean:700:28: This simp argument is unused:
  hUpos.ne'

Hint: Omit it from the simp argument list.
  s̵i̵m̵p̵ ̵[̵K̵_̵f̵u̵l̵l̵,̵ ̵K̵_̵f̵u̵l̵l̵_̵r̵a̵w̵,̵ ̵h̵U̵p̵o̵s̵.̵n̵e̵'̵]̵ ̵a̵t̵ ̵*̵s̲i̲m̲p̲ ̲[̲K̲_̲f̲u̲l̲l̲,̲
  ̲ ̲ ̲ ̲ ̲K̲_̲f̲u̲l̲l̲_̲r̲a̲w̲]̲ ̲a̲t̲ ̲*̲
  ̲ ̲ ̲ ̲ ̲ ̲ ̲-̲-̲ ̲a̲f̲t̲e̲r̲ ̲s̲i̲m̲p̲,̲ ̲g̲o̲a̲l̲ ̲b̲e̲c̲o̲m̲e̲s̲ ̲`̲0̲ ̲<̲ ̲1̲ ̲/̲ ̲(̲U̲c̲u̲t̲:̲ℝ̲)̲`̲
  ̲ ̲ ̲ ̲ ̲ ̲ ̲

Note: This linter can be disabled with `set_option linter.unusedSimpArgs false`
warning: Goldbach/BG_Identity.lean:725:5: unused variable `h`

Note: This linter can be disabled with `set_option linter.unusedVariables false`
warning: Goldbach/BG_Identity.lean:732:5: unused variable `h`

Note: This linter can be disabled with `set_option linter.unusedVariables false`
warning: Goldbach/BG_Identity.lean:748:25: unused variable `X`

Note: This linter can be disabled with `set_option linter.unusedVariables false`
warning: Goldbach/BG_Identity.lean:748:27: unused variable `N`

Note: This linter can be disabled with `set_option linter.unusedVariables false`
warning: Goldbach/BG_Identity.lean:772:5: unused variable `h`

Note: This linter can be disabled with `set_option linter.unusedVariables false`
warning: Goldbach/BG_Identity.lean:798:8: try 'simp' instead of 'simpa'

Note: This linter can be disabled with `set_option linter.unnecessarySimpa false`
warning: Goldbach/BG_Identity.lean:799:6: try 'simp' instead of 'simpa'

Note: This linter can be disabled with `set_option linter.unnecessarySimpa false`
warning: Goldbach/BG_Identity.lean:828:34: unused variable `hk`

Note: This linter can be disabled with `set_option linter.unusedVariables false`
warning: Goldbach/BG_Identity.lean:832:35: unused variable `hk`

Note: This linter can be disabled with `set_option linter.unusedVariables false`
warning: Goldbach/BG_Identity.lean:933:6: declaration uses 'sorry'
error: Goldbach/BG_Identity.lean:994:14: maximum recursion depth has been reached
use `set_option maxRecDepth <num>` to increase limit
use `set_option diagnostics true` to get diagnostic information
error: Goldbach/BG_Identity.lean:1001:14: maximum recursion depth has been reached
use `set_option maxRecDepth <num>` to increase limit
use `set_option diagnostics true` to get diagnostic information
error: Goldbach/BG_Identity.lean:1038:16: `simp` made no progress
error: Goldbach/BG_Identity.lean:1052:12: maximum recursion depth has been reached
use `set_option maxRecDepth <num>` to increase limit
use `set_option diagnostics true` to get diagnostic information
error: Goldbach/BG_Identity.lean:1062:10: maximum recursion depth has been reached
use `set_option maxRecDepth <num>` to increase limit
use `set_option diagnostics true` to get diagnostic information
warning: Goldbach/BG_Identity.lean:1132:5: unused variable `h`

Note: This linter can be disabled with `set_option linter.unusedVariables false`
warning: Goldbach/BG_Identity.lean:1166:54: try 'simp' instead of 'simpa'

Note: This linter can be disabled with `set_option linter.unnecessarySimpa false`
warning: Goldbach/BG_Identity.lean:1154:10: This simp argument is unused:
  Pref_of

Hint: Omit it from the simp argument list.
  simp [P̵r̵e̵f̵_̵o̵f̵,̵ ̵hk]

Note: This linter can be disabled with `set_option linter.unusedSimpArgs false`
warning: Goldbach/BG_Identity.lean:1196:8: try 'simp' instead of 'simpa'

Note: This linter can be disabled with `set_option linter.unnecessarySimpa false`
warning: Goldbach/BG_Identity.lean:1197:6: try 'simp' instead of 'simpa'

Note: This linter can be disabled with `set_option linter.unnecessarySimpa false`
error: Goldbach/BG_Identity.lean:1265:16: maximum recursion depth has been reached
use `set_option maxRecDepth <num>` to increase limit
use `set_option diagnostics true` to get diagnostic information
error: Goldbach/BG_Identity.lean:1280:18: maximum recursion depth has been reached
use `set_option maxRecDepth <num>` to increase limit
use `set_option diagnostics true` to get diagnostic information
error: Goldbach/BG_Identity.lean:1292:16: No goals to be solved
error: Goldbach/BG_Identity.lean:1304:4: maximum recursion depth has been reached
use `set_option maxRecDepth <num>` to increase limit
use `set_option diagnostics true` to get diagnostic information
error: Goldbach/BG_Identity.lean:1322:12: maximum recursion depth has been reached
use `set_option maxRecDepth <num>` to increase limit
use `set_option diagnostics true` to get diagnostic information
error: Goldbach/BG_Identity.lean:1328:12: maximum recursion depth has been reached
use `set_option maxRecDepth <num>` to increase limit
use `set_option diagnostics true` to get diagnostic information
error: Goldbach/BG_Identity.lean:1329:2: maximum recursion depth has been reached
use `set_option maxRecDepth <num>` to increase limit
use `set_option diagnostics true` to get diagnostic information
warning: Goldbach/BG_Identity.lean:1331:6: declaration uses 'sorry'
error: Goldbach/BG_Identity.lean:1377:21: maximum recursion depth has been reached
use `set_option maxRecDepth <num>` to increase limit
use `set_option diagnostics true` to get diagnostic information
warning: Goldbach/BG_Identity.lean:1405:28: unused variable `X`

Note: This linter can be disabled with `set_option linter.unusedVariables false`
warning: Goldbach/BG_Identity.lean:1405:30: unused variable `N`

Note: This linter can be disabled with `set_option linter.unusedVariables false`
warning: Goldbach/BG_Identity.lean:1406:28: unused variable `X`

Note: This linter can be disabled with `set_option linter.unusedVariables false`
warning: Goldbach/BG_Identity.lean:1406:30: unused variable `N`

Note: This linter can be disabled with `set_option linter.unusedVariables false`
error: Goldbach/BG_Identity.lean:1432:21: maximum recursion depth has been reached
use `set_option maxRecDepth <num>` to increase limit
use `set_option diagnostics true` to get diagnostic information
error: Lean exited with code 1
Some required targets logged failures:
- Goldbach.BG_Identity
error: build failed
⚠ [7587/7613] Replayed Goldbach.Compat
warning: Goldbach/Compat.lean:18:2: try 'simp' instead of 'simpa'

Note: This linter can be disabled with `set_option linter.unnecessarySimpa false`
warning: Goldbach/Compat.lean:24:40: unused variable `hb`

Note: This linter can be disabled with `set_option linter.unusedVariables false`
warning: Goldbach/Compat.lean:50:4: try 'simp' instead of 'simpa'

Note: This linter can be disabled with `set_option linter.unnecessarySimpa false`
⚠ [7590/7613] Replayed Goldbach.Windows
warning: Goldbach/Windows.lean:63:4: try 'simp' instead of 'simpa'

Note: This linter can be disabled with `set_option linter.unnecessarySimpa false`
warning: Goldbach/Windows.lean:68:2: try 'simp' instead of 'simpa'

Note: This linter can be disabled with `set_option linter.unnecessarySimpa false`
warning: Goldbach/Windows.lean:68:38: this tactic is never executed

Note: This linter can be disabled with `set_option linter.unreachableTactic false`
warning: Goldbach/Windows.lean:68:38: 'simpa using hmap' tactic does nothing

Note: This linter can be disabled with `set_option linter.unusedTactic false`
⚠ [7595/7613] Replayed Goldbach.AO_AssembleEnvelope
warning: Goldbach/AO_AssembleEnvelope.lean:67:20: try 'simp' instead of 'simpa'

Note: This linter can be disabled with `set_option linter.unnecessarySimpa false`
⚠ [7597/7613] Replayed Goldbach.AO_Major
warning: Goldbach/AO_Major.lean:21:13: unused variable `hX`

Note: This linter can be disabled with `set_option linter.unusedVariables false`
warning: Goldbach/AO_Major.lean:21:35: unused variable `hN`

Note: This linter can be disabled with `set_option linter.unusedVariables false`
warning: Goldbach/AO_Major.lean:25:24: This simp argument is unused:
  add_assoc

Hint: Omit it from the simp argument list.
  simp [Goldbach.AO_Major.errAO, Goldbach.AO_Major.weight_mass, Goldbach.AO_Core.errAO,
       ̵ ̵ ̵ ̵sub_eq_add_neg, add_a̵s̵s̵o̵c̵,̵ ̵a̵d̵d̵_̵left_comm, add_comm, mul_assoc]

Note: This linter can be disabled with `set_option linter.unusedSimpArgs false`
warning: Goldbach/AO_Major.lean:25:60: This simp argument is unused:
  mul_assoc

Hint: Omit it from the simp argument list.
  simp [Goldbach.AO_Major.errAO, Goldbach.AO_Major.weight_mass, Goldbach.AO_Core.errAO,
       ̵ ̵ ̵ ̵sub_eq_add_neg, add_assoc, add_left_comm, add_comm,̵ ̵m̵u̵l̵_̵a̵s̵s̵o̵c̵]

Note: This linter can be disabled with `set_option linter.unusedSimpArgs false`
warning: Goldbach/AO_Major.lean:46:5: unused variable `h`

Note: This linter can be disabled with `set_option linter.unusedVariables false`
warning: Goldbach/AO_Major.lean:58:24: This simp argument is unused:
  dif_pos

Hint: Omit it from the simp argument list.
  simp only [MPDF, win, d̵i̵f̵_̵p̵o̵s̵,̵ ̵mul_div_assoc']

Note: This linter can be disabled with `set_option linter.unusedSimpArgs false`
warning: Goldbach/AO_Major.lean:58:33: This simp argument is unused:
  mul_div_assoc'

Hint: Omit it from the simp argument list.
  simp only [MPDF, win, dif_pos,̵ ̵m̵u̵l̵_̵d̵i̵v̵_̵a̵s̵s̵o̵c̵'̵]

Note: This linter can be disabled with `set_option linter.unusedSimpArgs false`
warning: Goldbach/AO_Major.lean:81:69: try 'simp' instead of 'simpa'

Note: This linter can be disabled with `set_option linter.unnecessarySimpa false`
warning: Goldbach/AO_Major.lean:82:68: try 'simp' instead of 'simpa'

Note: This linter can be disabled with `set_option linter.unnecessarySimpa false`
warning: Goldbach/AO_Major.lean:83:68: try 'simp' instead of 'simpa'

Note: This linter can be disabled with `set_option linter.unnecessarySimpa false`
warning: Goldbach/AO_Major.lean:85:90: This simp argument is unused:
  add_assoc

Hint: Omit it from the simp argument list.
  simp [sub_eq_add_neg,̵ ̵a̵d̵d̵_̵a̵s̵s̵o̵c̵]

Note: This linter can be disabled with `set_option linter.unusedSimpArgs false`
warning: Goldbach/AO_Major.lean:101:24: This simp argument is unused:
  dif_pos

Hint: Omit it from the simp argument list.
  simp only [MPDF, win,̵ ̵d̵i̵f̵_̵p̵o̵s̵]

Note: This linter can be disabled with `set_option linter.unusedSimpArgs false`
⚠ [7599/7613] Replayed Goldbach.BG_Bank
warning: Goldbach/BG_Bank.lean:13:25: unused variable `n`

Note: This linter can be disabled with `set_option linter.unusedVariables false`
warning: Goldbach/BG_Bank.lean:75:4: try 'simp' instead of 'simpa'

Note: This linter can be disabled with `set_option linter.unnecessarySimpa false`
warning: Goldbach/BG_Bank.lean:75:25: this tactic is never executed

Note: This linter can be disabled with `set_option linter.unreachableTactic false`
warning: Goldbach/BG_Bank.lean:75:25: 'decide' tactic does nothing

Note: This linter can be disabled with `set_option linter.unusedTactic false`
warning: Goldbach/BG_Bank.lean:288:14: try 'simp' instead of 'simpa'

Note: This linter can be disabled with `set_option linter.unnecessarySimpa false`
warning: Goldbach/BG_Bank.lean:188:42: This simp argument is unused:
  Nat.cast_sub hn_le

Hint: Omit it from the simp argument list.
  simp only [Nat.cast_succ,̵ ̵N̵a̵t̵.̵c̵a̵s̵t̵_̵s̵u̵b̵ ̵h̵n̵_̵l̵e̵]

Note: This linter can be disabled with `set_option linter.unusedSimpArgs false`
warning: Goldbach/BG_Bank.lean:194:24: This simp argument is unused:
  abs_of_nonneg hlog_Nm_nn

Hint: Omit it from the simp argument list.
  simp [hp,̵ ̵a̵b̵s̵_̵o̵f̵_̵n̵o̵n̵n̵e̵g̵ ̵h̵l̵o̵g̵_̵N̵m̵_̵n̵n̵]

Note: This linter can be disabled with `set_option linter.unusedSimpArgs false`
warning: Goldbach/BG_Bank.lean:202:24: This simp argument is unused:
  abs_of_nonneg hlog_Np1_nn

Hint: Omit it from the simp argument list.
  simp [hp,̵ ̵a̵b̵s̵_̵o̵f̵_̵n̵o̵n̵n̵e̵g̵ ̵h̵l̵o̵g̵_̵N̵p̵1̵_̵n̵n̵]

Note: This linter can be disabled with `set_option linter.unusedSimpArgs false`
warning: Goldbach/BG_Bank.lean:218:46: This simp argument is unused:
  mul_comm

Hint: Omit it from the simp argument list.
  simp [abs_mul, mul_assoc, m̵u̵l̵_̵c̵o̵m̵m̵,̵ ̵mul_left_comm]

Note: This linter can be disabled with `set_option linter.unusedSimpArgs false`
warning: Goldbach/BG_Bank.lean:326:20: This simp argument is unused:
  hlogXabs

Hint: Omit it from the simp argument list.
  simp [h̵l̵o̵g̵X̵a̵b̵s̵,̵ ̵mul_comm, mul_left_comm, mul_assoc]

Note: This linter can be disabled with `set_option linter.unusedSimpArgs false`
warning: Goldbach/BG_Bank.lean:326:30: This simp argument is unused:
  mul_comm

Hint: Omit it from the simp argument list.
  simp [hlogXabs, m̵u̵l̵_̵c̵o̵m̵m̵,̵ ̵mul_left_comm, mul_assoc]

Note: This linter can be disabled with `set_option linter.unusedSimpArgs false`
warning: Goldbach/BG_Bank.lean:403:14: try 'simp' instead of 'simpa'

Note: This linter can be disabled with `set_option linter.unnecessarySimpa false`
warning: Goldbach/BG_Bank.lean:405:14: try 'simp' instead of 'simpa'

Note: This linter can be disabled with `set_option linter.unnecessarySimpa false`
warning: Goldbach/BG_Bank.lean:407:40: This simp argument is unused:
  add_comm

Hint: Omit it from the simp argument list.
  simp [div_self, hlogX_ne, add_c̵o̵m̵m̵,̵ ̵a̵d̵d̵_̵left_comm, add_assoc]

Note: This linter can be disabled with `set_option linter.unusedSimpArgs false`
warning: Goldbach/BG_Bank.lean:407:50: This simp argument is unused:
  add_left_comm

Hint: Omit it from the simp argument list.
  simp [div_self, hlogX_ne, add_comm, a̵d̵d̵_̵l̵e̵f̵t̵_̵c̵o̵m̵m̵,̵ ̵add_assoc]

Note: This linter can be disabled with `set_option linter.unusedSimpArgs false`
warning: Goldbach/BG_Bank.lean:407:65: This simp argument is unused:
  add_assoc

Hint: Omit it from the simp argument list.
  simp [div_self, hlogX_ne, add_comm, add_left_comm,̵ ̵a̵d̵d̵_̵a̵s̵s̵o̵c̵]

Note: This linter can be disabled with `set_option linter.unusedSimpArgs false`
warning: Goldbach/BG_Bank.lean:547:63: try 'simp' instead of 'simpa'

Note: This linter can be disabled with `set_option linter.unnecessarySimpa false`
warning: Goldbach/BG_Bank.lean:550:47: This simp argument is unused:
  add_comm

Hint: Omit it from the simp argument list.
  simp [add_div, div_self, hlogX_ne, add_c̵o̵m̵m̵,̵ ̵a̵d̵d̵_̵left_comm, add_assoc]

Note: This linter can be disabled with `set_option linter.unusedSimpArgs false`
warning: Goldbach/BG_Bank.lean:550:57: This simp argument is unused:
  add_left_comm

Hint: Omit it from the simp argument list.
  simp [add_div, div_self, hlogX_ne, add_comm, a̵d̵d̵_̵l̵e̵f̵t̵_̵c̵o̵m̵m̵,̵ ̵add_assoc]

Note: This linter can be disabled with `set_option linter.unusedSimpArgs false`
warning: Goldbach/BG_Bank.lean:550:72: This simp argument is unused:
  add_assoc

Hint: Omit it from the simp argument list.
  simp [add_div, div_self, hlogX_ne, add_comm, add_left_comm,̵ ̵a̵d̵d̵_̵a̵s̵s̵o̵c̵]

Note: This linter can be disabled with `set_option linter.unusedSimpArgs false`
warning: Goldbach/BG_Bank.lean:559:56: This simp argument is unused:
  add_left_comm

Hint: Omit it from the simp argument list.
  simp [c, Nat.cast_add, Nat.cast_one, add_assoc, a̵d̵d̵_̵l̵e̵f̵t̵_̵c̵o̵m̵m̵,̵ ̵add_comm, add_div, div_self hX0_ne]

Note: This linter can be disabled with `set_option linter.unusedSimpArgs false`
⚠ [7600/7613] Replayed Goldbach.BG_Operator
warning: Goldbach/BG_Operator.lean:31:2: try 'simp' instead of 'simpa'

Note: This linter can be disabled with `set_option linter.unnecessarySimpa false`
warning: Goldbach/BG_Operator.lean:98:2: try 'simp' instead of 'simpa'

Note: This linter can be disabled with `set_option linter.unnecessarySimpa false`
⚠ [7602/7613] Replayed Goldbach.SingularSeries
warning: Goldbach/SingularSeries.lean:40:5: unused variable `h`

Note: This linter can be disabled with `set_option linter.unusedVariables false`
warning: Goldbach/SingularSeries.lean:88:8: `Finset.eq_empty_iff_forall_not_mem` has been deprecated: Use `Finset.eq_empty_iff_forall_notMem` instead
warning: Goldbach/SingularSeries.lean:98:4: try 'simp' instead of 'simpa'

Note: This linter can be disabled with `set_option linter.unnecessarySimpa false`
warning: Goldbach/SingularSeries.lean:99:28: this tactic is never executed

Note: This linter can be disabled with `set_option linter.unreachableTactic false`
warning: Goldbach/SingularSeries.lean:99:57: this tactic is never executed

Note: This linter can be disabled with `set_option linter.unreachableTactic false`
warning: Goldbach/SingularSeries.lean:99:28: 'decide' tactic does nothing

Note: This linter can be disabled with `set_option linter.unusedTactic false`
warning: Goldbach/SingularSeries.lean:99:57: 'decide' tactic does nothing

Note: This linter can be disabled with `set_option linter.unusedTactic false`
⚠ [7604/7613] Replayed Goldbach.PPNumerics
warning: Goldbach/PPNumerics.lean:24:42: try 'simp' instead of 'simpa'

Note: This linter can be disabled with `set_option linter.unnecessarySimpa false`
warning: Goldbach/PPNumerics.lean:27:6: try 'simp' instead of 'simpa'

Note: This linter can be disabled with `set_option linter.unnecessarySimpa false`
⚠ [7605/7613] Replayed Goldbach.PPBoundSquares
warning: Goldbach/PPBoundSquares.lean:41:8: try 'simp' instead of 'simpa'

Note: This linter can be disabled with `set_option linter.unnecessarySimpa false`
warning: Goldbach/PPBoundSquares.lean:228:10: try 'simp' instead of 'simpa'

Note: This linter can be disabled with `set_option linter.unnecessarySimpa false`
⚠ [7607/7613] Replayed Goldbach.AnalyticGlobal
warning: Goldbach/AnalyticGlobal.lean:65:28: This simp argument is unused:
  one_div

Hint: Omit it from the simp argument list.
  simp [div_eq_mul_inv, o̵n̵e̵_̵d̵i̵v̵,̵ ̵mul_comm]

Note: This linter can be disabled with `set_option linter.unusedSimpArgs false`
warning: Goldbach/AnalyticGlobal.lean:68:30: This simp argument is unused:
  one_div

Hint: Omit it from the simp argument list.
  simp [div_eq_mul_inv, o̵n̵e̵_̵d̵i̵v̵,̵ ̵mul_comm]

Note: This linter can be disabled with `set_option linter.unusedSimpArgs false`
warning: Goldbach/AnalyticGlobal.lean:70:39: This simp argument is unused:
  mul_left_comm

Hint: Omit it from the simp argument list.
  simp [one_div, S_ne, mul_comm, mul_l̵e̵f̵t̵_̵c̵o̵m̵m̵,̵ ̵m̵u̵l̵_̵assoc]

Note: This linter can be disabled with `set_option linter.unusedSimpArgs false`
warning: Goldbach/AnalyticGlobal.lean:70:54: This simp argument is unused:
  mul_assoc

Hint: Omit it from the simp argument list.
  simp [one_div, S_ne, mul_comm, mul_left_comm,̵ ̵m̵u̵l̵_̵a̵s̵s̵o̵c̵]

Note: This linter can be disabled with `set_option linter.unusedSimpArgs false`
⚠ [7608/7613] Replayed Goldbach.BankPieces
warning: Goldbach/BankPieces.lean:15:63: `class ... :=` has been deprecated in favor of `class ... where`.

Note: This linter can be disabled with `set_option linter.deprecated false`
⚠ [7610/7613] Replayed Goldbach.Analytic.MajorBoundFromSigma
warning: Goldbach/Analytic/MajorBoundFromSigma.lean:21:75: `structure ... :=` has been deprecated in favor of `structure ... where`.

Note: This linter can be disabled with `set_option linter.deprecated false`
⚠ [7611/7613] Replayed Goldbach.Analytic.NumericSigma
warning: Goldbach/Analytic/NumericSigma.lean:23:32: unused variable `hX`

Note: This linter can be disabled with `set_option linter.unusedVariables false`
✖ [7613/7613] Building Goldbach.BG_Identity (69s)
trace: .> LEAN_PATH=/Users/benjaminnelson/Desktop/nerd shit/goldbach/builds/Goldbach/.lake/packages/Cli/.lake/build/lib/lean:/Users/benjaminnelson/Desktop/nerd shit/goldbach/builds/Goldbach/.lake/packages/batteries/.lake/build/lib/lean:/Users/benjaminnelson/Desktop/nerd shit/goldbach/builds/Goldbach/.lake/packages/Qq/.lake/build/lib/lean:/Users/benjaminnelson/Desktop/nerd shit/goldbach/builds/Goldbach/.lake/packages/aesop/.lake/build/lib/lean:/Users/benjaminnelson/Desktop/nerd shit/goldbach/builds/Goldbach/.lake/packages/proofwidgets/.lake/build/lib/lean:/Users/benjaminnelson/Desktop/nerd shit/goldbach/builds/Goldbach/.lake/packages/importGraph/.lake/build/lib/lean:/Users/benjaminnelson/Desktop/nerd shit/goldbach/builds/Goldbach/.lake/packages/LeanSearchClient/.lake/build/lib/lean:/Users/benjaminnelson/Desktop/nerd shit/goldbach/builds/Goldbach/.lake/packages/plausible/.lake/build/lib/lean:/Users/benjaminnelson/Desktop/nerd shit/goldbach/builds/Goldbach/.lake/packages/mathlib/.lake/build/lib/lean:/Users/benjaminnelson/Desktop/nerd shit/goldbach/builds/Goldbach/.lake/build/lib/lean /Users/benjaminnelson/.elan/toolchains/leanprover--lean4---v4.26.0-rc2/bin/lean /Users/benjaminnelson/Desktop/nerd shit/goldbach/builds/Goldbach/Goldbach/BG_Identity.lean -o /Users/benjaminnelson/Desktop/nerd shit/goldbach/builds/Goldbach/.lake/build/lib/lean/Goldbach/BG_Identity.olean -i /Users/benjaminnelson/Desktop/nerd shit/goldbach/builds/Goldbach/.lake/build/lib/lean/Goldbach/BG_Identity.ilean -c /Users/benjaminnelson/Desktop/nerd shit/goldbach/builds/Goldbach/.lake/build/ir/Goldbach/BG_Identity.c --setup /Users/benjaminnelson/Desktop/nerd shit/goldbach/builds/Goldbach/.lake/build/ir/Goldbach/BG_Identity.setup.json --json
warning: Goldbach/BG_Identity.lean:149:48: This simp argument is unused:
  add_comm

Hint: Omit it from the simp argument list.
  simp [Finset.sum_insert, hk, ih, mul_add, a̵d̵d̵_̵c̵o̵m̵m̵,̵ ̵add_left_comm, add_assoc, mul_comm, mul_left_comm,
  ̲  ̲ ̲ ̲ ̲ ̲ ̲ ̲mul_assoc]

Note: This linter can be disabled with `set_option linter.unusedSimpArgs false`
warning: Goldbach/BG_Identity.lean:149:58: This simp argument is unused:
  add_left_comm

Hint: Omit it from the simp argument list.
  simp [Finset.sum_insert, hk, ih, mul_add, add_comm, a̵d̵d̵_̵l̵e̵f̵t̵_̵c̵o̵m̵m̵,̵add_assoc, mul_comm, mul_left_comm,
  ̲  ̲ ̲ ̲ ̲ ̲ ̲ ̲mul_assoc]

Note: This linter can be disabled with `set_option linter.unusedSimpArgs false`
warning: Goldbach/BG_Identity.lean:150:12: This simp argument is unused:
  add_assoc

Hint: Omit it from the simp argument list.
  simp [Finset.sum_insert, hk, ih, mul_add, add_comm, add_left_comm, a̵d̵d̵_̵a̵s̵s̵o̵c̵,̵ ̵mul_comm, mul_left_comm,
  ̲  ̲ ̲ ̲ ̲ ̲ ̲ ̲mul_assoc]

Note: This linter can be disabled with `set_option linter.unusedSimpArgs false`
warning: Goldbach/BG_Identity.lean:150:23: This simp argument is unused:
  mul_comm

Hint: Omit it from the simp argument list.
  simp [Finset.sum_insert, hk, ih, mul_add, add_comm, add_left_comm, add_assoc, m̵u̵l̵_̵c̵o̵m̵m̵,̵ ̵mul_left_comm,
  ̲  ̲ ̲ ̲ ̲ ̲ ̲ ̲mul_assoc]

Note: This linter can be disabled with `set_option linter.unusedSimpArgs false`
warning: Goldbach/BG_Identity.lean:150:33: This simp argument is unused:
  mul_left_comm

Hint: Omit it from the simp argument list.
  simp [Finset.sum_insert, hk, ih, mul_add, add_comm, add_left_comm, add_assoc, mul_comm,
  ̲  ̲ ̲ ̲ ̲ ̲ ̲ ̲m̵u̵l̵_̵l̵e̵f̵t̵_̵c̵o̵m̵m̵,̵ ̵mul_assoc]

Note: This linter can be disabled with `set_option linter.unusedSimpArgs false`
warning: Goldbach/BG_Identity.lean:150:48: This simp argument is unused:
  mul_assoc

Hint: Omit it from the simp argument list.
  simp [Finset.sum_insert, hk, ih, mul_add, add_comm, add_left_comm, add_assoc, mul_comm,
  ̲  ̲ ̲ ̲ ̲ ̲ ̲ ̲m̵u̵l̵_̵l̵e̵f̵t̵_̵c̵o̵m̵m̵,̵ ̵m̵u̵l̵_̵a̵s̵s̵o̵c̵]̵m̲u̲l̲_̲l̲e̲f̲t̲_̲c̲o̲m̲m̲]̲

Note: This linter can be disabled with `set_option linter.unusedSimpArgs false`
error: Goldbach/BG_Identity.lean:219:15: Unknown constant `Int.natAbs_ofNat`
error: Goldbach/BG_Identity.lean:220:21: Unknown constant `Int.natAbs_ofNat`
error: Goldbach/BG_Identity.lean:197:76: unsolved goals
m : ℕ
hm : m ≤ Ucut
hnonneg : 0 ≤ 1 - ↑m / ↑Ucut
hmax : max (1 - ↑m / ↑Ucut) 0 = 1 - ↑m / ↑Ucut
hbranch : max (1 - ↑(Int.ofNat m).natAbs / ↑Ucut) 0 = 1 - ↑(Int.ofNat m).natAbs / ↑Ucut
⊢ max (1 - ↑m / (↑H + ↑((H + 99) / 100))) 0 / (↑H + ↑((H + 99) / 100)) =
    (1 - ↑m / (↑H + ↑((H + 99) / 100))) / (↑H + ↑((H + 99) / 100))
warning: Goldbach/BG_Identity.lean:204:12: This simp argument is unused:
  hU

Hint: Omit it from the simp argument list.
  simp [hU̵,̵ ̵h̵m0]

Note: This linter can be disabled with `set_option linter.unusedSimpArgs false`
warning: Goldbach/BG_Identity.lean:220:8: This simp argument is unused:
  hbranch

Hint: Omit it from the simp argument list.
  simp [h̵b̵r̵a̵n̵c̵h̵,̵ ̵Int.natAbs_ofNat]

Note: This linter can be disabled with `set_option linter.unusedSimpArgs false`
warning: Goldbach/BG_Identity.lean:246:10: This simp argument is unused:
  Finset.sum_insert

Hint: Omit it from the simp argument list.
  simp [̵F̵i̵n̵s̵e̵t̵.̵s̵u̵m̵_̵i̵n̵s̵e̵r̵t̵,̵ ̵h̵a̵,̵[̲h̲a̲,̲ ih, mul_add, add_comm, add_left_comm, add_assoc, mul_comm, mul_left_comm, mul_assoc]

Note: This linter can be disabled with `set_option linter.unusedSimpArgs false`
warning: Goldbach/BG_Identity.lean:246:33: This simp argument is unused:
  ih

Hint: Omit it from the simp argument list.
  simp [Finset.sum_insert, ha, i̵h̵,̵ ̵mul_add, add_comm, add_left_comm,
  ̵  ̵ ̵ ̵ ̵ ̵ ̵ ̵ ̵ ̵add_assoc, mul_comm,
  ̲  ̲ ̲ ̲ ̲ ̲mul_left_comm, mul_assoc]

Note: This linter can be disabled with `set_option linter.unusedSimpArgs false`
warning: Goldbach/BG_Identity.lean:246:56: This simp argument is unused:
  add_left_comm

Hint: Omit it from the simp argument list.
  simp [Finset.sum_insert, ha, ih, mul_add, add_comm, a̵d̵d̵_̵l̵e̵f̵t̵_̵c̵o̵m̵m̵,̵add_assoc, mul_comm, mul_left_comm,
  ̲  ̲ ̲ ̲ ̲ ̲mul_assoc]

Note: This linter can be disabled with `set_option linter.unusedSimpArgs false`
warning: Goldbach/BG_Identity.lean:247:10: This simp argument is unused:
  add_assoc

Hint: Omit it from the simp argument list.
  simp [Finset.sum_insert, ha, ih, mul_add, add_comm, add_left_comm, a̵d̵d̵_̵a̵s̵s̵o̵c̵,̵ ̵mul_comm, mul_left_comm,
  ̲  ̲ ̲ ̲ ̲ ̲mul_assoc]

Note: This linter can be disabled with `set_option linter.unusedSimpArgs false`
warning: Goldbach/BG_Identity.lean:247:31: This simp argument is unused:
  mul_left_comm

Hint: Omit it from the simp argument list.
  simp [Finset.sum_insert, ha, ih, mul_add, add_comm, add_left_comm, add_assoc, mul_comm,
  ̲  ̲ ̲ ̲ ̲ ̲m̵u̵l̵_̵l̵e̵f̵t̵_̵c̵o̵m̵m̵,̵ ̵mul_assoc]

Note: This linter can be disabled with `set_option linter.unusedSimpArgs false`
warning: Goldbach/BG_Identity.lean:247:46: This simp argument is unused:
  mul_assoc

Hint: Omit it from the simp argument list.
  simp [Finset.sum_insert, ha, ih, mul_add, add_comm, add_left_comm, add_assoc, mul_comm,
  ̲  ̲ ̲ ̲ ̲ ̲m̵u̵l̵_̵l̵e̵f̵t̵_̵c̵o̵m̵m̵,̵ ̵m̵u̵l̵_̵a̵s̵s̵o̵c̵]̵m̲u̲l̲_̲l̲e̲f̲t̲_̲c̲o̲m̲m̲]̲

Note: This linter can be disabled with `set_option linter.unusedSimpArgs false`
warning: Goldbach/BG_Identity.lean:278:10: try 'simp' instead of 'simpa'

Note: This linter can be disabled with `set_option linter.unnecessarySimpa false`
warning: Goldbach/BG_Identity.lean:285:10: try 'simp' instead of 'simpa'

Note: This linter can be disabled with `set_option linter.unnecessarySimpa false`
error: Goldbach/BG_Identity.lean:268:2: unsolved goals
case h.mpr
n : ℕ
z : ℤ
hz : z ∈ Finset.Icc (-↑n) ↑n
hI : -↑n ≤ z ∧ z ≤ ↑n
hz_ne_pos : z ≠ ↑n.succ
hz_ne_neg : z ≠ -↑n.succ
hzI' : z ∈ Finset.Icc (-↑n.succ) ↑n.succ
⊢ -1 < z + ↑n ∧ z < ↑n + 1
warning: Goldbach/BG_Identity.lean:292:10: This simp argument is unused:
  Finset.mem_erase

Hint: Omit it from the simp argument list.
  simp [F̵i̵n̵s̵e̵t̵.̵m̵e̵m̵_̵e̵r̵a̵s̵e̵,̵ ̵hz_ne_pos, hz_ne_neg, hzI']

Note: This linter can be disabled with `set_option linter.unusedSimpArgs false`
warning: Goldbach/BG_Identity.lean:292:28: This simp argument is unused:
  hz_ne_pos

Hint: Omit it from the simp argument list.
  simp [Finset.mem_erase, h̵z̵_̵n̵e̵_̵p̵o̵s̵,̵ ̵hz_ne_neg, hzI']

Note: This linter can be disabled with `set_option linter.unusedSimpArgs false`
warning: Goldbach/BG_Identity.lean:292:39: This simp argument is unused:
  hz_ne_neg

Hint: Omit it from the simp argument list.
  simp [Finset.mem_erase, hz_ne_pos, hz_̵n̵e̵_̵n̵e̵g̵,̵ ̵h̵z̵I']

Note: This linter can be disabled with `set_option linter.unusedSimpArgs false`
warning: Goldbach/BG_Identity.lean:292:50: This simp argument is unused:
  hzI'

Hint: Omit it from the simp argument list.
  simp [Finset.mem_erase, hz_ne_pos, hz_ne_neg,̵ ̵h̵z̵I̵'̵]

Note: This linter can be disabled with `set_option linter.unusedSimpArgs false`
error: Goldbach/BG_Identity.lean:340:8: Type mismatch: After simplification, term
  hstep2
 has type
  f (-↑n + -1) + ∑ x ∈ (s.erase (↑n + 1)).erase (-↑n + -1), f x = ∑ x ∈ s.erase (↑n + 1), f x
but is expected to have type
  ∑ x ∈ s.erase (↑n + 1), f x = f (-↑n + -1) + ∑ x ∈ (s.erase (↑n + 1)).erase (-↑n + -1), f x
warning: Goldbach/BG_Identity.lean:354:13: `Finset.range_succ` has been deprecated: Use `Finset.range_add_one` instead
warning: Goldbach/BG_Identity.lean:354:6: try 'simp' instead of 'simpa'

Note: This linter can be disabled with `set_option linter.unnecessarySimpa false`
warning: Goldbach/BG_Identity.lean:366:23: `Int.ofNat_eq_coe` has been deprecated: Use `Int.ofNat_eq_natCast` instead
error: Goldbach/BG_Identity.lean:369:12: Tactic `assumption` failed

f : ℤ → ℝ
hEven : ∀ (z : ℤ), f (-z) = f z
n : ℕ
ih : (Finset.Icc (-↑n) ↑n).sum f = f 0 + 2 * ∑ k ∈ Finset.range n, f (Int.ofNat k.succ)
s : Finset ℤ := Finset.Icc (-↑n.succ) ↑n.succ
s0 : Finset ℤ := s.erase ↑n.succ
s1 : Finset ℤ := s0.erase (-↑n.succ)
hmem_pos : ↑n.succ ∈ s
hmem_neg : -↑n.succ ∈ s
hmem_neg_s0 : -↑n.succ ∈ s0
hstep1 : ∑ x ∈ s.erase ↑n.succ, f x + f ↑n.succ = ∑ x ∈ s, f x
hstep2 : ∑ x ∈ s0.erase (-↑n.succ), f x + f (-↑n.succ) = ∑ x ∈ s0, f x
hs1 : s1 = Finset.Icc (-↑n) ↑n
this✝ : s.sum f = s1.sum f + f (-↑n.succ) + f ↑n.succ
hIH : (Finset.Icc (-↑n) ↑n).sum f = f 0 + 2 * ∑ k ∈ Finset.range n, f (Int.ofNat k.succ)
hrange :
  ∑ k ∈ Finset.range n.succ, f (Int.ofNat k.succ) = ∑ k ∈ Finset.range n, f (Int.ofNat k.succ) + f (Int.ofNat n.succ)
this : s.sum f = (Finset.Icc (-↑n) ↑n).sum f + f (↑n + 1) + f (-1 + -↑n)
⊢ ∑ x ∈ Finset.range n, f (↑x + 1) + f (↑n + 1) = ∑ x ∈ Finset.range (n + 1), f (↑x + 1)
error: Goldbach/BG_Identity.lean:393:6: Type mismatch: After simplification, term
  this
 has type
  True
but is expected to have type
  ↑n + 2 = ↑n + 1 + 1 ∨ ↑n + 1 = 0
error: Goldbach/BG_Identity.lean:394:4: Tactic `assumption` failed

case succ
n : ℕ
ih : ∑ k ∈ Finset.range n, ↑k.succ = ↑n * (↑n + 1) / 2
h : ∑ x ∈ Finset.range (n + 1), ↑x.succ = ∑ x ∈ Finset.range n, ↑x.succ + ↑n.succ
h' : ∑ k ∈ Finset.range n.succ, ↑k.succ = ∑ k ∈ Finset.range n, ↑k.succ + ↑n.succ
h'' : ↑n * (↑n + 1) / 2 + ↑n.succ = ↑n.succ * (↑n.succ + 1) / 2
⊢ ∑ x ∈ Finset.range (n + 1), (↑x + 1) = (↑n + 1) * (↑n + 1 + 1) / 2
warning: Goldbach/BG_Identity.lean:409:44: try 'simp' instead of 'simpa'

Note: This linter can be disabled with `set_option linter.unnecessarySimpa false`
warning: Goldbach/BG_Identity.lean:412:50: This simp argument is unused:
  add_comm

Hint: Omit it from the simp argument list.
  simp [h₁, h₂, Finset.sum_insert, ha, mul_add, add_c̵o̵m̵m̵,̵ ̵a̵d̵d̵_̵left_comm, add_assoc]

Note: This linter can be disabled with `set_option linter.unusedSimpArgs false`
warning: Goldbach/BG_Identity.lean:412:60: This simp argument is unused:
  add_left_comm

Hint: Omit it from the simp argument list.
  simp [h₁, h₂, Finset.sum_insert, ha, mul_add, add_comm, a̵d̵d̵_̵l̵e̵f̵t̵_̵c̵o̵m̵m̵,̵ ̵add_assoc]

Note: This linter can be disabled with `set_option linter.unusedSimpArgs false`
warning: Goldbach/BG_Identity.lean:412:75: This simp argument is unused:
  add_assoc

Hint: Omit it from the simp argument list.
  simp [h₁, h₂, Finset.sum_insert, ha, mul_add, add_comm, add_left_comm,̵ ̵a̵d̵d̵_̵a̵s̵s̵o̵c̵]

Note: This linter can be disabled with `set_option linter.unusedSimpArgs false`
warning: Goldbach/BG_Identity.lean:421:46: This simp argument is unused:
  add_comm

Hint: Omit it from the simp argument list.
  simp [Finset.sum_insert, hb, ih, mul_add, add_c̵o̵m̵m̵,̵ ̵a̵d̵d̵_̵left_comm, add_assoc]

Note: This linter can be disabled with `set_option linter.unusedSimpArgs false`
warning: Goldbach/BG_Identity.lean:421:56: This simp argument is unused:
  add_left_comm

Hint: Omit it from the simp argument list.
  simp [Finset.sum_insert, hb, ih, mul_add, add_comm, a̵d̵d̵_̵l̵e̵f̵t̵_̵c̵o̵m̵m̵,̵ ̵add_assoc]

Note: This linter can be disabled with `set_option linter.unusedSimpArgs false`
warning: Goldbach/BG_Identity.lean:421:71: This simp argument is unused:
  add_assoc

Hint: Omit it from the simp argument list.
  simp [Finset.sum_insert, hb, ih, mul_add, add_comm, add_left_comm,̵ ̵a̵d̵d̵_̵a̵s̵s̵o̵c̵]

Note: This linter can be disabled with `set_option linter.unusedSimpArgs false`
warning: Goldbach/BG_Identity.lean:517:6: declaration uses 'sorry'
warning: Goldbach/BG_Identity.lean:539:4: try 'simp' instead of 'simpa'

Note: This linter can be disabled with `set_option linter.unnecessarySimpa false`
warning: Goldbach/BG_Identity.lean:562:25: try 'simp' instead of 'simpa'

Note: This linter can be disabled with `set_option linter.unnecessarySimpa false`
warning: Goldbach/BG_Identity.lean:605:6: declaration uses 'sorry'
warning: Goldbach/BG_Identity.lean:642:15: unused variable `hX`

Note: This linter can be disabled with `set_option linter.unusedVariables false`
warning: Goldbach/BG_Identity.lean:643:5: unused variable `hN`

Note: This linter can be disabled with `set_option linter.unusedVariables false`
warning: Goldbach/BG_Identity.lean:675:5: unused variable `hk`

Note: This linter can be disabled with `set_option linter.unusedVariables false`
warning: Goldbach/BG_Identity.lean:700:28: This simp argument is unused:
  hUpos.ne'

Hint: Omit it from the simp argument list.
  s̵i̵m̵p̵ ̵[̵K̵_̵f̵u̵l̵l̵,̵ ̵K̵_̵f̵u̵l̵l̵_̵r̵a̵w̵,̵ ̵h̵U̵p̵o̵s̵.̵n̵e̵'̵]̵ ̵a̵t̵ ̵*̵s̲i̲m̲p̲ ̲[̲K̲_̲f̲u̲l̲l̲,̲
  ̲ ̲ ̲ ̲ ̲K̲_̲f̲u̲l̲l̲_̲r̲a̲w̲]̲ ̲a̲t̲ ̲*̲
  ̲ ̲ ̲ ̲ ̲ ̲ ̲-̲-̲ ̲a̲f̲t̲e̲r̲ ̲s̲i̲m̲p̲,̲ ̲g̲o̲a̲l̲ ̲b̲e̲c̲o̲m̲e̲s̲ ̲`̲0̲ ̲<̲ ̲1̲ ̲/̲ ̲(̲U̲c̲u̲t̲:̲ℝ̲)̲`̲
  ̲ ̲ ̲ ̲ ̲ ̲ ̲

Note: This linter can be disabled with `set_option linter.unusedSimpArgs false`
warning: Goldbach/BG_Identity.lean:725:5: unused variable `h`

Note: This linter can be disabled with `set_option linter.unusedVariables false`
warning: Goldbach/BG_Identity.lean:732:5: unused variable `h`

Note: This linter can be disabled with `set_option linter.unusedVariables false`
warning: Goldbach/BG_Identity.lean:748:25: unused variable `X`

Note: This linter can be disabled with `set_option linter.unusedVariables false`
warning: Goldbach/BG_Identity.lean:748:27: unused variable `N`

Note: This linter can be disabled with `set_option linter.unusedVariables false`
warning: Goldbach/BG_Identity.lean:772:5: unused variable `h`

Note: This linter can be disabled with `set_option linter.unusedVariables false`
warning: Goldbach/BG_Identity.lean:798:8: try 'simp' instead of 'simpa'

Note: This linter can be disabled with `set_option linter.unnecessarySimpa false`
warning: Goldbach/BG_Identity.lean:799:6: try 'simp' instead of 'simpa'

Note: This linter can be disabled with `set_option linter.unnecessarySimpa false`
warning: Goldbach/BG_Identity.lean:828:34: unused variable `hk`

Note: This linter can be disabled with `set_option linter.unusedVariables false`
warning: Goldbach/BG_Identity.lean:832:35: unused variable `hk`

Note: This linter can be disabled with `set_option linter.unusedVariables false`
warning: Goldbach/BG_Identity.lean:933:6: declaration uses 'sorry'
error: Goldbach/BG_Identity.lean:998:14: maximum recursion depth has been reached
use `set_option maxRecDepth <num>` to increase limit
use `set_option diagnostics true` to get diagnostic information
error: Goldbach/BG_Identity.lean:1039:48: unsolved goals
hEvenK : ∀ (z : ℤ), K_full (-z) = K_full z
hsplit : ∑ k ∈ bandU, K_full k = K_full 0 + 2 * ∑ k ∈ Finset.range Ucut, K_full (Int.ofNat k.succ)
hsum1 : ∑ x ∈ Finset.range Ucut, 1 = ↑Ucut
hsumk : ∑ k ∈ Finset.range Ucut, ↑k.succ = ↑Ucut * (↑Ucut + 1) / 2
hU0 : ↑Ucut ≠ 0
hbranch : ∀ k ∈ Finset.range Ucut, K_full (Int.ofNat k.succ) = (1 - ↑k.succ / ↑Ucut) / ↑Ucut
hU0' hU0'' : ↑Ucut ≠ 0
⊢ (↑H + ↑((H + 99) / 100))⁻¹ * (↑H + ↑((H + 99) / 100)) * ((↑H + ↑((H + 99) / 100) + 1) / 2) =
    (↑H + ↑((H + 99) / 100) + 1) / 2
error: Goldbach/BG_Identity.lean:1053:12: maximum recursion depth has been reached
use `set_option maxRecDepth <num>` to increase limit
use `set_option diagnostics true` to get diagnostic information
error: Goldbach/BG_Identity.lean:1063:10: maximum recursion depth has been reached
use `set_option maxRecDepth <num>` to increase limit
use `set_option diagnostics true` to get diagnostic information
warning: Goldbach/BG_Identity.lean:1040:33: This simp argument is unused:
  hU0''

Hint: Omit it from the simp argument list.
  simp [one_div,̵ ̵h̵U̵0̵'̵'̵]

Note: This linter can be disabled with `set_option linter.unusedSimpArgs false`
warning: Goldbach/BG_Identity.lean:1133:5: unused variable `h`

Note: This linter can be disabled with `set_option linter.unusedVariables false`
warning: Goldbach/BG_Identity.lean:1167:54: try 'simp' instead of 'simpa'

Note: This linter can be disabled with `set_option linter.unnecessarySimpa false`
warning: Goldbach/BG_Identity.lean:1155:10: This simp argument is unused:
  Pref_of

Hint: Omit it from the simp argument list.
  simp [P̵r̵e̵f̵_̵o̵f̵,̵ ̵hk]

Note: This linter can be disabled with `set_option linter.unusedSimpArgs false`
warning: Goldbach/BG_Identity.lean:1197:8: try 'simp' instead of 'simpa'

Note: This linter can be disabled with `set_option linter.unnecessarySimpa false`
warning: Goldbach/BG_Identity.lean:1198:6: try 'simp' instead of 'simpa'

Note: This linter can be disabled with `set_option linter.unnecessarySimpa false`
error: Goldbach/BG_Identity.lean:1266:16: maximum recursion depth has been reached
use `set_option maxRecDepth <num>` to increase limit
use `set_option diagnostics true` to get diagnostic information
error: Goldbach/BG_Identity.lean:1281:18: maximum recursion depth has been reached
use `set_option maxRecDepth <num>` to increase limit
use `set_option diagnostics true` to get diagnostic information
error: Goldbach/BG_Identity.lean:1293:16: No goals to be solved
error: Goldbach/BG_Identity.lean:1305:4: maximum recursion depth has been reached
use `set_option maxRecDepth <num>` to increase limit
use `set_option diagnostics true` to get diagnostic information
error: Goldbach/BG_Identity.lean:1323:12: maximum recursion depth has been reached
use `set_option maxRecDepth <num>` to increase limit
use `set_option diagnostics true` to get diagnostic information
error: Goldbach/BG_Identity.lean:1329:12: maximum recursion depth has been reached
use `set_option maxRecDepth <num>` to increase limit
use `set_option diagnostics true` to get diagnostic information
error: Goldbach/BG_Identity.lean:1330:2: maximum recursion depth has been reached
use `set_option maxRecDepth <num>` to increase limit
use `set_option diagnostics true` to get diagnostic information
warning: Goldbach/BG_Identity.lean:1332:6: declaration uses 'sorry'
error: Goldbach/BG_Identity.lean:1378:21: maximum recursion depth has been reached
use `set_option maxRecDepth <num>` to increase limit
use `set_option diagnostics true` to get diagnostic information
warning: Goldbach/BG_Identity.lean:1406:28: unused variable `X`

Note: This linter can be disabled with `set_option linter.unusedVariables false`
warning: Goldbach/BG_Identity.lean:1406:30: unused variable `N`

Note: This linter can be disabled with `set_option linter.unusedVariables false`
warning: Goldbach/BG_Identity.lean:1407:28: unused variable `X`

Note: This linter can be disabled with `set_option linter.unusedVariables false`
warning: Goldbach/BG_Identity.lean:1407:30: unused variable `N`

Note: This linter can be disabled with `set_option linter.unusedVariables false`
error: Goldbach/BG_Identity.lean:1433:21: maximum recursion depth has been reached
use `set_option maxRecDepth <num>` to increase limit
use `set_option diagnostics true` to get diagnostic information
error: Lean exited with code 1
Some required targets logged failures:
- Goldbach.BG_Identity
error: build failed
⚠ [7587/7613] Replayed Goldbach.Compat
warning: Goldbach/Compat.lean:18:2: try 'simp' instead of 'simpa'

Note: This linter can be disabled with `set_option linter.unnecessarySimpa false`
warning: Goldbach/Compat.lean:24:40: unused variable `hb`

Note: This linter can be disabled with `set_option linter.unusedVariables false`
warning: Goldbach/Compat.lean:50:4: try 'simp' instead of 'simpa'

Note: This linter can be disabled with `set_option linter.unnecessarySimpa false`
⚠ [7590/7613] Replayed Goldbach.Windows
warning: Goldbach/Windows.lean:63:4: try 'simp' instead of 'simpa'

Note: This linter can be disabled with `set_option linter.unnecessarySimpa false`
warning: Goldbach/Windows.lean:68:2: try 'simp' instead of 'simpa'

Note: This linter can be disabled with `set_option linter.unnecessarySimpa false`
warning: Goldbach/Windows.lean:68:38: this tactic is never executed

Note: This linter can be disabled with `set_option linter.unreachableTactic false`
warning: Goldbach/Windows.lean:68:38: 'simpa using hmap' tactic does nothing

Note: This linter can be disabled with `set_option linter.unusedTactic false`
⚠ [7595/7613] Replayed Goldbach.AO_AssembleEnvelope
warning: Goldbach/AO_AssembleEnvelope.lean:67:20: try 'simp' instead of 'simpa'

Note: This linter can be disabled with `set_option linter.unnecessarySimpa false`
⚠ [7597/7613] Replayed Goldbach.AO_Major
warning: Goldbach/AO_Major.lean:21:13: unused variable `hX`

Note: This linter can be disabled with `set_option linter.unusedVariables false`
warning: Goldbach/AO_Major.lean:21:35: unused variable `hN`

Note: This linter can be disabled with `set_option linter.unusedVariables false`
warning: Goldbach/AO_Major.lean:25:24: This simp argument is unused:
  add_assoc

Hint: Omit it from the simp argument list.
  simp [Goldbach.AO_Major.errAO, Goldbach.AO_Major.weight_mass, Goldbach.AO_Core.errAO,
       ̵ ̵ ̵ ̵sub_eq_add_neg, add_a̵s̵s̵o̵c̵,̵ ̵a̵d̵d̵_̵left_comm, add_comm, mul_assoc]

Note: This linter can be disabled with `set_option linter.unusedSimpArgs false`
warning: Goldbach/AO_Major.lean:25:60: This simp argument is unused:
  mul_assoc

Hint: Omit it from the simp argument list.
  simp [Goldbach.AO_Major.errAO, Goldbach.AO_Major.weight_mass, Goldbach.AO_Core.errAO,
       ̵ ̵ ̵ ̵sub_eq_add_neg, add_assoc, add_left_comm, add_comm,̵ ̵m̵u̵l̵_̵a̵s̵s̵o̵c̵]

Note: This linter can be disabled with `set_option linter.unusedSimpArgs false`
warning: Goldbach/AO_Major.lean:46:5: unused variable `h`

Note: This linter can be disabled with `set_option linter.unusedVariables false`
warning: Goldbach/AO_Major.lean:58:24: This simp argument is unused:
  dif_pos

Hint: Omit it from the simp argument list.
  simp only [MPDF, win, d̵i̵f̵_̵p̵o̵s̵,̵ ̵mul_div_assoc']

Note: This linter can be disabled with `set_option linter.unusedSimpArgs false`
warning: Goldbach/AO_Major.lean:58:33: This simp argument is unused:
  mul_div_assoc'

Hint: Omit it from the simp argument list.
  simp only [MPDF, win, dif_pos,̵ ̵m̵u̵l̵_̵d̵i̵v̵_̵a̵s̵s̵o̵c̵'̵]

Note: This linter can be disabled with `set_option linter.unusedSimpArgs false`
warning: Goldbach/AO_Major.lean:81:69: try 'simp' instead of 'simpa'

Note: This linter can be disabled with `set_option linter.unnecessarySimpa false`
warning: Goldbach/AO_Major.lean:82:68: try 'simp' instead of 'simpa'

Note: This linter can be disabled with `set_option linter.unnecessarySimpa false`
warning: Goldbach/AO_Major.lean:83:68: try 'simp' instead of 'simpa'

Note: This linter can be disabled with `set_option linter.unnecessarySimpa false`
warning: Goldbach/AO_Major.lean:85:90: This simp argument is unused:
  add_assoc

Hint: Omit it from the simp argument list.
  simp [sub_eq_add_neg,̵ ̵a̵d̵d̵_̵a̵s̵s̵o̵c̵]

Note: This linter can be disabled with `set_option linter.unusedSimpArgs false`
warning: Goldbach/AO_Major.lean:101:24: This simp argument is unused:
  dif_pos

Hint: Omit it from the simp argument list.
  simp only [MPDF, win,̵ ̵d̵i̵f̵_̵p̵o̵s̵]

Note: This linter can be disabled with `set_option linter.unusedSimpArgs false`
⚠ [7599/7613] Replayed Goldbach.BG_Bank
warning: Goldbach/BG_Bank.lean:13:25: unused variable `n`

Note: This linter can be disabled with `set_option linter.unusedVariables false`
warning: Goldbach/BG_Bank.lean:75:4: try 'simp' instead of 'simpa'

Note: This linter can be disabled with `set_option linter.unnecessarySimpa false`
warning: Goldbach/BG_Bank.lean:75:25: this tactic is never executed

Note: This linter can be disabled with `set_option linter.unreachableTactic false`
warning: Goldbach/BG_Bank.lean:75:25: 'decide' tactic does nothing

Note: This linter can be disabled with `set_option linter.unusedTactic false`
warning: Goldbach/BG_Bank.lean:288:14: try 'simp' instead of 'simpa'

Note: This linter can be disabled with `set_option linter.unnecessarySimpa false`
warning: Goldbach/BG_Bank.lean:188:42: This simp argument is unused:
  Nat.cast_sub hn_le

Hint: Omit it from the simp argument list.
  simp only [Nat.cast_succ,̵ ̵N̵a̵t̵.̵c̵a̵s̵t̵_̵s̵u̵b̵ ̵h̵n̵_̵l̵e̵]

Note: This linter can be disabled with `set_option linter.unusedSimpArgs false`
warning: Goldbach/BG_Bank.lean:194:24: This simp argument is unused:
  abs_of_nonneg hlog_Nm_nn

Hint: Omit it from the simp argument list.
  simp [hp,̵ ̵a̵b̵s̵_̵o̵f̵_̵n̵o̵n̵n̵e̵g̵ ̵h̵l̵o̵g̵_̵N̵m̵_̵n̵n̵]

Note: This linter can be disabled with `set_option linter.unusedSimpArgs false`
warning: Goldbach/BG_Bank.lean:202:24: This simp argument is unused:
  abs_of_nonneg hlog_Np1_nn

Hint: Omit it from the simp argument list.
  simp [hp,̵ ̵a̵b̵s̵_̵o̵f̵_̵n̵o̵n̵n̵e̵g̵ ̵h̵l̵o̵g̵_̵N̵p̵1̵_̵n̵n̵]

Note: This linter can be disabled with `set_option linter.unusedSimpArgs false`
warning: Goldbach/BG_Bank.lean:218:46: This simp argument is unused:
  mul_comm

Hint: Omit it from the simp argument list.
  simp [abs_mul, mul_assoc, m̵u̵l̵_̵c̵o̵m̵m̵,̵ ̵mul_left_comm]

Note: This linter can be disabled with `set_option linter.unusedSimpArgs false`
warning: Goldbach/BG_Bank.lean:326:20: This simp argument is unused:
  hlogXabs

Hint: Omit it from the simp argument list.
  simp [h̵l̵o̵g̵X̵a̵b̵s̵,̵ ̵mul_comm, mul_left_comm, mul_assoc]

Note: This linter can be disabled with `set_option linter.unusedSimpArgs false`
warning: Goldbach/BG_Bank.lean:326:30: This simp argument is unused:
  mul_comm

Hint: Omit it from the simp argument list.
  simp [hlogXabs, m̵u̵l̵_̵c̵o̵m̵m̵,̵ ̵mul_left_comm, mul_assoc]

Note: This linter can be disabled with `set_option linter.unusedSimpArgs false`
warning: Goldbach/BG_Bank.lean:403:14: try 'simp' instead of 'simpa'

Note: This linter can be disabled with `set_option linter.unnecessarySimpa false`
warning: Goldbach/BG_Bank.lean:405:14: try 'simp' instead of 'simpa'

Note: This linter can be disabled with `set_option linter.unnecessarySimpa false`
warning: Goldbach/BG_Bank.lean:407:40: This simp argument is unused:
  add_comm

Hint: Omit it from the simp argument list.
  simp [div_self, hlogX_ne, add_c̵o̵m̵m̵,̵ ̵a̵d̵d̵_̵left_comm, add_assoc]

Note: This linter can be disabled with `set_option linter.unusedSimpArgs false`
warning: Goldbach/BG_Bank.lean:407:50: This simp argument is unused:
  add_left_comm

Hint: Omit it from the simp argument list.
  simp [div_self, hlogX_ne, add_comm, a̵d̵d̵_̵l̵e̵f̵t̵_̵c̵o̵m̵m̵,̵ ̵add_assoc]

Note: This linter can be disabled with `set_option linter.unusedSimpArgs false`
warning: Goldbach/BG_Bank.lean:407:65: This simp argument is unused:
  add_assoc

Hint: Omit it from the simp argument list.
  simp [div_self, hlogX_ne, add_comm, add_left_comm,̵ ̵a̵d̵d̵_̵a̵s̵s̵o̵c̵]

Note: This linter can be disabled with `set_option linter.unusedSimpArgs false`
warning: Goldbach/BG_Bank.lean:547:63: try 'simp' instead of 'simpa'

Note: This linter can be disabled with `set_option linter.unnecessarySimpa false`
warning: Goldbach/BG_Bank.lean:550:47: This simp argument is unused:
  add_comm

Hint: Omit it from the simp argument list.
  simp [add_div, div_self, hlogX_ne, add_c̵o̵m̵m̵,̵ ̵a̵d̵d̵_̵left_comm, add_assoc]

Note: This linter can be disabled with `set_option linter.unusedSimpArgs false`
warning: Goldbach/BG_Bank.lean:550:57: This simp argument is unused:
  add_left_comm

Hint: Omit it from the simp argument list.
  simp [add_div, div_self, hlogX_ne, add_comm, a̵d̵d̵_̵l̵e̵f̵t̵_̵c̵o̵m̵m̵,̵ ̵add_assoc]

Note: This linter can be disabled with `set_option linter.unusedSimpArgs false`
warning: Goldbach/BG_Bank.lean:550:72: This simp argument is unused:
  add_assoc

Hint: Omit it from the simp argument list.
  simp [add_div, div_self, hlogX_ne, add_comm, add_left_comm,̵ ̵a̵d̵d̵_̵a̵s̵s̵o̵c̵]

Note: This linter can be disabled with `set_option linter.unusedSimpArgs false`
warning: Goldbach/BG_Bank.lean:559:56: This simp argument is unused:
  add_left_comm

Hint: Omit it from the simp argument list.
  simp [c, Nat.cast_add, Nat.cast_one, add_assoc, a̵d̵d̵_̵l̵e̵f̵t̵_̵c̵o̵m̵m̵,̵ ̵add_comm, add_div, div_self hX0_ne]

Note: This linter can be disabled with `set_option linter.unusedSimpArgs false`
⚠ [7600/7613] Replayed Goldbach.BG_Operator
warning: Goldbach/BG_Operator.lean:31:2: try 'simp' instead of 'simpa'

Note: This linter can be disabled with `set_option linter.unnecessarySimpa false`
warning: Goldbach/BG_Operator.lean:98:2: try 'simp' instead of 'simpa'

Note: This linter can be disabled with `set_option linter.unnecessarySimpa false`
⚠ [7602/7613] Replayed Goldbach.SingularSeries
warning: Goldbach/SingularSeries.lean:40:5: unused variable `h`

Note: This linter can be disabled with `set_option linter.unusedVariables false`
warning: Goldbach/SingularSeries.lean:88:8: `Finset.eq_empty_iff_forall_not_mem` has been deprecated: Use `Finset.eq_empty_iff_forall_notMem` instead
warning: Goldbach/SingularSeries.lean:98:4: try 'simp' instead of 'simpa'

Note: This linter can be disabled with `set_option linter.unnecessarySimpa false`
warning: Goldbach/SingularSeries.lean:99:28: this tactic is never executed

Note: This linter can be disabled with `set_option linter.unreachableTactic false`
warning: Goldbach/SingularSeries.lean:99:57: this tactic is never executed

Note: This linter can be disabled with `set_option linter.unreachableTactic false`
warning: Goldbach/SingularSeries.lean:99:28: 'decide' tactic does nothing

Note: This linter can be disabled with `set_option linter.unusedTactic false`
warning: Goldbach/SingularSeries.lean:99:57: 'decide' tactic does nothing

Note: This linter can be disabled with `set_option linter.unusedTactic false`
⚠ [7604/7613] Replayed Goldbach.PPNumerics
warning: Goldbach/PPNumerics.lean:24:42: try 'simp' instead of 'simpa'

Note: This linter can be disabled with `set_option linter.unnecessarySimpa false`
warning: Goldbach/PPNumerics.lean:27:6: try 'simp' instead of 'simpa'

Note: This linter can be disabled with `set_option linter.unnecessarySimpa false`
⚠ [7605/7613] Replayed Goldbach.PPBoundSquares
warning: Goldbach/PPBoundSquares.lean:41:8: try 'simp' instead of 'simpa'

Note: This linter can be disabled with `set_option linter.unnecessarySimpa false`
warning: Goldbach/PPBoundSquares.lean:228:10: try 'simp' instead of 'simpa'

Note: This linter can be disabled with `set_option linter.unnecessarySimpa false`
⚠ [7607/7613] Replayed Goldbach.AnalyticGlobal
warning: Goldbach/AnalyticGlobal.lean:65:28: This simp argument is unused:
  one_div

Hint: Omit it from the simp argument list.
  simp [div_eq_mul_inv, o̵n̵e̵_̵d̵i̵v̵,̵ ̵mul_comm]

Note: This linter can be disabled with `set_option linter.unusedSimpArgs false`
warning: Goldbach/AnalyticGlobal.lean:68:30: This simp argument is unused:
  one_div

Hint: Omit it from the simp argument list.
  simp [div_eq_mul_inv, o̵n̵e̵_̵d̵i̵v̵,̵ ̵mul_comm]

Note: This linter can be disabled with `set_option linter.unusedSimpArgs false`
warning: Goldbach/AnalyticGlobal.lean:70:39: This simp argument is unused:
  mul_left_comm

Hint: Omit it from the simp argument list.
  simp [one_div, S_ne, mul_comm, mul_l̵e̵f̵t̵_̵c̵o̵m̵m̵,̵ ̵m̵u̵l̵_̵assoc]

Note: This linter can be disabled with `set_option linter.unusedSimpArgs false`
warning: Goldbach/AnalyticGlobal.lean:70:54: This simp argument is unused:
  mul_assoc

Hint: Omit it from the simp argument list.
  simp [one_div, S_ne, mul_comm, mul_left_comm,̵ ̵m̵u̵l̵_̵a̵s̵s̵o̵c̵]

Note: This linter can be disabled with `set_option linter.unusedSimpArgs false`
⚠ [7608/7613] Replayed Goldbach.BankPieces
warning: Goldbach/BankPieces.lean:15:63: `class ... :=` has been deprecated in favor of `class ... where`.

Note: This linter can be disabled with `set_option linter.deprecated false`
⚠ [7610/7613] Replayed Goldbach.Analytic.MajorBoundFromSigma
warning: Goldbach/Analytic/MajorBoundFromSigma.lean:21:75: `structure ... :=` has been deprecated in favor of `structure ... where`.

Note: This linter can be disabled with `set_option linter.deprecated false`
⚠ [7611/7613] Replayed Goldbach.Analytic.NumericSigma
warning: Goldbach/Analytic/NumericSigma.lean:23:32: unused variable `hX`

Note: This linter can be disabled with `set_option linter.unusedVariables false`
✖ [7613/7613] Building Goldbach.BG_Identity (41s)
trace: .> LEAN_PATH=/Users/benjaminnelson/Desktop/nerd shit/goldbach/builds/Goldbach/.lake/packages/Cli/.lake/build/lib/lean:/Users/benjaminnelson/Desktop/nerd shit/goldbach/builds/Goldbach/.lake/packages/batteries/.lake/build/lib/lean:/Users/benjaminnelson/Desktop/nerd shit/goldbach/builds/Goldbach/.lake/packages/Qq/.lake/build/lib/lean:/Users/benjaminnelson/Desktop/nerd shit/goldbach/builds/Goldbach/.lake/packages/aesop/.lake/build/lib/lean:/Users/benjaminnelson/Desktop/nerd shit/goldbach/builds/Goldbach/.lake/packages/proofwidgets/.lake/build/lib/lean:/Users/benjaminnelson/Desktop/nerd shit/goldbach/builds/Goldbach/.lake/packages/importGraph/.lake/build/lib/lean:/Users/benjaminnelson/Desktop/nerd shit/goldbach/builds/Goldbach/.lake/packages/LeanSearchClient/.lake/build/lib/lean:/Users/benjaminnelson/Desktop/nerd shit/goldbach/builds/Goldbach/.lake/packages/plausible/.lake/build/lib/lean:/Users/benjaminnelson/Desktop/nerd shit/goldbach/builds/Goldbach/.lake/packages/mathlib/.lake/build/lib/lean:/Users/benjaminnelson/Desktop/nerd shit/goldbach/builds/Goldbach/.lake/build/lib/lean /Users/benjaminnelson/.elan/toolchains/leanprover--lean4---v4.26.0-rc2/bin/lean /Users/benjaminnelson/Desktop/nerd shit/goldbach/builds/Goldbach/Goldbach/BG_Identity.lean -o /Users/benjaminnelson/Desktop/nerd shit/goldbach/builds/Goldbach/.lake/build/lib/lean/Goldbach/BG_Identity.olean -i /Users/benjaminnelson/Desktop/nerd shit/goldbach/builds/Goldbach/.lake/build/lib/lean/Goldbach/BG_Identity.ilean -c /Users/benjaminnelson/Desktop/nerd shit/goldbach/builds/Goldbach/.lake/build/ir/Goldbach/BG_Identity.c --setup /Users/benjaminnelson/Desktop/nerd shit/goldbach/builds/Goldbach/.lake/build/ir/Goldbach/BG_Identity.setup.json --json
warning: Goldbach/BG_Identity.lean:149:48: This simp argument is unused:
  add_comm

Hint: Omit it from the simp argument list.
  simp [Finset.sum_insert, hk, ih, mul_add, a̵d̵d̵_̵c̵o̵m̵m̵,̵ ̵add_left_comm, add_assoc, mul_comm, mul_left_comm,
  ̲  ̲ ̲ ̲ ̲ ̲ ̲ ̲mul_assoc]

Note: This linter can be disabled with `set_option linter.unusedSimpArgs false`
warning: Goldbach/BG_Identity.lean:149:58: This simp argument is unused:
  add_left_comm

Hint: Omit it from the simp argument list.
  simp [Finset.sum_insert, hk, ih, mul_add, add_comm, a̵d̵d̵_̵l̵e̵f̵t̵_̵c̵o̵m̵m̵,̵add_assoc, mul_comm, mul_left_comm,
  ̲  ̲ ̲ ̲ ̲ ̲ ̲ ̲mul_assoc]

Note: This linter can be disabled with `set_option linter.unusedSimpArgs false`
warning: Goldbach/BG_Identity.lean:150:12: This simp argument is unused:
  add_assoc

Hint: Omit it from the simp argument list.
  simp [Finset.sum_insert, hk, ih, mul_add, add_comm, add_left_comm, a̵d̵d̵_̵a̵s̵s̵o̵c̵,̵ ̵mul_comm, mul_left_comm,
  ̲  ̲ ̲ ̲ ̲ ̲ ̲ ̲mul_assoc]

Note: This linter can be disabled with `set_option linter.unusedSimpArgs false`
warning: Goldbach/BG_Identity.lean:150:23: This simp argument is unused:
  mul_comm

Hint: Omit it from the simp argument list.
  simp [Finset.sum_insert, hk, ih, mul_add, add_comm, add_left_comm, add_assoc, m̵u̵l̵_̵c̵o̵m̵m̵,̵ ̵mul_left_comm,
  ̲  ̲ ̲ ̲ ̲ ̲ ̲ ̲mul_assoc]

Note: This linter can be disabled with `set_option linter.unusedSimpArgs false`
warning: Goldbach/BG_Identity.lean:150:33: This simp argument is unused:
  mul_left_comm

Hint: Omit it from the simp argument list.
  simp [Finset.sum_insert, hk, ih, mul_add, add_comm, add_left_comm, add_assoc, mul_comm,
  ̲  ̲ ̲ ̲ ̲ ̲ ̲ ̲m̵u̵l̵_̵l̵e̵f̵t̵_̵c̵o̵m̵m̵,̵ ̵mul_assoc]

Note: This linter can be disabled with `set_option linter.unusedSimpArgs false`
warning: Goldbach/BG_Identity.lean:150:48: This simp argument is unused:
  mul_assoc

Hint: Omit it from the simp argument list.
  simp [Finset.sum_insert, hk, ih, mul_add, add_comm, add_left_comm, add_assoc, mul_comm,
  ̲  ̲ ̲ ̲ ̲ ̲ ̲ ̲m̵u̵l̵_̵l̵e̵f̵t̵_̵c̵o̵m̵m̵,̵ ̵m̵u̵l̵_̵a̵s̵s̵o̵c̵]̵m̲u̲l̲_̲l̲e̲f̲t̲_̲c̲o̲m̲m̲]̲

Note: This linter can be disabled with `set_option linter.unusedSimpArgs false`
error: Goldbach/BG_Identity.lean:219:15: Unknown constant `Int.natAbs_ofNat`
error: Goldbach/BG_Identity.lean:220:21: Unknown constant `Int.natAbs_ofNat`
error: Goldbach/BG_Identity.lean:197:76: unsolved goals
m : ℕ
hm : m ≤ Ucut
hnonneg : 0 ≤ 1 - ↑m / ↑Ucut
hmax : max (1 - ↑m / ↑Ucut) 0 = 1 - ↑m / ↑Ucut
hbranch : max (1 - ↑(Int.ofNat m).natAbs / ↑Ucut) 0 = 1 - ↑(Int.ofNat m).natAbs / ↑Ucut
⊢ max (1 - ↑m / (↑H + ↑((H + 99) / 100))) 0 / (↑H + ↑((H + 99) / 100)) =
    (1 - ↑m / (↑H + ↑((H + 99) / 100))) / (↑H + ↑((H + 99) / 100))
warning: Goldbach/BG_Identity.lean:204:12: This simp argument is unused:
  hU

Hint: Omit it from the simp argument list.
  simp [hU̵,̵ ̵h̵m0]

Note: This linter can be disabled with `set_option linter.unusedSimpArgs false`
warning: Goldbach/BG_Identity.lean:220:8: This simp argument is unused:
  hbranch

Hint: Omit it from the simp argument list.
  simp [h̵b̵r̵a̵n̵c̵h̵,̵ ̵Int.natAbs_ofNat]

Note: This linter can be disabled with `set_option linter.unusedSimpArgs false`
warning: Goldbach/BG_Identity.lean:246:10: This simp argument is unused:
  Finset.sum_insert

Hint: Omit it from the simp argument list.
  simp [̵F̵i̵n̵s̵e̵t̵.̵s̵u̵m̵_̵i̵n̵s̵e̵r̵t̵,̵ ̵h̵a̵,̵[̲h̲a̲,̲ ih, mul_add, add_comm, add_left_comm, add_assoc, mul_comm, mul_left_comm, mul_assoc]

Note: This linter can be disabled with `set_option linter.unusedSimpArgs false`
warning: Goldbach/BG_Identity.lean:246:33: This simp argument is unused:
  ih

Hint: Omit it from the simp argument list.
  simp [Finset.sum_insert, ha, i̵h̵,̵ ̵mul_add, add_comm, add_left_comm,
  ̵  ̵ ̵ ̵ ̵ ̵ ̵ ̵ ̵ ̵add_assoc, mul_comm,
  ̲  ̲ ̲ ̲ ̲ ̲mul_left_comm, mul_assoc]

Note: This linter can be disabled with `set_option linter.unusedSimpArgs false`
warning: Goldbach/BG_Identity.lean:246:56: This simp argument is unused:
  add_left_comm

Hint: Omit it from the simp argument list.
  simp [Finset.sum_insert, ha, ih, mul_add, add_comm, a̵d̵d̵_̵l̵e̵f̵t̵_̵c̵o̵m̵m̵,̵add_assoc, mul_comm, mul_left_comm,
  ̲  ̲ ̲ ̲ ̲ ̲mul_assoc]

Note: This linter can be disabled with `set_option linter.unusedSimpArgs false`
warning: Goldbach/BG_Identity.lean:247:10: This simp argument is unused:
  add_assoc

Hint: Omit it from the simp argument list.
  simp [Finset.sum_insert, ha, ih, mul_add, add_comm, add_left_comm, a̵d̵d̵_̵a̵s̵s̵o̵c̵,̵ ̵mul_comm, mul_left_comm,
  ̲  ̲ ̲ ̲ ̲ ̲mul_assoc]

Note: This linter can be disabled with `set_option linter.unusedSimpArgs false`
warning: Goldbach/BG_Identity.lean:247:31: This simp argument is unused:
  mul_left_comm

Hint: Omit it from the simp argument list.
  simp [Finset.sum_insert, ha, ih, mul_add, add_comm, add_left_comm, add_assoc, mul_comm,
  ̲  ̲ ̲ ̲ ̲ ̲m̵u̵l̵_̵l̵e̵f̵t̵_̵c̵o̵m̵m̵,̵ ̵mul_assoc]

Note: This linter can be disabled with `set_option linter.unusedSimpArgs false`
warning: Goldbach/BG_Identity.lean:247:46: This simp argument is unused:
  mul_assoc

Hint: Omit it from the simp argument list.
  simp [Finset.sum_insert, ha, ih, mul_add, add_comm, add_left_comm, add_assoc, mul_comm,
  ̲  ̲ ̲ ̲ ̲ ̲m̵u̵l̵_̵l̵e̵f̵t̵_̵c̵o̵m̵m̵,̵ ̵m̵u̵l̵_̵a̵s̵s̵o̵c̵]̵m̲u̲l̲_̲l̲e̲f̲t̲_̲c̲o̲m̲m̲]̲

Note: This linter can be disabled with `set_option linter.unusedSimpArgs false`
warning: Goldbach/BG_Identity.lean:278:10: try 'simp' instead of 'simpa'

Note: This linter can be disabled with `set_option linter.unnecessarySimpa false`
warning: Goldbach/BG_Identity.lean:285:10: try 'simp' instead of 'simpa'

Note: This linter can be disabled with `set_option linter.unnecessarySimpa false`
error: Goldbach/BG_Identity.lean:268:2: unsolved goals
case h.mpr
n : ℕ
z : ℤ
hz : z ∈ Finset.Icc (-↑n) ↑n
hI : -↑n ≤ z ∧ z ≤ ↑n
hz_ne_pos : z ≠ ↑n.succ
hz_ne_neg : z ≠ -↑n.succ
hzI' : z ∈ Finset.Icc (-↑n.succ) ↑n.succ
⊢ -1 < z + ↑n ∧ z < ↑n + 1
warning: Goldbach/BG_Identity.lean:292:10: This simp argument is unused:
  Finset.mem_erase

Hint: Omit it from the simp argument list.
  simp [F̵i̵n̵s̵e̵t̵.̵m̵e̵m̵_̵e̵r̵a̵s̵e̵,̵ ̵hz_ne_pos, hz_ne_neg, hzI']

Note: This linter can be disabled with `set_option linter.unusedSimpArgs false`
warning: Goldbach/BG_Identity.lean:292:28: This simp argument is unused:
  hz_ne_pos

Hint: Omit it from the simp argument list.
  simp [Finset.mem_erase, h̵z̵_̵n̵e̵_̵p̵o̵s̵,̵ ̵hz_ne_neg, hzI']

Note: This linter can be disabled with `set_option linter.unusedSimpArgs false`
warning: Goldbach/BG_Identity.lean:292:39: This simp argument is unused:
  hz_ne_neg

Hint: Omit it from the simp argument list.
  simp [Finset.mem_erase, hz_ne_pos, hz_̵n̵e̵_̵n̵e̵g̵,̵ ̵h̵z̵I']

Note: This linter can be disabled with `set_option linter.unusedSimpArgs false`
warning: Goldbach/BG_Identity.lean:292:50: This simp argument is unused:
  hzI'

Hint: Omit it from the simp argument list.
  simp [Finset.mem_erase, hz_ne_pos, hz_ne_neg,̵ ̵h̵z̵I̵'̵]

Note: This linter can be disabled with `set_option linter.unusedSimpArgs false`
error: Goldbach/BG_Identity.lean:340:8: Type mismatch: After simplification, term
  hstep2
 has type
  f (-↑n + -1) + ∑ x ∈ (s.erase (↑n + 1)).erase (-↑n + -1), f x = ∑ x ∈ s.erase (↑n + 1), f x
but is expected to have type
  ∑ x ∈ s.erase (↑n + 1), f x = f (-↑n + -1) + ∑ x ∈ (s.erase (↑n + 1)).erase (-↑n + -1), f x
warning: Goldbach/BG_Identity.lean:354:13: `Finset.range_succ` has been deprecated: Use `Finset.range_add_one` instead
warning: Goldbach/BG_Identity.lean:354:6: try 'simp' instead of 'simpa'

Note: This linter can be disabled with `set_option linter.unnecessarySimpa false`
warning: Goldbach/BG_Identity.lean:366:23: `Int.ofNat_eq_coe` has been deprecated: Use `Int.ofNat_eq_natCast` instead
error: Goldbach/BG_Identity.lean:369:12: Tactic `assumption` failed

f : ℤ → ℝ
hEven : ∀ (z : ℤ), f (-z) = f z
n : ℕ
ih : (Finset.Icc (-↑n) ↑n).sum f = f 0 + 2 * ∑ k ∈ Finset.range n, f (Int.ofNat k.succ)
s : Finset ℤ := Finset.Icc (-↑n.succ) ↑n.succ
s0 : Finset ℤ := s.erase ↑n.succ
s1 : Finset ℤ := s0.erase (-↑n.succ)
hmem_pos : ↑n.succ ∈ s
hmem_neg : -↑n.succ ∈ s
hmem_neg_s0 : -↑n.succ ∈ s0
hstep1 : ∑ x ∈ s.erase ↑n.succ, f x + f ↑n.succ = ∑ x ∈ s, f x
hstep2 : ∑ x ∈ s0.erase (-↑n.succ), f x + f (-↑n.succ) = ∑ x ∈ s0, f x
hs1 : s1 = Finset.Icc (-↑n) ↑n
this✝ : s.sum f = s1.sum f + f (-↑n.succ) + f ↑n.succ
hIH : (Finset.Icc (-↑n) ↑n).sum f = f 0 + 2 * ∑ k ∈ Finset.range n, f (Int.ofNat k.succ)
hrange :
  ∑ k ∈ Finset.range n.succ, f (Int.ofNat k.succ) = ∑ k ∈ Finset.range n, f (Int.ofNat k.succ) + f (Int.ofNat n.succ)
this : s.sum f = (Finset.Icc (-↑n) ↑n).sum f + f (↑n + 1) + f (-1 + -↑n)
⊢ ∑ x ∈ Finset.range n, f (↑x + 1) + f (↑n + 1) = ∑ x ∈ Finset.range (n + 1), f (↑x + 1)
error: Goldbach/BG_Identity.lean:393:6: Type mismatch: After simplification, term
  this
 has type
  True
but is expected to have type
  ↑n + 2 = ↑n + 1 + 1 ∨ ↑n + 1 = 0
error: Goldbach/BG_Identity.lean:394:4: Tactic `assumption` failed

case succ
n : ℕ
ih : ∑ k ∈ Finset.range n, ↑k.succ = ↑n * (↑n + 1) / 2
h : ∑ x ∈ Finset.range (n + 1), ↑x.succ = ∑ x ∈ Finset.range n, ↑x.succ + ↑n.succ
h' : ∑ k ∈ Finset.range n.succ, ↑k.succ = ∑ k ∈ Finset.range n, ↑k.succ + ↑n.succ
h'' : ↑n * (↑n + 1) / 2 + ↑n.succ = ↑n.succ * (↑n.succ + 1) / 2
⊢ ∑ x ∈ Finset.range (n + 1), (↑x + 1) = (↑n + 1) * (↑n + 1 + 1) / 2
warning: Goldbach/BG_Identity.lean:409:44: try 'simp' instead of 'simpa'

Note: This linter can be disabled with `set_option linter.unnecessarySimpa false`
warning: Goldbach/BG_Identity.lean:412:50: This simp argument is unused:
  add_comm

Hint: Omit it from the simp argument list.
  simp [h₁, h₂, Finset.sum_insert, ha, mul_add, add_c̵o̵m̵m̵,̵ ̵a̵d̵d̵_̵left_comm, add_assoc]

Note: This linter can be disabled with `set_option linter.unusedSimpArgs false`
warning: Goldbach/BG_Identity.lean:412:60: This simp argument is unused:
  add_left_comm

Hint: Omit it from the simp argument list.
  simp [h₁, h₂, Finset.sum_insert, ha, mul_add, add_comm, a̵d̵d̵_̵l̵e̵f̵t̵_̵c̵o̵m̵m̵,̵ ̵add_assoc]

Note: This linter can be disabled with `set_option linter.unusedSimpArgs false`
warning: Goldbach/BG_Identity.lean:412:75: This simp argument is unused:
  add_assoc

Hint: Omit it from the simp argument list.
  simp [h₁, h₂, Finset.sum_insert, ha, mul_add, add_comm, add_left_comm,̵ ̵a̵d̵d̵_̵a̵s̵s̵o̵c̵]

Note: This linter can be disabled with `set_option linter.unusedSimpArgs false`
warning: Goldbach/BG_Identity.lean:421:46: This simp argument is unused:
  add_comm

Hint: Omit it from the simp argument list.
  simp [Finset.sum_insert, hb, ih, mul_add, add_c̵o̵m̵m̵,̵ ̵a̵d̵d̵_̵left_comm, add_assoc]

Note: This linter can be disabled with `set_option linter.unusedSimpArgs false`
warning: Goldbach/BG_Identity.lean:421:56: This simp argument is unused:
  add_left_comm

Hint: Omit it from the simp argument list.
  simp [Finset.sum_insert, hb, ih, mul_add, add_comm, a̵d̵d̵_̵l̵e̵f̵t̵_̵c̵o̵m̵m̵,̵ ̵add_assoc]

Note: This linter can be disabled with `set_option linter.unusedSimpArgs false`
warning: Goldbach/BG_Identity.lean:421:71: This simp argument is unused:
  add_assoc

Hint: Omit it from the simp argument list.
  simp [Finset.sum_insert, hb, ih, mul_add, add_comm, add_left_comm,̵ ̵a̵d̵d̵_̵a̵s̵s̵o̵c̵]

Note: This linter can be disabled with `set_option linter.unusedSimpArgs false`
warning: Goldbach/BG_Identity.lean:517:6: declaration uses 'sorry'
warning: Goldbach/BG_Identity.lean:539:4: try 'simp' instead of 'simpa'

Note: This linter can be disabled with `set_option linter.unnecessarySimpa false`
warning: Goldbach/BG_Identity.lean:562:25: try 'simp' instead of 'simpa'

Note: This linter can be disabled with `set_option linter.unnecessarySimpa false`
warning: Goldbach/BG_Identity.lean:605:6: declaration uses 'sorry'
warning: Goldbach/BG_Identity.lean:642:15: unused variable `hX`

Note: This linter can be disabled with `set_option linter.unusedVariables false`
warning: Goldbach/BG_Identity.lean:643:5: unused variable `hN`

Note: This linter can be disabled with `set_option linter.unusedVariables false`
warning: Goldbach/BG_Identity.lean:675:5: unused variable `hk`

Note: This linter can be disabled with `set_option linter.unusedVariables false`
warning: Goldbach/BG_Identity.lean:700:28: This simp argument is unused:
  hUpos.ne'

Hint: Omit it from the simp argument list.
  s̵i̵m̵p̵ ̵[̵K̵_̵f̵u̵l̵l̵,̵ ̵K̵_̵f̵u̵l̵l̵_̵r̵a̵w̵,̵ ̵h̵U̵p̵o̵s̵.̵n̵e̵'̵]̵ ̵a̵t̵ ̵*̵s̲i̲m̲p̲ ̲[̲K̲_̲f̲u̲l̲l̲,̲
  ̲ ̲ ̲ ̲ ̲K̲_̲f̲u̲l̲l̲_̲r̲a̲w̲]̲ ̲a̲t̲ ̲*̲
  ̲ ̲ ̲ ̲ ̲ ̲ ̲-̲-̲ ̲a̲f̲t̲e̲r̲ ̲s̲i̲m̲p̲,̲ ̲g̲o̲a̲l̲ ̲b̲e̲c̲o̲m̲e̲s̲ ̲`̲0̲ ̲<̲ ̲1̲ ̲/̲ ̲(̲U̲c̲u̲t̲:̲ℝ̲)̲`̲
  ̲ ̲ ̲ ̲ ̲ ̲ ̲

Note: This linter can be disabled with `set_option linter.unusedSimpArgs false`
warning: Goldbach/BG_Identity.lean:725:5: unused variable `h`

Note: This linter can be disabled with `set_option linter.unusedVariables false`
warning: Goldbach/BG_Identity.lean:732:5: unused variable `h`

Note: This linter can be disabled with `set_option linter.unusedVariables false`
warning: Goldbach/BG_Identity.lean:748:25: unused variable `X`

Note: This linter can be disabled with `set_option linter.unusedVariables false`
warning: Goldbach/BG_Identity.lean:748:27: unused variable `N`

Note: This linter can be disabled with `set_option linter.unusedVariables false`
warning: Goldbach/BG_Identity.lean:772:5: unused variable `h`

Note: This linter can be disabled with `set_option linter.unusedVariables false`
warning: Goldbach/BG_Identity.lean:798:8: try 'simp' instead of 'simpa'

Note: This linter can be disabled with `set_option linter.unnecessarySimpa false`
warning: Goldbach/BG_Identity.lean:799:6: try 'simp' instead of 'simpa'

Note: This linter can be disabled with `set_option linter.unnecessarySimpa false`
warning: Goldbach/BG_Identity.lean:828:34: unused variable `hk`

Note: This linter can be disabled with `set_option linter.unusedVariables false`
warning: Goldbach/BG_Identity.lean:832:35: unused variable `hk`

Note: This linter can be disabled with `set_option linter.unusedVariables false`
warning: Goldbach/BG_Identity.lean:933:6: declaration uses 'sorry'
error: Goldbach/BG_Identity.lean:998:14: maximum recursion depth has been reached
use `set_option maxRecDepth <num>` to increase limit
use `set_option diagnostics true` to get diagnostic information
error: Goldbach/BG_Identity.lean:1037:54: Application type mismatch: The argument
  hU0''
has type
  ↑Ucut ≠ 0
of sort `Prop` but is expected to have type
  ?m.718
of sort `Type ?u.94762` in the application
  inv_mul_cancel hU0''
error: Goldbach/BG_Identity.lean:1041:51: maximum recursion depth has been reached
use `set_option maxRecDepth <num>` to increase limit
use `set_option diagnostics true` to get diagnostic information
error: Goldbach/BG_Identity.lean:1054:12: maximum recursion depth has been reached
use `set_option maxRecDepth <num>` to increase limit
use `set_option diagnostics true` to get diagnostic information
error: Goldbach/BG_Identity.lean:1064:10: maximum recursion depth has been reached
use `set_option maxRecDepth <num>` to increase limit
use `set_option diagnostics true` to get diagnostic information
warning: Goldbach/BG_Identity.lean:1134:5: unused variable `h`

Note: This linter can be disabled with `set_option linter.unusedVariables false`
warning: Goldbach/BG_Identity.lean:1168:54: try 'simp' instead of 'simpa'

Note: This linter can be disabled with `set_option linter.unnecessarySimpa false`
warning: Goldbach/BG_Identity.lean:1156:10: This simp argument is unused:
  Pref_of

Hint: Omit it from the simp argument list.
  simp [P̵r̵e̵f̵_̵o̵f̵,̵ ̵hk]

Note: This linter can be disabled with `set_option linter.unusedSimpArgs false`
warning: Goldbach/BG_Identity.lean:1198:8: try 'simp' instead of 'simpa'

Note: This linter can be disabled with `set_option linter.unnecessarySimpa false`
warning: Goldbach/BG_Identity.lean:1199:6: try 'simp' instead of 'simpa'

Note: This linter can be disabled with `set_option linter.unnecessarySimpa false`
error: Goldbach/BG_Identity.lean:1267:16: maximum recursion depth has been reached
use `set_option maxRecDepth <num>` to increase limit
use `set_option diagnostics true` to get diagnostic information
error: Goldbach/BG_Identity.lean:1282:18: maximum recursion depth has been reached
use `set_option maxRecDepth <num>` to increase limit
use `set_option diagnostics true` to get diagnostic information
error: Goldbach/BG_Identity.lean:1294:16: No goals to be solved
error: Goldbach/BG_Identity.lean:1306:4: maximum recursion depth has been reached
use `set_option maxRecDepth <num>` to increase limit
use `set_option diagnostics true` to get diagnostic information
error: Goldbach/BG_Identity.lean:1324:12: maximum recursion depth has been reached
use `set_option maxRecDepth <num>` to increase limit
use `set_option diagnostics true` to get diagnostic information
error: Goldbach/BG_Identity.lean:1330:12: maximum recursion depth has been reached
use `set_option maxRecDepth <num>` to increase limit
use `set_option diagnostics true` to get diagnostic information
error: Goldbach/BG_Identity.lean:1331:2: maximum recursion depth has been reached
use `set_option maxRecDepth <num>` to increase limit
use `set_option diagnostics true` to get diagnostic information
warning: Goldbach/BG_Identity.lean:1333:6: declaration uses 'sorry'
error: Goldbach/BG_Identity.lean:1379:21: maximum recursion depth has been reached
use `set_option maxRecDepth <num>` to increase limit
use `set_option diagnostics true` to get diagnostic information
warning: Goldbach/BG_Identity.lean:1407:28: unused variable `X`

Note: This linter can be disabled with `set_option linter.unusedVariables false`
warning: Goldbach/BG_Identity.lean:1407:30: unused variable `N`

Note: This linter can be disabled with `set_option linter.unusedVariables false`
warning: Goldbach/BG_Identity.lean:1408:28: unused variable `X`

Note: This linter can be disabled with `set_option linter.unusedVariables false`
warning: Goldbach/BG_Identity.lean:1408:30: unused variable `N`

Note: This linter can be disabled with `set_option linter.unusedVariables false`
error: Goldbach/BG_Identity.lean:1434:21: maximum recursion depth has been reached
use `set_option maxRecDepth <num>` to increase limit
use `set_option diagnostics true` to get diagnostic information
error: Lean exited with code 1
Some required targets logged failures:
- Goldbach.BG_Identity
error: build failed
⚠ [7587/7613] Replayed Goldbach.Compat
warning: Goldbach/Compat.lean:18:2: try 'simp' instead of 'simpa'

Note: This linter can be disabled with `set_option linter.unnecessarySimpa false`
warning: Goldbach/Compat.lean:24:40: unused variable `hb`

Note: This linter can be disabled with `set_option linter.unusedVariables false`
warning: Goldbach/Compat.lean:50:4: try 'simp' instead of 'simpa'

Note: This linter can be disabled with `set_option linter.unnecessarySimpa false`
⚠ [7590/7613] Replayed Goldbach.Windows
warning: Goldbach/Windows.lean:63:4: try 'simp' instead of 'simpa'

Note: This linter can be disabled with `set_option linter.unnecessarySimpa false`
warning: Goldbach/Windows.lean:68:2: try 'simp' instead of 'simpa'

Note: This linter can be disabled with `set_option linter.unnecessarySimpa false`
warning: Goldbach/Windows.lean:68:38: this tactic is never executed

Note: This linter can be disabled with `set_option linter.unreachableTactic false`
warning: Goldbach/Windows.lean:68:38: 'simpa using hmap' tactic does nothing

Note: This linter can be disabled with `set_option linter.unusedTactic false`
⚠ [7595/7613] Replayed Goldbach.AO_AssembleEnvelope
warning: Goldbach/AO_AssembleEnvelope.lean:67:20: try 'simp' instead of 'simpa'

Note: This linter can be disabled with `set_option linter.unnecessarySimpa false`
⚠ [7597/7613] Replayed Goldbach.AO_Major
warning: Goldbach/AO_Major.lean:21:13: unused variable `hX`

Note: This linter can be disabled with `set_option linter.unusedVariables false`
warning: Goldbach/AO_Major.lean:21:35: unused variable `hN`

Note: This linter can be disabled with `set_option linter.unusedVariables false`
warning: Goldbach/AO_Major.lean:25:24: This simp argument is unused:
  add_assoc

Hint: Omit it from the simp argument list.
  simp [Goldbach.AO_Major.errAO, Goldbach.AO_Major.weight_mass, Goldbach.AO_Core.errAO,
       ̵ ̵ ̵ ̵sub_eq_add_neg, add_a̵s̵s̵o̵c̵,̵ ̵a̵d̵d̵_̵left_comm, add_comm, mul_assoc]

Note: This linter can be disabled with `set_option linter.unusedSimpArgs false`
warning: Goldbach/AO_Major.lean:25:60: This simp argument is unused:
  mul_assoc

Hint: Omit it from the simp argument list.
  simp [Goldbach.AO_Major.errAO, Goldbach.AO_Major.weight_mass, Goldbach.AO_Core.errAO,
       ̵ ̵ ̵ ̵sub_eq_add_neg, add_assoc, add_left_comm, add_comm,̵ ̵m̵u̵l̵_̵a̵s̵s̵o̵c̵]

Note: This linter can be disabled with `set_option linter.unusedSimpArgs false`
warning: Goldbach/AO_Major.lean:46:5: unused variable `h`

Note: This linter can be disabled with `set_option linter.unusedVariables false`
warning: Goldbach/AO_Major.lean:58:24: This simp argument is unused:
  dif_pos

Hint: Omit it from the simp argument list.
  simp only [MPDF, win, d̵i̵f̵_̵p̵o̵s̵,̵ ̵mul_div_assoc']

Note: This linter can be disabled with `set_option linter.unusedSimpArgs false`
warning: Goldbach/AO_Major.lean:58:33: This simp argument is unused:
  mul_div_assoc'

Hint: Omit it from the simp argument list.
  simp only [MPDF, win, dif_pos,̵ ̵m̵u̵l̵_̵d̵i̵v̵_̵a̵s̵s̵o̵c̵'̵]

Note: This linter can be disabled with `set_option linter.unusedSimpArgs false`
warning: Goldbach/AO_Major.lean:81:69: try 'simp' instead of 'simpa'

Note: This linter can be disabled with `set_option linter.unnecessarySimpa false`
warning: Goldbach/AO_Major.lean:82:68: try 'simp' instead of 'simpa'

Note: This linter can be disabled with `set_option linter.unnecessarySimpa false`
warning: Goldbach/AO_Major.lean:83:68: try 'simp' instead of 'simpa'

Note: This linter can be disabled with `set_option linter.unnecessarySimpa false`
warning: Goldbach/AO_Major.lean:85:90: This simp argument is unused:
  add_assoc

Hint: Omit it from the simp argument list.
  simp [sub_eq_add_neg,̵ ̵a̵d̵d̵_̵a̵s̵s̵o̵c̵]

Note: This linter can be disabled with `set_option linter.unusedSimpArgs false`
warning: Goldbach/AO_Major.lean:101:24: This simp argument is unused:
  dif_pos

Hint: Omit it from the simp argument list.
  simp only [MPDF, win,̵ ̵d̵i̵f̵_̵p̵o̵s̵]

Note: This linter can be disabled with `set_option linter.unusedSimpArgs false`
⚠ [7599/7613] Replayed Goldbach.BG_Bank
warning: Goldbach/BG_Bank.lean:13:25: unused variable `n`

Note: This linter can be disabled with `set_option linter.unusedVariables false`
warning: Goldbach/BG_Bank.lean:75:4: try 'simp' instead of 'simpa'

Note: This linter can be disabled with `set_option linter.unnecessarySimpa false`
warning: Goldbach/BG_Bank.lean:75:25: this tactic is never executed

Note: This linter can be disabled with `set_option linter.unreachableTactic false`
warning: Goldbach/BG_Bank.lean:75:25: 'decide' tactic does nothing

Note: This linter can be disabled with `set_option linter.unusedTactic false`
warning: Goldbach/BG_Bank.lean:288:14: try 'simp' instead of 'simpa'

Note: This linter can be disabled with `set_option linter.unnecessarySimpa false`
warning: Goldbach/BG_Bank.lean:188:42: This simp argument is unused:
  Nat.cast_sub hn_le

Hint: Omit it from the simp argument list.
  simp only [Nat.cast_succ,̵ ̵N̵a̵t̵.̵c̵a̵s̵t̵_̵s̵u̵b̵ ̵h̵n̵_̵l̵e̵]

Note: This linter can be disabled with `set_option linter.unusedSimpArgs false`
warning: Goldbach/BG_Bank.lean:194:24: This simp argument is unused:
  abs_of_nonneg hlog_Nm_nn

Hint: Omit it from the simp argument list.
  simp [hp,̵ ̵a̵b̵s̵_̵o̵f̵_̵n̵o̵n̵n̵e̵g̵ ̵h̵l̵o̵g̵_̵N̵m̵_̵n̵n̵]

Note: This linter can be disabled with `set_option linter.unusedSimpArgs false`
warning: Goldbach/BG_Bank.lean:202:24: This simp argument is unused:
  abs_of_nonneg hlog_Np1_nn

Hint: Omit it from the simp argument list.
  simp [hp,̵ ̵a̵b̵s̵_̵o̵f̵_̵n̵o̵n̵n̵e̵g̵ ̵h̵l̵o̵g̵_̵N̵p̵1̵_̵n̵n̵]

Note: This linter can be disabled with `set_option linter.unusedSimpArgs false`
warning: Goldbach/BG_Bank.lean:218:46: This simp argument is unused:
  mul_comm

Hint: Omit it from the simp argument list.
  simp [abs_mul, mul_assoc, m̵u̵l̵_̵c̵o̵m̵m̵,̵ ̵mul_left_comm]

Note: This linter can be disabled with `set_option linter.unusedSimpArgs false`
warning: Goldbach/BG_Bank.lean:326:20: This simp argument is unused:
  hlogXabs

Hint: Omit it from the simp argument list.
  simp [h̵l̵o̵g̵X̵a̵b̵s̵,̵ ̵mul_comm, mul_left_comm, mul_assoc]

Note: This linter can be disabled with `set_option linter.unusedSimpArgs false`
warning: Goldbach/BG_Bank.lean:326:30: This simp argument is unused:
  mul_comm

Hint: Omit it from the simp argument list.
  simp [hlogXabs, m̵u̵l̵_̵c̵o̵m̵m̵,̵ ̵mul_left_comm, mul_assoc]

Note: This linter can be disabled with `set_option linter.unusedSimpArgs false`
warning: Goldbach/BG_Bank.lean:403:14: try 'simp' instead of 'simpa'

Note: This linter can be disabled with `set_option linter.unnecessarySimpa false`
warning: Goldbach/BG_Bank.lean:405:14: try 'simp' instead of 'simpa'

Note: This linter can be disabled with `set_option linter.unnecessarySimpa false`
warning: Goldbach/BG_Bank.lean:407:40: This simp argument is unused:
  add_comm

Hint: Omit it from the simp argument list.
  simp [div_self, hlogX_ne, add_c̵o̵m̵m̵,̵ ̵a̵d̵d̵_̵left_comm, add_assoc]

Note: This linter can be disabled with `set_option linter.unusedSimpArgs false`
warning: Goldbach/BG_Bank.lean:407:50: This simp argument is unused:
  add_left_comm

Hint: Omit it from the simp argument list.
  simp [div_self, hlogX_ne, add_comm, a̵d̵d̵_̵l̵e̵f̵t̵_̵c̵o̵m̵m̵,̵ ̵add_assoc]

Note: This linter can be disabled with `set_option linter.unusedSimpArgs false`
warning: Goldbach/BG_Bank.lean:407:65: This simp argument is unused:
  add_assoc

Hint: Omit it from the simp argument list.
  simp [div_self, hlogX_ne, add_comm, add_left_comm,̵ ̵a̵d̵d̵_̵a̵s̵s̵o̵c̵]

Note: This linter can be disabled with `set_option linter.unusedSimpArgs false`
warning: Goldbach/BG_Bank.lean:547:63: try 'simp' instead of 'simpa'

Note: This linter can be disabled with `set_option linter.unnecessarySimpa false`
warning: Goldbach/BG_Bank.lean:550:47: This simp argument is unused:
  add_comm

Hint: Omit it from the simp argument list.
  simp [add_div, div_self, hlogX_ne, add_c̵o̵m̵m̵,̵ ̵a̵d̵d̵_̵left_comm, add_assoc]

Note: This linter can be disabled with `set_option linter.unusedSimpArgs false`
warning: Goldbach/BG_Bank.lean:550:57: This simp argument is unused:
  add_left_comm

Hint: Omit it from the simp argument list.
  simp [add_div, div_self, hlogX_ne, add_comm, a̵d̵d̵_̵l̵e̵f̵t̵_̵c̵o̵m̵m̵,̵ ̵add_assoc]

Note: This linter can be disabled with `set_option linter.unusedSimpArgs false`
warning: Goldbach/BG_Bank.lean:550:72: This simp argument is unused:
  add_assoc

Hint: Omit it from the simp argument list.
  simp [add_div, div_self, hlogX_ne, add_comm, add_left_comm,̵ ̵a̵d̵d̵_̵a̵s̵s̵o̵c̵]

Note: This linter can be disabled with `set_option linter.unusedSimpArgs false`
warning: Goldbach/BG_Bank.lean:559:56: This simp argument is unused:
  add_left_comm

Hint: Omit it from the simp argument list.
  simp [c, Nat.cast_add, Nat.cast_one, add_assoc, a̵d̵d̵_̵l̵e̵f̵t̵_̵c̵o̵m̵m̵,̵ ̵add_comm, add_div, div_self hX0_ne]

Note: This linter can be disabled with `set_option linter.unusedSimpArgs false`
⚠ [7600/7613] Replayed Goldbach.BG_Operator
warning: Goldbach/BG_Operator.lean:31:2: try 'simp' instead of 'simpa'

Note: This linter can be disabled with `set_option linter.unnecessarySimpa false`
warning: Goldbach/BG_Operator.lean:98:2: try 'simp' instead of 'simpa'

Note: This linter can be disabled with `set_option linter.unnecessarySimpa false`
⚠ [7602/7613] Replayed Goldbach.SingularSeries
warning: Goldbach/SingularSeries.lean:40:5: unused variable `h`

Note: This linter can be disabled with `set_option linter.unusedVariables false`
warning: Goldbach/SingularSeries.lean:88:8: `Finset.eq_empty_iff_forall_not_mem` has been deprecated: Use `Finset.eq_empty_iff_forall_notMem` instead
warning: Goldbach/SingularSeries.lean:98:4: try 'simp' instead of 'simpa'

Note: This linter can be disabled with `set_option linter.unnecessarySimpa false`
warning: Goldbach/SingularSeries.lean:99:28: this tactic is never executed

Note: This linter can be disabled with `set_option linter.unreachableTactic false`
warning: Goldbach/SingularSeries.lean:99:57: this tactic is never executed

Note: This linter can be disabled with `set_option linter.unreachableTactic false`
warning: Goldbach/SingularSeries.lean:99:28: 'decide' tactic does nothing

Note: This linter can be disabled with `set_option linter.unusedTactic false`
warning: Goldbach/SingularSeries.lean:99:57: 'decide' tactic does nothing

Note: This linter can be disabled with `set_option linter.unusedTactic false`
⚠ [7604/7613] Replayed Goldbach.PPNumerics
warning: Goldbach/PPNumerics.lean:24:42: try 'simp' instead of 'simpa'

Note: This linter can be disabled with `set_option linter.unnecessarySimpa false`
warning: Goldbach/PPNumerics.lean:27:6: try 'simp' instead of 'simpa'

Note: This linter can be disabled with `set_option linter.unnecessarySimpa false`
⚠ [7605/7613] Replayed Goldbach.PPBoundSquares
warning: Goldbach/PPBoundSquares.lean:41:8: try 'simp' instead of 'simpa'

Note: This linter can be disabled with `set_option linter.unnecessarySimpa false`
warning: Goldbach/PPBoundSquares.lean:228:10: try 'simp' instead of 'simpa'

Note: This linter can be disabled with `set_option linter.unnecessarySimpa false`
⚠ [7607/7613] Replayed Goldbach.AnalyticGlobal
warning: Goldbach/AnalyticGlobal.lean:65:28: This simp argument is unused:
  one_div

Hint: Omit it from the simp argument list.
  simp [div_eq_mul_inv, o̵n̵e̵_̵d̵i̵v̵,̵ ̵mul_comm]

Note: This linter can be disabled with `set_option linter.unusedSimpArgs false`
warning: Goldbach/AnalyticGlobal.lean:68:30: This simp argument is unused:
  one_div

Hint: Omit it from the simp argument list.
  simp [div_eq_mul_inv, o̵n̵e̵_̵d̵i̵v̵,̵ ̵mul_comm]

Note: This linter can be disabled with `set_option linter.unusedSimpArgs false`
warning: Goldbach/AnalyticGlobal.lean:70:39: This simp argument is unused:
  mul_left_comm

Hint: Omit it from the simp argument list.
  simp [one_div, S_ne, mul_comm, mul_l̵e̵f̵t̵_̵c̵o̵m̵m̵,̵ ̵m̵u̵l̵_̵assoc]

Note: This linter can be disabled with `set_option linter.unusedSimpArgs false`
warning: Goldbach/AnalyticGlobal.lean:70:54: This simp argument is unused:
  mul_assoc

Hint: Omit it from the simp argument list.
  simp [one_div, S_ne, mul_comm, mul_left_comm,̵ ̵m̵u̵l̵_̵a̵s̵s̵o̵c̵]

Note: This linter can be disabled with `set_option linter.unusedSimpArgs false`
⚠ [7608/7613] Replayed Goldbach.BankPieces
warning: Goldbach/BankPieces.lean:15:63: `class ... :=` has been deprecated in favor of `class ... where`.

Note: This linter can be disabled with `set_option linter.deprecated false`
⚠ [7610/7613] Replayed Goldbach.Analytic.MajorBoundFromSigma
warning: Goldbach/Analytic/MajorBoundFromSigma.lean:21:75: `structure ... :=` has been deprecated in favor of `structure ... where`.

Note: This linter can be disabled with `set_option linter.deprecated false`
⚠ [7611/7613] Replayed Goldbach.Analytic.NumericSigma
warning: Goldbach/Analytic/NumericSigma.lean:23:32: unused variable `hX`

Note: This linter can be disabled with `set_option linter.unusedVariables false`
✖ [7613/7613] Building Goldbach.BG_Identity (42s)
trace: .> LEAN_PATH=/Users/benjaminnelson/Desktop/nerd shit/goldbach/builds/Goldbach/.lake/packages/Cli/.lake/build/lib/lean:/Users/benjaminnelson/Desktop/nerd shit/goldbach/builds/Goldbach/.lake/packages/batteries/.lake/build/lib/lean:/Users/benjaminnelson/Desktop/nerd shit/goldbach/builds/Goldbach/.lake/packages/Qq/.lake/build/lib/lean:/Users/benjaminnelson/Desktop/nerd shit/goldbach/builds/Goldbach/.lake/packages/aesop/.lake/build/lib/lean:/Users/benjaminnelson/Desktop/nerd shit/goldbach/builds/Goldbach/.lake/packages/proofwidgets/.lake/build/lib/lean:/Users/benjaminnelson/Desktop/nerd shit/goldbach/builds/Goldbach/.lake/packages/importGraph/.lake/build/lib/lean:/Users/benjaminnelson/Desktop/nerd shit/goldbach/builds/Goldbach/.lake/packages/LeanSearchClient/.lake/build/lib/lean:/Users/benjaminnelson/Desktop/nerd shit/goldbach/builds/Goldbach/.lake/packages/plausible/.lake/build/lib/lean:/Users/benjaminnelson/Desktop/nerd shit/goldbach/builds/Goldbach/.lake/packages/mathlib/.lake/build/lib/lean:/Users/benjaminnelson/Desktop/nerd shit/goldbach/builds/Goldbach/.lake/build/lib/lean /Users/benjaminnelson/.elan/toolchains/leanprover--lean4---v4.26.0-rc2/bin/lean /Users/benjaminnelson/Desktop/nerd shit/goldbach/builds/Goldbach/Goldbach/BG_Identity.lean -o /Users/benjaminnelson/Desktop/nerd shit/goldbach/builds/Goldbach/.lake/build/lib/lean/Goldbach/BG_Identity.olean -i /Users/benjaminnelson/Desktop/nerd shit/goldbach/builds/Goldbach/.lake/build/lib/lean/Goldbach/BG_Identity.ilean -c /Users/benjaminnelson/Desktop/nerd shit/goldbach/builds/Goldbach/.lake/build/ir/Goldbach/BG_Identity.c --setup /Users/benjaminnelson/Desktop/nerd shit/goldbach/builds/Goldbach/.lake/build/ir/Goldbach/BG_Identity.setup.json --json
warning: Goldbach/BG_Identity.lean:149:48: This simp argument is unused:
  add_comm

Hint: Omit it from the simp argument list.
  simp [Finset.sum_insert, hk, ih, mul_add, a̵d̵d̵_̵c̵o̵m̵m̵,̵ ̵add_left_comm, add_assoc, mul_comm, mul_left_comm,
  ̲  ̲ ̲ ̲ ̲ ̲ ̲ ̲mul_assoc]

Note: This linter can be disabled with `set_option linter.unusedSimpArgs false`
warning: Goldbach/BG_Identity.lean:149:58: This simp argument is unused:
  add_left_comm

Hint: Omit it from the simp argument list.
  simp [Finset.sum_insert, hk, ih, mul_add, add_comm, a̵d̵d̵_̵l̵e̵f̵t̵_̵c̵o̵m̵m̵,̵add_assoc, mul_comm, mul_left_comm,
  ̲  ̲ ̲ ̲ ̲ ̲ ̲ ̲mul_assoc]

Note: This linter can be disabled with `set_option linter.unusedSimpArgs false`
warning: Goldbach/BG_Identity.lean:150:12: This simp argument is unused:
  add_assoc

Hint: Omit it from the simp argument list.
  simp [Finset.sum_insert, hk, ih, mul_add, add_comm, add_left_comm, a̵d̵d̵_̵a̵s̵s̵o̵c̵,̵ ̵mul_comm, mul_left_comm,
  ̲  ̲ ̲ ̲ ̲ ̲ ̲ ̲mul_assoc]

Note: This linter can be disabled with `set_option linter.unusedSimpArgs false`
warning: Goldbach/BG_Identity.lean:150:23: This simp argument is unused:
  mul_comm

Hint: Omit it from the simp argument list.
  simp [Finset.sum_insert, hk, ih, mul_add, add_comm, add_left_comm, add_assoc, m̵u̵l̵_̵c̵o̵m̵m̵,̵ ̵mul_left_comm,
  ̲  ̲ ̲ ̲ ̲ ̲ ̲ ̲mul_assoc]

Note: This linter can be disabled with `set_option linter.unusedSimpArgs false`
warning: Goldbach/BG_Identity.lean:150:33: This simp argument is unused:
  mul_left_comm

Hint: Omit it from the simp argument list.
  simp [Finset.sum_insert, hk, ih, mul_add, add_comm, add_left_comm, add_assoc, mul_comm,
  ̲  ̲ ̲ ̲ ̲ ̲ ̲ ̲m̵u̵l̵_̵l̵e̵f̵t̵_̵c̵o̵m̵m̵,̵ ̵mul_assoc]

Note: This linter can be disabled with `set_option linter.unusedSimpArgs false`
warning: Goldbach/BG_Identity.lean:150:48: This simp argument is unused:
  mul_assoc

Hint: Omit it from the simp argument list.
  simp [Finset.sum_insert, hk, ih, mul_add, add_comm, add_left_comm, add_assoc, mul_comm,
  ̲  ̲ ̲ ̲ ̲ ̲ ̲ ̲m̵u̵l̵_̵l̵e̵f̵t̵_̵c̵o̵m̵m̵,̵ ̵m̵u̵l̵_̵a̵s̵s̵o̵c̵]̵m̲u̲l̲_̲l̲e̲f̲t̲_̲c̲o̲m̲m̲]̲

Note: This linter can be disabled with `set_option linter.unusedSimpArgs false`
error: Goldbach/BG_Identity.lean:219:15: Unknown constant `Int.natAbs_ofNat`
error: Goldbach/BG_Identity.lean:220:21: Unknown constant `Int.natAbs_ofNat`
error: Goldbach/BG_Identity.lean:197:76: unsolved goals
m : ℕ
hm : m ≤ Ucut
hnonneg : 0 ≤ 1 - ↑m / ↑Ucut
hmax : max (1 - ↑m / ↑Ucut) 0 = 1 - ↑m / ↑Ucut
hbranch : max (1 - ↑(Int.ofNat m).natAbs / ↑Ucut) 0 = 1 - ↑(Int.ofNat m).natAbs / ↑Ucut
⊢ max (1 - ↑m / (↑H + ↑((H + 99) / 100))) 0 / (↑H + ↑((H + 99) / 100)) =
    (1 - ↑m / (↑H + ↑((H + 99) / 100))) / (↑H + ↑((H + 99) / 100))
warning: Goldbach/BG_Identity.lean:204:12: This simp argument is unused:
  hU

Hint: Omit it from the simp argument list.
  simp [hU̵,̵ ̵h̵m0]

Note: This linter can be disabled with `set_option linter.unusedSimpArgs false`
warning: Goldbach/BG_Identity.lean:220:8: This simp argument is unused:
  hbranch

Hint: Omit it from the simp argument list.
  simp [h̵b̵r̵a̵n̵c̵h̵,̵ ̵Int.natAbs_ofNat]

Note: This linter can be disabled with `set_option linter.unusedSimpArgs false`
warning: Goldbach/BG_Identity.lean:246:10: This simp argument is unused:
  Finset.sum_insert

Hint: Omit it from the simp argument list.
  simp [̵F̵i̵n̵s̵e̵t̵.̵s̵u̵m̵_̵i̵n̵s̵e̵r̵t̵,̵ ̵h̵a̵,̵[̲h̲a̲,̲ ih, mul_add, add_comm, add_left_comm, add_assoc, mul_comm, mul_left_comm, mul_assoc]

Note: This linter can be disabled with `set_option linter.unusedSimpArgs false`
warning: Goldbach/BG_Identity.lean:246:33: This simp argument is unused:
  ih

Hint: Omit it from the simp argument list.
  simp [Finset.sum_insert, ha, i̵h̵,̵ ̵mul_add, add_comm, add_left_comm,
  ̵  ̵ ̵ ̵ ̵ ̵ ̵ ̵ ̵ ̵add_assoc, mul_comm,
  ̲  ̲ ̲ ̲ ̲ ̲mul_left_comm, mul_assoc]

Note: This linter can be disabled with `set_option linter.unusedSimpArgs false`
warning: Goldbach/BG_Identity.lean:246:56: This simp argument is unused:
  add_left_comm

Hint: Omit it from the simp argument list.
  simp [Finset.sum_insert, ha, ih, mul_add, add_comm, a̵d̵d̵_̵l̵e̵f̵t̵_̵c̵o̵m̵m̵,̵add_assoc, mul_comm, mul_left_comm,
  ̲  ̲ ̲ ̲ ̲ ̲mul_assoc]

Note: This linter can be disabled with `set_option linter.unusedSimpArgs false`
warning: Goldbach/BG_Identity.lean:247:10: This simp argument is unused:
  add_assoc

Hint: Omit it from the simp argument list.
  simp [Finset.sum_insert, ha, ih, mul_add, add_comm, add_left_comm, a̵d̵d̵_̵a̵s̵s̵o̵c̵,̵ ̵mul_comm, mul_left_comm,
  ̲  ̲ ̲ ̲ ̲ ̲mul_assoc]

Note: This linter can be disabled with `set_option linter.unusedSimpArgs false`
warning: Goldbach/BG_Identity.lean:247:31: This simp argument is unused:
  mul_left_comm

Hint: Omit it from the simp argument list.
  simp [Finset.sum_insert, ha, ih, mul_add, add_comm, add_left_comm, add_assoc, mul_comm,
  ̲  ̲ ̲ ̲ ̲ ̲m̵u̵l̵_̵l̵e̵f̵t̵_̵c̵o̵m̵m̵,̵ ̵mul_assoc]

Note: This linter can be disabled with `set_option linter.unusedSimpArgs false`
warning: Goldbach/BG_Identity.lean:247:46: This simp argument is unused:
  mul_assoc

Hint: Omit it from the simp argument list.
  simp [Finset.sum_insert, ha, ih, mul_add, add_comm, add_left_comm, add_assoc, mul_comm,
  ̲  ̲ ̲ ̲ ̲ ̲m̵u̵l̵_̵l̵e̵f̵t̵_̵c̵o̵m̵m̵,̵ ̵m̵u̵l̵_̵a̵s̵s̵o̵c̵]̵m̲u̲l̲_̲l̲e̲f̲t̲_̲c̲o̲m̲m̲]̲

Note: This linter can be disabled with `set_option linter.unusedSimpArgs false`
warning: Goldbach/BG_Identity.lean:278:10: try 'simp' instead of 'simpa'

Note: This linter can be disabled with `set_option linter.unnecessarySimpa false`
warning: Goldbach/BG_Identity.lean:285:10: try 'simp' instead of 'simpa'

Note: This linter can be disabled with `set_option linter.unnecessarySimpa false`
error: Goldbach/BG_Identity.lean:268:2: unsolved goals
case h.mpr
n : ℕ
z : ℤ
hz : z ∈ Finset.Icc (-↑n) ↑n
hI : -↑n ≤ z ∧ z ≤ ↑n
hz_ne_pos : z ≠ ↑n.succ
hz_ne_neg : z ≠ -↑n.succ
hzI' : z ∈ Finset.Icc (-↑n.succ) ↑n.succ
⊢ -1 < z + ↑n ∧ z < ↑n + 1
warning: Goldbach/BG_Identity.lean:292:10: This simp argument is unused:
  Finset.mem_erase

Hint: Omit it from the simp argument list.
  simp [F̵i̵n̵s̵e̵t̵.̵m̵e̵m̵_̵e̵r̵a̵s̵e̵,̵ ̵hz_ne_pos, hz_ne_neg, hzI']

Note: This linter can be disabled with `set_option linter.unusedSimpArgs false`
warning: Goldbach/BG_Identity.lean:292:28: This simp argument is unused:
  hz_ne_pos

Hint: Omit it from the simp argument list.
  simp [Finset.mem_erase, h̵z̵_̵n̵e̵_̵p̵o̵s̵,̵ ̵hz_ne_neg, hzI']

Note: This linter can be disabled with `set_option linter.unusedSimpArgs false`
warning: Goldbach/BG_Identity.lean:292:39: This simp argument is unused:
  hz_ne_neg

Hint: Omit it from the simp argument list.
  simp [Finset.mem_erase, hz_ne_pos, hz_̵n̵e̵_̵n̵e̵g̵,̵ ̵h̵z̵I']

Note: This linter can be disabled with `set_option linter.unusedSimpArgs false`
warning: Goldbach/BG_Identity.lean:292:50: This simp argument is unused:
  hzI'

Hint: Omit it from the simp argument list.
  simp [Finset.mem_erase, hz_ne_pos, hz_ne_neg,̵ ̵h̵z̵I̵'̵]

Note: This linter can be disabled with `set_option linter.unusedSimpArgs false`
error: Goldbach/BG_Identity.lean:340:8: Type mismatch: After simplification, term
  hstep2
 has type
  f (-↑n + -1) + ∑ x ∈ (s.erase (↑n + 1)).erase (-↑n + -1), f x = ∑ x ∈ s.erase (↑n + 1), f x
but is expected to have type
  ∑ x ∈ s.erase (↑n + 1), f x = f (-↑n + -1) + ∑ x ∈ (s.erase (↑n + 1)).erase (-↑n + -1), f x
warning: Goldbach/BG_Identity.lean:354:13: `Finset.range_succ` has been deprecated: Use `Finset.range_add_one` instead
warning: Goldbach/BG_Identity.lean:354:6: try 'simp' instead of 'simpa'

Note: This linter can be disabled with `set_option linter.unnecessarySimpa false`
warning: Goldbach/BG_Identity.lean:366:23: `Int.ofNat_eq_coe` has been deprecated: Use `Int.ofNat_eq_natCast` instead
error: Goldbach/BG_Identity.lean:369:12: Tactic `assumption` failed

f : ℤ → ℝ
hEven : ∀ (z : ℤ), f (-z) = f z
n : ℕ
ih : (Finset.Icc (-↑n) ↑n).sum f = f 0 + 2 * ∑ k ∈ Finset.range n, f (Int.ofNat k.succ)
s : Finset ℤ := Finset.Icc (-↑n.succ) ↑n.succ
s0 : Finset ℤ := s.erase ↑n.succ
s1 : Finset ℤ := s0.erase (-↑n.succ)
hmem_pos : ↑n.succ ∈ s
hmem_neg : -↑n.succ ∈ s
hmem_neg_s0 : -↑n.succ ∈ s0
hstep1 : ∑ x ∈ s.erase ↑n.succ, f x + f ↑n.succ = ∑ x ∈ s, f x
hstep2 : ∑ x ∈ s0.erase (-↑n.succ), f x + f (-↑n.succ) = ∑ x ∈ s0, f x
hs1 : s1 = Finset.Icc (-↑n) ↑n
this✝ : s.sum f = s1.sum f + f (-↑n.succ) + f ↑n.succ
hIH : (Finset.Icc (-↑n) ↑n).sum f = f 0 + 2 * ∑ k ∈ Finset.range n, f (Int.ofNat k.succ)
hrange :
  ∑ k ∈ Finset.range n.succ, f (Int.ofNat k.succ) = ∑ k ∈ Finset.range n, f (Int.ofNat k.succ) + f (Int.ofNat n.succ)
this : s.sum f = (Finset.Icc (-↑n) ↑n).sum f + f (↑n + 1) + f (-1 + -↑n)
⊢ ∑ x ∈ Finset.range n, f (↑x + 1) + f (↑n + 1) = ∑ x ∈ Finset.range (n + 1), f (↑x + 1)
error: Goldbach/BG_Identity.lean:393:6: Type mismatch: After simplification, term
  this
 has type
  True
but is expected to have type
  ↑n + 2 = ↑n + 1 + 1 ∨ ↑n + 1 = 0
error: Goldbach/BG_Identity.lean:394:4: Tactic `assumption` failed

case succ
n : ℕ
ih : ∑ k ∈ Finset.range n, ↑k.succ = ↑n * (↑n + 1) / 2
h : ∑ x ∈ Finset.range (n + 1), ↑x.succ = ∑ x ∈ Finset.range n, ↑x.succ + ↑n.succ
h' : ∑ k ∈ Finset.range n.succ, ↑k.succ = ∑ k ∈ Finset.range n, ↑k.succ + ↑n.succ
h'' : ↑n * (↑n + 1) / 2 + ↑n.succ = ↑n.succ * (↑n.succ + 1) / 2
⊢ ∑ x ∈ Finset.range (n + 1), (↑x + 1) = (↑n + 1) * (↑n + 1 + 1) / 2
warning: Goldbach/BG_Identity.lean:409:44: try 'simp' instead of 'simpa'

Note: This linter can be disabled with `set_option linter.unnecessarySimpa false`
warning: Goldbach/BG_Identity.lean:412:50: This simp argument is unused:
  add_comm

Hint: Omit it from the simp argument list.
  simp [h₁, h₂, Finset.sum_insert, ha, mul_add, add_c̵o̵m̵m̵,̵ ̵a̵d̵d̵_̵left_comm, add_assoc]

Note: This linter can be disabled with `set_option linter.unusedSimpArgs false`
warning: Goldbach/BG_Identity.lean:412:60: This simp argument is unused:
  add_left_comm

Hint: Omit it from the simp argument list.
  simp [h₁, h₂, Finset.sum_insert, ha, mul_add, add_comm, a̵d̵d̵_̵l̵e̵f̵t̵_̵c̵o̵m̵m̵,̵ ̵add_assoc]

Note: This linter can be disabled with `set_option linter.unusedSimpArgs false`
warning: Goldbach/BG_Identity.lean:412:75: This simp argument is unused:
  add_assoc

Hint: Omit it from the simp argument list.
  simp [h₁, h₂, Finset.sum_insert, ha, mul_add, add_comm, add_left_comm,̵ ̵a̵d̵d̵_̵a̵s̵s̵o̵c̵]

Note: This linter can be disabled with `set_option linter.unusedSimpArgs false`
warning: Goldbach/BG_Identity.lean:421:46: This simp argument is unused:
  add_comm

Hint: Omit it from the simp argument list.
  simp [Finset.sum_insert, hb, ih, mul_add, add_c̵o̵m̵m̵,̵ ̵a̵d̵d̵_̵left_comm, add_assoc]

Note: This linter can be disabled with `set_option linter.unusedSimpArgs false`
warning: Goldbach/BG_Identity.lean:421:56: This simp argument is unused:
  add_left_comm

Hint: Omit it from the simp argument list.
  simp [Finset.sum_insert, hb, ih, mul_add, add_comm, a̵d̵d̵_̵l̵e̵f̵t̵_̵c̵o̵m̵m̵,̵ ̵add_assoc]

Note: This linter can be disabled with `set_option linter.unusedSimpArgs false`
warning: Goldbach/BG_Identity.lean:421:71: This simp argument is unused:
  add_assoc

Hint: Omit it from the simp argument list.
  simp [Finset.sum_insert, hb, ih, mul_add, add_comm, add_left_comm,̵ ̵a̵d̵d̵_̵a̵s̵s̵o̵c̵]

Note: This linter can be disabled with `set_option linter.unusedSimpArgs false`
warning: Goldbach/BG_Identity.lean:517:6: declaration uses 'sorry'
warning: Goldbach/BG_Identity.lean:539:4: try 'simp' instead of 'simpa'

Note: This linter can be disabled with `set_option linter.unnecessarySimpa false`
warning: Goldbach/BG_Identity.lean:562:25: try 'simp' instead of 'simpa'

Note: This linter can be disabled with `set_option linter.unnecessarySimpa false`
warning: Goldbach/BG_Identity.lean:605:6: declaration uses 'sorry'
warning: Goldbach/BG_Identity.lean:642:15: unused variable `hX`

Note: This linter can be disabled with `set_option linter.unusedVariables false`
warning: Goldbach/BG_Identity.lean:643:5: unused variable `hN`

Note: This linter can be disabled with `set_option linter.unusedVariables false`
warning: Goldbach/BG_Identity.lean:675:5: unused variable `hk`

Note: This linter can be disabled with `set_option linter.unusedVariables false`
warning: Goldbach/BG_Identity.lean:700:28: This simp argument is unused:
  hUpos.ne'

Hint: Omit it from the simp argument list.
  s̵i̵m̵p̵ ̵[̵K̵_̵f̵u̵l̵l̵,̵ ̵K̵_̵f̵u̵l̵l̵_̵r̵a̵w̵,̵ ̵h̵U̵p̵o̵s̵.̵n̵e̵'̵]̵ ̵a̵t̵ ̵*̵s̲i̲m̲p̲ ̲[̲K̲_̲f̲u̲l̲l̲,̲
  ̲ ̲ ̲ ̲ ̲K̲_̲f̲u̲l̲l̲_̲r̲a̲w̲]̲ ̲a̲t̲ ̲*̲
  ̲ ̲ ̲ ̲ ̲ ̲ ̲-̲-̲ ̲a̲f̲t̲e̲r̲ ̲s̲i̲m̲p̲,̲ ̲g̲o̲a̲l̲ ̲b̲e̲c̲o̲m̲e̲s̲ ̲`̲0̲ ̲<̲ ̲1̲ ̲/̲ ̲(̲U̲c̲u̲t̲:̲ℝ̲)̲`̲
  ̲ ̲ ̲ ̲ ̲ ̲ ̲

Note: This linter can be disabled with `set_option linter.unusedSimpArgs false`
warning: Goldbach/BG_Identity.lean:725:5: unused variable `h`

Note: This linter can be disabled with `set_option linter.unusedVariables false`
warning: Goldbach/BG_Identity.lean:732:5: unused variable `h`

Note: This linter can be disabled with `set_option linter.unusedVariables false`
warning: Goldbach/BG_Identity.lean:748:25: unused variable `X`

Note: This linter can be disabled with `set_option linter.unusedVariables false`
warning: Goldbach/BG_Identity.lean:748:27: unused variable `N`

Note: This linter can be disabled with `set_option linter.unusedVariables false`
warning: Goldbach/BG_Identity.lean:772:5: unused variable `h`

Note: This linter can be disabled with `set_option linter.unusedVariables false`
warning: Goldbach/BG_Identity.lean:798:8: try 'simp' instead of 'simpa'

Note: This linter can be disabled with `set_option linter.unnecessarySimpa false`
warning: Goldbach/BG_Identity.lean:799:6: try 'simp' instead of 'simpa'

Note: This linter can be disabled with `set_option linter.unnecessarySimpa false`
warning: Goldbach/BG_Identity.lean:828:34: unused variable `hk`

Note: This linter can be disabled with `set_option linter.unusedVariables false`
warning: Goldbach/BG_Identity.lean:832:35: unused variable `hk`

Note: This linter can be disabled with `set_option linter.unusedVariables false`
warning: Goldbach/BG_Identity.lean:933:6: declaration uses 'sorry'
error: Goldbach/BG_Identity.lean:998:14: maximum recursion depth has been reached
use `set_option maxRecDepth <num>` to increase limit
use `set_option diagnostics true` to get diagnostic information
error: Goldbach/BG_Identity.lean:1044:61: Application type mismatch: The argument
  hU0'
has type
  ↑Ucut ≠ 0
of sort `Prop` but is expected to have type
  ℝ
of sort `Type` in the application
  mul_div_cancel ((↑Ucut + 1) / 2) hU0'
error: Goldbach/BG_Identity.lean:1044:25: failed to synthesize
  CommGroup ℝ

Hint: Additional diagnostic information may be available using the `set_option diagnostics true` command.
error: Goldbach/BG_Identity.lean:1045:16: Type mismatch: After simplification, term
  this
 has type
  True
but is expected to have type
  (↑H + ↑((H + 99) / 100)) * ((↑H + ↑((H + 99) / 100) + 1) / 2) / (↑H + ↑((H + 99) / 100)) =
    (↑H + ↑((H + 99) / 100) + 1) / 2
error: Goldbach/BG_Identity.lean:1046:14: Type mismatch: After simplification, term
  h2
 has type
  (↑H + ↑((H + 99) / 100)) * ((↑H + ↑((H + 99) / 100) + 1) / 2) / (↑H + ↑((H + 99) / 100)) =
    (↑H + ↑((H + 99) / 100) + 1) / 2
but is expected to have type
  (↑H + ↑((H + 99) / 100))⁻¹ * ((↑H + ↑((H + 99) / 100)) * ((↑H + ↑((H + 99) / 100) + 1) / 2)) =
    (↑H + ↑((H + 99) / 100) + 1) / 2
error: Goldbach/BG_Identity.lean:1058:12: maximum recursion depth has been reached
use `set_option maxRecDepth <num>` to increase limit
use `set_option diagnostics true` to get diagnostic information
error: Goldbach/BG_Identity.lean:1068:10: maximum recursion depth has been reached
use `set_option maxRecDepth <num>` to increase limit
use `set_option diagnostics true` to get diagnostic information
warning: Goldbach/BG_Identity.lean:1138:5: unused variable `h`

Note: This linter can be disabled with `set_option linter.unusedVariables false`
warning: Goldbach/BG_Identity.lean:1172:54: try 'simp' instead of 'simpa'

Note: This linter can be disabled with `set_option linter.unnecessarySimpa false`
warning: Goldbach/BG_Identity.lean:1160:10: This simp argument is unused:
  Pref_of

Hint: Omit it from the simp argument list.
  simp [P̵r̵e̵f̵_̵o̵f̵,̵ ̵hk]

Note: This linter can be disabled with `set_option linter.unusedSimpArgs false`
warning: Goldbach/BG_Identity.lean:1202:8: try 'simp' instead of 'simpa'

Note: This linter can be disabled with `set_option linter.unnecessarySimpa false`
warning: Goldbach/BG_Identity.lean:1203:6: try 'simp' instead of 'simpa'

Note: This linter can be disabled with `set_option linter.unnecessarySimpa false`
error: Goldbach/BG_Identity.lean:1271:16: maximum recursion depth has been reached
use `set_option maxRecDepth <num>` to increase limit
use `set_option diagnostics true` to get diagnostic information
error: Goldbach/BG_Identity.lean:1286:18: maximum recursion depth has been reached
use `set_option maxRecDepth <num>` to increase limit
use `set_option diagnostics true` to get diagnostic information
error: Goldbach/BG_Identity.lean:1298:16: No goals to be solved
error: Goldbach/BG_Identity.lean:1310:4: maximum recursion depth has been reached
use `set_option maxRecDepth <num>` to increase limit
use `set_option diagnostics true` to get diagnostic information
error: Goldbach/BG_Identity.lean:1328:12: maximum recursion depth has been reached
use `set_option maxRecDepth <num>` to increase limit
use `set_option diagnostics true` to get diagnostic information
error: Goldbach/BG_Identity.lean:1334:12: maximum recursion depth has been reached
use `set_option maxRecDepth <num>` to increase limit
use `set_option diagnostics true` to get diagnostic information
error: Goldbach/BG_Identity.lean:1335:2: maximum recursion depth has been reached
use `set_option maxRecDepth <num>` to increase limit
use `set_option diagnostics true` to get diagnostic information
warning: Goldbach/BG_Identity.lean:1337:6: declaration uses 'sorry'
error: Goldbach/BG_Identity.lean:1383:21: maximum recursion depth has been reached
use `set_option maxRecDepth <num>` to increase limit
use `set_option diagnostics true` to get diagnostic information
warning: Goldbach/BG_Identity.lean:1411:28: unused variable `X`

Note: This linter can be disabled with `set_option linter.unusedVariables false`
warning: Goldbach/BG_Identity.lean:1411:30: unused variable `N`

Note: This linter can be disabled with `set_option linter.unusedVariables false`
warning: Goldbach/BG_Identity.lean:1412:28: unused variable `X`

Note: This linter can be disabled with `set_option linter.unusedVariables false`
warning: Goldbach/BG_Identity.lean:1412:30: unused variable `N`

Note: This linter can be disabled with `set_option linter.unusedVariables false`
error: Goldbach/BG_Identity.lean:1438:21: maximum recursion depth has been reached
use `set_option maxRecDepth <num>` to increase limit
use `set_option diagnostics true` to get diagnostic information
error: Lean exited with code 1
Some required targets logged failures:
- Goldbach.BG_Identity
error: build failed
⚠ [7587/7613] Replayed Goldbach.Compat
warning: Goldbach/Compat.lean:18:2: try 'simp' instead of 'simpa'

Note: This linter can be disabled with `set_option linter.unnecessarySimpa false`
warning: Goldbach/Compat.lean:24:40: unused variable `hb`

Note: This linter can be disabled with `set_option linter.unusedVariables false`
warning: Goldbach/Compat.lean:50:4: try 'simp' instead of 'simpa'

Note: This linter can be disabled with `set_option linter.unnecessarySimpa false`
⚠ [7590/7613] Replayed Goldbach.Windows
warning: Goldbach/Windows.lean:63:4: try 'simp' instead of 'simpa'

Note: This linter can be disabled with `set_option linter.unnecessarySimpa false`
warning: Goldbach/Windows.lean:68:2: try 'simp' instead of 'simpa'

Note: This linter can be disabled with `set_option linter.unnecessarySimpa false`
warning: Goldbach/Windows.lean:68:38: this tactic is never executed

Note: This linter can be disabled with `set_option linter.unreachableTactic false`
warning: Goldbach/Windows.lean:68:38: 'simpa using hmap' tactic does nothing

Note: This linter can be disabled with `set_option linter.unusedTactic false`
⚠ [7595/7613] Replayed Goldbach.AO_AssembleEnvelope
warning: Goldbach/AO_AssembleEnvelope.lean:67:20: try 'simp' instead of 'simpa'

Note: This linter can be disabled with `set_option linter.unnecessarySimpa false`
⚠ [7597/7613] Replayed Goldbach.AO_Major
warning: Goldbach/AO_Major.lean:21:13: unused variable `hX`

Note: This linter can be disabled with `set_option linter.unusedVariables false`
warning: Goldbach/AO_Major.lean:21:35: unused variable `hN`

Note: This linter can be disabled with `set_option linter.unusedVariables false`
warning: Goldbach/AO_Major.lean:25:24: This simp argument is unused:
  add_assoc

Hint: Omit it from the simp argument list.
  simp [Goldbach.AO_Major.errAO, Goldbach.AO_Major.weight_mass, Goldbach.AO_Core.errAO,
       ̵ ̵ ̵ ̵sub_eq_add_neg, add_a̵s̵s̵o̵c̵,̵ ̵a̵d̵d̵_̵left_comm, add_comm, mul_assoc]

Note: This linter can be disabled with `set_option linter.unusedSimpArgs false`
warning: Goldbach/AO_Major.lean:25:60: This simp argument is unused:
  mul_assoc

Hint: Omit it from the simp argument list.
  simp [Goldbach.AO_Major.errAO, Goldbach.AO_Major.weight_mass, Goldbach.AO_Core.errAO,
       ̵ ̵ ̵ ̵sub_eq_add_neg, add_assoc, add_left_comm, add_comm,̵ ̵m̵u̵l̵_̵a̵s̵s̵o̵c̵]

Note: This linter can be disabled with `set_option linter.unusedSimpArgs false`
warning: Goldbach/AO_Major.lean:46:5: unused variable `h`

Note: This linter can be disabled with `set_option linter.unusedVariables false`
warning: Goldbach/AO_Major.lean:58:24: This simp argument is unused:
  dif_pos

Hint: Omit it from the simp argument list.
  simp only [MPDF, win, d̵i̵f̵_̵p̵o̵s̵,̵ ̵mul_div_assoc']

Note: This linter can be disabled with `set_option linter.unusedSimpArgs false`
warning: Goldbach/AO_Major.lean:58:33: This simp argument is unused:
  mul_div_assoc'

Hint: Omit it from the simp argument list.
  simp only [MPDF, win, dif_pos,̵ ̵m̵u̵l̵_̵d̵i̵v̵_̵a̵s̵s̵o̵c̵'̵]

Note: This linter can be disabled with `set_option linter.unusedSimpArgs false`
warning: Goldbach/AO_Major.lean:81:69: try 'simp' instead of 'simpa'

Note: This linter can be disabled with `set_option linter.unnecessarySimpa false`
warning: Goldbach/AO_Major.lean:82:68: try 'simp' instead of 'simpa'

Note: This linter can be disabled with `set_option linter.unnecessarySimpa false`
warning: Goldbach/AO_Major.lean:83:68: try 'simp' instead of 'simpa'

Note: This linter can be disabled with `set_option linter.unnecessarySimpa false`
warning: Goldbach/AO_Major.lean:85:90: This simp argument is unused:
  add_assoc

Hint: Omit it from the simp argument list.
  simp [sub_eq_add_neg,̵ ̵a̵d̵d̵_̵a̵s̵s̵o̵c̵]

Note: This linter can be disabled with `set_option linter.unusedSimpArgs false`
warning: Goldbach/AO_Major.lean:101:24: This simp argument is unused:
  dif_pos

Hint: Omit it from the simp argument list.
  simp only [MPDF, win,̵ ̵d̵i̵f̵_̵p̵o̵s̵]

Note: This linter can be disabled with `set_option linter.unusedSimpArgs false`
⚠ [7599/7613] Replayed Goldbach.BG_Bank
warning: Goldbach/BG_Bank.lean:13:25: unused variable `n`

Note: This linter can be disabled with `set_option linter.unusedVariables false`
warning: Goldbach/BG_Bank.lean:75:4: try 'simp' instead of 'simpa'

Note: This linter can be disabled with `set_option linter.unnecessarySimpa false`
warning: Goldbach/BG_Bank.lean:75:25: this tactic is never executed

Note: This linter can be disabled with `set_option linter.unreachableTactic false`
warning: Goldbach/BG_Bank.lean:75:25: 'decide' tactic does nothing

Note: This linter can be disabled with `set_option linter.unusedTactic false`
warning: Goldbach/BG_Bank.lean:288:14: try 'simp' instead of 'simpa'

Note: This linter can be disabled with `set_option linter.unnecessarySimpa false`
warning: Goldbach/BG_Bank.lean:188:42: This simp argument is unused:
  Nat.cast_sub hn_le

Hint: Omit it from the simp argument list.
  simp only [Nat.cast_succ,̵ ̵N̵a̵t̵.̵c̵a̵s̵t̵_̵s̵u̵b̵ ̵h̵n̵_̵l̵e̵]

Note: This linter can be disabled with `set_option linter.unusedSimpArgs false`
warning: Goldbach/BG_Bank.lean:194:24: This simp argument is unused:
  abs_of_nonneg hlog_Nm_nn

Hint: Omit it from the simp argument list.
  simp [hp,̵ ̵a̵b̵s̵_̵o̵f̵_̵n̵o̵n̵n̵e̵g̵ ̵h̵l̵o̵g̵_̵N̵m̵_̵n̵n̵]

Note: This linter can be disabled with `set_option linter.unusedSimpArgs false`
warning: Goldbach/BG_Bank.lean:202:24: This simp argument is unused:
  abs_of_nonneg hlog_Np1_nn

Hint: Omit it from the simp argument list.
  simp [hp,̵ ̵a̵b̵s̵_̵o̵f̵_̵n̵o̵n̵n̵e̵g̵ ̵h̵l̵o̵g̵_̵N̵p̵1̵_̵n̵n̵]

Note: This linter can be disabled with `set_option linter.unusedSimpArgs false`
warning: Goldbach/BG_Bank.lean:218:46: This simp argument is unused:
  mul_comm

Hint: Omit it from the simp argument list.
  simp [abs_mul, mul_assoc, m̵u̵l̵_̵c̵o̵m̵m̵,̵ ̵mul_left_comm]

Note: This linter can be disabled with `set_option linter.unusedSimpArgs false`
warning: Goldbach/BG_Bank.lean:326:20: This simp argument is unused:
  hlogXabs

Hint: Omit it from the simp argument list.
  simp [h̵l̵o̵g̵X̵a̵b̵s̵,̵ ̵mul_comm, mul_left_comm, mul_assoc]

Note: This linter can be disabled with `set_option linter.unusedSimpArgs false`
warning: Goldbach/BG_Bank.lean:326:30: This simp argument is unused:
  mul_comm

Hint: Omit it from the simp argument list.
  simp [hlogXabs, m̵u̵l̵_̵c̵o̵m̵m̵,̵ ̵mul_left_comm, mul_assoc]

Note: This linter can be disabled with `set_option linter.unusedSimpArgs false`
warning: Goldbach/BG_Bank.lean:403:14: try 'simp' instead of 'simpa'

Note: This linter can be disabled with `set_option linter.unnecessarySimpa false`
warning: Goldbach/BG_Bank.lean:405:14: try 'simp' instead of 'simpa'

Note: This linter can be disabled with `set_option linter.unnecessarySimpa false`
warning: Goldbach/BG_Bank.lean:407:40: This simp argument is unused:
  add_comm

Hint: Omit it from the simp argument list.
  simp [div_self, hlogX_ne, add_c̵o̵m̵m̵,̵ ̵a̵d̵d̵_̵left_comm, add_assoc]

Note: This linter can be disabled with `set_option linter.unusedSimpArgs false`
warning: Goldbach/BG_Bank.lean:407:50: This simp argument is unused:
  add_left_comm

Hint: Omit it from the simp argument list.
  simp [div_self, hlogX_ne, add_comm, a̵d̵d̵_̵l̵e̵f̵t̵_̵c̵o̵m̵m̵,̵ ̵add_assoc]

Note: This linter can be disabled with `set_option linter.unusedSimpArgs false`
warning: Goldbach/BG_Bank.lean:407:65: This simp argument is unused:
  add_assoc

Hint: Omit it from the simp argument list.
  simp [div_self, hlogX_ne, add_comm, add_left_comm,̵ ̵a̵d̵d̵_̵a̵s̵s̵o̵c̵]

Note: This linter can be disabled with `set_option linter.unusedSimpArgs false`
warning: Goldbach/BG_Bank.lean:547:63: try 'simp' instead of 'simpa'

Note: This linter can be disabled with `set_option linter.unnecessarySimpa false`
warning: Goldbach/BG_Bank.lean:550:47: This simp argument is unused:
  add_comm

Hint: Omit it from the simp argument list.
  simp [add_div, div_self, hlogX_ne, add_c̵o̵m̵m̵,̵ ̵a̵d̵d̵_̵left_comm, add_assoc]

Note: This linter can be disabled with `set_option linter.unusedSimpArgs false`
warning: Goldbach/BG_Bank.lean:550:57: This simp argument is unused:
  add_left_comm

Hint: Omit it from the simp argument list.
  simp [add_div, div_self, hlogX_ne, add_comm, a̵d̵d̵_̵l̵e̵f̵t̵_̵c̵o̵m̵m̵,̵ ̵add_assoc]

Note: This linter can be disabled with `set_option linter.unusedSimpArgs false`
warning: Goldbach/BG_Bank.lean:550:72: This simp argument is unused:
  add_assoc

Hint: Omit it from the simp argument list.
  simp [add_div, div_self, hlogX_ne, add_comm, add_left_comm,̵ ̵a̵d̵d̵_̵a̵s̵s̵o̵c̵]

Note: This linter can be disabled with `set_option linter.unusedSimpArgs false`
warning: Goldbach/BG_Bank.lean:559:56: This simp argument is unused:
  add_left_comm

Hint: Omit it from the simp argument list.
  simp [c, Nat.cast_add, Nat.cast_one, add_assoc, a̵d̵d̵_̵l̵e̵f̵t̵_̵c̵o̵m̵m̵,̵ ̵add_comm, add_div, div_self hX0_ne]

Note: This linter can be disabled with `set_option linter.unusedSimpArgs false`
⚠ [7600/7613] Replayed Goldbach.BG_Operator
warning: Goldbach/BG_Operator.lean:31:2: try 'simp' instead of 'simpa'

Note: This linter can be disabled with `set_option linter.unnecessarySimpa false`
warning: Goldbach/BG_Operator.lean:98:2: try 'simp' instead of 'simpa'

Note: This linter can be disabled with `set_option linter.unnecessarySimpa false`
⚠ [7602/7613] Replayed Goldbach.SingularSeries
warning: Goldbach/SingularSeries.lean:40:5: unused variable `h`

Note: This linter can be disabled with `set_option linter.unusedVariables false`
warning: Goldbach/SingularSeries.lean:88:8: `Finset.eq_empty_iff_forall_not_mem` has been deprecated: Use `Finset.eq_empty_iff_forall_notMem` instead
warning: Goldbach/SingularSeries.lean:98:4: try 'simp' instead of 'simpa'

Note: This linter can be disabled with `set_option linter.unnecessarySimpa false`
warning: Goldbach/SingularSeries.lean:99:28: this tactic is never executed

Note: This linter can be disabled with `set_option linter.unreachableTactic false`
warning: Goldbach/SingularSeries.lean:99:57: this tactic is never executed

Note: This linter can be disabled with `set_option linter.unreachableTactic false`
warning: Goldbach/SingularSeries.lean:99:28: 'decide' tactic does nothing

Note: This linter can be disabled with `set_option linter.unusedTactic false`
warning: Goldbach/SingularSeries.lean:99:57: 'decide' tactic does nothing

Note: This linter can be disabled with `set_option linter.unusedTactic false`
⚠ [7604/7613] Replayed Goldbach.PPNumerics
warning: Goldbach/PPNumerics.lean:24:42: try 'simp' instead of 'simpa'

Note: This linter can be disabled with `set_option linter.unnecessarySimpa false`
warning: Goldbach/PPNumerics.lean:27:6: try 'simp' instead of 'simpa'

Note: This linter can be disabled with `set_option linter.unnecessarySimpa false`
⚠ [7605/7613] Replayed Goldbach.PPBoundSquares
warning: Goldbach/PPBoundSquares.lean:41:8: try 'simp' instead of 'simpa'

Note: This linter can be disabled with `set_option linter.unnecessarySimpa false`
warning: Goldbach/PPBoundSquares.lean:228:10: try 'simp' instead of 'simpa'

Note: This linter can be disabled with `set_option linter.unnecessarySimpa false`
⚠ [7607/7613] Replayed Goldbach.AnalyticGlobal
warning: Goldbach/AnalyticGlobal.lean:65:28: This simp argument is unused:
  one_div

Hint: Omit it from the simp argument list.
  simp [div_eq_mul_inv, o̵n̵e̵_̵d̵i̵v̵,̵ ̵mul_comm]

Note: This linter can be disabled with `set_option linter.unusedSimpArgs false`
warning: Goldbach/AnalyticGlobal.lean:68:30: This simp argument is unused:
  one_div

Hint: Omit it from the simp argument list.
  simp [div_eq_mul_inv, o̵n̵e̵_̵d̵i̵v̵,̵ ̵mul_comm]

Note: This linter can be disabled with `set_option linter.unusedSimpArgs false`
warning: Goldbach/AnalyticGlobal.lean:70:39: This simp argument is unused:
  mul_left_comm

Hint: Omit it from the simp argument list.
  simp [one_div, S_ne, mul_comm, mul_l̵e̵f̵t̵_̵c̵o̵m̵m̵,̵ ̵m̵u̵l̵_̵assoc]

Note: This linter can be disabled with `set_option linter.unusedSimpArgs false`
warning: Goldbach/AnalyticGlobal.lean:70:54: This simp argument is unused:
  mul_assoc

Hint: Omit it from the simp argument list.
  simp [one_div, S_ne, mul_comm, mul_left_comm,̵ ̵m̵u̵l̵_̵a̵s̵s̵o̵c̵]

Note: This linter can be disabled with `set_option linter.unusedSimpArgs false`
⚠ [7608/7613] Replayed Goldbach.BankPieces
warning: Goldbach/BankPieces.lean:15:63: `class ... :=` has been deprecated in favor of `class ... where`.

Note: This linter can be disabled with `set_option linter.deprecated false`
⚠ [7610/7613] Replayed Goldbach.Analytic.MajorBoundFromSigma
warning: Goldbach/Analytic/MajorBoundFromSigma.lean:21:75: `structure ... :=` has been deprecated in favor of `structure ... where`.

Note: This linter can be disabled with `set_option linter.deprecated false`
⚠ [7611/7613] Replayed Goldbach.Analytic.NumericSigma
warning: Goldbach/Analytic/NumericSigma.lean:23:32: unused variable `hX`

Note: This linter can be disabled with `set_option linter.unusedVariables false`
✖ [7613/7613] Building Goldbach.BG_Identity (76s)
trace: .> LEAN_PATH=/Users/benjaminnelson/Desktop/nerd shit/goldbach/builds/Goldbach/.lake/packages/Cli/.lake/build/lib/lean:/Users/benjaminnelson/Desktop/nerd shit/goldbach/builds/Goldbach/.lake/packages/batteries/.lake/build/lib/lean:/Users/benjaminnelson/Desktop/nerd shit/goldbach/builds/Goldbach/.lake/packages/Qq/.lake/build/lib/lean:/Users/benjaminnelson/Desktop/nerd shit/goldbach/builds/Goldbach/.lake/packages/aesop/.lake/build/lib/lean:/Users/benjaminnelson/Desktop/nerd shit/goldbach/builds/Goldbach/.lake/packages/proofwidgets/.lake/build/lib/lean:/Users/benjaminnelson/Desktop/nerd shit/goldbach/builds/Goldbach/.lake/packages/importGraph/.lake/build/lib/lean:/Users/benjaminnelson/Desktop/nerd shit/goldbach/builds/Goldbach/.lake/packages/LeanSearchClient/.lake/build/lib/lean:/Users/benjaminnelson/Desktop/nerd shit/goldbach/builds/Goldbach/.lake/packages/plausible/.lake/build/lib/lean:/Users/benjaminnelson/Desktop/nerd shit/goldbach/builds/Goldbach/.lake/packages/mathlib/.lake/build/lib/lean:/Users/benjaminnelson/Desktop/nerd shit/goldbach/builds/Goldbach/.lake/build/lib/lean /Users/benjaminnelson/.elan/toolchains/leanprover--lean4---v4.26.0-rc2/bin/lean /Users/benjaminnelson/Desktop/nerd shit/goldbach/builds/Goldbach/Goldbach/BG_Identity.lean -o /Users/benjaminnelson/Desktop/nerd shit/goldbach/builds/Goldbach/.lake/build/lib/lean/Goldbach/BG_Identity.olean -i /Users/benjaminnelson/Desktop/nerd shit/goldbach/builds/Goldbach/.lake/build/lib/lean/Goldbach/BG_Identity.ilean -c /Users/benjaminnelson/Desktop/nerd shit/goldbach/builds/Goldbach/.lake/build/ir/Goldbach/BG_Identity.c --setup /Users/benjaminnelson/Desktop/nerd shit/goldbach/builds/Goldbach/.lake/build/ir/Goldbach/BG_Identity.setup.json --json
warning: Goldbach/BG_Identity.lean:149:48: This simp argument is unused:
  add_comm

Hint: Omit it from the simp argument list.
  simp [Finset.sum_insert, hk, ih, mul_add, a̵d̵d̵_̵c̵o̵m̵m̵,̵ ̵add_left_comm, add_assoc, mul_comm, mul_left_comm,
  ̲  ̲ ̲ ̲ ̲ ̲ ̲ ̲mul_assoc]

Note: This linter can be disabled with `set_option linter.unusedSimpArgs false`
warning: Goldbach/BG_Identity.lean:149:58: This simp argument is unused:
  add_left_comm

Hint: Omit it from the simp argument list.
  simp [Finset.sum_insert, hk, ih, mul_add, add_comm, a̵d̵d̵_̵l̵e̵f̵t̵_̵c̵o̵m̵m̵,̵add_assoc, mul_comm, mul_left_comm,
  ̲  ̲ ̲ ̲ ̲ ̲ ̲ ̲mul_assoc]

Note: This linter can be disabled with `set_option linter.unusedSimpArgs false`
warning: Goldbach/BG_Identity.lean:150:12: This simp argument is unused:
  add_assoc

Hint: Omit it from the simp argument list.
  simp [Finset.sum_insert, hk, ih, mul_add, add_comm, add_left_comm, a̵d̵d̵_̵a̵s̵s̵o̵c̵,̵ ̵mul_comm, mul_left_comm,
  ̲  ̲ ̲ ̲ ̲ ̲ ̲ ̲mul_assoc]

Note: This linter can be disabled with `set_option linter.unusedSimpArgs false`
warning: Goldbach/BG_Identity.lean:150:23: This simp argument is unused:
  mul_comm

Hint: Omit it from the simp argument list.
  simp [Finset.sum_insert, hk, ih, mul_add, add_comm, add_left_comm, add_assoc, m̵u̵l̵_̵c̵o̵m̵m̵,̵ ̵mul_left_comm,
  ̲  ̲ ̲ ̲ ̲ ̲ ̲ ̲mul_assoc]

Note: This linter can be disabled with `set_option linter.unusedSimpArgs false`
warning: Goldbach/BG_Identity.lean:150:33: This simp argument is unused:
  mul_left_comm

Hint: Omit it from the simp argument list.
  simp [Finset.sum_insert, hk, ih, mul_add, add_comm, add_left_comm, add_assoc, mul_comm,
  ̲  ̲ ̲ ̲ ̲ ̲ ̲ ̲m̵u̵l̵_̵l̵e̵f̵t̵_̵c̵o̵m̵m̵,̵ ̵mul_assoc]

Note: This linter can be disabled with `set_option linter.unusedSimpArgs false`
warning: Goldbach/BG_Identity.lean:150:48: This simp argument is unused:
  mul_assoc

Hint: Omit it from the simp argument list.
  simp [Finset.sum_insert, hk, ih, mul_add, add_comm, add_left_comm, add_assoc, mul_comm,
  ̲  ̲ ̲ ̲ ̲ ̲ ̲ ̲m̵u̵l̵_̵l̵e̵f̵t̵_̵c̵o̵m̵m̵,̵ ̵m̵u̵l̵_̵a̵s̵s̵o̵c̵]̵m̲u̲l̲_̲l̲e̲f̲t̲_̲c̲o̲m̲m̲]̲

Note: This linter can be disabled with `set_option linter.unusedSimpArgs false`
error: Goldbach/BG_Identity.lean:219:15: Unknown constant `Int.natAbs_ofNat`
error: Goldbach/BG_Identity.lean:220:21: Unknown constant `Int.natAbs_ofNat`
error: Goldbach/BG_Identity.lean:197:76: unsolved goals
m : ℕ
hm : m ≤ Ucut
hnonneg : 0 ≤ 1 - ↑m / ↑Ucut
hmax : max (1 - ↑m / ↑Ucut) 0 = 1 - ↑m / ↑Ucut
hbranch : max (1 - ↑(Int.ofNat m).natAbs / ↑Ucut) 0 = 1 - ↑(Int.ofNat m).natAbs / ↑Ucut
⊢ max (1 - ↑m / (↑H + ↑((H + 99) / 100))) 0 / (↑H + ↑((H + 99) / 100)) =
    (1 - ↑m / (↑H + ↑((H + 99) / 100))) / (↑H + ↑((H + 99) / 100))
warning: Goldbach/BG_Identity.lean:204:12: This simp argument is unused:
  hU

Hint: Omit it from the simp argument list.
  simp [hU̵,̵ ̵h̵m0]

Note: This linter can be disabled with `set_option linter.unusedSimpArgs false`
warning: Goldbach/BG_Identity.lean:220:8: This simp argument is unused:
  hbranch

Hint: Omit it from the simp argument list.
  simp [h̵b̵r̵a̵n̵c̵h̵,̵ ̵Int.natAbs_ofNat]

Note: This linter can be disabled with `set_option linter.unusedSimpArgs false`
warning: Goldbach/BG_Identity.lean:246:10: This simp argument is unused:
  Finset.sum_insert

Hint: Omit it from the simp argument list.
  simp [̵F̵i̵n̵s̵e̵t̵.̵s̵u̵m̵_̵i̵n̵s̵e̵r̵t̵,̵ ̵h̵a̵,̵[̲h̲a̲,̲ ih, mul_add, add_comm, add_left_comm, add_assoc, mul_comm, mul_left_comm, mul_assoc]

Note: This linter can be disabled with `set_option linter.unusedSimpArgs false`
warning: Goldbach/BG_Identity.lean:246:33: This simp argument is unused:
  ih

Hint: Omit it from the simp argument list.
  simp [Finset.sum_insert, ha, i̵h̵,̵ ̵mul_add, add_comm, add_left_comm,
  ̵  ̵ ̵ ̵ ̵ ̵ ̵ ̵ ̵ ̵add_assoc, mul_comm,
  ̲  ̲ ̲ ̲ ̲ ̲mul_left_comm, mul_assoc]

Note: This linter can be disabled with `set_option linter.unusedSimpArgs false`
warning: Goldbach/BG_Identity.lean:246:56: This simp argument is unused:
  add_left_comm

Hint: Omit it from the simp argument list.
  simp [Finset.sum_insert, ha, ih, mul_add, add_comm, a̵d̵d̵_̵l̵e̵f̵t̵_̵c̵o̵m̵m̵,̵add_assoc, mul_comm, mul_left_comm,
  ̲  ̲ ̲ ̲ ̲ ̲mul_assoc]

Note: This linter can be disabled with `set_option linter.unusedSimpArgs false`
warning: Goldbach/BG_Identity.lean:247:10: This simp argument is unused:
  add_assoc

Hint: Omit it from the simp argument list.
  simp [Finset.sum_insert, ha, ih, mul_add, add_comm, add_left_comm, a̵d̵d̵_̵a̵s̵s̵o̵c̵,̵ ̵mul_comm, mul_left_comm,
  ̲  ̲ ̲ ̲ ̲ ̲mul_assoc]

Note: This linter can be disabled with `set_option linter.unusedSimpArgs false`
warning: Goldbach/BG_Identity.lean:247:31: This simp argument is unused:
  mul_left_comm

Hint: Omit it from the simp argument list.
  simp [Finset.sum_insert, ha, ih, mul_add, add_comm, add_left_comm, add_assoc, mul_comm,
  ̲  ̲ ̲ ̲ ̲ ̲m̵u̵l̵_̵l̵e̵f̵t̵_̵c̵o̵m̵m̵,̵ ̵mul_assoc]

Note: This linter can be disabled with `set_option linter.unusedSimpArgs false`
warning: Goldbach/BG_Identity.lean:247:46: This simp argument is unused:
  mul_assoc

Hint: Omit it from the simp argument list.
  simp [Finset.sum_insert, ha, ih, mul_add, add_comm, add_left_comm, add_assoc, mul_comm,
  ̲  ̲ ̲ ̲ ̲ ̲m̵u̵l̵_̵l̵e̵f̵t̵_̵c̵o̵m̵m̵,̵ ̵m̵u̵l̵_̵a̵s̵s̵o̵c̵]̵m̲u̲l̲_̲l̲e̲f̲t̲_̲c̲o̲m̲m̲]̲

Note: This linter can be disabled with `set_option linter.unusedSimpArgs false`
warning: Goldbach/BG_Identity.lean:278:10: try 'simp' instead of 'simpa'

Note: This linter can be disabled with `set_option linter.unnecessarySimpa false`
warning: Goldbach/BG_Identity.lean:285:10: try 'simp' instead of 'simpa'

Note: This linter can be disabled with `set_option linter.unnecessarySimpa false`
error: Goldbach/BG_Identity.lean:268:2: unsolved goals
case h.mpr
n : ℕ
z : ℤ
hz : z ∈ Finset.Icc (-↑n) ↑n
hI : -↑n ≤ z ∧ z ≤ ↑n
hz_ne_pos : z ≠ ↑n.succ
hz_ne_neg : z ≠ -↑n.succ
hzI' : z ∈ Finset.Icc (-↑n.succ) ↑n.succ
⊢ -1 < z + ↑n ∧ z < ↑n + 1
warning: Goldbach/BG_Identity.lean:292:10: This simp argument is unused:
  Finset.mem_erase

Hint: Omit it from the simp argument list.
  simp [F̵i̵n̵s̵e̵t̵.̵m̵e̵m̵_̵e̵r̵a̵s̵e̵,̵ ̵hz_ne_pos, hz_ne_neg, hzI']

Note: This linter can be disabled with `set_option linter.unusedSimpArgs false`
warning: Goldbach/BG_Identity.lean:292:28: This simp argument is unused:
  hz_ne_pos

Hint: Omit it from the simp argument list.
  simp [Finset.mem_erase, h̵z̵_̵n̵e̵_̵p̵o̵s̵,̵ ̵hz_ne_neg, hzI']

Note: This linter can be disabled with `set_option linter.unusedSimpArgs false`
warning: Goldbach/BG_Identity.lean:292:39: This simp argument is unused:
  hz_ne_neg

Hint: Omit it from the simp argument list.
  simp [Finset.mem_erase, hz_ne_pos, hz_̵n̵e̵_̵n̵e̵g̵,̵ ̵h̵z̵I']

Note: This linter can be disabled with `set_option linter.unusedSimpArgs false`
warning: Goldbach/BG_Identity.lean:292:50: This simp argument is unused:
  hzI'

Hint: Omit it from the simp argument list.
  simp [Finset.mem_erase, hz_ne_pos, hz_ne_neg,̵ ̵h̵z̵I̵'̵]

Note: This linter can be disabled with `set_option linter.unusedSimpArgs false`
error: Goldbach/BG_Identity.lean:340:8: Type mismatch: After simplification, term
  hstep2
 has type
  f (-↑n + -1) + ∑ x ∈ (s.erase (↑n + 1)).erase (-↑n + -1), f x = ∑ x ∈ s.erase (↑n + 1), f x
but is expected to have type
  ∑ x ∈ s.erase (↑n + 1), f x = f (-↑n + -1) + ∑ x ∈ (s.erase (↑n + 1)).erase (-↑n + -1), f x
warning: Goldbach/BG_Identity.lean:354:13: `Finset.range_succ` has been deprecated: Use `Finset.range_add_one` instead
warning: Goldbach/BG_Identity.lean:354:6: try 'simp' instead of 'simpa'

Note: This linter can be disabled with `set_option linter.unnecessarySimpa false`
warning: Goldbach/BG_Identity.lean:366:23: `Int.ofNat_eq_coe` has been deprecated: Use `Int.ofNat_eq_natCast` instead
error: Goldbach/BG_Identity.lean:369:12: Tactic `assumption` failed

f : ℤ → ℝ
hEven : ∀ (z : ℤ), f (-z) = f z
n : ℕ
ih : (Finset.Icc (-↑n) ↑n).sum f = f 0 + 2 * ∑ k ∈ Finset.range n, f (Int.ofNat k.succ)
s : Finset ℤ := Finset.Icc (-↑n.succ) ↑n.succ
s0 : Finset ℤ := s.erase ↑n.succ
s1 : Finset ℤ := s0.erase (-↑n.succ)
hmem_pos : ↑n.succ ∈ s
hmem_neg : -↑n.succ ∈ s
hmem_neg_s0 : -↑n.succ ∈ s0
hstep1 : ∑ x ∈ s.erase ↑n.succ, f x + f ↑n.succ = ∑ x ∈ s, f x
hstep2 : ∑ x ∈ s0.erase (-↑n.succ), f x + f (-↑n.succ) = ∑ x ∈ s0, f x
hs1 : s1 = Finset.Icc (-↑n) ↑n
this✝ : s.sum f = s1.sum f + f (-↑n.succ) + f ↑n.succ
hIH : (Finset.Icc (-↑n) ↑n).sum f = f 0 + 2 * ∑ k ∈ Finset.range n, f (Int.ofNat k.succ)
hrange :
  ∑ k ∈ Finset.range n.succ, f (Int.ofNat k.succ) = ∑ k ∈ Finset.range n, f (Int.ofNat k.succ) + f (Int.ofNat n.succ)
this : s.sum f = (Finset.Icc (-↑n) ↑n).sum f + f (↑n + 1) + f (-1 + -↑n)
⊢ ∑ x ∈ Finset.range n, f (↑x + 1) + f (↑n + 1) = ∑ x ∈ Finset.range (n + 1), f (↑x + 1)
error: Goldbach/BG_Identity.lean:393:6: Type mismatch: After simplification, term
  this
 has type
  True
but is expected to have type
  ↑n + 2 = ↑n + 1 + 1 ∨ ↑n + 1 = 0
error: Goldbach/BG_Identity.lean:394:4: Tactic `assumption` failed

case succ
n : ℕ
ih : ∑ k ∈ Finset.range n, ↑k.succ = ↑n * (↑n + 1) / 2
h : ∑ x ∈ Finset.range (n + 1), ↑x.succ = ∑ x ∈ Finset.range n, ↑x.succ + ↑n.succ
h' : ∑ k ∈ Finset.range n.succ, ↑k.succ = ∑ k ∈ Finset.range n, ↑k.succ + ↑n.succ
h'' : ↑n * (↑n + 1) / 2 + ↑n.succ = ↑n.succ * (↑n.succ + 1) / 2
⊢ ∑ x ∈ Finset.range (n + 1), (↑x + 1) = (↑n + 1) * (↑n + 1 + 1) / 2
warning: Goldbach/BG_Identity.lean:409:44: try 'simp' instead of 'simpa'

Note: This linter can be disabled with `set_option linter.unnecessarySimpa false`
warning: Goldbach/BG_Identity.lean:412:50: This simp argument is unused:
  add_comm

Hint: Omit it from the simp argument list.
  simp [h₁, h₂, Finset.sum_insert, ha, mul_add, add_c̵o̵m̵m̵,̵ ̵a̵d̵d̵_̵left_comm, add_assoc]

Note: This linter can be disabled with `set_option linter.unusedSimpArgs false`
warning: Goldbach/BG_Identity.lean:412:60: This simp argument is unused:
  add_left_comm

Hint: Omit it from the simp argument list.
  simp [h₁, h₂, Finset.sum_insert, ha, mul_add, add_comm, a̵d̵d̵_̵l̵e̵f̵t̵_̵c̵o̵m̵m̵,̵ ̵add_assoc]

Note: This linter can be disabled with `set_option linter.unusedSimpArgs false`
warning: Goldbach/BG_Identity.lean:412:75: This simp argument is unused:
  add_assoc

Hint: Omit it from the simp argument list.
  simp [h₁, h₂, Finset.sum_insert, ha, mul_add, add_comm, add_left_comm,̵ ̵a̵d̵d̵_̵a̵s̵s̵o̵c̵]

Note: This linter can be disabled with `set_option linter.unusedSimpArgs false`
warning: Goldbach/BG_Identity.lean:421:46: This simp argument is unused:
  add_comm

Hint: Omit it from the simp argument list.
  simp [Finset.sum_insert, hb, ih, mul_add, add_c̵o̵m̵m̵,̵ ̵a̵d̵d̵_̵left_comm, add_assoc]

Note: This linter can be disabled with `set_option linter.unusedSimpArgs false`
warning: Goldbach/BG_Identity.lean:421:56: This simp argument is unused:
  add_left_comm

Hint: Omit it from the simp argument list.
  simp [Finset.sum_insert, hb, ih, mul_add, add_comm, a̵d̵d̵_̵l̵e̵f̵t̵_̵c̵o̵m̵m̵,̵ ̵add_assoc]

Note: This linter can be disabled with `set_option linter.unusedSimpArgs false`
warning: Goldbach/BG_Identity.lean:421:71: This simp argument is unused:
  add_assoc

Hint: Omit it from the simp argument list.
  simp [Finset.sum_insert, hb, ih, mul_add, add_comm, add_left_comm,̵ ̵a̵d̵d̵_̵a̵s̵s̵o̵c̵]

Note: This linter can be disabled with `set_option linter.unusedSimpArgs false`
warning: Goldbach/BG_Identity.lean:517:6: declaration uses 'sorry'
warning: Goldbach/BG_Identity.lean:539:4: try 'simp' instead of 'simpa'

Note: This linter can be disabled with `set_option linter.unnecessarySimpa false`
warning: Goldbach/BG_Identity.lean:562:25: try 'simp' instead of 'simpa'

Note: This linter can be disabled with `set_option linter.unnecessarySimpa false`
warning: Goldbach/BG_Identity.lean:605:6: declaration uses 'sorry'
warning: Goldbach/BG_Identity.lean:642:15: unused variable `hX`

Note: This linter can be disabled with `set_option linter.unusedVariables false`
warning: Goldbach/BG_Identity.lean:643:5: unused variable `hN`

Note: This linter can be disabled with `set_option linter.unusedVariables false`
warning: Goldbach/BG_Identity.lean:675:5: unused variable `hk`

Note: This linter can be disabled with `set_option linter.unusedVariables false`
warning: Goldbach/BG_Identity.lean:700:28: This simp argument is unused:
  hUpos.ne'

Hint: Omit it from the simp argument list.
  s̵i̵m̵p̵ ̵[̵K̵_̵f̵u̵l̵l̵,̵ ̵K̵_̵f̵u̵l̵l̵_̵r̵a̵w̵,̵ ̵h̵U̵p̵o̵s̵.̵n̵e̵'̵]̵ ̵a̵t̵ ̵*̵s̲i̲m̲p̲ ̲[̲K̲_̲f̲u̲l̲l̲,̲
  ̲ ̲ ̲ ̲ ̲K̲_̲f̲u̲l̲l̲_̲r̲a̲w̲]̲ ̲a̲t̲ ̲*̲
  ̲ ̲ ̲ ̲ ̲ ̲ ̲-̲-̲ ̲a̲f̲t̲e̲r̲ ̲s̲i̲m̲p̲,̲ ̲g̲o̲a̲l̲ ̲b̲e̲c̲o̲m̲e̲s̲ ̲`̲0̲ ̲<̲ ̲1̲ ̲/̲ ̲(̲U̲c̲u̲t̲:̲ℝ̲)̲`̲
  ̲ ̲ ̲ ̲ ̲ ̲ ̲

Note: This linter can be disabled with `set_option linter.unusedSimpArgs false`
warning: Goldbach/BG_Identity.lean:725:5: unused variable `h`

Note: This linter can be disabled with `set_option linter.unusedVariables false`
warning: Goldbach/BG_Identity.lean:732:5: unused variable `h`

Note: This linter can be disabled with `set_option linter.unusedVariables false`
warning: Goldbach/BG_Identity.lean:748:25: unused variable `X`

Note: This linter can be disabled with `set_option linter.unusedVariables false`
warning: Goldbach/BG_Identity.lean:748:27: unused variable `N`

Note: This linter can be disabled with `set_option linter.unusedVariables false`
warning: Goldbach/BG_Identity.lean:772:5: unused variable `h`

Note: This linter can be disabled with `set_option linter.unusedVariables false`
warning: Goldbach/BG_Identity.lean:798:8: try 'simp' instead of 'simpa'

Note: This linter can be disabled with `set_option linter.unnecessarySimpa false`
warning: Goldbach/BG_Identity.lean:799:6: try 'simp' instead of 'simpa'

Note: This linter can be disabled with `set_option linter.unnecessarySimpa false`
warning: Goldbach/BG_Identity.lean:828:34: unused variable `hk`

Note: This linter can be disabled with `set_option linter.unusedVariables false`
warning: Goldbach/BG_Identity.lean:832:35: unused variable `hk`

Note: This linter can be disabled with `set_option linter.unusedVariables false`
warning: Goldbach/BG_Identity.lean:933:6: declaration uses 'sorry'
error: Goldbach/BG_Identity.lean:998:14: maximum recursion depth has been reached
use `set_option maxRecDepth <num>` to increase limit
use `set_option diagnostics true` to get diagnostic information
error: Goldbach/BG_Identity.lean:1036:46: unsolved goals
hEvenK : ∀ (z : ℤ), K_full (-z) = K_full z
hsplit : ∑ k ∈ bandU, K_full k = K_full 0 + 2 * ∑ k ∈ Finset.range Ucut, K_full (Int.ofNat k.succ)
hsum1 : ∑ x ∈ Finset.range Ucut, 1 = ↑Ucut
hsumk : ∑ k ∈ Finset.range Ucut, ↑k.succ = ↑Ucut * (↑Ucut + 1) / 2
hU0 : ↑Ucut ≠ 0
hbranch : ∀ k ∈ Finset.range Ucut, K_full (Int.ofNat k.succ) = (1 - ↑k.succ / ↑Ucut) / ↑Ucut
hU0' : ↑Ucut ≠ 0
⊢ (↑H + ↑((H + 99) / 100))⁻¹ * (↑H + ↑((H + 99) / 100)) * ((↑H + ↑((H + 99) / 100) + 1) / 2) =
    (↑H + ↑((H + 99) / 100) + 1) / 2
error: Goldbach/BG_Identity.lean:1050:12: maximum recursion depth has been reached
use `set_option maxRecDepth <num>` to increase limit
use `set_option diagnostics true` to get diagnostic information
error: Goldbach/BG_Identity.lean:1060:10: maximum recursion depth has been reached
use `set_option maxRecDepth <num>` to increase limit
use `set_option diagnostics true` to get diagnostic information
warning: Goldbach/BG_Identity.lean:1037:31: This simp argument is unused:
  hU0'

Hint: Omit it from the simp argument list.
  simp [one_div,̵ ̵h̵U̵0̵'̵]

Note: This linter can be disabled with `set_option linter.unusedSimpArgs false`
warning: Goldbach/BG_Identity.lean:1130:5: unused variable `h`

Note: This linter can be disabled with `set_option linter.unusedVariables false`
warning: Goldbach/BG_Identity.lean:1164:54: try 'simp' instead of 'simpa'

Note: This linter can be disabled with `set_option linter.unnecessarySimpa false`
warning: Goldbach/BG_Identity.lean:1152:10: This simp argument is unused:
  Pref_of

Hint: Omit it from the simp argument list.
  simp [P̵r̵e̵f̵_̵o̵f̵,̵ ̵hk]

Note: This linter can be disabled with `set_option linter.unusedSimpArgs false`
warning: Goldbach/BG_Identity.lean:1194:8: try 'simp' instead of 'simpa'

Note: This linter can be disabled with `set_option linter.unnecessarySimpa false`
warning: Goldbach/BG_Identity.lean:1195:6: try 'simp' instead of 'simpa'

Note: This linter can be disabled with `set_option linter.unnecessarySimpa false`
error: Goldbach/BG_Identity.lean:1263:16: maximum recursion depth has been reached
use `set_option maxRecDepth <num>` to increase limit
use `set_option diagnostics true` to get diagnostic information
error: Goldbach/BG_Identity.lean:1278:18: maximum recursion depth has been reached
use `set_option maxRecDepth <num>` to increase limit
use `set_option diagnostics true` to get diagnostic information
error: Goldbach/BG_Identity.lean:1290:16: No goals to be solved
error: Goldbach/BG_Identity.lean:1302:4: maximum recursion depth has been reached
use `set_option maxRecDepth <num>` to increase limit
use `set_option diagnostics true` to get diagnostic information
error: Goldbach/BG_Identity.lean:1320:12: maximum recursion depth has been reached
use `set_option maxRecDepth <num>` to increase limit
use `set_option diagnostics true` to get diagnostic information
error: Goldbach/BG_Identity.lean:1326:12: maximum recursion depth has been reached
use `set_option maxRecDepth <num>` to increase limit
use `set_option diagnostics true` to get diagnostic information
error: Goldbach/BG_Identity.lean:1327:2: maximum recursion depth has been reached
use `set_option maxRecDepth <num>` to increase limit
use `set_option diagnostics true` to get diagnostic information
warning: Goldbach/BG_Identity.lean:1329:6: declaration uses 'sorry'
error: Goldbach/BG_Identity.lean:1375:21: maximum recursion depth has been reached
use `set_option maxRecDepth <num>` to increase limit
use `set_option diagnostics true` to get diagnostic information
warning: Goldbach/BG_Identity.lean:1403:28: unused variable `X`

Note: This linter can be disabled with `set_option linter.unusedVariables false`
warning: Goldbach/BG_Identity.lean:1403:30: unused variable `N`

Note: This linter can be disabled with `set_option linter.unusedVariables false`
warning: Goldbach/BG_Identity.lean:1404:28: unused variable `X`

Note: This linter can be disabled with `set_option linter.unusedVariables false`
warning: Goldbach/BG_Identity.lean:1404:30: unused variable `N`

Note: This linter can be disabled with `set_option linter.unusedVariables false`
error: Goldbach/BG_Identity.lean:1430:21: maximum recursion depth has been reached
use `set_option maxRecDepth <num>` to increase limit
use `set_option diagnostics true` to get diagnostic information
error: Lean exited with code 1
Some required targets logged failures:
- Goldbach.BG_Identity
error: build failed
⚠ [7587/7613] Replayed Goldbach.Compat
warning: Goldbach/Compat.lean:18:2: try 'simp' instead of 'simpa'

Note: This linter can be disabled with `set_option linter.unnecessarySimpa false`
warning: Goldbach/Compat.lean:24:40: unused variable `hb`

Note: This linter can be disabled with `set_option linter.unusedVariables false`
warning: Goldbach/Compat.lean:50:4: try 'simp' instead of 'simpa'

Note: This linter can be disabled with `set_option linter.unnecessarySimpa false`
⚠ [7590/7613] Replayed Goldbach.Windows
warning: Goldbach/Windows.lean:63:4: try 'simp' instead of 'simpa'

Note: This linter can be disabled with `set_option linter.unnecessarySimpa false`
warning: Goldbach/Windows.lean:68:2: try 'simp' instead of 'simpa'

Note: This linter can be disabled with `set_option linter.unnecessarySimpa false`
warning: Goldbach/Windows.lean:68:38: this tactic is never executed

Note: This linter can be disabled with `set_option linter.unreachableTactic false`
warning: Goldbach/Windows.lean:68:38: 'simpa using hmap' tactic does nothing

Note: This linter can be disabled with `set_option linter.unusedTactic false`
⚠ [7595/7613] Replayed Goldbach.AO_AssembleEnvelope
warning: Goldbach/AO_AssembleEnvelope.lean:67:20: try 'simp' instead of 'simpa'

Note: This linter can be disabled with `set_option linter.unnecessarySimpa false`
⚠ [7597/7613] Replayed Goldbach.AO_Major
warning: Goldbach/AO_Major.lean:21:13: unused variable `hX`

Note: This linter can be disabled with `set_option linter.unusedVariables false`
warning: Goldbach/AO_Major.lean:21:35: unused variable `hN`

Note: This linter can be disabled with `set_option linter.unusedVariables false`
warning: Goldbach/AO_Major.lean:25:24: This simp argument is unused:
  add_assoc

Hint: Omit it from the simp argument list.
  simp [Goldbach.AO_Major.errAO, Goldbach.AO_Major.weight_mass, Goldbach.AO_Core.errAO,
       ̵ ̵ ̵ ̵sub_eq_add_neg, add_a̵s̵s̵o̵c̵,̵ ̵a̵d̵d̵_̵left_comm, add_comm, mul_assoc]

Note: This linter can be disabled with `set_option linter.unusedSimpArgs false`
warning: Goldbach/AO_Major.lean:25:60: This simp argument is unused:
  mul_assoc

Hint: Omit it from the simp argument list.
  simp [Goldbach.AO_Major.errAO, Goldbach.AO_Major.weight_mass, Goldbach.AO_Core.errAO,
       ̵ ̵ ̵ ̵sub_eq_add_neg, add_assoc, add_left_comm, add_comm,̵ ̵m̵u̵l̵_̵a̵s̵s̵o̵c̵]

Note: This linter can be disabled with `set_option linter.unusedSimpArgs false`
warning: Goldbach/AO_Major.lean:46:5: unused variable `h`

Note: This linter can be disabled with `set_option linter.unusedVariables false`
warning: Goldbach/AO_Major.lean:58:24: This simp argument is unused:
  dif_pos

Hint: Omit it from the simp argument list.
  simp only [MPDF, win, d̵i̵f̵_̵p̵o̵s̵,̵ ̵mul_div_assoc']

Note: This linter can be disabled with `set_option linter.unusedSimpArgs false`
warning: Goldbach/AO_Major.lean:58:33: This simp argument is unused:
  mul_div_assoc'

Hint: Omit it from the simp argument list.
  simp only [MPDF, win, dif_pos,̵ ̵m̵u̵l̵_̵d̵i̵v̵_̵a̵s̵s̵o̵c̵'̵]

Note: This linter can be disabled with `set_option linter.unusedSimpArgs false`
warning: Goldbach/AO_Major.lean:81:69: try 'simp' instead of 'simpa'

Note: This linter can be disabled with `set_option linter.unnecessarySimpa false`
warning: Goldbach/AO_Major.lean:82:68: try 'simp' instead of 'simpa'

Note: This linter can be disabled with `set_option linter.unnecessarySimpa false`
warning: Goldbach/AO_Major.lean:83:68: try 'simp' instead of 'simpa'

Note: This linter can be disabled with `set_option linter.unnecessarySimpa false`
warning: Goldbach/AO_Major.lean:85:90: This simp argument is unused:
  add_assoc

Hint: Omit it from the simp argument list.
  simp [sub_eq_add_neg,̵ ̵a̵d̵d̵_̵a̵s̵s̵o̵c̵]

Note: This linter can be disabled with `set_option linter.unusedSimpArgs false`
warning: Goldbach/AO_Major.lean:101:24: This simp argument is unused:
  dif_pos

Hint: Omit it from the simp argument list.
  simp only [MPDF, win,̵ ̵d̵i̵f̵_̵p̵o̵s̵]

Note: This linter can be disabled with `set_option linter.unusedSimpArgs false`
⚠ [7599/7613] Replayed Goldbach.BG_Bank
warning: Goldbach/BG_Bank.lean:13:25: unused variable `n`

Note: This linter can be disabled with `set_option linter.unusedVariables false`
warning: Goldbach/BG_Bank.lean:75:4: try 'simp' instead of 'simpa'

Note: This linter can be disabled with `set_option linter.unnecessarySimpa false`
warning: Goldbach/BG_Bank.lean:75:25: this tactic is never executed

Note: This linter can be disabled with `set_option linter.unreachableTactic false`
warning: Goldbach/BG_Bank.lean:75:25: 'decide' tactic does nothing

Note: This linter can be disabled with `set_option linter.unusedTactic false`
warning: Goldbach/BG_Bank.lean:288:14: try 'simp' instead of 'simpa'

Note: This linter can be disabled with `set_option linter.unnecessarySimpa false`
warning: Goldbach/BG_Bank.lean:188:42: This simp argument is unused:
  Nat.cast_sub hn_le

Hint: Omit it from the simp argument list.
  simp only [Nat.cast_succ,̵ ̵N̵a̵t̵.̵c̵a̵s̵t̵_̵s̵u̵b̵ ̵h̵n̵_̵l̵e̵]

Note: This linter can be disabled with `set_option linter.unusedSimpArgs false`
warning: Goldbach/BG_Bank.lean:194:24: This simp argument is unused:
  abs_of_nonneg hlog_Nm_nn

Hint: Omit it from the simp argument list.
  simp [hp,̵ ̵a̵b̵s̵_̵o̵f̵_̵n̵o̵n̵n̵e̵g̵ ̵h̵l̵o̵g̵_̵N̵m̵_̵n̵n̵]

Note: This linter can be disabled with `set_option linter.unusedSimpArgs false`
warning: Goldbach/BG_Bank.lean:202:24: This simp argument is unused:
  abs_of_nonneg hlog_Np1_nn

Hint: Omit it from the simp argument list.
  simp [hp,̵ ̵a̵b̵s̵_̵o̵f̵_̵n̵o̵n̵n̵e̵g̵ ̵h̵l̵o̵g̵_̵N̵p̵1̵_̵n̵n̵]

Note: This linter can be disabled with `set_option linter.unusedSimpArgs false`
warning: Goldbach/BG_Bank.lean:218:46: This simp argument is unused:
  mul_comm

Hint: Omit it from the simp argument list.
  simp [abs_mul, mul_assoc, m̵u̵l̵_̵c̵o̵m̵m̵,̵ ̵mul_left_comm]

Note: This linter can be disabled with `set_option linter.unusedSimpArgs false`
warning: Goldbach/BG_Bank.lean:326:20: This simp argument is unused:
  hlogXabs

Hint: Omit it from the simp argument list.
  simp [h̵l̵o̵g̵X̵a̵b̵s̵,̵ ̵mul_comm, mul_left_comm, mul_assoc]

Note: This linter can be disabled with `set_option linter.unusedSimpArgs false`
warning: Goldbach/BG_Bank.lean:326:30: This simp argument is unused:
  mul_comm

Hint: Omit it from the simp argument list.
  simp [hlogXabs, m̵u̵l̵_̵c̵o̵m̵m̵,̵ ̵mul_left_comm, mul_assoc]

Note: This linter can be disabled with `set_option linter.unusedSimpArgs false`
warning: Goldbach/BG_Bank.lean:403:14: try 'simp' instead of 'simpa'

Note: This linter can be disabled with `set_option linter.unnecessarySimpa false`
warning: Goldbach/BG_Bank.lean:405:14: try 'simp' instead of 'simpa'

Note: This linter can be disabled with `set_option linter.unnecessarySimpa false`
warning: Goldbach/BG_Bank.lean:407:40: This simp argument is unused:
  add_comm

Hint: Omit it from the simp argument list.
  simp [div_self, hlogX_ne, add_c̵o̵m̵m̵,̵ ̵a̵d̵d̵_̵left_comm, add_assoc]

Note: This linter can be disabled with `set_option linter.unusedSimpArgs false`
warning: Goldbach/BG_Bank.lean:407:50: This simp argument is unused:
  add_left_comm

Hint: Omit it from the simp argument list.
  simp [div_self, hlogX_ne, add_comm, a̵d̵d̵_̵l̵e̵f̵t̵_̵c̵o̵m̵m̵,̵ ̵add_assoc]

Note: This linter can be disabled with `set_option linter.unusedSimpArgs false`
warning: Goldbach/BG_Bank.lean:407:65: This simp argument is unused:
  add_assoc

Hint: Omit it from the simp argument list.
  simp [div_self, hlogX_ne, add_comm, add_left_comm,̵ ̵a̵d̵d̵_̵a̵s̵s̵o̵c̵]

Note: This linter can be disabled with `set_option linter.unusedSimpArgs false`
warning: Goldbach/BG_Bank.lean:547:63: try 'simp' instead of 'simpa'

Note: This linter can be disabled with `set_option linter.unnecessarySimpa false`
warning: Goldbach/BG_Bank.lean:550:47: This simp argument is unused:
  add_comm

Hint: Omit it from the simp argument list.
  simp [add_div, div_self, hlogX_ne, add_c̵o̵m̵m̵,̵ ̵a̵d̵d̵_̵left_comm, add_assoc]

Note: This linter can be disabled with `set_option linter.unusedSimpArgs false`
warning: Goldbach/BG_Bank.lean:550:57: This simp argument is unused:
  add_left_comm

Hint: Omit it from the simp argument list.
  simp [add_div, div_self, hlogX_ne, add_comm, a̵d̵d̵_̵l̵e̵f̵t̵_̵c̵o̵m̵m̵,̵ ̵add_assoc]

Note: This linter can be disabled with `set_option linter.unusedSimpArgs false`
warning: Goldbach/BG_Bank.lean:550:72: This simp argument is unused:
  add_assoc

Hint: Omit it from the simp argument list.
  simp [add_div, div_self, hlogX_ne, add_comm, add_left_comm,̵ ̵a̵d̵d̵_̵a̵s̵s̵o̵c̵]

Note: This linter can be disabled with `set_option linter.unusedSimpArgs false`
warning: Goldbach/BG_Bank.lean:559:56: This simp argument is unused:
  add_left_comm

Hint: Omit it from the simp argument list.
  simp [c, Nat.cast_add, Nat.cast_one, add_assoc, a̵d̵d̵_̵l̵e̵f̵t̵_̵c̵o̵m̵m̵,̵ ̵add_comm, add_div, div_self hX0_ne]

Note: This linter can be disabled with `set_option linter.unusedSimpArgs false`
⚠ [7600/7613] Replayed Goldbach.BG_Operator
warning: Goldbach/BG_Operator.lean:31:2: try 'simp' instead of 'simpa'

Note: This linter can be disabled with `set_option linter.unnecessarySimpa false`
warning: Goldbach/BG_Operator.lean:98:2: try 'simp' instead of 'simpa'

Note: This linter can be disabled with `set_option linter.unnecessarySimpa false`
⚠ [7602/7613] Replayed Goldbach.SingularSeries
warning: Goldbach/SingularSeries.lean:40:5: unused variable `h`

Note: This linter can be disabled with `set_option linter.unusedVariables false`
warning: Goldbach/SingularSeries.lean:88:8: `Finset.eq_empty_iff_forall_not_mem` has been deprecated: Use `Finset.eq_empty_iff_forall_notMem` instead
warning: Goldbach/SingularSeries.lean:98:4: try 'simp' instead of 'simpa'

Note: This linter can be disabled with `set_option linter.unnecessarySimpa false`
warning: Goldbach/SingularSeries.lean:99:28: this tactic is never executed

Note: This linter can be disabled with `set_option linter.unreachableTactic false`
warning: Goldbach/SingularSeries.lean:99:57: this tactic is never executed

Note: This linter can be disabled with `set_option linter.unreachableTactic false`
warning: Goldbach/SingularSeries.lean:99:28: 'decide' tactic does nothing

Note: This linter can be disabled with `set_option linter.unusedTactic false`
warning: Goldbach/SingularSeries.lean:99:57: 'decide' tactic does nothing

Note: This linter can be disabled with `set_option linter.unusedTactic false`
⚠ [7604/7613] Replayed Goldbach.PPNumerics
warning: Goldbach/PPNumerics.lean:24:42: try 'simp' instead of 'simpa'

Note: This linter can be disabled with `set_option linter.unnecessarySimpa false`
warning: Goldbach/PPNumerics.lean:27:6: try 'simp' instead of 'simpa'

Note: This linter can be disabled with `set_option linter.unnecessarySimpa false`
⚠ [7605/7613] Replayed Goldbach.PPBoundSquares
warning: Goldbach/PPBoundSquares.lean:41:8: try 'simp' instead of 'simpa'

Note: This linter can be disabled with `set_option linter.unnecessarySimpa false`
warning: Goldbach/PPBoundSquares.lean:228:10: try 'simp' instead of 'simpa'

Note: This linter can be disabled with `set_option linter.unnecessarySimpa false`
⚠ [7607/7613] Replayed Goldbach.AnalyticGlobal
warning: Goldbach/AnalyticGlobal.lean:65:28: This simp argument is unused:
  one_div

Hint: Omit it from the simp argument list.
  simp [div_eq_mul_inv, o̵n̵e̵_̵d̵i̵v̵,̵ ̵mul_comm]

Note: This linter can be disabled with `set_option linter.unusedSimpArgs false`
warning: Goldbach/AnalyticGlobal.lean:68:30: This simp argument is unused:
  one_div

Hint: Omit it from the simp argument list.
  simp [div_eq_mul_inv, o̵n̵e̵_̵d̵i̵v̵,̵ ̵mul_comm]

Note: This linter can be disabled with `set_option linter.unusedSimpArgs false`
warning: Goldbach/AnalyticGlobal.lean:70:39: This simp argument is unused:
  mul_left_comm

Hint: Omit it from the simp argument list.
  simp [one_div, S_ne, mul_comm, mul_l̵e̵f̵t̵_̵c̵o̵m̵m̵,̵ ̵m̵u̵l̵_̵assoc]

Note: This linter can be disabled with `set_option linter.unusedSimpArgs false`
warning: Goldbach/AnalyticGlobal.lean:70:54: This simp argument is unused:
  mul_assoc

Hint: Omit it from the simp argument list.
  simp [one_div, S_ne, mul_comm, mul_left_comm,̵ ̵m̵u̵l̵_̵a̵s̵s̵o̵c̵]

Note: This linter can be disabled with `set_option linter.unusedSimpArgs false`
⚠ [7608/7613] Replayed Goldbach.BankPieces
warning: Goldbach/BankPieces.lean:15:63: `class ... :=` has been deprecated in favor of `class ... where`.

Note: This linter can be disabled with `set_option linter.deprecated false`
⚠ [7610/7613] Replayed Goldbach.Analytic.MajorBoundFromSigma
warning: Goldbach/Analytic/MajorBoundFromSigma.lean:21:75: `structure ... :=` has been deprecated in favor of `structure ... where`.

Note: This linter can be disabled with `set_option linter.deprecated false`
⚠ [7611/7613] Replayed Goldbach.Analytic.NumericSigma
warning: Goldbach/Analytic/NumericSigma.lean:23:32: unused variable `hX`

Note: This linter can be disabled with `set_option linter.unusedVariables false`
✖ [7613/7613] Building Goldbach.BG_Identity (55s)
trace: .> LEAN_PATH=/Users/benjaminnelson/Desktop/nerd shit/goldbach/builds/Goldbach/.lake/packages/Cli/.lake/build/lib/lean:/Users/benjaminnelson/Desktop/nerd shit/goldbach/builds/Goldbach/.lake/packages/batteries/.lake/build/lib/lean:/Users/benjaminnelson/Desktop/nerd shit/goldbach/builds/Goldbach/.lake/packages/Qq/.lake/build/lib/lean:/Users/benjaminnelson/Desktop/nerd shit/goldbach/builds/Goldbach/.lake/packages/aesop/.lake/build/lib/lean:/Users/benjaminnelson/Desktop/nerd shit/goldbach/builds/Goldbach/.lake/packages/proofwidgets/.lake/build/lib/lean:/Users/benjaminnelson/Desktop/nerd shit/goldbach/builds/Goldbach/.lake/packages/importGraph/.lake/build/lib/lean:/Users/benjaminnelson/Desktop/nerd shit/goldbach/builds/Goldbach/.lake/packages/LeanSearchClient/.lake/build/lib/lean:/Users/benjaminnelson/Desktop/nerd shit/goldbach/builds/Goldbach/.lake/packages/plausible/.lake/build/lib/lean:/Users/benjaminnelson/Desktop/nerd shit/goldbach/builds/Goldbach/.lake/packages/mathlib/.lake/build/lib/lean:/Users/benjaminnelson/Desktop/nerd shit/goldbach/builds/Goldbach/.lake/build/lib/lean /Users/benjaminnelson/.elan/toolchains/leanprover--lean4---v4.26.0-rc2/bin/lean /Users/benjaminnelson/Desktop/nerd shit/goldbach/builds/Goldbach/Goldbach/BG_Identity.lean -o /Users/benjaminnelson/Desktop/nerd shit/goldbach/builds/Goldbach/.lake/build/lib/lean/Goldbach/BG_Identity.olean -i /Users/benjaminnelson/Desktop/nerd shit/goldbach/builds/Goldbach/.lake/build/lib/lean/Goldbach/BG_Identity.ilean -c /Users/benjaminnelson/Desktop/nerd shit/goldbach/builds/Goldbach/.lake/build/ir/Goldbach/BG_Identity.c --setup /Users/benjaminnelson/Desktop/nerd shit/goldbach/builds/Goldbach/.lake/build/ir/Goldbach/BG_Identity.setup.json --json
warning: Goldbach/BG_Identity.lean:149:48: This simp argument is unused:
  add_comm

Hint: Omit it from the simp argument list.
  simp [Finset.sum_insert, hk, ih, mul_add, a̵d̵d̵_̵c̵o̵m̵m̵,̵ ̵add_left_comm, add_assoc, mul_comm, mul_left_comm,
  ̲  ̲ ̲ ̲ ̲ ̲ ̲ ̲mul_assoc]

Note: This linter can be disabled with `set_option linter.unusedSimpArgs false`
warning: Goldbach/BG_Identity.lean:149:58: This simp argument is unused:
  add_left_comm

Hint: Omit it from the simp argument list.
  simp [Finset.sum_insert, hk, ih, mul_add, add_comm, a̵d̵d̵_̵l̵e̵f̵t̵_̵c̵o̵m̵m̵,̵add_assoc, mul_comm, mul_left_comm,
  ̲  ̲ ̲ ̲ ̲ ̲ ̲ ̲mul_assoc]

Note: This linter can be disabled with `set_option linter.unusedSimpArgs false`
warning: Goldbach/BG_Identity.lean:150:12: This simp argument is unused:
  add_assoc

Hint: Omit it from the simp argument list.
  simp [Finset.sum_insert, hk, ih, mul_add, add_comm, add_left_comm, a̵d̵d̵_̵a̵s̵s̵o̵c̵,̵ ̵mul_comm, mul_left_comm,
  ̲  ̲ ̲ ̲ ̲ ̲ ̲ ̲mul_assoc]

Note: This linter can be disabled with `set_option linter.unusedSimpArgs false`
warning: Goldbach/BG_Identity.lean:150:23: This simp argument is unused:
  mul_comm

Hint: Omit it from the simp argument list.
  simp [Finset.sum_insert, hk, ih, mul_add, add_comm, add_left_comm, add_assoc, m̵u̵l̵_̵c̵o̵m̵m̵,̵ ̵mul_left_comm,
  ̲  ̲ ̲ ̲ ̲ ̲ ̲ ̲mul_assoc]

Note: This linter can be disabled with `set_option linter.unusedSimpArgs false`
warning: Goldbach/BG_Identity.lean:150:33: This simp argument is unused:
  mul_left_comm

Hint: Omit it from the simp argument list.
  simp [Finset.sum_insert, hk, ih, mul_add, add_comm, add_left_comm, add_assoc, mul_comm,
  ̲  ̲ ̲ ̲ ̲ ̲ ̲ ̲m̵u̵l̵_̵l̵e̵f̵t̵_̵c̵o̵m̵m̵,̵ ̵mul_assoc]

Note: This linter can be disabled with `set_option linter.unusedSimpArgs false`
warning: Goldbach/BG_Identity.lean:150:48: This simp argument is unused:
  mul_assoc

Hint: Omit it from the simp argument list.
  simp [Finset.sum_insert, hk, ih, mul_add, add_comm, add_left_comm, add_assoc, mul_comm,
  ̲  ̲ ̲ ̲ ̲ ̲ ̲ ̲m̵u̵l̵_̵l̵e̵f̵t̵_̵c̵o̵m̵m̵,̵ ̵m̵u̵l̵_̵a̵s̵s̵o̵c̵]̵m̲u̲l̲_̲l̲e̲f̲t̲_̲c̲o̲m̲m̲]̲

Note: This linter can be disabled with `set_option linter.unusedSimpArgs false`
error: Goldbach/BG_Identity.lean:219:15: Unknown constant `Int.natAbs_ofNat`
error: Goldbach/BG_Identity.lean:220:21: Unknown constant `Int.natAbs_ofNat`
error: Goldbach/BG_Identity.lean:197:76: unsolved goals
m : ℕ
hm : m ≤ Ucut
hnonneg : 0 ≤ 1 - ↑m / ↑Ucut
hmax : max (1 - ↑m / ↑Ucut) 0 = 1 - ↑m / ↑Ucut
hbranch : max (1 - ↑(Int.ofNat m).natAbs / ↑Ucut) 0 = 1 - ↑(Int.ofNat m).natAbs / ↑Ucut
⊢ max (1 - ↑m / (↑H + ↑((H + 99) / 100))) 0 / (↑H + ↑((H + 99) / 100)) =
    (1 - ↑m / (↑H + ↑((H + 99) / 100))) / (↑H + ↑((H + 99) / 100))
warning: Goldbach/BG_Identity.lean:204:12: This simp argument is unused:
  hU

Hint: Omit it from the simp argument list.
  simp [hU̵,̵ ̵h̵m0]

Note: This linter can be disabled with `set_option linter.unusedSimpArgs false`
warning: Goldbach/BG_Identity.lean:220:8: This simp argument is unused:
  hbranch

Hint: Omit it from the simp argument list.
  simp [h̵b̵r̵a̵n̵c̵h̵,̵ ̵Int.natAbs_ofNat]

Note: This linter can be disabled with `set_option linter.unusedSimpArgs false`
warning: Goldbach/BG_Identity.lean:246:10: This simp argument is unused:
  Finset.sum_insert

Hint: Omit it from the simp argument list.
  simp [̵F̵i̵n̵s̵e̵t̵.̵s̵u̵m̵_̵i̵n̵s̵e̵r̵t̵,̵ ̵h̵a̵,̵[̲h̲a̲,̲ ih, mul_add, add_comm, add_left_comm, add_assoc, mul_comm, mul_left_comm, mul_assoc]

Note: This linter can be disabled with `set_option linter.unusedSimpArgs false`
warning: Goldbach/BG_Identity.lean:246:33: This simp argument is unused:
  ih

Hint: Omit it from the simp argument list.
  simp [Finset.sum_insert, ha, i̵h̵,̵ ̵mul_add, add_comm, add_left_comm,
  ̵  ̵ ̵ ̵ ̵ ̵ ̵ ̵ ̵ ̵add_assoc, mul_comm,
  ̲  ̲ ̲ ̲ ̲ ̲mul_left_comm, mul_assoc]

Note: This linter can be disabled with `set_option linter.unusedSimpArgs false`
warning: Goldbach/BG_Identity.lean:246:56: This simp argument is unused:
  add_left_comm

Hint: Omit it from the simp argument list.
  simp [Finset.sum_insert, ha, ih, mul_add, add_comm, a̵d̵d̵_̵l̵e̵f̵t̵_̵c̵o̵m̵m̵,̵add_assoc, mul_comm, mul_left_comm,
  ̲  ̲ ̲ ̲ ̲ ̲mul_assoc]

Note: This linter can be disabled with `set_option linter.unusedSimpArgs false`
warning: Goldbach/BG_Identity.lean:247:10: This simp argument is unused:
  add_assoc

Hint: Omit it from the simp argument list.
  simp [Finset.sum_insert, ha, ih, mul_add, add_comm, add_left_comm, a̵d̵d̵_̵a̵s̵s̵o̵c̵,̵ ̵mul_comm, mul_left_comm,
  ̲  ̲ ̲ ̲ ̲ ̲mul_assoc]

Note: This linter can be disabled with `set_option linter.unusedSimpArgs false`
warning: Goldbach/BG_Identity.lean:247:31: This simp argument is unused:
  mul_left_comm

Hint: Omit it from the simp argument list.
  simp [Finset.sum_insert, ha, ih, mul_add, add_comm, add_left_comm, add_assoc, mul_comm,
  ̲  ̲ ̲ ̲ ̲ ̲m̵u̵l̵_̵l̵e̵f̵t̵_̵c̵o̵m̵m̵,̵ ̵mul_assoc]

Note: This linter can be disabled with `set_option linter.unusedSimpArgs false`
warning: Goldbach/BG_Identity.lean:247:46: This simp argument is unused:
  mul_assoc

Hint: Omit it from the simp argument list.
  simp [Finset.sum_insert, ha, ih, mul_add, add_comm, add_left_comm, add_assoc, mul_comm,
  ̲  ̲ ̲ ̲ ̲ ̲m̵u̵l̵_̵l̵e̵f̵t̵_̵c̵o̵m̵m̵,̵ ̵m̵u̵l̵_̵a̵s̵s̵o̵c̵]̵m̲u̲l̲_̲l̲e̲f̲t̲_̲c̲o̲m̲m̲]̲

Note: This linter can be disabled with `set_option linter.unusedSimpArgs false`
warning: Goldbach/BG_Identity.lean:278:10: try 'simp' instead of 'simpa'

Note: This linter can be disabled with `set_option linter.unnecessarySimpa false`
warning: Goldbach/BG_Identity.lean:285:10: try 'simp' instead of 'simpa'

Note: This linter can be disabled with `set_option linter.unnecessarySimpa false`
error: Goldbach/BG_Identity.lean:268:2: unsolved goals
case h.mpr
n : ℕ
z : ℤ
hz : z ∈ Finset.Icc (-↑n) ↑n
hI : -↑n ≤ z ∧ z ≤ ↑n
hz_ne_pos : z ≠ ↑n.succ
hz_ne_neg : z ≠ -↑n.succ
hzI' : z ∈ Finset.Icc (-↑n.succ) ↑n.succ
⊢ -1 < z + ↑n ∧ z < ↑n + 1
warning: Goldbach/BG_Identity.lean:292:10: This simp argument is unused:
  Finset.mem_erase

Hint: Omit it from the simp argument list.
  simp [F̵i̵n̵s̵e̵t̵.̵m̵e̵m̵_̵e̵r̵a̵s̵e̵,̵ ̵hz_ne_pos, hz_ne_neg, hzI']

Note: This linter can be disabled with `set_option linter.unusedSimpArgs false`
warning: Goldbach/BG_Identity.lean:292:28: This simp argument is unused:
  hz_ne_pos

Hint: Omit it from the simp argument list.
  simp [Finset.mem_erase, h̵z̵_̵n̵e̵_̵p̵o̵s̵,̵ ̵hz_ne_neg, hzI']

Note: This linter can be disabled with `set_option linter.unusedSimpArgs false`
warning: Goldbach/BG_Identity.lean:292:39: This simp argument is unused:
  hz_ne_neg

Hint: Omit it from the simp argument list.
  simp [Finset.mem_erase, hz_ne_pos, hz_̵n̵e̵_̵n̵e̵g̵,̵ ̵h̵z̵I']

Note: This linter can be disabled with `set_option linter.unusedSimpArgs false`
warning: Goldbach/BG_Identity.lean:292:50: This simp argument is unused:
  hzI'

Hint: Omit it from the simp argument list.
  simp [Finset.mem_erase, hz_ne_pos, hz_ne_neg,̵ ̵h̵z̵I̵'̵]

Note: This linter can be disabled with `set_option linter.unusedSimpArgs false`
error: Goldbach/BG_Identity.lean:340:8: Type mismatch: After simplification, term
  hstep2
 has type
  f (-↑n + -1) + ∑ x ∈ (s.erase (↑n + 1)).erase (-↑n + -1), f x = ∑ x ∈ s.erase (↑n + 1), f x
but is expected to have type
  ∑ x ∈ s.erase (↑n + 1), f x = f (-↑n + -1) + ∑ x ∈ (s.erase (↑n + 1)).erase (-↑n + -1), f x
warning: Goldbach/BG_Identity.lean:354:13: `Finset.range_succ` has been deprecated: Use `Finset.range_add_one` instead
warning: Goldbach/BG_Identity.lean:354:6: try 'simp' instead of 'simpa'

Note: This linter can be disabled with `set_option linter.unnecessarySimpa false`
warning: Goldbach/BG_Identity.lean:366:23: `Int.ofNat_eq_coe` has been deprecated: Use `Int.ofNat_eq_natCast` instead
error: Goldbach/BG_Identity.lean:369:12: Tactic `assumption` failed

f : ℤ → ℝ
hEven : ∀ (z : ℤ), f (-z) = f z
n : ℕ
ih : (Finset.Icc (-↑n) ↑n).sum f = f 0 + 2 * ∑ k ∈ Finset.range n, f (Int.ofNat k.succ)
s : Finset ℤ := Finset.Icc (-↑n.succ) ↑n.succ
s0 : Finset ℤ := s.erase ↑n.succ
s1 : Finset ℤ := s0.erase (-↑n.succ)
hmem_pos : ↑n.succ ∈ s
hmem_neg : -↑n.succ ∈ s
hmem_neg_s0 : -↑n.succ ∈ s0
hstep1 : ∑ x ∈ s.erase ↑n.succ, f x + f ↑n.succ = ∑ x ∈ s, f x
hstep2 : ∑ x ∈ s0.erase (-↑n.succ), f x + f (-↑n.succ) = ∑ x ∈ s0, f x
hs1 : s1 = Finset.Icc (-↑n) ↑n
this✝ : s.sum f = s1.sum f + f (-↑n.succ) + f ↑n.succ
hIH : (Finset.Icc (-↑n) ↑n).sum f = f 0 + 2 * ∑ k ∈ Finset.range n, f (Int.ofNat k.succ)
hrange :
  ∑ k ∈ Finset.range n.succ, f (Int.ofNat k.succ) = ∑ k ∈ Finset.range n, f (Int.ofNat k.succ) + f (Int.ofNat n.succ)
this : s.sum f = (Finset.Icc (-↑n) ↑n).sum f + f (↑n + 1) + f (-1 + -↑n)
⊢ ∑ x ∈ Finset.range n, f (↑x + 1) + f (↑n + 1) = ∑ x ∈ Finset.range (n + 1), f (↑x + 1)
error: Goldbach/BG_Identity.lean:393:6: Type mismatch: After simplification, term
  this
 has type
  True
but is expected to have type
  ↑n + 2 = ↑n + 1 + 1 ∨ ↑n + 1 = 0
error: Goldbach/BG_Identity.lean:378:2: unsolved goals
case succ
n : ℕ
ih : ∑ k ∈ Finset.range n, ↑k.succ = ↑n * (↑n + 1) / 2
h : ∑ x ∈ Finset.range (n + 1), ↑x.succ = ∑ x ∈ Finset.range n, ↑x.succ + ↑n.succ
h' : ∑ k ∈ Finset.range n.succ, ↑k.succ = ∑ k ∈ Finset.range n, ↑k.succ + ↑n.succ
h'' : ↑n * (↑n + 1) / 2 + ↑n.succ = ↑n.succ * (↑n.succ + 1) / 2
⊢ ∑ k ∈ Finset.range (n + 1), ↑k.succ = ↑(n + 1) * (↑(n + 1) + 1) / 2
error: Goldbach/BG_Identity.lean:394:2: No goals to be solved
error: Goldbach/BG_Identity.lean:399:76: Application type mismatch: The argument
  hU0
has type
  U ≠ 0
of sort `Prop` but is expected to have type
  ?m.61
of sort `Type ?u.7892` in the application
  inv_mul_cancel hU0
error: Goldbach/BG_Identity.lean:403:26: Tactic `assumption` failed

U : ℝ
hU0 : U ≠ 0
hcancel : 1 / U * U = 1
⊢ U⁻¹ * U * ((U + 1) / 2) = (U + 1) / 2
warning: Goldbach/BG_Identity.lean:418:44: try 'simp' instead of 'simpa'

Note: This linter can be disabled with `set_option linter.unnecessarySimpa false`
warning: Goldbach/BG_Identity.lean:421:50: This simp argument is unused:
  add_comm

Hint: Omit it from the simp argument list.
  simp [h₁, h₂, Finset.sum_insert, ha, mul_add, add_c̵o̵m̵m̵,̵ ̵a̵d̵d̵_̵left_comm, add_assoc]

Note: This linter can be disabled with `set_option linter.unusedSimpArgs false`
warning: Goldbach/BG_Identity.lean:421:60: This simp argument is unused:
  add_left_comm

Hint: Omit it from the simp argument list.
  simp [h₁, h₂, Finset.sum_insert, ha, mul_add, add_comm, a̵d̵d̵_̵l̵e̵f̵t̵_̵c̵o̵m̵m̵,̵ ̵add_assoc]

Note: This linter can be disabled with `set_option linter.unusedSimpArgs false`
warning: Goldbach/BG_Identity.lean:421:75: This simp argument is unused:
  add_assoc

Hint: Omit it from the simp argument list.
  simp [h₁, h₂, Finset.sum_insert, ha, mul_add, add_comm, add_left_comm,̵ ̵a̵d̵d̵_̵a̵s̵s̵o̵c̵]

Note: This linter can be disabled with `set_option linter.unusedSimpArgs false`
warning: Goldbach/BG_Identity.lean:430:46: This simp argument is unused:
  add_comm

Hint: Omit it from the simp argument list.
  simp [Finset.sum_insert, hb, ih, mul_add, add_c̵o̵m̵m̵,̵ ̵a̵d̵d̵_̵left_comm, add_assoc]

Note: This linter can be disabled with `set_option linter.unusedSimpArgs false`
warning: Goldbach/BG_Identity.lean:430:56: This simp argument is unused:
  add_left_comm

Hint: Omit it from the simp argument list.
  simp [Finset.sum_insert, hb, ih, mul_add, add_comm, a̵d̵d̵_̵l̵e̵f̵t̵_̵c̵o̵m̵m̵,̵ ̵add_assoc]

Note: This linter can be disabled with `set_option linter.unusedSimpArgs false`
warning: Goldbach/BG_Identity.lean:430:71: This simp argument is unused:
  add_assoc

Hint: Omit it from the simp argument list.
  simp [Finset.sum_insert, hb, ih, mul_add, add_comm, add_left_comm,̵ ̵a̵d̵d̵_̵a̵s̵s̵o̵c̵]

Note: This linter can be disabled with `set_option linter.unusedSimpArgs false`
warning: Goldbach/BG_Identity.lean:526:6: declaration uses 'sorry'
warning: Goldbach/BG_Identity.lean:548:4: try 'simp' instead of 'simpa'

Note: This linter can be disabled with `set_option linter.unnecessarySimpa false`
warning: Goldbach/BG_Identity.lean:571:25: try 'simp' instead of 'simpa'

Note: This linter can be disabled with `set_option linter.unnecessarySimpa false`
warning: Goldbach/BG_Identity.lean:614:6: declaration uses 'sorry'
warning: Goldbach/BG_Identity.lean:651:15: unused variable `hX`

Note: This linter can be disabled with `set_option linter.unusedVariables false`
warning: Goldbach/BG_Identity.lean:652:5: unused variable `hN`

Note: This linter can be disabled with `set_option linter.unusedVariables false`
warning: Goldbach/BG_Identity.lean:684:5: unused variable `hk`

Note: This linter can be disabled with `set_option linter.unusedVariables false`
warning: Goldbach/BG_Identity.lean:709:28: This simp argument is unused:
  hUpos.ne'

Hint: Omit it from the simp argument list.
  s̵i̵m̵p̵ ̵[̵K̵_̵f̵u̵l̵l̵,̵ ̵K̵_̵f̵u̵l̵l̵_̵r̵a̵w̵,̵ ̵h̵U̵p̵o̵s̵.̵n̵e̵'̵]̵ ̵a̵t̵ ̵*̵s̲i̲m̲p̲ ̲[̲K̲_̲f̲u̲l̲l̲,̲
  ̲ ̲ ̲ ̲ ̲K̲_̲f̲u̲l̲l̲_̲r̲a̲w̲]̲ ̲a̲t̲ ̲*̲
  ̲ ̲ ̲ ̲ ̲ ̲ ̲-̲-̲ ̲a̲f̲t̲e̲r̲ ̲s̲i̲m̲p̲,̲ ̲g̲o̲a̲l̲ ̲b̲e̲c̲o̲m̲e̲s̲ ̲`̲0̲ ̲<̲ ̲1̲ ̲/̲ ̲(̲U̲c̲u̲t̲:̲ℝ̲)̲`̲
  ̲ ̲ ̲ ̲ ̲ ̲ ̲

Note: This linter can be disabled with `set_option linter.unusedSimpArgs false`
warning: Goldbach/BG_Identity.lean:734:5: unused variable `h`

Note: This linter can be disabled with `set_option linter.unusedVariables false`
warning: Goldbach/BG_Identity.lean:741:5: unused variable `h`

Note: This linter can be disabled with `set_option linter.unusedVariables false`
warning: Goldbach/BG_Identity.lean:757:25: unused variable `X`

Note: This linter can be disabled with `set_option linter.unusedVariables false`
warning: Goldbach/BG_Identity.lean:757:27: unused variable `N`

Note: This linter can be disabled with `set_option linter.unusedVariables false`
warning: Goldbach/BG_Identity.lean:781:5: unused variable `h`

Note: This linter can be disabled with `set_option linter.unusedVariables false`
warning: Goldbach/BG_Identity.lean:807:8: try 'simp' instead of 'simpa'

Note: This linter can be disabled with `set_option linter.unnecessarySimpa false`
warning: Goldbach/BG_Identity.lean:808:6: try 'simp' instead of 'simpa'

Note: This linter can be disabled with `set_option linter.unnecessarySimpa false`
warning: Goldbach/BG_Identity.lean:837:34: unused variable `hk`

Note: This linter can be disabled with `set_option linter.unusedVariables false`
warning: Goldbach/BG_Identity.lean:841:35: unused variable `hk`

Note: This linter can be disabled with `set_option linter.unusedVariables false`
warning: Goldbach/BG_Identity.lean:942:6: declaration uses 'sorry'
error: Goldbach/BG_Identity.lean:1007:14: maximum recursion depth has been reached
use `set_option maxRecDepth <num>` to increase limit
use `set_option diagnostics true` to get diagnostic information
error: Goldbach/BG_Identity.lean:1055:12: maximum recursion depth has been reached
use `set_option maxRecDepth <num>` to increase limit
use `set_option diagnostics true` to get diagnostic information
error: Goldbach/BG_Identity.lean:1065:10: maximum recursion depth has been reached
use `set_option maxRecDepth <num>` to increase limit
use `set_option diagnostics true` to get diagnostic information
warning: Goldbach/BG_Identity.lean:1135:5: unused variable `h`

Note: This linter can be disabled with `set_option linter.unusedVariables false`
warning: Goldbach/BG_Identity.lean:1169:54: try 'simp' instead of 'simpa'

Note: This linter can be disabled with `set_option linter.unnecessarySimpa false`
warning: Goldbach/BG_Identity.lean:1157:10: This simp argument is unused:
  Pref_of

Hint: Omit it from the simp argument list.
  simp [P̵r̵e̵f̵_̵o̵f̵,̵ ̵hk]

Note: This linter can be disabled with `set_option linter.unusedSimpArgs false`
warning: Goldbach/BG_Identity.lean:1199:8: try 'simp' instead of 'simpa'

Note: This linter can be disabled with `set_option linter.unnecessarySimpa false`
warning: Goldbach/BG_Identity.lean:1200:6: try 'simp' instead of 'simpa'

Note: This linter can be disabled with `set_option linter.unnecessarySimpa false`
error: Goldbach/BG_Identity.lean:1268:16: maximum recursion depth has been reached
use `set_option maxRecDepth <num>` to increase limit
use `set_option diagnostics true` to get diagnostic information
error: Goldbach/BG_Identity.lean:1283:18: maximum recursion depth has been reached
use `set_option maxRecDepth <num>` to increase limit
use `set_option diagnostics true` to get diagnostic information
error: Goldbach/BG_Identity.lean:1295:16: No goals to be solved
error: Goldbach/BG_Identity.lean:1307:4: maximum recursion depth has been reached
use `set_option maxRecDepth <num>` to increase limit
use `set_option diagnostics true` to get diagnostic information
error: Goldbach/BG_Identity.lean:1325:12: maximum recursion depth has been reached
use `set_option maxRecDepth <num>` to increase limit
use `set_option diagnostics true` to get diagnostic information
error: Goldbach/BG_Identity.lean:1331:12: maximum recursion depth has been reached
use `set_option maxRecDepth <num>` to increase limit
use `set_option diagnostics true` to get diagnostic information
error: Goldbach/BG_Identity.lean:1332:2: maximum recursion depth has been reached
use `set_option maxRecDepth <num>` to increase limit
use `set_option diagnostics true` to get diagnostic information
warning: Goldbach/BG_Identity.lean:1334:6: declaration uses 'sorry'
error: Goldbach/BG_Identity.lean:1380:21: maximum recursion depth has been reached
use `set_option maxRecDepth <num>` to increase limit
use `set_option diagnostics true` to get diagnostic information
warning: Goldbach/BG_Identity.lean:1408:28: unused variable `X`

Note: This linter can be disabled with `set_option linter.unusedVariables false`
warning: Goldbach/BG_Identity.lean:1408:30: unused variable `N`

Note: This linter can be disabled with `set_option linter.unusedVariables false`
warning: Goldbach/BG_Identity.lean:1409:28: unused variable `X`

Note: This linter can be disabled with `set_option linter.unusedVariables false`
warning: Goldbach/BG_Identity.lean:1409:30: unused variable `N`

Note: This linter can be disabled with `set_option linter.unusedVariables false`
error: Goldbach/BG_Identity.lean:1435:21: maximum recursion depth has been reached
use `set_option maxRecDepth <num>` to increase limit
use `set_option diagnostics true` to get diagnostic information
error: Lean exited with code 1
Some required targets logged failures:
- Goldbach.BG_Identity
error: build failed
⚠ [7587/7613] Replayed Goldbach.Compat
warning: Goldbach/Compat.lean:18:2: try 'simp' instead of 'simpa'

Note: This linter can be disabled with `set_option linter.unnecessarySimpa false`
warning: Goldbach/Compat.lean:24:40: unused variable `hb`

Note: This linter can be disabled with `set_option linter.unusedVariables false`
warning: Goldbach/Compat.lean:50:4: try 'simp' instead of 'simpa'

Note: This linter can be disabled with `set_option linter.unnecessarySimpa false`
⚠ [7590/7613] Replayed Goldbach.Windows
warning: Goldbach/Windows.lean:63:4: try 'simp' instead of 'simpa'

Note: This linter can be disabled with `set_option linter.unnecessarySimpa false`
warning: Goldbach/Windows.lean:68:2: try 'simp' instead of 'simpa'

Note: This linter can be disabled with `set_option linter.unnecessarySimpa false`
warning: Goldbach/Windows.lean:68:38: this tactic is never executed

Note: This linter can be disabled with `set_option linter.unreachableTactic false`
warning: Goldbach/Windows.lean:68:38: 'simpa using hmap' tactic does nothing

Note: This linter can be disabled with `set_option linter.unusedTactic false`
⚠ [7595/7613] Replayed Goldbach.AO_AssembleEnvelope
warning: Goldbach/AO_AssembleEnvelope.lean:67:20: try 'simp' instead of 'simpa'

Note: This linter can be disabled with `set_option linter.unnecessarySimpa false`
⚠ [7597/7613] Replayed Goldbach.AO_Major
warning: Goldbach/AO_Major.lean:21:13: unused variable `hX`

Note: This linter can be disabled with `set_option linter.unusedVariables false`
warning: Goldbach/AO_Major.lean:21:35: unused variable `hN`

Note: This linter can be disabled with `set_option linter.unusedVariables false`
warning: Goldbach/AO_Major.lean:25:24: This simp argument is unused:
  add_assoc

Hint: Omit it from the simp argument list.
  simp [Goldbach.AO_Major.errAO, Goldbach.AO_Major.weight_mass, Goldbach.AO_Core.errAO,
       ̵ ̵ ̵ ̵sub_eq_add_neg, add_a̵s̵s̵o̵c̵,̵ ̵a̵d̵d̵_̵left_comm, add_comm, mul_assoc]

Note: This linter can be disabled with `set_option linter.unusedSimpArgs false`
warning: Goldbach/AO_Major.lean:25:60: This simp argument is unused:
  mul_assoc

Hint: Omit it from the simp argument list.
  simp [Goldbach.AO_Major.errAO, Goldbach.AO_Major.weight_mass, Goldbach.AO_Core.errAO,
       ̵ ̵ ̵ ̵sub_eq_add_neg, add_assoc, add_left_comm, add_comm,̵ ̵m̵u̵l̵_̵a̵s̵s̵o̵c̵]

Note: This linter can be disabled with `set_option linter.unusedSimpArgs false`
warning: Goldbach/AO_Major.lean:46:5: unused variable `h`

Note: This linter can be disabled with `set_option linter.unusedVariables false`
warning: Goldbach/AO_Major.lean:58:24: This simp argument is unused:
  dif_pos

Hint: Omit it from the simp argument list.
  simp only [MPDF, win, d̵i̵f̵_̵p̵o̵s̵,̵ ̵mul_div_assoc']

Note: This linter can be disabled with `set_option linter.unusedSimpArgs false`
warning: Goldbach/AO_Major.lean:58:33: This simp argument is unused:
  mul_div_assoc'

Hint: Omit it from the simp argument list.
  simp only [MPDF, win, dif_pos,̵ ̵m̵u̵l̵_̵d̵i̵v̵_̵a̵s̵s̵o̵c̵'̵]

Note: This linter can be disabled with `set_option linter.unusedSimpArgs false`
warning: Goldbach/AO_Major.lean:81:69: try 'simp' instead of 'simpa'

Note: This linter can be disabled with `set_option linter.unnecessarySimpa false`
warning: Goldbach/AO_Major.lean:82:68: try 'simp' instead of 'simpa'

Note: This linter can be disabled with `set_option linter.unnecessarySimpa false`
warning: Goldbach/AO_Major.lean:83:68: try 'simp' instead of 'simpa'

Note: This linter can be disabled with `set_option linter.unnecessarySimpa false`
warning: Goldbach/AO_Major.lean:85:90: This simp argument is unused:
  add_assoc

Hint: Omit it from the simp argument list.
  simp [sub_eq_add_neg,̵ ̵a̵d̵d̵_̵a̵s̵s̵o̵c̵]

Note: This linter can be disabled with `set_option linter.unusedSimpArgs false`
warning: Goldbach/AO_Major.lean:101:24: This simp argument is unused:
  dif_pos

Hint: Omit it from the simp argument list.
  simp only [MPDF, win,̵ ̵d̵i̵f̵_̵p̵o̵s̵]

Note: This linter can be disabled with `set_option linter.unusedSimpArgs false`
⚠ [7599/7613] Replayed Goldbach.BG_Bank
warning: Goldbach/BG_Bank.lean:13:25: unused variable `n`

Note: This linter can be disabled with `set_option linter.unusedVariables false`
warning: Goldbach/BG_Bank.lean:75:4: try 'simp' instead of 'simpa'

Note: This linter can be disabled with `set_option linter.unnecessarySimpa false`
warning: Goldbach/BG_Bank.lean:75:25: this tactic is never executed

Note: This linter can be disabled with `set_option linter.unreachableTactic false`
warning: Goldbach/BG_Bank.lean:75:25: 'decide' tactic does nothing

Note: This linter can be disabled with `set_option linter.unusedTactic false`
warning: Goldbach/BG_Bank.lean:288:14: try 'simp' instead of 'simpa'

Note: This linter can be disabled with `set_option linter.unnecessarySimpa false`
warning: Goldbach/BG_Bank.lean:188:42: This simp argument is unused:
  Nat.cast_sub hn_le

Hint: Omit it from the simp argument list.
  simp only [Nat.cast_succ,̵ ̵N̵a̵t̵.̵c̵a̵s̵t̵_̵s̵u̵b̵ ̵h̵n̵_̵l̵e̵]

Note: This linter can be disabled with `set_option linter.unusedSimpArgs false`
warning: Goldbach/BG_Bank.lean:194:24: This simp argument is unused:
  abs_of_nonneg hlog_Nm_nn

Hint: Omit it from the simp argument list.
  simp [hp,̵ ̵a̵b̵s̵_̵o̵f̵_̵n̵o̵n̵n̵e̵g̵ ̵h̵l̵o̵g̵_̵N̵m̵_̵n̵n̵]

Note: This linter can be disabled with `set_option linter.unusedSimpArgs false`
warning: Goldbach/BG_Bank.lean:202:24: This simp argument is unused:
  abs_of_nonneg hlog_Np1_nn

Hint: Omit it from the simp argument list.
  simp [hp,̵ ̵a̵b̵s̵_̵o̵f̵_̵n̵o̵n̵n̵e̵g̵ ̵h̵l̵o̵g̵_̵N̵p̵1̵_̵n̵n̵]

Note: This linter can be disabled with `set_option linter.unusedSimpArgs false`
warning: Goldbach/BG_Bank.lean:218:46: This simp argument is unused:
  mul_comm

Hint: Omit it from the simp argument list.
  simp [abs_mul, mul_assoc, m̵u̵l̵_̵c̵o̵m̵m̵,̵ ̵mul_left_comm]

Note: This linter can be disabled with `set_option linter.unusedSimpArgs false`
warning: Goldbach/BG_Bank.lean:326:20: This simp argument is unused:
  hlogXabs

Hint: Omit it from the simp argument list.
  simp [h̵l̵o̵g̵X̵a̵b̵s̵,̵ ̵mul_comm, mul_left_comm, mul_assoc]

Note: This linter can be disabled with `set_option linter.unusedSimpArgs false`
warning: Goldbach/BG_Bank.lean:326:30: This simp argument is unused:
  mul_comm

Hint: Omit it from the simp argument list.
  simp [hlogXabs, m̵u̵l̵_̵c̵o̵m̵m̵,̵ ̵mul_left_comm, mul_assoc]

Note: This linter can be disabled with `set_option linter.unusedSimpArgs false`
warning: Goldbach/BG_Bank.lean:403:14: try 'simp' instead of 'simpa'

Note: This linter can be disabled with `set_option linter.unnecessarySimpa false`
warning: Goldbach/BG_Bank.lean:405:14: try 'simp' instead of 'simpa'

Note: This linter can be disabled with `set_option linter.unnecessarySimpa false`
warning: Goldbach/BG_Bank.lean:407:40: This simp argument is unused:
  add_comm

Hint: Omit it from the simp argument list.
  simp [div_self, hlogX_ne, add_c̵o̵m̵m̵,̵ ̵a̵d̵d̵_̵left_comm, add_assoc]

Note: This linter can be disabled with `set_option linter.unusedSimpArgs false`
warning: Goldbach/BG_Bank.lean:407:50: This simp argument is unused:
  add_left_comm

Hint: Omit it from the simp argument list.
  simp [div_self, hlogX_ne, add_comm, a̵d̵d̵_̵l̵e̵f̵t̵_̵c̵o̵m̵m̵,̵ ̵add_assoc]

Note: This linter can be disabled with `set_option linter.unusedSimpArgs false`
warning: Goldbach/BG_Bank.lean:407:65: This simp argument is unused:
  add_assoc

Hint: Omit it from the simp argument list.
  simp [div_self, hlogX_ne, add_comm, add_left_comm,̵ ̵a̵d̵d̵_̵a̵s̵s̵o̵c̵]

Note: This linter can be disabled with `set_option linter.unusedSimpArgs false`
warning: Goldbach/BG_Bank.lean:547:63: try 'simp' instead of 'simpa'

Note: This linter can be disabled with `set_option linter.unnecessarySimpa false`
warning: Goldbach/BG_Bank.lean:550:47: This simp argument is unused:
  add_comm

Hint: Omit it from the simp argument list.
  simp [add_div, div_self, hlogX_ne, add_c̵o̵m̵m̵,̵ ̵a̵d̵d̵_̵left_comm, add_assoc]

Note: This linter can be disabled with `set_option linter.unusedSimpArgs false`
warning: Goldbach/BG_Bank.lean:550:57: This simp argument is unused:
  add_left_comm

Hint: Omit it from the simp argument list.
  simp [add_div, div_self, hlogX_ne, add_comm, a̵d̵d̵_̵l̵e̵f̵t̵_̵c̵o̵m̵m̵,̵ ̵add_assoc]

Note: This linter can be disabled with `set_option linter.unusedSimpArgs false`
warning: Goldbach/BG_Bank.lean:550:72: This simp argument is unused:
  add_assoc

Hint: Omit it from the simp argument list.
  simp [add_div, div_self, hlogX_ne, add_comm, add_left_comm,̵ ̵a̵d̵d̵_̵a̵s̵s̵o̵c̵]

Note: This linter can be disabled with `set_option linter.unusedSimpArgs false`
warning: Goldbach/BG_Bank.lean:559:56: This simp argument is unused:
  add_left_comm

Hint: Omit it from the simp argument list.
  simp [c, Nat.cast_add, Nat.cast_one, add_assoc, a̵d̵d̵_̵l̵e̵f̵t̵_̵c̵o̵m̵m̵,̵ ̵add_comm, add_div, div_self hX0_ne]

Note: This linter can be disabled with `set_option linter.unusedSimpArgs false`
⚠ [7600/7613] Replayed Goldbach.BG_Operator
warning: Goldbach/BG_Operator.lean:31:2: try 'simp' instead of 'simpa'

Note: This linter can be disabled with `set_option linter.unnecessarySimpa false`
warning: Goldbach/BG_Operator.lean:98:2: try 'simp' instead of 'simpa'

Note: This linter can be disabled with `set_option linter.unnecessarySimpa false`
⚠ [7602/7613] Replayed Goldbach.SingularSeries
warning: Goldbach/SingularSeries.lean:40:5: unused variable `h`

Note: This linter can be disabled with `set_option linter.unusedVariables false`
warning: Goldbach/SingularSeries.lean:88:8: `Finset.eq_empty_iff_forall_not_mem` has been deprecated: Use `Finset.eq_empty_iff_forall_notMem` instead
warning: Goldbach/SingularSeries.lean:98:4: try 'simp' instead of 'simpa'

Note: This linter can be disabled with `set_option linter.unnecessarySimpa false`
warning: Goldbach/SingularSeries.lean:99:28: this tactic is never executed

Note: This linter can be disabled with `set_option linter.unreachableTactic false`
warning: Goldbach/SingularSeries.lean:99:57: this tactic is never executed

Note: This linter can be disabled with `set_option linter.unreachableTactic false`
warning: Goldbach/SingularSeries.lean:99:28: 'decide' tactic does nothing

Note: This linter can be disabled with `set_option linter.unusedTactic false`
warning: Goldbach/SingularSeries.lean:99:57: 'decide' tactic does nothing

Note: This linter can be disabled with `set_option linter.unusedTactic false`
⚠ [7604/7613] Replayed Goldbach.PPNumerics
warning: Goldbach/PPNumerics.lean:24:42: try 'simp' instead of 'simpa'

Note: This linter can be disabled with `set_option linter.unnecessarySimpa false`
warning: Goldbach/PPNumerics.lean:27:6: try 'simp' instead of 'simpa'

Note: This linter can be disabled with `set_option linter.unnecessarySimpa false`
⚠ [7605/7613] Replayed Goldbach.PPBoundSquares
warning: Goldbach/PPBoundSquares.lean:41:8: try 'simp' instead of 'simpa'

Note: This linter can be disabled with `set_option linter.unnecessarySimpa false`
warning: Goldbach/PPBoundSquares.lean:228:10: try 'simp' instead of 'simpa'

Note: This linter can be disabled with `set_option linter.unnecessarySimpa false`
⚠ [7607/7613] Replayed Goldbach.AnalyticGlobal
warning: Goldbach/AnalyticGlobal.lean:65:28: This simp argument is unused:
  one_div

Hint: Omit it from the simp argument list.
  simp [div_eq_mul_inv, o̵n̵e̵_̵d̵i̵v̵,̵ ̵mul_comm]

Note: This linter can be disabled with `set_option linter.unusedSimpArgs false`
warning: Goldbach/AnalyticGlobal.lean:68:30: This simp argument is unused:
  one_div

Hint: Omit it from the simp argument list.
  simp [div_eq_mul_inv, o̵n̵e̵_̵d̵i̵v̵,̵ ̵mul_comm]

Note: This linter can be disabled with `set_option linter.unusedSimpArgs false`
warning: Goldbach/AnalyticGlobal.lean:70:39: This simp argument is unused:
  mul_left_comm

Hint: Omit it from the simp argument list.
  simp [one_div, S_ne, mul_comm, mul_l̵e̵f̵t̵_̵c̵o̵m̵m̵,̵ ̵m̵u̵l̵_̵assoc]

Note: This linter can be disabled with `set_option linter.unusedSimpArgs false`
warning: Goldbach/AnalyticGlobal.lean:70:54: This simp argument is unused:
  mul_assoc

Hint: Omit it from the simp argument list.
  simp [one_div, S_ne, mul_comm, mul_left_comm,̵ ̵m̵u̵l̵_̵a̵s̵s̵o̵c̵]

Note: This linter can be disabled with `set_option linter.unusedSimpArgs false`
⚠ [7608/7613] Replayed Goldbach.BankPieces
warning: Goldbach/BankPieces.lean:15:63: `class ... :=` has been deprecated in favor of `class ... where`.

Note: This linter can be disabled with `set_option linter.deprecated false`
⚠ [7610/7613] Replayed Goldbach.Analytic.MajorBoundFromSigma
warning: Goldbach/Analytic/MajorBoundFromSigma.lean:21:75: `structure ... :=` has been deprecated in favor of `structure ... where`.

Note: This linter can be disabled with `set_option linter.deprecated false`
⚠ [7611/7613] Replayed Goldbach.Analytic.NumericSigma
warning: Goldbach/Analytic/NumericSigma.lean:23:32: unused variable `hX`

Note: This linter can be disabled with `set_option linter.unusedVariables false`
✖ [7613/7613] Building Goldbach.BG_Identity (44s)
trace: .> LEAN_PATH=/Users/benjaminnelson/Desktop/nerd shit/goldbach/builds/Goldbach/.lake/packages/Cli/.lake/build/lib/lean:/Users/benjaminnelson/Desktop/nerd shit/goldbach/builds/Goldbach/.lake/packages/batteries/.lake/build/lib/lean:/Users/benjaminnelson/Desktop/nerd shit/goldbach/builds/Goldbach/.lake/packages/Qq/.lake/build/lib/lean:/Users/benjaminnelson/Desktop/nerd shit/goldbach/builds/Goldbach/.lake/packages/aesop/.lake/build/lib/lean:/Users/benjaminnelson/Desktop/nerd shit/goldbach/builds/Goldbach/.lake/packages/proofwidgets/.lake/build/lib/lean:/Users/benjaminnelson/Desktop/nerd shit/goldbach/builds/Goldbach/.lake/packages/importGraph/.lake/build/lib/lean:/Users/benjaminnelson/Desktop/nerd shit/goldbach/builds/Goldbach/.lake/packages/LeanSearchClient/.lake/build/lib/lean:/Users/benjaminnelson/Desktop/nerd shit/goldbach/builds/Goldbach/.lake/packages/plausible/.lake/build/lib/lean:/Users/benjaminnelson/Desktop/nerd shit/goldbach/builds/Goldbach/.lake/packages/mathlib/.lake/build/lib/lean:/Users/benjaminnelson/Desktop/nerd shit/goldbach/builds/Goldbach/.lake/build/lib/lean /Users/benjaminnelson/.elan/toolchains/leanprover--lean4---v4.26.0-rc2/bin/lean /Users/benjaminnelson/Desktop/nerd shit/goldbach/builds/Goldbach/Goldbach/BG_Identity.lean -o /Users/benjaminnelson/Desktop/nerd shit/goldbach/builds/Goldbach/.lake/build/lib/lean/Goldbach/BG_Identity.olean -i /Users/benjaminnelson/Desktop/nerd shit/goldbach/builds/Goldbach/.lake/build/lib/lean/Goldbach/BG_Identity.ilean -c /Users/benjaminnelson/Desktop/nerd shit/goldbach/builds/Goldbach/.lake/build/ir/Goldbach/BG_Identity.c --setup /Users/benjaminnelson/Desktop/nerd shit/goldbach/builds/Goldbach/.lake/build/ir/Goldbach/BG_Identity.setup.json --json
warning: Goldbach/BG_Identity.lean:149:48: This simp argument is unused:
  add_comm

Hint: Omit it from the simp argument list.
  simp [Finset.sum_insert, hk, ih, mul_add, a̵d̵d̵_̵c̵o̵m̵m̵,̵ ̵add_left_comm, add_assoc, mul_comm, mul_left_comm,
  ̲  ̲ ̲ ̲ ̲ ̲ ̲ ̲mul_assoc]

Note: This linter can be disabled with `set_option linter.unusedSimpArgs false`
warning: Goldbach/BG_Identity.lean:149:58: This simp argument is unused:
  add_left_comm

Hint: Omit it from the simp argument list.
  simp [Finset.sum_insert, hk, ih, mul_add, add_comm, a̵d̵d̵_̵l̵e̵f̵t̵_̵c̵o̵m̵m̵,̵add_assoc, mul_comm, mul_left_comm,
  ̲  ̲ ̲ ̲ ̲ ̲ ̲ ̲mul_assoc]

Note: This linter can be disabled with `set_option linter.unusedSimpArgs false`
warning: Goldbach/BG_Identity.lean:150:12: This simp argument is unused:
  add_assoc

Hint: Omit it from the simp argument list.
  simp [Finset.sum_insert, hk, ih, mul_add, add_comm, add_left_comm, a̵d̵d̵_̵a̵s̵s̵o̵c̵,̵ ̵mul_comm, mul_left_comm,
  ̲  ̲ ̲ ̲ ̲ ̲ ̲ ̲mul_assoc]

Note: This linter can be disabled with `set_option linter.unusedSimpArgs false`
warning: Goldbach/BG_Identity.lean:150:23: This simp argument is unused:
  mul_comm

Hint: Omit it from the simp argument list.
  simp [Finset.sum_insert, hk, ih, mul_add, add_comm, add_left_comm, add_assoc, m̵u̵l̵_̵c̵o̵m̵m̵,̵ ̵mul_left_comm,
  ̲  ̲ ̲ ̲ ̲ ̲ ̲ ̲mul_assoc]

Note: This linter can be disabled with `set_option linter.unusedSimpArgs false`
warning: Goldbach/BG_Identity.lean:150:33: This simp argument is unused:
  mul_left_comm

Hint: Omit it from the simp argument list.
  simp [Finset.sum_insert, hk, ih, mul_add, add_comm, add_left_comm, add_assoc, mul_comm,
  ̲  ̲ ̲ ̲ ̲ ̲ ̲ ̲m̵u̵l̵_̵l̵e̵f̵t̵_̵c̵o̵m̵m̵,̵ ̵mul_assoc]

Note: This linter can be disabled with `set_option linter.unusedSimpArgs false`
warning: Goldbach/BG_Identity.lean:150:48: This simp argument is unused:
  mul_assoc

Hint: Omit it from the simp argument list.
  simp [Finset.sum_insert, hk, ih, mul_add, add_comm, add_left_comm, add_assoc, mul_comm,
  ̲  ̲ ̲ ̲ ̲ ̲ ̲ ̲m̵u̵l̵_̵l̵e̵f̵t̵_̵c̵o̵m̵m̵,̵ ̵m̵u̵l̵_̵a̵s̵s̵o̵c̵]̵m̲u̲l̲_̲l̲e̲f̲t̲_̲c̲o̲m̲m̲]̲

Note: This linter can be disabled with `set_option linter.unusedSimpArgs false`
error: Goldbach/BG_Identity.lean:219:15: Unknown constant `Int.natAbs_ofNat`
error: Goldbach/BG_Identity.lean:220:21: Unknown constant `Int.natAbs_ofNat`
error: Goldbach/BG_Identity.lean:197:76: unsolved goals
m : ℕ
hm : m ≤ Ucut
hnonneg : 0 ≤ 1 - ↑m / ↑Ucut
hmax : max (1 - ↑m / ↑Ucut) 0 = 1 - ↑m / ↑Ucut
hbranch : max (1 - ↑(Int.ofNat m).natAbs / ↑Ucut) 0 = 1 - ↑(Int.ofNat m).natAbs / ↑Ucut
⊢ max (1 - ↑m / (↑H + ↑((H + 99) / 100))) 0 / (↑H + ↑((H + 99) / 100)) =
    (1 - ↑m / (↑H + ↑((H + 99) / 100))) / (↑H + ↑((H + 99) / 100))
warning: Goldbach/BG_Identity.lean:204:12: This simp argument is unused:
  hU

Hint: Omit it from the simp argument list.
  simp [hU̵,̵ ̵h̵m0]

Note: This linter can be disabled with `set_option linter.unusedSimpArgs false`
warning: Goldbach/BG_Identity.lean:220:8: This simp argument is unused:
  hbranch

Hint: Omit it from the simp argument list.
  simp [h̵b̵r̵a̵n̵c̵h̵,̵ ̵Int.natAbs_ofNat]

Note: This linter can be disabled with `set_option linter.unusedSimpArgs false`
warning: Goldbach/BG_Identity.lean:246:10: This simp argument is unused:
  Finset.sum_insert

Hint: Omit it from the simp argument list.
  simp [̵F̵i̵n̵s̵e̵t̵.̵s̵u̵m̵_̵i̵n̵s̵e̵r̵t̵,̵ ̵h̵a̵,̵[̲h̲a̲,̲ ih, mul_add, add_comm, add_left_comm, add_assoc, mul_comm, mul_left_comm, mul_assoc]

Note: This linter can be disabled with `set_option linter.unusedSimpArgs false`
warning: Goldbach/BG_Identity.lean:246:33: This simp argument is unused:
  ih

Hint: Omit it from the simp argument list.
  simp [Finset.sum_insert, ha, i̵h̵,̵ ̵mul_add, add_comm, add_left_comm,
  ̵  ̵ ̵ ̵ ̵ ̵ ̵ ̵ ̵ ̵add_assoc, mul_comm,
  ̲  ̲ ̲ ̲ ̲ ̲mul_left_comm, mul_assoc]

Note: This linter can be disabled with `set_option linter.unusedSimpArgs false`
warning: Goldbach/BG_Identity.lean:246:56: This simp argument is unused:
  add_left_comm

Hint: Omit it from the simp argument list.
  simp [Finset.sum_insert, ha, ih, mul_add, add_comm, a̵d̵d̵_̵l̵e̵f̵t̵_̵c̵o̵m̵m̵,̵add_assoc, mul_comm, mul_left_comm,
  ̲  ̲ ̲ ̲ ̲ ̲mul_assoc]

Note: This linter can be disabled with `set_option linter.unusedSimpArgs false`
warning: Goldbach/BG_Identity.lean:247:10: This simp argument is unused:
  add_assoc

Hint: Omit it from the simp argument list.
  simp [Finset.sum_insert, ha, ih, mul_add, add_comm, add_left_comm, a̵d̵d̵_̵a̵s̵s̵o̵c̵,̵ ̵mul_comm, mul_left_comm,
  ̲  ̲ ̲ ̲ ̲ ̲mul_assoc]

Note: This linter can be disabled with `set_option linter.unusedSimpArgs false`
warning: Goldbach/BG_Identity.lean:247:31: This simp argument is unused:
  mul_left_comm

Hint: Omit it from the simp argument list.
  simp [Finset.sum_insert, ha, ih, mul_add, add_comm, add_left_comm, add_assoc, mul_comm,
  ̲  ̲ ̲ ̲ ̲ ̲m̵u̵l̵_̵l̵e̵f̵t̵_̵c̵o̵m̵m̵,̵ ̵mul_assoc]

Note: This linter can be disabled with `set_option linter.unusedSimpArgs false`
warning: Goldbach/BG_Identity.lean:247:46: This simp argument is unused:
  mul_assoc

Hint: Omit it from the simp argument list.
  simp [Finset.sum_insert, ha, ih, mul_add, add_comm, add_left_comm, add_assoc, mul_comm,
  ̲  ̲ ̲ ̲ ̲ ̲m̵u̵l̵_̵l̵e̵f̵t̵_̵c̵o̵m̵m̵,̵ ̵m̵u̵l̵_̵a̵s̵s̵o̵c̵]̵m̲u̲l̲_̲l̲e̲f̲t̲_̲c̲o̲m̲m̲]̲

Note: This linter can be disabled with `set_option linter.unusedSimpArgs false`
warning: Goldbach/BG_Identity.lean:278:10: try 'simp' instead of 'simpa'

Note: This linter can be disabled with `set_option linter.unnecessarySimpa false`
warning: Goldbach/BG_Identity.lean:285:10: try 'simp' instead of 'simpa'

Note: This linter can be disabled with `set_option linter.unnecessarySimpa false`
error: Goldbach/BG_Identity.lean:268:2: unsolved goals
case h.mpr
n : ℕ
z : ℤ
hz : z ∈ Finset.Icc (-↑n) ↑n
hI : -↑n ≤ z ∧ z ≤ ↑n
hz_ne_pos : z ≠ ↑n.succ
hz_ne_neg : z ≠ -↑n.succ
hzI' : z ∈ Finset.Icc (-↑n.succ) ↑n.succ
⊢ -1 < z + ↑n ∧ z < ↑n + 1
warning: Goldbach/BG_Identity.lean:292:10: This simp argument is unused:
  Finset.mem_erase

Hint: Omit it from the simp argument list.
  simp [F̵i̵n̵s̵e̵t̵.̵m̵e̵m̵_̵e̵r̵a̵s̵e̵,̵ ̵hz_ne_pos, hz_ne_neg, hzI']

Note: This linter can be disabled with `set_option linter.unusedSimpArgs false`
warning: Goldbach/BG_Identity.lean:292:28: This simp argument is unused:
  hz_ne_pos

Hint: Omit it from the simp argument list.
  simp [Finset.mem_erase, h̵z̵_̵n̵e̵_̵p̵o̵s̵,̵ ̵hz_ne_neg, hzI']

Note: This linter can be disabled with `set_option linter.unusedSimpArgs false`
warning: Goldbach/BG_Identity.lean:292:39: This simp argument is unused:
  hz_ne_neg

Hint: Omit it from the simp argument list.
  simp [Finset.mem_erase, hz_ne_pos, hz_̵n̵e̵_̵n̵e̵g̵,̵ ̵h̵z̵I']

Note: This linter can be disabled with `set_option linter.unusedSimpArgs false`
warning: Goldbach/BG_Identity.lean:292:50: This simp argument is unused:
  hzI'

Hint: Omit it from the simp argument list.
  simp [Finset.mem_erase, hz_ne_pos, hz_ne_neg,̵ ̵h̵z̵I̵'̵]

Note: This linter can be disabled with `set_option linter.unusedSimpArgs false`
error: Goldbach/BG_Identity.lean:340:8: Type mismatch: After simplification, term
  hstep2
 has type
  f (-↑n + -1) + ∑ x ∈ (s.erase (↑n + 1)).erase (-↑n + -1), f x = ∑ x ∈ s.erase (↑n + 1), f x
but is expected to have type
  ∑ x ∈ s.erase (↑n + 1), f x = f (-↑n + -1) + ∑ x ∈ (s.erase (↑n + 1)).erase (-↑n + -1), f x
warning: Goldbach/BG_Identity.lean:354:13: `Finset.range_succ` has been deprecated: Use `Finset.range_add_one` instead
warning: Goldbach/BG_Identity.lean:354:6: try 'simp' instead of 'simpa'

Note: This linter can be disabled with `set_option linter.unnecessarySimpa false`
warning: Goldbach/BG_Identity.lean:366:23: `Int.ofNat_eq_coe` has been deprecated: Use `Int.ofNat_eq_natCast` instead
error: Goldbach/BG_Identity.lean:369:12: Tactic `assumption` failed

f : ℤ → ℝ
hEven : ∀ (z : ℤ), f (-z) = f z
n : ℕ
ih : (Finset.Icc (-↑n) ↑n).sum f = f 0 + 2 * ∑ k ∈ Finset.range n, f (Int.ofNat k.succ)
s : Finset ℤ := Finset.Icc (-↑n.succ) ↑n.succ
s0 : Finset ℤ := s.erase ↑n.succ
s1 : Finset ℤ := s0.erase (-↑n.succ)
hmem_pos : ↑n.succ ∈ s
hmem_neg : -↑n.succ ∈ s
hmem_neg_s0 : -↑n.succ ∈ s0
hstep1 : ∑ x ∈ s.erase ↑n.succ, f x + f ↑n.succ = ∑ x ∈ s, f x
hstep2 : ∑ x ∈ s0.erase (-↑n.succ), f x + f (-↑n.succ) = ∑ x ∈ s0, f x
hs1 : s1 = Finset.Icc (-↑n) ↑n
this✝ : s.sum f = s1.sum f + f (-↑n.succ) + f ↑n.succ
hIH : (Finset.Icc (-↑n) ↑n).sum f = f 0 + 2 * ∑ k ∈ Finset.range n, f (Int.ofNat k.succ)
hrange :
  ∑ k ∈ Finset.range n.succ, f (Int.ofNat k.succ) = ∑ k ∈ Finset.range n, f (Int.ofNat k.succ) + f (Int.ofNat n.succ)
this : s.sum f = (Finset.Icc (-↑n) ↑n).sum f + f (↑n + 1) + f (-1 + -↑n)
⊢ ∑ x ∈ Finset.range n, f (↑x + 1) + f (↑n + 1) = ∑ x ∈ Finset.range (n + 1), f (↑x + 1)
error: Goldbach/BG_Identity.lean:393:6: Type mismatch: After simplification, term
  this
 has type
  True
but is expected to have type
  ↑n + 2 = ↑n + 1 + 1 ∨ ↑n + 1 = 0
error: Goldbach/BG_Identity.lean:378:2: unsolved goals
case succ
n : ℕ
ih : ∑ k ∈ Finset.range n, ↑k.succ = ↑n * (↑n + 1) / 2
h : ∑ x ∈ Finset.range (n + 1), ↑x.succ = ∑ x ∈ Finset.range n, ↑x.succ + ↑n.succ
h' : ∑ k ∈ Finset.range n.succ, ↑k.succ = ∑ k ∈ Finset.range n, ↑k.succ + ↑n.succ
h'' : ↑n * (↑n + 1) / 2 + ↑n.succ = ↑n.succ * (↑n.succ + 1) / 2
⊢ ∑ k ∈ Finset.range (n + 1), ↑k.succ = ↑(n + 1) * (↑(n + 1) + 1) / 2
error: Goldbach/BG_Identity.lean:394:2: No goals to be solved
error: Goldbach/BG_Identity.lean:399:76: Application type mismatch: The argument
  hU0
has type
  U ≠ 0
of sort `Prop` but is expected to have type
  ?m.61
of sort `Type ?u.7892` in the application
  inv_mul_cancel hU0
error: Goldbach/BG_Identity.lean:403:26: Tactic `assumption` failed

U : ℝ
hU0 : U ≠ 0
hcancel : 1 / U * U = 1
⊢ U⁻¹ * U * ((U + 1) / 2) = (U + 1) / 2
warning: Goldbach/BG_Identity.lean:418:44: try 'simp' instead of 'simpa'

Note: This linter can be disabled with `set_option linter.unnecessarySimpa false`
warning: Goldbach/BG_Identity.lean:421:50: This simp argument is unused:
  add_comm

Hint: Omit it from the simp argument list.
  simp [h₁, h₂, Finset.sum_insert, ha, mul_add, add_c̵o̵m̵m̵,̵ ̵a̵d̵d̵_̵left_comm, add_assoc]

Note: This linter can be disabled with `set_option linter.unusedSimpArgs false`
warning: Goldbach/BG_Identity.lean:421:60: This simp argument is unused:
  add_left_comm

Hint: Omit it from the simp argument list.
  simp [h₁, h₂, Finset.sum_insert, ha, mul_add, add_comm, a̵d̵d̵_̵l̵e̵f̵t̵_̵c̵o̵m̵m̵,̵ ̵add_assoc]

Note: This linter can be disabled with `set_option linter.unusedSimpArgs false`
warning: Goldbach/BG_Identity.lean:421:75: This simp argument is unused:
  add_assoc

Hint: Omit it from the simp argument list.
  simp [h₁, h₂, Finset.sum_insert, ha, mul_add, add_comm, add_left_comm,̵ ̵a̵d̵d̵_̵a̵s̵s̵o̵c̵]

Note: This linter can be disabled with `set_option linter.unusedSimpArgs false`
warning: Goldbach/BG_Identity.lean:430:46: This simp argument is unused:
  add_comm

Hint: Omit it from the simp argument list.
  simp [Finset.sum_insert, hb, ih, mul_add, add_c̵o̵m̵m̵,̵ ̵a̵d̵d̵_̵left_comm, add_assoc]

Note: This linter can be disabled with `set_option linter.unusedSimpArgs false`
warning: Goldbach/BG_Identity.lean:430:56: This simp argument is unused:
  add_left_comm

Hint: Omit it from the simp argument list.
  simp [Finset.sum_insert, hb, ih, mul_add, add_comm, a̵d̵d̵_̵l̵e̵f̵t̵_̵c̵o̵m̵m̵,̵ ̵add_assoc]

Note: This linter can be disabled with `set_option linter.unusedSimpArgs false`
warning: Goldbach/BG_Identity.lean:430:71: This simp argument is unused:
  add_assoc

Hint: Omit it from the simp argument list.
  simp [Finset.sum_insert, hb, ih, mul_add, add_comm, add_left_comm,̵ ̵a̵d̵d̵_̵a̵s̵s̵o̵c̵]

Note: This linter can be disabled with `set_option linter.unusedSimpArgs false`
warning: Goldbach/BG_Identity.lean:526:6: declaration uses 'sorry'
warning: Goldbach/BG_Identity.lean:548:4: try 'simp' instead of 'simpa'

Note: This linter can be disabled with `set_option linter.unnecessarySimpa false`
warning: Goldbach/BG_Identity.lean:571:25: try 'simp' instead of 'simpa'

Note: This linter can be disabled with `set_option linter.unnecessarySimpa false`
warning: Goldbach/BG_Identity.lean:614:6: declaration uses 'sorry'
warning: Goldbach/BG_Identity.lean:651:15: unused variable `hX`

Note: This linter can be disabled with `set_option linter.unusedVariables false`
warning: Goldbach/BG_Identity.lean:652:5: unused variable `hN`

Note: This linter can be disabled with `set_option linter.unusedVariables false`
warning: Goldbach/BG_Identity.lean:684:5: unused variable `hk`

Note: This linter can be disabled with `set_option linter.unusedVariables false`
warning: Goldbach/BG_Identity.lean:709:28: This simp argument is unused:
  hUpos.ne'

Hint: Omit it from the simp argument list.
  s̵i̵m̵p̵ ̵[̵K̵_̵f̵u̵l̵l̵,̵ ̵K̵_̵f̵u̵l̵l̵_̵r̵a̵w̵,̵ ̵h̵U̵p̵o̵s̵.̵n̵e̵'̵]̵ ̵a̵t̵ ̵*̵s̲i̲m̲p̲ ̲[̲K̲_̲f̲u̲l̲l̲,̲
  ̲ ̲ ̲ ̲ ̲K̲_̲f̲u̲l̲l̲_̲r̲a̲w̲]̲ ̲a̲t̲ ̲*̲
  ̲ ̲ ̲ ̲ ̲ ̲ ̲-̲-̲ ̲a̲f̲t̲e̲r̲ ̲s̲i̲m̲p̲,̲ ̲g̲o̲a̲l̲ ̲b̲e̲c̲o̲m̲e̲s̲ ̲`̲0̲ ̲<̲ ̲1̲ ̲/̲ ̲(̲U̲c̲u̲t̲:̲ℝ̲)̲`̲
  ̲ ̲ ̲ ̲ ̲ ̲ ̲

Note: This linter can be disabled with `set_option linter.unusedSimpArgs false`
warning: Goldbach/BG_Identity.lean:734:5: unused variable `h`

Note: This linter can be disabled with `set_option linter.unusedVariables false`
warning: Goldbach/BG_Identity.lean:741:5: unused variable `h`

Note: This linter can be disabled with `set_option linter.unusedVariables false`
warning: Goldbach/BG_Identity.lean:757:25: unused variable `X`

Note: This linter can be disabled with `set_option linter.unusedVariables false`
warning: Goldbach/BG_Identity.lean:757:27: unused variable `N`

Note: This linter can be disabled with `set_option linter.unusedVariables false`
warning: Goldbach/BG_Identity.lean:781:5: unused variable `h`

Note: This linter can be disabled with `set_option linter.unusedVariables false`
warning: Goldbach/BG_Identity.lean:807:8: try 'simp' instead of 'simpa'

Note: This linter can be disabled with `set_option linter.unnecessarySimpa false`
warning: Goldbach/BG_Identity.lean:808:6: try 'simp' instead of 'simpa'

Note: This linter can be disabled with `set_option linter.unnecessarySimpa false`
warning: Goldbach/BG_Identity.lean:837:34: unused variable `hk`

Note: This linter can be disabled with `set_option linter.unusedVariables false`
warning: Goldbach/BG_Identity.lean:841:35: unused variable `hk`

Note: This linter can be disabled with `set_option linter.unusedVariables false`
warning: Goldbach/BG_Identity.lean:942:6: declaration uses 'sorry'
error: Goldbach/BG_Identity.lean:1007:14: maximum recursion depth has been reached
use `set_option maxRecDepth <num>` to increase limit
use `set_option diagnostics true` to get diagnostic information
error: Goldbach/BG_Identity.lean:1055:12: maximum recursion depth has been reached
use `set_option maxRecDepth <num>` to increase limit
use `set_option diagnostics true` to get diagnostic information
error: Goldbach/BG_Identity.lean:1065:10: maximum recursion depth has been reached
use `set_option maxRecDepth <num>` to increase limit
use `set_option diagnostics true` to get diagnostic information
warning: Goldbach/BG_Identity.lean:1135:5: unused variable `h`

Note: This linter can be disabled with `set_option linter.unusedVariables false`
warning: Goldbach/BG_Identity.lean:1169:54: try 'simp' instead of 'simpa'

Note: This linter can be disabled with `set_option linter.unnecessarySimpa false`
warning: Goldbach/BG_Identity.lean:1157:10: This simp argument is unused:
  Pref_of

Hint: Omit it from the simp argument list.
  simp [P̵r̵e̵f̵_̵o̵f̵,̵ ̵hk]

Note: This linter can be disabled with `set_option linter.unusedSimpArgs false`
warning: Goldbach/BG_Identity.lean:1199:8: try 'simp' instead of 'simpa'

Note: This linter can be disabled with `set_option linter.unnecessarySimpa false`
warning: Goldbach/BG_Identity.lean:1200:6: try 'simp' instead of 'simpa'

Note: This linter can be disabled with `set_option linter.unnecessarySimpa false`
error: Goldbach/BG_Identity.lean:1275:18: maximum recursion depth has been reached
use `set_option maxRecDepth <num>` to increase limit
use `set_option diagnostics true` to get diagnostic information
error: Goldbach/BG_Identity.lean:1309:16: No goals to be solved
error: Goldbach/BG_Identity.lean:1321:4: maximum recursion depth has been reached
use `set_option maxRecDepth <num>` to increase limit
use `set_option diagnostics true` to get diagnostic information
error: Goldbach/BG_Identity.lean:1339:12: maximum recursion depth has been reached
use `set_option maxRecDepth <num>` to increase limit
use `set_option diagnostics true` to get diagnostic information
error: Goldbach/BG_Identity.lean:1345:12: maximum recursion depth has been reached
use `set_option maxRecDepth <num>` to increase limit
use `set_option diagnostics true` to get diagnostic information
error: Goldbach/BG_Identity.lean:1346:2: maximum recursion depth has been reached
use `set_option maxRecDepth <num>` to increase limit
use `set_option diagnostics true` to get diagnostic information
warning: Goldbach/BG_Identity.lean:1348:6: declaration uses 'sorry'
error: Goldbach/BG_Identity.lean:1394:21: maximum recursion depth has been reached
use `set_option maxRecDepth <num>` to increase limit
use `set_option diagnostics true` to get diagnostic information
warning: Goldbach/BG_Identity.lean:1422:28: unused variable `X`

Note: This linter can be disabled with `set_option linter.unusedVariables false`
warning: Goldbach/BG_Identity.lean:1422:30: unused variable `N`

Note: This linter can be disabled with `set_option linter.unusedVariables false`
warning: Goldbach/BG_Identity.lean:1423:28: unused variable `X`

Note: This linter can be disabled with `set_option linter.unusedVariables false`
warning: Goldbach/BG_Identity.lean:1423:30: unused variable `N`

Note: This linter can be disabled with `set_option linter.unusedVariables false`
error: Goldbach/BG_Identity.lean:1449:21: maximum recursion depth has been reached
use `set_option maxRecDepth <num>` to increase limit
use `set_option diagnostics true` to get diagnostic information
error: Lean exited with code 1
Some required targets logged failures:
- Goldbach.BG_Identity
error: build failed
⚠ [7587/7613] Replayed Goldbach.Compat
warning: Goldbach/Compat.lean:18:2: try 'simp' instead of 'simpa'

Note: This linter can be disabled with `set_option linter.unnecessarySimpa false`
warning: Goldbach/Compat.lean:24:40: unused variable `hb`

Note: This linter can be disabled with `set_option linter.unusedVariables false`
warning: Goldbach/Compat.lean:50:4: try 'simp' instead of 'simpa'

Note: This linter can be disabled with `set_option linter.unnecessarySimpa false`
⚠ [7590/7613] Replayed Goldbach.Windows
warning: Goldbach/Windows.lean:63:4: try 'simp' instead of 'simpa'

Note: This linter can be disabled with `set_option linter.unnecessarySimpa false`
warning: Goldbach/Windows.lean:68:2: try 'simp' instead of 'simpa'

Note: This linter can be disabled with `set_option linter.unnecessarySimpa false`
warning: Goldbach/Windows.lean:68:38: this tactic is never executed

Note: This linter can be disabled with `set_option linter.unreachableTactic false`
warning: Goldbach/Windows.lean:68:38: 'simpa using hmap' tactic does nothing

Note: This linter can be disabled with `set_option linter.unusedTactic false`
⚠ [7595/7613] Replayed Goldbach.AO_AssembleEnvelope
warning: Goldbach/AO_AssembleEnvelope.lean:67:20: try 'simp' instead of 'simpa'

Note: This linter can be disabled with `set_option linter.unnecessarySimpa false`
⚠ [7597/7613] Replayed Goldbach.AO_Major
warning: Goldbach/AO_Major.lean:21:13: unused variable `hX`

Note: This linter can be disabled with `set_option linter.unusedVariables false`
warning: Goldbach/AO_Major.lean:21:35: unused variable `hN`

Note: This linter can be disabled with `set_option linter.unusedVariables false`
warning: Goldbach/AO_Major.lean:25:24: This simp argument is unused:
  add_assoc

Hint: Omit it from the simp argument list.
  simp [Goldbach.AO_Major.errAO, Goldbach.AO_Major.weight_mass, Goldbach.AO_Core.errAO,
       ̵ ̵ ̵ ̵sub_eq_add_neg, add_a̵s̵s̵o̵c̵,̵ ̵a̵d̵d̵_̵left_comm, add_comm, mul_assoc]

Note: This linter can be disabled with `set_option linter.unusedSimpArgs false`
warning: Goldbach/AO_Major.lean:25:60: This simp argument is unused:
  mul_assoc

Hint: Omit it from the simp argument list.
  simp [Goldbach.AO_Major.errAO, Goldbach.AO_Major.weight_mass, Goldbach.AO_Core.errAO,
       ̵ ̵ ̵ ̵sub_eq_add_neg, add_assoc, add_left_comm, add_comm,̵ ̵m̵u̵l̵_̵a̵s̵s̵o̵c̵]

Note: This linter can be disabled with `set_option linter.unusedSimpArgs false`
warning: Goldbach/AO_Major.lean:46:5: unused variable `h`

Note: This linter can be disabled with `set_option linter.unusedVariables false`
warning: Goldbach/AO_Major.lean:58:24: This simp argument is unused:
  dif_pos

Hint: Omit it from the simp argument list.
  simp only [MPDF, win, d̵i̵f̵_̵p̵o̵s̵,̵ ̵mul_div_assoc']

Note: This linter can be disabled with `set_option linter.unusedSimpArgs false`
warning: Goldbach/AO_Major.lean:58:33: This simp argument is unused:
  mul_div_assoc'

Hint: Omit it from the simp argument list.
  simp only [MPDF, win, dif_pos,̵ ̵m̵u̵l̵_̵d̵i̵v̵_̵a̵s̵s̵o̵c̵'̵]

Note: This linter can be disabled with `set_option linter.unusedSimpArgs false`
warning: Goldbach/AO_Major.lean:81:69: try 'simp' instead of 'simpa'

Note: This linter can be disabled with `set_option linter.unnecessarySimpa false`
warning: Goldbach/AO_Major.lean:82:68: try 'simp' instead of 'simpa'

Note: This linter can be disabled with `set_option linter.unnecessarySimpa false`
warning: Goldbach/AO_Major.lean:83:68: try 'simp' instead of 'simpa'

Note: This linter can be disabled with `set_option linter.unnecessarySimpa false`
warning: Goldbach/AO_Major.lean:85:90: This simp argument is unused:
  add_assoc

Hint: Omit it from the simp argument list.
  simp [sub_eq_add_neg,̵ ̵a̵d̵d̵_̵a̵s̵s̵o̵c̵]

Note: This linter can be disabled with `set_option linter.unusedSimpArgs false`
warning: Goldbach/AO_Major.lean:101:24: This simp argument is unused:
  dif_pos

Hint: Omit it from the simp argument list.
  simp only [MPDF, win,̵ ̵d̵i̵f̵_̵p̵o̵s̵]

Note: This linter can be disabled with `set_option linter.unusedSimpArgs false`
⚠ [7599/7613] Replayed Goldbach.BG_Bank
warning: Goldbach/BG_Bank.lean:13:25: unused variable `n`

Note: This linter can be disabled with `set_option linter.unusedVariables false`
warning: Goldbach/BG_Bank.lean:75:4: try 'simp' instead of 'simpa'

Note: This linter can be disabled with `set_option linter.unnecessarySimpa false`
warning: Goldbach/BG_Bank.lean:75:25: this tactic is never executed

Note: This linter can be disabled with `set_option linter.unreachableTactic false`
warning: Goldbach/BG_Bank.lean:75:25: 'decide' tactic does nothing

Note: This linter can be disabled with `set_option linter.unusedTactic false`
warning: Goldbach/BG_Bank.lean:288:14: try 'simp' instead of 'simpa'

Note: This linter can be disabled with `set_option linter.unnecessarySimpa false`
warning: Goldbach/BG_Bank.lean:188:42: This simp argument is unused:
  Nat.cast_sub hn_le

Hint: Omit it from the simp argument list.
  simp only [Nat.cast_succ,̵ ̵N̵a̵t̵.̵c̵a̵s̵t̵_̵s̵u̵b̵ ̵h̵n̵_̵l̵e̵]

Note: This linter can be disabled with `set_option linter.unusedSimpArgs false`
warning: Goldbach/BG_Bank.lean:194:24: This simp argument is unused:
  abs_of_nonneg hlog_Nm_nn

Hint: Omit it from the simp argument list.
  simp [hp,̵ ̵a̵b̵s̵_̵o̵f̵_̵n̵o̵n̵n̵e̵g̵ ̵h̵l̵o̵g̵_̵N̵m̵_̵n̵n̵]

Note: This linter can be disabled with `set_option linter.unusedSimpArgs false`
warning: Goldbach/BG_Bank.lean:202:24: This simp argument is unused:
  abs_of_nonneg hlog_Np1_nn

Hint: Omit it from the simp argument list.
  simp [hp,̵ ̵a̵b̵s̵_̵o̵f̵_̵n̵o̵n̵n̵e̵g̵ ̵h̵l̵o̵g̵_̵N̵p̵1̵_̵n̵n̵]

Note: This linter can be disabled with `set_option linter.unusedSimpArgs false`
warning: Goldbach/BG_Bank.lean:218:46: This simp argument is unused:
  mul_comm

Hint: Omit it from the simp argument list.
  simp [abs_mul, mul_assoc, m̵u̵l̵_̵c̵o̵m̵m̵,̵ ̵mul_left_comm]

Note: This linter can be disabled with `set_option linter.unusedSimpArgs false`
warning: Goldbach/BG_Bank.lean:326:20: This simp argument is unused:
  hlogXabs

Hint: Omit it from the simp argument list.
  simp [h̵l̵o̵g̵X̵a̵b̵s̵,̵ ̵mul_comm, mul_left_comm, mul_assoc]

Note: This linter can be disabled with `set_option linter.unusedSimpArgs false`
warning: Goldbach/BG_Bank.lean:326:30: This simp argument is unused:
  mul_comm

Hint: Omit it from the simp argument list.
  simp [hlogXabs, m̵u̵l̵_̵c̵o̵m̵m̵,̵ ̵mul_left_comm, mul_assoc]

Note: This linter can be disabled with `set_option linter.unusedSimpArgs false`
warning: Goldbach/BG_Bank.lean:403:14: try 'simp' instead of 'simpa'

Note: This linter can be disabled with `set_option linter.unnecessarySimpa false`
warning: Goldbach/BG_Bank.lean:405:14: try 'simp' instead of 'simpa'

Note: This linter can be disabled with `set_option linter.unnecessarySimpa false`
warning: Goldbach/BG_Bank.lean:407:40: This simp argument is unused:
  add_comm

Hint: Omit it from the simp argument list.
  simp [div_self, hlogX_ne, add_c̵o̵m̵m̵,̵ ̵a̵d̵d̵_̵left_comm, add_assoc]

Note: This linter can be disabled with `set_option linter.unusedSimpArgs false`
warning: Goldbach/BG_Bank.lean:407:50: This simp argument is unused:
  add_left_comm

Hint: Omit it from the simp argument list.
  simp [div_self, hlogX_ne, add_comm, a̵d̵d̵_̵l̵e̵f̵t̵_̵c̵o̵m̵m̵,̵ ̵add_assoc]

Note: This linter can be disabled with `set_option linter.unusedSimpArgs false`
warning: Goldbach/BG_Bank.lean:407:65: This simp argument is unused:
  add_assoc

Hint: Omit it from the simp argument list.
  simp [div_self, hlogX_ne, add_comm, add_left_comm,̵ ̵a̵d̵d̵_̵a̵s̵s̵o̵c̵]

Note: This linter can be disabled with `set_option linter.unusedSimpArgs false`
warning: Goldbach/BG_Bank.lean:547:63: try 'simp' instead of 'simpa'

Note: This linter can be disabled with `set_option linter.unnecessarySimpa false`
warning: Goldbach/BG_Bank.lean:550:47: This simp argument is unused:
  add_comm

Hint: Omit it from the simp argument list.
  simp [add_div, div_self, hlogX_ne, add_c̵o̵m̵m̵,̵ ̵a̵d̵d̵_̵left_comm, add_assoc]

Note: This linter can be disabled with `set_option linter.unusedSimpArgs false`
warning: Goldbach/BG_Bank.lean:550:57: This simp argument is unused:
  add_left_comm

Hint: Omit it from the simp argument list.
  simp [add_div, div_self, hlogX_ne, add_comm, a̵d̵d̵_̵l̵e̵f̵t̵_̵c̵o̵m̵m̵,̵ ̵add_assoc]

Note: This linter can be disabled with `set_option linter.unusedSimpArgs false`
warning: Goldbach/BG_Bank.lean:550:72: This simp argument is unused:
  add_assoc

Hint: Omit it from the simp argument list.
  simp [add_div, div_self, hlogX_ne, add_comm, add_left_comm,̵ ̵a̵d̵d̵_̵a̵s̵s̵o̵c̵]

Note: This linter can be disabled with `set_option linter.unusedSimpArgs false`
warning: Goldbach/BG_Bank.lean:559:56: This simp argument is unused:
  add_left_comm

Hint: Omit it from the simp argument list.
  simp [c, Nat.cast_add, Nat.cast_one, add_assoc, a̵d̵d̵_̵l̵e̵f̵t̵_̵c̵o̵m̵m̵,̵ ̵add_comm, add_div, div_self hX0_ne]

Note: This linter can be disabled with `set_option linter.unusedSimpArgs false`
⚠ [7600/7613] Replayed Goldbach.BG_Operator
warning: Goldbach/BG_Operator.lean:31:2: try 'simp' instead of 'simpa'

Note: This linter can be disabled with `set_option linter.unnecessarySimpa false`
warning: Goldbach/BG_Operator.lean:98:2: try 'simp' instead of 'simpa'

Note: This linter can be disabled with `set_option linter.unnecessarySimpa false`
⚠ [7602/7613] Replayed Goldbach.SingularSeries
warning: Goldbach/SingularSeries.lean:40:5: unused variable `h`

Note: This linter can be disabled with `set_option linter.unusedVariables false`
warning: Goldbach/SingularSeries.lean:88:8: `Finset.eq_empty_iff_forall_not_mem` has been deprecated: Use `Finset.eq_empty_iff_forall_notMem` instead
warning: Goldbach/SingularSeries.lean:98:4: try 'simp' instead of 'simpa'

Note: This linter can be disabled with `set_option linter.unnecessarySimpa false`
warning: Goldbach/SingularSeries.lean:99:28: this tactic is never executed

Note: This linter can be disabled with `set_option linter.unreachableTactic false`
warning: Goldbach/SingularSeries.lean:99:57: this tactic is never executed

Note: This linter can be disabled with `set_option linter.unreachableTactic false`
warning: Goldbach/SingularSeries.lean:99:28: 'decide' tactic does nothing

Note: This linter can be disabled with `set_option linter.unusedTactic false`
warning: Goldbach/SingularSeries.lean:99:57: 'decide' tactic does nothing

Note: This linter can be disabled with `set_option linter.unusedTactic false`
⚠ [7604/7613] Replayed Goldbach.PPNumerics
warning: Goldbach/PPNumerics.lean:24:42: try 'simp' instead of 'simpa'

Note: This linter can be disabled with `set_option linter.unnecessarySimpa false`
warning: Goldbach/PPNumerics.lean:27:6: try 'simp' instead of 'simpa'

Note: This linter can be disabled with `set_option linter.unnecessarySimpa false`
⚠ [7605/7613] Replayed Goldbach.PPBoundSquares
warning: Goldbach/PPBoundSquares.lean:41:8: try 'simp' instead of 'simpa'

Note: This linter can be disabled with `set_option linter.unnecessarySimpa false`
warning: Goldbach/PPBoundSquares.lean:228:10: try 'simp' instead of 'simpa'

Note: This linter can be disabled with `set_option linter.unnecessarySimpa false`
⚠ [7607/7613] Replayed Goldbach.AnalyticGlobal
warning: Goldbach/AnalyticGlobal.lean:65:28: This simp argument is unused:
  one_div

Hint: Omit it from the simp argument list.
  simp [div_eq_mul_inv, o̵n̵e̵_̵d̵i̵v̵,̵ ̵mul_comm]

Note: This linter can be disabled with `set_option linter.unusedSimpArgs false`
warning: Goldbach/AnalyticGlobal.lean:68:30: This simp argument is unused:
  one_div

Hint: Omit it from the simp argument list.
  simp [div_eq_mul_inv, o̵n̵e̵_̵d̵i̵v̵,̵ ̵mul_comm]

Note: This linter can be disabled with `set_option linter.unusedSimpArgs false`
warning: Goldbach/AnalyticGlobal.lean:70:39: This simp argument is unused:
  mul_left_comm

Hint: Omit it from the simp argument list.
  simp [one_div, S_ne, mul_comm, mul_l̵e̵f̵t̵_̵c̵o̵m̵m̵,̵ ̵m̵u̵l̵_̵assoc]

Note: This linter can be disabled with `set_option linter.unusedSimpArgs false`
warning: Goldbach/AnalyticGlobal.lean:70:54: This simp argument is unused:
  mul_assoc

Hint: Omit it from the simp argument list.
  simp [one_div, S_ne, mul_comm, mul_left_comm,̵ ̵m̵u̵l̵_̵a̵s̵s̵o̵c̵]

Note: This linter can be disabled with `set_option linter.unusedSimpArgs false`
⚠ [7608/7613] Replayed Goldbach.BankPieces
warning: Goldbach/BankPieces.lean:15:63: `class ... :=` has been deprecated in favor of `class ... where`.

Note: This linter can be disabled with `set_option linter.deprecated false`
⚠ [7610/7613] Replayed Goldbach.Analytic.MajorBoundFromSigma
warning: Goldbach/Analytic/MajorBoundFromSigma.lean:21:75: `structure ... :=` has been deprecated in favor of `structure ... where`.

Note: This linter can be disabled with `set_option linter.deprecated false`
⚠ [7611/7613] Replayed Goldbach.Analytic.NumericSigma
warning: Goldbach/Analytic/NumericSigma.lean:23:32: unused variable `hX`

Note: This linter can be disabled with `set_option linter.unusedVariables false`
✖ [7613/7613] Building Goldbach.BG_Identity (82s)
trace: .> LEAN_PATH=/Users/benjaminnelson/Desktop/nerd shit/goldbach/builds/Goldbach/.lake/packages/Cli/.lake/build/lib/lean:/Users/benjaminnelson/Desktop/nerd shit/goldbach/builds/Goldbach/.lake/packages/batteries/.lake/build/lib/lean:/Users/benjaminnelson/Desktop/nerd shit/goldbach/builds/Goldbach/.lake/packages/Qq/.lake/build/lib/lean:/Users/benjaminnelson/Desktop/nerd shit/goldbach/builds/Goldbach/.lake/packages/aesop/.lake/build/lib/lean:/Users/benjaminnelson/Desktop/nerd shit/goldbach/builds/Goldbach/.lake/packages/proofwidgets/.lake/build/lib/lean:/Users/benjaminnelson/Desktop/nerd shit/goldbach/builds/Goldbach/.lake/packages/importGraph/.lake/build/lib/lean:/Users/benjaminnelson/Desktop/nerd shit/goldbach/builds/Goldbach/.lake/packages/LeanSearchClient/.lake/build/lib/lean:/Users/benjaminnelson/Desktop/nerd shit/goldbach/builds/Goldbach/.lake/packages/plausible/.lake/build/lib/lean:/Users/benjaminnelson/Desktop/nerd shit/goldbach/builds/Goldbach/.lake/packages/mathlib/.lake/build/lib/lean:/Users/benjaminnelson/Desktop/nerd shit/goldbach/builds/Goldbach/.lake/build/lib/lean /Users/benjaminnelson/.elan/toolchains/leanprover--lean4---v4.26.0-rc2/bin/lean /Users/benjaminnelson/Desktop/nerd shit/goldbach/builds/Goldbach/Goldbach/BG_Identity.lean -o /Users/benjaminnelson/Desktop/nerd shit/goldbach/builds/Goldbach/.lake/build/lib/lean/Goldbach/BG_Identity.olean -i /Users/benjaminnelson/Desktop/nerd shit/goldbach/builds/Goldbach/.lake/build/lib/lean/Goldbach/BG_Identity.ilean -c /Users/benjaminnelson/Desktop/nerd shit/goldbach/builds/Goldbach/.lake/build/ir/Goldbach/BG_Identity.c --setup /Users/benjaminnelson/Desktop/nerd shit/goldbach/builds/Goldbach/.lake/build/ir/Goldbach/BG_Identity.setup.json --json
warning: Goldbach/BG_Identity.lean:149:48: This simp argument is unused:
  add_comm

Hint: Omit it from the simp argument list.
  simp [Finset.sum_insert, hk, ih, mul_add, a̵d̵d̵_̵c̵o̵m̵m̵,̵ ̵add_left_comm, add_assoc, mul_comm, mul_left_comm,
  ̲  ̲ ̲ ̲ ̲ ̲ ̲ ̲mul_assoc]

Note: This linter can be disabled with `set_option linter.unusedSimpArgs false`
warning: Goldbach/BG_Identity.lean:149:58: This simp argument is unused:
  add_left_comm

Hint: Omit it from the simp argument list.
  simp [Finset.sum_insert, hk, ih, mul_add, add_comm, a̵d̵d̵_̵l̵e̵f̵t̵_̵c̵o̵m̵m̵,̵add_assoc, mul_comm, mul_left_comm,
  ̲  ̲ ̲ ̲ ̲ ̲ ̲ ̲mul_assoc]

Note: This linter can be disabled with `set_option linter.unusedSimpArgs false`
warning: Goldbach/BG_Identity.lean:150:12: This simp argument is unused:
  add_assoc

Hint: Omit it from the simp argument list.
  simp [Finset.sum_insert, hk, ih, mul_add, add_comm, add_left_comm, a̵d̵d̵_̵a̵s̵s̵o̵c̵,̵ ̵mul_comm, mul_left_comm,
  ̲  ̲ ̲ ̲ ̲ ̲ ̲ ̲mul_assoc]

Note: This linter can be disabled with `set_option linter.unusedSimpArgs false`
warning: Goldbach/BG_Identity.lean:150:23: This simp argument is unused:
  mul_comm

Hint: Omit it from the simp argument list.
  simp [Finset.sum_insert, hk, ih, mul_add, add_comm, add_left_comm, add_assoc, m̵u̵l̵_̵c̵o̵m̵m̵,̵ ̵mul_left_comm,
  ̲  ̲ ̲ ̲ ̲ ̲ ̲ ̲mul_assoc]

Note: This linter can be disabled with `set_option linter.unusedSimpArgs false`
warning: Goldbach/BG_Identity.lean:150:33: This simp argument is unused:
  mul_left_comm

Hint: Omit it from the simp argument list.
  simp [Finset.sum_insert, hk, ih, mul_add, add_comm, add_left_comm, add_assoc, mul_comm,
  ̲  ̲ ̲ ̲ ̲ ̲ ̲ ̲m̵u̵l̵_̵l̵e̵f̵t̵_̵c̵o̵m̵m̵,̵ ̵mul_assoc]

Note: This linter can be disabled with `set_option linter.unusedSimpArgs false`
warning: Goldbach/BG_Identity.lean:150:48: This simp argument is unused:
  mul_assoc

Hint: Omit it from the simp argument list.
  simp [Finset.sum_insert, hk, ih, mul_add, add_comm, add_left_comm, add_assoc, mul_comm,
  ̲  ̲ ̲ ̲ ̲ ̲ ̲ ̲m̵u̵l̵_̵l̵e̵f̵t̵_̵c̵o̵m̵m̵,̵ ̵m̵u̵l̵_̵a̵s̵s̵o̵c̵]̵m̲u̲l̲_̲l̲e̲f̲t̲_̲c̲o̲m̲m̲]̲

Note: This linter can be disabled with `set_option linter.unusedSimpArgs false`
error: Goldbach/BG_Identity.lean:219:15: Unknown constant `Int.natAbs_ofNat`
error: Goldbach/BG_Identity.lean:220:21: Unknown constant `Int.natAbs_ofNat`
error: Goldbach/BG_Identity.lean:197:76: unsolved goals
m : ℕ
hm : m ≤ Ucut
hnonneg : 0 ≤ 1 - ↑m / ↑Ucut
hmax : max (1 - ↑m / ↑Ucut) 0 = 1 - ↑m / ↑Ucut
hbranch : max (1 - ↑(Int.ofNat m).natAbs / ↑Ucut) 0 = 1 - ↑(Int.ofNat m).natAbs / ↑Ucut
⊢ max (1 - ↑m / (↑H + ↑((H + 99) / 100))) 0 / (↑H + ↑((H + 99) / 100)) =
    (1 - ↑m / (↑H + ↑((H + 99) / 100))) / (↑H + ↑((H + 99) / 100))
warning: Goldbach/BG_Identity.lean:204:12: This simp argument is unused:
  hU

Hint: Omit it from the simp argument list.
  simp [hU̵,̵ ̵h̵m0]

Note: This linter can be disabled with `set_option linter.unusedSimpArgs false`
warning: Goldbach/BG_Identity.lean:220:8: This simp argument is unused:
  hbranch

Hint: Omit it from the simp argument list.
  simp [h̵b̵r̵a̵n̵c̵h̵,̵ ̵Int.natAbs_ofNat]

Note: This linter can be disabled with `set_option linter.unusedSimpArgs false`
warning: Goldbach/BG_Identity.lean:246:10: This simp argument is unused:
  Finset.sum_insert

Hint: Omit it from the simp argument list.
  simp [̵F̵i̵n̵s̵e̵t̵.̵s̵u̵m̵_̵i̵n̵s̵e̵r̵t̵,̵ ̵h̵a̵,̵[̲h̲a̲,̲ ih, mul_add, add_comm, add_left_comm, add_assoc, mul_comm, mul_left_comm, mul_assoc]

Note: This linter can be disabled with `set_option linter.unusedSimpArgs false`
warning: Goldbach/BG_Identity.lean:246:33: This simp argument is unused:
  ih

Hint: Omit it from the simp argument list.
  simp [Finset.sum_insert, ha, i̵h̵,̵ ̵mul_add, add_comm, add_left_comm,
  ̵  ̵ ̵ ̵ ̵ ̵ ̵ ̵ ̵ ̵add_assoc, mul_comm,
  ̲  ̲ ̲ ̲ ̲ ̲mul_left_comm, mul_assoc]

Note: This linter can be disabled with `set_option linter.unusedSimpArgs false`
warning: Goldbach/BG_Identity.lean:246:56: This simp argument is unused:
  add_left_comm

Hint: Omit it from the simp argument list.
  simp [Finset.sum_insert, ha, ih, mul_add, add_comm, a̵d̵d̵_̵l̵e̵f̵t̵_̵c̵o̵m̵m̵,̵add_assoc, mul_comm, mul_left_comm,
  ̲  ̲ ̲ ̲ ̲ ̲mul_assoc]

Note: This linter can be disabled with `set_option linter.unusedSimpArgs false`
warning: Goldbach/BG_Identity.lean:247:10: This simp argument is unused:
  add_assoc

Hint: Omit it from the simp argument list.
  simp [Finset.sum_insert, ha, ih, mul_add, add_comm, add_left_comm, a̵d̵d̵_̵a̵s̵s̵o̵c̵,̵ ̵mul_comm, mul_left_comm,
  ̲  ̲ ̲ ̲ ̲ ̲mul_assoc]

Note: This linter can be disabled with `set_option linter.unusedSimpArgs false`
warning: Goldbach/BG_Identity.lean:247:31: This simp argument is unused:
  mul_left_comm

Hint: Omit it from the simp argument list.
  simp [Finset.sum_insert, ha, ih, mul_add, add_comm, add_left_comm, add_assoc, mul_comm,
  ̲  ̲ ̲ ̲ ̲ ̲m̵u̵l̵_̵l̵e̵f̵t̵_̵c̵o̵m̵m̵,̵ ̵mul_assoc]

Note: This linter can be disabled with `set_option linter.unusedSimpArgs false`
warning: Goldbach/BG_Identity.lean:247:46: This simp argument is unused:
  mul_assoc

Hint: Omit it from the simp argument list.
  simp [Finset.sum_insert, ha, ih, mul_add, add_comm, add_left_comm, add_assoc, mul_comm,
  ̲  ̲ ̲ ̲ ̲ ̲m̵u̵l̵_̵l̵e̵f̵t̵_̵c̵o̵m̵m̵,̵ ̵m̵u̵l̵_̵a̵s̵s̵o̵c̵]̵m̲u̲l̲_̲l̲e̲f̲t̲_̲c̲o̲m̲m̲]̲

Note: This linter can be disabled with `set_option linter.unusedSimpArgs false`
warning: Goldbach/BG_Identity.lean:278:10: try 'simp' instead of 'simpa'

Note: This linter can be disabled with `set_option linter.unnecessarySimpa false`
warning: Goldbach/BG_Identity.lean:285:10: try 'simp' instead of 'simpa'

Note: This linter can be disabled with `set_option linter.unnecessarySimpa false`
error: Goldbach/BG_Identity.lean:268:2: unsolved goals
case h.mpr
n : ℕ
z : ℤ
hz : z ∈ Finset.Icc (-↑n) ↑n
hI : -↑n ≤ z ∧ z ≤ ↑n
hz_ne_pos : z ≠ ↑n.succ
hz_ne_neg : z ≠ -↑n.succ
hzI' : z ∈ Finset.Icc (-↑n.succ) ↑n.succ
⊢ -1 < z + ↑n ∧ z < ↑n + 1
warning: Goldbach/BG_Identity.lean:292:10: This simp argument is unused:
  Finset.mem_erase

Hint: Omit it from the simp argument list.
  simp [F̵i̵n̵s̵e̵t̵.̵m̵e̵m̵_̵e̵r̵a̵s̵e̵,̵ ̵hz_ne_pos, hz_ne_neg, hzI']

Note: This linter can be disabled with `set_option linter.unusedSimpArgs false`
warning: Goldbach/BG_Identity.lean:292:28: This simp argument is unused:
  hz_ne_pos

Hint: Omit it from the simp argument list.
  simp [Finset.mem_erase, h̵z̵_̵n̵e̵_̵p̵o̵s̵,̵ ̵hz_ne_neg, hzI']

Note: This linter can be disabled with `set_option linter.unusedSimpArgs false`
warning: Goldbach/BG_Identity.lean:292:39: This simp argument is unused:
  hz_ne_neg

Hint: Omit it from the simp argument list.
  simp [Finset.mem_erase, hz_ne_pos, hz_̵n̵e̵_̵n̵e̵g̵,̵ ̵h̵z̵I']

Note: This linter can be disabled with `set_option linter.unusedSimpArgs false`
warning: Goldbach/BG_Identity.lean:292:50: This simp argument is unused:
  hzI'

Hint: Omit it from the simp argument list.
  simp [Finset.mem_erase, hz_ne_pos, hz_ne_neg,̵ ̵h̵z̵I̵'̵]

Note: This linter can be disabled with `set_option linter.unusedSimpArgs false`
error: Goldbach/BG_Identity.lean:340:8: Type mismatch: After simplification, term
  hstep2
 has type
  f (-↑n + -1) + ∑ x ∈ (s.erase (↑n + 1)).erase (-↑n + -1), f x = ∑ x ∈ s.erase (↑n + 1), f x
but is expected to have type
  ∑ x ∈ s.erase (↑n + 1), f x = f (-↑n + -1) + ∑ x ∈ (s.erase (↑n + 1)).erase (-↑n + -1), f x
warning: Goldbach/BG_Identity.lean:354:13: `Finset.range_succ` has been deprecated: Use `Finset.range_add_one` instead
warning: Goldbach/BG_Identity.lean:354:6: try 'simp' instead of 'simpa'

Note: This linter can be disabled with `set_option linter.unnecessarySimpa false`
warning: Goldbach/BG_Identity.lean:366:23: `Int.ofNat_eq_coe` has been deprecated: Use `Int.ofNat_eq_natCast` instead
error: Goldbach/BG_Identity.lean:369:12: Tactic `assumption` failed

f : ℤ → ℝ
hEven : ∀ (z : ℤ), f (-z) = f z
n : ℕ
ih : (Finset.Icc (-↑n) ↑n).sum f = f 0 + 2 * ∑ k ∈ Finset.range n, f (Int.ofNat k.succ)
s : Finset ℤ := Finset.Icc (-↑n.succ) ↑n.succ
s0 : Finset ℤ := s.erase ↑n.succ
s1 : Finset ℤ := s0.erase (-↑n.succ)
hmem_pos : ↑n.succ ∈ s
hmem_neg : -↑n.succ ∈ s
hmem_neg_s0 : -↑n.succ ∈ s0
hstep1 : ∑ x ∈ s.erase ↑n.succ, f x + f ↑n.succ = ∑ x ∈ s, f x
hstep2 : ∑ x ∈ s0.erase (-↑n.succ), f x + f (-↑n.succ) = ∑ x ∈ s0, f x
hs1 : s1 = Finset.Icc (-↑n) ↑n
this✝ : s.sum f = s1.sum f + f (-↑n.succ) + f ↑n.succ
hIH : (Finset.Icc (-↑n) ↑n).sum f = f 0 + 2 * ∑ k ∈ Finset.range n, f (Int.ofNat k.succ)
hrange :
  ∑ k ∈ Finset.range n.succ, f (Int.ofNat k.succ) = ∑ k ∈ Finset.range n, f (Int.ofNat k.succ) + f (Int.ofNat n.succ)
this : s.sum f = (Finset.Icc (-↑n) ↑n).sum f + f (↑n + 1) + f (-1 + -↑n)
⊢ ∑ x ∈ Finset.range n, f (↑x + 1) + f (↑n + 1) = ∑ x ∈ Finset.range (n + 1), f (↑x + 1)
error: Goldbach/BG_Identity.lean:393:6: Type mismatch: After simplification, term
  this
 has type
  True
but is expected to have type
  ↑n + 2 = ↑n + 1 + 1 ∨ ↑n + 1 = 0
error: Goldbach/BG_Identity.lean:378:2: unsolved goals
case succ
n : ℕ
ih : ∑ k ∈ Finset.range n, ↑k.succ = ↑n * (↑n + 1) / 2
h : ∑ x ∈ Finset.range (n + 1), ↑x.succ = ∑ x ∈ Finset.range n, ↑x.succ + ↑n.succ
h' : ∑ k ∈ Finset.range n.succ, ↑k.succ = ∑ k ∈ Finset.range n, ↑k.succ + ↑n.succ
h'' : ↑n * (↑n + 1) / 2 + ↑n.succ = ↑n.succ * (↑n.succ + 1) / 2
⊢ ∑ k ∈ Finset.range (n + 1), ↑k.succ = ↑(n + 1) * (↑(n + 1) + 1) / 2
error: Goldbach/BG_Identity.lean:394:2: No goals to be solved
error: Goldbach/BG_Identity.lean:399:76: Application type mismatch: The argument
  hU0
has type
  U ≠ 0
of sort `Prop` but is expected to have type
  ?m.61
of sort `Type ?u.7892` in the application
  inv_mul_cancel hU0
error: Goldbach/BG_Identity.lean:403:26: Tactic `assumption` failed

U : ℝ
hU0 : U ≠ 0
hcancel : 1 / U * U = 1
⊢ U⁻¹ * U * ((U + 1) / 2) = (U + 1) / 2
warning: Goldbach/BG_Identity.lean:418:44: try 'simp' instead of 'simpa'

Note: This linter can be disabled with `set_option linter.unnecessarySimpa false`
warning: Goldbach/BG_Identity.lean:421:50: This simp argument is unused:
  add_comm

Hint: Omit it from the simp argument list.
  simp [h₁, h₂, Finset.sum_insert, ha, mul_add, add_c̵o̵m̵m̵,̵ ̵a̵d̵d̵_̵left_comm, add_assoc]

Note: This linter can be disabled with `set_option linter.unusedSimpArgs false`
warning: Goldbach/BG_Identity.lean:421:60: This simp argument is unused:
  add_left_comm

Hint: Omit it from the simp argument list.
  simp [h₁, h₂, Finset.sum_insert, ha, mul_add, add_comm, a̵d̵d̵_̵l̵e̵f̵t̵_̵c̵o̵m̵m̵,̵ ̵add_assoc]

Note: This linter can be disabled with `set_option linter.unusedSimpArgs false`
warning: Goldbach/BG_Identity.lean:421:75: This simp argument is unused:
  add_assoc

Hint: Omit it from the simp argument list.
  simp [h₁, h₂, Finset.sum_insert, ha, mul_add, add_comm, add_left_comm,̵ ̵a̵d̵d̵_̵a̵s̵s̵o̵c̵]

Note: This linter can be disabled with `set_option linter.unusedSimpArgs false`
warning: Goldbach/BG_Identity.lean:430:46: This simp argument is unused:
  add_comm

Hint: Omit it from the simp argument list.
  simp [Finset.sum_insert, hb, ih, mul_add, add_c̵o̵m̵m̵,̵ ̵a̵d̵d̵_̵left_comm, add_assoc]

Note: This linter can be disabled with `set_option linter.unusedSimpArgs false`
warning: Goldbach/BG_Identity.lean:430:56: This simp argument is unused:
  add_left_comm

Hint: Omit it from the simp argument list.
  simp [Finset.sum_insert, hb, ih, mul_add, add_comm, a̵d̵d̵_̵l̵e̵f̵t̵_̵c̵o̵m̵m̵,̵ ̵add_assoc]

Note: This linter can be disabled with `set_option linter.unusedSimpArgs false`
warning: Goldbach/BG_Identity.lean:430:71: This simp argument is unused:
  add_assoc

Hint: Omit it from the simp argument list.
  simp [Finset.sum_insert, hb, ih, mul_add, add_comm, add_left_comm,̵ ̵a̵d̵d̵_̵a̵s̵s̵o̵c̵]

Note: This linter can be disabled with `set_option linter.unusedSimpArgs false`
warning: Goldbach/BG_Identity.lean:526:6: declaration uses 'sorry'
warning: Goldbach/BG_Identity.lean:548:4: try 'simp' instead of 'simpa'

Note: This linter can be disabled with `set_option linter.unnecessarySimpa false`
warning: Goldbach/BG_Identity.lean:571:25: try 'simp' instead of 'simpa'

Note: This linter can be disabled with `set_option linter.unnecessarySimpa false`
warning: Goldbach/BG_Identity.lean:614:6: declaration uses 'sorry'
warning: Goldbach/BG_Identity.lean:651:15: unused variable `hX`

Note: This linter can be disabled with `set_option linter.unusedVariables false`
warning: Goldbach/BG_Identity.lean:652:5: unused variable `hN`

Note: This linter can be disabled with `set_option linter.unusedVariables false`
warning: Goldbach/BG_Identity.lean:684:5: unused variable `hk`

Note: This linter can be disabled with `set_option linter.unusedVariables false`
warning: Goldbach/BG_Identity.lean:709:28: This simp argument is unused:
  hUpos.ne'

Hint: Omit it from the simp argument list.
  s̵i̵m̵p̵ ̵[̵K̵_̵f̵u̵l̵l̵,̵ ̵K̵_̵f̵u̵l̵l̵_̵r̵a̵w̵,̵ ̵h̵U̵p̵o̵s̵.̵n̵e̵'̵]̵ ̵a̵t̵ ̵*̵s̲i̲m̲p̲ ̲[̲K̲_̲f̲u̲l̲l̲,̲
  ̲ ̲ ̲ ̲ ̲K̲_̲f̲u̲l̲l̲_̲r̲a̲w̲]̲ ̲a̲t̲ ̲*̲
  ̲ ̲ ̲ ̲ ̲ ̲ ̲-̲-̲ ̲a̲f̲t̲e̲r̲ ̲s̲i̲m̲p̲,̲ ̲g̲o̲a̲l̲ ̲b̲e̲c̲o̲m̲e̲s̲ ̲`̲0̲ ̲<̲ ̲1̲ ̲/̲ ̲(̲U̲c̲u̲t̲:̲ℝ̲)̲`̲
  ̲ ̲ ̲ ̲ ̲ ̲ ̲

Note: This linter can be disabled with `set_option linter.unusedSimpArgs false`
warning: Goldbach/BG_Identity.lean:734:5: unused variable `h`

Note: This linter can be disabled with `set_option linter.unusedVariables false`
warning: Goldbach/BG_Identity.lean:741:5: unused variable `h`

Note: This linter can be disabled with `set_option linter.unusedVariables false`
warning: Goldbach/BG_Identity.lean:757:25: unused variable `X`

Note: This linter can be disabled with `set_option linter.unusedVariables false`
warning: Goldbach/BG_Identity.lean:757:27: unused variable `N`

Note: This linter can be disabled with `set_option linter.unusedVariables false`
warning: Goldbach/BG_Identity.lean:781:5: unused variable `h`

Note: This linter can be disabled with `set_option linter.unusedVariables false`
warning: Goldbach/BG_Identity.lean:807:8: try 'simp' instead of 'simpa'

Note: This linter can be disabled with `set_option linter.unnecessarySimpa false`
warning: Goldbach/BG_Identity.lean:808:6: try 'simp' instead of 'simpa'

Note: This linter can be disabled with `set_option linter.unnecessarySimpa false`
warning: Goldbach/BG_Identity.lean:837:34: unused variable `hk`

Note: This linter can be disabled with `set_option linter.unusedVariables false`
warning: Goldbach/BG_Identity.lean:841:35: unused variable `hk`

Note: This linter can be disabled with `set_option linter.unusedVariables false`
warning: Goldbach/BG_Identity.lean:942:6: declaration uses 'sorry'
error: Goldbach/BG_Identity.lean:996:12: maximum recursion depth has been reached
use `set_option maxRecDepth <num>` to increase limit
use `set_option diagnostics true` to get diagnostic information
error: Goldbach/BG_Identity.lean:1032:12: maximum recursion depth has been reached
use `set_option maxRecDepth <num>` to increase limit
use `set_option diagnostics true` to get diagnostic information
error: Goldbach/BG_Identity.lean:1042:10: maximum recursion depth has been reached
use `set_option maxRecDepth <num>` to increase limit
use `set_option diagnostics true` to get diagnostic information
warning: Goldbach/BG_Identity.lean:1112:5: unused variable `h`

Note: This linter can be disabled with `set_option linter.unusedVariables false`
warning: Goldbach/BG_Identity.lean:1146:54: try 'simp' instead of 'simpa'

Note: This linter can be disabled with `set_option linter.unnecessarySimpa false`
warning: Goldbach/BG_Identity.lean:1134:10: This simp argument is unused:
  Pref_of

Hint: Omit it from the simp argument list.
  simp [P̵r̵e̵f̵_̵o̵f̵,̵ ̵hk]

Note: This linter can be disabled with `set_option linter.unusedSimpArgs false`
warning: Goldbach/BG_Identity.lean:1176:8: try 'simp' instead of 'simpa'

Note: This linter can be disabled with `set_option linter.unnecessarySimpa false`
warning: Goldbach/BG_Identity.lean:1177:6: try 'simp' instead of 'simpa'

Note: This linter can be disabled with `set_option linter.unnecessarySimpa false`
error: Goldbach/BG_Identity.lean:1241:16: maximum recursion depth has been reached
use `set_option maxRecDepth <num>` to increase limit
use `set_option diagnostics true` to get diagnostic information
error: Goldbach/BG_Identity.lean:1263:16: No goals to be solved
error: Goldbach/BG_Identity.lean:1275:4: maximum recursion depth has been reached
use `set_option maxRecDepth <num>` to increase limit
use `set_option diagnostics true` to get diagnostic information
error: Goldbach/BG_Identity.lean:1293:12: maximum recursion depth has been reached
use `set_option maxRecDepth <num>` to increase limit
use `set_option diagnostics true` to get diagnostic information
error: Goldbach/BG_Identity.lean:1299:12: maximum recursion depth has been reached
use `set_option maxRecDepth <num>` to increase limit
use `set_option diagnostics true` to get diagnostic information
error: Goldbach/BG_Identity.lean:1300:2: maximum recursion depth has been reached
use `set_option maxRecDepth <num>` to increase limit
use `set_option diagnostics true` to get diagnostic information
warning: Goldbach/BG_Identity.lean:1302:6: declaration uses 'sorry'
error: Goldbach/BG_Identity.lean:1348:21: maximum recursion depth has been reached
use `set_option maxRecDepth <num>` to increase limit
use `set_option diagnostics true` to get diagnostic information
warning: Goldbach/BG_Identity.lean:1376:28: unused variable `X`

Note: This linter can be disabled with `set_option linter.unusedVariables false`
warning: Goldbach/BG_Identity.lean:1376:30: unused variable `N`

Note: This linter can be disabled with `set_option linter.unusedVariables false`
warning: Goldbach/BG_Identity.lean:1377:28: unused variable `X`

Note: This linter can be disabled with `set_option linter.unusedVariables false`
warning: Goldbach/BG_Identity.lean:1377:30: unused variable `N`

Note: This linter can be disabled with `set_option linter.unusedVariables false`
error: Goldbach/BG_Identity.lean:1403:21: maximum recursion depth has been reached
use `set_option maxRecDepth <num>` to increase limit
use `set_option diagnostics true` to get diagnostic information
error: Lean exited with code 1
Some required targets logged failures:
- Goldbach.BG_Identity
error: build failed
⚠ [7587/7613] Replayed Goldbach.Compat
warning: Goldbach/Compat.lean:18:2: try 'simp' instead of 'simpa'

Note: This linter can be disabled with `set_option linter.unnecessarySimpa false`
warning: Goldbach/Compat.lean:24:40: unused variable `hb`

Note: This linter can be disabled with `set_option linter.unusedVariables false`
warning: Goldbach/Compat.lean:50:4: try 'simp' instead of 'simpa'

Note: This linter can be disabled with `set_option linter.unnecessarySimpa false`
⚠ [7590/7613] Replayed Goldbach.Windows
warning: Goldbach/Windows.lean:63:4: try 'simp' instead of 'simpa'

Note: This linter can be disabled with `set_option linter.unnecessarySimpa false`
warning: Goldbach/Windows.lean:68:2: try 'simp' instead of 'simpa'

Note: This linter can be disabled with `set_option linter.unnecessarySimpa false`
warning: Goldbach/Windows.lean:68:38: this tactic is never executed

Note: This linter can be disabled with `set_option linter.unreachableTactic false`
warning: Goldbach/Windows.lean:68:38: 'simpa using hmap' tactic does nothing

Note: This linter can be disabled with `set_option linter.unusedTactic false`
⚠ [7595/7613] Replayed Goldbach.AO_AssembleEnvelope
warning: Goldbach/AO_AssembleEnvelope.lean:67:20: try 'simp' instead of 'simpa'

Note: This linter can be disabled with `set_option linter.unnecessarySimpa false`
⚠ [7597/7613] Replayed Goldbach.AO_Major
warning: Goldbach/AO_Major.lean:21:13: unused variable `hX`

Note: This linter can be disabled with `set_option linter.unusedVariables false`
warning: Goldbach/AO_Major.lean:21:35: unused variable `hN`

Note: This linter can be disabled with `set_option linter.unusedVariables false`
warning: Goldbach/AO_Major.lean:25:24: This simp argument is unused:
  add_assoc

Hint: Omit it from the simp argument list.
  simp [Goldbach.AO_Major.errAO, Goldbach.AO_Major.weight_mass, Goldbach.AO_Core.errAO,
       ̵ ̵ ̵ ̵sub_eq_add_neg, add_a̵s̵s̵o̵c̵,̵ ̵a̵d̵d̵_̵left_comm, add_comm, mul_assoc]

Note: This linter can be disabled with `set_option linter.unusedSimpArgs false`
warning: Goldbach/AO_Major.lean:25:60: This simp argument is unused:
  mul_assoc

Hint: Omit it from the simp argument list.
  simp [Goldbach.AO_Major.errAO, Goldbach.AO_Major.weight_mass, Goldbach.AO_Core.errAO,
       ̵ ̵ ̵ ̵sub_eq_add_neg, add_assoc, add_left_comm, add_comm,̵ ̵m̵u̵l̵_̵a̵s̵s̵o̵c̵]

Note: This linter can be disabled with `set_option linter.unusedSimpArgs false`
warning: Goldbach/AO_Major.lean:46:5: unused variable `h`

Note: This linter can be disabled with `set_option linter.unusedVariables false`
warning: Goldbach/AO_Major.lean:58:24: This simp argument is unused:
  dif_pos

Hint: Omit it from the simp argument list.
  simp only [MPDF, win, d̵i̵f̵_̵p̵o̵s̵,̵ ̵mul_div_assoc']

Note: This linter can be disabled with `set_option linter.unusedSimpArgs false`
warning: Goldbach/AO_Major.lean:58:33: This simp argument is unused:
  mul_div_assoc'

Hint: Omit it from the simp argument list.
  simp only [MPDF, win, dif_pos,̵ ̵m̵u̵l̵_̵d̵i̵v̵_̵a̵s̵s̵o̵c̵'̵]

Note: This linter can be disabled with `set_option linter.unusedSimpArgs false`
warning: Goldbach/AO_Major.lean:81:69: try 'simp' instead of 'simpa'

Note: This linter can be disabled with `set_option linter.unnecessarySimpa false`
warning: Goldbach/AO_Major.lean:82:68: try 'simp' instead of 'simpa'

Note: This linter can be disabled with `set_option linter.unnecessarySimpa false`
warning: Goldbach/AO_Major.lean:83:68: try 'simp' instead of 'simpa'

Note: This linter can be disabled with `set_option linter.unnecessarySimpa false`
warning: Goldbach/AO_Major.lean:85:90: This simp argument is unused:
  add_assoc

Hint: Omit it from the simp argument list.
  simp [sub_eq_add_neg,̵ ̵a̵d̵d̵_̵a̵s̵s̵o̵c̵]

Note: This linter can be disabled with `set_option linter.unusedSimpArgs false`
warning: Goldbach/AO_Major.lean:101:24: This simp argument is unused:
  dif_pos

Hint: Omit it from the simp argument list.
  simp only [MPDF, win,̵ ̵d̵i̵f̵_̵p̵o̵s̵]

Note: This linter can be disabled with `set_option linter.unusedSimpArgs false`
⚠ [7599/7613] Replayed Goldbach.BG_Bank
warning: Goldbach/BG_Bank.lean:13:25: unused variable `n`

Note: This linter can be disabled with `set_option linter.unusedVariables false`
warning: Goldbach/BG_Bank.lean:75:4: try 'simp' instead of 'simpa'

Note: This linter can be disabled with `set_option linter.unnecessarySimpa false`
warning: Goldbach/BG_Bank.lean:75:25: this tactic is never executed

Note: This linter can be disabled with `set_option linter.unreachableTactic false`
warning: Goldbach/BG_Bank.lean:75:25: 'decide' tactic does nothing

Note: This linter can be disabled with `set_option linter.unusedTactic false`
warning: Goldbach/BG_Bank.lean:288:14: try 'simp' instead of 'simpa'

Note: This linter can be disabled with `set_option linter.unnecessarySimpa false`
warning: Goldbach/BG_Bank.lean:188:42: This simp argument is unused:
  Nat.cast_sub hn_le

Hint: Omit it from the simp argument list.
  simp only [Nat.cast_succ,̵ ̵N̵a̵t̵.̵c̵a̵s̵t̵_̵s̵u̵b̵ ̵h̵n̵_̵l̵e̵]

Note: This linter can be disabled with `set_option linter.unusedSimpArgs false`
warning: Goldbach/BG_Bank.lean:194:24: This simp argument is unused:
  abs_of_nonneg hlog_Nm_nn

Hint: Omit it from the simp argument list.
  simp [hp,̵ ̵a̵b̵s̵_̵o̵f̵_̵n̵o̵n̵n̵e̵g̵ ̵h̵l̵o̵g̵_̵N̵m̵_̵n̵n̵]

Note: This linter can be disabled with `set_option linter.unusedSimpArgs false`
warning: Goldbach/BG_Bank.lean:202:24: This simp argument is unused:
  abs_of_nonneg hlog_Np1_nn

Hint: Omit it from the simp argument list.
  simp [hp,̵ ̵a̵b̵s̵_̵o̵f̵_̵n̵o̵n̵n̵e̵g̵ ̵h̵l̵o̵g̵_̵N̵p̵1̵_̵n̵n̵]

Note: This linter can be disabled with `set_option linter.unusedSimpArgs false`
warning: Goldbach/BG_Bank.lean:218:46: This simp argument is unused:
  mul_comm

Hint: Omit it from the simp argument list.
  simp [abs_mul, mul_assoc, m̵u̵l̵_̵c̵o̵m̵m̵,̵ ̵mul_left_comm]

Note: This linter can be disabled with `set_option linter.unusedSimpArgs false`
warning: Goldbach/BG_Bank.lean:326:20: This simp argument is unused:
  hlogXabs

Hint: Omit it from the simp argument list.
  simp [h̵l̵o̵g̵X̵a̵b̵s̵,̵ ̵mul_comm, mul_left_comm, mul_assoc]

Note: This linter can be disabled with `set_option linter.unusedSimpArgs false`
warning: Goldbach/BG_Bank.lean:326:30: This simp argument is unused:
  mul_comm

Hint: Omit it from the simp argument list.
  simp [hlogXabs, m̵u̵l̵_̵c̵o̵m̵m̵,̵ ̵mul_left_comm, mul_assoc]

Note: This linter can be disabled with `set_option linter.unusedSimpArgs false`
warning: Goldbach/BG_Bank.lean:403:14: try 'simp' instead of 'simpa'

Note: This linter can be disabled with `set_option linter.unnecessarySimpa false`
warning: Goldbach/BG_Bank.lean:405:14: try 'simp' instead of 'simpa'

Note: This linter can be disabled with `set_option linter.unnecessarySimpa false`
warning: Goldbach/BG_Bank.lean:407:40: This simp argument is unused:
  add_comm

Hint: Omit it from the simp argument list.
  simp [div_self, hlogX_ne, add_c̵o̵m̵m̵,̵ ̵a̵d̵d̵_̵left_comm, add_assoc]

Note: This linter can be disabled with `set_option linter.unusedSimpArgs false`
warning: Goldbach/BG_Bank.lean:407:50: This simp argument is unused:
  add_left_comm

Hint: Omit it from the simp argument list.
  simp [div_self, hlogX_ne, add_comm, a̵d̵d̵_̵l̵e̵f̵t̵_̵c̵o̵m̵m̵,̵ ̵add_assoc]

Note: This linter can be disabled with `set_option linter.unusedSimpArgs false`
warning: Goldbach/BG_Bank.lean:407:65: This simp argument is unused:
  add_assoc

Hint: Omit it from the simp argument list.
  simp [div_self, hlogX_ne, add_comm, add_left_comm,̵ ̵a̵d̵d̵_̵a̵s̵s̵o̵c̵]

Note: This linter can be disabled with `set_option linter.unusedSimpArgs false`
warning: Goldbach/BG_Bank.lean:547:63: try 'simp' instead of 'simpa'

Note: This linter can be disabled with `set_option linter.unnecessarySimpa false`
warning: Goldbach/BG_Bank.lean:550:47: This simp argument is unused:
  add_comm

Hint: Omit it from the simp argument list.
  simp [add_div, div_self, hlogX_ne, add_c̵o̵m̵m̵,̵ ̵a̵d̵d̵_̵left_comm, add_assoc]

Note: This linter can be disabled with `set_option linter.unusedSimpArgs false`
warning: Goldbach/BG_Bank.lean:550:57: This simp argument is unused:
  add_left_comm

Hint: Omit it from the simp argument list.
  simp [add_div, div_self, hlogX_ne, add_comm, a̵d̵d̵_̵l̵e̵f̵t̵_̵c̵o̵m̵m̵,̵ ̵add_assoc]

Note: This linter can be disabled with `set_option linter.unusedSimpArgs false`
warning: Goldbach/BG_Bank.lean:550:72: This simp argument is unused:
  add_assoc

Hint: Omit it from the simp argument list.
  simp [add_div, div_self, hlogX_ne, add_comm, add_left_comm,̵ ̵a̵d̵d̵_̵a̵s̵s̵o̵c̵]

Note: This linter can be disabled with `set_option linter.unusedSimpArgs false`
warning: Goldbach/BG_Bank.lean:559:56: This simp argument is unused:
  add_left_comm

Hint: Omit it from the simp argument list.
  simp [c, Nat.cast_add, Nat.cast_one, add_assoc, a̵d̵d̵_̵l̵e̵f̵t̵_̵c̵o̵m̵m̵,̵ ̵add_comm, add_div, div_self hX0_ne]

Note: This linter can be disabled with `set_option linter.unusedSimpArgs false`
⚠ [7600/7613] Replayed Goldbach.BG_Operator
warning: Goldbach/BG_Operator.lean:31:2: try 'simp' instead of 'simpa'

Note: This linter can be disabled with `set_option linter.unnecessarySimpa false`
warning: Goldbach/BG_Operator.lean:98:2: try 'simp' instead of 'simpa'

Note: This linter can be disabled with `set_option linter.unnecessarySimpa false`
⚠ [7602/7613] Replayed Goldbach.SingularSeries
warning: Goldbach/SingularSeries.lean:40:5: unused variable `h`

Note: This linter can be disabled with `set_option linter.unusedVariables false`
warning: Goldbach/SingularSeries.lean:88:8: `Finset.eq_empty_iff_forall_not_mem` has been deprecated: Use `Finset.eq_empty_iff_forall_notMem` instead
warning: Goldbach/SingularSeries.lean:98:4: try 'simp' instead of 'simpa'

Note: This linter can be disabled with `set_option linter.unnecessarySimpa false`
warning: Goldbach/SingularSeries.lean:99:28: this tactic is never executed

Note: This linter can be disabled with `set_option linter.unreachableTactic false`
warning: Goldbach/SingularSeries.lean:99:57: this tactic is never executed

Note: This linter can be disabled with `set_option linter.unreachableTactic false`
warning: Goldbach/SingularSeries.lean:99:28: 'decide' tactic does nothing

Note: This linter can be disabled with `set_option linter.unusedTactic false`
warning: Goldbach/SingularSeries.lean:99:57: 'decide' tactic does nothing

Note: This linter can be disabled with `set_option linter.unusedTactic false`
⚠ [7604/7613] Replayed Goldbach.PPNumerics
warning: Goldbach/PPNumerics.lean:24:42: try 'simp' instead of 'simpa'

Note: This linter can be disabled with `set_option linter.unnecessarySimpa false`
warning: Goldbach/PPNumerics.lean:27:6: try 'simp' instead of 'simpa'

Note: This linter can be disabled with `set_option linter.unnecessarySimpa false`
⚠ [7605/7613] Replayed Goldbach.PPBoundSquares
warning: Goldbach/PPBoundSquares.lean:41:8: try 'simp' instead of 'simpa'

Note: This linter can be disabled with `set_option linter.unnecessarySimpa false`
warning: Goldbach/PPBoundSquares.lean:228:10: try 'simp' instead of 'simpa'

Note: This linter can be disabled with `set_option linter.unnecessarySimpa false`
⚠ [7607/7613] Replayed Goldbach.AnalyticGlobal
warning: Goldbach/AnalyticGlobal.lean:65:28: This simp argument is unused:
  one_div

Hint: Omit it from the simp argument list.
  simp [div_eq_mul_inv, o̵n̵e̵_̵d̵i̵v̵,̵ ̵mul_comm]

Note: This linter can be disabled with `set_option linter.unusedSimpArgs false`
warning: Goldbach/AnalyticGlobal.lean:68:30: This simp argument is unused:
  one_div

Hint: Omit it from the simp argument list.
  simp [div_eq_mul_inv, o̵n̵e̵_̵d̵i̵v̵,̵ ̵mul_comm]

Note: This linter can be disabled with `set_option linter.unusedSimpArgs false`
warning: Goldbach/AnalyticGlobal.lean:70:39: This simp argument is unused:
  mul_left_comm

Hint: Omit it from the simp argument list.
  simp [one_div, S_ne, mul_comm, mul_l̵e̵f̵t̵_̵c̵o̵m̵m̵,̵ ̵m̵u̵l̵_̵assoc]

Note: This linter can be disabled with `set_option linter.unusedSimpArgs false`
warning: Goldbach/AnalyticGlobal.lean:70:54: This simp argument is unused:
  mul_assoc

Hint: Omit it from the simp argument list.
  simp [one_div, S_ne, mul_comm, mul_left_comm,̵ ̵m̵u̵l̵_̵a̵s̵s̵o̵c̵]

Note: This linter can be disabled with `set_option linter.unusedSimpArgs false`
⚠ [7608/7613] Replayed Goldbach.BankPieces
warning: Goldbach/BankPieces.lean:15:63: `class ... :=` has been deprecated in favor of `class ... where`.

Note: This linter can be disabled with `set_option linter.deprecated false`
⚠ [7610/7613] Replayed Goldbach.Analytic.MajorBoundFromSigma
warning: Goldbach/Analytic/MajorBoundFromSigma.lean:21:75: `structure ... :=` has been deprecated in favor of `structure ... where`.

Note: This linter can be disabled with `set_option linter.deprecated false`
⚠ [7611/7613] Replayed Goldbach.Analytic.NumericSigma
warning: Goldbach/Analytic/NumericSigma.lean:23:32: unused variable `hX`

Note: This linter can be disabled with `set_option linter.unusedVariables false`
✖ [7613/7613] Building Goldbach.BG_Identity (59s)
trace: .> LEAN_PATH=/Users/benjaminnelson/Desktop/nerd shit/goldbach/builds/Goldbach/.lake/packages/Cli/.lake/build/lib/lean:/Users/benjaminnelson/Desktop/nerd shit/goldbach/builds/Goldbach/.lake/packages/batteries/.lake/build/lib/lean:/Users/benjaminnelson/Desktop/nerd shit/goldbach/builds/Goldbach/.lake/packages/Qq/.lake/build/lib/lean:/Users/benjaminnelson/Desktop/nerd shit/goldbach/builds/Goldbach/.lake/packages/aesop/.lake/build/lib/lean:/Users/benjaminnelson/Desktop/nerd shit/goldbach/builds/Goldbach/.lake/packages/proofwidgets/.lake/build/lib/lean:/Users/benjaminnelson/Desktop/nerd shit/goldbach/builds/Goldbach/.lake/packages/importGraph/.lake/build/lib/lean:/Users/benjaminnelson/Desktop/nerd shit/goldbach/builds/Goldbach/.lake/packages/LeanSearchClient/.lake/build/lib/lean:/Users/benjaminnelson/Desktop/nerd shit/goldbach/builds/Goldbach/.lake/packages/plausible/.lake/build/lib/lean:/Users/benjaminnelson/Desktop/nerd shit/goldbach/builds/Goldbach/.lake/packages/mathlib/.lake/build/lib/lean:/Users/benjaminnelson/Desktop/nerd shit/goldbach/builds/Goldbach/.lake/build/lib/lean /Users/benjaminnelson/.elan/toolchains/leanprover--lean4---v4.26.0-rc2/bin/lean /Users/benjaminnelson/Desktop/nerd shit/goldbach/builds/Goldbach/Goldbach/BG_Identity.lean -o /Users/benjaminnelson/Desktop/nerd shit/goldbach/builds/Goldbach/.lake/build/lib/lean/Goldbach/BG_Identity.olean -i /Users/benjaminnelson/Desktop/nerd shit/goldbach/builds/Goldbach/.lake/build/lib/lean/Goldbach/BG_Identity.ilean -c /Users/benjaminnelson/Desktop/nerd shit/goldbach/builds/Goldbach/.lake/build/ir/Goldbach/BG_Identity.c --setup /Users/benjaminnelson/Desktop/nerd shit/goldbach/builds/Goldbach/.lake/build/ir/Goldbach/BG_Identity.setup.json --json
warning: Goldbach/BG_Identity.lean:149:48: This simp argument is unused:
  add_comm

Hint: Omit it from the simp argument list.
  simp [Finset.sum_insert, hk, ih, mul_add, a̵d̵d̵_̵c̵o̵m̵m̵,̵ ̵add_left_comm, add_assoc, mul_comm, mul_left_comm,
  ̲  ̲ ̲ ̲ ̲ ̲ ̲ ̲mul_assoc]

Note: This linter can be disabled with `set_option linter.unusedSimpArgs false`
warning: Goldbach/BG_Identity.lean:149:58: This simp argument is unused:
  add_left_comm

Hint: Omit it from the simp argument list.
  simp [Finset.sum_insert, hk, ih, mul_add, add_comm, a̵d̵d̵_̵l̵e̵f̵t̵_̵c̵o̵m̵m̵,̵add_assoc, mul_comm, mul_left_comm,
  ̲  ̲ ̲ ̲ ̲ ̲ ̲ ̲mul_assoc]

Note: This linter can be disabled with `set_option linter.unusedSimpArgs false`
warning: Goldbach/BG_Identity.lean:150:12: This simp argument is unused:
  add_assoc

Hint: Omit it from the simp argument list.
  simp [Finset.sum_insert, hk, ih, mul_add, add_comm, add_left_comm, a̵d̵d̵_̵a̵s̵s̵o̵c̵,̵ ̵mul_comm, mul_left_comm,
  ̲  ̲ ̲ ̲ ̲ ̲ ̲ ̲mul_assoc]

Note: This linter can be disabled with `set_option linter.unusedSimpArgs false`
warning: Goldbach/BG_Identity.lean:150:23: This simp argument is unused:
  mul_comm

Hint: Omit it from the simp argument list.
  simp [Finset.sum_insert, hk, ih, mul_add, add_comm, add_left_comm, add_assoc, m̵u̵l̵_̵c̵o̵m̵m̵,̵ ̵mul_left_comm,
  ̲  ̲ ̲ ̲ ̲ ̲ ̲ ̲mul_assoc]

Note: This linter can be disabled with `set_option linter.unusedSimpArgs false`
warning: Goldbach/BG_Identity.lean:150:33: This simp argument is unused:
  mul_left_comm

Hint: Omit it from the simp argument list.
  simp [Finset.sum_insert, hk, ih, mul_add, add_comm, add_left_comm, add_assoc, mul_comm,
  ̲  ̲ ̲ ̲ ̲ ̲ ̲ ̲m̵u̵l̵_̵l̵e̵f̵t̵_̵c̵o̵m̵m̵,̵ ̵mul_assoc]

Note: This linter can be disabled with `set_option linter.unusedSimpArgs false`
warning: Goldbach/BG_Identity.lean:150:48: This simp argument is unused:
  mul_assoc

Hint: Omit it from the simp argument list.
  simp [Finset.sum_insert, hk, ih, mul_add, add_comm, add_left_comm, add_assoc, mul_comm,
  ̲  ̲ ̲ ̲ ̲ ̲ ̲ ̲m̵u̵l̵_̵l̵e̵f̵t̵_̵c̵o̵m̵m̵,̵ ̵m̵u̵l̵_̵a̵s̵s̵o̵c̵]̵m̲u̲l̲_̲l̲e̲f̲t̲_̲c̲o̲m̲m̲]̲

Note: This linter can be disabled with `set_option linter.unusedSimpArgs false`
error: Goldbach/BG_Identity.lean:219:15: Unknown constant `Int.natAbs_ofNat`
error: Goldbach/BG_Identity.lean:220:21: Unknown constant `Int.natAbs_ofNat`
error: Goldbach/BG_Identity.lean:197:76: unsolved goals
m : ℕ
hm : m ≤ Ucut
hnonneg : 0 ≤ 1 - ↑m / ↑Ucut
hmax : max (1 - ↑m / ↑Ucut) 0 = 1 - ↑m / ↑Ucut
hbranch : max (1 - ↑(Int.ofNat m).natAbs / ↑Ucut) 0 = 1 - ↑(Int.ofNat m).natAbs / ↑Ucut
⊢ max (1 - ↑m / (↑H + ↑((H + 99) / 100))) 0 / (↑H + ↑((H + 99) / 100)) =
    (1 - ↑m / (↑H + ↑((H + 99) / 100))) / (↑H + ↑((H + 99) / 100))
warning: Goldbach/BG_Identity.lean:204:12: This simp argument is unused:
  hU

Hint: Omit it from the simp argument list.
  simp [hU̵,̵ ̵h̵m0]

Note: This linter can be disabled with `set_option linter.unusedSimpArgs false`
warning: Goldbach/BG_Identity.lean:220:8: This simp argument is unused:
  hbranch

Hint: Omit it from the simp argument list.
  simp [h̵b̵r̵a̵n̵c̵h̵,̵ ̵Int.natAbs_ofNat]

Note: This linter can be disabled with `set_option linter.unusedSimpArgs false`
warning: Goldbach/BG_Identity.lean:246:10: This simp argument is unused:
  Finset.sum_insert

Hint: Omit it from the simp argument list.
  simp [̵F̵i̵n̵s̵e̵t̵.̵s̵u̵m̵_̵i̵n̵s̵e̵r̵t̵,̵ ̵h̵a̵,̵[̲h̲a̲,̲ ih, mul_add, add_comm, add_left_comm, add_assoc, mul_comm, mul_left_comm, mul_assoc]

Note: This linter can be disabled with `set_option linter.unusedSimpArgs false`
warning: Goldbach/BG_Identity.lean:246:33: This simp argument is unused:
  ih

Hint: Omit it from the simp argument list.
  simp [Finset.sum_insert, ha, i̵h̵,̵ ̵mul_add, add_comm, add_left_comm,
  ̵  ̵ ̵ ̵ ̵ ̵ ̵ ̵ ̵ ̵add_assoc, mul_comm,
  ̲  ̲ ̲ ̲ ̲ ̲mul_left_comm, mul_assoc]

Note: This linter can be disabled with `set_option linter.unusedSimpArgs false`
warning: Goldbach/BG_Identity.lean:246:56: This simp argument is unused:
  add_left_comm

Hint: Omit it from the simp argument list.
  simp [Finset.sum_insert, ha, ih, mul_add, add_comm, a̵d̵d̵_̵l̵e̵f̵t̵_̵c̵o̵m̵m̵,̵add_assoc, mul_comm, mul_left_comm,
  ̲  ̲ ̲ ̲ ̲ ̲mul_assoc]

Note: This linter can be disabled with `set_option linter.unusedSimpArgs false`
warning: Goldbach/BG_Identity.lean:247:10: This simp argument is unused:
  add_assoc

Hint: Omit it from the simp argument list.
  simp [Finset.sum_insert, ha, ih, mul_add, add_comm, add_left_comm, a̵d̵d̵_̵a̵s̵s̵o̵c̵,̵ ̵mul_comm, mul_left_comm,
  ̲  ̲ ̲ ̲ ̲ ̲mul_assoc]

Note: This linter can be disabled with `set_option linter.unusedSimpArgs false`
warning: Goldbach/BG_Identity.lean:247:31: This simp argument is unused:
  mul_left_comm

Hint: Omit it from the simp argument list.
  simp [Finset.sum_insert, ha, ih, mul_add, add_comm, add_left_comm, add_assoc, mul_comm,
  ̲  ̲ ̲ ̲ ̲ ̲m̵u̵l̵_̵l̵e̵f̵t̵_̵c̵o̵m̵m̵,̵ ̵mul_assoc]

Note: This linter can be disabled with `set_option linter.unusedSimpArgs false`
warning: Goldbach/BG_Identity.lean:247:46: This simp argument is unused:
  mul_assoc

Hint: Omit it from the simp argument list.
  simp [Finset.sum_insert, ha, ih, mul_add, add_comm, add_left_comm, add_assoc, mul_comm,
  ̲  ̲ ̲ ̲ ̲ ̲m̵u̵l̵_̵l̵e̵f̵t̵_̵c̵o̵m̵m̵,̵ ̵m̵u̵l̵_̵a̵s̵s̵o̵c̵]̵m̲u̲l̲_̲l̲e̲f̲t̲_̲c̲o̲m̲m̲]̲

Note: This linter can be disabled with `set_option linter.unusedSimpArgs false`
warning: Goldbach/BG_Identity.lean:278:10: try 'simp' instead of 'simpa'

Note: This linter can be disabled with `set_option linter.unnecessarySimpa false`
warning: Goldbach/BG_Identity.lean:285:10: try 'simp' instead of 'simpa'

Note: This linter can be disabled with `set_option linter.unnecessarySimpa false`
error: Goldbach/BG_Identity.lean:268:2: unsolved goals
case h.mpr
n : ℕ
z : ℤ
hz : z ∈ Finset.Icc (-↑n) ↑n
hI : -↑n ≤ z ∧ z ≤ ↑n
hz_ne_pos : z ≠ ↑n.succ
hz_ne_neg : z ≠ -↑n.succ
hzI' : z ∈ Finset.Icc (-↑n.succ) ↑n.succ
⊢ -1 < z + ↑n ∧ z < ↑n + 1
warning: Goldbach/BG_Identity.lean:292:10: This simp argument is unused:
  Finset.mem_erase

Hint: Omit it from the simp argument list.
  simp [F̵i̵n̵s̵e̵t̵.̵m̵e̵m̵_̵e̵r̵a̵s̵e̵,̵ ̵hz_ne_pos, hz_ne_neg, hzI']

Note: This linter can be disabled with `set_option linter.unusedSimpArgs false`
warning: Goldbach/BG_Identity.lean:292:28: This simp argument is unused:
  hz_ne_pos

Hint: Omit it from the simp argument list.
  simp [Finset.mem_erase, h̵z̵_̵n̵e̵_̵p̵o̵s̵,̵ ̵hz_ne_neg, hzI']

Note: This linter can be disabled with `set_option linter.unusedSimpArgs false`
warning: Goldbach/BG_Identity.lean:292:39: This simp argument is unused:
  hz_ne_neg

Hint: Omit it from the simp argument list.
  simp [Finset.mem_erase, hz_ne_pos, hz_̵n̵e̵_̵n̵e̵g̵,̵ ̵h̵z̵I']

Note: This linter can be disabled with `set_option linter.unusedSimpArgs false`
warning: Goldbach/BG_Identity.lean:292:50: This simp argument is unused:
  hzI'

Hint: Omit it from the simp argument list.
  simp [Finset.mem_erase, hz_ne_pos, hz_ne_neg,̵ ̵h̵z̵I̵'̵]

Note: This linter can be disabled with `set_option linter.unusedSimpArgs false`
error: Goldbach/BG_Identity.lean:340:8: Type mismatch: After simplification, term
  hstep2
 has type
  f (-↑n + -1) + ∑ x ∈ (s.erase (↑n + 1)).erase (-↑n + -1), f x = ∑ x ∈ s.erase (↑n + 1), f x
but is expected to have type
  ∑ x ∈ s.erase (↑n + 1), f x = f (-↑n + -1) + ∑ x ∈ (s.erase (↑n + 1)).erase (-↑n + -1), f x
warning: Goldbach/BG_Identity.lean:354:13: `Finset.range_succ` has been deprecated: Use `Finset.range_add_one` instead
warning: Goldbach/BG_Identity.lean:354:6: try 'simp' instead of 'simpa'

Note: This linter can be disabled with `set_option linter.unnecessarySimpa false`
warning: Goldbach/BG_Identity.lean:366:23: `Int.ofNat_eq_coe` has been deprecated: Use `Int.ofNat_eq_natCast` instead
error: Goldbach/BG_Identity.lean:369:12: Tactic `assumption` failed

f : ℤ → ℝ
hEven : ∀ (z : ℤ), f (-z) = f z
n : ℕ
ih : (Finset.Icc (-↑n) ↑n).sum f = f 0 + 2 * ∑ k ∈ Finset.range n, f (Int.ofNat k.succ)
s : Finset ℤ := Finset.Icc (-↑n.succ) ↑n.succ
s0 : Finset ℤ := s.erase ↑n.succ
s1 : Finset ℤ := s0.erase (-↑n.succ)
hmem_pos : ↑n.succ ∈ s
hmem_neg : -↑n.succ ∈ s
hmem_neg_s0 : -↑n.succ ∈ s0
hstep1 : ∑ x ∈ s.erase ↑n.succ, f x + f ↑n.succ = ∑ x ∈ s, f x
hstep2 : ∑ x ∈ s0.erase (-↑n.succ), f x + f (-↑n.succ) = ∑ x ∈ s0, f x
hs1 : s1 = Finset.Icc (-↑n) ↑n
this✝ : s.sum f = s1.sum f + f (-↑n.succ) + f ↑n.succ
hIH : (Finset.Icc (-↑n) ↑n).sum f = f 0 + 2 * ∑ k ∈ Finset.range n, f (Int.ofNat k.succ)
hrange :
  ∑ k ∈ Finset.range n.succ, f (Int.ofNat k.succ) = ∑ k ∈ Finset.range n, f (Int.ofNat k.succ) + f (Int.ofNat n.succ)
this : s.sum f = (Finset.Icc (-↑n) ↑n).sum f + f (↑n + 1) + f (-1 + -↑n)
⊢ ∑ x ∈ Finset.range n, f (↑x + 1) + f (↑n + 1) = ∑ x ∈ Finset.range (n + 1), f (↑x + 1)
error: Goldbach/BG_Identity.lean:393:6: Type mismatch: After simplification, term
  this
 has type
  True
but is expected to have type
  ↑n + 2 = ↑n + 1 + 1 ∨ ↑n + 1 = 0
error: Goldbach/BG_Identity.lean:378:2: unsolved goals
case succ
n : ℕ
ih : ∑ k ∈ Finset.range n, ↑k.succ = ↑n * (↑n + 1) / 2
h : ∑ x ∈ Finset.range (n + 1), ↑x.succ = ∑ x ∈ Finset.range n, ↑x.succ + ↑n.succ
h' : ∑ k ∈ Finset.range n.succ, ↑k.succ = ∑ k ∈ Finset.range n, ↑k.succ + ↑n.succ
h'' : ↑n * (↑n + 1) / 2 + ↑n.succ = ↑n.succ * (↑n.succ + 1) / 2
⊢ ∑ k ∈ Finset.range (n + 1), ↑k.succ = ↑(n + 1) * (↑(n + 1) + 1) / 2
error: Goldbach/BG_Identity.lean:394:2: No goals to be solved
error: Goldbach/BG_Identity.lean:399:76: Application type mismatch: The argument
  hU0
has type
  U ≠ 0
of sort `Prop` but is expected to have type
  ?m.61
of sort `Type ?u.7892` in the application
  inv_mul_cancel hU0
error: Goldbach/BG_Identity.lean:403:26: Tactic `assumption` failed

U : ℝ
hU0 : U ≠ 0
hcancel : 1 / U * U = 1
⊢ U⁻¹ * U * ((U + 1) / 2) = (U + 1) / 2
warning: Goldbach/BG_Identity.lean:418:44: try 'simp' instead of 'simpa'

Note: This linter can be disabled with `set_option linter.unnecessarySimpa false`
warning: Goldbach/BG_Identity.lean:421:50: This simp argument is unused:
  add_comm

Hint: Omit it from the simp argument list.
  simp [h₁, h₂, Finset.sum_insert, ha, mul_add, add_c̵o̵m̵m̵,̵ ̵a̵d̵d̵_̵left_comm, add_assoc]

Note: This linter can be disabled with `set_option linter.unusedSimpArgs false`
warning: Goldbach/BG_Identity.lean:421:60: This simp argument is unused:
  add_left_comm

Hint: Omit it from the simp argument list.
  simp [h₁, h₂, Finset.sum_insert, ha, mul_add, add_comm, a̵d̵d̵_̵l̵e̵f̵t̵_̵c̵o̵m̵m̵,̵ ̵add_assoc]

Note: This linter can be disabled with `set_option linter.unusedSimpArgs false`
warning: Goldbach/BG_Identity.lean:421:75: This simp argument is unused:
  add_assoc

Hint: Omit it from the simp argument list.
  simp [h₁, h₂, Finset.sum_insert, ha, mul_add, add_comm, add_left_comm,̵ ̵a̵d̵d̵_̵a̵s̵s̵o̵c̵]

Note: This linter can be disabled with `set_option linter.unusedSimpArgs false`
warning: Goldbach/BG_Identity.lean:430:46: This simp argument is unused:
  add_comm

Hint: Omit it from the simp argument list.
  simp [Finset.sum_insert, hb, ih, mul_add, add_c̵o̵m̵m̵,̵ ̵a̵d̵d̵_̵left_comm, add_assoc]

Note: This linter can be disabled with `set_option linter.unusedSimpArgs false`
warning: Goldbach/BG_Identity.lean:430:56: This simp argument is unused:
  add_left_comm

Hint: Omit it from the simp argument list.
  simp [Finset.sum_insert, hb, ih, mul_add, add_comm, a̵d̵d̵_̵l̵e̵f̵t̵_̵c̵o̵m̵m̵,̵ ̵add_assoc]

Note: This linter can be disabled with `set_option linter.unusedSimpArgs false`
warning: Goldbach/BG_Identity.lean:430:71: This simp argument is unused:
  add_assoc

Hint: Omit it from the simp argument list.
  simp [Finset.sum_insert, hb, ih, mul_add, add_comm, add_left_comm,̵ ̵a̵d̵d̵_̵a̵s̵s̵o̵c̵]

Note: This linter can be disabled with `set_option linter.unusedSimpArgs false`
warning: Goldbach/BG_Identity.lean:526:6: declaration uses 'sorry'
warning: Goldbach/BG_Identity.lean:548:4: try 'simp' instead of 'simpa'

Note: This linter can be disabled with `set_option linter.unnecessarySimpa false`
warning: Goldbach/BG_Identity.lean:571:25: try 'simp' instead of 'simpa'

Note: This linter can be disabled with `set_option linter.unnecessarySimpa false`
warning: Goldbach/BG_Identity.lean:614:6: declaration uses 'sorry'
warning: Goldbach/BG_Identity.lean:651:15: unused variable `hX`

Note: This linter can be disabled with `set_option linter.unusedVariables false`
warning: Goldbach/BG_Identity.lean:652:5: unused variable `hN`

Note: This linter can be disabled with `set_option linter.unusedVariables false`
warning: Goldbach/BG_Identity.lean:684:5: unused variable `hk`

Note: This linter can be disabled with `set_option linter.unusedVariables false`
warning: Goldbach/BG_Identity.lean:709:28: This simp argument is unused:
  hUpos.ne'

Hint: Omit it from the simp argument list.
  s̵i̵m̵p̵ ̵[̵K̵_̵f̵u̵l̵l̵,̵ ̵K̵_̵f̵u̵l̵l̵_̵r̵a̵w̵,̵ ̵h̵U̵p̵o̵s̵.̵n̵e̵'̵]̵ ̵a̵t̵ ̵*̵s̲i̲m̲p̲ ̲[̲K̲_̲f̲u̲l̲l̲,̲
  ̲ ̲ ̲ ̲ ̲K̲_̲f̲u̲l̲l̲_̲r̲a̲w̲]̲ ̲a̲t̲ ̲*̲
  ̲ ̲ ̲ ̲ ̲ ̲ ̲-̲-̲ ̲a̲f̲t̲e̲r̲ ̲s̲i̲m̲p̲,̲ ̲g̲o̲a̲l̲ ̲b̲e̲c̲o̲m̲e̲s̲ ̲`̲0̲ ̲<̲ ̲1̲ ̲/̲ ̲(̲U̲c̲u̲t̲:̲ℝ̲)̲`̲
  ̲ ̲ ̲ ̲ ̲ ̲ ̲

Note: This linter can be disabled with `set_option linter.unusedSimpArgs false`
warning: Goldbach/BG_Identity.lean:734:5: unused variable `h`

Note: This linter can be disabled with `set_option linter.unusedVariables false`
warning: Goldbach/BG_Identity.lean:741:5: unused variable `h`

Note: This linter can be disabled with `set_option linter.unusedVariables false`
warning: Goldbach/BG_Identity.lean:757:25: unused variable `X`

Note: This linter can be disabled with `set_option linter.unusedVariables false`
warning: Goldbach/BG_Identity.lean:757:27: unused variable `N`

Note: This linter can be disabled with `set_option linter.unusedVariables false`
warning: Goldbach/BG_Identity.lean:781:5: unused variable `h`

Note: This linter can be disabled with `set_option linter.unusedVariables false`
warning: Goldbach/BG_Identity.lean:807:8: try 'simp' instead of 'simpa'

Note: This linter can be disabled with `set_option linter.unnecessarySimpa false`
warning: Goldbach/BG_Identity.lean:808:6: try 'simp' instead of 'simpa'

Note: This linter can be disabled with `set_option linter.unnecessarySimpa false`
warning: Goldbach/BG_Identity.lean:837:34: unused variable `hk`

Note: This linter can be disabled with `set_option linter.unusedVariables false`
warning: Goldbach/BG_Identity.lean:841:35: unused variable `hk`

Note: This linter can be disabled with `set_option linter.unusedVariables false`
warning: Goldbach/BG_Identity.lean:942:6: declaration uses 'sorry'
error: Goldbach/BG_Identity.lean:996:12: maximum recursion depth has been reached
use `set_option maxRecDepth <num>` to increase limit
use `set_option diagnostics true` to get diagnostic information
error: Goldbach/BG_Identity.lean:1028:18: Type mismatch
  rfl
has type
  ?m.638 = ?m.638
but is expected to have type
  1 / ↑Ucut * (↑Ucut - (↑Ucut + 1) / 2) = 1 / ↑Ucut * ↑Ucut - 1 / ↑Ucut * ((↑Ucut + 1) / 2)
error: Goldbach/BG_Identity.lean:1032:53: Application type mismatch: The argument
  hU0'
has type
  ↑Ucut ≠ 0
of sort `Prop` but is expected to have type
  ?m.666
of sort `Type ?u.104584` in the application
  inv_mul_cancel hU0'
error: Goldbach/BG_Identity.lean:1037:14: Type mismatch: After simplification, term
  hmul_sub
 has type
  True
but is expected to have type
  (↑H + ↑((H + 99) / 100))⁻¹ * (↑H + ↑((H + 99) / 100) - (↑H + ↑((H + 99) / 100) + 1) / 2) =
    1 - (↑H + ↑((H + 99) / 100) + 1) / 2 / (↑H + ↑((H + 99) / 100))
error: Goldbach/BG_Identity.lean:1048:14: Type mismatch: After simplification, term
  Eq.symm hsd
 has type
  (↑H + ↑((H + 99) / 100)) / (↑H + ↑((H + 99) / 100)) - (↑H + ↑((H + 99) / 100) + 1) / 2 / (↑H + ↑((H + 99) / 100)) =
    (↑H + ↑((H + 99) / 100) - (↑H + ↑((H + 99) / 100) + 1) / 2) / (↑H + ↑((H + 99) / 100))
but is expected to have type
  1 - (↑H + ↑((H + 99) / 100) + 1) / 2 / (↑H + ↑((H + 99) / 100)) =
    (↑H + ↑((H + 99) / 100) - (↑H + ↑((H + 99) / 100) + 1) / 2) / (↑H + ↑((H + 99) / 100))
warning: Goldbach/BG_Identity.lean:1052:14: try 'simp' instead of 'simpa'

Note: This linter can be disabled with `set_option linter.unnecessarySimpa false`
error: Goldbach/BG_Identity.lean:1059:16: maximum recursion depth has been reached
use `set_option maxRecDepth <num>` to increase limit
use `set_option diagnostics true` to get diagnostic information
warning: Goldbach/BG_Identity.lean:1063:16: try 'simp' instead of 'simpa'

Note: This linter can be disabled with `set_option linter.unnecessarySimpa false`
error: Goldbach/BG_Identity.lean:1074:46: unsolved goals
hEvenK : ∀ (z : ℤ), K_full (-z) = K_full z
hsplit : ∑ k ∈ bandU, K_full k = K_full 0 + 2 * ∑ k ∈ Finset.range Ucut, K_full (Int.ofNat k.succ)
hsum1 : ∑ x ∈ Finset.range Ucut, 1 = ↑Ucut
hsumk : ∑ k ∈ Finset.range Ucut, ↑k.succ = ↑Ucut * (↑Ucut + 1) / 2
hU0 : ↑Ucut ≠ 0
hbranch : ∀ k ∈ Finset.range Ucut, K_full (Int.ofNat k.succ) = (1 - ↑k.succ / ↑Ucut) / ↑Ucut
hU0' : ↑Ucut ≠ 0
hcancel : 1 / ↑Ucut * (↑Ucut * ((↑Ucut + 1) / 2)) = (↑Ucut + 1) / 2
hdist : 1 / ↑Ucut * (↑Ucut - (↑Ucut + 1) / 2) = 1 - (↑Ucut + 1) / 2 / ↑Ucut
hcombine : 1 - (↑Ucut + 1) / 2 / ↑Ucut = (↑Ucut - (↑Ucut + 1) / 2) / ↑Ucut
hadd_div : (↑Ucut + 1) / 2 = ↑Ucut / 2 + 1 / 2
this✝ : ↑Ucut - (↑Ucut + 1) / 2 = ↑Ucut - (↑Ucut / 2 + 1 / 2)
this : ↑Ucut - (↑Ucut / 2 + 1 / 2) = ↑Ucut - ↑Ucut / 2 - 1 / 2
⊢ 1 - 2⁻¹ = 2⁻¹ ∨ ↑H + ↑((H + 99) / 100) = 0
error: Goldbach/BG_Identity.lean:1076:14: maximum recursion depth has been reached
use `set_option maxRecDepth <num>` to increase limit
use `set_option diagnostics true` to get diagnostic information
error: Goldbach/BG_Identity.lean:1080:14: maximum recursion depth has been reached
use `set_option maxRecDepth <num>` to increase limit
use `set_option diagnostics true` to get diagnostic information
error: Goldbach/BG_Identity.lean:1086:12: maximum recursion depth has been reached
use `set_option maxRecDepth <num>` to increase limit
use `set_option diagnostics true` to get diagnostic information
error: Goldbach/BG_Identity.lean:1096:10: maximum recursion depth has been reached
use `set_option maxRecDepth <num>` to increase limit
use `set_option diagnostics true` to get diagnostic information
warning: Goldbach/BG_Identity.lean:1166:5: unused variable `h`

Note: This linter can be disabled with `set_option linter.unusedVariables false`
warning: Goldbach/BG_Identity.lean:1200:54: try 'simp' instead of 'simpa'

Note: This linter can be disabled with `set_option linter.unnecessarySimpa false`
warning: Goldbach/BG_Identity.lean:1188:10: This simp argument is unused:
  Pref_of

Hint: Omit it from the simp argument list.
  simp [P̵r̵e̵f̵_̵o̵f̵,̵ ̵hk]

Note: This linter can be disabled with `set_option linter.unusedSimpArgs false`
warning: Goldbach/BG_Identity.lean:1230:8: try 'simp' instead of 'simpa'

Note: This linter can be disabled with `set_option linter.unnecessarySimpa false`
warning: Goldbach/BG_Identity.lean:1231:6: try 'simp' instead of 'simpa'

Note: This linter can be disabled with `set_option linter.unnecessarySimpa false`
error: Goldbach/BG_Identity.lean:1295:16: maximum recursion depth has been reached
use `set_option maxRecDepth <num>` to increase limit
use `set_option diagnostics true` to get diagnostic information
error: Goldbach/BG_Identity.lean:1317:16: No goals to be solved
error: Goldbach/BG_Identity.lean:1329:4: maximum recursion depth has been reached
use `set_option maxRecDepth <num>` to increase limit
use `set_option diagnostics true` to get diagnostic information
error: Goldbach/BG_Identity.lean:1347:12: maximum recursion depth has been reached
use `set_option maxRecDepth <num>` to increase limit
use `set_option diagnostics true` to get diagnostic information
error: Goldbach/BG_Identity.lean:1353:12: maximum recursion depth has been reached
use `set_option maxRecDepth <num>` to increase limit
use `set_option diagnostics true` to get diagnostic information
error: Goldbach/BG_Identity.lean:1354:2: maximum recursion depth has been reached
use `set_option maxRecDepth <num>` to increase limit
use `set_option diagnostics true` to get diagnostic information
warning: Goldbach/BG_Identity.lean:1356:6: declaration uses 'sorry'
error: Goldbach/BG_Identity.lean:1402:21: maximum recursion depth has been reached
use `set_option maxRecDepth <num>` to increase limit
use `set_option diagnostics true` to get diagnostic information
warning: Goldbach/BG_Identity.lean:1430:28: unused variable `X`

Note: This linter can be disabled with `set_option linter.unusedVariables false`
warning: Goldbach/BG_Identity.lean:1430:30: unused variable `N`

Note: This linter can be disabled with `set_option linter.unusedVariables false`
warning: Goldbach/BG_Identity.lean:1431:28: unused variable `X`

Note: This linter can be disabled with `set_option linter.unusedVariables false`
warning: Goldbach/BG_Identity.lean:1431:30: unused variable `N`

Note: This linter can be disabled with `set_option linter.unusedVariables false`
error: Goldbach/BG_Identity.lean:1457:21: maximum recursion depth has been reached
use `set_option maxRecDepth <num>` to increase limit
use `set_option diagnostics true` to get diagnostic information
error: Lean exited with code 1
Some required targets logged failures:
- Goldbach.BG_Identity
error: build failed
⚠ [7587/7613] Replayed Goldbach.Compat
warning: Goldbach/Compat.lean:18:2: try 'simp' instead of 'simpa'

Note: This linter can be disabled with `set_option linter.unnecessarySimpa false`
warning: Goldbach/Compat.lean:24:40: unused variable `hb`

Note: This linter can be disabled with `set_option linter.unusedVariables false`
warning: Goldbach/Compat.lean:50:4: try 'simp' instead of 'simpa'

Note: This linter can be disabled with `set_option linter.unnecessarySimpa false`
⚠ [7590/7613] Replayed Goldbach.Windows
warning: Goldbach/Windows.lean:63:4: try 'simp' instead of 'simpa'

Note: This linter can be disabled with `set_option linter.unnecessarySimpa false`
warning: Goldbach/Windows.lean:68:2: try 'simp' instead of 'simpa'

Note: This linter can be disabled with `set_option linter.unnecessarySimpa false`
warning: Goldbach/Windows.lean:68:38: this tactic is never executed

Note: This linter can be disabled with `set_option linter.unreachableTactic false`
warning: Goldbach/Windows.lean:68:38: 'simpa using hmap' tactic does nothing

Note: This linter can be disabled with `set_option linter.unusedTactic false`
⚠ [7595/7613] Replayed Goldbach.AO_AssembleEnvelope
warning: Goldbach/AO_AssembleEnvelope.lean:67:20: try 'simp' instead of 'simpa'

Note: This linter can be disabled with `set_option linter.unnecessarySimpa false`
⚠ [7597/7613] Replayed Goldbach.AO_Major
warning: Goldbach/AO_Major.lean:21:13: unused variable `hX`

Note: This linter can be disabled with `set_option linter.unusedVariables false`
warning: Goldbach/AO_Major.lean:21:35: unused variable `hN`

Note: This linter can be disabled with `set_option linter.unusedVariables false`
warning: Goldbach/AO_Major.lean:25:24: This simp argument is unused:
  add_assoc

Hint: Omit it from the simp argument list.
  simp [Goldbach.AO_Major.errAO, Goldbach.AO_Major.weight_mass, Goldbach.AO_Core.errAO,
       ̵ ̵ ̵ ̵sub_eq_add_neg, add_a̵s̵s̵o̵c̵,̵ ̵a̵d̵d̵_̵left_comm, add_comm, mul_assoc]

Note: This linter can be disabled with `set_option linter.unusedSimpArgs false`
warning: Goldbach/AO_Major.lean:25:60: This simp argument is unused:
  mul_assoc

Hint: Omit it from the simp argument list.
  simp [Goldbach.AO_Major.errAO, Goldbach.AO_Major.weight_mass, Goldbach.AO_Core.errAO,
       ̵ ̵ ̵ ̵sub_eq_add_neg, add_assoc, add_left_comm, add_comm,̵ ̵m̵u̵l̵_̵a̵s̵s̵o̵c̵]

Note: This linter can be disabled with `set_option linter.unusedSimpArgs false`
warning: Goldbach/AO_Major.lean:46:5: unused variable `h`

Note: This linter can be disabled with `set_option linter.unusedVariables false`
warning: Goldbach/AO_Major.lean:58:24: This simp argument is unused:
  dif_pos

Hint: Omit it from the simp argument list.
  simp only [MPDF, win, d̵i̵f̵_̵p̵o̵s̵,̵ ̵mul_div_assoc']

Note: This linter can be disabled with `set_option linter.unusedSimpArgs false`
warning: Goldbach/AO_Major.lean:58:33: This simp argument is unused:
  mul_div_assoc'

Hint: Omit it from the simp argument list.
  simp only [MPDF, win, dif_pos,̵ ̵m̵u̵l̵_̵d̵i̵v̵_̵a̵s̵s̵o̵c̵'̵]

Note: This linter can be disabled with `set_option linter.unusedSimpArgs false`
warning: Goldbach/AO_Major.lean:81:69: try 'simp' instead of 'simpa'

Note: This linter can be disabled with `set_option linter.unnecessarySimpa false`
warning: Goldbach/AO_Major.lean:82:68: try 'simp' instead of 'simpa'

Note: This linter can be disabled with `set_option linter.unnecessarySimpa false`
warning: Goldbach/AO_Major.lean:83:68: try 'simp' instead of 'simpa'

Note: This linter can be disabled with `set_option linter.unnecessarySimpa false`
warning: Goldbach/AO_Major.lean:85:90: This simp argument is unused:
  add_assoc

Hint: Omit it from the simp argument list.
  simp [sub_eq_add_neg,̵ ̵a̵d̵d̵_̵a̵s̵s̵o̵c̵]

Note: This linter can be disabled with `set_option linter.unusedSimpArgs false`
warning: Goldbach/AO_Major.lean:101:24: This simp argument is unused:
  dif_pos

Hint: Omit it from the simp argument list.
  simp only [MPDF, win,̵ ̵d̵i̵f̵_̵p̵o̵s̵]

Note: This linter can be disabled with `set_option linter.unusedSimpArgs false`
⚠ [7599/7613] Replayed Goldbach.BG_Bank
warning: Goldbach/BG_Bank.lean:13:25: unused variable `n`

Note: This linter can be disabled with `set_option linter.unusedVariables false`
warning: Goldbach/BG_Bank.lean:75:4: try 'simp' instead of 'simpa'

Note: This linter can be disabled with `set_option linter.unnecessarySimpa false`
warning: Goldbach/BG_Bank.lean:75:25: this tactic is never executed

Note: This linter can be disabled with `set_option linter.unreachableTactic false`
warning: Goldbach/BG_Bank.lean:75:25: 'decide' tactic does nothing

Note: This linter can be disabled with `set_option linter.unusedTactic false`
warning: Goldbach/BG_Bank.lean:288:14: try 'simp' instead of 'simpa'

Note: This linter can be disabled with `set_option linter.unnecessarySimpa false`
warning: Goldbach/BG_Bank.lean:188:42: This simp argument is unused:
  Nat.cast_sub hn_le

Hint: Omit it from the simp argument list.
  simp only [Nat.cast_succ,̵ ̵N̵a̵t̵.̵c̵a̵s̵t̵_̵s̵u̵b̵ ̵h̵n̵_̵l̵e̵]

Note: This linter can be disabled with `set_option linter.unusedSimpArgs false`
warning: Goldbach/BG_Bank.lean:194:24: This simp argument is unused:
  abs_of_nonneg hlog_Nm_nn

Hint: Omit it from the simp argument list.
  simp [hp,̵ ̵a̵b̵s̵_̵o̵f̵_̵n̵o̵n̵n̵e̵g̵ ̵h̵l̵o̵g̵_̵N̵m̵_̵n̵n̵]

Note: This linter can be disabled with `set_option linter.unusedSimpArgs false`
warning: Goldbach/BG_Bank.lean:202:24: This simp argument is unused:
  abs_of_nonneg hlog_Np1_nn

Hint: Omit it from the simp argument list.
  simp [hp,̵ ̵a̵b̵s̵_̵o̵f̵_̵n̵o̵n̵n̵e̵g̵ ̵h̵l̵o̵g̵_̵N̵p̵1̵_̵n̵n̵]

Note: This linter can be disabled with `set_option linter.unusedSimpArgs false`
warning: Goldbach/BG_Bank.lean:218:46: This simp argument is unused:
  mul_comm

Hint: Omit it from the simp argument list.
  simp [abs_mul, mul_assoc, m̵u̵l̵_̵c̵o̵m̵m̵,̵ ̵mul_left_comm]

Note: This linter can be disabled with `set_option linter.unusedSimpArgs false`
warning: Goldbach/BG_Bank.lean:326:20: This simp argument is unused:
  hlogXabs

Hint: Omit it from the simp argument list.
  simp [h̵l̵o̵g̵X̵a̵b̵s̵,̵ ̵mul_comm, mul_left_comm, mul_assoc]

Note: This linter can be disabled with `set_option linter.unusedSimpArgs false`
warning: Goldbach/BG_Bank.lean:326:30: This simp argument is unused:
  mul_comm

Hint: Omit it from the simp argument list.
  simp [hlogXabs, m̵u̵l̵_̵c̵o̵m̵m̵,̵ ̵mul_left_comm, mul_assoc]

Note: This linter can be disabled with `set_option linter.unusedSimpArgs false`
warning: Goldbach/BG_Bank.lean:403:14: try 'simp' instead of 'simpa'

Note: This linter can be disabled with `set_option linter.unnecessarySimpa false`
warning: Goldbach/BG_Bank.lean:405:14: try 'simp' instead of 'simpa'

Note: This linter can be disabled with `set_option linter.unnecessarySimpa false`
warning: Goldbach/BG_Bank.lean:407:40: This simp argument is unused:
  add_comm

Hint: Omit it from the simp argument list.
  simp [div_self, hlogX_ne, add_c̵o̵m̵m̵,̵ ̵a̵d̵d̵_̵left_comm, add_assoc]

Note: This linter can be disabled with `set_option linter.unusedSimpArgs false`
warning: Goldbach/BG_Bank.lean:407:50: This simp argument is unused:
  add_left_comm

Hint: Omit it from the simp argument list.
  simp [div_self, hlogX_ne, add_comm, a̵d̵d̵_̵l̵e̵f̵t̵_̵c̵o̵m̵m̵,̵ ̵add_assoc]

Note: This linter can be disabled with `set_option linter.unusedSimpArgs false`
warning: Goldbach/BG_Bank.lean:407:65: This simp argument is unused:
  add_assoc

Hint: Omit it from the simp argument list.
  simp [div_self, hlogX_ne, add_comm, add_left_comm,̵ ̵a̵d̵d̵_̵a̵s̵s̵o̵c̵]

Note: This linter can be disabled with `set_option linter.unusedSimpArgs false`
warning: Goldbach/BG_Bank.lean:547:63: try 'simp' instead of 'simpa'

Note: This linter can be disabled with `set_option linter.unnecessarySimpa false`
warning: Goldbach/BG_Bank.lean:550:47: This simp argument is unused:
  add_comm

Hint: Omit it from the simp argument list.
  simp [add_div, div_self, hlogX_ne, add_c̵o̵m̵m̵,̵ ̵a̵d̵d̵_̵left_comm, add_assoc]

Note: This linter can be disabled with `set_option linter.unusedSimpArgs false`
warning: Goldbach/BG_Bank.lean:550:57: This simp argument is unused:
  add_left_comm

Hint: Omit it from the simp argument list.
  simp [add_div, div_self, hlogX_ne, add_comm, a̵d̵d̵_̵l̵e̵f̵t̵_̵c̵o̵m̵m̵,̵ ̵add_assoc]

Note: This linter can be disabled with `set_option linter.unusedSimpArgs false`
warning: Goldbach/BG_Bank.lean:550:72: This simp argument is unused:
  add_assoc

Hint: Omit it from the simp argument list.
  simp [add_div, div_self, hlogX_ne, add_comm, add_left_comm,̵ ̵a̵d̵d̵_̵a̵s̵s̵o̵c̵]

Note: This linter can be disabled with `set_option linter.unusedSimpArgs false`
warning: Goldbach/BG_Bank.lean:559:56: This simp argument is unused:
  add_left_comm

Hint: Omit it from the simp argument list.
  simp [c, Nat.cast_add, Nat.cast_one, add_assoc, a̵d̵d̵_̵l̵e̵f̵t̵_̵c̵o̵m̵m̵,̵ ̵add_comm, add_div, div_self hX0_ne]

Note: This linter can be disabled with `set_option linter.unusedSimpArgs false`
⚠ [7600/7613] Replayed Goldbach.BG_Operator
warning: Goldbach/BG_Operator.lean:31:2: try 'simp' instead of 'simpa'

Note: This linter can be disabled with `set_option linter.unnecessarySimpa false`
warning: Goldbach/BG_Operator.lean:98:2: try 'simp' instead of 'simpa'

Note: This linter can be disabled with `set_option linter.unnecessarySimpa false`
⚠ [7602/7613] Replayed Goldbach.SingularSeries
warning: Goldbach/SingularSeries.lean:40:5: unused variable `h`

Note: This linter can be disabled with `set_option linter.unusedVariables false`
warning: Goldbach/SingularSeries.lean:88:8: `Finset.eq_empty_iff_forall_not_mem` has been deprecated: Use `Finset.eq_empty_iff_forall_notMem` instead
warning: Goldbach/SingularSeries.lean:98:4: try 'simp' instead of 'simpa'

Note: This linter can be disabled with `set_option linter.unnecessarySimpa false`
warning: Goldbach/SingularSeries.lean:99:28: this tactic is never executed

Note: This linter can be disabled with `set_option linter.unreachableTactic false`
warning: Goldbach/SingularSeries.lean:99:57: this tactic is never executed

Note: This linter can be disabled with `set_option linter.unreachableTactic false`
warning: Goldbach/SingularSeries.lean:99:28: 'decide' tactic does nothing

Note: This linter can be disabled with `set_option linter.unusedTactic false`
warning: Goldbach/SingularSeries.lean:99:57: 'decide' tactic does nothing

Note: This linter can be disabled with `set_option linter.unusedTactic false`
⚠ [7604/7613] Replayed Goldbach.PPNumerics
warning: Goldbach/PPNumerics.lean:24:42: try 'simp' instead of 'simpa'

Note: This linter can be disabled with `set_option linter.unnecessarySimpa false`
warning: Goldbach/PPNumerics.lean:27:6: try 'simp' instead of 'simpa'

Note: This linter can be disabled with `set_option linter.unnecessarySimpa false`
⚠ [7605/7613] Replayed Goldbach.PPBoundSquares
warning: Goldbach/PPBoundSquares.lean:41:8: try 'simp' instead of 'simpa'

Note: This linter can be disabled with `set_option linter.unnecessarySimpa false`
warning: Goldbach/PPBoundSquares.lean:228:10: try 'simp' instead of 'simpa'

Note: This linter can be disabled with `set_option linter.unnecessarySimpa false`
⚠ [7607/7613] Replayed Goldbach.AnalyticGlobal
warning: Goldbach/AnalyticGlobal.lean:65:28: This simp argument is unused:
  one_div

Hint: Omit it from the simp argument list.
  simp [div_eq_mul_inv, o̵n̵e̵_̵d̵i̵v̵,̵ ̵mul_comm]

Note: This linter can be disabled with `set_option linter.unusedSimpArgs false`
warning: Goldbach/AnalyticGlobal.lean:68:30: This simp argument is unused:
  one_div

Hint: Omit it from the simp argument list.
  simp [div_eq_mul_inv, o̵n̵e̵_̵d̵i̵v̵,̵ ̵mul_comm]

Note: This linter can be disabled with `set_option linter.unusedSimpArgs false`
warning: Goldbach/AnalyticGlobal.lean:70:39: This simp argument is unused:
  mul_left_comm

Hint: Omit it from the simp argument list.
  simp [one_div, S_ne, mul_comm, mul_l̵e̵f̵t̵_̵c̵o̵m̵m̵,̵ ̵m̵u̵l̵_̵assoc]

Note: This linter can be disabled with `set_option linter.unusedSimpArgs false`
warning: Goldbach/AnalyticGlobal.lean:70:54: This simp argument is unused:
  mul_assoc

Hint: Omit it from the simp argument list.
  simp [one_div, S_ne, mul_comm, mul_left_comm,̵ ̵m̵u̵l̵_̵a̵s̵s̵o̵c̵]

Note: This linter can be disabled with `set_option linter.unusedSimpArgs false`
⚠ [7608/7613] Replayed Goldbach.BankPieces
warning: Goldbach/BankPieces.lean:15:63: `class ... :=` has been deprecated in favor of `class ... where`.

Note: This linter can be disabled with `set_option linter.deprecated false`
⚠ [7610/7613] Replayed Goldbach.Analytic.MajorBoundFromSigma
warning: Goldbach/Analytic/MajorBoundFromSigma.lean:21:75: `structure ... :=` has been deprecated in favor of `structure ... where`.

Note: This linter can be disabled with `set_option linter.deprecated false`
⚠ [7611/7613] Replayed Goldbach.Analytic.NumericSigma
warning: Goldbach/Analytic/NumericSigma.lean:23:32: unused variable `hX`

Note: This linter can be disabled with `set_option linter.unusedVariables false`
✖ [7613/7613] Building Goldbach.BG_Identity (77s)
trace: .> LEAN_PATH=/Users/benjaminnelson/Desktop/nerd shit/goldbach/builds/Goldbach/.lake/packages/Cli/.lake/build/lib/lean:/Users/benjaminnelson/Desktop/nerd shit/goldbach/builds/Goldbach/.lake/packages/batteries/.lake/build/lib/lean:/Users/benjaminnelson/Desktop/nerd shit/goldbach/builds/Goldbach/.lake/packages/Qq/.lake/build/lib/lean:/Users/benjaminnelson/Desktop/nerd shit/goldbach/builds/Goldbach/.lake/packages/aesop/.lake/build/lib/lean:/Users/benjaminnelson/Desktop/nerd shit/goldbach/builds/Goldbach/.lake/packages/proofwidgets/.lake/build/lib/lean:/Users/benjaminnelson/Desktop/nerd shit/goldbach/builds/Goldbach/.lake/packages/importGraph/.lake/build/lib/lean:/Users/benjaminnelson/Desktop/nerd shit/goldbach/builds/Goldbach/.lake/packages/LeanSearchClient/.lake/build/lib/lean:/Users/benjaminnelson/Desktop/nerd shit/goldbach/builds/Goldbach/.lake/packages/plausible/.lake/build/lib/lean:/Users/benjaminnelson/Desktop/nerd shit/goldbach/builds/Goldbach/.lake/packages/mathlib/.lake/build/lib/lean:/Users/benjaminnelson/Desktop/nerd shit/goldbach/builds/Goldbach/.lake/build/lib/lean /Users/benjaminnelson/.elan/toolchains/leanprover--lean4---v4.26.0-rc2/bin/lean /Users/benjaminnelson/Desktop/nerd shit/goldbach/builds/Goldbach/Goldbach/BG_Identity.lean -o /Users/benjaminnelson/Desktop/nerd shit/goldbach/builds/Goldbach/.lake/build/lib/lean/Goldbach/BG_Identity.olean -i /Users/benjaminnelson/Desktop/nerd shit/goldbach/builds/Goldbach/.lake/build/lib/lean/Goldbach/BG_Identity.ilean -c /Users/benjaminnelson/Desktop/nerd shit/goldbach/builds/Goldbach/.lake/build/ir/Goldbach/BG_Identity.c --setup /Users/benjaminnelson/Desktop/nerd shit/goldbach/builds/Goldbach/.lake/build/ir/Goldbach/BG_Identity.setup.json --json
warning: Goldbach/BG_Identity.lean:149:48: This simp argument is unused:
  add_comm

Hint: Omit it from the simp argument list.
  simp [Finset.sum_insert, hk, ih, mul_add, a̵d̵d̵_̵c̵o̵m̵m̵,̵ ̵add_left_comm, add_assoc, mul_comm, mul_left_comm,
  ̲  ̲ ̲ ̲ ̲ ̲ ̲ ̲mul_assoc]

Note: This linter can be disabled with `set_option linter.unusedSimpArgs false`
warning: Goldbach/BG_Identity.lean:149:58: This simp argument is unused:
  add_left_comm

Hint: Omit it from the simp argument list.
  simp [Finset.sum_insert, hk, ih, mul_add, add_comm, a̵d̵d̵_̵l̵e̵f̵t̵_̵c̵o̵m̵m̵,̵add_assoc, mul_comm, mul_left_comm,
  ̲  ̲ ̲ ̲ ̲ ̲ ̲ ̲mul_assoc]

Note: This linter can be disabled with `set_option linter.unusedSimpArgs false`
warning: Goldbach/BG_Identity.lean:150:12: This simp argument is unused:
  add_assoc

Hint: Omit it from the simp argument list.
  simp [Finset.sum_insert, hk, ih, mul_add, add_comm, add_left_comm, a̵d̵d̵_̵a̵s̵s̵o̵c̵,̵ ̵mul_comm, mul_left_comm,
  ̲  ̲ ̲ ̲ ̲ ̲ ̲ ̲mul_assoc]

Note: This linter can be disabled with `set_option linter.unusedSimpArgs false`
warning: Goldbach/BG_Identity.lean:150:23: This simp argument is unused:
  mul_comm

Hint: Omit it from the simp argument list.
  simp [Finset.sum_insert, hk, ih, mul_add, add_comm, add_left_comm, add_assoc, m̵u̵l̵_̵c̵o̵m̵m̵,̵ ̵mul_left_comm,
  ̲  ̲ ̲ ̲ ̲ ̲ ̲ ̲mul_assoc]

Note: This linter can be disabled with `set_option linter.unusedSimpArgs false`
warning: Goldbach/BG_Identity.lean:150:33: This simp argument is unused:
  mul_left_comm

Hint: Omit it from the simp argument list.
  simp [Finset.sum_insert, hk, ih, mul_add, add_comm, add_left_comm, add_assoc, mul_comm,
  ̲  ̲ ̲ ̲ ̲ ̲ ̲ ̲m̵u̵l̵_̵l̵e̵f̵t̵_̵c̵o̵m̵m̵,̵ ̵mul_assoc]

Note: This linter can be disabled with `set_option linter.unusedSimpArgs false`
warning: Goldbach/BG_Identity.lean:150:48: This simp argument is unused:
  mul_assoc

Hint: Omit it from the simp argument list.
  simp [Finset.sum_insert, hk, ih, mul_add, add_comm, add_left_comm, add_assoc, mul_comm,
  ̲  ̲ ̲ ̲ ̲ ̲ ̲ ̲m̵u̵l̵_̵l̵e̵f̵t̵_̵c̵o̵m̵m̵,̵ ̵m̵u̵l̵_̵a̵s̵s̵o̵c̵]̵m̲u̲l̲_̲l̲e̲f̲t̲_̲c̲o̲m̲m̲]̲

Note: This linter can be disabled with `set_option linter.unusedSimpArgs false`
error: Goldbach/BG_Identity.lean:219:15: Unknown constant `Int.natAbs_ofNat`
error: Goldbach/BG_Identity.lean:220:21: Unknown constant `Int.natAbs_ofNat`
error: Goldbach/BG_Identity.lean:197:76: unsolved goals
m : ℕ
hm : m ≤ Ucut
hnonneg : 0 ≤ 1 - ↑m / ↑Ucut
hmax : max (1 - ↑m / ↑Ucut) 0 = 1 - ↑m / ↑Ucut
hbranch : max (1 - ↑(Int.ofNat m).natAbs / ↑Ucut) 0 = 1 - ↑(Int.ofNat m).natAbs / ↑Ucut
⊢ max (1 - ↑m / (↑H + ↑((H + 99) / 100))) 0 / (↑H + ↑((H + 99) / 100)) =
    (1 - ↑m / (↑H + ↑((H + 99) / 100))) / (↑H + ↑((H + 99) / 100))
warning: Goldbach/BG_Identity.lean:204:12: This simp argument is unused:
  hU

Hint: Omit it from the simp argument list.
  simp [hU̵,̵ ̵h̵m0]

Note: This linter can be disabled with `set_option linter.unusedSimpArgs false`
warning: Goldbach/BG_Identity.lean:220:8: This simp argument is unused:
  hbranch

Hint: Omit it from the simp argument list.
  simp [h̵b̵r̵a̵n̵c̵h̵,̵ ̵Int.natAbs_ofNat]

Note: This linter can be disabled with `set_option linter.unusedSimpArgs false`
warning: Goldbach/BG_Identity.lean:246:10: This simp argument is unused:
  Finset.sum_insert

Hint: Omit it from the simp argument list.
  simp [̵F̵i̵n̵s̵e̵t̵.̵s̵u̵m̵_̵i̵n̵s̵e̵r̵t̵,̵ ̵h̵a̵,̵[̲h̲a̲,̲ ih, mul_add, add_comm, add_left_comm, add_assoc, mul_comm, mul_left_comm, mul_assoc]

Note: This linter can be disabled with `set_option linter.unusedSimpArgs false`
warning: Goldbach/BG_Identity.lean:246:33: This simp argument is unused:
  ih

Hint: Omit it from the simp argument list.
  simp [Finset.sum_insert, ha, i̵h̵,̵ ̵mul_add, add_comm, add_left_comm,
  ̵  ̵ ̵ ̵ ̵ ̵ ̵ ̵ ̵ ̵add_assoc, mul_comm,
  ̲  ̲ ̲ ̲ ̲ ̲mul_left_comm, mul_assoc]

Note: This linter can be disabled with `set_option linter.unusedSimpArgs false`
warning: Goldbach/BG_Identity.lean:246:56: This simp argument is unused:
  add_left_comm

Hint: Omit it from the simp argument list.
  simp [Finset.sum_insert, ha, ih, mul_add, add_comm, a̵d̵d̵_̵l̵e̵f̵t̵_̵c̵o̵m̵m̵,̵add_assoc, mul_comm, mul_left_comm,
  ̲  ̲ ̲ ̲ ̲ ̲mul_assoc]

Note: This linter can be disabled with `set_option linter.unusedSimpArgs false`
warning: Goldbach/BG_Identity.lean:247:10: This simp argument is unused:
  add_assoc

Hint: Omit it from the simp argument list.
  simp [Finset.sum_insert, ha, ih, mul_add, add_comm, add_left_comm, a̵d̵d̵_̵a̵s̵s̵o̵c̵,̵ ̵mul_comm, mul_left_comm,
  ̲  ̲ ̲ ̲ ̲ ̲mul_assoc]

Note: This linter can be disabled with `set_option linter.unusedSimpArgs false`
warning: Goldbach/BG_Identity.lean:247:31: This simp argument is unused:
  mul_left_comm

Hint: Omit it from the simp argument list.
  simp [Finset.sum_insert, ha, ih, mul_add, add_comm, add_left_comm, add_assoc, mul_comm,
  ̲  ̲ ̲ ̲ ̲ ̲m̵u̵l̵_̵l̵e̵f̵t̵_̵c̵o̵m̵m̵,̵ ̵mul_assoc]

Note: This linter can be disabled with `set_option linter.unusedSimpArgs false`
warning: Goldbach/BG_Identity.lean:247:46: This simp argument is unused:
  mul_assoc

Hint: Omit it from the simp argument list.
  simp [Finset.sum_insert, ha, ih, mul_add, add_comm, add_left_comm, add_assoc, mul_comm,
  ̲  ̲ ̲ ̲ ̲ ̲m̵u̵l̵_̵l̵e̵f̵t̵_̵c̵o̵m̵m̵,̵ ̵m̵u̵l̵_̵a̵s̵s̵o̵c̵]̵m̲u̲l̲_̲l̲e̲f̲t̲_̲c̲o̲m̲m̲]̲

Note: This linter can be disabled with `set_option linter.unusedSimpArgs false`
warning: Goldbach/BG_Identity.lean:278:10: try 'simp' instead of 'simpa'

Note: This linter can be disabled with `set_option linter.unnecessarySimpa false`
warning: Goldbach/BG_Identity.lean:285:10: try 'simp' instead of 'simpa'

Note: This linter can be disabled with `set_option linter.unnecessarySimpa false`
error: Goldbach/BG_Identity.lean:268:2: unsolved goals
case h.mpr
n : ℕ
z : ℤ
hz : z ∈ Finset.Icc (-↑n) ↑n
hI : -↑n ≤ z ∧ z ≤ ↑n
hz_ne_pos : z ≠ ↑n.succ
hz_ne_neg : z ≠ -↑n.succ
hzI' : z ∈ Finset.Icc (-↑n.succ) ↑n.succ
⊢ -1 < z + ↑n ∧ z < ↑n + 1
warning: Goldbach/BG_Identity.lean:292:10: This simp argument is unused:
  Finset.mem_erase

Hint: Omit it from the simp argument list.
  simp [F̵i̵n̵s̵e̵t̵.̵m̵e̵m̵_̵e̵r̵a̵s̵e̵,̵ ̵hz_ne_pos, hz_ne_neg, hzI']

Note: This linter can be disabled with `set_option linter.unusedSimpArgs false`
warning: Goldbach/BG_Identity.lean:292:28: This simp argument is unused:
  hz_ne_pos

Hint: Omit it from the simp argument list.
  simp [Finset.mem_erase, h̵z̵_̵n̵e̵_̵p̵o̵s̵,̵ ̵hz_ne_neg, hzI']

Note: This linter can be disabled with `set_option linter.unusedSimpArgs false`
warning: Goldbach/BG_Identity.lean:292:39: This simp argument is unused:
  hz_ne_neg

Hint: Omit it from the simp argument list.
  simp [Finset.mem_erase, hz_ne_pos, hz_̵n̵e̵_̵n̵e̵g̵,̵ ̵h̵z̵I']

Note: This linter can be disabled with `set_option linter.unusedSimpArgs false`
warning: Goldbach/BG_Identity.lean:292:50: This simp argument is unused:
  hzI'

Hint: Omit it from the simp argument list.
  simp [Finset.mem_erase, hz_ne_pos, hz_ne_neg,̵ ̵h̵z̵I̵'̵]

Note: This linter can be disabled with `set_option linter.unusedSimpArgs false`
error: Goldbach/BG_Identity.lean:340:8: Type mismatch: After simplification, term
  hstep2
 has type
  f (-↑n + -1) + ∑ x ∈ (s.erase (↑n + 1)).erase (-↑n + -1), f x = ∑ x ∈ s.erase (↑n + 1), f x
but is expected to have type
  ∑ x ∈ s.erase (↑n + 1), f x = f (-↑n + -1) + ∑ x ∈ (s.erase (↑n + 1)).erase (-↑n + -1), f x
warning: Goldbach/BG_Identity.lean:354:13: `Finset.range_succ` has been deprecated: Use `Finset.range_add_one` instead
warning: Goldbach/BG_Identity.lean:354:6: try 'simp' instead of 'simpa'

Note: This linter can be disabled with `set_option linter.unnecessarySimpa false`
warning: Goldbach/BG_Identity.lean:366:23: `Int.ofNat_eq_coe` has been deprecated: Use `Int.ofNat_eq_natCast` instead
error: Goldbach/BG_Identity.lean:369:12: Tactic `assumption` failed

f : ℤ → ℝ
hEven : ∀ (z : ℤ), f (-z) = f z
n : ℕ
ih : (Finset.Icc (-↑n) ↑n).sum f = f 0 + 2 * ∑ k ∈ Finset.range n, f (Int.ofNat k.succ)
s : Finset ℤ := Finset.Icc (-↑n.succ) ↑n.succ
s0 : Finset ℤ := s.erase ↑n.succ
s1 : Finset ℤ := s0.erase (-↑n.succ)
hmem_pos : ↑n.succ ∈ s
hmem_neg : -↑n.succ ∈ s
hmem_neg_s0 : -↑n.succ ∈ s0
hstep1 : ∑ x ∈ s.erase ↑n.succ, f x + f ↑n.succ = ∑ x ∈ s, f x
hstep2 : ∑ x ∈ s0.erase (-↑n.succ), f x + f (-↑n.succ) = ∑ x ∈ s0, f x
hs1 : s1 = Finset.Icc (-↑n) ↑n
this✝ : s.sum f = s1.sum f + f (-↑n.succ) + f ↑n.succ
hIH : (Finset.Icc (-↑n) ↑n).sum f = f 0 + 2 * ∑ k ∈ Finset.range n, f (Int.ofNat k.succ)
hrange :
  ∑ k ∈ Finset.range n.succ, f (Int.ofNat k.succ) = ∑ k ∈ Finset.range n, f (Int.ofNat k.succ) + f (Int.ofNat n.succ)
this : s.sum f = (Finset.Icc (-↑n) ↑n).sum f + f (↑n + 1) + f (-1 + -↑n)
⊢ ∑ x ∈ Finset.range n, f (↑x + 1) + f (↑n + 1) = ∑ x ∈ Finset.range (n + 1), f (↑x + 1)
error: Goldbach/BG_Identity.lean:393:6: Type mismatch: After simplification, term
  this
 has type
  True
but is expected to have type
  ↑n + 2 = ↑n + 1 + 1 ∨ ↑n + 1 = 0
error: Goldbach/BG_Identity.lean:378:2: unsolved goals
case succ
n : ℕ
ih : ∑ k ∈ Finset.range n, ↑k.succ = ↑n * (↑n + 1) / 2
h : ∑ x ∈ Finset.range (n + 1), ↑x.succ = ∑ x ∈ Finset.range n, ↑x.succ + ↑n.succ
h' : ∑ k ∈ Finset.range n.succ, ↑k.succ = ∑ k ∈ Finset.range n, ↑k.succ + ↑n.succ
h'' : ↑n * (↑n + 1) / 2 + ↑n.succ = ↑n.succ * (↑n.succ + 1) / 2
⊢ ∑ k ∈ Finset.range (n + 1), ↑k.succ = ↑(n + 1) * (↑(n + 1) + 1) / 2
error: Goldbach/BG_Identity.lean:394:2: No goals to be solved
error: Goldbach/BG_Identity.lean:399:76: Application type mismatch: The argument
  hU0
has type
  U ≠ 0
of sort `Prop` but is expected to have type
  ?m.61
of sort `Type ?u.7892` in the application
  inv_mul_cancel hU0
error: Goldbach/BG_Identity.lean:403:26: Tactic `assumption` failed

U : ℝ
hU0 : U ≠ 0
hcancel : 1 / U * U = 1
⊢ U⁻¹ * U * ((U + 1) / 2) = (U + 1) / 2
warning: Goldbach/BG_Identity.lean:418:44: try 'simp' instead of 'simpa'

Note: This linter can be disabled with `set_option linter.unnecessarySimpa false`
warning: Goldbach/BG_Identity.lean:421:50: This simp argument is unused:
  add_comm

Hint: Omit it from the simp argument list.
  simp [h₁, h₂, Finset.sum_insert, ha, mul_add, add_c̵o̵m̵m̵,̵ ̵a̵d̵d̵_̵left_comm, add_assoc]

Note: This linter can be disabled with `set_option linter.unusedSimpArgs false`
warning: Goldbach/BG_Identity.lean:421:60: This simp argument is unused:
  add_left_comm

Hint: Omit it from the simp argument list.
  simp [h₁, h₂, Finset.sum_insert, ha, mul_add, add_comm, a̵d̵d̵_̵l̵e̵f̵t̵_̵c̵o̵m̵m̵,̵ ̵add_assoc]

Note: This linter can be disabled with `set_option linter.unusedSimpArgs false`
warning: Goldbach/BG_Identity.lean:421:75: This simp argument is unused:
  add_assoc

Hint: Omit it from the simp argument list.
  simp [h₁, h₂, Finset.sum_insert, ha, mul_add, add_comm, add_left_comm,̵ ̵a̵d̵d̵_̵a̵s̵s̵o̵c̵]

Note: This linter can be disabled with `set_option linter.unusedSimpArgs false`
warning: Goldbach/BG_Identity.lean:430:46: This simp argument is unused:
  add_comm

Hint: Omit it from the simp argument list.
  simp [Finset.sum_insert, hb, ih, mul_add, add_c̵o̵m̵m̵,̵ ̵a̵d̵d̵_̵left_comm, add_assoc]

Note: This linter can be disabled with `set_option linter.unusedSimpArgs false`
warning: Goldbach/BG_Identity.lean:430:56: This simp argument is unused:
  add_left_comm

Hint: Omit it from the simp argument list.
  simp [Finset.sum_insert, hb, ih, mul_add, add_comm, a̵d̵d̵_̵l̵e̵f̵t̵_̵c̵o̵m̵m̵,̵ ̵add_assoc]

Note: This linter can be disabled with `set_option linter.unusedSimpArgs false`
warning: Goldbach/BG_Identity.lean:430:71: This simp argument is unused:
  add_assoc

Hint: Omit it from the simp argument list.
  simp [Finset.sum_insert, hb, ih, mul_add, add_comm, add_left_comm,̵ ̵a̵d̵d̵_̵a̵s̵s̵o̵c̵]

Note: This linter can be disabled with `set_option linter.unusedSimpArgs false`
warning: Goldbach/BG_Identity.lean:526:6: declaration uses 'sorry'
warning: Goldbach/BG_Identity.lean:548:4: try 'simp' instead of 'simpa'

Note: This linter can be disabled with `set_option linter.unnecessarySimpa false`
warning: Goldbach/BG_Identity.lean:571:25: try 'simp' instead of 'simpa'

Note: This linter can be disabled with `set_option linter.unnecessarySimpa false`
warning: Goldbach/BG_Identity.lean:614:6: declaration uses 'sorry'
warning: Goldbach/BG_Identity.lean:651:15: unused variable `hX`

Note: This linter can be disabled with `set_option linter.unusedVariables false`
warning: Goldbach/BG_Identity.lean:652:5: unused variable `hN`

Note: This linter can be disabled with `set_option linter.unusedVariables false`
warning: Goldbach/BG_Identity.lean:684:5: unused variable `hk`

Note: This linter can be disabled with `set_option linter.unusedVariables false`
warning: Goldbach/BG_Identity.lean:709:28: This simp argument is unused:
  hUpos.ne'

Hint: Omit it from the simp argument list.
  s̵i̵m̵p̵ ̵[̵K̵_̵f̵u̵l̵l̵,̵ ̵K̵_̵f̵u̵l̵l̵_̵r̵a̵w̵,̵ ̵h̵U̵p̵o̵s̵.̵n̵e̵'̵]̵ ̵a̵t̵ ̵*̵s̲i̲m̲p̲ ̲[̲K̲_̲f̲u̲l̲l̲,̲
  ̲ ̲ ̲ ̲ ̲K̲_̲f̲u̲l̲l̲_̲r̲a̲w̲]̲ ̲a̲t̲ ̲*̲
  ̲ ̲ ̲ ̲ ̲ ̲ ̲-̲-̲ ̲a̲f̲t̲e̲r̲ ̲s̲i̲m̲p̲,̲ ̲g̲o̲a̲l̲ ̲b̲e̲c̲o̲m̲e̲s̲ ̲`̲0̲ ̲<̲ ̲1̲ ̲/̲ ̲(̲U̲c̲u̲t̲:̲ℝ̲)̲`̲
  ̲ ̲ ̲ ̲ ̲ ̲ ̲

Note: This linter can be disabled with `set_option linter.unusedSimpArgs false`
warning: Goldbach/BG_Identity.lean:734:5: unused variable `h`

Note: This linter can be disabled with `set_option linter.unusedVariables false`
warning: Goldbach/BG_Identity.lean:741:5: unused variable `h`

Note: This linter can be disabled with `set_option linter.unusedVariables false`
warning: Goldbach/BG_Identity.lean:757:25: unused variable `X`

Note: This linter can be disabled with `set_option linter.unusedVariables false`
warning: Goldbach/BG_Identity.lean:757:27: unused variable `N`

Note: This linter can be disabled with `set_option linter.unusedVariables false`
warning: Goldbach/BG_Identity.lean:781:5: unused variable `h`

Note: This linter can be disabled with `set_option linter.unusedVariables false`
warning: Goldbach/BG_Identity.lean:807:8: try 'simp' instead of 'simpa'

Note: This linter can be disabled with `set_option linter.unnecessarySimpa false`
warning: Goldbach/BG_Identity.lean:808:6: try 'simp' instead of 'simpa'

Note: This linter can be disabled with `set_option linter.unnecessarySimpa false`
warning: Goldbach/BG_Identity.lean:837:34: unused variable `hk`

Note: This linter can be disabled with `set_option linter.unusedVariables false`
warning: Goldbach/BG_Identity.lean:841:35: unused variable `hk`

Note: This linter can be disabled with `set_option linter.unusedVariables false`
warning: Goldbach/BG_Identity.lean:942:6: declaration uses 'sorry'
error: Goldbach/BG_Identity.lean:996:12: maximum recursion depth has been reached
use `set_option maxRecDepth <num>` to increase limit
use `set_option diagnostics true` to get diagnostic information
error: Goldbach/BG_Identity.lean:1028:18: Type mismatch
  rfl
has type
  ?m.638 = ?m.638
but is expected to have type
  1 / ↑Ucut * (↑Ucut - (↑Ucut + 1) / 2) = 1 / ↑Ucut * ↑Ucut - 1 / ↑Ucut * ((↑Ucut + 1) / 2)
error: Goldbach/BG_Identity.lean:1032:53: Application type mismatch: The argument
  hU0'
has type
  ↑Ucut ≠ 0
of sort `Prop` but is expected to have type
  ?m.666
of sort `Type ?u.104584` in the application
  inv_mul_cancel hU0'
error: Goldbach/BG_Identity.lean:1037:14: Type mismatch: After simplification, term
  hmul_sub
 has type
  True
but is expected to have type
  (↑H + ↑((H + 99) / 100))⁻¹ * (↑H + ↑((H + 99) / 100) - (↑H + ↑((H + 99) / 100) + 1) / 2) =
    1 - (↑H + ↑((H + 99) / 100) + 1) / 2 / (↑H + ↑((H + 99) / 100))
error: Goldbach/BG_Identity.lean:1048:14: Type mismatch: After simplification, term
  Eq.symm hsd
 has type
  (↑H + ↑((H + 99) / 100)) / (↑H + ↑((H + 99) / 100)) - (↑H + ↑((H + 99) / 100) + 1) / 2 / (↑H + ↑((H + 99) / 100)) =
    (↑H + ↑((H + 99) / 100) - (↑H + ↑((H + 99) / 100) + 1) / 2) / (↑H + ↑((H + 99) / 100))
but is expected to have type
  1 - (↑H + ↑((H + 99) / 100) + 1) / 2 / (↑H + ↑((H + 99) / 100)) =
    (↑H + ↑((H + 99) / 100) - (↑H + ↑((H + 99) / 100) + 1) / 2) / (↑H + ↑((H + 99) / 100))
warning: Goldbach/BG_Identity.lean:1052:14: try 'simp' instead of 'simpa'

Note: This linter can be disabled with `set_option linter.unnecessarySimpa false`
error: Goldbach/BG_Identity.lean:1059:16: maximum recursion depth has been reached
use `set_option maxRecDepth <num>` to increase limit
use `set_option diagnostics true` to get diagnostic information
warning: Goldbach/BG_Identity.lean:1063:16: try 'simp' instead of 'simpa'

Note: This linter can be disabled with `set_option linter.unnecessarySimpa false`
error: Goldbach/BG_Identity.lean:1076:20: Tactic `assumption` failed

hEvenK : ∀ (z : ℤ), K_full (-z) = K_full z
hsplit : ∑ k ∈ bandU, K_full k = K_full 0 + 2 * ∑ k ∈ Finset.range Ucut, K_full (Int.ofNat k.succ)
hsum1 : ∑ x ∈ Finset.range Ucut, 1 = ↑Ucut
hsumk : ∑ k ∈ Finset.range Ucut, ↑k.succ = ↑Ucut * (↑Ucut + 1) / 2
hU0 : ↑Ucut ≠ 0
hbranch : ∀ k ∈ Finset.range Ucut, K_full (Int.ofNat k.succ) = (1 - ↑k.succ / ↑Ucut) / ↑Ucut
hU0' : ↑Ucut ≠ 0
hcancel : 1 / ↑Ucut * (↑Ucut * ((↑Ucut + 1) / 2)) = (↑Ucut + 1) / 2
hdist : 1 / ↑Ucut * (↑Ucut - (↑Ucut + 1) / 2) = 1 - (↑Ucut + 1) / 2 / ↑Ucut
hcombine : 1 - (↑Ucut + 1) / 2 / ↑Ucut = (↑Ucut - (↑Ucut + 1) / 2) / ↑Ucut
hadd_div : (↑Ucut + 1) / 2 = ↑Ucut / 2 + 1 / 2
this✝¹ : ↑Ucut - (↑Ucut + 1) / 2 = ↑Ucut - (↑Ucut / 2 + 1 / 2)
this✝ : ↑Ucut - (↑Ucut / 2 + 1 / 2) = ↑Ucut - ↑Ucut / 2 - 1 / 2
this : 1 - 2⁻¹ = 2⁻¹
⊢ 1 - 2⁻¹ = 2⁻¹ ∨ ↑H + ↑((H + 99) / 100) = 0
error: Goldbach/BG_Identity.lean:1078:14: maximum recursion depth has been reached
use `set_option maxRecDepth <num>` to increase limit
use `set_option diagnostics true` to get diagnostic information
error: Goldbach/BG_Identity.lean:1082:14: maximum recursion depth has been reached
use `set_option maxRecDepth <num>` to increase limit
use `set_option diagnostics true` to get diagnostic information
error: Goldbach/BG_Identity.lean:1088:12: maximum recursion depth has been reached
use `set_option maxRecDepth <num>` to increase limit
use `set_option diagnostics true` to get diagnostic information
error: Goldbach/BG_Identity.lean:1098:10: maximum recursion depth has been reached
use `set_option maxRecDepth <num>` to increase limit
use `set_option diagnostics true` to get diagnostic information
warning: Goldbach/BG_Identity.lean:1168:5: unused variable `h`

Note: This linter can be disabled with `set_option linter.unusedVariables false`
warning: Goldbach/BG_Identity.lean:1202:54: try 'simp' instead of 'simpa'

Note: This linter can be disabled with `set_option linter.unnecessarySimpa false`
warning: Goldbach/BG_Identity.lean:1190:10: This simp argument is unused:
  Pref_of

Hint: Omit it from the simp argument list.
  simp [P̵r̵e̵f̵_̵o̵f̵,̵ ̵hk]

Note: This linter can be disabled with `set_option linter.unusedSimpArgs false`
warning: Goldbach/BG_Identity.lean:1232:8: try 'simp' instead of 'simpa'

Note: This linter can be disabled with `set_option linter.unnecessarySimpa false`
warning: Goldbach/BG_Identity.lean:1233:6: try 'simp' instead of 'simpa'

Note: This linter can be disabled with `set_option linter.unnecessarySimpa false`
error: Goldbach/BG_Identity.lean:1297:16: maximum recursion depth has been reached
use `set_option maxRecDepth <num>` to increase limit
use `set_option diagnostics true` to get diagnostic information
error: Goldbach/BG_Identity.lean:1319:16: No goals to be solved
error: Goldbach/BG_Identity.lean:1331:4: maximum recursion depth has been reached
use `set_option maxRecDepth <num>` to increase limit
use `set_option diagnostics true` to get diagnostic information
error: Goldbach/BG_Identity.lean:1349:12: maximum recursion depth has been reached
use `set_option maxRecDepth <num>` to increase limit
use `set_option diagnostics true` to get diagnostic information
error: Goldbach/BG_Identity.lean:1355:12: maximum recursion depth has been reached
use `set_option maxRecDepth <num>` to increase limit
use `set_option diagnostics true` to get diagnostic information
error: Goldbach/BG_Identity.lean:1356:2: maximum recursion depth has been reached
use `set_option maxRecDepth <num>` to increase limit
use `set_option diagnostics true` to get diagnostic information
warning: Goldbach/BG_Identity.lean:1358:6: declaration uses 'sorry'
error: Goldbach/BG_Identity.lean:1404:21: maximum recursion depth has been reached
use `set_option maxRecDepth <num>` to increase limit
use `set_option diagnostics true` to get diagnostic information
warning: Goldbach/BG_Identity.lean:1432:28: unused variable `X`

Note: This linter can be disabled with `set_option linter.unusedVariables false`
warning: Goldbach/BG_Identity.lean:1432:30: unused variable `N`

Note: This linter can be disabled with `set_option linter.unusedVariables false`
warning: Goldbach/BG_Identity.lean:1433:28: unused variable `X`

Note: This linter can be disabled with `set_option linter.unusedVariables false`
warning: Goldbach/BG_Identity.lean:1433:30: unused variable `N`

Note: This linter can be disabled with `set_option linter.unusedVariables false`
error: Goldbach/BG_Identity.lean:1459:21: maximum recursion depth has been reached
use `set_option maxRecDepth <num>` to increase limit
use `set_option diagnostics true` to get diagnostic information
error: Lean exited with code 1
Some required targets logged failures:
- Goldbach.BG_Identity
error: build failed
